[2026-09-19T04:26:47.685+0200] {processor.py:186} INFO - Started process (PID=3699) to work on /Users/swarnalidatta/Desktop/AutoQueryChatbot/.airflow-venv/lib/python3.12/site-packages/airflow/example_dags/example_branch_labels.py
[2026-09-19T04:26:47.685+0200] {processor.py:914} INFO - Processing file /Users/swarnalidatta/Desktop/AutoQueryChatbot/.airflow-venv/lib/python3.12/site-packages/airflow/example_dags/example_branch_labels.py for tasks to queue
[2026-09-19T04:26:47.686+0200] {logging_mixin.py:190} INFO - [2026-09-19T04:26:47.686+0200] {dagbag.py:588} INFO - Filling up the DagBag from /Users/swarnalidatta/Desktop/AutoQueryChatbot/.airflow-venv/lib/python3.12/site-packages/airflow/example_dags/example_branch_labels.py
[2026-09-19T04:26:47.688+0200] {processor.py:925} INFO - DAG(s) 'example_branch_labels' retrieved from /Users/swarnalidatta/Desktop/AutoQueryChatbot/.airflow-venv/lib/python3.12/site-packages/airflow/example_dags/example_branch_labels.py
[2026-09-19T04:26:47.714+0200] {logging_mixin.py:190} INFO - [2026-09-19T04:26:47.714+0200] {dag.py:3239} INFO - Sync 1 DAGs
[2026-09-19T04:26:47.719+0200] {logging_mixin.py:190} INFO - [2026-09-19T04:26:47.719+0200] {dag.py:4180} INFO - Setting next_dagrun for example_branch_labels to 2026-09-18 00:00:00+00:00, run_after=2026-09-19 00:00:00+00:00
[2026-09-19T04:26:47.724+0200] {processor.py:208} INFO - Processing /Users/swarnalidatta/Desktop/AutoQueryChatbot/.airflow-venv/lib/python3.12/site-packages/airflow/example_dags/example_branch_labels.py took 0.040 seconds
[2026-09-19T08:35:30.800+0200] {processor.py:186} INFO - Started process (PID=4016) to work on /Users/swarnalidatta/Desktop/AutoQueryChatbot/.airflow-venv/lib/python3.12/site-packages/airflow/example_dags/example_branch_labels.py
[2026-09-19T08:35:30.801+0200] {processor.py:914} INFO - Processing file /Users/swarnalidatta/Desktop/AutoQueryChatbot/.airflow-venv/lib/python3.12/site-packages/airflow/example_dags/example_branch_labels.py for tasks to queue
[2026-09-19T08:35:30.801+0200] {logging_mixin.py:190} INFO - [2026-09-19T08:35:30.801+0200] {dagbag.py:588} INFO - Filling up the DagBag from /Users/swarnalidatta/Desktop/AutoQueryChatbot/.airflow-venv/lib/python3.12/site-packages/airflow/example_dags/example_branch_labels.py
[2026-09-19T08:35:30.804+0200] {processor.py:925} INFO - DAG(s) 'example_branch_labels' retrieved from /Users/swarnalidatta/Desktop/AutoQueryChatbot/.airflow-venv/lib/python3.12/site-packages/airflow/example_dags/example_branch_labels.py
[2026-09-19T08:35:30.829+0200] {logging_mixin.py:190} INFO - [2026-09-19T08:35:30.829+0200] {dag.py:3239} INFO - Sync 1 DAGs
[2026-09-19T08:35:30.834+0200] {logging_mixin.py:190} INFO - [2026-09-19T08:35:30.834+0200] {dag.py:4180} INFO - Setting next_dagrun for example_branch_labels to 2026-09-18 00:00:00+00:00, run_after=2026-09-19 00:00:00+00:00
[2026-09-19T08:35:30.839+0200] {processor.py:208} INFO - Processing /Users/swarnalidatta/Desktop/AutoQueryChatbot/.airflow-venv/lib/python3.12/site-packages/airflow/example_dags/example_branch_labels.py took 0.040 seconds
[2026-09-19T12:22:30.573+0200] {processor.py:186} INFO - Started process (PID=4316) to work on /Users/swarnalidatta/Desktop/AutoQueryChatbot/.airflow-venv/lib/python3.12/site-packages/airflow/example_dags/example_branch_labels.py
[2026-09-19T12:22:30.573+0200] {processor.py:914} INFO - Processing file /Users/swarnalidatta/Desktop/AutoQueryChatbot/.airflow-venv/lib/python3.12/site-packages/airflow/example_dags/example_branch_labels.py for tasks to queue
[2026-09-19T12:22:30.574+0200] {logging_mixin.py:190} INFO - [2026-09-19T12:22:30.573+0200] {dagbag.py:588} INFO - Filling up the DagBag from /Users/swarnalidatta/Desktop/AutoQueryChatbot/.airflow-venv/lib/python3.12/site-packages/airflow/example_dags/example_branch_labels.py
[2026-09-19T12:22:30.576+0200] {processor.py:925} INFO - DAG(s) 'example_branch_labels' retrieved from /Users/swarnalidatta/Desktop/AutoQueryChatbot/.airflow-venv/lib/python3.12/site-packages/airflow/example_dags/example_branch_labels.py
[2026-09-19T12:22:30.602+0200] {logging_mixin.py:190} INFO - [2026-09-19T12:22:30.602+0200] {dag.py:3239} INFO - Sync 1 DAGs
[2026-09-19T12:22:30.607+0200] {logging_mixin.py:190} INFO - [2026-09-19T12:22:30.606+0200] {dag.py:4180} INFO - Setting next_dagrun for example_branch_labels to 2026-09-18 00:00:00+00:00, run_after=2026-09-19 00:00:00+00:00
[2026-09-19T12:22:30.611+0200] {processor.py:208} INFO - Processing /Users/swarnalidatta/Desktop/AutoQueryChatbot/.airflow-venv/lib/python3.12/site-packages/airflow/example_dags/example_branch_labels.py took 0.040 seconds
[2026-09-19T15:28:40.317+0200] {processor.py:186} INFO - Started process (PID=4608) to work on /Users/swarnalidatta/Desktop/AutoQueryChatbot/.airflow-venv/lib/python3.12/site-packages/airflow/example_dags/example_branch_labels.py
[2026-09-19T15:28:40.318+0200] {processor.py:914} INFO - Processing file /Users/swarnalidatta/Desktop/AutoQueryChatbot/.airflow-venv/lib/python3.12/site-packages/airflow/example_dags/example_branch_labels.py for tasks to queue
[2026-09-19T15:28:40.318+0200] {logging_mixin.py:190} INFO - [2026-09-19T15:28:40.318+0200] {dagbag.py:588} INFO - Filling up the DagBag from /Users/swarnalidatta/Desktop/AutoQueryChatbot/.airflow-venv/lib/python3.12/site-packages/airflow/example_dags/example_branch_labels.py
[2026-09-19T15:28:40.321+0200] {processor.py:925} INFO - DAG(s) 'example_branch_labels' retrieved from /Users/swarnalidatta/Desktop/AutoQueryChatbot/.airflow-venv/lib/python3.12/site-packages/airflow/example_dags/example_branch_labels.py
[2026-09-19T15:28:40.346+0200] {logging_mixin.py:190} INFO - [2026-09-19T15:28:40.346+0200] {dag.py:3239} INFO - Sync 1 DAGs
[2026-09-19T15:28:40.351+0200] {logging_mixin.py:190} INFO - [2026-09-19T15:28:40.351+0200] {dag.py:4180} INFO - Setting next_dagrun for example_branch_labels to 2026-09-18 00:00:00+00:00, run_after=2026-09-19 00:00:00+00:00
[2026-09-19T15:28:40.356+0200] {processor.py:208} INFO - Processing /Users/swarnalidatta/Desktop/AutoQueryChatbot/.airflow-venv/lib/python3.12/site-packages/airflow/example_dags/example_branch_labels.py took 0.040 seconds
[2026-09-19T18:12:03.438+0200] {processor.py:186} INFO - Started process (PID=5097) to work on /Users/swarnalidatta/Desktop/AutoQueryChatbot/.airflow-venv/lib/python3.12/site-packages/airflow/example_dags/example_branch_labels.py
[2026-09-19T18:12:03.439+0200] {processor.py:914} INFO - Processing file /Users/swarnalidatta/Desktop/AutoQueryChatbot/.airflow-venv/lib/python3.12/site-packages/airflow/example_dags/example_branch_labels.py for tasks to queue
[2026-09-19T18:12:03.439+0200] {logging_mixin.py:190} INFO - [2026-09-19T18:12:03.439+0200] {dagbag.py:588} INFO - Filling up the DagBag from /Users/swarnalidatta/Desktop/AutoQueryChatbot/.airflow-venv/lib/python3.12/site-packages/airflow/example_dags/example_branch_labels.py
[2026-09-19T18:12:03.442+0200] {processor.py:925} INFO - DAG(s) 'example_branch_labels' retrieved from /Users/swarnalidatta/Desktop/AutoQueryChatbot/.airflow-venv/lib/python3.12/site-packages/airflow/example_dags/example_branch_labels.py
[2026-09-19T18:12:03.468+0200] {logging_mixin.py:190} INFO - [2026-09-19T18:12:03.468+0200] {dag.py:3239} INFO - Sync 1 DAGs
[2026-09-19T18:12:03.472+0200] {logging_mixin.py:190} INFO - [2026-09-19T18:12:03.472+0200] {dag.py:4180} INFO - Setting next_dagrun for example_branch_labels to 2026-09-18 00:00:00+00:00, run_after=2026-09-19 00:00:00+00:00
[2026-09-19T18:12:03.477+0200] {processor.py:208} INFO - Processing /Users/swarnalidatta/Desktop/AutoQueryChatbot/.airflow-venv/lib/python3.12/site-packages/airflow/example_dags/example_branch_labels.py took 0.040 seconds
[2026-09-19T22:32:40.137+0200] {processor.py:186} INFO - Started process (PID=5420) to work on /Users/swarnalidatta/Desktop/AutoQueryChatbot/.airflow-venv/lib/python3.12/site-packages/airflow/example_dags/example_branch_labels.py
[2026-09-19T22:32:40.137+0200] {processor.py:914} INFO - Processing file /Users/swarnalidatta/Desktop/AutoQueryChatbot/.airflow-venv/lib/python3.12/site-packages/airflow/example_dags/example_branch_labels.py for tasks to queue
[2026-09-19T22:32:40.138+0200] {logging_mixin.py:190} INFO - [2026-09-19T22:32:40.138+0200] {dagbag.py:588} INFO - Filling up the DagBag from /Users/swarnalidatta/Desktop/AutoQueryChatbot/.airflow-venv/lib/python3.12/site-packages/airflow/example_dags/example_branch_labels.py
[2026-09-19T22:32:40.140+0200] {processor.py:925} INFO - DAG(s) 'example_branch_labels' retrieved from /Users/swarnalidatta/Desktop/AutoQueryChatbot/.airflow-venv/lib/python3.12/site-packages/airflow/example_dags/example_branch_labels.py
[2026-09-19T22:32:40.166+0200] {logging_mixin.py:190} INFO - [2026-09-19T22:32:40.166+0200] {dag.py:3239} INFO - Sync 1 DAGs
[2026-09-19T22:32:40.170+0200] {logging_mixin.py:190} INFO - [2026-09-19T22:32:40.170+0200] {dag.py:4180} INFO - Setting next_dagrun for example_branch_labels to 2026-09-18 00:00:00+00:00, run_after=2026-09-19 00:00:00+00:00
[2026-09-19T22:32:40.175+0200] {processor.py:208} INFO - Processing /Users/swarnalidatta/Desktop/AutoQueryChatbot/.airflow-venv/lib/python3.12/site-packages/airflow/example_dags/example_branch_labels.py took 0.039 seconds
