[2026-09-19T02:07:06.061+0200] {processor.py:186} INFO - Started process (PID=3554) to work on /Users/swarnalidatta/Desktop/AutoQueryChatbot/.airflow-venv/lib/python3.12/site-packages/airflow/example_dags/example_short_circuit_operator.py
[2026-09-19T02:07:06.062+0200] {processor.py:914} INFO - Processing file /Users/swarnalidatta/Desktop/AutoQueryChatbot/.airflow-venv/lib/python3.12/site-packages/airflow/example_dags/example_short_circuit_operator.py for tasks to queue
[2026-09-19T02:07:06.062+0200] {logging_mixin.py:190} INFO - [2026-09-19T02:07:06.062+0200] {dagbag.py:588} INFO - Filling up the DagBag from /Users/swarnalidatta/Desktop/AutoQueryChatbot/.airflow-venv/lib/python3.12/site-packages/airflow/example_dags/example_short_circuit_operator.py
[2026-09-19T02:07:06.071+0200] {processor.py:925} INFO - DAG(s) 'example_short_circuit_operator' retrieved from /Users/swarnalidatta/Desktop/AutoQueryChatbot/.airflow-venv/lib/python3.12/site-packages/airflow/example_dags/example_short_circuit_operator.py
[2026-09-19T02:07:06.096+0200] {logging_mixin.py:190} INFO - [2026-09-19T02:07:06.096+0200] {dag.py:3239} INFO - Sync 1 DAGs
[2026-09-19T02:07:06.119+0200] {logging_mixin.py:190} INFO - [2026-09-19T02:07:06.119+0200] {dag.py:4180} INFO - Setting next_dagrun for example_short_circuit_operator to None, run_after=None
[2026-09-19T02:07:06.124+0200] {processor.py:208} INFO - Processing /Users/swarnalidatta/Desktop/AutoQueryChatbot/.airflow-venv/lib/python3.12/site-packages/airflow/example_dags/example_short_circuit_operator.py took 0.063 seconds
[2026-09-19T06:21:57.219+0200] {processor.py:186} INFO - Started process (PID=3840) to work on /Users/swarnalidatta/Desktop/AutoQueryChatbot/.airflow-venv/lib/python3.12/site-packages/airflow/example_dags/example_short_circuit_operator.py
[2026-09-19T06:21:57.220+0200] {processor.py:914} INFO - Processing file /Users/swarnalidatta/Desktop/AutoQueryChatbot/.airflow-venv/lib/python3.12/site-packages/airflow/example_dags/example_short_circuit_operator.py for tasks to queue
[2026-09-19T06:21:57.220+0200] {logging_mixin.py:190} INFO - [2026-09-19T06:21:57.220+0200] {dagbag.py:588} INFO - Filling up the DagBag from /Users/swarnalidatta/Desktop/AutoQueryChatbot/.airflow-venv/lib/python3.12/site-packages/airflow/example_dags/example_short_circuit_operator.py
[2026-09-19T06:21:57.231+0200] {processor.py:925} INFO - DAG(s) 'example_short_circuit_operator' retrieved from /Users/swarnalidatta/Desktop/AutoQueryChatbot/.airflow-venv/lib/python3.12/site-packages/airflow/example_dags/example_short_circuit_operator.py
[2026-09-19T06:21:57.263+0200] {logging_mixin.py:190} INFO - [2026-09-19T06:21:57.263+0200] {dag.py:3239} INFO - Sync 1 DAGs
[2026-09-19T06:21:57.296+0200] {logging_mixin.py:190} INFO - [2026-09-19T06:21:57.296+0200] {dag.py:4180} INFO - Setting next_dagrun for example_short_circuit_operator to None, run_after=None
[2026-09-19T06:21:57.302+0200] {processor.py:208} INFO - Processing /Users/swarnalidatta/Desktop/AutoQueryChatbot/.airflow-venv/lib/python3.12/site-packages/airflow/example_dags/example_short_circuit_operator.py took 0.085 seconds
[2026-09-19T10:37:22.496+0200] {processor.py:186} INFO - Started process (PID=4157) to work on /Users/swarnalidatta/Desktop/AutoQueryChatbot/.airflow-venv/lib/python3.12/site-packages/airflow/example_dags/example_short_circuit_operator.py
[2026-09-19T10:37:22.497+0200] {processor.py:914} INFO - Processing file /Users/swarnalidatta/Desktop/AutoQueryChatbot/.airflow-venv/lib/python3.12/site-packages/airflow/example_dags/example_short_circuit_operator.py for tasks to queue
[2026-09-19T10:37:22.497+0200] {logging_mixin.py:190} INFO - [2026-09-19T10:37:22.497+0200] {dagbag.py:588} INFO - Filling up the DagBag from /Users/swarnalidatta/Desktop/AutoQueryChatbot/.airflow-venv/lib/python3.12/site-packages/airflow/example_dags/example_short_circuit_operator.py
[2026-09-19T10:37:22.506+0200] {processor.py:925} INFO - DAG(s) 'example_short_circuit_operator' retrieved from /Users/swarnalidatta/Desktop/AutoQueryChatbot/.airflow-venv/lib/python3.12/site-packages/airflow/example_dags/example_short_circuit_operator.py
[2026-09-19T10:37:22.532+0200] {logging_mixin.py:190} INFO - [2026-09-19T10:37:22.531+0200] {dag.py:3239} INFO - Sync 1 DAGs
[2026-09-19T10:37:22.556+0200] {logging_mixin.py:190} INFO - [2026-09-19T10:37:22.556+0200] {dag.py:4180} INFO - Setting next_dagrun for example_short_circuit_operator to None, run_after=None
[2026-09-19T10:37:22.561+0200] {processor.py:208} INFO - Processing /Users/swarnalidatta/Desktop/AutoQueryChatbot/.airflow-venv/lib/python3.12/site-packages/airflow/example_dags/example_short_circuit_operator.py took 0.066 seconds
[2026-09-19T14:00:56.691+0200] {processor.py:186} INFO - Started process (PID=4453) to work on /Users/swarnalidatta/Desktop/AutoQueryChatbot/.airflow-venv/lib/python3.12/site-packages/airflow/example_dags/example_short_circuit_operator.py
[2026-09-19T14:00:56.691+0200] {processor.py:914} INFO - Processing file /Users/swarnalidatta/Desktop/AutoQueryChatbot/.airflow-venv/lib/python3.12/site-packages/airflow/example_dags/example_short_circuit_operator.py for tasks to queue
[2026-09-19T14:00:56.692+0200] {logging_mixin.py:190} INFO - [2026-09-19T14:00:56.692+0200] {dagbag.py:588} INFO - Filling up the DagBag from /Users/swarnalidatta/Desktop/AutoQueryChatbot/.airflow-venv/lib/python3.12/site-packages/airflow/example_dags/example_short_circuit_operator.py
[2026-09-19T14:00:56.701+0200] {processor.py:925} INFO - DAG(s) 'example_short_circuit_operator' retrieved from /Users/swarnalidatta/Desktop/AutoQueryChatbot/.airflow-venv/lib/python3.12/site-packages/airflow/example_dags/example_short_circuit_operator.py
[2026-09-19T14:00:56.726+0200] {logging_mixin.py:190} INFO - [2026-09-19T14:00:56.726+0200] {dag.py:3239} INFO - Sync 1 DAGs
[2026-09-19T14:00:56.749+0200] {logging_mixin.py:190} INFO - [2026-09-19T14:00:56.748+0200] {dag.py:4180} INFO - Setting next_dagrun for example_short_circuit_operator to None, run_after=None
[2026-09-19T14:00:56.754+0200] {processor.py:208} INFO - Processing /Users/swarnalidatta/Desktop/AutoQueryChatbot/.airflow-venv/lib/python3.12/site-packages/airflow/example_dags/example_short_circuit_operator.py took 0.064 seconds
[2026-09-19T15:58:00.467+0200] {processor.py:186} INFO - Started process (PID=4719) to work on /Users/swarnalidatta/Desktop/AutoQueryChatbot/.airflow-venv/lib/python3.12/site-packages/airflow/example_dags/example_short_circuit_operator.py
[2026-09-19T15:58:00.467+0200] {processor.py:914} INFO - Processing file /Users/swarnalidatta/Desktop/AutoQueryChatbot/.airflow-venv/lib/python3.12/site-packages/airflow/example_dags/example_short_circuit_operator.py for tasks to queue
[2026-09-19T15:58:00.467+0200] {logging_mixin.py:190} INFO - [2026-09-19T15:58:00.467+0200] {dagbag.py:588} INFO - Filling up the DagBag from /Users/swarnalidatta/Desktop/AutoQueryChatbot/.airflow-venv/lib/python3.12/site-packages/airflow/example_dags/example_short_circuit_operator.py
[2026-09-19T15:58:00.476+0200] {processor.py:925} INFO - DAG(s) 'example_short_circuit_operator' retrieved from /Users/swarnalidatta/Desktop/AutoQueryChatbot/.airflow-venv/lib/python3.12/site-packages/airflow/example_dags/example_short_circuit_operator.py
[2026-09-19T15:58:00.501+0200] {logging_mixin.py:190} INFO - [2026-09-19T15:58:00.501+0200] {dag.py:3239} INFO - Sync 1 DAGs
[2026-09-19T15:58:00.524+0200] {logging_mixin.py:190} INFO - [2026-09-19T15:58:00.524+0200] {dag.py:4180} INFO - Setting next_dagrun for example_short_circuit_operator to None, run_after=None
[2026-09-19T15:58:00.529+0200] {processor.py:208} INFO - Processing /Users/swarnalidatta/Desktop/AutoQueryChatbot/.airflow-venv/lib/python3.12/site-packages/airflow/example_dags/example_short_circuit_operator.py took 0.064 seconds
[2026-09-19T17:10:57.303+0200] {processor.py:186} INFO - Started process (PID=4961) to work on /Users/swarnalidatta/Desktop/AutoQueryChatbot/.airflow-venv/lib/python3.12/site-packages/airflow/example_dags/example_short_circuit_operator.py
[2026-09-19T17:10:57.303+0200] {processor.py:914} INFO - Processing file /Users/swarnalidatta/Desktop/AutoQueryChatbot/.airflow-venv/lib/python3.12/site-packages/airflow/example_dags/example_short_circuit_operator.py for tasks to queue
[2026-09-19T17:10:57.303+0200] {logging_mixin.py:190} INFO - [2026-09-19T17:10:57.303+0200] {dagbag.py:588} INFO - Filling up the DagBag from /Users/swarnalidatta/Desktop/AutoQueryChatbot/.airflow-venv/lib/python3.12/site-packages/airflow/example_dags/example_short_circuit_operator.py
[2026-09-19T17:10:57.313+0200] {processor.py:925} INFO - DAG(s) 'example_short_circuit_operator' retrieved from /Users/swarnalidatta/Desktop/AutoQueryChatbot/.airflow-venv/lib/python3.12/site-packages/airflow/example_dags/example_short_circuit_operator.py
[2026-09-19T17:10:57.338+0200] {logging_mixin.py:190} INFO - [2026-09-19T17:10:57.338+0200] {dag.py:3239} INFO - Sync 1 DAGs
[2026-09-19T17:10:57.363+0200] {logging_mixin.py:190} INFO - [2026-09-19T17:10:57.363+0200] {dag.py:4180} INFO - Setting next_dagrun for example_short_circuit_operator to None, run_after=None
[2026-09-19T17:10:57.368+0200] {processor.py:208} INFO - Processing /Users/swarnalidatta/Desktop/AutoQueryChatbot/.airflow-venv/lib/python3.12/site-packages/airflow/example_dags/example_short_circuit_operator.py took 0.067 seconds
[2026-09-19T20:31:58.859+0200] {processor.py:186} INFO - Started process (PID=5255) to work on /Users/swarnalidatta/Desktop/AutoQueryChatbot/.airflow-venv/lib/python3.12/site-packages/airflow/example_dags/example_short_circuit_operator.py
[2026-09-19T20:31:58.860+0200] {processor.py:914} INFO - Processing file /Users/swarnalidatta/Desktop/AutoQueryChatbot/.airflow-venv/lib/python3.12/site-packages/airflow/example_dags/example_short_circuit_operator.py for tasks to queue
[2026-09-19T20:31:58.860+0200] {logging_mixin.py:190} INFO - [2026-09-19T20:31:58.860+0200] {dagbag.py:588} INFO - Filling up the DagBag from /Users/swarnalidatta/Desktop/AutoQueryChatbot/.airflow-venv/lib/python3.12/site-packages/airflow/example_dags/example_short_circuit_operator.py
[2026-09-19T20:31:58.876+0200] {processor.py:925} INFO - DAG(s) 'example_short_circuit_operator' retrieved from /Users/swarnalidatta/Desktop/AutoQueryChatbot/.airflow-venv/lib/python3.12/site-packages/airflow/example_dags/example_short_circuit_operator.py
[2026-09-19T20:31:58.909+0200] {logging_mixin.py:190} INFO - [2026-09-19T20:31:58.909+0200] {dag.py:3239} INFO - Sync 1 DAGs
[2026-09-19T20:31:58.941+0200] {logging_mixin.py:190} INFO - [2026-09-19T20:31:58.941+0200] {dag.py:4180} INFO - Setting next_dagrun for example_short_circuit_operator to None, run_after=None
[2026-09-19T20:31:58.946+0200] {processor.py:208} INFO - Processing /Users/swarnalidatta/Desktop/AutoQueryChatbot/.airflow-venv/lib/python3.12/site-packages/airflow/example_dags/example_short_circuit_operator.py took 0.090 seconds
[2026-09-20T00:00:08.270+0200] {processor.py:186} INFO - Started process (PID=5555) to work on /Users/swarnalidatta/Desktop/AutoQueryChatbot/.airflow-venv/lib/python3.12/site-packages/airflow/example_dags/example_short_circuit_operator.py
[2026-09-20T00:00:08.270+0200] {processor.py:914} INFO - Processing file /Users/swarnalidatta/Desktop/AutoQueryChatbot/.airflow-venv/lib/python3.12/site-packages/airflow/example_dags/example_short_circuit_operator.py for tasks to queue
[2026-09-20T00:00:08.271+0200] {logging_mixin.py:190} INFO - [2026-09-20T00:00:08.271+0200] {dagbag.py:588} INFO - Filling up the DagBag from /Users/swarnalidatta/Desktop/AutoQueryChatbot/.airflow-venv/lib/python3.12/site-packages/airflow/example_dags/example_short_circuit_operator.py
[2026-09-20T00:00:08.280+0200] {processor.py:925} INFO - DAG(s) 'example_short_circuit_operator' retrieved from /Users/swarnalidatta/Desktop/AutoQueryChatbot/.airflow-venv/lib/python3.12/site-packages/airflow/example_dags/example_short_circuit_operator.py
[2026-09-20T00:00:08.305+0200] {logging_mixin.py:190} INFO - [2026-09-20T00:00:08.305+0200] {dag.py:3239} INFO - Sync 1 DAGs
[2026-09-20T00:00:08.329+0200] {logging_mixin.py:190} INFO - [2026-09-20T00:00:08.329+0200] {dag.py:4180} INFO - Setting next_dagrun for example_short_circuit_operator to None, run_after=None
[2026-09-20T00:00:08.334+0200] {processor.py:208} INFO - Processing /Users/swarnalidatta/Desktop/AutoQueryChatbot/.airflow-venv/lib/python3.12/site-packages/airflow/example_dags/example_short_circuit_operator.py took 0.065 seconds
