[2026-09-19T04:44:33.834+0200] {processor.py:186} INFO - Started process (PID=3712) to work on /Users/swarnalidatta/Desktop/AutoQueryChatbot/.airflow-venv/lib/python3.12/site-packages/airflow/example_dags/example_branch_datetime_operator.py
[2026-09-19T04:44:33.835+0200] {processor.py:914} INFO - Processing file /Users/swarnalidatta/Desktop/AutoQueryChatbot/.airflow-venv/lib/python3.12/site-packages/airflow/example_dags/example_branch_datetime_operator.py for tasks to queue
[2026-09-19T04:44:33.835+0200] {logging_mixin.py:190} INFO - [2026-09-19T04:44:33.835+0200] {dagbag.py:588} INFO - Filling up the DagBag from /Users/swarnalidatta/Desktop/AutoQueryChatbot/.airflow-venv/lib/python3.12/site-packages/airflow/example_dags/example_branch_datetime_operator.py
[2026-09-19T04:44:33.839+0200] {processor.py:925} INFO - DAG(s) 'example_branch_datetime_operator_3', 'example_branch_datetime_operator', 'example_branch_datetime_operator_2' retrieved from /Users/swarnalidatta/Desktop/AutoQueryChatbot/.airflow-venv/lib/python3.12/site-packages/airflow/example_dags/example_branch_datetime_operator.py
[2026-09-19T04:44:33.865+0200] {logging_mixin.py:190} INFO - [2026-09-19T04:44:33.865+0200] {dag.py:3239} INFO - Sync 3 DAGs
[2026-09-19T04:44:33.870+0200] {logging_mixin.py:190} INFO - [2026-09-19T04:44:33.870+0200] {dag.py:4180} INFO - Setting next_dagrun for example_branch_datetime_operator to 2026-09-18 00:00:00+00:00, run_after=2026-09-19 00:00:00+00:00
[2026-09-19T04:44:33.871+0200] {logging_mixin.py:190} INFO - [2026-09-19T04:44:33.871+0200] {dag.py:4180} INFO - Setting next_dagrun for example_branch_datetime_operator_2 to 2026-09-18 00:00:00+00:00, run_after=2026-09-19 00:00:00+00:00
[2026-09-19T04:44:33.872+0200] {logging_mixin.py:190} INFO - [2026-09-19T04:44:33.872+0200] {dag.py:4180} INFO - Setting next_dagrun for example_branch_datetime_operator_3 to 2026-09-18 00:00:00+00:00, run_after=2026-09-19 00:00:00+00:00
[2026-09-19T04:44:33.896+0200] {processor.py:208} INFO - Processing /Users/swarnalidatta/Desktop/AutoQueryChatbot/.airflow-venv/lib/python3.12/site-packages/airflow/example_dags/example_branch_datetime_operator.py took 0.063 seconds
[2026-09-19T12:37:43.766+0200] {processor.py:186} INFO - Started process (PID=4325) to work on /Users/swarnalidatta/Desktop/AutoQueryChatbot/.airflow-venv/lib/python3.12/site-packages/airflow/example_dags/example_branch_datetime_operator.py
[2026-09-19T12:37:43.766+0200] {processor.py:914} INFO - Processing file /Users/swarnalidatta/Desktop/AutoQueryChatbot/.airflow-venv/lib/python3.12/site-packages/airflow/example_dags/example_branch_datetime_operator.py for tasks to queue
[2026-09-19T12:37:43.767+0200] {logging_mixin.py:190} INFO - [2026-09-19T12:37:43.767+0200] {dagbag.py:588} INFO - Filling up the DagBag from /Users/swarnalidatta/Desktop/AutoQueryChatbot/.airflow-venv/lib/python3.12/site-packages/airflow/example_dags/example_branch_datetime_operator.py
[2026-09-19T12:37:43.770+0200] {processor.py:925} INFO - DAG(s) 'example_branch_datetime_operator_3', 'example_branch_datetime_operator_2', 'example_branch_datetime_operator' retrieved from /Users/swarnalidatta/Desktop/AutoQueryChatbot/.airflow-venv/lib/python3.12/site-packages/airflow/example_dags/example_branch_datetime_operator.py
[2026-09-19T12:37:43.797+0200] {logging_mixin.py:190} INFO - [2026-09-19T12:37:43.797+0200] {dag.py:3239} INFO - Sync 3 DAGs
[2026-09-19T12:37:43.802+0200] {logging_mixin.py:190} INFO - [2026-09-19T12:37:43.802+0200] {dag.py:4180} INFO - Setting next_dagrun for example_branch_datetime_operator to 2026-09-18 00:00:00+00:00, run_after=2026-09-19 00:00:00+00:00
[2026-09-19T12:37:43.803+0200] {logging_mixin.py:190} INFO - [2026-09-19T12:37:43.803+0200] {dag.py:4180} INFO - Setting next_dagrun for example_branch_datetime_operator_2 to 2026-09-18 00:00:00+00:00, run_after=2026-09-19 00:00:00+00:00
[2026-09-19T12:37:43.804+0200] {logging_mixin.py:190} INFO - [2026-09-19T12:37:43.804+0200] {dag.py:4180} INFO - Setting next_dagrun for example_branch_datetime_operator_3 to 2026-09-18 00:00:00+00:00, run_after=2026-09-19 00:00:00+00:00
[2026-09-19T12:37:43.830+0200] {processor.py:208} INFO - Processing /Users/swarnalidatta/Desktop/AutoQueryChatbot/.airflow-venv/lib/python3.12/site-packages/airflow/example_dags/example_branch_datetime_operator.py took 0.066 seconds
[2026-09-19T16:09:57.415+0200] {processor.py:186} INFO - Started process (PID=4845) to work on /Users/swarnalidatta/Desktop/AutoQueryChatbot/.airflow-venv/lib/python3.12/site-packages/airflow/example_dags/example_branch_datetime_operator.py
[2026-09-19T16:09:57.416+0200] {processor.py:914} INFO - Processing file /Users/swarnalidatta/Desktop/AutoQueryChatbot/.airflow-venv/lib/python3.12/site-packages/airflow/example_dags/example_branch_datetime_operator.py for tasks to queue
[2026-09-19T16:09:57.416+0200] {logging_mixin.py:190} INFO - [2026-09-19T16:09:57.416+0200] {dagbag.py:588} INFO - Filling up the DagBag from /Users/swarnalidatta/Desktop/AutoQueryChatbot/.airflow-venv/lib/python3.12/site-packages/airflow/example_dags/example_branch_datetime_operator.py
[2026-09-19T16:09:57.420+0200] {processor.py:925} INFO - DAG(s) 'example_branch_datetime_operator_3', 'example_branch_datetime_operator_2', 'example_branch_datetime_operator' retrieved from /Users/swarnalidatta/Desktop/AutoQueryChatbot/.airflow-venv/lib/python3.12/site-packages/airflow/example_dags/example_branch_datetime_operator.py
[2026-09-19T16:09:57.446+0200] {logging_mixin.py:190} INFO - [2026-09-19T16:09:57.446+0200] {dag.py:3239} INFO - Sync 3 DAGs
[2026-09-19T16:09:57.451+0200] {logging_mixin.py:190} INFO - [2026-09-19T16:09:57.451+0200] {dag.py:4180} INFO - Setting next_dagrun for example_branch_datetime_operator to 2026-09-18 00:00:00+00:00, run_after=2026-09-19 00:00:00+00:00
[2026-09-19T16:09:57.452+0200] {logging_mixin.py:190} INFO - [2026-09-19T16:09:57.452+0200] {dag.py:4180} INFO - Setting next_dagrun for example_branch_datetime_operator_2 to 2026-09-18 00:00:00+00:00, run_after=2026-09-19 00:00:00+00:00
[2026-09-19T16:09:57.453+0200] {logging_mixin.py:190} INFO - [2026-09-19T16:09:57.453+0200] {dag.py:4180} INFO - Setting next_dagrun for example_branch_datetime_operator_3 to 2026-09-18 00:00:00+00:00, run_after=2026-09-19 00:00:00+00:00
[2026-09-19T16:09:57.478+0200] {processor.py:208} INFO - Processing /Users/swarnalidatta/Desktop/AutoQueryChatbot/.airflow-venv/lib/python3.12/site-packages/airflow/example_dags/example_branch_datetime_operator.py took 0.064 seconds
[2026-09-19T22:32:41.825+0200] {processor.py:186} INFO - Started process (PID=5422) to work on /Users/swarnalidatta/Desktop/AutoQueryChatbot/.airflow-venv/lib/python3.12/site-packages/airflow/example_dags/example_branch_datetime_operator.py
[2026-09-19T22:32:41.826+0200] {processor.py:914} INFO - Processing file /Users/swarnalidatta/Desktop/AutoQueryChatbot/.airflow-venv/lib/python3.12/site-packages/airflow/example_dags/example_branch_datetime_operator.py for tasks to queue
[2026-09-19T22:32:41.826+0200] {logging_mixin.py:190} INFO - [2026-09-19T22:32:41.826+0200] {dagbag.py:588} INFO - Filling up the DagBag from /Users/swarnalidatta/Desktop/AutoQueryChatbot/.airflow-venv/lib/python3.12/site-packages/airflow/example_dags/example_branch_datetime_operator.py
[2026-09-19T22:32:41.830+0200] {processor.py:925} INFO - DAG(s) 'example_branch_datetime_operator', 'example_branch_datetime_operator_2', 'example_branch_datetime_operator_3' retrieved from /Users/swarnalidatta/Desktop/AutoQueryChatbot/.airflow-venv/lib/python3.12/site-packages/airflow/example_dags/example_branch_datetime_operator.py
[2026-09-19T22:32:41.857+0200] {logging_mixin.py:190} INFO - [2026-09-19T22:32:41.857+0200] {dag.py:3239} INFO - Sync 3 DAGs
[2026-09-19T22:32:41.862+0200] {logging_mixin.py:190} INFO - [2026-09-19T22:32:41.862+0200] {dag.py:4180} INFO - Setting next_dagrun for example_branch_datetime_operator to 2026-09-18 00:00:00+00:00, run_after=2026-09-19 00:00:00+00:00
[2026-09-19T22:32:41.863+0200] {logging_mixin.py:190} INFO - [2026-09-19T22:32:41.863+0200] {dag.py:4180} INFO - Setting next_dagrun for example_branch_datetime_operator_2 to 2026-09-18 00:00:00+00:00, run_after=2026-09-19 00:00:00+00:00
[2026-09-19T22:32:41.864+0200] {logging_mixin.py:190} INFO - [2026-09-19T22:32:41.864+0200] {dag.py:4180} INFO - Setting next_dagrun for example_branch_datetime_operator_3 to 2026-09-18 00:00:00+00:00, run_after=2026-09-19 00:00:00+00:00
[2026-09-19T22:32:41.889+0200] {processor.py:208} INFO - Processing /Users/swarnalidatta/Desktop/AutoQueryChatbot/.airflow-venv/lib/python3.12/site-packages/airflow/example_dags/example_branch_datetime_operator.py took 0.064 seconds
