[2026-09-19T02:07:03.040+0200] {processor.py:186} INFO - Started process (PID=3550) to work on /Users/swarnalidatta/Desktop/AutoQueryChatbot/.airflow-venv/lib/python3.12/site-packages/airflow/example_dags/example_sla_dag.py
[2026-09-19T02:07:03.040+0200] {processor.py:914} INFO - Processing file /Users/swarnalidatta/Desktop/AutoQueryChatbot/.airflow-venv/lib/python3.12/site-packages/airflow/example_dags/example_sla_dag.py for tasks to queue
[2026-09-19T02:07:03.040+0200] {logging_mixin.py:190} INFO - [2026-09-19T02:07:03.040+0200] {dagbag.py:588} INFO - Filling up the DagBag from /Users/swarnalidatta/Desktop/AutoQueryChatbot/.airflow-venv/lib/python3.12/site-packages/airflow/example_dags/example_sla_dag.py
[2026-09-19T02:07:03.053+0200] {processor.py:925} INFO - DAG(s) 'example_sla_dag' retrieved from /Users/swarnalidatta/Desktop/AutoQueryChatbot/.airflow-venv/lib/python3.12/site-packages/airflow/example_dags/example_sla_dag.py
[2026-09-19T02:07:03.078+0200] {logging_mixin.py:190} INFO - [2026-09-19T02:07:03.077+0200] {dag.py:3239} INFO - Sync 1 DAGs
[2026-09-19T02:07:03.104+0200] {logging_mixin.py:190} INFO - [2026-09-19T02:07:03.104+0200] {dag.py:4180} INFO - Setting next_dagrun for example_sla_dag to 2026-09-19 00:04:00+00:00, run_after=2026-09-19 00:06:00+00:00
[2026-09-19T02:07:03.111+0200] {processor.py:208} INFO - Processing /Users/swarnalidatta/Desktop/AutoQueryChatbot/.airflow-venv/lib/python3.12/site-packages/airflow/example_dags/example_sla_dag.py took 0.073 seconds
[2026-09-19T06:21:53.516+0200] {processor.py:186} INFO - Started process (PID=3829) to work on /Users/swarnalidatta/Desktop/AutoQueryChatbot/.airflow-venv/lib/python3.12/site-packages/airflow/example_dags/example_sla_dag.py
[2026-09-19T06:21:53.517+0200] {processor.py:914} INFO - Processing file /Users/swarnalidatta/Desktop/AutoQueryChatbot/.airflow-venv/lib/python3.12/site-packages/airflow/example_dags/example_sla_dag.py for tasks to queue
[2026-09-19T06:21:53.517+0200] {logging_mixin.py:190} INFO - [2026-09-19T06:21:53.517+0200] {dagbag.py:588} INFO - Filling up the DagBag from /Users/swarnalidatta/Desktop/AutoQueryChatbot/.airflow-venv/lib/python3.12/site-packages/airflow/example_dags/example_sla_dag.py
[2026-09-19T06:21:53.531+0200] {processor.py:925} INFO - DAG(s) 'example_sla_dag' retrieved from /Users/swarnalidatta/Desktop/AutoQueryChatbot/.airflow-venv/lib/python3.12/site-packages/airflow/example_dags/example_sla_dag.py
[2026-09-19T06:21:53.559+0200] {logging_mixin.py:190} INFO - [2026-09-19T06:21:53.558+0200] {dag.py:3239} INFO - Sync 1 DAGs
[2026-09-19T06:21:53.589+0200] {logging_mixin.py:190} INFO - [2026-09-19T06:21:53.589+0200] {dag.py:4180} INFO - Setting next_dagrun for example_sla_dag to 2026-09-19 04:18:00+00:00, run_after=2026-09-19 04:20:00+00:00
[2026-09-19T06:21:53.594+0200] {processor.py:208} INFO - Processing /Users/swarnalidatta/Desktop/AutoQueryChatbot/.airflow-venv/lib/python3.12/site-packages/airflow/example_dags/example_sla_dag.py took 0.079 seconds
[2026-09-19T10:20:53.370+0200] {processor.py:186} INFO - Started process (PID=4152) to work on /Users/swarnalidatta/Desktop/AutoQueryChatbot/.airflow-venv/lib/python3.12/site-packages/airflow/example_dags/example_sla_dag.py
[2026-09-19T10:20:53.371+0200] {processor.py:914} INFO - Processing file /Users/swarnalidatta/Desktop/AutoQueryChatbot/.airflow-venv/lib/python3.12/site-packages/airflow/example_dags/example_sla_dag.py for tasks to queue
[2026-09-19T10:20:53.372+0200] {logging_mixin.py:190} INFO - [2026-09-19T10:20:53.372+0200] {dagbag.py:588} INFO - Filling up the DagBag from /Users/swarnalidatta/Desktop/AutoQueryChatbot/.airflow-venv/lib/python3.12/site-packages/airflow/example_dags/example_sla_dag.py
[2026-09-19T10:20:53.384+0200] {processor.py:925} INFO - DAG(s) 'example_sla_dag' retrieved from /Users/swarnalidatta/Desktop/AutoQueryChatbot/.airflow-venv/lib/python3.12/site-packages/airflow/example_dags/example_sla_dag.py
[2026-09-19T10:20:53.409+0200] {logging_mixin.py:190} INFO - [2026-09-19T10:20:53.409+0200] {dag.py:3239} INFO - Sync 1 DAGs
[2026-09-19T10:20:53.434+0200] {logging_mixin.py:190} INFO - [2026-09-19T10:20:53.434+0200] {dag.py:4180} INFO - Setting next_dagrun for example_sla_dag to 2026-09-19 08:18:00+00:00, run_after=2026-09-19 08:20:00+00:00
[2026-09-19T10:20:53.439+0200] {processor.py:208} INFO - Processing /Users/swarnalidatta/Desktop/AutoQueryChatbot/.airflow-venv/lib/python3.12/site-packages/airflow/example_dags/example_sla_dag.py took 0.069 seconds
[2026-09-19T13:44:07.510+0200] {processor.py:186} INFO - Started process (PID=4441) to work on /Users/swarnalidatta/Desktop/AutoQueryChatbot/.airflow-venv/lib/python3.12/site-packages/airflow/example_dags/example_sla_dag.py
[2026-09-19T13:44:07.510+0200] {processor.py:914} INFO - Processing file /Users/swarnalidatta/Desktop/AutoQueryChatbot/.airflow-venv/lib/python3.12/site-packages/airflow/example_dags/example_sla_dag.py for tasks to queue
[2026-09-19T13:44:07.510+0200] {logging_mixin.py:190} INFO - [2026-09-19T13:44:07.510+0200] {dagbag.py:588} INFO - Filling up the DagBag from /Users/swarnalidatta/Desktop/AutoQueryChatbot/.airflow-venv/lib/python3.12/site-packages/airflow/example_dags/example_sla_dag.py
[2026-09-19T13:44:07.523+0200] {processor.py:925} INFO - DAG(s) 'example_sla_dag' retrieved from /Users/swarnalidatta/Desktop/AutoQueryChatbot/.airflow-venv/lib/python3.12/site-packages/airflow/example_dags/example_sla_dag.py
[2026-09-19T13:44:07.548+0200] {logging_mixin.py:190} INFO - [2026-09-19T13:44:07.547+0200] {dag.py:3239} INFO - Sync 1 DAGs
[2026-09-19T13:44:07.573+0200] {logging_mixin.py:190} INFO - [2026-09-19T13:44:07.573+0200] {dag.py:4180} INFO - Setting next_dagrun for example_sla_dag to 2026-09-19 11:42:00+00:00, run_after=2026-09-19 11:44:00+00:00
[2026-09-19T13:44:07.578+0200] {processor.py:208} INFO - Processing /Users/swarnalidatta/Desktop/AutoQueryChatbot/.airflow-venv/lib/python3.12/site-packages/airflow/example_dags/example_sla_dag.py took 0.069 seconds
[2026-09-19T15:47:06.662+0200] {processor.py:186} INFO - Started process (PID=4715) to work on /Users/swarnalidatta/Desktop/AutoQueryChatbot/.airflow-venv/lib/python3.12/site-packages/airflow/example_dags/example_sla_dag.py
[2026-09-19T15:47:06.662+0200] {processor.py:914} INFO - Processing file /Users/swarnalidatta/Desktop/AutoQueryChatbot/.airflow-venv/lib/python3.12/site-packages/airflow/example_dags/example_sla_dag.py for tasks to queue
[2026-09-19T15:47:06.662+0200] {logging_mixin.py:190} INFO - [2026-09-19T15:47:06.662+0200] {dagbag.py:588} INFO - Filling up the DagBag from /Users/swarnalidatta/Desktop/AutoQueryChatbot/.airflow-venv/lib/python3.12/site-packages/airflow/example_dags/example_sla_dag.py
[2026-09-19T15:47:06.674+0200] {processor.py:925} INFO - DAG(s) 'example_sla_dag' retrieved from /Users/swarnalidatta/Desktop/AutoQueryChatbot/.airflow-venv/lib/python3.12/site-packages/airflow/example_dags/example_sla_dag.py
[2026-09-19T15:47:06.699+0200] {logging_mixin.py:190} INFO - [2026-09-19T15:47:06.699+0200] {dag.py:3239} INFO - Sync 1 DAGs
[2026-09-19T15:47:06.725+0200] {logging_mixin.py:190} INFO - [2026-09-19T15:47:06.725+0200] {dag.py:4180} INFO - Setting next_dagrun for example_sla_dag to 2026-09-19 13:44:00+00:00, run_after=2026-09-19 13:46:00+00:00
[2026-09-19T15:47:06.729+0200] {processor.py:208} INFO - Processing /Users/swarnalidatta/Desktop/AutoQueryChatbot/.airflow-venv/lib/python3.12/site-packages/airflow/example_dags/example_sla_dag.py took 0.069 seconds
[2026-09-19T16:55:51.145+0200] {processor.py:186} INFO - Started process (PID=4952) to work on /Users/swarnalidatta/Desktop/AutoQueryChatbot/.airflow-venv/lib/python3.12/site-packages/airflow/example_dags/example_sla_dag.py
[2026-09-19T16:55:51.146+0200] {processor.py:914} INFO - Processing file /Users/swarnalidatta/Desktop/AutoQueryChatbot/.airflow-venv/lib/python3.12/site-packages/airflow/example_dags/example_sla_dag.py for tasks to queue
[2026-09-19T16:55:51.146+0200] {logging_mixin.py:190} INFO - [2026-09-19T16:55:51.146+0200] {dagbag.py:588} INFO - Filling up the DagBag from /Users/swarnalidatta/Desktop/AutoQueryChatbot/.airflow-venv/lib/python3.12/site-packages/airflow/example_dags/example_sla_dag.py
[2026-09-19T16:55:51.159+0200] {processor.py:925} INFO - DAG(s) 'example_sla_dag' retrieved from /Users/swarnalidatta/Desktop/AutoQueryChatbot/.airflow-venv/lib/python3.12/site-packages/airflow/example_dags/example_sla_dag.py
[2026-09-19T16:55:51.183+0200] {logging_mixin.py:190} INFO - [2026-09-19T16:55:51.183+0200] {dag.py:3239} INFO - Sync 1 DAGs
[2026-09-19T16:55:51.208+0200] {logging_mixin.py:190} INFO - [2026-09-19T16:55:51.208+0200] {dag.py:4180} INFO - Setting next_dagrun for example_sla_dag to 2026-09-19 14:52:00+00:00, run_after=2026-09-19 14:54:00+00:00
[2026-09-19T16:55:51.213+0200] {processor.py:208} INFO - Processing /Users/swarnalidatta/Desktop/AutoQueryChatbot/.airflow-venv/lib/python3.12/site-packages/airflow/example_dags/example_sla_dag.py took 0.069 seconds
[2026-09-19T20:13:59.471+0200] {processor.py:186} INFO - Started process (PID=5246) to work on /Users/swarnalidatta/Desktop/AutoQueryChatbot/.airflow-venv/lib/python3.12/site-packages/airflow/example_dags/example_sla_dag.py
[2026-09-19T20:13:59.472+0200] {processor.py:914} INFO - Processing file /Users/swarnalidatta/Desktop/AutoQueryChatbot/.airflow-venv/lib/python3.12/site-packages/airflow/example_dags/example_sla_dag.py for tasks to queue
[2026-09-19T20:13:59.472+0200] {logging_mixin.py:190} INFO - [2026-09-19T20:13:59.472+0200] {dagbag.py:588} INFO - Filling up the DagBag from /Users/swarnalidatta/Desktop/AutoQueryChatbot/.airflow-venv/lib/python3.12/site-packages/airflow/example_dags/example_sla_dag.py
[2026-09-19T20:13:59.484+0200] {processor.py:925} INFO - DAG(s) 'example_sla_dag' retrieved from /Users/swarnalidatta/Desktop/AutoQueryChatbot/.airflow-venv/lib/python3.12/site-packages/airflow/example_dags/example_sla_dag.py
[2026-09-19T20:13:59.509+0200] {logging_mixin.py:190} INFO - [2026-09-19T20:13:59.509+0200] {dag.py:3239} INFO - Sync 1 DAGs
[2026-09-19T20:13:59.534+0200] {logging_mixin.py:190} INFO - [2026-09-19T20:13:59.534+0200] {dag.py:4180} INFO - Setting next_dagrun for example_sla_dag to 2026-09-19 18:10:00+00:00, run_after=2026-09-19 18:12:00+00:00
[2026-09-19T20:13:59.539+0200] {processor.py:208} INFO - Processing /Users/swarnalidatta/Desktop/AutoQueryChatbot/.airflow-venv/lib/python3.12/site-packages/airflow/example_dags/example_sla_dag.py took 0.068 seconds
[2026-09-20T00:00:05.858+0200] {processor.py:186} INFO - Started process (PID=5550) to work on /Users/swarnalidatta/Desktop/AutoQueryChatbot/.airflow-venv/lib/python3.12/site-packages/airflow/example_dags/example_sla_dag.py
[2026-09-20T00:00:05.858+0200] {processor.py:914} INFO - Processing file /Users/swarnalidatta/Desktop/AutoQueryChatbot/.airflow-venv/lib/python3.12/site-packages/airflow/example_dags/example_sla_dag.py for tasks to queue
[2026-09-20T00:00:05.859+0200] {logging_mixin.py:190} INFO - [2026-09-20T00:00:05.859+0200] {dagbag.py:588} INFO - Filling up the DagBag from /Users/swarnalidatta/Desktop/AutoQueryChatbot/.airflow-venv/lib/python3.12/site-packages/airflow/example_dags/example_sla_dag.py
[2026-09-20T00:00:05.872+0200] {processor.py:925} INFO - DAG(s) 'example_sla_dag' retrieved from /Users/swarnalidatta/Desktop/AutoQueryChatbot/.airflow-venv/lib/python3.12/site-packages/airflow/example_dags/example_sla_dag.py
[2026-09-20T00:00:05.899+0200] {logging_mixin.py:190} INFO - [2026-09-20T00:00:05.898+0200] {dag.py:3239} INFO - Sync 1 DAGs
[2026-09-20T00:00:05.925+0200] {logging_mixin.py:190} INFO - [2026-09-20T00:00:05.925+0200] {dag.py:4180} INFO - Setting next_dagrun for example_sla_dag to 2026-09-19 21:58:00+00:00, run_after=2026-09-19 22:00:00+00:00
[2026-09-20T00:00:05.930+0200] {processor.py:208} INFO - Processing /Users/swarnalidatta/Desktop/AutoQueryChatbot/.airflow-venv/lib/python3.12/site-packages/airflow/example_dags/example_sla_dag.py took 0.073 seconds
