[2026-09-19T03:33:09.867+0200] {processor.py:186} INFO - Started process (PID=3646) to work on /Users/swarnalidatta/Desktop/AutoQueryChatbot/.airflow-venv/lib/python3.12/site-packages/airflow/example_dags/example_display_name.py
[2026-09-19T03:33:09.867+0200] {processor.py:914} INFO - Processing file /Users/swarnalidatta/Desktop/AutoQueryChatbot/.airflow-venv/lib/python3.12/site-packages/airflow/example_dags/example_display_name.py for tasks to queue
[2026-09-19T03:33:09.868+0200] {logging_mixin.py:190} INFO - [2026-09-19T03:33:09.868+0200] {dagbag.py:588} INFO - Filling up the DagBag from /Users/swarnalidatta/Desktop/AutoQueryChatbot/.airflow-venv/lib/python3.12/site-packages/airflow/example_dags/example_display_name.py
[2026-09-19T03:33:09.879+0200] {processor.py:925} INFO - DAG(s) 'example_display_name' retrieved from /Users/swarnalidatta/Desktop/AutoQueryChatbot/.airflow-venv/lib/python3.12/site-packages/airflow/example_dags/example_display_name.py
[2026-09-19T03:33:09.904+0200] {logging_mixin.py:190} INFO - [2026-09-19T03:33:09.904+0200] {dag.py:3239} INFO - Sync 1 DAGs
[2026-09-19T03:33:09.926+0200] {logging_mixin.py:190} INFO - [2026-09-19T03:33:09.926+0200] {dag.py:4180} INFO - Setting next_dagrun for example_display_name to None, run_after=None
[2026-09-19T03:33:09.931+0200] {processor.py:208} INFO - Processing /Users/swarnalidatta/Desktop/AutoQueryChatbot/.airflow-venv/lib/python3.12/site-packages/airflow/example_dags/example_display_name.py took 0.065 seconds
[2026-09-19T07:46:16.190+0200] {processor.py:186} INFO - Started process (PID=3971) to work on /Users/swarnalidatta/Desktop/AutoQueryChatbot/.airflow-venv/lib/python3.12/site-packages/airflow/example_dags/example_display_name.py
[2026-09-19T07:46:16.191+0200] {processor.py:914} INFO - Processing file /Users/swarnalidatta/Desktop/AutoQueryChatbot/.airflow-venv/lib/python3.12/site-packages/airflow/example_dags/example_display_name.py for tasks to queue
[2026-09-19T07:46:16.191+0200] {logging_mixin.py:190} INFO - [2026-09-19T07:46:16.191+0200] {dagbag.py:588} INFO - Filling up the DagBag from /Users/swarnalidatta/Desktop/AutoQueryChatbot/.airflow-venv/lib/python3.12/site-packages/airflow/example_dags/example_display_name.py
[2026-09-19T07:46:16.203+0200] {processor.py:925} INFO - DAG(s) 'example_display_name' retrieved from /Users/swarnalidatta/Desktop/AutoQueryChatbot/.airflow-venv/lib/python3.12/site-packages/airflow/example_dags/example_display_name.py
[2026-09-19T07:46:16.229+0200] {logging_mixin.py:190} INFO - [2026-09-19T07:46:16.229+0200] {dag.py:3239} INFO - Sync 1 DAGs
[2026-09-19T07:46:16.254+0200] {logging_mixin.py:190} INFO - [2026-09-19T07:46:16.254+0200] {dag.py:4180} INFO - Setting next_dagrun for example_display_name to None, run_after=None
[2026-09-19T07:46:16.260+0200] {processor.py:208} INFO - Processing /Users/swarnalidatta/Desktop/AutoQueryChatbot/.airflow-venv/lib/python3.12/site-packages/airflow/example_dags/example_display_name.py took 0.071 seconds
[2026-09-19T11:53:05.154+0200] {processor.py:186} INFO - Started process (PID=4272) to work on /Users/swarnalidatta/Desktop/AutoQueryChatbot/.airflow-venv/lib/python3.12/site-packages/airflow/example_dags/example_display_name.py
[2026-09-19T11:53:05.155+0200] {processor.py:914} INFO - Processing file /Users/swarnalidatta/Desktop/AutoQueryChatbot/.airflow-venv/lib/python3.12/site-packages/airflow/example_dags/example_display_name.py for tasks to queue
[2026-09-19T11:53:05.155+0200] {logging_mixin.py:190} INFO - [2026-09-19T11:53:05.155+0200] {dagbag.py:588} INFO - Filling up the DagBag from /Users/swarnalidatta/Desktop/AutoQueryChatbot/.airflow-venv/lib/python3.12/site-packages/airflow/example_dags/example_display_name.py
[2026-09-19T11:53:05.167+0200] {processor.py:925} INFO - DAG(s) 'example_display_name' retrieved from /Users/swarnalidatta/Desktop/AutoQueryChatbot/.airflow-venv/lib/python3.12/site-packages/airflow/example_dags/example_display_name.py
[2026-09-19T11:53:05.191+0200] {logging_mixin.py:190} INFO - [2026-09-19T11:53:05.191+0200] {dag.py:3239} INFO - Sync 1 DAGs
[2026-09-19T11:53:05.215+0200] {logging_mixin.py:190} INFO - [2026-09-19T11:53:05.214+0200] {dag.py:4180} INFO - Setting next_dagrun for example_display_name to None, run_after=None
[2026-09-19T11:53:05.220+0200] {processor.py:208} INFO - Processing /Users/swarnalidatta/Desktop/AutoQueryChatbot/.airflow-venv/lib/python3.12/site-packages/airflow/example_dags/example_display_name.py took 0.067 seconds
[2026-09-19T15:08:56.754+0200] {processor.py:186} INFO - Started process (PID=4559) to work on /Users/swarnalidatta/Desktop/AutoQueryChatbot/.airflow-venv/lib/python3.12/site-packages/airflow/example_dags/example_display_name.py
[2026-09-19T15:08:56.754+0200] {processor.py:914} INFO - Processing file /Users/swarnalidatta/Desktop/AutoQueryChatbot/.airflow-venv/lib/python3.12/site-packages/airflow/example_dags/example_display_name.py for tasks to queue
[2026-09-19T15:08:56.755+0200] {logging_mixin.py:190} INFO - [2026-09-19T15:08:56.755+0200] {dagbag.py:588} INFO - Filling up the DagBag from /Users/swarnalidatta/Desktop/AutoQueryChatbot/.airflow-venv/lib/python3.12/site-packages/airflow/example_dags/example_display_name.py
[2026-09-19T15:08:56.775+0200] {processor.py:925} INFO - DAG(s) 'example_display_name' retrieved from /Users/swarnalidatta/Desktop/AutoQueryChatbot/.airflow-venv/lib/python3.12/site-packages/airflow/example_dags/example_display_name.py
[2026-09-19T15:08:56.806+0200] {logging_mixin.py:190} INFO - [2026-09-19T15:08:56.806+0200] {dag.py:3239} INFO - Sync 1 DAGs
[2026-09-19T15:08:56.839+0200] {logging_mixin.py:190} INFO - [2026-09-19T15:08:56.838+0200] {dag.py:4180} INFO - Setting next_dagrun for example_display_name to None, run_after=None
[2026-09-19T15:08:56.844+0200] {processor.py:208} INFO - Processing /Users/swarnalidatta/Desktop/AutoQueryChatbot/.airflow-venv/lib/python3.12/site-packages/airflow/example_dags/example_display_name.py took 0.092 seconds
[2026-09-19T16:07:18.687+0200] {processor.py:186} INFO - Started process (PID=4811) to work on /Users/swarnalidatta/Desktop/AutoQueryChatbot/.airflow-venv/lib/python3.12/site-packages/airflow/example_dags/example_display_name.py
[2026-09-19T16:07:18.688+0200] {processor.py:914} INFO - Processing file /Users/swarnalidatta/Desktop/AutoQueryChatbot/.airflow-venv/lib/python3.12/site-packages/airflow/example_dags/example_display_name.py for tasks to queue
[2026-09-19T16:07:18.689+0200] {logging_mixin.py:190} INFO - [2026-09-19T16:07:18.689+0200] {dagbag.py:588} INFO - Filling up the DagBag from /Users/swarnalidatta/Desktop/AutoQueryChatbot/.airflow-venv/lib/python3.12/site-packages/airflow/example_dags/example_display_name.py
[2026-09-19T16:07:18.701+0200] {processor.py:925} INFO - DAG(s) 'example_display_name' retrieved from /Users/swarnalidatta/Desktop/AutoQueryChatbot/.airflow-venv/lib/python3.12/site-packages/airflow/example_dags/example_display_name.py
[2026-09-19T16:07:18.725+0200] {logging_mixin.py:190} INFO - [2026-09-19T16:07:18.725+0200] {dag.py:3239} INFO - Sync 1 DAGs
[2026-09-19T16:07:18.748+0200] {logging_mixin.py:190} INFO - [2026-09-19T16:07:18.748+0200] {dag.py:4180} INFO - Setting next_dagrun for example_display_name to None, run_after=None
[2026-09-19T16:07:18.752+0200] {processor.py:208} INFO - Processing /Users/swarnalidatta/Desktop/AutoQueryChatbot/.airflow-venv/lib/python3.12/site-packages/airflow/example_dags/example_display_name.py took 0.066 seconds
[2026-09-19T18:08:13.547+0200] {processor.py:186} INFO - Started process (PID=5057) to work on /Users/swarnalidatta/Desktop/AutoQueryChatbot/.airflow-venv/lib/python3.12/site-packages/airflow/example_dags/example_display_name.py
[2026-09-19T18:08:13.548+0200] {processor.py:914} INFO - Processing file /Users/swarnalidatta/Desktop/AutoQueryChatbot/.airflow-venv/lib/python3.12/site-packages/airflow/example_dags/example_display_name.py for tasks to queue
[2026-09-19T18:08:13.549+0200] {logging_mixin.py:190} INFO - [2026-09-19T18:08:13.548+0200] {dagbag.py:588} INFO - Filling up the DagBag from /Users/swarnalidatta/Desktop/AutoQueryChatbot/.airflow-venv/lib/python3.12/site-packages/airflow/example_dags/example_display_name.py
[2026-09-19T18:08:13.583+0200] {processor.py:925} INFO - DAG(s) 'example_display_name' retrieved from /Users/swarnalidatta/Desktop/AutoQueryChatbot/.airflow-venv/lib/python3.12/site-packages/airflow/example_dags/example_display_name.py
[2026-09-19T18:08:13.657+0200] {logging_mixin.py:190} INFO - [2026-09-19T18:08:13.656+0200] {dag.py:3239} INFO - Sync 1 DAGs
[2026-09-19T18:08:13.720+0200] {logging_mixin.py:190} INFO - [2026-09-19T18:08:13.720+0200] {dag.py:4180} INFO - Setting next_dagrun for example_display_name to None, run_after=None
[2026-09-19T18:08:13.734+0200] {processor.py:208} INFO - Processing /Users/swarnalidatta/Desktop/AutoQueryChatbot/.airflow-venv/lib/python3.12/site-packages/airflow/example_dags/example_display_name.py took 0.191 seconds
[2026-09-19T22:04:05.475+0200] {processor.py:186} INFO - Started process (PID=5370) to work on /Users/swarnalidatta/Desktop/AutoQueryChatbot/.airflow-venv/lib/python3.12/site-packages/airflow/example_dags/example_display_name.py
[2026-09-19T22:04:05.476+0200] {processor.py:914} INFO - Processing file /Users/swarnalidatta/Desktop/AutoQueryChatbot/.airflow-venv/lib/python3.12/site-packages/airflow/example_dags/example_display_name.py for tasks to queue
[2026-09-19T22:04:05.476+0200] {logging_mixin.py:190} INFO - [2026-09-19T22:04:05.476+0200] {dagbag.py:588} INFO - Filling up the DagBag from /Users/swarnalidatta/Desktop/AutoQueryChatbot/.airflow-venv/lib/python3.12/site-packages/airflow/example_dags/example_display_name.py
[2026-09-19T22:04:05.488+0200] {processor.py:925} INFO - DAG(s) 'example_display_name' retrieved from /Users/swarnalidatta/Desktop/AutoQueryChatbot/.airflow-venv/lib/python3.12/site-packages/airflow/example_dags/example_display_name.py
[2026-09-19T22:04:05.513+0200] {logging_mixin.py:190} INFO - [2026-09-19T22:04:05.513+0200] {dag.py:3239} INFO - Sync 1 DAGs
[2026-09-19T22:04:05.536+0200] {logging_mixin.py:190} INFO - [2026-09-19T22:04:05.536+0200] {dag.py:4180} INFO - Setting next_dagrun for example_display_name to None, run_after=None
[2026-09-19T22:04:05.541+0200] {processor.py:208} INFO - Processing /Users/swarnalidatta/Desktop/AutoQueryChatbot/.airflow-venv/lib/python3.12/site-packages/airflow/example_dags/example_display_name.py took 0.067 seconds
[2026-09-20T00:50:12.813+0200] {processor.py:186} INFO - Started process (PID=5664) to work on /Users/swarnalidatta/Desktop/AutoQueryChatbot/.airflow-venv/lib/python3.12/site-packages/airflow/example_dags/example_display_name.py
[2026-09-20T00:50:12.813+0200] {processor.py:914} INFO - Processing file /Users/swarnalidatta/Desktop/AutoQueryChatbot/.airflow-venv/lib/python3.12/site-packages/airflow/example_dags/example_display_name.py for tasks to queue
[2026-09-20T00:50:12.814+0200] {logging_mixin.py:190} INFO - [2026-09-20T00:50:12.813+0200] {dagbag.py:588} INFO - Filling up the DagBag from /Users/swarnalidatta/Desktop/AutoQueryChatbot/.airflow-venv/lib/python3.12/site-packages/airflow/example_dags/example_display_name.py
[2026-09-20T00:50:12.825+0200] {processor.py:925} INFO - DAG(s) 'example_display_name' retrieved from /Users/swarnalidatta/Desktop/AutoQueryChatbot/.airflow-venv/lib/python3.12/site-packages/airflow/example_dags/example_display_name.py
[2026-09-20T00:50:12.850+0200] {logging_mixin.py:190} INFO - [2026-09-20T00:50:12.849+0200] {dag.py:3239} INFO - Sync 1 DAGs
[2026-09-20T00:50:12.873+0200] {logging_mixin.py:190} INFO - [2026-09-20T00:50:12.872+0200] {dag.py:4180} INFO - Setting next_dagrun for example_display_name to None, run_after=None
[2026-09-20T00:50:12.877+0200] {processor.py:208} INFO - Processing /Users/swarnalidatta/Desktop/AutoQueryChatbot/.airflow-venv/lib/python3.12/site-packages/airflow/example_dags/example_display_name.py took 0.066 seconds
