[2026-09-19T02:41:57.477+0200] {processor.py:186} INFO - Started process (PID=3593) to work on /Users/swarnalidatta/Desktop/AutoQueryChatbot/.airflow-venv/lib/python3.12/site-packages/airflow/example_dags/example_params_ui_tutorial.py
[2026-09-19T02:41:57.477+0200] {processor.py:914} INFO - Processing file /Users/swarnalidatta/Desktop/AutoQueryChatbot/.airflow-venv/lib/python3.12/site-packages/airflow/example_dags/example_params_ui_tutorial.py for tasks to queue
[2026-09-19T02:41:57.477+0200] {logging_mixin.py:190} INFO - [2026-09-19T02:41:57.477+0200] {dagbag.py:588} INFO - Filling up the DagBag from /Users/swarnalidatta/Desktop/AutoQueryChatbot/.airflow-venv/lib/python3.12/site-packages/airflow/example_dags/example_params_ui_tutorial.py
[2026-09-19T02:41:57.490+0200] {processor.py:925} INFO - DAG(s) 'example_params_ui_tutorial' retrieved from /Users/swarnalidatta/Desktop/AutoQueryChatbot/.airflow-venv/lib/python3.12/site-packages/airflow/example_dags/example_params_ui_tutorial.py
[2026-09-19T02:41:57.578+0200] {logging_mixin.py:190} INFO - [2026-09-19T02:41:57.578+0200] {dag.py:3239} INFO - Sync 1 DAGs
[2026-09-19T02:41:57.580+0200] {logging_mixin.py:190} INFO - [2026-09-19T02:41:57.580+0200] {dag.py:4180} INFO - Setting next_dagrun for example_params_ui_tutorial to None, run_after=None
[2026-09-19T02:41:57.585+0200] {processor.py:208} INFO - Processing /Users/swarnalidatta/Desktop/AutoQueryChatbot/.airflow-venv/lib/python3.12/site-packages/airflow/example_dags/example_params_ui_tutorial.py took 0.110 seconds
[2026-09-19T07:11:48.811+0200] {processor.py:186} INFO - Started process (PID=3886) to work on /Users/swarnalidatta/Desktop/AutoQueryChatbot/.airflow-venv/lib/python3.12/site-packages/airflow/example_dags/example_params_ui_tutorial.py
[2026-09-19T07:11:48.812+0200] {processor.py:914} INFO - Processing file /Users/swarnalidatta/Desktop/AutoQueryChatbot/.airflow-venv/lib/python3.12/site-packages/airflow/example_dags/example_params_ui_tutorial.py for tasks to queue
[2026-09-19T07:11:48.813+0200] {logging_mixin.py:190} INFO - [2026-09-19T07:11:48.813+0200] {dagbag.py:588} INFO - Filling up the DagBag from /Users/swarnalidatta/Desktop/AutoQueryChatbot/.airflow-venv/lib/python3.12/site-packages/airflow/example_dags/example_params_ui_tutorial.py
[2026-09-19T07:11:48.826+0200] {processor.py:925} INFO - DAG(s) 'example_params_ui_tutorial' retrieved from /Users/swarnalidatta/Desktop/AutoQueryChatbot/.airflow-venv/lib/python3.12/site-packages/airflow/example_dags/example_params_ui_tutorial.py
[2026-09-19T07:11:48.880+0200] {logging_mixin.py:190} INFO - [2026-09-19T07:11:48.880+0200] {dag.py:3239} INFO - Sync 1 DAGs
[2026-09-19T07:11:48.883+0200] {logging_mixin.py:190} INFO - [2026-09-19T07:11:48.883+0200] {dag.py:4180} INFO - Setting next_dagrun for example_params_ui_tutorial to None, run_after=None
[2026-09-19T07:11:48.889+0200] {processor.py:208} INFO - Processing /Users/swarnalidatta/Desktop/AutoQueryChatbot/.airflow-venv/lib/python3.12/site-packages/airflow/example_dags/example_params_ui_tutorial.py took 0.078 seconds
[2026-09-19T11:20:47.659+0200] {processor.py:186} INFO - Started process (PID=4210) to work on /Users/swarnalidatta/Desktop/AutoQueryChatbot/.airflow-venv/lib/python3.12/site-packages/airflow/example_dags/example_params_ui_tutorial.py
[2026-09-19T11:20:47.660+0200] {processor.py:914} INFO - Processing file /Users/swarnalidatta/Desktop/AutoQueryChatbot/.airflow-venv/lib/python3.12/site-packages/airflow/example_dags/example_params_ui_tutorial.py for tasks to queue
[2026-09-19T11:20:47.660+0200] {logging_mixin.py:190} INFO - [2026-09-19T11:20:47.660+0200] {dagbag.py:588} INFO - Filling up the DagBag from /Users/swarnalidatta/Desktop/AutoQueryChatbot/.airflow-venv/lib/python3.12/site-packages/airflow/example_dags/example_params_ui_tutorial.py
[2026-09-19T11:20:47.680+0200] {processor.py:925} INFO - DAG(s) 'example_params_ui_tutorial' retrieved from /Users/swarnalidatta/Desktop/AutoQueryChatbot/.airflow-venv/lib/python3.12/site-packages/airflow/example_dags/example_params_ui_tutorial.py
[2026-09-19T11:20:47.742+0200] {logging_mixin.py:190} INFO - [2026-09-19T11:20:47.742+0200] {dag.py:3239} INFO - Sync 1 DAGs
[2026-09-19T11:20:47.746+0200] {logging_mixin.py:190} INFO - [2026-09-19T11:20:47.746+0200] {dag.py:4180} INFO - Setting next_dagrun for example_params_ui_tutorial to None, run_after=None
[2026-09-19T11:20:47.751+0200] {processor.py:208} INFO - Processing /Users/swarnalidatta/Desktop/AutoQueryChatbot/.airflow-venv/lib/python3.12/site-packages/airflow/example_dags/example_params_ui_tutorial.py took 0.093 seconds
[2026-09-19T14:08:03.031+0200] {processor.py:186} INFO - Started process (PID=4495) to work on /Users/swarnalidatta/Desktop/AutoQueryChatbot/.airflow-venv/lib/python3.12/site-packages/airflow/example_dags/example_params_ui_tutorial.py
[2026-09-19T14:08:03.032+0200] {processor.py:914} INFO - Processing file /Users/swarnalidatta/Desktop/AutoQueryChatbot/.airflow-venv/lib/python3.12/site-packages/airflow/example_dags/example_params_ui_tutorial.py for tasks to queue
[2026-09-19T14:08:03.032+0200] {logging_mixin.py:190} INFO - [2026-09-19T14:08:03.032+0200] {dagbag.py:588} INFO - Filling up the DagBag from /Users/swarnalidatta/Desktop/AutoQueryChatbot/.airflow-venv/lib/python3.12/site-packages/airflow/example_dags/example_params_ui_tutorial.py
[2026-09-19T14:08:03.044+0200] {processor.py:925} INFO - DAG(s) 'example_params_ui_tutorial' retrieved from /Users/swarnalidatta/Desktop/AutoQueryChatbot/.airflow-venv/lib/python3.12/site-packages/airflow/example_dags/example_params_ui_tutorial.py
[2026-09-19T14:08:03.095+0200] {logging_mixin.py:190} INFO - [2026-09-19T14:08:03.095+0200] {dag.py:3239} INFO - Sync 1 DAGs
[2026-09-19T14:08:03.098+0200] {logging_mixin.py:190} INFO - [2026-09-19T14:08:03.098+0200] {dag.py:4180} INFO - Setting next_dagrun for example_params_ui_tutorial to None, run_after=None
[2026-09-19T14:08:03.103+0200] {processor.py:208} INFO - Processing /Users/swarnalidatta/Desktop/AutoQueryChatbot/.airflow-venv/lib/python3.12/site-packages/airflow/example_dags/example_params_ui_tutorial.py took 0.073 seconds
[2026-09-19T15:58:18.859+0200] {processor.py:186} INFO - Started process (PID=4760) to work on /Users/swarnalidatta/Desktop/AutoQueryChatbot/.airflow-venv/lib/python3.12/site-packages/airflow/example_dags/example_params_ui_tutorial.py
[2026-09-19T15:58:18.860+0200] {processor.py:914} INFO - Processing file /Users/swarnalidatta/Desktop/AutoQueryChatbot/.airflow-venv/lib/python3.12/site-packages/airflow/example_dags/example_params_ui_tutorial.py for tasks to queue
[2026-09-19T15:58:18.860+0200] {logging_mixin.py:190} INFO - [2026-09-19T15:58:18.860+0200] {dagbag.py:588} INFO - Filling up the DagBag from /Users/swarnalidatta/Desktop/AutoQueryChatbot/.airflow-venv/lib/python3.12/site-packages/airflow/example_dags/example_params_ui_tutorial.py
[2026-09-19T15:58:18.872+0200] {processor.py:925} INFO - DAG(s) 'example_params_ui_tutorial' retrieved from /Users/swarnalidatta/Desktop/AutoQueryChatbot/.airflow-venv/lib/python3.12/site-packages/airflow/example_dags/example_params_ui_tutorial.py
[2026-09-19T15:58:18.924+0200] {logging_mixin.py:190} INFO - [2026-09-19T15:58:18.924+0200] {dag.py:3239} INFO - Sync 1 DAGs
[2026-09-19T15:58:18.927+0200] {logging_mixin.py:190} INFO - [2026-09-19T15:58:18.927+0200] {dag.py:4180} INFO - Setting next_dagrun for example_params_ui_tutorial to None, run_after=None
[2026-09-19T15:58:18.932+0200] {processor.py:208} INFO - Processing /Users/swarnalidatta/Desktop/AutoQueryChatbot/.airflow-venv/lib/python3.12/site-packages/airflow/example_dags/example_params_ui_tutorial.py took 0.074 seconds
[2026-09-19T17:45:36.498+0200] {processor.py:186} INFO - Started process (PID=5011) to work on /Users/swarnalidatta/Desktop/AutoQueryChatbot/.airflow-venv/lib/python3.12/site-packages/airflow/example_dags/example_params_ui_tutorial.py
[2026-09-19T17:45:36.499+0200] {processor.py:914} INFO - Processing file /Users/swarnalidatta/Desktop/AutoQueryChatbot/.airflow-venv/lib/python3.12/site-packages/airflow/example_dags/example_params_ui_tutorial.py for tasks to queue
[2026-09-19T17:45:36.499+0200] {logging_mixin.py:190} INFO - [2026-09-19T17:45:36.499+0200] {dagbag.py:588} INFO - Filling up the DagBag from /Users/swarnalidatta/Desktop/AutoQueryChatbot/.airflow-venv/lib/python3.12/site-packages/airflow/example_dags/example_params_ui_tutorial.py
[2026-09-19T17:45:36.512+0200] {processor.py:925} INFO - DAG(s) 'example_params_ui_tutorial' retrieved from /Users/swarnalidatta/Desktop/AutoQueryChatbot/.airflow-venv/lib/python3.12/site-packages/airflow/example_dags/example_params_ui_tutorial.py
[2026-09-19T17:45:36.562+0200] {logging_mixin.py:190} INFO - [2026-09-19T17:45:36.562+0200] {dag.py:3239} INFO - Sync 1 DAGs
[2026-09-19T17:45:36.565+0200] {logging_mixin.py:190} INFO - [2026-09-19T17:45:36.565+0200] {dag.py:4180} INFO - Setting next_dagrun for example_params_ui_tutorial to None, run_after=None
[2026-09-19T17:45:36.570+0200] {processor.py:208} INFO - Processing /Users/swarnalidatta/Desktop/AutoQueryChatbot/.airflow-venv/lib/python3.12/site-packages/airflow/example_dags/example_params_ui_tutorial.py took 0.073 seconds
[2026-09-19T21:04:44.159+0200] {processor.py:186} INFO - Started process (PID=5303) to work on /Users/swarnalidatta/Desktop/AutoQueryChatbot/.airflow-venv/lib/python3.12/site-packages/airflow/example_dags/example_params_ui_tutorial.py
[2026-09-19T21:04:44.159+0200] {processor.py:914} INFO - Processing file /Users/swarnalidatta/Desktop/AutoQueryChatbot/.airflow-venv/lib/python3.12/site-packages/airflow/example_dags/example_params_ui_tutorial.py for tasks to queue
[2026-09-19T21:04:44.160+0200] {logging_mixin.py:190} INFO - [2026-09-19T21:04:44.159+0200] {dagbag.py:588} INFO - Filling up the DagBag from /Users/swarnalidatta/Desktop/AutoQueryChatbot/.airflow-venv/lib/python3.12/site-packages/airflow/example_dags/example_params_ui_tutorial.py
[2026-09-19T21:04:44.172+0200] {processor.py:925} INFO - DAG(s) 'example_params_ui_tutorial' retrieved from /Users/swarnalidatta/Desktop/AutoQueryChatbot/.airflow-venv/lib/python3.12/site-packages/airflow/example_dags/example_params_ui_tutorial.py
[2026-09-19T21:04:44.223+0200] {logging_mixin.py:190} INFO - [2026-09-19T21:04:44.223+0200] {dag.py:3239} INFO - Sync 1 DAGs
[2026-09-19T21:04:44.226+0200] {logging_mixin.py:190} INFO - [2026-09-19T21:04:44.226+0200] {dag.py:4180} INFO - Setting next_dagrun for example_params_ui_tutorial to None, run_after=None
[2026-09-19T21:04:44.231+0200] {processor.py:208} INFO - Processing /Users/swarnalidatta/Desktop/AutoQueryChatbot/.airflow-venv/lib/python3.12/site-packages/airflow/example_dags/example_params_ui_tutorial.py took 0.073 seconds
[2026-09-20T00:33:14.012+0200] {processor.py:186} INFO - Started process (PID=5603) to work on /Users/swarnalidatta/Desktop/AutoQueryChatbot/.airflow-venv/lib/python3.12/site-packages/airflow/example_dags/example_params_ui_tutorial.py
[2026-09-20T00:33:14.012+0200] {processor.py:914} INFO - Processing file /Users/swarnalidatta/Desktop/AutoQueryChatbot/.airflow-venv/lib/python3.12/site-packages/airflow/example_dags/example_params_ui_tutorial.py for tasks to queue
[2026-09-20T00:33:14.013+0200] {logging_mixin.py:190} INFO - [2026-09-20T00:33:14.013+0200] {dagbag.py:588} INFO - Filling up the DagBag from /Users/swarnalidatta/Desktop/AutoQueryChatbot/.airflow-venv/lib/python3.12/site-packages/airflow/example_dags/example_params_ui_tutorial.py
[2026-09-20T00:33:14.025+0200] {processor.py:925} INFO - DAG(s) 'example_params_ui_tutorial' retrieved from /Users/swarnalidatta/Desktop/AutoQueryChatbot/.airflow-venv/lib/python3.12/site-packages/airflow/example_dags/example_params_ui_tutorial.py
[2026-09-20T00:33:14.105+0200] {logging_mixin.py:190} INFO - [2026-09-20T00:33:14.105+0200] {dag.py:3239} INFO - Sync 1 DAGs
[2026-09-20T00:33:14.107+0200] {logging_mixin.py:190} INFO - [2026-09-20T00:33:14.107+0200] {dag.py:4180} INFO - Setting next_dagrun for example_params_ui_tutorial to None, run_after=None
[2026-09-20T00:33:14.112+0200] {processor.py:208} INFO - Processing /Users/swarnalidatta/Desktop/AutoQueryChatbot/.airflow-venv/lib/python3.12/site-packages/airflow/example_dags/example_params_ui_tutorial.py took 0.101 seconds
