[2026-09-19T06:01:05.828+0200] {processor.py:186} INFO - Started process (PID=3802) to work on /Users/swarnalidatta/Desktop/AutoQueryChatbot/.airflow-venv/lib/python3.12/site-packages/airflow/example_dags/example_time_delta_sensor_async.py
[2026-09-19T06:01:05.829+0200] {processor.py:914} INFO - Processing file /Users/swarnalidatta/Desktop/AutoQueryChatbot/.airflow-venv/lib/python3.12/site-packages/airflow/example_dags/example_time_delta_sensor_async.py for tasks to queue
[2026-09-19T06:01:05.829+0200] {logging_mixin.py:190} INFO - [2026-09-19T06:01:05.829+0200] {dagbag.py:588} INFO - Filling up the DagBag from /Users/swarnalidatta/Desktop/AutoQueryChatbot/.airflow-venv/lib/python3.12/site-packages/airflow/example_dags/example_time_delta_sensor_async.py
[2026-09-19T06:01:05.831+0200] {processor.py:925} INFO - DAG(s) 'example_time_delta_sensor_async' retrieved from /Users/swarnalidatta/Desktop/AutoQueryChatbot/.airflow-venv/lib/python3.12/site-packages/airflow/example_dags/example_time_delta_sensor_async.py
[2026-09-19T06:01:06.020+0200] {logging_mixin.py:190} INFO - [2026-09-19T06:01:06.020+0200] {dag.py:3239} INFO - Sync 1 DAGs
[2026-09-19T06:01:06.023+0200] {logging_mixin.py:190} INFO - [2026-09-19T06:01:06.023+0200] {dag.py:4180} INFO - Setting next_dagrun for example_time_delta_sensor_async to None, run_after=None
[2026-09-19T06:01:06.028+0200] {processor.py:208} INFO - Processing /Users/swarnalidatta/Desktop/AutoQueryChatbot/.airflow-venv/lib/python3.12/site-packages/airflow/example_dags/example_time_delta_sensor_async.py took 0.201 seconds
[2026-09-19T10:03:59.159+0200] {processor.py:186} INFO - Started process (PID=4123) to work on /Users/swarnalidatta/Desktop/AutoQueryChatbot/.airflow-venv/lib/python3.12/site-packages/airflow/example_dags/example_time_delta_sensor_async.py
[2026-09-19T10:03:59.160+0200] {processor.py:914} INFO - Processing file /Users/swarnalidatta/Desktop/AutoQueryChatbot/.airflow-venv/lib/python3.12/site-packages/airflow/example_dags/example_time_delta_sensor_async.py for tasks to queue
[2026-09-19T10:03:59.161+0200] {logging_mixin.py:190} INFO - [2026-09-19T10:03:59.161+0200] {dagbag.py:588} INFO - Filling up the DagBag from /Users/swarnalidatta/Desktop/AutoQueryChatbot/.airflow-venv/lib/python3.12/site-packages/airflow/example_dags/example_time_delta_sensor_async.py
[2026-09-19T10:03:59.163+0200] {processor.py:925} INFO - DAG(s) 'example_time_delta_sensor_async' retrieved from /Users/swarnalidatta/Desktop/AutoQueryChatbot/.airflow-venv/lib/python3.12/site-packages/airflow/example_dags/example_time_delta_sensor_async.py
[2026-09-19T10:03:59.354+0200] {logging_mixin.py:190} INFO - [2026-09-19T10:03:59.354+0200] {dag.py:3239} INFO - Sync 1 DAGs
[2026-09-19T10:03:59.357+0200] {logging_mixin.py:190} INFO - [2026-09-19T10:03:59.357+0200] {dag.py:4180} INFO - Setting next_dagrun for example_time_delta_sensor_async to None, run_after=None
[2026-09-19T10:03:59.362+0200] {processor.py:208} INFO - Processing /Users/swarnalidatta/Desktop/AutoQueryChatbot/.airflow-venv/lib/python3.12/site-packages/airflow/example_dags/example_time_delta_sensor_async.py took 0.204 seconds
[2026-09-19T13:28:03.881+0200] {processor.py:186} INFO - Started process (PID=4420) to work on /Users/swarnalidatta/Desktop/AutoQueryChatbot/.airflow-venv/lib/python3.12/site-packages/airflow/example_dags/example_time_delta_sensor_async.py
[2026-09-19T13:28:03.882+0200] {processor.py:914} INFO - Processing file /Users/swarnalidatta/Desktop/AutoQueryChatbot/.airflow-venv/lib/python3.12/site-packages/airflow/example_dags/example_time_delta_sensor_async.py for tasks to queue
[2026-09-19T13:28:03.883+0200] {logging_mixin.py:190} INFO - [2026-09-19T13:28:03.882+0200] {dagbag.py:588} INFO - Filling up the DagBag from /Users/swarnalidatta/Desktop/AutoQueryChatbot/.airflow-venv/lib/python3.12/site-packages/airflow/example_dags/example_time_delta_sensor_async.py
[2026-09-19T13:28:03.888+0200] {processor.py:925} INFO - DAG(s) 'example_time_delta_sensor_async' retrieved from /Users/swarnalidatta/Desktop/AutoQueryChatbot/.airflow-venv/lib/python3.12/site-packages/airflow/example_dags/example_time_delta_sensor_async.py
[2026-09-19T13:28:04.273+0200] {logging_mixin.py:190} INFO - [2026-09-19T13:28:04.273+0200] {dag.py:3239} INFO - Sync 1 DAGs
[2026-09-19T13:28:04.280+0200] {logging_mixin.py:190} INFO - [2026-09-19T13:28:04.280+0200] {dag.py:4180} INFO - Setting next_dagrun for example_time_delta_sensor_async to None, run_after=None
[2026-09-19T13:28:04.289+0200] {processor.py:208} INFO - Processing /Users/swarnalidatta/Desktop/AutoQueryChatbot/.airflow-venv/lib/python3.12/site-packages/airflow/example_dags/example_time_delta_sensor_async.py took 0.410 seconds
[2026-09-19T15:31:58.115+0200] {processor.py:186} INFO - Started process (PID=4695) to work on /Users/swarnalidatta/Desktop/AutoQueryChatbot/.airflow-venv/lib/python3.12/site-packages/airflow/example_dags/example_time_delta_sensor_async.py
[2026-09-19T15:31:58.115+0200] {processor.py:914} INFO - Processing file /Users/swarnalidatta/Desktop/AutoQueryChatbot/.airflow-venv/lib/python3.12/site-packages/airflow/example_dags/example_time_delta_sensor_async.py for tasks to queue
[2026-09-19T15:31:58.116+0200] {logging_mixin.py:190} INFO - [2026-09-19T15:31:58.115+0200] {dagbag.py:588} INFO - Filling up the DagBag from /Users/swarnalidatta/Desktop/AutoQueryChatbot/.airflow-venv/lib/python3.12/site-packages/airflow/example_dags/example_time_delta_sensor_async.py
[2026-09-19T15:31:58.118+0200] {processor.py:925} INFO - DAG(s) 'example_time_delta_sensor_async' retrieved from /Users/swarnalidatta/Desktop/AutoQueryChatbot/.airflow-venv/lib/python3.12/site-packages/airflow/example_dags/example_time_delta_sensor_async.py
[2026-09-19T15:31:58.310+0200] {logging_mixin.py:190} INFO - [2026-09-19T15:31:58.310+0200] {dag.py:3239} INFO - Sync 1 DAGs
[2026-09-19T15:31:58.314+0200] {logging_mixin.py:190} INFO - [2026-09-19T15:31:58.314+0200] {dag.py:4180} INFO - Setting next_dagrun for example_time_delta_sensor_async to None, run_after=None
[2026-09-19T15:31:58.319+0200] {processor.py:208} INFO - Processing /Users/swarnalidatta/Desktop/AutoQueryChatbot/.airflow-venv/lib/python3.12/site-packages/airflow/example_dags/example_time_delta_sensor_async.py took 0.205 seconds
[2026-09-19T16:38:33.315+0200] {processor.py:186} INFO - Started process (PID=4936) to work on /Users/swarnalidatta/Desktop/AutoQueryChatbot/.airflow-venv/lib/python3.12/site-packages/airflow/example_dags/example_time_delta_sensor_async.py
[2026-09-19T16:38:33.316+0200] {processor.py:914} INFO - Processing file /Users/swarnalidatta/Desktop/AutoQueryChatbot/.airflow-venv/lib/python3.12/site-packages/airflow/example_dags/example_time_delta_sensor_async.py for tasks to queue
[2026-09-19T16:38:33.316+0200] {logging_mixin.py:190} INFO - [2026-09-19T16:38:33.316+0200] {dagbag.py:588} INFO - Filling up the DagBag from /Users/swarnalidatta/Desktop/AutoQueryChatbot/.airflow-venv/lib/python3.12/site-packages/airflow/example_dags/example_time_delta_sensor_async.py
[2026-09-19T16:38:33.319+0200] {processor.py:925} INFO - DAG(s) 'example_time_delta_sensor_async' retrieved from /Users/swarnalidatta/Desktop/AutoQueryChatbot/.airflow-venv/lib/python3.12/site-packages/airflow/example_dags/example_time_delta_sensor_async.py
[2026-09-19T16:38:33.507+0200] {logging_mixin.py:190} INFO - [2026-09-19T16:38:33.507+0200] {dag.py:3239} INFO - Sync 1 DAGs
[2026-09-19T16:38:33.510+0200] {logging_mixin.py:190} INFO - [2026-09-19T16:38:33.510+0200] {dag.py:4180} INFO - Setting next_dagrun for example_time_delta_sensor_async to None, run_after=None
[2026-09-19T16:38:33.515+0200] {processor.py:208} INFO - Processing /Users/swarnalidatta/Desktop/AutoQueryChatbot/.airflow-venv/lib/python3.12/site-packages/airflow/example_dags/example_time_delta_sensor_async.py took 0.201 seconds
[2026-09-19T20:02:20.525+0200] {processor.py:186} INFO - Started process (PID=5224) to work on /Users/swarnalidatta/Desktop/AutoQueryChatbot/.airflow-venv/lib/python3.12/site-packages/airflow/example_dags/example_time_delta_sensor_async.py
[2026-09-19T20:02:20.525+0200] {processor.py:914} INFO - Processing file /Users/swarnalidatta/Desktop/AutoQueryChatbot/.airflow-venv/lib/python3.12/site-packages/airflow/example_dags/example_time_delta_sensor_async.py for tasks to queue
[2026-09-19T20:02:20.526+0200] {logging_mixin.py:190} INFO - [2026-09-19T20:02:20.526+0200] {dagbag.py:588} INFO - Filling up the DagBag from /Users/swarnalidatta/Desktop/AutoQueryChatbot/.airflow-venv/lib/python3.12/site-packages/airflow/example_dags/example_time_delta_sensor_async.py
[2026-09-19T20:02:20.528+0200] {processor.py:925} INFO - DAG(s) 'example_time_delta_sensor_async' retrieved from /Users/swarnalidatta/Desktop/AutoQueryChatbot/.airflow-venv/lib/python3.12/site-packages/airflow/example_dags/example_time_delta_sensor_async.py
[2026-09-19T20:02:20.719+0200] {logging_mixin.py:190} INFO - [2026-09-19T20:02:20.719+0200] {dag.py:3239} INFO - Sync 1 DAGs
[2026-09-19T20:02:20.723+0200] {logging_mixin.py:190} INFO - [2026-09-19T20:02:20.722+0200] {dag.py:4180} INFO - Setting next_dagrun for example_time_delta_sensor_async to None, run_after=None
[2026-09-19T20:02:20.727+0200] {processor.py:208} INFO - Processing /Users/swarnalidatta/Desktop/AutoQueryChatbot/.airflow-venv/lib/python3.12/site-packages/airflow/example_dags/example_time_delta_sensor_async.py took 0.203 seconds
[2026-09-19T23:47:26.925+0200] {processor.py:186} INFO - Started process (PID=5518) to work on /Users/swarnalidatta/Desktop/AutoQueryChatbot/.airflow-venv/lib/python3.12/site-packages/airflow/example_dags/example_time_delta_sensor_async.py
[2026-09-19T23:47:26.925+0200] {processor.py:914} INFO - Processing file /Users/swarnalidatta/Desktop/AutoQueryChatbot/.airflow-venv/lib/python3.12/site-packages/airflow/example_dags/example_time_delta_sensor_async.py for tasks to queue
[2026-09-19T23:47:26.925+0200] {logging_mixin.py:190} INFO - [2026-09-19T23:47:26.925+0200] {dagbag.py:588} INFO - Filling up the DagBag from /Users/swarnalidatta/Desktop/AutoQueryChatbot/.airflow-venv/lib/python3.12/site-packages/airflow/example_dags/example_time_delta_sensor_async.py
[2026-09-19T23:47:26.927+0200] {processor.py:925} INFO - DAG(s) 'example_time_delta_sensor_async' retrieved from /Users/swarnalidatta/Desktop/AutoQueryChatbot/.airflow-venv/lib/python3.12/site-packages/airflow/example_dags/example_time_delta_sensor_async.py
[2026-09-19T23:47:27.114+0200] {logging_mixin.py:190} INFO - [2026-09-19T23:47:27.114+0200] {dag.py:3239} INFO - Sync 1 DAGs
[2026-09-19T23:47:27.118+0200] {logging_mixin.py:190} INFO - [2026-09-19T23:47:27.118+0200] {dag.py:4180} INFO - Setting next_dagrun for example_time_delta_sensor_async to None, run_after=None
[2026-09-19T23:47:27.122+0200] {processor.py:208} INFO - Processing /Users/swarnalidatta/Desktop/AutoQueryChatbot/.airflow-venv/lib/python3.12/site-packages/airflow/example_dags/example_time_delta_sensor_async.py took 0.199 seconds
