[2026-09-19T03:33:08.168+0200] {processor.py:186} INFO - Started process (PID=3644) to work on /Users/swarnalidatta/Desktop/AutoQueryChatbot/.airflow-venv/lib/python3.12/site-packages/airflow/example_dags/example_dynamic_task_mapping.py
[2026-09-19T03:33:08.169+0200] {processor.py:914} INFO - Processing file /Users/swarnalidatta/Desktop/AutoQueryChatbot/.airflow-venv/lib/python3.12/site-packages/airflow/example_dags/example_dynamic_task_mapping.py for tasks to queue
[2026-09-19T03:33:08.169+0200] {logging_mixin.py:190} INFO - [2026-09-19T03:33:08.169+0200] {dagbag.py:588} INFO - Filling up the DagBag from /Users/swarnalidatta/Desktop/AutoQueryChatbot/.airflow-venv/lib/python3.12/site-packages/airflow/example_dags/example_dynamic_task_mapping.py
[2026-09-19T03:33:08.181+0200] {processor.py:925} INFO - DAG(s) 'example_dynamic_task_mapping' retrieved from /Users/swarnalidatta/Desktop/AutoQueryChatbot/.airflow-venv/lib/python3.12/site-packages/airflow/example_dags/example_dynamic_task_mapping.py
[2026-09-19T03:33:08.225+0200] {logging_mixin.py:190} INFO - [2026-09-19T03:33:08.205+0200] {dag.py:3239} INFO - Sync 1 DAGs
[2026-09-19T03:33:08.228+0200] {logging_mixin.py:190} INFO - [2026-09-19T03:33:08.228+0200] {dag.py:4180} INFO - Setting next_dagrun for example_dynamic_task_mapping to None, run_after=None
[2026-09-19T03:33:08.233+0200] {processor.py:208} INFO - Processing /Users/swarnalidatta/Desktop/AutoQueryChatbot/.airflow-venv/lib/python3.12/site-packages/airflow/example_dags/example_dynamic_task_mapping.py took 0.065 seconds
[2026-09-19T07:46:14.470+0200] {processor.py:186} INFO - Started process (PID=3964) to work on /Users/swarnalidatta/Desktop/AutoQueryChatbot/.airflow-venv/lib/python3.12/site-packages/airflow/example_dags/example_dynamic_task_mapping.py
[2026-09-19T07:46:14.471+0200] {processor.py:914} INFO - Processing file /Users/swarnalidatta/Desktop/AutoQueryChatbot/.airflow-venv/lib/python3.12/site-packages/airflow/example_dags/example_dynamic_task_mapping.py for tasks to queue
[2026-09-19T07:46:14.471+0200] {logging_mixin.py:190} INFO - [2026-09-19T07:46:14.471+0200] {dagbag.py:588} INFO - Filling up the DagBag from /Users/swarnalidatta/Desktop/AutoQueryChatbot/.airflow-venv/lib/python3.12/site-packages/airflow/example_dags/example_dynamic_task_mapping.py
[2026-09-19T07:46:14.484+0200] {processor.py:925} INFO - DAG(s) 'example_dynamic_task_mapping' retrieved from /Users/swarnalidatta/Desktop/AutoQueryChatbot/.airflow-venv/lib/python3.12/site-packages/airflow/example_dags/example_dynamic_task_mapping.py
[2026-09-19T07:46:14.535+0200] {logging_mixin.py:190} INFO - [2026-09-19T07:46:14.512+0200] {dag.py:3239} INFO - Sync 1 DAGs
[2026-09-19T07:46:14.538+0200] {logging_mixin.py:190} INFO - [2026-09-19T07:46:14.538+0200] {dag.py:4180} INFO - Setting next_dagrun for example_dynamic_task_mapping to None, run_after=None
[2026-09-19T07:46:14.543+0200] {processor.py:208} INFO - Processing /Users/swarnalidatta/Desktop/AutoQueryChatbot/.airflow-venv/lib/python3.12/site-packages/airflow/example_dags/example_dynamic_task_mapping.py took 0.074 seconds
[2026-09-19T11:53:03.766+0200] {processor.py:186} INFO - Started process (PID=4266) to work on /Users/swarnalidatta/Desktop/AutoQueryChatbot/.airflow-venv/lib/python3.12/site-packages/airflow/example_dags/example_dynamic_task_mapping.py
[2026-09-19T11:53:03.767+0200] {processor.py:914} INFO - Processing file /Users/swarnalidatta/Desktop/AutoQueryChatbot/.airflow-venv/lib/python3.12/site-packages/airflow/example_dags/example_dynamic_task_mapping.py for tasks to queue
[2026-09-19T11:53:03.768+0200] {logging_mixin.py:190} INFO - [2026-09-19T11:53:03.768+0200] {dagbag.py:588} INFO - Filling up the DagBag from /Users/swarnalidatta/Desktop/AutoQueryChatbot/.airflow-venv/lib/python3.12/site-packages/airflow/example_dags/example_dynamic_task_mapping.py
[2026-09-19T11:53:03.780+0200] {processor.py:925} INFO - DAG(s) 'example_dynamic_task_mapping' retrieved from /Users/swarnalidatta/Desktop/AutoQueryChatbot/.airflow-venv/lib/python3.12/site-packages/airflow/example_dags/example_dynamic_task_mapping.py
[2026-09-19T11:53:03.825+0200] {logging_mixin.py:190} INFO - [2026-09-19T11:53:03.804+0200] {dag.py:3239} INFO - Sync 1 DAGs
[2026-09-19T11:53:03.828+0200] {logging_mixin.py:190} INFO - [2026-09-19T11:53:03.828+0200] {dag.py:4180} INFO - Setting next_dagrun for example_dynamic_task_mapping to None, run_after=None
[2026-09-19T11:53:03.833+0200] {processor.py:208} INFO - Processing /Users/swarnalidatta/Desktop/AutoQueryChatbot/.airflow-venv/lib/python3.12/site-packages/airflow/example_dags/example_dynamic_task_mapping.py took 0.068 seconds
[2026-09-19T14:52:49.949+0200] {processor.py:186} INFO - Started process (PID=4552) to work on /Users/swarnalidatta/Desktop/AutoQueryChatbot/.airflow-venv/lib/python3.12/site-packages/airflow/example_dags/example_dynamic_task_mapping.py
[2026-09-19T14:52:49.950+0200] {processor.py:914} INFO - Processing file /Users/swarnalidatta/Desktop/AutoQueryChatbot/.airflow-venv/lib/python3.12/site-packages/airflow/example_dags/example_dynamic_task_mapping.py for tasks to queue
[2026-09-19T14:52:49.950+0200] {logging_mixin.py:190} INFO - [2026-09-19T14:52:49.950+0200] {dagbag.py:588} INFO - Filling up the DagBag from /Users/swarnalidatta/Desktop/AutoQueryChatbot/.airflow-venv/lib/python3.12/site-packages/airflow/example_dags/example_dynamic_task_mapping.py
[2026-09-19T14:52:49.962+0200] {processor.py:925} INFO - DAG(s) 'example_dynamic_task_mapping' retrieved from /Users/swarnalidatta/Desktop/AutoQueryChatbot/.airflow-venv/lib/python3.12/site-packages/airflow/example_dags/example_dynamic_task_mapping.py
[2026-09-19T14:52:50.006+0200] {logging_mixin.py:190} INFO - [2026-09-19T14:52:49.986+0200] {dag.py:3239} INFO - Sync 1 DAGs
[2026-09-19T14:52:50.009+0200] {logging_mixin.py:190} INFO - [2026-09-19T14:52:50.009+0200] {dag.py:4180} INFO - Setting next_dagrun for example_dynamic_task_mapping to None, run_after=None
[2026-09-19T14:52:50.014+0200] {processor.py:208} INFO - Processing /Users/swarnalidatta/Desktop/AutoQueryChatbot/.airflow-venv/lib/python3.12/site-packages/airflow/example_dags/example_dynamic_task_mapping.py took 0.066 seconds
[2026-09-19T16:07:16.966+0200] {processor.py:186} INFO - Started process (PID=4805) to work on /Users/swarnalidatta/Desktop/AutoQueryChatbot/.airflow-venv/lib/python3.12/site-packages/airflow/example_dags/example_dynamic_task_mapping.py
[2026-09-19T16:07:16.967+0200] {processor.py:914} INFO - Processing file /Users/swarnalidatta/Desktop/AutoQueryChatbot/.airflow-venv/lib/python3.12/site-packages/airflow/example_dags/example_dynamic_task_mapping.py for tasks to queue
[2026-09-19T16:07:16.967+0200] {logging_mixin.py:190} INFO - [2026-09-19T16:07:16.967+0200] {dagbag.py:588} INFO - Filling up the DagBag from /Users/swarnalidatta/Desktop/AutoQueryChatbot/.airflow-venv/lib/python3.12/site-packages/airflow/example_dags/example_dynamic_task_mapping.py
[2026-09-19T16:07:16.979+0200] {processor.py:925} INFO - DAG(s) 'example_dynamic_task_mapping' retrieved from /Users/swarnalidatta/Desktop/AutoQueryChatbot/.airflow-venv/lib/python3.12/site-packages/airflow/example_dags/example_dynamic_task_mapping.py
[2026-09-19T16:07:17.024+0200] {logging_mixin.py:190} INFO - [2026-09-19T16:07:17.004+0200] {dag.py:3239} INFO - Sync 1 DAGs
[2026-09-19T16:07:17.027+0200] {logging_mixin.py:190} INFO - [2026-09-19T16:07:17.027+0200] {dag.py:4180} INFO - Setting next_dagrun for example_dynamic_task_mapping to None, run_after=None
[2026-09-19T16:07:17.032+0200] {processor.py:208} INFO - Processing /Users/swarnalidatta/Desktop/AutoQueryChatbot/.airflow-venv/lib/python3.12/site-packages/airflow/example_dags/example_dynamic_task_mapping.py took 0.067 seconds
[2026-09-19T18:08:11.403+0200] {processor.py:186} INFO - Started process (PID=5055) to work on /Users/swarnalidatta/Desktop/AutoQueryChatbot/.airflow-venv/lib/python3.12/site-packages/airflow/example_dags/example_dynamic_task_mapping.py
[2026-09-19T18:08:11.404+0200] {processor.py:914} INFO - Processing file /Users/swarnalidatta/Desktop/AutoQueryChatbot/.airflow-venv/lib/python3.12/site-packages/airflow/example_dags/example_dynamic_task_mapping.py for tasks to queue
[2026-09-19T18:08:11.404+0200] {logging_mixin.py:190} INFO - [2026-09-19T18:08:11.404+0200] {dagbag.py:588} INFO - Filling up the DagBag from /Users/swarnalidatta/Desktop/AutoQueryChatbot/.airflow-venv/lib/python3.12/site-packages/airflow/example_dags/example_dynamic_task_mapping.py
[2026-09-19T18:08:11.416+0200] {processor.py:925} INFO - DAG(s) 'example_dynamic_task_mapping' retrieved from /Users/swarnalidatta/Desktop/AutoQueryChatbot/.airflow-venv/lib/python3.12/site-packages/airflow/example_dags/example_dynamic_task_mapping.py
[2026-09-19T18:08:11.460+0200] {logging_mixin.py:190} INFO - [2026-09-19T18:08:11.440+0200] {dag.py:3239} INFO - Sync 1 DAGs
[2026-09-19T18:08:11.463+0200] {logging_mixin.py:190} INFO - [2026-09-19T18:08:11.463+0200] {dag.py:4180} INFO - Setting next_dagrun for example_dynamic_task_mapping to None, run_after=None
[2026-09-19T18:08:11.468+0200] {processor.py:208} INFO - Processing /Users/swarnalidatta/Desktop/AutoQueryChatbot/.airflow-venv/lib/python3.12/site-packages/airflow/example_dags/example_dynamic_task_mapping.py took 0.065 seconds
[2026-09-19T21:47:56.825+0200] {processor.py:186} INFO - Started process (PID=5365) to work on /Users/swarnalidatta/Desktop/AutoQueryChatbot/.airflow-venv/lib/python3.12/site-packages/airflow/example_dags/example_dynamic_task_mapping.py
[2026-09-19T21:47:56.825+0200] {processor.py:914} INFO - Processing file /Users/swarnalidatta/Desktop/AutoQueryChatbot/.airflow-venv/lib/python3.12/site-packages/airflow/example_dags/example_dynamic_task_mapping.py for tasks to queue
[2026-09-19T21:47:56.825+0200] {logging_mixin.py:190} INFO - [2026-09-19T21:47:56.825+0200] {dagbag.py:588} INFO - Filling up the DagBag from /Users/swarnalidatta/Desktop/AutoQueryChatbot/.airflow-venv/lib/python3.12/site-packages/airflow/example_dags/example_dynamic_task_mapping.py
[2026-09-19T21:47:56.838+0200] {processor.py:925} INFO - DAG(s) 'example_dynamic_task_mapping' retrieved from /Users/swarnalidatta/Desktop/AutoQueryChatbot/.airflow-venv/lib/python3.12/site-packages/airflow/example_dags/example_dynamic_task_mapping.py
[2026-09-19T21:47:56.884+0200] {logging_mixin.py:190} INFO - [2026-09-19T21:47:56.863+0200] {dag.py:3239} INFO - Sync 1 DAGs
[2026-09-19T21:47:56.887+0200] {logging_mixin.py:190} INFO - [2026-09-19T21:47:56.887+0200] {dag.py:4180} INFO - Setting next_dagrun for example_dynamic_task_mapping to None, run_after=None
[2026-09-19T21:47:56.892+0200] {processor.py:208} INFO - Processing /Users/swarnalidatta/Desktop/AutoQueryChatbot/.airflow-venv/lib/python3.12/site-packages/airflow/example_dags/example_dynamic_task_mapping.py took 0.069 seconds
[2026-09-20T00:50:11.127+0200] {processor.py:186} INFO - Started process (PID=5658) to work on /Users/swarnalidatta/Desktop/AutoQueryChatbot/.airflow-venv/lib/python3.12/site-packages/airflow/example_dags/example_dynamic_task_mapping.py
[2026-09-20T00:50:11.127+0200] {processor.py:914} INFO - Processing file /Users/swarnalidatta/Desktop/AutoQueryChatbot/.airflow-venv/lib/python3.12/site-packages/airflow/example_dags/example_dynamic_task_mapping.py for tasks to queue
[2026-09-20T00:50:11.127+0200] {logging_mixin.py:190} INFO - [2026-09-20T00:50:11.127+0200] {dagbag.py:588} INFO - Filling up the DagBag from /Users/swarnalidatta/Desktop/AutoQueryChatbot/.airflow-venv/lib/python3.12/site-packages/airflow/example_dags/example_dynamic_task_mapping.py
[2026-09-20T00:50:11.139+0200] {processor.py:925} INFO - DAG(s) 'example_dynamic_task_mapping' retrieved from /Users/swarnalidatta/Desktop/AutoQueryChatbot/.airflow-venv/lib/python3.12/site-packages/airflow/example_dags/example_dynamic_task_mapping.py
[2026-09-20T00:50:11.183+0200] {logging_mixin.py:190} INFO - [2026-09-20T00:50:11.163+0200] {dag.py:3239} INFO - Sync 1 DAGs
[2026-09-20T00:50:11.186+0200] {logging_mixin.py:190} INFO - [2026-09-20T00:50:11.186+0200] {dag.py:4180} INFO - Setting next_dagrun for example_dynamic_task_mapping to None, run_after=None
[2026-09-20T00:50:11.191+0200] {processor.py:208} INFO - Processing /Users/swarnalidatta/Desktop/AutoQueryChatbot/.airflow-venv/lib/python3.12/site-packages/airflow/example_dags/example_dynamic_task_mapping.py took 0.065 seconds
