[2026-09-19T03:50:49.438+0200] {processor.py:186} INFO - Started process (PID=3660) to work on /Users/swarnalidatta/Desktop/AutoQueryChatbot/.airflow-venv/lib/python3.12/site-packages/airflow/example_dags/example_dataset_alias_with_no_taskflow.py
[2026-09-19T03:50:49.438+0200] {processor.py:914} INFO - Processing file /Users/swarnalidatta/Desktop/AutoQueryChatbot/.airflow-venv/lib/python3.12/site-packages/airflow/example_dags/example_dataset_alias_with_no_taskflow.py for tasks to queue
[2026-09-19T03:50:49.438+0200] {logging_mixin.py:190} INFO - [2026-09-19T03:50:49.438+0200] {dagbag.py:588} INFO - Filling up the DagBag from /Users/swarnalidatta/Desktop/AutoQueryChatbot/.airflow-venv/lib/python3.12/site-packages/airflow/example_dags/example_dataset_alias_with_no_taskflow.py
[2026-09-19T03:50:49.480+0200] {processor.py:925} INFO - DAG(s) 'dataset_s3_bucket_consumer_with_no_taskflow', 'dataset_alias_example_alias_consumer_with_no_taskflow', 'dataset_alias_example_alias_producer_with_no_taskflow', 'dataset_s3_bucket_producer_with_no_taskflow' retrieved from /Users/swarnalidatta/Desktop/AutoQueryChatbot/.airflow-venv/lib/python3.12/site-packages/airflow/example_dags/example_dataset_alias_with_no_taskflow.py
[2026-09-19T03:50:49.507+0200] {logging_mixin.py:190} INFO - [2026-09-19T03:50:49.507+0200] {dag.py:3239} INFO - Sync 4 DAGs
[2026-09-19T03:50:49.512+0200] {logging_mixin.py:190} INFO - [2026-09-19T03:50:49.512+0200] {dag.py:4180} INFO - Setting next_dagrun for dataset_alias_example_alias_consumer_with_no_taskflow to None, run_after=None
[2026-09-19T03:50:49.512+0200] {logging_mixin.py:190} INFO - [2026-09-19T03:50:49.512+0200] {dag.py:4180} INFO - Setting next_dagrun for dataset_alias_example_alias_producer_with_no_taskflow to None, run_after=None
[2026-09-19T03:50:49.513+0200] {logging_mixin.py:190} INFO - [2026-09-19T03:50:49.513+0200] {dag.py:4180} INFO - Setting next_dagrun for dataset_s3_bucket_consumer_with_no_taskflow to None, run_after=None
[2026-09-19T03:50:49.513+0200] {logging_mixin.py:190} INFO - [2026-09-19T03:50:49.513+0200] {dag.py:4180} INFO - Setting next_dagrun for dataset_s3_bucket_producer_with_no_taskflow to None, run_after=None
[2026-09-19T03:50:49.518+0200] {processor.py:208} INFO - Processing /Users/swarnalidatta/Desktop/AutoQueryChatbot/.airflow-venv/lib/python3.12/site-packages/airflow/example_dags/example_dataset_alias_with_no_taskflow.py took 0.082 seconds
[2026-09-19T08:01:58.666+0200] {processor.py:186} INFO - Started process (PID=3980) to work on /Users/swarnalidatta/Desktop/AutoQueryChatbot/.airflow-venv/lib/python3.12/site-packages/airflow/example_dags/example_dataset_alias_with_no_taskflow.py
[2026-09-19T08:01:58.666+0200] {processor.py:914} INFO - Processing file /Users/swarnalidatta/Desktop/AutoQueryChatbot/.airflow-venv/lib/python3.12/site-packages/airflow/example_dags/example_dataset_alias_with_no_taskflow.py for tasks to queue
[2026-09-19T08:01:58.667+0200] {logging_mixin.py:190} INFO - [2026-09-19T08:01:58.666+0200] {dagbag.py:588} INFO - Filling up the DagBag from /Users/swarnalidatta/Desktop/AutoQueryChatbot/.airflow-venv/lib/python3.12/site-packages/airflow/example_dags/example_dataset_alias_with_no_taskflow.py
[2026-09-19T08:01:58.708+0200] {processor.py:925} INFO - DAG(s) 'dataset_alias_example_alias_consumer_with_no_taskflow', 'dataset_s3_bucket_producer_with_no_taskflow', 'dataset_s3_bucket_consumer_with_no_taskflow', 'dataset_alias_example_alias_producer_with_no_taskflow' retrieved from /Users/swarnalidatta/Desktop/AutoQueryChatbot/.airflow-venv/lib/python3.12/site-packages/airflow/example_dags/example_dataset_alias_with_no_taskflow.py
[2026-09-19T08:01:58.738+0200] {logging_mixin.py:190} INFO - [2026-09-19T08:01:58.737+0200] {dag.py:3239} INFO - Sync 4 DAGs
[2026-09-19T08:01:58.743+0200] {logging_mixin.py:190} INFO - [2026-09-19T08:01:58.743+0200] {dag.py:4180} INFO - Setting next_dagrun for dataset_alias_example_alias_consumer_with_no_taskflow to None, run_after=None
[2026-09-19T08:01:58.743+0200] {logging_mixin.py:190} INFO - [2026-09-19T08:01:58.743+0200] {dag.py:4180} INFO - Setting next_dagrun for dataset_alias_example_alias_producer_with_no_taskflow to None, run_after=None
[2026-09-19T08:01:58.744+0200] {logging_mixin.py:190} INFO - [2026-09-19T08:01:58.744+0200] {dag.py:4180} INFO - Setting next_dagrun for dataset_s3_bucket_consumer_with_no_taskflow to None, run_after=None
[2026-09-19T08:01:58.744+0200] {logging_mixin.py:190} INFO - [2026-09-19T08:01:58.744+0200] {dag.py:4180} INFO - Setting next_dagrun for dataset_s3_bucket_producer_with_no_taskflow to None, run_after=None
[2026-09-19T08:01:58.749+0200] {processor.py:208} INFO - Processing /Users/swarnalidatta/Desktop/AutoQueryChatbot/.airflow-venv/lib/python3.12/site-packages/airflow/example_dags/example_dataset_alias_with_no_taskflow.py took 0.085 seconds
[2026-09-19T11:53:08.210+0200] {processor.py:186} INFO - Started process (PID=4276) to work on /Users/swarnalidatta/Desktop/AutoQueryChatbot/.airflow-venv/lib/python3.12/site-packages/airflow/example_dags/example_dataset_alias_with_no_taskflow.py
[2026-09-19T11:53:08.212+0200] {processor.py:914} INFO - Processing file /Users/swarnalidatta/Desktop/AutoQueryChatbot/.airflow-venv/lib/python3.12/site-packages/airflow/example_dags/example_dataset_alias_with_no_taskflow.py for tasks to queue
[2026-09-19T11:53:08.212+0200] {logging_mixin.py:190} INFO - [2026-09-19T11:53:08.212+0200] {dagbag.py:588} INFO - Filling up the DagBag from /Users/swarnalidatta/Desktop/AutoQueryChatbot/.airflow-venv/lib/python3.12/site-packages/airflow/example_dags/example_dataset_alias_with_no_taskflow.py
[2026-09-19T11:53:08.252+0200] {processor.py:925} INFO - DAG(s) 'dataset_s3_bucket_producer_with_no_taskflow', 'dataset_alias_example_alias_producer_with_no_taskflow', 'dataset_alias_example_alias_consumer_with_no_taskflow', 'dataset_s3_bucket_consumer_with_no_taskflow' retrieved from /Users/swarnalidatta/Desktop/AutoQueryChatbot/.airflow-venv/lib/python3.12/site-packages/airflow/example_dags/example_dataset_alias_with_no_taskflow.py
[2026-09-19T11:53:08.279+0200] {logging_mixin.py:190} INFO - [2026-09-19T11:53:08.279+0200] {dag.py:3239} INFO - Sync 4 DAGs
[2026-09-19T11:53:08.283+0200] {logging_mixin.py:190} INFO - [2026-09-19T11:53:08.283+0200] {dag.py:4180} INFO - Setting next_dagrun for dataset_alias_example_alias_consumer_with_no_taskflow to None, run_after=None
[2026-09-19T11:53:08.284+0200] {logging_mixin.py:190} INFO - [2026-09-19T11:53:08.284+0200] {dag.py:4180} INFO - Setting next_dagrun for dataset_alias_example_alias_producer_with_no_taskflow to None, run_after=None
[2026-09-19T11:53:08.284+0200] {logging_mixin.py:190} INFO - [2026-09-19T11:53:08.284+0200] {dag.py:4180} INFO - Setting next_dagrun for dataset_s3_bucket_consumer_with_no_taskflow to None, run_after=None
[2026-09-19T11:53:08.285+0200] {logging_mixin.py:190} INFO - [2026-09-19T11:53:08.284+0200] {dag.py:4180} INFO - Setting next_dagrun for dataset_s3_bucket_producer_with_no_taskflow to None, run_after=None
[2026-09-19T11:53:08.290+0200] {processor.py:208} INFO - Processing /Users/swarnalidatta/Desktop/AutoQueryChatbot/.airflow-venv/lib/python3.12/site-packages/airflow/example_dags/example_dataset_alias_with_no_taskflow.py took 0.080 seconds
[2026-09-19T15:09:00.291+0200] {processor.py:186} INFO - Started process (PID=4570) to work on /Users/swarnalidatta/Desktop/AutoQueryChatbot/.airflow-venv/lib/python3.12/site-packages/airflow/example_dags/example_dataset_alias_with_no_taskflow.py
[2026-09-19T15:09:00.291+0200] {processor.py:914} INFO - Processing file /Users/swarnalidatta/Desktop/AutoQueryChatbot/.airflow-venv/lib/python3.12/site-packages/airflow/example_dags/example_dataset_alias_with_no_taskflow.py for tasks to queue
[2026-09-19T15:09:00.292+0200] {logging_mixin.py:190} INFO - [2026-09-19T15:09:00.292+0200] {dagbag.py:588} INFO - Filling up the DagBag from /Users/swarnalidatta/Desktop/AutoQueryChatbot/.airflow-venv/lib/python3.12/site-packages/airflow/example_dags/example_dataset_alias_with_no_taskflow.py
[2026-09-19T15:09:00.331+0200] {processor.py:925} INFO - DAG(s) 'dataset_s3_bucket_consumer_with_no_taskflow', 'dataset_alias_example_alias_producer_with_no_taskflow', 'dataset_s3_bucket_producer_with_no_taskflow', 'dataset_alias_example_alias_consumer_with_no_taskflow' retrieved from /Users/swarnalidatta/Desktop/AutoQueryChatbot/.airflow-venv/lib/python3.12/site-packages/airflow/example_dags/example_dataset_alias_with_no_taskflow.py
[2026-09-19T15:09:00.358+0200] {logging_mixin.py:190} INFO - [2026-09-19T15:09:00.358+0200] {dag.py:3239} INFO - Sync 4 DAGs
[2026-09-19T15:09:00.363+0200] {logging_mixin.py:190} INFO - [2026-09-19T15:09:00.362+0200] {dag.py:4180} INFO - Setting next_dagrun for dataset_alias_example_alias_consumer_with_no_taskflow to None, run_after=None
[2026-09-19T15:09:00.363+0200] {logging_mixin.py:190} INFO - [2026-09-19T15:09:00.363+0200] {dag.py:4180} INFO - Setting next_dagrun for dataset_alias_example_alias_producer_with_no_taskflow to None, run_after=None
[2026-09-19T15:09:00.363+0200] {logging_mixin.py:190} INFO - [2026-09-19T15:09:00.363+0200] {dag.py:4180} INFO - Setting next_dagrun for dataset_s3_bucket_consumer_with_no_taskflow to None, run_after=None
[2026-09-19T15:09:00.363+0200] {logging_mixin.py:190} INFO - [2026-09-19T15:09:00.363+0200] {dag.py:4180} INFO - Setting next_dagrun for dataset_s3_bucket_producer_with_no_taskflow to None, run_after=None
[2026-09-19T15:09:00.369+0200] {processor.py:208} INFO - Processing /Users/swarnalidatta/Desktop/AutoQueryChatbot/.airflow-venv/lib/python3.12/site-packages/airflow/example_dags/example_dataset_alias_with_no_taskflow.py took 0.079 seconds
[2026-09-19T16:07:21.649+0200] {processor.py:186} INFO - Started process (PID=4822) to work on /Users/swarnalidatta/Desktop/AutoQueryChatbot/.airflow-venv/lib/python3.12/site-packages/airflow/example_dags/example_dataset_alias_with_no_taskflow.py
[2026-09-19T16:07:21.650+0200] {processor.py:914} INFO - Processing file /Users/swarnalidatta/Desktop/AutoQueryChatbot/.airflow-venv/lib/python3.12/site-packages/airflow/example_dags/example_dataset_alias_with_no_taskflow.py for tasks to queue
[2026-09-19T16:07:21.650+0200] {logging_mixin.py:190} INFO - [2026-09-19T16:07:21.650+0200] {dagbag.py:588} INFO - Filling up the DagBag from /Users/swarnalidatta/Desktop/AutoQueryChatbot/.airflow-venv/lib/python3.12/site-packages/airflow/example_dags/example_dataset_alias_with_no_taskflow.py
[2026-09-19T16:07:21.691+0200] {processor.py:925} INFO - DAG(s) 'dataset_alias_example_alias_consumer_with_no_taskflow', 'dataset_s3_bucket_producer_with_no_taskflow', 'dataset_s3_bucket_consumer_with_no_taskflow', 'dataset_alias_example_alias_producer_with_no_taskflow' retrieved from /Users/swarnalidatta/Desktop/AutoQueryChatbot/.airflow-venv/lib/python3.12/site-packages/airflow/example_dags/example_dataset_alias_with_no_taskflow.py
[2026-09-19T16:07:21.717+0200] {logging_mixin.py:190} INFO - [2026-09-19T16:07:21.717+0200] {dag.py:3239} INFO - Sync 4 DAGs
[2026-09-19T16:07:21.722+0200] {logging_mixin.py:190} INFO - [2026-09-19T16:07:21.722+0200] {dag.py:4180} INFO - Setting next_dagrun for dataset_alias_example_alias_consumer_with_no_taskflow to None, run_after=None
[2026-09-19T16:07:21.723+0200] {logging_mixin.py:190} INFO - [2026-09-19T16:07:21.723+0200] {dag.py:4180} INFO - Setting next_dagrun for dataset_alias_example_alias_producer_with_no_taskflow to None, run_after=None
[2026-09-19T16:07:21.723+0200] {logging_mixin.py:190} INFO - [2026-09-19T16:07:21.723+0200] {dag.py:4180} INFO - Setting next_dagrun for dataset_s3_bucket_consumer_with_no_taskflow to None, run_after=None
[2026-09-19T16:07:21.723+0200] {logging_mixin.py:190} INFO - [2026-09-19T16:07:21.723+0200] {dag.py:4180} INFO - Setting next_dagrun for dataset_s3_bucket_producer_with_no_taskflow to None, run_after=None
[2026-09-19T16:07:21.728+0200] {processor.py:208} INFO - Processing /Users/swarnalidatta/Desktop/AutoQueryChatbot/.airflow-venv/lib/python3.12/site-packages/airflow/example_dags/example_dataset_alias_with_no_taskflow.py took 0.080 seconds
[2026-09-19T18:08:31.773+0200] {processor.py:186} INFO - Started process (PID=5066) to work on /Users/swarnalidatta/Desktop/AutoQueryChatbot/.airflow-venv/lib/python3.12/site-packages/airflow/example_dags/example_dataset_alias_with_no_taskflow.py
[2026-09-19T18:08:31.773+0200] {processor.py:914} INFO - Processing file /Users/swarnalidatta/Desktop/AutoQueryChatbot/.airflow-venv/lib/python3.12/site-packages/airflow/example_dags/example_dataset_alias_with_no_taskflow.py for tasks to queue
[2026-09-19T18:08:31.774+0200] {logging_mixin.py:190} INFO - [2026-09-19T18:08:31.773+0200] {dagbag.py:588} INFO - Filling up the DagBag from /Users/swarnalidatta/Desktop/AutoQueryChatbot/.airflow-venv/lib/python3.12/site-packages/airflow/example_dags/example_dataset_alias_with_no_taskflow.py
[2026-09-19T18:08:31.814+0200] {processor.py:925} INFO - DAG(s) 'dataset_alias_example_alias_producer_with_no_taskflow', 'dataset_s3_bucket_producer_with_no_taskflow', 'dataset_alias_example_alias_consumer_with_no_taskflow', 'dataset_s3_bucket_consumer_with_no_taskflow' retrieved from /Users/swarnalidatta/Desktop/AutoQueryChatbot/.airflow-venv/lib/python3.12/site-packages/airflow/example_dags/example_dataset_alias_with_no_taskflow.py
[2026-09-19T18:08:31.841+0200] {logging_mixin.py:190} INFO - [2026-09-19T18:08:31.841+0200] {dag.py:3239} INFO - Sync 4 DAGs
[2026-09-19T18:08:31.846+0200] {logging_mixin.py:190} INFO - [2026-09-19T18:08:31.845+0200] {dag.py:4180} INFO - Setting next_dagrun for dataset_alias_example_alias_consumer_with_no_taskflow to None, run_after=None
[2026-09-19T18:08:31.846+0200] {logging_mixin.py:190} INFO - [2026-09-19T18:08:31.846+0200] {dag.py:4180} INFO - Setting next_dagrun for dataset_alias_example_alias_producer_with_no_taskflow to None, run_after=None
[2026-09-19T18:08:31.846+0200] {logging_mixin.py:190} INFO - [2026-09-19T18:08:31.846+0200] {dag.py:4180} INFO - Setting next_dagrun for dataset_s3_bucket_consumer_with_no_taskflow to None, run_after=None
[2026-09-19T18:08:31.846+0200] {logging_mixin.py:190} INFO - [2026-09-19T18:08:31.846+0200] {dag.py:4180} INFO - Setting next_dagrun for dataset_s3_bucket_producer_with_no_taskflow to None, run_after=None
[2026-09-19T18:08:31.852+0200] {processor.py:208} INFO - Processing /Users/swarnalidatta/Desktop/AutoQueryChatbot/.airflow-venv/lib/python3.12/site-packages/airflow/example_dags/example_dataset_alias_with_no_taskflow.py took 0.080 seconds
[2026-09-19T22:04:08.293+0200] {processor.py:186} INFO - Started process (PID=5379) to work on /Users/swarnalidatta/Desktop/AutoQueryChatbot/.airflow-venv/lib/python3.12/site-packages/airflow/example_dags/example_dataset_alias_with_no_taskflow.py
[2026-09-19T22:04:08.293+0200] {processor.py:914} INFO - Processing file /Users/swarnalidatta/Desktop/AutoQueryChatbot/.airflow-venv/lib/python3.12/site-packages/airflow/example_dags/example_dataset_alias_with_no_taskflow.py for tasks to queue
[2026-09-19T22:04:08.293+0200] {logging_mixin.py:190} INFO - [2026-09-19T22:04:08.293+0200] {dagbag.py:588} INFO - Filling up the DagBag from /Users/swarnalidatta/Desktop/AutoQueryChatbot/.airflow-venv/lib/python3.12/site-packages/airflow/example_dags/example_dataset_alias_with_no_taskflow.py
[2026-09-19T22:04:08.333+0200] {processor.py:925} INFO - DAG(s) 'dataset_s3_bucket_producer_with_no_taskflow', 'dataset_alias_example_alias_producer_with_no_taskflow', 'dataset_alias_example_alias_consumer_with_no_taskflow', 'dataset_s3_bucket_consumer_with_no_taskflow' retrieved from /Users/swarnalidatta/Desktop/AutoQueryChatbot/.airflow-venv/lib/python3.12/site-packages/airflow/example_dags/example_dataset_alias_with_no_taskflow.py
[2026-09-19T22:04:08.360+0200] {logging_mixin.py:190} INFO - [2026-09-19T22:04:08.360+0200] {dag.py:3239} INFO - Sync 4 DAGs
[2026-09-19T22:04:08.364+0200] {logging_mixin.py:190} INFO - [2026-09-19T22:04:08.364+0200] {dag.py:4180} INFO - Setting next_dagrun for dataset_alias_example_alias_consumer_with_no_taskflow to None, run_after=None
[2026-09-19T22:04:08.365+0200] {logging_mixin.py:190} INFO - [2026-09-19T22:04:08.365+0200] {dag.py:4180} INFO - Setting next_dagrun for dataset_alias_example_alias_producer_with_no_taskflow to None, run_after=None
[2026-09-19T22:04:08.365+0200] {logging_mixin.py:190} INFO - [2026-09-19T22:04:08.365+0200] {dag.py:4180} INFO - Setting next_dagrun for dataset_s3_bucket_consumer_with_no_taskflow to None, run_after=None
[2026-09-19T22:04:08.365+0200] {logging_mixin.py:190} INFO - [2026-09-19T22:04:08.365+0200] {dag.py:4180} INFO - Setting next_dagrun for dataset_s3_bucket_producer_with_no_taskflow to None, run_after=None
[2026-09-19T22:04:08.371+0200] {processor.py:208} INFO - Processing /Users/swarnalidatta/Desktop/AutoQueryChatbot/.airflow-venv/lib/python3.12/site-packages/airflow/example_dags/example_dataset_alias_with_no_taskflow.py took 0.079 seconds
[2026-09-20T01:05:51.562+0200] {processor.py:186} INFO - Started process (PID=5671) to work on /Users/swarnalidatta/Desktop/AutoQueryChatbot/.airflow-venv/lib/python3.12/site-packages/airflow/example_dags/example_dataset_alias_with_no_taskflow.py
[2026-09-20T01:05:51.562+0200] {processor.py:914} INFO - Processing file /Users/swarnalidatta/Desktop/AutoQueryChatbot/.airflow-venv/lib/python3.12/site-packages/airflow/example_dags/example_dataset_alias_with_no_taskflow.py for tasks to queue
[2026-09-20T01:05:51.563+0200] {logging_mixin.py:190} INFO - [2026-09-20T01:05:51.563+0200] {dagbag.py:588} INFO - Filling up the DagBag from /Users/swarnalidatta/Desktop/AutoQueryChatbot/.airflow-venv/lib/python3.12/site-packages/airflow/example_dags/example_dataset_alias_with_no_taskflow.py
[2026-09-20T01:05:51.604+0200] {processor.py:925} INFO - DAG(s) 'dataset_s3_bucket_producer_with_no_taskflow', 'dataset_s3_bucket_consumer_with_no_taskflow', 'dataset_alias_example_alias_consumer_with_no_taskflow', 'dataset_alias_example_alias_producer_with_no_taskflow' retrieved from /Users/swarnalidatta/Desktop/AutoQueryChatbot/.airflow-venv/lib/python3.12/site-packages/airflow/example_dags/example_dataset_alias_with_no_taskflow.py
[2026-09-20T01:05:51.630+0200] {logging_mixin.py:190} INFO - [2026-09-20T01:05:51.630+0200] {dag.py:3239} INFO - Sync 4 DAGs
[2026-09-20T01:05:51.635+0200] {logging_mixin.py:190} INFO - [2026-09-20T01:05:51.635+0200] {dag.py:4180} INFO - Setting next_dagrun for dataset_alias_example_alias_consumer_with_no_taskflow to None, run_after=None
[2026-09-20T01:05:51.635+0200] {logging_mixin.py:190} INFO - [2026-09-20T01:05:51.635+0200] {dag.py:4180} INFO - Setting next_dagrun for dataset_alias_example_alias_producer_with_no_taskflow to None, run_after=None
[2026-09-20T01:05:51.636+0200] {logging_mixin.py:190} INFO - [2026-09-20T01:05:51.636+0200] {dag.py:4180} INFO - Setting next_dagrun for dataset_s3_bucket_consumer_with_no_taskflow to None, run_after=None
[2026-09-20T01:05:51.636+0200] {logging_mixin.py:190} INFO - [2026-09-20T01:05:51.636+0200] {dag.py:4180} INFO - Setting next_dagrun for dataset_s3_bucket_producer_with_no_taskflow to None, run_after=None
[2026-09-20T01:05:51.641+0200] {processor.py:208} INFO - Processing /Users/swarnalidatta/Desktop/AutoQueryChatbot/.airflow-venv/lib/python3.12/site-packages/airflow/example_dags/example_dataset_alias_with_no_taskflow.py took 0.080 seconds
