[2026-09-19T03:16:00.042+0200] {processor.py:186} INFO - Started process (PID=3632) to work on /Users/swarnalidatta/Desktop/AutoQueryChatbot/.airflow-venv/lib/python3.12/site-packages/airflow/example_dags/example_inlet_event_extra.py
[2026-09-19T03:16:00.043+0200] {processor.py:914} INFO - Processing file /Users/swarnalidatta/Desktop/AutoQueryChatbot/.airflow-venv/lib/python3.12/site-packages/airflow/example_dags/example_inlet_event_extra.py for tasks to queue
[2026-09-19T03:16:00.043+0200] {logging_mixin.py:190} INFO - [2026-09-19T03:16:00.043+0200] {dagbag.py:588} INFO - Filling up the DagBag from /Users/swarnalidatta/Desktop/AutoQueryChatbot/.airflow-venv/lib/python3.12/site-packages/airflow/example_dags/example_inlet_event_extra.py
[2026-09-19T03:16:00.066+0200] {processor.py:925} INFO - DAG(s) 'read_dataset_event_from_classic', 'read_dataset_event' retrieved from /Users/swarnalidatta/Desktop/AutoQueryChatbot/.airflow-venv/lib/python3.12/site-packages/airflow/example_dags/example_inlet_event_extra.py
[2026-09-19T03:16:00.110+0200] {logging_mixin.py:190} INFO - [2026-09-19T03:16:00.110+0200] {dag.py:3239} INFO - Sync 2 DAGs
[2026-09-19T03:16:00.115+0200] {logging_mixin.py:190} INFO - [2026-09-19T03:16:00.115+0200] {dag.py:4180} INFO - Setting next_dagrun for read_dataset_event to 2026-09-18 00:00:00+00:00, run_after=2026-09-19 00:00:00+00:00
[2026-09-19T03:16:00.117+0200] {logging_mixin.py:190} INFO - [2026-09-19T03:16:00.117+0200] {dag.py:4180} INFO - Setting next_dagrun for read_dataset_event_from_classic to 2026-09-18 00:00:00+00:00, run_after=2026-09-19 00:00:00+00:00
[2026-09-19T03:16:00.121+0200] {processor.py:208} INFO - Processing /Users/swarnalidatta/Desktop/AutoQueryChatbot/.airflow-venv/lib/python3.12/site-packages/airflow/example_dags/example_inlet_event_extra.py took 0.079 seconds
[2026-09-19T07:30:04.409+0200] {processor.py:186} INFO - Started process (PID=3950) to work on /Users/swarnalidatta/Desktop/AutoQueryChatbot/.airflow-venv/lib/python3.12/site-packages/airflow/example_dags/example_inlet_event_extra.py
[2026-09-19T07:30:04.410+0200] {processor.py:914} INFO - Processing file /Users/swarnalidatta/Desktop/AutoQueryChatbot/.airflow-venv/lib/python3.12/site-packages/airflow/example_dags/example_inlet_event_extra.py for tasks to queue
[2026-09-19T07:30:04.411+0200] {logging_mixin.py:190} INFO - [2026-09-19T07:30:04.410+0200] {dagbag.py:588} INFO - Filling up the DagBag from /Users/swarnalidatta/Desktop/AutoQueryChatbot/.airflow-venv/lib/python3.12/site-packages/airflow/example_dags/example_inlet_event_extra.py
[2026-09-19T07:30:04.442+0200] {processor.py:925} INFO - DAG(s) 'read_dataset_event_from_classic', 'read_dataset_event' retrieved from /Users/swarnalidatta/Desktop/AutoQueryChatbot/.airflow-venv/lib/python3.12/site-packages/airflow/example_dags/example_inlet_event_extra.py
[2026-09-19T07:30:04.502+0200] {logging_mixin.py:190} INFO - [2026-09-19T07:30:04.502+0200] {dag.py:3239} INFO - Sync 2 DAGs
[2026-09-19T07:30:04.508+0200] {logging_mixin.py:190} INFO - [2026-09-19T07:30:04.508+0200] {dag.py:4180} INFO - Setting next_dagrun for read_dataset_event to 2026-09-18 00:00:00+00:00, run_after=2026-09-19 00:00:00+00:00
[2026-09-19T07:30:04.510+0200] {logging_mixin.py:190} INFO - [2026-09-19T07:30:04.510+0200] {dag.py:4180} INFO - Setting next_dagrun for read_dataset_event_from_classic to 2026-09-18 00:00:00+00:00, run_after=2026-09-19 00:00:00+00:00
[2026-09-19T07:30:04.516+0200] {processor.py:208} INFO - Processing /Users/swarnalidatta/Desktop/AutoQueryChatbot/.airflow-venv/lib/python3.12/site-packages/airflow/example_dags/example_inlet_event_extra.py took 0.108 seconds
[2026-09-19T11:21:00.835+0200] {processor.py:186} INFO - Started process (PID=4250) to work on /Users/swarnalidatta/Desktop/AutoQueryChatbot/.airflow-venv/lib/python3.12/site-packages/airflow/example_dags/example_inlet_event_extra.py
[2026-09-19T11:21:00.836+0200] {processor.py:914} INFO - Processing file /Users/swarnalidatta/Desktop/AutoQueryChatbot/.airflow-venv/lib/python3.12/site-packages/airflow/example_dags/example_inlet_event_extra.py for tasks to queue
[2026-09-19T11:21:00.837+0200] {logging_mixin.py:190} INFO - [2026-09-19T11:21:00.837+0200] {dagbag.py:588} INFO - Filling up the DagBag from /Users/swarnalidatta/Desktop/AutoQueryChatbot/.airflow-venv/lib/python3.12/site-packages/airflow/example_dags/example_inlet_event_extra.py
[2026-09-19T11:37:24.551+0200] {processor.py:925} INFO - DAG(s) 'read_dataset_event', 'read_dataset_event_from_classic' retrieved from /Users/swarnalidatta/Desktop/AutoQueryChatbot/.airflow-venv/lib/python3.12/site-packages/airflow/example_dags/example_inlet_event_extra.py
[2026-09-19T11:37:24.632+0200] {logging_mixin.py:190} INFO - [2026-09-19T11:37:24.632+0200] {dag.py:3239} INFO - Sync 2 DAGs
[2026-09-19T11:37:24.637+0200] {logging_mixin.py:190} INFO - [2026-09-19T11:37:24.637+0200] {dag.py:4180} INFO - Setting next_dagrun for read_dataset_event to 2026-09-18 00:00:00+00:00, run_after=2026-09-19 00:00:00+00:00
[2026-09-19T11:37:24.638+0200] {logging_mixin.py:190} INFO - [2026-09-19T11:37:24.638+0200] {dag.py:4180} INFO - Setting next_dagrun for read_dataset_event_from_classic to 2026-09-18 00:00:00+00:00, run_after=2026-09-19 00:00:00+00:00
[2026-09-19T11:37:24.642+0200] {processor.py:208} INFO - Processing /Users/swarnalidatta/Desktop/AutoQueryChatbot/.airflow-venv/lib/python3.12/site-packages/airflow/example_dags/example_inlet_event_extra.py took 0.211 seconds
[2026-09-19T14:35:00.547+0200] {processor.py:186} INFO - Started process (PID=4539) to work on /Users/swarnalidatta/Desktop/AutoQueryChatbot/.airflow-venv/lib/python3.12/site-packages/airflow/example_dags/example_inlet_event_extra.py
[2026-09-19T14:35:00.547+0200] {processor.py:914} INFO - Processing file /Users/swarnalidatta/Desktop/AutoQueryChatbot/.airflow-venv/lib/python3.12/site-packages/airflow/example_dags/example_inlet_event_extra.py for tasks to queue
[2026-09-19T14:35:00.548+0200] {logging_mixin.py:190} INFO - [2026-09-19T14:35:00.548+0200] {dagbag.py:588} INFO - Filling up the DagBag from /Users/swarnalidatta/Desktop/AutoQueryChatbot/.airflow-venv/lib/python3.12/site-packages/airflow/example_dags/example_inlet_event_extra.py
[2026-09-19T14:35:00.570+0200] {processor.py:925} INFO - DAG(s) 'read_dataset_event', 'read_dataset_event_from_classic' retrieved from /Users/swarnalidatta/Desktop/AutoQueryChatbot/.airflow-venv/lib/python3.12/site-packages/airflow/example_dags/example_inlet_event_extra.py
[2026-09-19T14:35:00.615+0200] {logging_mixin.py:190} INFO - [2026-09-19T14:35:00.615+0200] {dag.py:3239} INFO - Sync 2 DAGs
[2026-09-19T14:35:00.620+0200] {logging_mixin.py:190} INFO - [2026-09-19T14:35:00.620+0200] {dag.py:4180} INFO - Setting next_dagrun for read_dataset_event to 2026-09-18 00:00:00+00:00, run_after=2026-09-19 00:00:00+00:00
[2026-09-19T14:35:00.621+0200] {logging_mixin.py:190} INFO - [2026-09-19T14:35:00.621+0200] {dag.py:4180} INFO - Setting next_dagrun for read_dataset_event_from_classic to 2026-09-18 00:00:00+00:00, run_after=2026-09-19 00:00:00+00:00
[2026-09-19T14:35:00.625+0200] {processor.py:208} INFO - Processing /Users/swarnalidatta/Desktop/AutoQueryChatbot/.airflow-venv/lib/python3.12/site-packages/airflow/example_dags/example_inlet_event_extra.py took 0.079 seconds
[2026-09-19T16:02:30.205+0200] {processor.py:186} INFO - Started process (PID=4793) to work on /Users/swarnalidatta/Desktop/AutoQueryChatbot/.airflow-venv/lib/python3.12/site-packages/airflow/example_dags/example_inlet_event_extra.py
[2026-09-19T16:02:30.206+0200] {processor.py:914} INFO - Processing file /Users/swarnalidatta/Desktop/AutoQueryChatbot/.airflow-venv/lib/python3.12/site-packages/airflow/example_dags/example_inlet_event_extra.py for tasks to queue
[2026-09-19T16:02:30.206+0200] {logging_mixin.py:190} INFO - [2026-09-19T16:02:30.206+0200] {dagbag.py:588} INFO - Filling up the DagBag from /Users/swarnalidatta/Desktop/AutoQueryChatbot/.airflow-venv/lib/python3.12/site-packages/airflow/example_dags/example_inlet_event_extra.py
[2026-09-19T16:02:30.229+0200] {processor.py:925} INFO - DAG(s) 'read_dataset_event_from_classic', 'read_dataset_event' retrieved from /Users/swarnalidatta/Desktop/AutoQueryChatbot/.airflow-venv/lib/python3.12/site-packages/airflow/example_dags/example_inlet_event_extra.py
[2026-09-19T16:02:30.275+0200] {logging_mixin.py:190} INFO - [2026-09-19T16:02:30.275+0200] {dag.py:3239} INFO - Sync 2 DAGs
[2026-09-19T16:02:30.280+0200] {logging_mixin.py:190} INFO - [2026-09-19T16:02:30.280+0200] {dag.py:4180} INFO - Setting next_dagrun for read_dataset_event to 2026-09-18 00:00:00+00:00, run_after=2026-09-19 00:00:00+00:00
[2026-09-19T16:02:30.281+0200] {logging_mixin.py:190} INFO - [2026-09-19T16:02:30.281+0200] {dag.py:4180} INFO - Setting next_dagrun for read_dataset_event_from_classic to 2026-09-18 00:00:00+00:00, run_after=2026-09-19 00:00:00+00:00
[2026-09-19T16:02:30.285+0200] {processor.py:208} INFO - Processing /Users/swarnalidatta/Desktop/AutoQueryChatbot/.airflow-venv/lib/python3.12/site-packages/airflow/example_dags/example_inlet_event_extra.py took 0.081 seconds
[2026-09-19T18:01:12.431+0200] {processor.py:186} INFO - Started process (PID=5041) to work on /Users/swarnalidatta/Desktop/AutoQueryChatbot/.airflow-venv/lib/python3.12/site-packages/airflow/example_dags/example_inlet_event_extra.py
[2026-09-19T18:01:12.431+0200] {processor.py:914} INFO - Processing file /Users/swarnalidatta/Desktop/AutoQueryChatbot/.airflow-venv/lib/python3.12/site-packages/airflow/example_dags/example_inlet_event_extra.py for tasks to queue
[2026-09-19T18:01:12.431+0200] {logging_mixin.py:190} INFO - [2026-09-19T18:01:12.431+0200] {dagbag.py:588} INFO - Filling up the DagBag from /Users/swarnalidatta/Desktop/AutoQueryChatbot/.airflow-venv/lib/python3.12/site-packages/airflow/example_dags/example_inlet_event_extra.py
[2026-09-19T18:01:12.454+0200] {processor.py:925} INFO - DAG(s) 'read_dataset_event', 'read_dataset_event_from_classic' retrieved from /Users/swarnalidatta/Desktop/AutoQueryChatbot/.airflow-venv/lib/python3.12/site-packages/airflow/example_dags/example_inlet_event_extra.py
[2026-09-19T18:01:12.500+0200] {logging_mixin.py:190} INFO - [2026-09-19T18:01:12.500+0200] {dag.py:3239} INFO - Sync 2 DAGs
[2026-09-19T18:01:12.505+0200] {logging_mixin.py:190} INFO - [2026-09-19T18:01:12.505+0200] {dag.py:4180} INFO - Setting next_dagrun for read_dataset_event to 2026-09-18 00:00:00+00:00, run_after=2026-09-19 00:00:00+00:00
[2026-09-19T18:01:12.506+0200] {logging_mixin.py:190} INFO - [2026-09-19T18:01:12.506+0200] {dag.py:4180} INFO - Setting next_dagrun for read_dataset_event_from_classic to 2026-09-18 00:00:00+00:00, run_after=2026-09-19 00:00:00+00:00
[2026-09-19T18:01:12.510+0200] {processor.py:208} INFO - Processing /Users/swarnalidatta/Desktop/AutoQueryChatbot/.airflow-venv/lib/python3.12/site-packages/airflow/example_dags/example_inlet_event_extra.py took 0.081 seconds
[2026-09-19T21:47:52.261+0200] {processor.py:186} INFO - Started process (PID=5348) to work on /Users/swarnalidatta/Desktop/AutoQueryChatbot/.airflow-venv/lib/python3.12/site-packages/airflow/example_dags/example_inlet_event_extra.py
[2026-09-19T21:47:52.262+0200] {processor.py:914} INFO - Processing file /Users/swarnalidatta/Desktop/AutoQueryChatbot/.airflow-venv/lib/python3.12/site-packages/airflow/example_dags/example_inlet_event_extra.py for tasks to queue
[2026-09-19T21:47:52.262+0200] {logging_mixin.py:190} INFO - [2026-09-19T21:47:52.262+0200] {dagbag.py:588} INFO - Filling up the DagBag from /Users/swarnalidatta/Desktop/AutoQueryChatbot/.airflow-venv/lib/python3.12/site-packages/airflow/example_dags/example_inlet_event_extra.py
[2026-09-19T21:47:52.285+0200] {processor.py:925} INFO - DAG(s) 'read_dataset_event', 'read_dataset_event_from_classic' retrieved from /Users/swarnalidatta/Desktop/AutoQueryChatbot/.airflow-venv/lib/python3.12/site-packages/airflow/example_dags/example_inlet_event_extra.py
[2026-09-19T21:47:52.332+0200] {logging_mixin.py:190} INFO - [2026-09-19T21:47:52.332+0200] {dag.py:3239} INFO - Sync 2 DAGs
[2026-09-19T21:47:52.337+0200] {logging_mixin.py:190} INFO - [2026-09-19T21:47:52.337+0200] {dag.py:4180} INFO - Setting next_dagrun for read_dataset_event to 2026-09-18 00:00:00+00:00, run_after=2026-09-19 00:00:00+00:00
[2026-09-19T21:47:52.339+0200] {logging_mixin.py:190} INFO - [2026-09-19T21:47:52.338+0200] {dag.py:4180} INFO - Setting next_dagrun for read_dataset_event_from_classic to 2026-09-18 00:00:00+00:00, run_after=2026-09-19 00:00:00+00:00
[2026-09-19T21:47:52.342+0200] {processor.py:208} INFO - Processing /Users/swarnalidatta/Desktop/AutoQueryChatbot/.airflow-venv/lib/python3.12/site-packages/airflow/example_dags/example_inlet_event_extra.py took 0.082 seconds
[2026-09-20T00:33:29.643+0200] {processor.py:186} INFO - Started process (PID=5642) to work on /Users/swarnalidatta/Desktop/AutoQueryChatbot/.airflow-venv/lib/python3.12/site-packages/airflow/example_dags/example_inlet_event_extra.py
[2026-09-20T00:33:29.644+0200] {processor.py:914} INFO - Processing file /Users/swarnalidatta/Desktop/AutoQueryChatbot/.airflow-venv/lib/python3.12/site-packages/airflow/example_dags/example_inlet_event_extra.py for tasks to queue
[2026-09-20T00:33:29.644+0200] {logging_mixin.py:190} INFO - [2026-09-20T00:33:29.644+0200] {dagbag.py:588} INFO - Filling up the DagBag from /Users/swarnalidatta/Desktop/AutoQueryChatbot/.airflow-venv/lib/python3.12/site-packages/airflow/example_dags/example_inlet_event_extra.py
[2026-09-20T00:33:29.672+0200] {processor.py:925} INFO - DAG(s) 'read_dataset_event', 'read_dataset_event_from_classic' retrieved from /Users/swarnalidatta/Desktop/AutoQueryChatbot/.airflow-venv/lib/python3.12/site-packages/airflow/example_dags/example_inlet_event_extra.py
[2026-09-20T00:33:29.733+0200] {logging_mixin.py:190} INFO - [2026-09-20T00:33:29.733+0200] {dag.py:3239} INFO - Sync 2 DAGs
[2026-09-20T00:33:29.739+0200] {logging_mixin.py:190} INFO - [2026-09-20T00:33:29.739+0200] {dag.py:4180} INFO - Setting next_dagrun for read_dataset_event to 2026-09-18 00:00:00+00:00, run_after=2026-09-19 00:00:00+00:00
[2026-09-20T00:33:29.741+0200] {logging_mixin.py:190} INFO - [2026-09-20T00:33:29.741+0200] {dag.py:4180} INFO - Setting next_dagrun for read_dataset_event_from_classic to 2026-09-18 00:00:00+00:00, run_after=2026-09-19 00:00:00+00:00
[2026-09-20T00:33:29.746+0200] {processor.py:208} INFO - Processing /Users/swarnalidatta/Desktop/AutoQueryChatbot/.airflow-venv/lib/python3.12/site-packages/airflow/example_dags/example_inlet_event_extra.py took 0.104 seconds
