[2026-09-19T04:08:43.612+0200] {processor.py:186} INFO - Started process (PID=3677) to work on /Users/swarnalidatta/Desktop/AutoQueryChatbot/.airflow-venv/lib/python3.12/site-packages/airflow/example_dags/example_dag_decorator.py
[2026-09-19T04:08:43.612+0200] {processor.py:914} INFO - Processing file /Users/swarnalidatta/Desktop/AutoQueryChatbot/.airflow-venv/lib/python3.12/site-packages/airflow/example_dags/example_dag_decorator.py for tasks to queue
[2026-09-19T04:08:43.613+0200] {logging_mixin.py:190} INFO - [2026-09-19T04:08:43.613+0200] {dagbag.py:588} INFO - Filling up the DagBag from /Users/swarnalidatta/Desktop/AutoQueryChatbot/.airflow-venv/lib/python3.12/site-packages/airflow/example_dags/example_dag_decorator.py
[2026-09-19T04:08:43.679+0200] {processor.py:925} INFO - DAG(s) 'example_dag_decorator' retrieved from /Users/swarnalidatta/Desktop/AutoQueryChatbot/.airflow-venv/lib/python3.12/site-packages/airflow/example_dags/example_dag_decorator.py
[2026-09-19T04:08:43.727+0200] {logging_mixin.py:190} INFO - [2026-09-19T04:08:43.727+0200] {dag.py:3239} INFO - Sync 1 DAGs
[2026-09-19T04:08:43.730+0200] {logging_mixin.py:190} INFO - [2026-09-19T04:08:43.730+0200] {dag.py:4180} INFO - Setting next_dagrun for example_dag_decorator to None, run_after=None
[2026-09-19T04:08:43.735+0200] {processor.py:208} INFO - Processing /Users/swarnalidatta/Desktop/AutoQueryChatbot/.airflow-venv/lib/python3.12/site-packages/airflow/example_dags/example_dag_decorator.py took 0.124 seconds
[2026-09-19T08:17:51.965+0200] {processor.py:186} INFO - Started process (PID=3989) to work on /Users/swarnalidatta/Desktop/AutoQueryChatbot/.airflow-venv/lib/python3.12/site-packages/airflow/example_dags/example_dag_decorator.py
[2026-09-19T08:17:51.966+0200] {processor.py:914} INFO - Processing file /Users/swarnalidatta/Desktop/AutoQueryChatbot/.airflow-venv/lib/python3.12/site-packages/airflow/example_dags/example_dag_decorator.py for tasks to queue
[2026-09-19T08:17:51.966+0200] {logging_mixin.py:190} INFO - [2026-09-19T08:17:51.966+0200] {dagbag.py:588} INFO - Filling up the DagBag from /Users/swarnalidatta/Desktop/AutoQueryChatbot/.airflow-venv/lib/python3.12/site-packages/airflow/example_dags/example_dag_decorator.py
[2026-09-19T08:17:52.035+0200] {processor.py:925} INFO - DAG(s) 'example_dag_decorator' retrieved from /Users/swarnalidatta/Desktop/AutoQueryChatbot/.airflow-venv/lib/python3.12/site-packages/airflow/example_dags/example_dag_decorator.py
[2026-09-19T08:17:52.096+0200] {logging_mixin.py:190} INFO - [2026-09-19T08:17:52.096+0200] {dag.py:3239} INFO - Sync 1 DAGs
[2026-09-19T08:17:52.099+0200] {logging_mixin.py:190} INFO - [2026-09-19T08:17:52.099+0200] {dag.py:4180} INFO - Setting next_dagrun for example_dag_decorator to None, run_after=None
[2026-09-19T08:17:52.104+0200] {processor.py:208} INFO - Processing /Users/swarnalidatta/Desktop/AutoQueryChatbot/.airflow-venv/lib/python3.12/site-packages/airflow/example_dags/example_dag_decorator.py took 0.140 seconds
[2026-09-19T12:05:59.609+0200] {processor.py:186} INFO - Started process (PID=4291) to work on /Users/swarnalidatta/Desktop/AutoQueryChatbot/.airflow-venv/lib/python3.12/site-packages/airflow/example_dags/example_dag_decorator.py
[2026-09-19T12:05:59.610+0200] {processor.py:914} INFO - Processing file /Users/swarnalidatta/Desktop/AutoQueryChatbot/.airflow-venv/lib/python3.12/site-packages/airflow/example_dags/example_dag_decorator.py for tasks to queue
[2026-09-19T12:05:59.610+0200] {logging_mixin.py:190} INFO - [2026-09-19T12:05:59.610+0200] {dagbag.py:588} INFO - Filling up the DagBag from /Users/swarnalidatta/Desktop/AutoQueryChatbot/.airflow-venv/lib/python3.12/site-packages/airflow/example_dags/example_dag_decorator.py
[2026-09-19T12:05:59.678+0200] {processor.py:925} INFO - DAG(s) 'example_dag_decorator' retrieved from /Users/swarnalidatta/Desktop/AutoQueryChatbot/.airflow-venv/lib/python3.12/site-packages/airflow/example_dags/example_dag_decorator.py
[2026-09-19T12:05:59.736+0200] {logging_mixin.py:190} INFO - [2026-09-19T12:05:59.736+0200] {dag.py:3239} INFO - Sync 1 DAGs
[2026-09-19T12:05:59.739+0200] {logging_mixin.py:190} INFO - [2026-09-19T12:05:59.739+0200] {dag.py:4180} INFO - Setting next_dagrun for example_dag_decorator to None, run_after=None
[2026-09-19T12:05:59.744+0200] {processor.py:208} INFO - Processing /Users/swarnalidatta/Desktop/AutoQueryChatbot/.airflow-venv/lib/python3.12/site-packages/airflow/example_dags/example_dag_decorator.py took 0.136 seconds
[2026-09-19T15:09:03.602+0200] {processor.py:186} INFO - Started process (PID=4578) to work on /Users/swarnalidatta/Desktop/AutoQueryChatbot/.airflow-venv/lib/python3.12/site-packages/airflow/example_dags/example_dag_decorator.py
[2026-09-19T15:09:03.602+0200] {processor.py:914} INFO - Processing file /Users/swarnalidatta/Desktop/AutoQueryChatbot/.airflow-venv/lib/python3.12/site-packages/airflow/example_dags/example_dag_decorator.py for tasks to queue
[2026-09-19T15:09:03.603+0200] {logging_mixin.py:190} INFO - [2026-09-19T15:09:03.603+0200] {dagbag.py:588} INFO - Filling up the DagBag from /Users/swarnalidatta/Desktop/AutoQueryChatbot/.airflow-venv/lib/python3.12/site-packages/airflow/example_dags/example_dag_decorator.py
[2026-09-19T15:09:03.669+0200] {processor.py:925} INFO - DAG(s) 'example_dag_decorator' retrieved from /Users/swarnalidatta/Desktop/AutoQueryChatbot/.airflow-venv/lib/python3.12/site-packages/airflow/example_dags/example_dag_decorator.py
[2026-09-19T15:09:03.716+0200] {logging_mixin.py:190} INFO - [2026-09-19T15:09:03.716+0200] {dag.py:3239} INFO - Sync 1 DAGs
[2026-09-19T15:09:03.719+0200] {logging_mixin.py:190} INFO - [2026-09-19T15:09:03.719+0200] {dag.py:4180} INFO - Setting next_dagrun for example_dag_decorator to None, run_after=None
[2026-09-19T15:09:03.724+0200] {processor.py:208} INFO - Processing /Users/swarnalidatta/Desktop/AutoQueryChatbot/.airflow-venv/lib/python3.12/site-packages/airflow/example_dags/example_dag_decorator.py took 0.123 seconds
[2026-09-19T16:07:30.252+0200] {processor.py:186} INFO - Started process (PID=4827) to work on /Users/swarnalidatta/Desktop/AutoQueryChatbot/.airflow-venv/lib/python3.12/site-packages/airflow/example_dags/example_dag_decorator.py
[2026-09-19T16:07:30.254+0200] {processor.py:914} INFO - Processing file /Users/swarnalidatta/Desktop/AutoQueryChatbot/.airflow-venv/lib/python3.12/site-packages/airflow/example_dags/example_dag_decorator.py for tasks to queue
[2026-09-19T16:07:30.254+0200] {logging_mixin.py:190} INFO - [2026-09-19T16:07:30.254+0200] {dagbag.py:588} INFO - Filling up the DagBag from /Users/swarnalidatta/Desktop/AutoQueryChatbot/.airflow-venv/lib/python3.12/site-packages/airflow/example_dags/example_dag_decorator.py
[2026-09-19T16:07:30.321+0200] {processor.py:925} INFO - DAG(s) 'example_dag_decorator' retrieved from /Users/swarnalidatta/Desktop/AutoQueryChatbot/.airflow-venv/lib/python3.12/site-packages/airflow/example_dags/example_dag_decorator.py
[2026-09-19T16:07:30.379+0200] {logging_mixin.py:190} INFO - [2026-09-19T16:07:30.379+0200] {dag.py:3239} INFO - Sync 1 DAGs
[2026-09-19T16:07:30.381+0200] {logging_mixin.py:190} INFO - [2026-09-19T16:07:30.381+0200] {dag.py:4180} INFO - Setting next_dagrun for example_dag_decorator to None, run_after=None
[2026-09-19T16:07:30.386+0200] {processor.py:208} INFO - Processing /Users/swarnalidatta/Desktop/AutoQueryChatbot/.airflow-venv/lib/python3.12/site-packages/airflow/example_dags/example_dag_decorator.py took 0.135 seconds
[2026-09-19T18:08:35.253+0200] {processor.py:186} INFO - Started process (PID=5075) to work on /Users/swarnalidatta/Desktop/AutoQueryChatbot/.airflow-venv/lib/python3.12/site-packages/airflow/example_dags/example_dag_decorator.py
[2026-09-19T18:08:35.254+0200] {processor.py:914} INFO - Processing file /Users/swarnalidatta/Desktop/AutoQueryChatbot/.airflow-venv/lib/python3.12/site-packages/airflow/example_dags/example_dag_decorator.py for tasks to queue
[2026-09-19T18:08:35.254+0200] {logging_mixin.py:190} INFO - [2026-09-19T18:08:35.254+0200] {dagbag.py:588} INFO - Filling up the DagBag from /Users/swarnalidatta/Desktop/AutoQueryChatbot/.airflow-venv/lib/python3.12/site-packages/airflow/example_dags/example_dag_decorator.py
[2026-09-19T18:08:35.328+0200] {processor.py:925} INFO - DAG(s) 'example_dag_decorator' retrieved from /Users/swarnalidatta/Desktop/AutoQueryChatbot/.airflow-venv/lib/python3.12/site-packages/airflow/example_dags/example_dag_decorator.py
[2026-09-19T18:08:35.382+0200] {logging_mixin.py:190} INFO - [2026-09-19T18:08:35.382+0200] {dag.py:3239} INFO - Sync 1 DAGs
[2026-09-19T18:08:35.385+0200] {logging_mixin.py:190} INFO - [2026-09-19T18:08:35.385+0200] {dag.py:4180} INFO - Setting next_dagrun for example_dag_decorator to None, run_after=None
[2026-09-19T18:08:35.392+0200] {processor.py:208} INFO - Processing /Users/swarnalidatta/Desktop/AutoQueryChatbot/.airflow-venv/lib/python3.12/site-packages/airflow/example_dags/example_dag_decorator.py took 0.140 seconds
[2026-09-19T22:15:58.615+0200] {processor.py:186} INFO - Started process (PID=5383) to work on /Users/swarnalidatta/Desktop/AutoQueryChatbot/.airflow-venv/lib/python3.12/site-packages/airflow/example_dags/example_dag_decorator.py
[2026-09-19T22:15:58.615+0200] {processor.py:914} INFO - Processing file /Users/swarnalidatta/Desktop/AutoQueryChatbot/.airflow-venv/lib/python3.12/site-packages/airflow/example_dags/example_dag_decorator.py for tasks to queue
[2026-09-19T22:15:58.616+0200] {logging_mixin.py:190} INFO - [2026-09-19T22:15:58.615+0200] {dagbag.py:588} INFO - Filling up the DagBag from /Users/swarnalidatta/Desktop/AutoQueryChatbot/.airflow-venv/lib/python3.12/site-packages/airflow/example_dags/example_dag_decorator.py
[2026-09-19T22:15:58.684+0200] {processor.py:925} INFO - DAG(s) 'example_dag_decorator' retrieved from /Users/swarnalidatta/Desktop/AutoQueryChatbot/.airflow-venv/lib/python3.12/site-packages/airflow/example_dags/example_dag_decorator.py
[2026-09-19T22:15:58.733+0200] {logging_mixin.py:190} INFO - [2026-09-19T22:15:58.733+0200] {dag.py:3239} INFO - Sync 1 DAGs
[2026-09-19T22:15:58.736+0200] {logging_mixin.py:190} INFO - [2026-09-19T22:15:58.736+0200] {dag.py:4180} INFO - Setting next_dagrun for example_dag_decorator to None, run_after=None
[2026-09-19T22:15:58.741+0200] {processor.py:208} INFO - Processing /Users/swarnalidatta/Desktop/AutoQueryChatbot/.airflow-venv/lib/python3.12/site-packages/airflow/example_dags/example_dag_decorator.py took 0.127 seconds
[2026-09-20T01:18:56.981+0200] {processor.py:186} INFO - Started process (PID=5679) to work on /Users/swarnalidatta/Desktop/AutoQueryChatbot/.airflow-venv/lib/python3.12/site-packages/airflow/example_dags/example_dag_decorator.py
[2026-09-20T01:18:56.981+0200] {processor.py:914} INFO - Processing file /Users/swarnalidatta/Desktop/AutoQueryChatbot/.airflow-venv/lib/python3.12/site-packages/airflow/example_dags/example_dag_decorator.py for tasks to queue
[2026-09-20T01:18:56.982+0200] {logging_mixin.py:190} INFO - [2026-09-20T01:18:56.982+0200] {dagbag.py:588} INFO - Filling up the DagBag from /Users/swarnalidatta/Desktop/AutoQueryChatbot/.airflow-venv/lib/python3.12/site-packages/airflow/example_dags/example_dag_decorator.py
[2026-09-20T01:18:57.057+0200] {processor.py:925} INFO - DAG(s) 'example_dag_decorator' retrieved from /Users/swarnalidatta/Desktop/AutoQueryChatbot/.airflow-venv/lib/python3.12/site-packages/airflow/example_dags/example_dag_decorator.py
[2026-09-20T01:18:57.106+0200] {logging_mixin.py:190} INFO - [2026-09-20T01:18:57.106+0200] {dag.py:3239} INFO - Sync 1 DAGs
[2026-09-20T01:18:57.108+0200] {logging_mixin.py:190} INFO - [2026-09-20T01:18:57.108+0200] {dag.py:4180} INFO - Setting next_dagrun for example_dag_decorator to None, run_after=None
[2026-09-20T01:18:57.114+0200] {processor.py:208} INFO - Processing /Users/swarnalidatta/Desktop/AutoQueryChatbot/.airflow-venv/lib/python3.12/site-packages/airflow/example_dags/example_dag_decorator.py took 0.134 seconds
