[2026-09-19T08:50:34.382+0200] {processor.py:186} INFO - Started process (PID=4029) to work on /Users/swarnalidatta/Desktop/AutoQueryChatbot/.airflow-venv/lib/python3.12/site-packages/airflow/example_dags/example_bash_decorator.py
[2026-09-19T08:50:34.383+0200] {processor.py:914} INFO - Processing file /Users/swarnalidatta/Desktop/AutoQueryChatbot/.airflow-venv/lib/python3.12/site-packages/airflow/example_dags/example_bash_decorator.py for tasks to queue
[2026-09-19T08:50:34.383+0200] {logging_mixin.py:190} INFO - [2026-09-19T08:50:34.383+0200] {dagbag.py:588} INFO - Filling up the DagBag from /Users/swarnalidatta/Desktop/AutoQueryChatbot/.airflow-venv/lib/python3.12/site-packages/airflow/example_dags/example_bash_decorator.py
[2026-09-19T08:50:34.397+0200] {processor.py:925} INFO - DAG(s) 'example_bash_decorator' retrieved from /Users/swarnalidatta/Desktop/AutoQueryChatbot/.airflow-venv/lib/python3.12/site-packages/airflow/example_dags/example_bash_decorator.py
[2026-09-19T08:50:34.478+0200] {logging_mixin.py:190} INFO - [2026-09-19T08:50:34.478+0200] {dag.py:3239} INFO - Sync 1 DAGs
[2026-09-19T08:50:34.480+0200] {logging_mixin.py:190} INFO - [2026-09-19T08:50:34.480+0200] {dag.py:4180} INFO - Setting next_dagrun for example_bash_decorator to None, run_after=None
[2026-09-19T08:50:34.485+0200] {processor.py:208} INFO - Processing /Users/swarnalidatta/Desktop/AutoQueryChatbot/.airflow-venv/lib/python3.12/site-packages/airflow/example_dags/example_bash_decorator.py took 0.104 seconds
[2026-09-19T15:28:45.364+0200] {processor.py:186} INFO - Started process (PID=4618) to work on /Users/swarnalidatta/Desktop/AutoQueryChatbot/.airflow-venv/lib/python3.12/site-packages/airflow/example_dags/example_bash_decorator.py
[2026-09-19T15:28:45.364+0200] {processor.py:914} INFO - Processing file /Users/swarnalidatta/Desktop/AutoQueryChatbot/.airflow-venv/lib/python3.12/site-packages/airflow/example_dags/example_bash_decorator.py for tasks to queue
[2026-09-19T15:28:45.365+0200] {logging_mixin.py:190} INFO - [2026-09-19T15:28:45.365+0200] {dagbag.py:588} INFO - Filling up the DagBag from /Users/swarnalidatta/Desktop/AutoQueryChatbot/.airflow-venv/lib/python3.12/site-packages/airflow/example_dags/example_bash_decorator.py
[2026-09-19T15:28:45.378+0200] {processor.py:925} INFO - DAG(s) 'example_bash_decorator' retrieved from /Users/swarnalidatta/Desktop/AutoQueryChatbot/.airflow-venv/lib/python3.12/site-packages/airflow/example_dags/example_bash_decorator.py
[2026-09-19T15:28:45.448+0200] {logging_mixin.py:190} INFO - [2026-09-19T15:28:45.448+0200] {dag.py:3239} INFO - Sync 1 DAGs
[2026-09-19T15:28:45.451+0200] {logging_mixin.py:190} INFO - [2026-09-19T15:28:45.451+0200] {dag.py:4180} INFO - Setting next_dagrun for example_bash_decorator to None, run_after=None
[2026-09-19T15:28:45.455+0200] {processor.py:208} INFO - Processing /Users/swarnalidatta/Desktop/AutoQueryChatbot/.airflow-venv/lib/python3.12/site-packages/airflow/example_dags/example_bash_decorator.py took 0.093 seconds
[2026-09-19T18:28:42.267+0200] {processor.py:186} INFO - Started process (PID=5117) to work on /Users/swarnalidatta/Desktop/AutoQueryChatbot/.airflow-venv/lib/python3.12/site-packages/airflow/example_dags/example_bash_decorator.py
[2026-09-19T18:28:42.268+0200] {processor.py:914} INFO - Processing file /Users/swarnalidatta/Desktop/AutoQueryChatbot/.airflow-venv/lib/python3.12/site-packages/airflow/example_dags/example_bash_decorator.py for tasks to queue
[2026-09-19T18:28:42.268+0200] {logging_mixin.py:190} INFO - [2026-09-19T18:28:42.268+0200] {dagbag.py:588} INFO - Filling up the DagBag from /Users/swarnalidatta/Desktop/AutoQueryChatbot/.airflow-venv/lib/python3.12/site-packages/airflow/example_dags/example_bash_decorator.py
[2026-09-19T18:28:42.282+0200] {processor.py:925} INFO - DAG(s) 'example_bash_decorator' retrieved from /Users/swarnalidatta/Desktop/AutoQueryChatbot/.airflow-venv/lib/python3.12/site-packages/airflow/example_dags/example_bash_decorator.py
[2026-09-19T18:28:42.355+0200] {logging_mixin.py:190} INFO - [2026-09-19T18:28:42.355+0200] {dag.py:3239} INFO - Sync 1 DAGs
[2026-09-19T18:28:42.358+0200] {logging_mixin.py:190} INFO - [2026-09-19T18:28:42.357+0200] {dag.py:4180} INFO - Setting next_dagrun for example_bash_decorator to None, run_after=None
[2026-09-19T18:28:42.362+0200] {processor.py:208} INFO - Processing /Users/swarnalidatta/Desktop/AutoQueryChatbot/.airflow-venv/lib/python3.12/site-packages/airflow/example_dags/example_bash_decorator.py took 0.096 seconds
[2026-09-20T01:37:02.004+0200] {processor.py:186} INFO - Started process (PID=5709) to work on /Users/swarnalidatta/Desktop/AutoQueryChatbot/.airflow-venv/lib/python3.12/site-packages/airflow/example_dags/example_bash_decorator.py
[2026-09-20T01:37:02.004+0200] {processor.py:914} INFO - Processing file /Users/swarnalidatta/Desktop/AutoQueryChatbot/.airflow-venv/lib/python3.12/site-packages/airflow/example_dags/example_bash_decorator.py for tasks to queue
[2026-09-20T01:37:02.004+0200] {logging_mixin.py:190} INFO - [2026-09-20T01:37:02.004+0200] {dagbag.py:588} INFO - Filling up the DagBag from /Users/swarnalidatta/Desktop/AutoQueryChatbot/.airflow-venv/lib/python3.12/site-packages/airflow/example_dags/example_bash_decorator.py
[2026-09-20T01:37:02.018+0200] {processor.py:925} INFO - DAG(s) 'example_bash_decorator' retrieved from /Users/swarnalidatta/Desktop/AutoQueryChatbot/.airflow-venv/lib/python3.12/site-packages/airflow/example_dags/example_bash_decorator.py
[2026-09-20T01:37:02.090+0200] {logging_mixin.py:190} INFO - [2026-09-20T01:37:02.090+0200] {dag.py:3239} INFO - Sync 1 DAGs
[2026-09-20T01:37:02.092+0200] {logging_mixin.py:190} INFO - [2026-09-20T01:37:02.092+0200] {dag.py:4180} INFO - Setting next_dagrun for example_bash_decorator to None, run_after=None
[2026-09-20T01:37:02.097+0200] {processor.py:208} INFO - Processing /Users/swarnalidatta/Desktop/AutoQueryChatbot/.airflow-venv/lib/python3.12/site-packages/airflow/example_dags/example_bash_decorator.py took 0.095 seconds
