[2026-09-19T06:01:00.422+0200] {processor.py:186} INFO - Started process (PID=3784) to work on /Users/swarnalidatta/Desktop/AutoQueryChatbot/.airflow-venv/lib/python3.12/site-packages/airflow/example_dags/example_workday_timetable.py
[2026-09-19T06:01:00.422+0200] {processor.py:914} INFO - Processing file /Users/swarnalidatta/Desktop/AutoQueryChatbot/.airflow-venv/lib/python3.12/site-packages/airflow/example_dags/example_workday_timetable.py for tasks to queue
[2026-09-19T06:01:00.422+0200] {logging_mixin.py:190} INFO - [2026-09-19T06:01:00.422+0200] {dagbag.py:588} INFO - Filling up the DagBag from /Users/swarnalidatta/Desktop/AutoQueryChatbot/.airflow-venv/lib/python3.12/site-packages/airflow/example_dags/example_workday_timetable.py
[2026-09-19T06:01:00.590+0200] {processor.py:925} INFO - DAG(s) 'example_workday_timetable' retrieved from /Users/swarnalidatta/Desktop/AutoQueryChatbot/.airflow-venv/lib/python3.12/site-packages/airflow/example_dags/example_workday_timetable.py
[2026-09-19T06:01:00.622+0200] {logging_mixin.py:190} INFO - [2026-09-19T06:01:00.622+0200] {dag.py:3239} INFO - Sync 1 DAGs
[2026-09-19T06:01:00.636+0200] {logging_mixin.py:190} INFO - [2026-09-19T06:01:00.636+0200] {dag.py:4180} INFO - Setting next_dagrun for example_workday_timetable to 2021-01-04 00:00:00+00:00, run_after=2021-01-05 00:00:00+00:00
[2026-09-19T06:01:00.641+0200] {processor.py:208} INFO - Processing /Users/swarnalidatta/Desktop/AutoQueryChatbot/.airflow-venv/lib/python3.12/site-packages/airflow/example_dags/example_workday_timetable.py took 0.221 seconds
[2026-09-19T09:52:13.095+0200] {processor.py:186} INFO - Started process (PID=4112) to work on /Users/swarnalidatta/Desktop/AutoQueryChatbot/.airflow-venv/lib/python3.12/site-packages/airflow/example_dags/example_workday_timetable.py
[2026-09-19T09:52:13.096+0200] {processor.py:914} INFO - Processing file /Users/swarnalidatta/Desktop/AutoQueryChatbot/.airflow-venv/lib/python3.12/site-packages/airflow/example_dags/example_workday_timetable.py for tasks to queue
[2026-09-19T09:52:13.096+0200] {logging_mixin.py:190} INFO - [2026-09-19T09:52:13.096+0200] {dagbag.py:588} INFO - Filling up the DagBag from /Users/swarnalidatta/Desktop/AutoQueryChatbot/.airflow-venv/lib/python3.12/site-packages/airflow/example_dags/example_workday_timetable.py
[2026-09-19T09:52:13.256+0200] {processor.py:925} INFO - DAG(s) 'example_workday_timetable' retrieved from /Users/swarnalidatta/Desktop/AutoQueryChatbot/.airflow-venv/lib/python3.12/site-packages/airflow/example_dags/example_workday_timetable.py
[2026-09-19T09:52:13.284+0200] {logging_mixin.py:190} INFO - [2026-09-19T09:52:13.284+0200] {dag.py:3239} INFO - Sync 1 DAGs
[2026-09-19T09:52:13.297+0200] {logging_mixin.py:190} INFO - [2026-09-19T09:52:13.297+0200] {dag.py:4180} INFO - Setting next_dagrun for example_workday_timetable to 2021-01-04 00:00:00+00:00, run_after=2021-01-05 00:00:00+00:00
[2026-09-19T09:52:13.302+0200] {processor.py:208} INFO - Processing /Users/swarnalidatta/Desktop/AutoQueryChatbot/.airflow-venv/lib/python3.12/site-packages/airflow/example_dags/example_workday_timetable.py took 0.208 seconds
[2026-09-19T13:21:45.932+0200] {processor.py:186} INFO - Started process (PID=4405) to work on /Users/swarnalidatta/Desktop/AutoQueryChatbot/.airflow-venv/lib/python3.12/site-packages/airflow/example_dags/example_workday_timetable.py
[2026-09-19T13:21:45.933+0200] {processor.py:914} INFO - Processing file /Users/swarnalidatta/Desktop/AutoQueryChatbot/.airflow-venv/lib/python3.12/site-packages/airflow/example_dags/example_workday_timetable.py for tasks to queue
[2026-09-19T13:21:45.933+0200] {logging_mixin.py:190} INFO - [2026-09-19T13:21:45.933+0200] {dagbag.py:588} INFO - Filling up the DagBag from /Users/swarnalidatta/Desktop/AutoQueryChatbot/.airflow-venv/lib/python3.12/site-packages/airflow/example_dags/example_workday_timetable.py
[2026-09-19T13:21:46.095+0200] {processor.py:925} INFO - DAG(s) 'example_workday_timetable' retrieved from /Users/swarnalidatta/Desktop/AutoQueryChatbot/.airflow-venv/lib/python3.12/site-packages/airflow/example_dags/example_workday_timetable.py
[2026-09-19T13:21:46.124+0200] {logging_mixin.py:190} INFO - [2026-09-19T13:21:46.123+0200] {dag.py:3239} INFO - Sync 1 DAGs
[2026-09-19T13:21:46.136+0200] {logging_mixin.py:190} INFO - [2026-09-19T13:21:46.136+0200] {dag.py:4180} INFO - Setting next_dagrun for example_workday_timetable to 2021-01-04 00:00:00+00:00, run_after=2021-01-05 00:00:00+00:00
[2026-09-19T13:21:46.141+0200] {processor.py:208} INFO - Processing /Users/swarnalidatta/Desktop/AutoQueryChatbot/.airflow-venv/lib/python3.12/site-packages/airflow/example_dags/example_workday_timetable.py took 0.209 seconds
[2026-09-19T15:31:52.830+0200] {processor.py:186} INFO - Started process (PID=4681) to work on /Users/swarnalidatta/Desktop/AutoQueryChatbot/.airflow-venv/lib/python3.12/site-packages/airflow/example_dags/example_workday_timetable.py
[2026-09-19T15:31:52.831+0200] {processor.py:914} INFO - Processing file /Users/swarnalidatta/Desktop/AutoQueryChatbot/.airflow-venv/lib/python3.12/site-packages/airflow/example_dags/example_workday_timetable.py for tasks to queue
[2026-09-19T15:31:52.831+0200] {logging_mixin.py:190} INFO - [2026-09-19T15:31:52.831+0200] {dagbag.py:588} INFO - Filling up the DagBag from /Users/swarnalidatta/Desktop/AutoQueryChatbot/.airflow-venv/lib/python3.12/site-packages/airflow/example_dags/example_workday_timetable.py
[2026-09-19T15:31:52.992+0200] {processor.py:925} INFO - DAG(s) 'example_workday_timetable' retrieved from /Users/swarnalidatta/Desktop/AutoQueryChatbot/.airflow-venv/lib/python3.12/site-packages/airflow/example_dags/example_workday_timetable.py
[2026-09-19T15:31:53.021+0200] {logging_mixin.py:190} INFO - [2026-09-19T15:31:53.021+0200] {dag.py:3239} INFO - Sync 1 DAGs
[2026-09-19T15:31:53.033+0200] {logging_mixin.py:190} INFO - [2026-09-19T15:31:53.033+0200] {dag.py:4180} INFO - Setting next_dagrun for example_workday_timetable to 2021-01-04 00:00:00+00:00, run_after=2021-01-05 00:00:00+00:00
[2026-09-19T15:31:53.038+0200] {processor.py:208} INFO - Processing /Users/swarnalidatta/Desktop/AutoQueryChatbot/.airflow-venv/lib/python3.12/site-packages/airflow/example_dags/example_workday_timetable.py took 0.209 seconds
[2026-09-19T16:38:28.544+0200] {processor.py:186} INFO - Started process (PID=4923) to work on /Users/swarnalidatta/Desktop/AutoQueryChatbot/.airflow-venv/lib/python3.12/site-packages/airflow/example_dags/example_workday_timetable.py
[2026-09-19T16:38:28.545+0200] {processor.py:914} INFO - Processing file /Users/swarnalidatta/Desktop/AutoQueryChatbot/.airflow-venv/lib/python3.12/site-packages/airflow/example_dags/example_workday_timetable.py for tasks to queue
[2026-09-19T16:38:28.545+0200] {logging_mixin.py:190} INFO - [2026-09-19T16:38:28.545+0200] {dagbag.py:588} INFO - Filling up the DagBag from /Users/swarnalidatta/Desktop/AutoQueryChatbot/.airflow-venv/lib/python3.12/site-packages/airflow/example_dags/example_workday_timetable.py
[2026-09-19T16:38:28.706+0200] {processor.py:925} INFO - DAG(s) 'example_workday_timetable' retrieved from /Users/swarnalidatta/Desktop/AutoQueryChatbot/.airflow-venv/lib/python3.12/site-packages/airflow/example_dags/example_workday_timetable.py
[2026-09-19T16:38:28.735+0200] {logging_mixin.py:190} INFO - [2026-09-19T16:38:28.735+0200] {dag.py:3239} INFO - Sync 1 DAGs
[2026-09-19T16:38:28.747+0200] {logging_mixin.py:190} INFO - [2026-09-19T16:38:28.747+0200] {dag.py:4180} INFO - Setting next_dagrun for example_workday_timetable to 2021-01-04 00:00:00+00:00, run_after=2021-01-05 00:00:00+00:00
[2026-09-19T16:38:28.752+0200] {processor.py:208} INFO - Processing /Users/swarnalidatta/Desktop/AutoQueryChatbot/.airflow-venv/lib/python3.12/site-packages/airflow/example_dags/example_workday_timetable.py took 0.209 seconds
[2026-09-19T19:45:33.463+0200] {processor.py:186} INFO - Started process (PID=5209) to work on /Users/swarnalidatta/Desktop/AutoQueryChatbot/.airflow-venv/lib/python3.12/site-packages/airflow/example_dags/example_workday_timetable.py
[2026-09-19T19:45:33.463+0200] {processor.py:914} INFO - Processing file /Users/swarnalidatta/Desktop/AutoQueryChatbot/.airflow-venv/lib/python3.12/site-packages/airflow/example_dags/example_workday_timetable.py for tasks to queue
[2026-09-19T19:45:33.464+0200] {logging_mixin.py:190} INFO - [2026-09-19T19:45:33.464+0200] {dagbag.py:588} INFO - Filling up the DagBag from /Users/swarnalidatta/Desktop/AutoQueryChatbot/.airflow-venv/lib/python3.12/site-packages/airflow/example_dags/example_workday_timetable.py
[2026-09-19T19:45:33.629+0200] {processor.py:925} INFO - DAG(s) 'example_workday_timetable' retrieved from /Users/swarnalidatta/Desktop/AutoQueryChatbot/.airflow-venv/lib/python3.12/site-packages/airflow/example_dags/example_workday_timetable.py
[2026-09-19T19:45:33.659+0200] {logging_mixin.py:190} INFO - [2026-09-19T19:45:33.659+0200] {dag.py:3239} INFO - Sync 1 DAGs
[2026-09-19T19:45:33.672+0200] {logging_mixin.py:190} INFO - [2026-09-19T19:45:33.672+0200] {dag.py:4180} INFO - Setting next_dagrun for example_workday_timetable to 2021-01-04 00:00:00+00:00, run_after=2021-01-05 00:00:00+00:00
[2026-09-19T19:45:33.676+0200] {processor.py:208} INFO - Processing /Users/swarnalidatta/Desktop/AutoQueryChatbot/.airflow-venv/lib/python3.12/site-packages/airflow/example_dags/example_workday_timetable.py took 0.214 seconds
[2026-09-19T23:32:19.887+0200] {processor.py:186} INFO - Started process (PID=5501) to work on /Users/swarnalidatta/Desktop/AutoQueryChatbot/.airflow-venv/lib/python3.12/site-packages/airflow/example_dags/example_workday_timetable.py
[2026-09-19T23:32:19.887+0200] {processor.py:914} INFO - Processing file /Users/swarnalidatta/Desktop/AutoQueryChatbot/.airflow-venv/lib/python3.12/site-packages/airflow/example_dags/example_workday_timetable.py for tasks to queue
[2026-09-19T23:32:19.888+0200] {logging_mixin.py:190} INFO - [2026-09-19T23:32:19.888+0200] {dagbag.py:588} INFO - Filling up the DagBag from /Users/swarnalidatta/Desktop/AutoQueryChatbot/.airflow-venv/lib/python3.12/site-packages/airflow/example_dags/example_workday_timetable.py
[2026-09-19T23:32:20.054+0200] {processor.py:925} INFO - DAG(s) 'example_workday_timetable' retrieved from /Users/swarnalidatta/Desktop/AutoQueryChatbot/.airflow-venv/lib/python3.12/site-packages/airflow/example_dags/example_workday_timetable.py
[2026-09-19T23:32:20.087+0200] {logging_mixin.py:190} INFO - [2026-09-19T23:32:20.087+0200] {dag.py:3239} INFO - Sync 1 DAGs
[2026-09-19T23:32:20.101+0200] {logging_mixin.py:190} INFO - [2026-09-19T23:32:20.100+0200] {dag.py:4180} INFO - Setting next_dagrun for example_workday_timetable to 2021-01-04 00:00:00+00:00, run_after=2021-01-05 00:00:00+00:00
[2026-09-19T23:32:20.106+0200] {processor.py:208} INFO - Processing /Users/swarnalidatta/Desktop/AutoQueryChatbot/.airflow-venv/lib/python3.12/site-packages/airflow/example_dags/example_workday_timetable.py took 0.220 seconds
