[2026-09-19T05:52:11.549+0200] {processor.py:186} INFO - Started process (PID=3766) to work on /Users/swarnalidatta/Desktop/AutoQueryChatbot/.airflow-venv/lib/python3.12/site-packages/airflow/example_dags/tutorial.py
[2026-09-19T05:52:11.550+0200] {processor.py:914} INFO - Processing file /Users/swarnalidatta/Desktop/AutoQueryChatbot/.airflow-venv/lib/python3.12/site-packages/airflow/example_dags/tutorial.py for tasks to queue
[2026-09-19T05:52:11.550+0200] {logging_mixin.py:190} INFO - [2026-09-19T05:52:11.550+0200] {dagbag.py:588} INFO - Filling up the DagBag from /Users/swarnalidatta/Desktop/AutoQueryChatbot/.airflow-venv/lib/python3.12/site-packages/airflow/example_dags/tutorial.py
[2026-09-19T05:52:11.552+0200] {processor.py:925} INFO - DAG(s) 'tutorial' retrieved from /Users/swarnalidatta/Desktop/AutoQueryChatbot/.airflow-venv/lib/python3.12/site-packages/airflow/example_dags/tutorial.py
[2026-09-19T05:52:11.578+0200] {logging_mixin.py:190} INFO - [2026-09-19T05:52:11.578+0200] {dag.py:3239} INFO - Sync 1 DAGs
[2026-09-19T05:52:11.583+0200] {logging_mixin.py:190} INFO - [2026-09-19T05:52:11.583+0200] {dag.py:4180} INFO - Setting next_dagrun for tutorial to 2026-09-18 00:00:00+00:00, run_after=2026-09-19 00:00:00+00:00
[2026-09-19T05:52:11.609+0200] {processor.py:208} INFO - Processing /Users/swarnalidatta/Desktop/AutoQueryChatbot/.airflow-venv/lib/python3.12/site-packages/airflow/example_dags/tutorial.py took 0.060 seconds
[2026-09-19T09:36:51.210+0200] {processor.py:186} INFO - Started process (PID=4097) to work on /Users/swarnalidatta/Desktop/AutoQueryChatbot/.airflow-venv/lib/python3.12/site-packages/airflow/example_dags/tutorial.py
[2026-09-19T09:36:51.210+0200] {processor.py:914} INFO - Processing file /Users/swarnalidatta/Desktop/AutoQueryChatbot/.airflow-venv/lib/python3.12/site-packages/airflow/example_dags/tutorial.py for tasks to queue
[2026-09-19T09:36:51.211+0200] {logging_mixin.py:190} INFO - [2026-09-19T09:36:51.211+0200] {dagbag.py:588} INFO - Filling up the DagBag from /Users/swarnalidatta/Desktop/AutoQueryChatbot/.airflow-venv/lib/python3.12/site-packages/airflow/example_dags/tutorial.py
[2026-09-19T09:36:51.213+0200] {processor.py:925} INFO - DAG(s) 'tutorial' retrieved from /Users/swarnalidatta/Desktop/AutoQueryChatbot/.airflow-venv/lib/python3.12/site-packages/airflow/example_dags/tutorial.py
[2026-09-19T09:36:51.238+0200] {logging_mixin.py:190} INFO - [2026-09-19T09:36:51.238+0200] {dag.py:3239} INFO - Sync 1 DAGs
[2026-09-19T09:36:51.243+0200] {logging_mixin.py:190} INFO - [2026-09-19T09:36:51.243+0200] {dag.py:4180} INFO - Setting next_dagrun for tutorial to 2026-09-18 00:00:00+00:00, run_after=2026-09-19 00:00:00+00:00
[2026-09-19T09:36:51.270+0200] {processor.py:208} INFO - Processing /Users/swarnalidatta/Desktop/AutoQueryChatbot/.airflow-venv/lib/python3.12/site-packages/airflow/example_dags/tutorial.py took 0.061 seconds
[2026-09-19T13:21:40.707+0200] {processor.py:186} INFO - Started process (PID=4386) to work on /Users/swarnalidatta/Desktop/AutoQueryChatbot/.airflow-venv/lib/python3.12/site-packages/airflow/example_dags/tutorial.py
[2026-09-19T13:21:40.708+0200] {processor.py:914} INFO - Processing file /Users/swarnalidatta/Desktop/AutoQueryChatbot/.airflow-venv/lib/python3.12/site-packages/airflow/example_dags/tutorial.py for tasks to queue
[2026-09-19T13:21:40.708+0200] {logging_mixin.py:190} INFO - [2026-09-19T13:21:40.708+0200] {dagbag.py:588} INFO - Filling up the DagBag from /Users/swarnalidatta/Desktop/AutoQueryChatbot/.airflow-venv/lib/python3.12/site-packages/airflow/example_dags/tutorial.py
[2026-09-19T13:21:40.711+0200] {processor.py:925} INFO - DAG(s) 'tutorial' retrieved from /Users/swarnalidatta/Desktop/AutoQueryChatbot/.airflow-venv/lib/python3.12/site-packages/airflow/example_dags/tutorial.py
[2026-09-19T13:21:40.736+0200] {logging_mixin.py:190} INFO - [2026-09-19T13:21:40.736+0200] {dag.py:3239} INFO - Sync 1 DAGs
[2026-09-19T13:21:40.740+0200] {logging_mixin.py:190} INFO - [2026-09-19T13:21:40.740+0200] {dag.py:4180} INFO - Setting next_dagrun for tutorial to 2026-09-18 00:00:00+00:00, run_after=2026-09-19 00:00:00+00:00
[2026-09-19T13:21:40.767+0200] {processor.py:208} INFO - Processing /Users/swarnalidatta/Desktop/AutoQueryChatbot/.airflow-venv/lib/python3.12/site-packages/airflow/example_dags/tutorial.py took 0.060 seconds
[2026-09-19T15:31:03.506+0200] {processor.py:186} INFO - Started process (PID=4669) to work on /Users/swarnalidatta/Desktop/AutoQueryChatbot/.airflow-venv/lib/python3.12/site-packages/airflow/example_dags/tutorial.py
[2026-09-19T15:31:03.507+0200] {processor.py:914} INFO - Processing file /Users/swarnalidatta/Desktop/AutoQueryChatbot/.airflow-venv/lib/python3.12/site-packages/airflow/example_dags/tutorial.py for tasks to queue
[2026-09-19T15:31:03.507+0200] {logging_mixin.py:190} INFO - [2026-09-19T15:31:03.507+0200] {dagbag.py:588} INFO - Filling up the DagBag from /Users/swarnalidatta/Desktop/AutoQueryChatbot/.airflow-venv/lib/python3.12/site-packages/airflow/example_dags/tutorial.py
[2026-09-19T15:31:03.509+0200] {processor.py:925} INFO - DAG(s) 'tutorial' retrieved from /Users/swarnalidatta/Desktop/AutoQueryChatbot/.airflow-venv/lib/python3.12/site-packages/airflow/example_dags/tutorial.py
[2026-09-19T15:31:03.534+0200] {logging_mixin.py:190} INFO - [2026-09-19T15:31:03.534+0200] {dag.py:3239} INFO - Sync 1 DAGs
[2026-09-19T15:31:03.539+0200] {logging_mixin.py:190} INFO - [2026-09-19T15:31:03.539+0200] {dag.py:4180} INFO - Setting next_dagrun for tutorial to 2026-09-18 00:00:00+00:00, run_after=2026-09-19 00:00:00+00:00
[2026-09-19T15:31:03.564+0200] {processor.py:208} INFO - Processing /Users/swarnalidatta/Desktop/AutoQueryChatbot/.airflow-venv/lib/python3.12/site-packages/airflow/example_dags/tutorial.py took 0.059 seconds
[2026-09-19T16:38:17.141+0200] {processor.py:186} INFO - Started process (PID=4909) to work on /Users/swarnalidatta/Desktop/AutoQueryChatbot/.airflow-venv/lib/python3.12/site-packages/airflow/example_dags/tutorial.py
[2026-09-19T16:38:17.142+0200] {processor.py:914} INFO - Processing file /Users/swarnalidatta/Desktop/AutoQueryChatbot/.airflow-venv/lib/python3.12/site-packages/airflow/example_dags/tutorial.py for tasks to queue
[2026-09-19T16:38:17.142+0200] {logging_mixin.py:190} INFO - [2026-09-19T16:38:17.142+0200] {dagbag.py:588} INFO - Filling up the DagBag from /Users/swarnalidatta/Desktop/AutoQueryChatbot/.airflow-venv/lib/python3.12/site-packages/airflow/example_dags/tutorial.py
[2026-09-19T16:38:17.145+0200] {processor.py:925} INFO - DAG(s) 'tutorial' retrieved from /Users/swarnalidatta/Desktop/AutoQueryChatbot/.airflow-venv/lib/python3.12/site-packages/airflow/example_dags/tutorial.py
[2026-09-19T16:38:17.170+0200] {logging_mixin.py:190} INFO - [2026-09-19T16:38:17.170+0200] {dag.py:3239} INFO - Sync 1 DAGs
[2026-09-19T16:38:17.175+0200] {logging_mixin.py:190} INFO - [2026-09-19T16:38:17.174+0200] {dag.py:4180} INFO - Setting next_dagrun for tutorial to 2026-09-18 00:00:00+00:00, run_after=2026-09-19 00:00:00+00:00
[2026-09-19T16:38:17.199+0200] {processor.py:208} INFO - Processing /Users/swarnalidatta/Desktop/AutoQueryChatbot/.airflow-venv/lib/python3.12/site-packages/airflow/example_dags/tutorial.py took 0.060 seconds
[2026-09-19T19:30:07.562+0200] {processor.py:186} INFO - Started process (PID=5186) to work on /Users/swarnalidatta/Desktop/AutoQueryChatbot/.airflow-venv/lib/python3.12/site-packages/airflow/example_dags/tutorial.py
[2026-09-19T19:30:07.563+0200] {processor.py:914} INFO - Processing file /Users/swarnalidatta/Desktop/AutoQueryChatbot/.airflow-venv/lib/python3.12/site-packages/airflow/example_dags/tutorial.py for tasks to queue
[2026-09-19T19:30:07.563+0200] {logging_mixin.py:190} INFO - [2026-09-19T19:30:07.563+0200] {dagbag.py:588} INFO - Filling up the DagBag from /Users/swarnalidatta/Desktop/AutoQueryChatbot/.airflow-venv/lib/python3.12/site-packages/airflow/example_dags/tutorial.py
[2026-09-19T19:30:07.565+0200] {processor.py:925} INFO - DAG(s) 'tutorial' retrieved from /Users/swarnalidatta/Desktop/AutoQueryChatbot/.airflow-venv/lib/python3.12/site-packages/airflow/example_dags/tutorial.py
[2026-09-19T19:30:07.591+0200] {logging_mixin.py:190} INFO - [2026-09-19T19:30:07.591+0200] {dag.py:3239} INFO - Sync 1 DAGs
[2026-09-19T19:30:07.595+0200] {logging_mixin.py:190} INFO - [2026-09-19T19:30:07.595+0200] {dag.py:4180} INFO - Setting next_dagrun for tutorial to 2026-09-18 00:00:00+00:00, run_after=2026-09-19 00:00:00+00:00
[2026-09-19T19:30:07.621+0200] {processor.py:208} INFO - Processing /Users/swarnalidatta/Desktop/AutoQueryChatbot/.airflow-venv/lib/python3.12/site-packages/airflow/example_dags/tutorial.py took 0.060 seconds
[2026-09-19T23:17:05.508+0200] {processor.py:186} INFO - Started process (PID=5484) to work on /Users/swarnalidatta/Desktop/AutoQueryChatbot/.airflow-venv/lib/python3.12/site-packages/airflow/example_dags/tutorial.py
[2026-09-19T23:17:05.508+0200] {processor.py:914} INFO - Processing file /Users/swarnalidatta/Desktop/AutoQueryChatbot/.airflow-venv/lib/python3.12/site-packages/airflow/example_dags/tutorial.py for tasks to queue
[2026-09-19T23:17:05.508+0200] {logging_mixin.py:190} INFO - [2026-09-19T23:17:05.508+0200] {dagbag.py:588} INFO - Filling up the DagBag from /Users/swarnalidatta/Desktop/AutoQueryChatbot/.airflow-venv/lib/python3.12/site-packages/airflow/example_dags/tutorial.py
[2026-09-19T23:17:05.511+0200] {processor.py:925} INFO - DAG(s) 'tutorial' retrieved from /Users/swarnalidatta/Desktop/AutoQueryChatbot/.airflow-venv/lib/python3.12/site-packages/airflow/example_dags/tutorial.py
[2026-09-19T23:17:05.536+0200] {logging_mixin.py:190} INFO - [2026-09-19T23:17:05.536+0200] {dag.py:3239} INFO - Sync 1 DAGs
[2026-09-19T23:17:05.541+0200] {logging_mixin.py:190} INFO - [2026-09-19T23:17:05.541+0200] {dag.py:4180} INFO - Setting next_dagrun for tutorial to 2026-09-18 00:00:00+00:00, run_after=2026-09-19 00:00:00+00:00
[2026-09-19T23:17:05.566+0200] {processor.py:208} INFO - Processing /Users/swarnalidatta/Desktop/AutoQueryChatbot/.airflow-venv/lib/python3.12/site-packages/airflow/example_dags/tutorial.py took 0.060 seconds
[2026-09-20T01:54:02.112+0200] {processor.py:186} INFO - Started process (PID=5760) to work on /Users/swarnalidatta/Desktop/AutoQueryChatbot/.airflow-venv/lib/python3.12/site-packages/airflow/example_dags/tutorial.py
[2026-09-20T01:54:02.112+0200] {processor.py:914} INFO - Processing file /Users/swarnalidatta/Desktop/AutoQueryChatbot/.airflow-venv/lib/python3.12/site-packages/airflow/example_dags/tutorial.py for tasks to queue
[2026-09-20T01:54:02.113+0200] {logging_mixin.py:190} INFO - [2026-09-20T01:54:02.113+0200] {dagbag.py:588} INFO - Filling up the DagBag from /Users/swarnalidatta/Desktop/AutoQueryChatbot/.airflow-venv/lib/python3.12/site-packages/airflow/example_dags/tutorial.py
[2026-09-20T01:54:02.115+0200] {processor.py:925} INFO - DAG(s) 'tutorial' retrieved from /Users/swarnalidatta/Desktop/AutoQueryChatbot/.airflow-venv/lib/python3.12/site-packages/airflow/example_dags/tutorial.py
[2026-09-20T01:54:02.141+0200] {logging_mixin.py:190} INFO - [2026-09-20T01:54:02.141+0200] {dag.py:3239} INFO - Sync 1 DAGs
[2026-09-20T01:54:02.145+0200] {logging_mixin.py:190} INFO - [2026-09-20T01:54:02.145+0200] {dag.py:4180} INFO - Setting next_dagrun for tutorial to 2026-09-18 00:00:00+00:00, run_after=2026-09-19 00:00:00+00:00
[2026-09-20T01:54:02.170+0200] {processor.py:208} INFO - Processing /Users/swarnalidatta/Desktop/AutoQueryChatbot/.airflow-venv/lib/python3.12/site-packages/airflow/example_dags/tutorial.py took 0.059 seconds
