[2026-09-19T05:18:38.374+0200] {processor.py:186} INFO - Started process (PID=3740) to work on /Users/swarnalidatta/Desktop/AutoQueryChatbot/.airflow-venv/lib/python3.12/site-packages/airflow/example_dags/tutorial_taskflow_templates.py
[2026-09-19T05:18:38.374+0200] {processor.py:914} INFO - Processing file /Users/swarnalidatta/Desktop/AutoQueryChatbot/.airflow-venv/lib/python3.12/site-packages/airflow/example_dags/tutorial_taskflow_templates.py for tasks to queue
[2026-09-19T05:18:38.375+0200] {logging_mixin.py:190} INFO - [2026-09-19T05:18:38.375+0200] {dagbag.py:588} INFO - Filling up the DagBag from /Users/swarnalidatta/Desktop/AutoQueryChatbot/.airflow-venv/lib/python3.12/site-packages/airflow/example_dags/tutorial_taskflow_templates.py
[2026-09-19T05:18:38.388+0200] {processor.py:925} INFO - DAG(s) 'tutorial_taskflow_templates' retrieved from /Users/swarnalidatta/Desktop/AutoQueryChatbot/.airflow-venv/lib/python3.12/site-packages/airflow/example_dags/tutorial_taskflow_templates.py
[2026-09-19T05:18:38.412+0200] {logging_mixin.py:190} INFO - [2026-09-19T05:18:38.412+0200] {dag.py:3239} INFO - Sync 1 DAGs
[2026-09-19T05:18:38.438+0200] {logging_mixin.py:190} INFO - [2026-09-19T05:18:38.438+0200] {dag.py:4180} INFO - Setting next_dagrun for tutorial_taskflow_templates to 2026-09-18 00:00:00+00:00, run_after=2026-09-19 00:00:00+00:00
[2026-09-19T05:18:38.443+0200] {processor.py:208} INFO - Processing /Users/swarnalidatta/Desktop/AutoQueryChatbot/.airflow-venv/lib/python3.12/site-packages/airflow/example_dags/tutorial_taskflow_templates.py took 0.070 seconds
[2026-09-19T09:19:34.045+0200] {processor.py:186} INFO - Started process (PID=4069) to work on /Users/swarnalidatta/Desktop/AutoQueryChatbot/.airflow-venv/lib/python3.12/site-packages/airflow/example_dags/tutorial_taskflow_templates.py
[2026-09-19T09:19:34.046+0200] {processor.py:914} INFO - Processing file /Users/swarnalidatta/Desktop/AutoQueryChatbot/.airflow-venv/lib/python3.12/site-packages/airflow/example_dags/tutorial_taskflow_templates.py for tasks to queue
[2026-09-19T09:19:34.046+0200] {logging_mixin.py:190} INFO - [2026-09-19T09:19:34.046+0200] {dagbag.py:588} INFO - Filling up the DagBag from /Users/swarnalidatta/Desktop/AutoQueryChatbot/.airflow-venv/lib/python3.12/site-packages/airflow/example_dags/tutorial_taskflow_templates.py
[2026-09-19T09:19:34.060+0200] {processor.py:925} INFO - DAG(s) 'tutorial_taskflow_templates' retrieved from /Users/swarnalidatta/Desktop/AutoQueryChatbot/.airflow-venv/lib/python3.12/site-packages/airflow/example_dags/tutorial_taskflow_templates.py
[2026-09-19T09:19:34.085+0200] {logging_mixin.py:190} INFO - [2026-09-19T09:19:34.085+0200] {dag.py:3239} INFO - Sync 1 DAGs
[2026-09-19T09:19:34.113+0200] {logging_mixin.py:190} INFO - [2026-09-19T09:19:34.113+0200] {dag.py:4180} INFO - Setting next_dagrun for tutorial_taskflow_templates to 2026-09-18 00:00:00+00:00, run_after=2026-09-19 00:00:00+00:00
[2026-09-19T09:19:34.118+0200] {processor.py:208} INFO - Processing /Users/swarnalidatta/Desktop/AutoQueryChatbot/.airflow-venv/lib/python3.12/site-packages/airflow/example_dags/tutorial_taskflow_templates.py took 0.074 seconds
[2026-09-19T13:06:56.692+0200] {processor.py:186} INFO - Started process (PID=4363) to work on /Users/swarnalidatta/Desktop/AutoQueryChatbot/.airflow-venv/lib/python3.12/site-packages/airflow/example_dags/tutorial_taskflow_templates.py
[2026-09-19T13:06:56.693+0200] {processor.py:914} INFO - Processing file /Users/swarnalidatta/Desktop/AutoQueryChatbot/.airflow-venv/lib/python3.12/site-packages/airflow/example_dags/tutorial_taskflow_templates.py for tasks to queue
[2026-09-19T13:06:56.693+0200] {logging_mixin.py:190} INFO - [2026-09-19T13:06:56.693+0200] {dagbag.py:588} INFO - Filling up the DagBag from /Users/swarnalidatta/Desktop/AutoQueryChatbot/.airflow-venv/lib/python3.12/site-packages/airflow/example_dags/tutorial_taskflow_templates.py
[2026-09-19T13:06:56.709+0200] {processor.py:925} INFO - DAG(s) 'tutorial_taskflow_templates' retrieved from /Users/swarnalidatta/Desktop/AutoQueryChatbot/.airflow-venv/lib/python3.12/site-packages/airflow/example_dags/tutorial_taskflow_templates.py
[2026-09-19T13:06:56.737+0200] {logging_mixin.py:190} INFO - [2026-09-19T13:06:56.737+0200] {dag.py:3239} INFO - Sync 1 DAGs
[2026-09-19T13:06:56.764+0200] {logging_mixin.py:190} INFO - [2026-09-19T13:06:56.764+0200] {dag.py:4180} INFO - Setting next_dagrun for tutorial_taskflow_templates to 2026-09-18 00:00:00+00:00, run_after=2026-09-19 00:00:00+00:00
[2026-09-19T13:06:56.772+0200] {processor.py:208} INFO - Processing /Users/swarnalidatta/Desktop/AutoQueryChatbot/.airflow-venv/lib/python3.12/site-packages/airflow/example_dags/tutorial_taskflow_templates.py took 0.081 seconds
[2026-09-19T15:30:07.914+0200] {processor.py:186} INFO - Started process (PID=4651) to work on /Users/swarnalidatta/Desktop/AutoQueryChatbot/.airflow-venv/lib/python3.12/site-packages/airflow/example_dags/tutorial_taskflow_templates.py
[2026-09-19T15:30:07.915+0200] {processor.py:914} INFO - Processing file /Users/swarnalidatta/Desktop/AutoQueryChatbot/.airflow-venv/lib/python3.12/site-packages/airflow/example_dags/tutorial_taskflow_templates.py for tasks to queue
[2026-09-19T15:30:07.915+0200] {logging_mixin.py:190} INFO - [2026-09-19T15:30:07.915+0200] {dagbag.py:588} INFO - Filling up the DagBag from /Users/swarnalidatta/Desktop/AutoQueryChatbot/.airflow-venv/lib/python3.12/site-packages/airflow/example_dags/tutorial_taskflow_templates.py
[2026-09-19T15:30:07.930+0200] {processor.py:925} INFO - DAG(s) 'tutorial_taskflow_templates' retrieved from /Users/swarnalidatta/Desktop/AutoQueryChatbot/.airflow-venv/lib/python3.12/site-packages/airflow/example_dags/tutorial_taskflow_templates.py
[2026-09-19T15:30:07.956+0200] {logging_mixin.py:190} INFO - [2026-09-19T15:30:07.956+0200] {dag.py:3239} INFO - Sync 1 DAGs
[2026-09-19T15:30:07.983+0200] {logging_mixin.py:190} INFO - [2026-09-19T15:30:07.983+0200] {dag.py:4180} INFO - Setting next_dagrun for tutorial_taskflow_templates to 2026-09-18 00:00:00+00:00, run_after=2026-09-19 00:00:00+00:00
[2026-09-19T15:30:07.988+0200] {processor.py:208} INFO - Processing /Users/swarnalidatta/Desktop/AutoQueryChatbot/.airflow-venv/lib/python3.12/site-packages/airflow/example_dags/tutorial_taskflow_templates.py took 0.075 seconds
[2026-09-19T16:16:04.473+0200] {processor.py:186} INFO - Started process (PID=4874) to work on /Users/swarnalidatta/Desktop/AutoQueryChatbot/.airflow-venv/lib/python3.12/site-packages/airflow/example_dags/tutorial_taskflow_templates.py
[2026-09-19T16:16:04.474+0200] {processor.py:914} INFO - Processing file /Users/swarnalidatta/Desktop/AutoQueryChatbot/.airflow-venv/lib/python3.12/site-packages/airflow/example_dags/tutorial_taskflow_templates.py for tasks to queue
[2026-09-19T16:16:04.474+0200] {logging_mixin.py:190} INFO - [2026-09-19T16:16:04.474+0200] {dagbag.py:588} INFO - Filling up the DagBag from /Users/swarnalidatta/Desktop/AutoQueryChatbot/.airflow-venv/lib/python3.12/site-packages/airflow/example_dags/tutorial_taskflow_templates.py
[2026-09-19T16:16:04.487+0200] {processor.py:925} INFO - DAG(s) 'tutorial_taskflow_templates' retrieved from /Users/swarnalidatta/Desktop/AutoQueryChatbot/.airflow-venv/lib/python3.12/site-packages/airflow/example_dags/tutorial_taskflow_templates.py
[2026-09-19T16:16:04.512+0200] {logging_mixin.py:190} INFO - [2026-09-19T16:16:04.512+0200] {dag.py:3239} INFO - Sync 1 DAGs
[2026-09-19T16:16:04.538+0200] {logging_mixin.py:190} INFO - [2026-09-19T16:16:04.538+0200] {dag.py:4180} INFO - Setting next_dagrun for tutorial_taskflow_templates to 2026-09-18 00:00:00+00:00, run_after=2026-09-19 00:00:00+00:00
[2026-09-19T16:16:04.543+0200] {processor.py:208} INFO - Processing /Users/swarnalidatta/Desktop/AutoQueryChatbot/.airflow-venv/lib/python3.12/site-packages/airflow/example_dags/tutorial_taskflow_templates.py took 0.071 seconds
[2026-09-19T19:12:56.906+0200] {processor.py:186} INFO - Started process (PID=5160) to work on /Users/swarnalidatta/Desktop/AutoQueryChatbot/.airflow-venv/lib/python3.12/site-packages/airflow/example_dags/tutorial_taskflow_templates.py
[2026-09-19T19:12:56.906+0200] {processor.py:914} INFO - Processing file /Users/swarnalidatta/Desktop/AutoQueryChatbot/.airflow-venv/lib/python3.12/site-packages/airflow/example_dags/tutorial_taskflow_templates.py for tasks to queue
[2026-09-19T19:12:56.906+0200] {logging_mixin.py:190} INFO - [2026-09-19T19:12:56.906+0200] {dagbag.py:588} INFO - Filling up the DagBag from /Users/swarnalidatta/Desktop/AutoQueryChatbot/.airflow-venv/lib/python3.12/site-packages/airflow/example_dags/tutorial_taskflow_templates.py
[2026-09-19T19:12:56.919+0200] {processor.py:925} INFO - DAG(s) 'tutorial_taskflow_templates' retrieved from /Users/swarnalidatta/Desktop/AutoQueryChatbot/.airflow-venv/lib/python3.12/site-packages/airflow/example_dags/tutorial_taskflow_templates.py
[2026-09-19T19:12:56.944+0200] {logging_mixin.py:190} INFO - [2026-09-19T19:12:56.944+0200] {dag.py:3239} INFO - Sync 1 DAGs
[2026-09-19T19:12:56.969+0200] {logging_mixin.py:190} INFO - [2026-09-19T19:12:56.969+0200] {dag.py:4180} INFO - Setting next_dagrun for tutorial_taskflow_templates to 2026-09-18 00:00:00+00:00, run_after=2026-09-19 00:00:00+00:00
[2026-09-19T19:12:56.974+0200] {processor.py:208} INFO - Processing /Users/swarnalidatta/Desktop/AutoQueryChatbot/.airflow-venv/lib/python3.12/site-packages/airflow/example_dags/tutorial_taskflow_templates.py took 0.070 seconds
[2026-09-19T23:16:56.944+0200] {processor.py:186} INFO - Started process (PID=5458) to work on /Users/swarnalidatta/Desktop/AutoQueryChatbot/.airflow-venv/lib/python3.12/site-packages/airflow/example_dags/tutorial_taskflow_templates.py
[2026-09-19T23:16:56.945+0200] {processor.py:914} INFO - Processing file /Users/swarnalidatta/Desktop/AutoQueryChatbot/.airflow-venv/lib/python3.12/site-packages/airflow/example_dags/tutorial_taskflow_templates.py for tasks to queue
[2026-09-19T23:16:56.945+0200] {logging_mixin.py:190} INFO - [2026-09-19T23:16:56.945+0200] {dagbag.py:588} INFO - Filling up the DagBag from /Users/swarnalidatta/Desktop/AutoQueryChatbot/.airflow-venv/lib/python3.12/site-packages/airflow/example_dags/tutorial_taskflow_templates.py
[2026-09-19T23:16:56.964+0200] {processor.py:925} INFO - DAG(s) 'tutorial_taskflow_templates' retrieved from /Users/swarnalidatta/Desktop/AutoQueryChatbot/.airflow-venv/lib/python3.12/site-packages/airflow/example_dags/tutorial_taskflow_templates.py
[2026-09-19T23:16:56.992+0200] {logging_mixin.py:190} INFO - [2026-09-19T23:16:56.992+0200] {dag.py:3239} INFO - Sync 1 DAGs
[2026-09-19T23:16:57.023+0200] {logging_mixin.py:190} INFO - [2026-09-19T23:16:57.023+0200] {dag.py:4180} INFO - Setting next_dagrun for tutorial_taskflow_templates to 2026-09-18 00:00:00+00:00, run_after=2026-09-19 00:00:00+00:00
[2026-09-19T23:16:57.028+0200] {processor.py:208} INFO - Processing /Users/swarnalidatta/Desktop/AutoQueryChatbot/.airflow-venv/lib/python3.12/site-packages/airflow/example_dags/tutorial_taskflow_templates.py took 0.085 seconds
[2026-09-20T01:53:53.038+0200] {processor.py:186} INFO - Started process (PID=5741) to work on /Users/swarnalidatta/Desktop/AutoQueryChatbot/.airflow-venv/lib/python3.12/site-packages/airflow/example_dags/tutorial_taskflow_templates.py
[2026-09-20T01:53:53.039+0200] {processor.py:914} INFO - Processing file /Users/swarnalidatta/Desktop/AutoQueryChatbot/.airflow-venv/lib/python3.12/site-packages/airflow/example_dags/tutorial_taskflow_templates.py for tasks to queue
[2026-09-20T01:53:53.039+0200] {logging_mixin.py:190} INFO - [2026-09-20T01:53:53.039+0200] {dagbag.py:588} INFO - Filling up the DagBag from /Users/swarnalidatta/Desktop/AutoQueryChatbot/.airflow-venv/lib/python3.12/site-packages/airflow/example_dags/tutorial_taskflow_templates.py
[2026-09-20T01:53:53.053+0200] {processor.py:925} INFO - DAG(s) 'tutorial_taskflow_templates' retrieved from /Users/swarnalidatta/Desktop/AutoQueryChatbot/.airflow-venv/lib/python3.12/site-packages/airflow/example_dags/tutorial_taskflow_templates.py
[2026-09-20T01:53:53.078+0200] {logging_mixin.py:190} INFO - [2026-09-20T01:53:53.078+0200] {dag.py:3239} INFO - Sync 1 DAGs
[2026-09-20T01:53:53.103+0200] {logging_mixin.py:190} INFO - [2026-09-20T01:53:53.103+0200] {dag.py:4180} INFO - Setting next_dagrun for tutorial_taskflow_templates to 2026-09-18 00:00:00+00:00, run_after=2026-09-19 00:00:00+00:00
[2026-09-20T01:53:53.108+0200] {processor.py:208} INFO - Processing /Users/swarnalidatta/Desktop/AutoQueryChatbot/.airflow-venv/lib/python3.12/site-packages/airflow/example_dags/tutorial_taskflow_templates.py took 0.071 seconds
