[2026-09-19T13:21:43.455+0200] {local_task_job_runner.py:123} INFO - ::group::Pre task execution logs
[2026-09-19T13:21:43.457+0200] {taskinstance.py:2614} INFO - Dependencies all met for dep_context=non-requeueable deps ti=<TaskInstance: mini_riskagent_file_ingestion.wait_for_csv scheduled__2026-09-19T11:20:00+00:00 [queued]>
[2026-09-19T13:21:43.458+0200] {taskinstance.py:2614} INFO - Dependencies all met for dep_context=requeueable deps ti=<TaskInstance: mini_riskagent_file_ingestion.wait_for_csv scheduled__2026-09-19T11:20:00+00:00 [queued]>
[2026-09-19T13:21:43.459+0200] {taskinstance.py:2867} INFO - Starting attempt 1 of 2
[2026-09-19T13:21:43.461+0200] {taskinstance.py:2890} INFO - Executing <Task(PythonSensor): wait_for_csv> on 2026-09-19 11:20:00+00:00
[2026-09-19T13:21:43.466+0200] {logging_mixin.py:190} WARNING - /Users/swarnalidatta/Desktop/AutoQueryChatbot/.airflow-venv/lib/python3.12/site-packages/airflow/task/task_runner/standard_task_runner.py:70 DeprecationWarning: This process (pid=4398) is multi-threaded, use of fork() may lead to deadlocks in the child.
[2026-09-19T13:21:43.466+0200] {standard_task_runner.py:72} INFO - Started process 4401 to run task
[2026-09-19T13:21:43.465+0200] {standard_task_runner.py:104} INFO - Running: ['airflow', 'tasks', 'run', 'mini_riskagent_file_ingestion', 'wait_for_csv', 'scheduled__2026-09-19T11:20:00+00:00', '--job-id', '4683', '--raw', '--subdir', 'DAGS_FOLDER/data_ingest_pipeline.py', '--cfg-path', '/var/folders/5p/201rr1sj03g8gksxm9x48mbh0000gn/T/tmp_gn7gnt8']
[2026-09-19T13:21:43.466+0200] {standard_task_runner.py:105} INFO - Job 4683: Subtask wait_for_csv
[2026-09-19T13:21:43.480+0200] {task_command.py:467} INFO - Running <TaskInstance: mini_riskagent_file_ingestion.wait_for_csv scheduled__2026-09-19T11:20:00+00:00 [running]> on host mac.home
[2026-09-19T13:21:43.495+0200] {taskinstance.py:3134} INFO - Exporting env vars: AIRFLOW_CTX_DAG_OWNER='autoquery' AIRFLOW_CTX_DAG_ID='mini_riskagent_file_ingestion' AIRFLOW_CTX_TASK_ID='wait_for_csv' AIRFLOW_CTX_EXECUTION_DATE='2026-09-19T11:20:00+00:00' AIRFLOW_CTX_TRY_NUMBER='1' AIRFLOW_CTX_DAG_RUN_ID='scheduled__2026-09-19T11:20:00+00:00'
[2026-09-19T13:21:43.496+0200] {logging_mixin.py:190} INFO - Task instance is in running state
[2026-09-19T13:21:43.496+0200] {logging_mixin.py:190} INFO -  Previous state of the Task instance: queued
[2026-09-19T13:21:43.496+0200] {logging_mixin.py:190} INFO - Current task name:wait_for_csv state:running start_date:2026-09-19 11:21:43.457725+00:00
[2026-09-19T13:21:43.496+0200] {logging_mixin.py:190} INFO - Dag name:mini_riskagent_file_ingestion and current dag run status:running
[2026-09-19T13:21:43.496+0200] {taskinstance.py:732} INFO - ::endgroup::
[2026-09-19T13:21:43.498+0200] {python.py:75} INFO - Poking callable: <function check_for_csv_files at 0x10d272b60>
[2026-09-19T13:21:43.501+0200] {taskinstance.py:310} INFO - Rescheduling task, marking task as UP_FOR_RESCHEDULE
[2026-09-19T13:21:43.501+0200] {taskinstance.py:341} INFO - ::group::Post task execution logs
[2026-09-19T13:21:43.525+0200] {local_task_job_runner.py:266} INFO - Task exited with return code 0
[2026-09-19T13:21:43.532+0200] {taskinstance.py:3901} INFO - 0 downstream tasks scheduled from follow-on schedule check
[2026-09-19T13:21:43.532+0200] {local_task_job_runner.py:245} INFO - ::endgroup::
[2026-09-19T13:28:00.545+0200] {local_task_job_runner.py:123} INFO - ::group::Pre task execution logs
[2026-09-19T13:28:00.548+0200] {taskinstance.py:2614} INFO - Dependencies all met for dep_context=non-requeueable deps ti=<TaskInstance: mini_riskagent_file_ingestion.wait_for_csv scheduled__2026-09-19T11:20:00+00:00 [queued]>
[2026-09-19T13:28:00.549+0200] {taskinstance.py:2614} INFO - Dependencies all met for dep_context=requeueable deps ti=<TaskInstance: mini_riskagent_file_ingestion.wait_for_csv scheduled__2026-09-19T11:20:00+00:00 [queued]>
[2026-09-19T13:28:00.549+0200] {taskinstance.py:2867} INFO - Starting attempt 1 of 2
[2026-09-19T13:28:00.552+0200] {taskinstance.py:2890} INFO - Executing <Task(PythonSensor): wait_for_csv> on 2026-09-19 11:20:00+00:00
[2026-09-19T13:28:00.558+0200] {logging_mixin.py:190} WARNING - /Users/swarnalidatta/Desktop/AutoQueryChatbot/.airflow-venv/lib/python3.12/site-packages/airflow/task/task_runner/standard_task_runner.py:70 DeprecationWarning: This process (pid=4414) is multi-threaded, use of fork() may lead to deadlocks in the child.
[2026-09-19T13:28:00.558+0200] {standard_task_runner.py:72} INFO - Started process 4416 to run task
[2026-09-19T13:28:00.557+0200] {standard_task_runner.py:104} INFO - Running: ['airflow', 'tasks', 'run', 'mini_riskagent_file_ingestion', 'wait_for_csv', 'scheduled__2026-09-19T11:20:00+00:00', '--job-id', '4684', '--raw', '--subdir', 'DAGS_FOLDER/data_ingest_pipeline.py', '--cfg-path', '/var/folders/5p/201rr1sj03g8gksxm9x48mbh0000gn/T/tmpjzvgwauj']
[2026-09-19T13:28:00.558+0200] {standard_task_runner.py:105} INFO - Job 4684: Subtask wait_for_csv
[2026-09-19T13:28:00.572+0200] {task_command.py:467} INFO - Running <TaskInstance: mini_riskagent_file_ingestion.wait_for_csv scheduled__2026-09-19T11:20:00+00:00 [running]> on host mac.home
[2026-09-19T13:28:00.587+0200] {taskinstance.py:3134} INFO - Exporting env vars: AIRFLOW_CTX_DAG_OWNER='autoquery' AIRFLOW_CTX_DAG_ID='mini_riskagent_file_ingestion' AIRFLOW_CTX_TASK_ID='wait_for_csv' AIRFLOW_CTX_EXECUTION_DATE='2026-09-19T11:20:00+00:00' AIRFLOW_CTX_TRY_NUMBER='1' AIRFLOW_CTX_DAG_RUN_ID='scheduled__2026-09-19T11:20:00+00:00'
[2026-09-19T13:28:00.588+0200] {logging_mixin.py:190} INFO - Task instance is in running state
[2026-09-19T13:28:00.588+0200] {logging_mixin.py:190} INFO -  Previous state of the Task instance: queued
[2026-09-19T13:28:00.588+0200] {logging_mixin.py:190} INFO - Current task name:wait_for_csv state:running start_date:2026-09-19 11:28:00.548588+00:00
[2026-09-19T13:28:00.588+0200] {logging_mixin.py:190} INFO - Dag name:mini_riskagent_file_ingestion and current dag run status:running
[2026-09-19T13:28:00.589+0200] {taskinstance.py:732} INFO - ::endgroup::
[2026-09-19T13:28:00.590+0200] {python.py:75} INFO - Poking callable: <function check_for_csv_files at 0x10d542b60>
[2026-09-19T13:28:00.594+0200] {taskinstance.py:310} INFO - Rescheduling task, marking task as UP_FOR_RESCHEDULE
[2026-09-19T13:28:00.594+0200] {taskinstance.py:341} INFO - ::group::Post task execution logs
[2026-09-19T13:28:00.617+0200] {local_task_job_runner.py:266} INFO - Task exited with return code 0
[2026-09-19T13:28:00.624+0200] {taskinstance.py:3901} INFO - 0 downstream tasks scheduled from follow-on schedule check
[2026-09-19T13:28:00.624+0200] {local_task_job_runner.py:245} INFO - ::endgroup::
[2026-09-19T13:44:04.877+0200] {local_task_job_runner.py:123} INFO - ::group::Pre task execution logs
[2026-09-19T13:44:04.879+0200] {taskinstance.py:2614} INFO - Dependencies all met for dep_context=non-requeueable deps ti=<TaskInstance: mini_riskagent_file_ingestion.wait_for_csv scheduled__2026-09-19T11:20:00+00:00 [queued]>
[2026-09-19T13:44:04.881+0200] {taskinstance.py:2614} INFO - Dependencies all met for dep_context=requeueable deps ti=<TaskInstance: mini_riskagent_file_ingestion.wait_for_csv scheduled__2026-09-19T11:20:00+00:00 [queued]>
[2026-09-19T13:44:04.881+0200] {taskinstance.py:2867} INFO - Starting attempt 1 of 2
[2026-09-19T13:44:04.884+0200] {taskinstance.py:2890} INFO - Executing <Task(PythonSensor): wait_for_csv> on 2026-09-19 11:20:00+00:00
[2026-09-19T13:44:04.888+0200] {logging_mixin.py:190} WARNING - /Users/swarnalidatta/Desktop/AutoQueryChatbot/.airflow-venv/lib/python3.12/site-packages/airflow/task/task_runner/standard_task_runner.py:70 DeprecationWarning: This process (pid=4436) is multi-threaded, use of fork() may lead to deadlocks in the child.
[2026-09-19T13:44:04.888+0200] {standard_task_runner.py:104} INFO - Running: ['airflow', 'tasks', 'run', 'mini_riskagent_file_ingestion', 'wait_for_csv', 'scheduled__2026-09-19T11:20:00+00:00', '--job-id', '4685', '--raw', '--subdir', 'DAGS_FOLDER/data_ingest_pipeline.py', '--cfg-path', '/var/folders/5p/201rr1sj03g8gksxm9x48mbh0000gn/T/tmpb4kaq3cu']
[2026-09-19T13:44:04.888+0200] {standard_task_runner.py:72} INFO - Started process 4438 to run task
[2026-09-19T13:44:04.888+0200] {standard_task_runner.py:105} INFO - Job 4685: Subtask wait_for_csv
[2026-09-19T13:44:04.902+0200] {task_command.py:467} INFO - Running <TaskInstance: mini_riskagent_file_ingestion.wait_for_csv scheduled__2026-09-19T11:20:00+00:00 [running]> on host mac.home
[2026-09-19T13:44:04.917+0200] {taskinstance.py:3134} INFO - Exporting env vars: AIRFLOW_CTX_DAG_OWNER='autoquery' AIRFLOW_CTX_DAG_ID='mini_riskagent_file_ingestion' AIRFLOW_CTX_TASK_ID='wait_for_csv' AIRFLOW_CTX_EXECUTION_DATE='2026-09-19T11:20:00+00:00' AIRFLOW_CTX_TRY_NUMBER='1' AIRFLOW_CTX_DAG_RUN_ID='scheduled__2026-09-19T11:20:00+00:00'
[2026-09-19T13:44:04.918+0200] {logging_mixin.py:190} INFO - Task instance is in running state
[2026-09-19T13:44:04.918+0200] {logging_mixin.py:190} INFO -  Previous state of the Task instance: queued
[2026-09-19T13:44:04.918+0200] {logging_mixin.py:190} INFO - Current task name:wait_for_csv state:running start_date:2026-09-19 11:44:04.879928+00:00
[2026-09-19T13:44:04.918+0200] {logging_mixin.py:190} INFO - Dag name:mini_riskagent_file_ingestion and current dag run status:running
[2026-09-19T13:44:04.918+0200] {taskinstance.py:732} INFO - ::endgroup::
[2026-09-19T13:44:04.920+0200] {python.py:75} INFO - Poking callable: <function check_for_csv_files at 0x10ac92b60>
[2026-09-19T13:44:04.923+0200] {taskinstance.py:310} INFO - Rescheduling task, marking task as UP_FOR_RESCHEDULE
[2026-09-19T13:44:04.923+0200] {taskinstance.py:341} INFO - ::group::Post task execution logs
[2026-09-19T13:44:04.948+0200] {local_task_job_runner.py:266} INFO - Task exited with return code 0
[2026-09-19T13:44:04.954+0200] {taskinstance.py:3901} INFO - 0 downstream tasks scheduled from follow-on schedule check
[2026-09-19T13:44:04.954+0200] {local_task_job_runner.py:245} INFO - ::endgroup::
[2026-09-19T14:00:55.976+0200] {local_task_job_runner.py:123} INFO - ::group::Pre task execution logs
[2026-09-19T14:00:55.978+0200] {taskinstance.py:2614} INFO - Dependencies all met for dep_context=non-requeueable deps ti=<TaskInstance: mini_riskagent_file_ingestion.wait_for_csv scheduled__2026-09-19T11:20:00+00:00 [queued]>
[2026-09-19T14:00:55.980+0200] {taskinstance.py:2614} INFO - Dependencies all met for dep_context=requeueable deps ti=<TaskInstance: mini_riskagent_file_ingestion.wait_for_csv scheduled__2026-09-19T11:20:00+00:00 [queued]>
[2026-09-19T14:00:55.980+0200] {taskinstance.py:2867} INFO - Starting attempt 1 of 2
[2026-09-19T14:00:55.983+0200] {taskinstance.py:2890} INFO - Executing <Task(PythonSensor): wait_for_csv> on 2026-09-19 11:20:00+00:00
[2026-09-19T14:00:55.987+0200] {logging_mixin.py:190} WARNING - /Users/swarnalidatta/Desktop/AutoQueryChatbot/.airflow-venv/lib/python3.12/site-packages/airflow/task/task_runner/standard_task_runner.py:70 DeprecationWarning: This process (pid=4450) is multi-threaded, use of fork() may lead to deadlocks in the child.
[2026-09-19T14:00:55.987+0200] {standard_task_runner.py:72} INFO - Started process 4452 to run task
[2026-09-19T14:00:55.987+0200] {standard_task_runner.py:104} INFO - Running: ['airflow', 'tasks', 'run', 'mini_riskagent_file_ingestion', 'wait_for_csv', 'scheduled__2026-09-19T11:20:00+00:00', '--job-id', '4686', '--raw', '--subdir', 'DAGS_FOLDER/data_ingest_pipeline.py', '--cfg-path', '/var/folders/5p/201rr1sj03g8gksxm9x48mbh0000gn/T/tmpuj5x728n']
[2026-09-19T14:00:55.987+0200] {standard_task_runner.py:105} INFO - Job 4686: Subtask wait_for_csv
[2026-09-19T14:00:56.001+0200] {task_command.py:467} INFO - Running <TaskInstance: mini_riskagent_file_ingestion.wait_for_csv scheduled__2026-09-19T11:20:00+00:00 [running]> on host mac.home
[2026-09-19T14:00:56.016+0200] {taskinstance.py:3134} INFO - Exporting env vars: AIRFLOW_CTX_DAG_OWNER='autoquery' AIRFLOW_CTX_DAG_ID='mini_riskagent_file_ingestion' AIRFLOW_CTX_TASK_ID='wait_for_csv' AIRFLOW_CTX_EXECUTION_DATE='2026-09-19T11:20:00+00:00' AIRFLOW_CTX_TRY_NUMBER='1' AIRFLOW_CTX_DAG_RUN_ID='scheduled__2026-09-19T11:20:00+00:00'
[2026-09-19T14:00:56.017+0200] {logging_mixin.py:190} INFO - Task instance is in running state
[2026-09-19T14:00:56.017+0200] {logging_mixin.py:190} INFO -  Previous state of the Task instance: queued
[2026-09-19T14:00:56.017+0200] {logging_mixin.py:190} INFO - Current task name:wait_for_csv state:running start_date:2026-09-19 12:00:55.978973+00:00
[2026-09-19T14:00:56.017+0200] {logging_mixin.py:190} INFO - Dag name:mini_riskagent_file_ingestion and current dag run status:running
[2026-09-19T14:00:56.018+0200] {taskinstance.py:732} INFO - ::endgroup::
[2026-09-19T14:00:56.019+0200] {python.py:75} INFO - Poking callable: <function check_for_csv_files at 0x10b496b60>
[2026-09-19T14:00:56.022+0200] {taskinstance.py:310} INFO - Rescheduling task, marking task as UP_FOR_RESCHEDULE
[2026-09-19T14:00:56.022+0200] {taskinstance.py:341} INFO - ::group::Post task execution logs
[2026-09-19T14:00:56.047+0200] {local_task_job_runner.py:266} INFO - Task exited with return code 0
[2026-09-19T14:00:56.053+0200] {taskinstance.py:3901} INFO - 0 downstream tasks scheduled from follow-on schedule check
[2026-09-19T14:00:56.053+0200] {local_task_job_runner.py:245} INFO - ::endgroup::
[2026-09-19T14:07:58.528+0200] {local_task_job_runner.py:123} INFO - ::group::Pre task execution logs
[2026-09-19T14:07:58.530+0200] {taskinstance.py:2614} INFO - Dependencies all met for dep_context=non-requeueable deps ti=<TaskInstance: mini_riskagent_file_ingestion.wait_for_csv scheduled__2026-09-19T11:20:00+00:00 [queued]>
[2026-09-19T14:07:58.532+0200] {taskinstance.py:2614} INFO - Dependencies all met for dep_context=requeueable deps ti=<TaskInstance: mini_riskagent_file_ingestion.wait_for_csv scheduled__2026-09-19T11:20:00+00:00 [queued]>
[2026-09-19T14:07:58.532+0200] {taskinstance.py:2867} INFO - Starting attempt 1 of 2
[2026-09-19T14:07:58.535+0200] {taskinstance.py:2890} INFO - Executing <Task(PythonSensor): wait_for_csv> on 2026-09-19 11:20:00+00:00
[2026-09-19T14:07:58.539+0200] {logging_mixin.py:190} WARNING - /Users/swarnalidatta/Desktop/AutoQueryChatbot/.airflow-venv/lib/python3.12/site-packages/airflow/task/task_runner/standard_task_runner.py:70 DeprecationWarning: This process (pid=4478) is multi-threaded, use of fork() may lead to deadlocks in the child.
[2026-09-19T14:07:58.539+0200] {standard_task_runner.py:72} INFO - Started process 4481 to run task
[2026-09-19T14:07:58.539+0200] {standard_task_runner.py:104} INFO - Running: ['airflow', 'tasks', 'run', 'mini_riskagent_file_ingestion', 'wait_for_csv', 'scheduled__2026-09-19T11:20:00+00:00', '--job-id', '4687', '--raw', '--subdir', 'DAGS_FOLDER/data_ingest_pipeline.py', '--cfg-path', '/var/folders/5p/201rr1sj03g8gksxm9x48mbh0000gn/T/tmpguq2qpep']
[2026-09-19T14:07:58.540+0200] {standard_task_runner.py:105} INFO - Job 4687: Subtask wait_for_csv
[2026-09-19T14:07:58.554+0200] {task_command.py:467} INFO - Running <TaskInstance: mini_riskagent_file_ingestion.wait_for_csv scheduled__2026-09-19T11:20:00+00:00 [running]> on host mac.home
[2026-09-19T14:07:58.569+0200] {taskinstance.py:3134} INFO - Exporting env vars: AIRFLOW_CTX_DAG_OWNER='autoquery' AIRFLOW_CTX_DAG_ID='mini_riskagent_file_ingestion' AIRFLOW_CTX_TASK_ID='wait_for_csv' AIRFLOW_CTX_EXECUTION_DATE='2026-09-19T11:20:00+00:00' AIRFLOW_CTX_TRY_NUMBER='1' AIRFLOW_CTX_DAG_RUN_ID='scheduled__2026-09-19T11:20:00+00:00'
[2026-09-19T14:07:58.569+0200] {logging_mixin.py:190} INFO - Task instance is in running state
[2026-09-19T14:07:58.569+0200] {logging_mixin.py:190} INFO -  Previous state of the Task instance: queued
[2026-09-19T14:07:58.569+0200] {logging_mixin.py:190} INFO - Current task name:wait_for_csv state:running start_date:2026-09-19 12:07:58.530866+00:00
[2026-09-19T14:07:58.569+0200] {logging_mixin.py:190} INFO - Dag name:mini_riskagent_file_ingestion and current dag run status:running
[2026-09-19T14:07:58.570+0200] {taskinstance.py:732} INFO - ::endgroup::
[2026-09-19T14:07:58.571+0200] {python.py:75} INFO - Poking callable: <function check_for_csv_files at 0x10ca62b60>
[2026-09-19T14:07:58.574+0200] {taskinstance.py:310} INFO - Rescheduling task, marking task as UP_FOR_RESCHEDULE
[2026-09-19T14:07:58.574+0200] {taskinstance.py:341} INFO - ::group::Post task execution logs
[2026-09-19T14:07:58.598+0200] {local_task_job_runner.py:266} INFO - Task exited with return code 0
[2026-09-19T14:07:58.605+0200] {taskinstance.py:3901} INFO - 0 downstream tasks scheduled from follow-on schedule check
[2026-09-19T14:07:58.605+0200] {local_task_job_runner.py:245} INFO - ::endgroup::
[2026-09-19T14:24:05.042+0200] {local_task_job_runner.py:123} INFO - ::group::Pre task execution logs
[2026-09-19T14:24:05.045+0200] {taskinstance.py:2614} INFO - Dependencies all met for dep_context=non-requeueable deps ti=<TaskInstance: mini_riskagent_file_ingestion.wait_for_csv scheduled__2026-09-19T11:20:00+00:00 [queued]>
[2026-09-19T14:24:05.047+0200] {taskinstance.py:2614} INFO - Dependencies all met for dep_context=requeueable deps ti=<TaskInstance: mini_riskagent_file_ingestion.wait_for_csv scheduled__2026-09-19T11:20:00+00:00 [queued]>
[2026-09-19T14:24:05.047+0200] {taskinstance.py:2867} INFO - Starting attempt 1 of 2
[2026-09-19T14:24:05.050+0200] {taskinstance.py:2890} INFO - Executing <Task(PythonSensor): wait_for_csv> on 2026-09-19 11:20:00+00:00
[2026-09-19T14:24:05.055+0200] {logging_mixin.py:190} WARNING - /Users/swarnalidatta/Desktop/AutoQueryChatbot/.airflow-venv/lib/python3.12/site-packages/airflow/task/task_runner/standard_task_runner.py:70 DeprecationWarning: This process (pid=4505) is multi-threaded, use of fork() may lead to deadlocks in the child.
[2026-09-19T14:24:05.055+0200] {standard_task_runner.py:72} INFO - Started process 4512 to run task
[2026-09-19T14:24:05.054+0200] {standard_task_runner.py:104} INFO - Running: ['airflow', 'tasks', 'run', 'mini_riskagent_file_ingestion', 'wait_for_csv', 'scheduled__2026-09-19T11:20:00+00:00', '--job-id', '4688', '--raw', '--subdir', 'DAGS_FOLDER/data_ingest_pipeline.py', '--cfg-path', '/var/folders/5p/201rr1sj03g8gksxm9x48mbh0000gn/T/tmprpd8qbz0']
[2026-09-19T14:24:05.055+0200] {standard_task_runner.py:105} INFO - Job 4688: Subtask wait_for_csv
[2026-09-19T14:24:05.070+0200] {task_command.py:467} INFO - Running <TaskInstance: mini_riskagent_file_ingestion.wait_for_csv scheduled__2026-09-19T11:20:00+00:00 [running]> on host mac.home
[2026-09-19T14:24:05.085+0200] {taskinstance.py:3134} INFO - Exporting env vars: AIRFLOW_CTX_DAG_OWNER='autoquery' AIRFLOW_CTX_DAG_ID='mini_riskagent_file_ingestion' AIRFLOW_CTX_TASK_ID='wait_for_csv' AIRFLOW_CTX_EXECUTION_DATE='2026-09-19T11:20:00+00:00' AIRFLOW_CTX_TRY_NUMBER='1' AIRFLOW_CTX_DAG_RUN_ID='scheduled__2026-09-19T11:20:00+00:00'
[2026-09-19T14:24:05.085+0200] {logging_mixin.py:190} INFO - Task instance is in running state
[2026-09-19T14:24:05.086+0200] {logging_mixin.py:190} INFO -  Previous state of the Task instance: queued
[2026-09-19T14:24:05.086+0200] {logging_mixin.py:190} INFO - Current task name:wait_for_csv state:running start_date:2026-09-19 12:24:05.045811+00:00
[2026-09-19T14:24:05.086+0200] {logging_mixin.py:190} INFO - Dag name:mini_riskagent_file_ingestion and current dag run status:running
[2026-09-19T14:24:05.086+0200] {taskinstance.py:732} INFO - ::endgroup::
[2026-09-19T14:24:05.087+0200] {python.py:75} INFO - Poking callable: <function check_for_csv_files at 0x10cc92b60>
[2026-09-19T14:24:05.088+0200] {taskinstance.py:3313} ERROR - Task failed with exception
Traceback (most recent call last):
  File "/Users/swarnalidatta/Desktop/AutoQueryChatbot/.airflow-venv/lib/python3.12/site-packages/airflow/models/taskinstance.py", line 768, in _execute_task
    result = _execute_callable(context=context, **execute_callable_kwargs)
             ^^^^^^^^^^^^^^^^^^^^^^^^^^^^^^^^^^^^^^^^^^^^^^^^^^^^^^^^^^^^^
  File "/Users/swarnalidatta/Desktop/AutoQueryChatbot/.airflow-venv/lib/python3.12/site-packages/airflow/models/taskinstance.py", line 734, in _execute_callable
    return ExecutionCallableRunner(
           ^^^^^^^^^^^^^^^^^^^^^^^^
  File "/Users/swarnalidatta/Desktop/AutoQueryChatbot/.airflow-venv/lib/python3.12/site-packages/airflow/utils/operator_helpers.py", line 252, in run
    return self.func(*args, **kwargs)
           ^^^^^^^^^^^^^^^^^^^^^^^^^^
  File "/Users/swarnalidatta/Desktop/AutoQueryChatbot/.airflow-venv/lib/python3.12/site-packages/airflow/models/baseoperator.py", line 424, in wrapper
    return func(self, *args, **kwargs)
           ^^^^^^^^^^^^^^^^^^^^^^^^^^^
  File "/Users/swarnalidatta/Desktop/AutoQueryChatbot/.airflow-venv/lib/python3.12/site-packages/airflow/sensors/base.py", line 326, in execute
    raise AirflowSensorTimeout(message)
airflow.exceptions.AirflowSensorTimeout: Sensor has timed out; run duration of 3741.602669 seconds exceeds the specified timeout of 3600.0.
[2026-09-19T14:24:05.089+0200] {logging_mixin.py:190} INFO - Task instance in failure state
[2026-09-19T14:24:05.089+0200] {logging_mixin.py:190} INFO - Task start:2026-09-19 12:24:05.045811+00:00 end:2026-09-19 12:24:05.089615+00:00 duration:0.043804
[2026-09-19T14:24:05.090+0200] {logging_mixin.py:190} INFO - Task:<Task(PythonSensor): wait_for_csv> dag:<DAG: mini_riskagent_file_ingestion> dagrun:<DagRun mini_riskagent_file_ingestion @ 2026-09-19 11:20:00+00:00: scheduled__2026-09-19T11:20:00+00:00, state:running, queued_at: 2026-09-19 11:21:42.593618+00:00. externally triggered: False>
[2026-09-19T14:24:05.090+0200] {logging_mixin.py:190} INFO - Failure caused by Sensor has timed out; run duration of 3741.602669 seconds exceeds the specified timeout of 3600.0.
[2026-09-19T14:24:05.090+0200] {taskinstance.py:1226} INFO - Immediate failure requested. Marking task as FAILED. dag_id=mini_riskagent_file_ingestion, task_id=wait_for_csv, run_id=scheduled__2026-09-19T11:20:00+00:00, execution_date=20260919T112000, start_date=20260919T122405, end_date=20260919T122405
[2026-09-19T14:24:05.094+0200] {taskinstance.py:341} INFO - ::group::Post task execution logs
[2026-09-19T14:24:05.094+0200] {standard_task_runner.py:124} ERROR - Failed to execute job 4688 for task wait_for_csv (Sensor has timed out; run duration of 3741.602669 seconds exceeds the specified timeout of 3600.0.; 4512)
Traceback (most recent call last):
  File "/Users/swarnalidatta/Desktop/AutoQueryChatbot/.airflow-venv/lib/python3.12/site-packages/airflow/task/task_runner/standard_task_runner.py", line 117, in _start_by_fork
    ret = args.func(args, dag=self.dag)
          ^^^^^^^^^^^^^^^^^^^^^^^^^^^^^
  File "/Users/swarnalidatta/Desktop/AutoQueryChatbot/.airflow-venv/lib/python3.12/site-packages/airflow/cli/cli_config.py", line 49, in command
    return func(*args, **kwargs)
           ^^^^^^^^^^^^^^^^^^^^^
  File "/Users/swarnalidatta/Desktop/AutoQueryChatbot/.airflow-venv/lib/python3.12/site-packages/airflow/utils/cli.py", line 116, in wrapper
    return f(*args, **kwargs)
           ^^^^^^^^^^^^^^^^^^
  File "/Users/swarnalidatta/Desktop/AutoQueryChatbot/.airflow-venv/lib/python3.12/site-packages/airflow/cli/commands/task_command.py", line 483, in task_run
    task_return_code = _run_task_by_selected_method(args, _dag, ti)
                       ^^^^^^^^^^^^^^^^^^^^^^^^^^^^^^^^^^^^^^^^^^^^
  File "/Users/swarnalidatta/Desktop/AutoQueryChatbot/.airflow-venv/lib/python3.12/site-packages/airflow/cli/commands/task_command.py", line 256, in _run_task_by_selected_method
    return _run_raw_task(args, ti)
           ^^^^^^^^^^^^^^^^^^^^^^^
  File "/Users/swarnalidatta/Desktop/AutoQueryChatbot/.airflow-venv/lib/python3.12/site-packages/airflow/cli/commands/task_command.py", line 341, in _run_raw_task
    return ti._run_raw_task(
           ^^^^^^^^^^^^^^^^^
  File "/Users/swarnalidatta/Desktop/AutoQueryChatbot/.airflow-venv/lib/python3.12/site-packages/airflow/utils/session.py", line 97, in wrapper
    return func(*args, session=session, **kwargs)
           ^^^^^^^^^^^^^^^^^^^^^^^^^^^^^^^^^^^^^^
  File "/Users/swarnalidatta/Desktop/AutoQueryChatbot/.airflow-venv/lib/python3.12/site-packages/airflow/models/taskinstance.py", line 3006, in _run_raw_task
    return _run_raw_task(
           ^^^^^^^^^^^^^^
  File "/Users/swarnalidatta/Desktop/AutoQueryChatbot/.airflow-venv/lib/python3.12/site-packages/airflow/models/taskinstance.py", line 274, in _run_raw_task
    TaskInstance._execute_task_with_callbacks(
  File "/Users/swarnalidatta/Desktop/AutoQueryChatbot/.airflow-venv/lib/python3.12/site-packages/airflow/models/taskinstance.py", line 3161, in _execute_task_with_callbacks
    result = self._execute_task(context, task_orig)
             ^^^^^^^^^^^^^^^^^^^^^^^^^^^^^^^^^^^^^^
  File "/Users/swarnalidatta/Desktop/AutoQueryChatbot/.airflow-venv/lib/python3.12/site-packages/airflow/models/taskinstance.py", line 3185, in _execute_task
    return _execute_task(self, context, task_orig)
           ^^^^^^^^^^^^^^^^^^^^^^^^^^^^^^^^^^^^^^^
  File "/Users/swarnalidatta/Desktop/AutoQueryChatbot/.airflow-venv/lib/python3.12/site-packages/airflow/models/taskinstance.py", line 768, in _execute_task
    result = _execute_callable(context=context, **execute_callable_kwargs)
             ^^^^^^^^^^^^^^^^^^^^^^^^^^^^^^^^^^^^^^^^^^^^^^^^^^^^^^^^^^^^^
  File "/Users/swarnalidatta/Desktop/AutoQueryChatbot/.airflow-venv/lib/python3.12/site-packages/airflow/models/taskinstance.py", line 734, in _execute_callable
    return ExecutionCallableRunner(
           ^^^^^^^^^^^^^^^^^^^^^^^^
  File "/Users/swarnalidatta/Desktop/AutoQueryChatbot/.airflow-venv/lib/python3.12/site-packages/airflow/utils/operator_helpers.py", line 252, in run
    return self.func(*args, **kwargs)
           ^^^^^^^^^^^^^^^^^^^^^^^^^^
  File "/Users/swarnalidatta/Desktop/AutoQueryChatbot/.airflow-venv/lib/python3.12/site-packages/airflow/models/baseoperator.py", line 424, in wrapper
    return func(self, *args, **kwargs)
           ^^^^^^^^^^^^^^^^^^^^^^^^^^^
  File "/Users/swarnalidatta/Desktop/AutoQueryChatbot/.airflow-venv/lib/python3.12/site-packages/airflow/sensors/base.py", line 326, in execute
    raise AirflowSensorTimeout(message)
airflow.exceptions.AirflowSensorTimeout: Sensor has timed out; run duration of 3741.602669 seconds exceeds the specified timeout of 3600.0.
[2026-09-19T14:24:05.114+0200] {local_task_job_runner.py:266} INFO - Task exited with return code 1
[2026-09-19T14:24:05.121+0200] {taskinstance.py:3901} INFO - 0 downstream tasks scheduled from follow-on schedule check
[2026-09-19T14:24:05.122+0200] {local_task_job_runner.py:245} INFO - ::endgroup::
