[2026-09-05T19:50:48.552+0200] {local_task_job_runner.py:123} INFO - ::group::Pre task execution logs
[2026-09-05T19:50:48.554+0200] {taskinstance.py:2614} INFO - Dependencies all met for dep_context=non-requeueable deps ti=<TaskInstance: mini_riskagent_file_ingestion.wait_for_csv scheduled__2026-09-05T17:49:00+00:00 [queued]>
[2026-09-05T19:50:48.556+0200] {taskinstance.py:2614} INFO - Dependencies all met for dep_context=requeueable deps ti=<TaskInstance: mini_riskagent_file_ingestion.wait_for_csv scheduled__2026-09-05T17:49:00+00:00 [queued]>
[2026-09-05T19:50:48.556+0200] {taskinstance.py:2867} INFO - Starting attempt 1 of 2
[2026-09-05T19:50:48.559+0200] {taskinstance.py:2890} INFO - Executing <Task(PythonSensor): wait_for_csv> on 2026-09-05 17:49:00+00:00
[2026-09-05T19:50:48.563+0200] {standard_task_runner.py:104} INFO - Running: ['airflow', 'tasks', 'run', 'mini_riskagent_file_ingestion', 'wait_for_csv', 'scheduled__2026-09-05T17:49:00+00:00', '--job-id', '2105', '--raw', '--subdir', 'DAGS_FOLDER/data_ingest_pipeline.py', '--cfg-path', '/var/folders/5p/201rr1sj03g8gksxm9x48mbh0000gn/T/tmpanwpbs3f']
[2026-09-05T19:50:48.564+0200] {standard_task_runner.py:105} INFO - Job 2105: Subtask wait_for_csv
[2026-09-05T19:50:48.613+0200] {logging_mixin.py:190} WARNING - /Users/swarnalidatta/Desktop/AutoQueryChatbot/.airflow-venv/lib/python3.12/site-packages/airflow/task/task_runner/standard_task_runner.py:70 DeprecationWarning: This process (pid=36247) is multi-threaded, use of fork() may lead to deadlocks in the child.
[2026-09-05T19:50:48.614+0200] {standard_task_runner.py:72} INFO - Started process 36249 to run task
[2026-09-05T19:50:48.627+0200] {task_command.py:467} INFO - Running <TaskInstance: mini_riskagent_file_ingestion.wait_for_csv scheduled__2026-09-05T17:49:00+00:00 [running]> on host mac.home
[2026-09-05T19:50:48.643+0200] {taskinstance.py:3134} INFO - Exporting env vars: AIRFLOW_CTX_DAG_OWNER='autoquery' AIRFLOW_CTX_DAG_ID='mini_riskagent_file_ingestion' AIRFLOW_CTX_TASK_ID='wait_for_csv' AIRFLOW_CTX_EXECUTION_DATE='2026-09-05T17:49:00+00:00' AIRFLOW_CTX_TRY_NUMBER='1' AIRFLOW_CTX_DAG_RUN_ID='scheduled__2026-09-05T17:49:00+00:00'
[2026-09-05T19:50:48.643+0200] {logging_mixin.py:190} INFO - Task instance is in running state
[2026-09-05T19:50:48.643+0200] {logging_mixin.py:190} INFO -  Previous state of the Task instance: queued
[2026-09-05T19:50:48.644+0200] {logging_mixin.py:190} INFO - Current task name:wait_for_csv state:running start_date:2026-09-05 17:50:48.554925+00:00
[2026-09-05T19:50:48.644+0200] {logging_mixin.py:190} INFO - Dag name:mini_riskagent_file_ingestion and current dag run status:running
[2026-09-05T19:50:48.644+0200] {taskinstance.py:732} INFO - ::endgroup::
[2026-09-05T19:50:48.645+0200] {python.py:75} INFO - Poking callable: <function check_for_csv_files at 0x10cbecc20>
[2026-09-05T19:50:48.648+0200] {taskinstance.py:310} INFO - Rescheduling task, marking task as UP_FOR_RESCHEDULE
[2026-09-05T19:50:48.648+0200] {taskinstance.py:341} INFO - ::group::Post task execution logs
[2026-09-05T19:50:48.669+0200] {local_task_job_runner.py:266} INFO - Task exited with return code 0
[2026-09-05T19:50:48.674+0200] {taskinstance.py:3901} INFO - 0 downstream tasks scheduled from follow-on schedule check
[2026-09-05T19:50:48.674+0200] {local_task_job_runner.py:245} INFO - ::endgroup::
[2026-09-05T19:51:20.150+0200] {local_task_job_runner.py:123} INFO - ::group::Pre task execution logs
[2026-09-05T19:51:20.152+0200] {taskinstance.py:2614} INFO - Dependencies all met for dep_context=non-requeueable deps ti=<TaskInstance: mini_riskagent_file_ingestion.wait_for_csv scheduled__2026-09-05T17:49:00+00:00 [queued]>
[2026-09-05T19:51:20.154+0200] {taskinstance.py:2614} INFO - Dependencies all met for dep_context=requeueable deps ti=<TaskInstance: mini_riskagent_file_ingestion.wait_for_csv scheduled__2026-09-05T17:49:00+00:00 [queued]>
[2026-09-05T19:51:20.154+0200] {taskinstance.py:2867} INFO - Starting attempt 1 of 2
[2026-09-05T19:51:20.158+0200] {taskinstance.py:2890} INFO - Executing <Task(PythonSensor): wait_for_csv> on 2026-09-05 17:49:00+00:00
[2026-09-05T19:51:20.162+0200] {standard_task_runner.py:104} INFO - Running: ['airflow', 'tasks', 'run', 'mini_riskagent_file_ingestion', 'wait_for_csv', 'scheduled__2026-09-05T17:49:00+00:00', '--job-id', '2121', '--raw', '--subdir', 'DAGS_FOLDER/data_ingest_pipeline.py', '--cfg-path', '/var/folders/5p/201rr1sj03g8gksxm9x48mbh0000gn/T/tmp7t423x2e']
[2026-09-05T19:51:20.163+0200] {standard_task_runner.py:105} INFO - Job 2121: Subtask wait_for_csv
[2026-09-05T19:51:20.214+0200] {logging_mixin.py:190} WARNING - /Users/swarnalidatta/Desktop/AutoQueryChatbot/.airflow-venv/lib/python3.12/site-packages/airflow/task/task_runner/standard_task_runner.py:70 DeprecationWarning: This process (pid=36357) is multi-threaded, use of fork() may lead to deadlocks in the child.
[2026-09-05T19:51:20.214+0200] {standard_task_runner.py:72} INFO - Started process 36364 to run task
[2026-09-05T19:51:20.225+0200] {task_command.py:467} INFO - Running <TaskInstance: mini_riskagent_file_ingestion.wait_for_csv scheduled__2026-09-05T17:49:00+00:00 [running]> on host mac.home
[2026-09-05T19:51:20.240+0200] {taskinstance.py:3134} INFO - Exporting env vars: AIRFLOW_CTX_DAG_OWNER='autoquery' AIRFLOW_CTX_DAG_ID='mini_riskagent_file_ingestion' AIRFLOW_CTX_TASK_ID='wait_for_csv' AIRFLOW_CTX_EXECUTION_DATE='2026-09-05T17:49:00+00:00' AIRFLOW_CTX_TRY_NUMBER='1' AIRFLOW_CTX_DAG_RUN_ID='scheduled__2026-09-05T17:49:00+00:00'
[2026-09-05T19:51:20.241+0200] {logging_mixin.py:190} INFO - Task instance is in running state
[2026-09-05T19:51:20.241+0200] {logging_mixin.py:190} INFO -  Previous state of the Task instance: queued
[2026-09-05T19:51:20.241+0200] {logging_mixin.py:190} INFO - Current task name:wait_for_csv state:running start_date:2026-09-05 17:51:20.153077+00:00
[2026-09-05T19:51:20.241+0200] {logging_mixin.py:190} INFO - Dag name:mini_riskagent_file_ingestion and current dag run status:running
[2026-09-05T19:51:20.242+0200] {taskinstance.py:732} INFO - ::endgroup::
[2026-09-05T19:51:20.243+0200] {python.py:75} INFO - Poking callable: <function check_for_csv_files at 0x10d5e4c20>
[2026-09-05T19:51:20.246+0200] {taskinstance.py:310} INFO - Rescheduling task, marking task as UP_FOR_RESCHEDULE
[2026-09-05T19:51:20.246+0200] {taskinstance.py:341} INFO - ::group::Post task execution logs
[2026-09-05T19:51:20.269+0200] {local_task_job_runner.py:266} INFO - Task exited with return code 0
[2026-09-05T19:51:20.274+0200] {taskinstance.py:3901} INFO - 0 downstream tasks scheduled from follow-on schedule check
[2026-09-05T19:51:20.274+0200] {local_task_job_runner.py:245} INFO - ::endgroup::
[2026-09-05T19:51:52.337+0200] {local_task_job_runner.py:123} INFO - ::group::Pre task execution logs
[2026-09-05T19:51:52.340+0200] {taskinstance.py:2614} INFO - Dependencies all met for dep_context=non-requeueable deps ti=<TaskInstance: mini_riskagent_file_ingestion.wait_for_csv scheduled__2026-09-05T17:49:00+00:00 [queued]>
[2026-09-05T19:51:52.341+0200] {taskinstance.py:2614} INFO - Dependencies all met for dep_context=requeueable deps ti=<TaskInstance: mini_riskagent_file_ingestion.wait_for_csv scheduled__2026-09-05T17:49:00+00:00 [queued]>
[2026-09-05T19:51:52.341+0200] {taskinstance.py:2867} INFO - Starting attempt 1 of 2
[2026-09-05T19:51:52.345+0200] {taskinstance.py:2890} INFO - Executing <Task(PythonSensor): wait_for_csv> on 2026-09-05 17:49:00+00:00
[2026-09-05T19:51:52.349+0200] {standard_task_runner.py:104} INFO - Running: ['airflow', 'tasks', 'run', 'mini_riskagent_file_ingestion', 'wait_for_csv', 'scheduled__2026-09-05T17:49:00+00:00', '--job-id', '2136', '--raw', '--subdir', 'DAGS_FOLDER/data_ingest_pipeline.py', '--cfg-path', '/var/folders/5p/201rr1sj03g8gksxm9x48mbh0000gn/T/tmpkh4z10js']
[2026-09-05T19:51:52.350+0200] {standard_task_runner.py:105} INFO - Job 2136: Subtask wait_for_csv
[2026-09-05T19:51:52.401+0200] {logging_mixin.py:190} WARNING - /Users/swarnalidatta/Desktop/AutoQueryChatbot/.airflow-venv/lib/python3.12/site-packages/airflow/task/task_runner/standard_task_runner.py:70 DeprecationWarning: This process (pid=36475) is multi-threaded, use of fork() may lead to deadlocks in the child.
[2026-09-05T19:51:52.402+0200] {standard_task_runner.py:72} INFO - Started process 36477 to run task
[2026-09-05T19:51:52.414+0200] {task_command.py:467} INFO - Running <TaskInstance: mini_riskagent_file_ingestion.wait_for_csv scheduled__2026-09-05T17:49:00+00:00 [running]> on host mac.home
[2026-09-05T19:51:52.430+0200] {taskinstance.py:3134} INFO - Exporting env vars: AIRFLOW_CTX_DAG_OWNER='autoquery' AIRFLOW_CTX_DAG_ID='mini_riskagent_file_ingestion' AIRFLOW_CTX_TASK_ID='wait_for_csv' AIRFLOW_CTX_EXECUTION_DATE='2026-09-05T17:49:00+00:00' AIRFLOW_CTX_TRY_NUMBER='1' AIRFLOW_CTX_DAG_RUN_ID='scheduled__2026-09-05T17:49:00+00:00'
[2026-09-05T19:51:52.430+0200] {logging_mixin.py:190} INFO - Task instance is in running state
[2026-09-05T19:51:52.431+0200] {logging_mixin.py:190} INFO -  Previous state of the Task instance: queued
[2026-09-05T19:51:52.431+0200] {logging_mixin.py:190} INFO - Current task name:wait_for_csv state:running start_date:2026-09-05 17:51:52.340239+00:00
[2026-09-05T19:51:52.431+0200] {logging_mixin.py:190} INFO - Dag name:mini_riskagent_file_ingestion and current dag run status:running
[2026-09-05T19:51:52.431+0200] {taskinstance.py:732} INFO - ::endgroup::
[2026-09-05T19:51:52.432+0200] {python.py:75} INFO - Poking callable: <function check_for_csv_files at 0x10c7f0c20>
[2026-09-05T19:51:52.436+0200] {taskinstance.py:310} INFO - Rescheduling task, marking task as UP_FOR_RESCHEDULE
[2026-09-05T19:51:52.436+0200] {taskinstance.py:341} INFO - ::group::Post task execution logs
[2026-09-05T19:51:52.456+0200] {local_task_job_runner.py:266} INFO - Task exited with return code 0
[2026-09-05T19:51:52.461+0200] {taskinstance.py:3901} INFO - 0 downstream tasks scheduled from follow-on schedule check
[2026-09-05T19:51:52.461+0200] {local_task_job_runner.py:245} INFO - ::endgroup::
[2026-09-05T19:52:24.790+0200] {local_task_job_runner.py:123} INFO - ::group::Pre task execution logs
[2026-09-05T19:52:24.793+0200] {taskinstance.py:2614} INFO - Dependencies all met for dep_context=non-requeueable deps ti=<TaskInstance: mini_riskagent_file_ingestion.wait_for_csv scheduled__2026-09-05T17:49:00+00:00 [queued]>
[2026-09-05T19:52:24.794+0200] {taskinstance.py:2614} INFO - Dependencies all met for dep_context=requeueable deps ti=<TaskInstance: mini_riskagent_file_ingestion.wait_for_csv scheduled__2026-09-05T17:49:00+00:00 [queued]>
[2026-09-05T19:52:24.794+0200] {taskinstance.py:2867} INFO - Starting attempt 1 of 2
[2026-09-05T19:52:24.798+0200] {taskinstance.py:2890} INFO - Executing <Task(PythonSensor): wait_for_csv> on 2026-09-05 17:49:00+00:00
[2026-09-05T19:52:24.802+0200] {standard_task_runner.py:104} INFO - Running: ['airflow', 'tasks', 'run', 'mini_riskagent_file_ingestion', 'wait_for_csv', 'scheduled__2026-09-05T17:49:00+00:00', '--job-id', '2152', '--raw', '--subdir', 'DAGS_FOLDER/data_ingest_pipeline.py', '--cfg-path', '/var/folders/5p/201rr1sj03g8gksxm9x48mbh0000gn/T/tmp5w4k0azd']
[2026-09-05T19:52:24.803+0200] {standard_task_runner.py:105} INFO - Job 2152: Subtask wait_for_csv
[2026-09-05T19:52:24.853+0200] {logging_mixin.py:190} WARNING - /Users/swarnalidatta/Desktop/AutoQueryChatbot/.airflow-venv/lib/python3.12/site-packages/airflow/task/task_runner/standard_task_runner.py:70 DeprecationWarning: This process (pid=36583) is multi-threaded, use of fork() may lead to deadlocks in the child.
[2026-09-05T19:52:24.853+0200] {standard_task_runner.py:72} INFO - Started process 36585 to run task
[2026-09-05T19:52:24.866+0200] {task_command.py:467} INFO - Running <TaskInstance: mini_riskagent_file_ingestion.wait_for_csv scheduled__2026-09-05T17:49:00+00:00 [running]> on host mac.home
[2026-09-05T19:52:24.882+0200] {taskinstance.py:3134} INFO - Exporting env vars: AIRFLOW_CTX_DAG_OWNER='autoquery' AIRFLOW_CTX_DAG_ID='mini_riskagent_file_ingestion' AIRFLOW_CTX_TASK_ID='wait_for_csv' AIRFLOW_CTX_EXECUTION_DATE='2026-09-05T17:49:00+00:00' AIRFLOW_CTX_TRY_NUMBER='1' AIRFLOW_CTX_DAG_RUN_ID='scheduled__2026-09-05T17:49:00+00:00'
[2026-09-05T19:52:24.882+0200] {logging_mixin.py:190} INFO - Task instance is in running state
[2026-09-05T19:52:24.882+0200] {logging_mixin.py:190} INFO -  Previous state of the Task instance: queued
[2026-09-05T19:52:24.882+0200] {logging_mixin.py:190} INFO - Current task name:wait_for_csv state:running start_date:2026-09-05 17:52:24.793439+00:00
[2026-09-05T19:52:24.882+0200] {logging_mixin.py:190} INFO - Dag name:mini_riskagent_file_ingestion and current dag run status:running
[2026-09-05T19:52:24.883+0200] {taskinstance.py:732} INFO - ::endgroup::
[2026-09-05T19:52:24.884+0200] {python.py:75} INFO - Poking callable: <function check_for_csv_files at 0x10a280c20>
[2026-09-05T19:52:24.887+0200] {taskinstance.py:310} INFO - Rescheduling task, marking task as UP_FOR_RESCHEDULE
[2026-09-05T19:52:24.887+0200] {taskinstance.py:341} INFO - ::group::Post task execution logs
[2026-09-05T19:52:24.908+0200] {local_task_job_runner.py:266} INFO - Task exited with return code 0
[2026-09-05T19:52:24.913+0200] {taskinstance.py:3901} INFO - 0 downstream tasks scheduled from follow-on schedule check
[2026-09-05T19:52:24.914+0200] {local_task_job_runner.py:245} INFO - ::endgroup::
[2026-09-05T19:52:56.572+0200] {local_task_job_runner.py:123} INFO - ::group::Pre task execution logs
[2026-09-05T19:52:56.574+0200] {taskinstance.py:2614} INFO - Dependencies all met for dep_context=non-requeueable deps ti=<TaskInstance: mini_riskagent_file_ingestion.wait_for_csv scheduled__2026-09-05T17:49:00+00:00 [queued]>
[2026-09-05T19:52:56.576+0200] {taskinstance.py:2614} INFO - Dependencies all met for dep_context=requeueable deps ti=<TaskInstance: mini_riskagent_file_ingestion.wait_for_csv scheduled__2026-09-05T17:49:00+00:00 [queued]>
[2026-09-05T19:52:56.576+0200] {taskinstance.py:2867} INFO - Starting attempt 1 of 2
[2026-09-05T19:52:56.580+0200] {taskinstance.py:2890} INFO - Executing <Task(PythonSensor): wait_for_csv> on 2026-09-05 17:49:00+00:00
[2026-09-05T19:52:56.584+0200] {standard_task_runner.py:104} INFO - Running: ['airflow', 'tasks', 'run', 'mini_riskagent_file_ingestion', 'wait_for_csv', 'scheduled__2026-09-05T17:49:00+00:00', '--job-id', '2168', '--raw', '--subdir', 'DAGS_FOLDER/data_ingest_pipeline.py', '--cfg-path', '/var/folders/5p/201rr1sj03g8gksxm9x48mbh0000gn/T/tmp2u8tlxgd']
[2026-09-05T19:52:56.585+0200] {standard_task_runner.py:105} INFO - Job 2168: Subtask wait_for_csv
[2026-09-05T19:52:56.635+0200] {logging_mixin.py:190} WARNING - /Users/swarnalidatta/Desktop/AutoQueryChatbot/.airflow-venv/lib/python3.12/site-packages/airflow/task/task_runner/standard_task_runner.py:70 DeprecationWarning: This process (pid=36695) is multi-threaded, use of fork() may lead to deadlocks in the child.
[2026-09-05T19:52:56.636+0200] {standard_task_runner.py:72} INFO - Started process 36701 to run task
[2026-09-05T19:52:56.646+0200] {task_command.py:467} INFO - Running <TaskInstance: mini_riskagent_file_ingestion.wait_for_csv scheduled__2026-09-05T17:49:00+00:00 [running]> on host mac.home
[2026-09-05T19:52:56.662+0200] {taskinstance.py:3134} INFO - Exporting env vars: AIRFLOW_CTX_DAG_OWNER='autoquery' AIRFLOW_CTX_DAG_ID='mini_riskagent_file_ingestion' AIRFLOW_CTX_TASK_ID='wait_for_csv' AIRFLOW_CTX_EXECUTION_DATE='2026-09-05T17:49:00+00:00' AIRFLOW_CTX_TRY_NUMBER='1' AIRFLOW_CTX_DAG_RUN_ID='scheduled__2026-09-05T17:49:00+00:00'
[2026-09-05T19:52:56.662+0200] {logging_mixin.py:190} INFO - Task instance is in running state
[2026-09-05T19:52:56.662+0200] {logging_mixin.py:190} INFO -  Previous state of the Task instance: queued
[2026-09-05T19:52:56.662+0200] {logging_mixin.py:190} INFO - Current task name:wait_for_csv state:running start_date:2026-09-05 17:52:56.574997+00:00
[2026-09-05T19:52:56.663+0200] {logging_mixin.py:190} INFO - Dag name:mini_riskagent_file_ingestion and current dag run status:running
[2026-09-05T19:52:56.663+0200] {taskinstance.py:732} INFO - ::endgroup::
[2026-09-05T19:52:56.664+0200] {python.py:75} INFO - Poking callable: <function check_for_csv_files at 0x10c08cc20>
[2026-09-05T19:52:56.667+0200] {taskinstance.py:310} INFO - Rescheduling task, marking task as UP_FOR_RESCHEDULE
[2026-09-05T19:52:56.667+0200] {taskinstance.py:341} INFO - ::group::Post task execution logs
[2026-09-05T19:52:56.691+0200] {local_task_job_runner.py:266} INFO - Task exited with return code 0
[2026-09-05T19:52:56.696+0200] {taskinstance.py:3901} INFO - 0 downstream tasks scheduled from follow-on schedule check
[2026-09-05T19:52:56.696+0200] {local_task_job_runner.py:245} INFO - ::endgroup::
[2026-09-05T19:53:27.945+0200] {local_task_job_runner.py:123} INFO - ::group::Pre task execution logs
[2026-09-05T19:53:27.948+0200] {taskinstance.py:2614} INFO - Dependencies all met for dep_context=non-requeueable deps ti=<TaskInstance: mini_riskagent_file_ingestion.wait_for_csv scheduled__2026-09-05T17:49:00+00:00 [queued]>
[2026-09-05T19:53:27.950+0200] {taskinstance.py:2614} INFO - Dependencies all met for dep_context=requeueable deps ti=<TaskInstance: mini_riskagent_file_ingestion.wait_for_csv scheduled__2026-09-05T17:49:00+00:00 [queued]>
[2026-09-05T19:53:27.950+0200] {taskinstance.py:2867} INFO - Starting attempt 1 of 2
[2026-09-05T19:53:27.953+0200] {taskinstance.py:2890} INFO - Executing <Task(PythonSensor): wait_for_csv> on 2026-09-05 17:49:00+00:00
[2026-09-05T19:53:27.958+0200] {standard_task_runner.py:104} INFO - Running: ['airflow', 'tasks', 'run', 'mini_riskagent_file_ingestion', 'wait_for_csv', 'scheduled__2026-09-05T17:49:00+00:00', '--job-id', '2184', '--raw', '--subdir', 'DAGS_FOLDER/data_ingest_pipeline.py', '--cfg-path', '/var/folders/5p/201rr1sj03g8gksxm9x48mbh0000gn/T/tmpk1_ziqve']
[2026-09-05T19:53:27.959+0200] {standard_task_runner.py:105} INFO - Job 2184: Subtask wait_for_csv
[2026-09-05T19:53:28.012+0200] {logging_mixin.py:190} WARNING - /Users/swarnalidatta/Desktop/AutoQueryChatbot/.airflow-venv/lib/python3.12/site-packages/airflow/task/task_runner/standard_task_runner.py:70 DeprecationWarning: This process (pid=36818) is multi-threaded, use of fork() may lead to deadlocks in the child.
[2026-09-05T19:53:28.013+0200] {standard_task_runner.py:72} INFO - Started process 36820 to run task
[2026-09-05T19:53:28.026+0200] {task_command.py:467} INFO - Running <TaskInstance: mini_riskagent_file_ingestion.wait_for_csv scheduled__2026-09-05T17:49:00+00:00 [running]> on host mac.home
[2026-09-05T19:53:28.042+0200] {taskinstance.py:3134} INFO - Exporting env vars: AIRFLOW_CTX_DAG_OWNER='autoquery' AIRFLOW_CTX_DAG_ID='mini_riskagent_file_ingestion' AIRFLOW_CTX_TASK_ID='wait_for_csv' AIRFLOW_CTX_EXECUTION_DATE='2026-09-05T17:49:00+00:00' AIRFLOW_CTX_TRY_NUMBER='1' AIRFLOW_CTX_DAG_RUN_ID='scheduled__2026-09-05T17:49:00+00:00'
[2026-09-05T19:53:28.042+0200] {logging_mixin.py:190} INFO - Task instance is in running state
[2026-09-05T19:53:28.042+0200] {logging_mixin.py:190} INFO -  Previous state of the Task instance: queued
[2026-09-05T19:53:28.042+0200] {logging_mixin.py:190} INFO - Current task name:wait_for_csv state:running start_date:2026-09-05 17:53:27.948646+00:00
[2026-09-05T19:53:28.043+0200] {logging_mixin.py:190} INFO - Dag name:mini_riskagent_file_ingestion and current dag run status:running
[2026-09-05T19:53:28.043+0200] {taskinstance.py:732} INFO - ::endgroup::
[2026-09-05T19:53:28.044+0200] {python.py:75} INFO - Poking callable: <function check_for_csv_files at 0x109e28c20>
[2026-09-05T19:53:28.047+0200] {taskinstance.py:310} INFO - Rescheduling task, marking task as UP_FOR_RESCHEDULE
[2026-09-05T19:53:28.047+0200] {taskinstance.py:341} INFO - ::group::Post task execution logs
[2026-09-05T19:53:28.068+0200] {local_task_job_runner.py:266} INFO - Task exited with return code 0
[2026-09-05T19:53:28.073+0200] {taskinstance.py:3901} INFO - 0 downstream tasks scheduled from follow-on schedule check
[2026-09-05T19:53:28.074+0200] {local_task_job_runner.py:245} INFO - ::endgroup::
[2026-09-05T19:54:00.262+0200] {local_task_job_runner.py:123} INFO - ::group::Pre task execution logs
[2026-09-05T19:54:00.265+0200] {taskinstance.py:2614} INFO - Dependencies all met for dep_context=non-requeueable deps ti=<TaskInstance: mini_riskagent_file_ingestion.wait_for_csv scheduled__2026-09-05T17:49:00+00:00 [queued]>
[2026-09-05T19:54:00.266+0200] {taskinstance.py:2614} INFO - Dependencies all met for dep_context=requeueable deps ti=<TaskInstance: mini_riskagent_file_ingestion.wait_for_csv scheduled__2026-09-05T17:49:00+00:00 [queued]>
[2026-09-05T19:54:00.266+0200] {taskinstance.py:2867} INFO - Starting attempt 1 of 2
[2026-09-05T19:54:00.270+0200] {taskinstance.py:2890} INFO - Executing <Task(PythonSensor): wait_for_csv> on 2026-09-05 17:49:00+00:00
[2026-09-05T19:54:00.273+0200] {standard_task_runner.py:104} INFO - Running: ['airflow', 'tasks', 'run', 'mini_riskagent_file_ingestion', 'wait_for_csv', 'scheduled__2026-09-05T17:49:00+00:00', '--job-id', '2200', '--raw', '--subdir', 'DAGS_FOLDER/data_ingest_pipeline.py', '--cfg-path', '/var/folders/5p/201rr1sj03g8gksxm9x48mbh0000gn/T/tmpz_zl13zs']
[2026-09-05T19:54:00.274+0200] {standard_task_runner.py:105} INFO - Job 2200: Subtask wait_for_csv
[2026-09-05T19:54:00.326+0200] {logging_mixin.py:190} WARNING - /Users/swarnalidatta/Desktop/AutoQueryChatbot/.airflow-venv/lib/python3.12/site-packages/airflow/task/task_runner/standard_task_runner.py:70 DeprecationWarning: This process (pid=36927) is multi-threaded, use of fork() may lead to deadlocks in the child.
[2026-09-05T19:54:00.326+0200] {standard_task_runner.py:72} INFO - Started process 36929 to run task
[2026-09-05T19:54:00.339+0200] {task_command.py:467} INFO - Running <TaskInstance: mini_riskagent_file_ingestion.wait_for_csv scheduled__2026-09-05T17:49:00+00:00 [running]> on host mac.home
[2026-09-05T19:54:00.354+0200] {taskinstance.py:3134} INFO - Exporting env vars: AIRFLOW_CTX_DAG_OWNER='autoquery' AIRFLOW_CTX_DAG_ID='mini_riskagent_file_ingestion' AIRFLOW_CTX_TASK_ID='wait_for_csv' AIRFLOW_CTX_EXECUTION_DATE='2026-09-05T17:49:00+00:00' AIRFLOW_CTX_TRY_NUMBER='1' AIRFLOW_CTX_DAG_RUN_ID='scheduled__2026-09-05T17:49:00+00:00'
[2026-09-05T19:54:00.355+0200] {logging_mixin.py:190} INFO - Task instance is in running state
[2026-09-05T19:54:00.355+0200] {logging_mixin.py:190} INFO -  Previous state of the Task instance: queued
[2026-09-05T19:54:00.355+0200] {logging_mixin.py:190} INFO - Current task name:wait_for_csv state:running start_date:2026-09-05 17:54:00.265088+00:00
[2026-09-05T19:54:00.355+0200] {logging_mixin.py:190} INFO - Dag name:mini_riskagent_file_ingestion and current dag run status:running
[2026-09-05T19:54:00.355+0200] {taskinstance.py:732} INFO - ::endgroup::
[2026-09-05T19:54:00.357+0200] {python.py:75} INFO - Poking callable: <function check_for_csv_files at 0x10ac20c20>
[2026-09-05T19:54:00.360+0200] {taskinstance.py:310} INFO - Rescheduling task, marking task as UP_FOR_RESCHEDULE
[2026-09-05T19:54:00.360+0200] {taskinstance.py:341} INFO - ::group::Post task execution logs
[2026-09-05T19:54:00.382+0200] {local_task_job_runner.py:266} INFO - Task exited with return code 0
[2026-09-05T19:54:00.387+0200] {taskinstance.py:3901} INFO - 0 downstream tasks scheduled from follow-on schedule check
[2026-09-05T19:54:00.387+0200] {local_task_job_runner.py:245} INFO - ::endgroup::
[2026-09-05T19:54:32.820+0200] {local_task_job_runner.py:123} INFO - ::group::Pre task execution logs
[2026-09-05T19:54:32.822+0200] {taskinstance.py:2614} INFO - Dependencies all met for dep_context=non-requeueable deps ti=<TaskInstance: mini_riskagent_file_ingestion.wait_for_csv scheduled__2026-09-05T17:49:00+00:00 [queued]>
[2026-09-05T19:54:32.824+0200] {taskinstance.py:2614} INFO - Dependencies all met for dep_context=requeueable deps ti=<TaskInstance: mini_riskagent_file_ingestion.wait_for_csv scheduled__2026-09-05T17:49:00+00:00 [queued]>
[2026-09-05T19:54:32.824+0200] {taskinstance.py:2867} INFO - Starting attempt 1 of 2
[2026-09-05T19:54:32.827+0200] {taskinstance.py:2890} INFO - Executing <Task(PythonSensor): wait_for_csv> on 2026-09-05 17:49:00+00:00
[2026-09-05T19:54:32.832+0200] {standard_task_runner.py:104} INFO - Running: ['airflow', 'tasks', 'run', 'mini_riskagent_file_ingestion', 'wait_for_csv', 'scheduled__2026-09-05T17:49:00+00:00', '--job-id', '2216', '--raw', '--subdir', 'DAGS_FOLDER/data_ingest_pipeline.py', '--cfg-path', '/var/folders/5p/201rr1sj03g8gksxm9x48mbh0000gn/T/tmpr2mu94ib']
[2026-09-05T19:54:32.833+0200] {standard_task_runner.py:105} INFO - Job 2216: Subtask wait_for_csv
[2026-09-05T19:54:32.882+0200] {logging_mixin.py:190} WARNING - /Users/swarnalidatta/Desktop/AutoQueryChatbot/.airflow-venv/lib/python3.12/site-packages/airflow/task/task_runner/standard_task_runner.py:70 DeprecationWarning: This process (pid=37036) is multi-threaded, use of fork() may lead to deadlocks in the child.
[2026-09-05T19:54:32.882+0200] {standard_task_runner.py:72} INFO - Started process 37042 to run task
[2026-09-05T19:54:32.896+0200] {task_command.py:467} INFO - Running <TaskInstance: mini_riskagent_file_ingestion.wait_for_csv scheduled__2026-09-05T17:49:00+00:00 [running]> on host mac.home
[2026-09-05T19:54:32.912+0200] {taskinstance.py:3134} INFO - Exporting env vars: AIRFLOW_CTX_DAG_OWNER='autoquery' AIRFLOW_CTX_DAG_ID='mini_riskagent_file_ingestion' AIRFLOW_CTX_TASK_ID='wait_for_csv' AIRFLOW_CTX_EXECUTION_DATE='2026-09-05T17:49:00+00:00' AIRFLOW_CTX_TRY_NUMBER='1' AIRFLOW_CTX_DAG_RUN_ID='scheduled__2026-09-05T17:49:00+00:00'
[2026-09-05T19:54:32.912+0200] {logging_mixin.py:190} INFO - Task instance is in running state
[2026-09-05T19:54:32.913+0200] {logging_mixin.py:190} INFO -  Previous state of the Task instance: queued
[2026-09-05T19:54:32.913+0200] {logging_mixin.py:190} INFO - Current task name:wait_for_csv state:running start_date:2026-09-05 17:54:32.822942+00:00
[2026-09-05T19:54:32.913+0200] {logging_mixin.py:190} INFO - Dag name:mini_riskagent_file_ingestion and current dag run status:running
[2026-09-05T19:54:32.913+0200] {taskinstance.py:732} INFO - ::endgroup::
[2026-09-05T19:54:32.914+0200] {python.py:75} INFO - Poking callable: <function check_for_csv_files at 0x108490c20>
[2026-09-05T19:54:32.918+0200] {taskinstance.py:310} INFO - Rescheduling task, marking task as UP_FOR_RESCHEDULE
[2026-09-05T19:54:32.918+0200] {taskinstance.py:341} INFO - ::group::Post task execution logs
[2026-09-05T19:54:32.937+0200] {local_task_job_runner.py:266} INFO - Task exited with return code 0
[2026-09-05T19:54:32.942+0200] {taskinstance.py:3901} INFO - 0 downstream tasks scheduled from follow-on schedule check
[2026-09-05T19:54:32.943+0200] {local_task_job_runner.py:245} INFO - ::endgroup::
[2026-09-05T19:55:05.172+0200] {local_task_job_runner.py:123} INFO - ::group::Pre task execution logs
[2026-09-05T19:55:05.174+0200] {taskinstance.py:2614} INFO - Dependencies all met for dep_context=non-requeueable deps ti=<TaskInstance: mini_riskagent_file_ingestion.wait_for_csv scheduled__2026-09-05T17:49:00+00:00 [queued]>
[2026-09-05T19:55:05.176+0200] {taskinstance.py:2614} INFO - Dependencies all met for dep_context=requeueable deps ti=<TaskInstance: mini_riskagent_file_ingestion.wait_for_csv scheduled__2026-09-05T17:49:00+00:00 [queued]>
[2026-09-05T19:55:05.176+0200] {taskinstance.py:2867} INFO - Starting attempt 1 of 2
[2026-09-05T19:55:05.180+0200] {taskinstance.py:2890} INFO - Executing <Task(PythonSensor): wait_for_csv> on 2026-09-05 17:49:00+00:00
[2026-09-05T19:55:05.184+0200] {standard_task_runner.py:104} INFO - Running: ['airflow', 'tasks', 'run', 'mini_riskagent_file_ingestion', 'wait_for_csv', 'scheduled__2026-09-05T17:49:00+00:00', '--job-id', '2232', '--raw', '--subdir', 'DAGS_FOLDER/data_ingest_pipeline.py', '--cfg-path', '/var/folders/5p/201rr1sj03g8gksxm9x48mbh0000gn/T/tmpqnhey33y']
[2026-09-05T19:55:05.185+0200] {standard_task_runner.py:105} INFO - Job 2232: Subtask wait_for_csv
[2026-09-05T19:55:05.236+0200] {logging_mixin.py:190} WARNING - /Users/swarnalidatta/Desktop/AutoQueryChatbot/.airflow-venv/lib/python3.12/site-packages/airflow/task/task_runner/standard_task_runner.py:70 DeprecationWarning: This process (pid=37154) is multi-threaded, use of fork() may lead to deadlocks in the child.
[2026-09-05T19:55:05.237+0200] {standard_task_runner.py:72} INFO - Started process 37156 to run task
[2026-09-05T19:55:05.247+0200] {task_command.py:467} INFO - Running <TaskInstance: mini_riskagent_file_ingestion.wait_for_csv scheduled__2026-09-05T17:49:00+00:00 [running]> on host mac.home
[2026-09-05T19:55:05.263+0200] {taskinstance.py:3134} INFO - Exporting env vars: AIRFLOW_CTX_DAG_OWNER='autoquery' AIRFLOW_CTX_DAG_ID='mini_riskagent_file_ingestion' AIRFLOW_CTX_TASK_ID='wait_for_csv' AIRFLOW_CTX_EXECUTION_DATE='2026-09-05T17:49:00+00:00' AIRFLOW_CTX_TRY_NUMBER='1' AIRFLOW_CTX_DAG_RUN_ID='scheduled__2026-09-05T17:49:00+00:00'
[2026-09-05T19:55:05.263+0200] {logging_mixin.py:190} INFO - Task instance is in running state
[2026-09-05T19:55:05.263+0200] {logging_mixin.py:190} INFO -  Previous state of the Task instance: queued
[2026-09-05T19:55:05.263+0200] {logging_mixin.py:190} INFO - Current task name:wait_for_csv state:running start_date:2026-09-05 17:55:05.174937+00:00
[2026-09-05T19:55:05.263+0200] {logging_mixin.py:190} INFO - Dag name:mini_riskagent_file_ingestion and current dag run status:running
[2026-09-05T19:55:05.264+0200] {taskinstance.py:732} INFO - ::endgroup::
[2026-09-05T19:55:05.265+0200] {python.py:75} INFO - Poking callable: <function check_for_csv_files at 0x10a66cc20>
[2026-09-05T19:55:05.268+0200] {taskinstance.py:310} INFO - Rescheduling task, marking task as UP_FOR_RESCHEDULE
[2026-09-05T19:55:05.268+0200] {taskinstance.py:341} INFO - ::group::Post task execution logs
[2026-09-05T19:55:05.292+0200] {local_task_job_runner.py:266} INFO - Task exited with return code 0
[2026-09-05T19:55:05.297+0200] {taskinstance.py:3901} INFO - 0 downstream tasks scheduled from follow-on schedule check
[2026-09-05T19:55:05.297+0200] {local_task_job_runner.py:245} INFO - ::endgroup::
[2026-09-05T19:55:37.515+0200] {local_task_job_runner.py:123} INFO - ::group::Pre task execution logs
[2026-09-05T19:55:37.518+0200] {taskinstance.py:2614} INFO - Dependencies all met for dep_context=non-requeueable deps ti=<TaskInstance: mini_riskagent_file_ingestion.wait_for_csv scheduled__2026-09-05T17:49:00+00:00 [queued]>
[2026-09-05T19:55:37.519+0200] {taskinstance.py:2614} INFO - Dependencies all met for dep_context=requeueable deps ti=<TaskInstance: mini_riskagent_file_ingestion.wait_for_csv scheduled__2026-09-05T17:49:00+00:00 [queued]>
[2026-09-05T19:55:37.519+0200] {taskinstance.py:2867} INFO - Starting attempt 1 of 2
[2026-09-05T19:55:37.523+0200] {taskinstance.py:2890} INFO - Executing <Task(PythonSensor): wait_for_csv> on 2026-09-05 17:49:00+00:00
[2026-09-05T19:55:37.527+0200] {standard_task_runner.py:104} INFO - Running: ['airflow', 'tasks', 'run', 'mini_riskagent_file_ingestion', 'wait_for_csv', 'scheduled__2026-09-05T17:49:00+00:00', '--job-id', '2248', '--raw', '--subdir', 'DAGS_FOLDER/data_ingest_pipeline.py', '--cfg-path', '/var/folders/5p/201rr1sj03g8gksxm9x48mbh0000gn/T/tmpvjef9k6n']
[2026-09-05T19:55:37.528+0200] {standard_task_runner.py:105} INFO - Job 2248: Subtask wait_for_csv
[2026-09-05T19:55:37.578+0200] {logging_mixin.py:190} WARNING - /Users/swarnalidatta/Desktop/AutoQueryChatbot/.airflow-venv/lib/python3.12/site-packages/airflow/task/task_runner/standard_task_runner.py:70 DeprecationWarning: This process (pid=37261) is multi-threaded, use of fork() may lead to deadlocks in the child.
[2026-09-05T19:55:37.578+0200] {standard_task_runner.py:72} INFO - Started process 37263 to run task
[2026-09-05T19:55:37.589+0200] {task_command.py:467} INFO - Running <TaskInstance: mini_riskagent_file_ingestion.wait_for_csv scheduled__2026-09-05T17:49:00+00:00 [running]> on host mac.home
[2026-09-05T19:55:37.604+0200] {taskinstance.py:3134} INFO - Exporting env vars: AIRFLOW_CTX_DAG_OWNER='autoquery' AIRFLOW_CTX_DAG_ID='mini_riskagent_file_ingestion' AIRFLOW_CTX_TASK_ID='wait_for_csv' AIRFLOW_CTX_EXECUTION_DATE='2026-09-05T17:49:00+00:00' AIRFLOW_CTX_TRY_NUMBER='1' AIRFLOW_CTX_DAG_RUN_ID='scheduled__2026-09-05T17:49:00+00:00'
[2026-09-05T19:55:37.605+0200] {logging_mixin.py:190} INFO - Task instance is in running state
[2026-09-05T19:55:37.605+0200] {logging_mixin.py:190} INFO -  Previous state of the Task instance: queued
[2026-09-05T19:55:37.605+0200] {logging_mixin.py:190} INFO - Current task name:wait_for_csv state:running start_date:2026-09-05 17:55:37.518487+00:00
[2026-09-05T19:55:37.605+0200] {logging_mixin.py:190} INFO - Dag name:mini_riskagent_file_ingestion and current dag run status:running
[2026-09-05T19:55:37.605+0200] {taskinstance.py:732} INFO - ::endgroup::
[2026-09-05T19:55:37.607+0200] {python.py:75} INFO - Poking callable: <function check_for_csv_files at 0x10c87cc20>
[2026-09-05T19:55:37.610+0200] {taskinstance.py:310} INFO - Rescheduling task, marking task as UP_FOR_RESCHEDULE
[2026-09-05T19:55:37.610+0200] {taskinstance.py:341} INFO - ::group::Post task execution logs
[2026-09-05T19:55:37.634+0200] {local_task_job_runner.py:266} INFO - Task exited with return code 0
[2026-09-05T19:55:37.639+0200] {taskinstance.py:3901} INFO - 0 downstream tasks scheduled from follow-on schedule check
[2026-09-05T19:55:37.639+0200] {local_task_job_runner.py:245} INFO - ::endgroup::
