[2026-09-05T20:52:29.607+0200] {local_task_job_runner.py:123} INFO - ::group::Pre task execution logs
[2026-09-05T20:52:29.609+0200] {taskinstance.py:2614} INFO - Dependencies all met for dep_context=non-requeueable deps ti=<TaskInstance: mini_riskagent_file_ingestion.wait_for_csv scheduled__2026-09-05T18:51:00+00:00 [queued]>
[2026-09-05T20:52:29.611+0200] {taskinstance.py:2614} INFO - Dependencies all met for dep_context=requeueable deps ti=<TaskInstance: mini_riskagent_file_ingestion.wait_for_csv scheduled__2026-09-05T18:51:00+00:00 [queued]>
[2026-09-05T20:52:29.611+0200] {taskinstance.py:2867} INFO - Starting attempt 1 of 2
[2026-09-05T20:52:29.614+0200] {taskinstance.py:2890} INFO - Executing <Task(PythonSensor): wait_for_csv> on 2026-09-05 18:51:00+00:00
[2026-09-05T20:52:29.618+0200] {logging_mixin.py:190} WARNING - /Users/swarnalidatta/Desktop/AutoQueryChatbot/.airflow-venv/lib/python3.12/site-packages/airflow/task/task_runner/standard_task_runner.py:70 DeprecationWarning: This process (pid=48491) is multi-threaded, use of fork() may lead to deadlocks in the child.
[2026-09-05T20:52:29.617+0200] {standard_task_runner.py:104} INFO - Running: ['airflow', 'tasks', 'run', 'mini_riskagent_file_ingestion', 'wait_for_csv', 'scheduled__2026-09-05T18:51:00+00:00', '--job-id', '2820', '--raw', '--subdir', 'DAGS_FOLDER/data_ingest_pipeline.py', '--cfg-path', '/var/folders/5p/201rr1sj03g8gksxm9x48mbh0000gn/T/tmp7v3rj948']
[2026-09-05T20:52:29.618+0200] {standard_task_runner.py:72} INFO - Started process 48497 to run task
[2026-09-05T20:52:29.618+0200] {standard_task_runner.py:105} INFO - Job 2820: Subtask wait_for_csv
[2026-09-05T20:52:29.631+0200] {task_command.py:467} INFO - Running <TaskInstance: mini_riskagent_file_ingestion.wait_for_csv scheduled__2026-09-05T18:51:00+00:00 [running]> on host mac.home
[2026-09-05T20:52:29.647+0200] {taskinstance.py:3134} INFO - Exporting env vars: AIRFLOW_CTX_DAG_OWNER='autoquery' AIRFLOW_CTX_DAG_ID='mini_riskagent_file_ingestion' AIRFLOW_CTX_TASK_ID='wait_for_csv' AIRFLOW_CTX_EXECUTION_DATE='2026-09-05T18:51:00+00:00' AIRFLOW_CTX_TRY_NUMBER='1' AIRFLOW_CTX_DAG_RUN_ID='scheduled__2026-09-05T18:51:00+00:00'
[2026-09-05T20:52:29.647+0200] {logging_mixin.py:190} INFO - Task instance is in running state
[2026-09-05T20:52:29.647+0200] {logging_mixin.py:190} INFO -  Previous state of the Task instance: queued
[2026-09-05T20:52:29.648+0200] {logging_mixin.py:190} INFO - Current task name:wait_for_csv state:running start_date:2026-09-05 18:52:29.609907+00:00
[2026-09-05T20:52:29.648+0200] {logging_mixin.py:190} INFO - Dag name:mini_riskagent_file_ingestion and current dag run status:running
[2026-09-05T20:52:29.648+0200] {taskinstance.py:732} INFO - ::endgroup::
[2026-09-05T20:52:29.650+0200] {python.py:75} INFO - Poking callable: <function check_for_csv_files at 0x109402b60>
[2026-09-05T20:52:29.653+0200] {taskinstance.py:310} INFO - Rescheduling task, marking task as UP_FOR_RESCHEDULE
[2026-09-05T20:52:29.654+0200] {taskinstance.py:341} INFO - ::group::Post task execution logs
[2026-09-05T20:52:29.677+0200] {local_task_job_runner.py:266} INFO - Task exited with return code 0
[2026-09-05T20:52:29.684+0200] {taskinstance.py:3901} INFO - 0 downstream tasks scheduled from follow-on schedule check
[2026-09-05T20:52:29.684+0200] {local_task_job_runner.py:245} INFO - ::endgroup::
[2026-09-05T21:24:26.957+0200] {local_task_job_runner.py:123} INFO - ::group::Pre task execution logs
[2026-09-05T21:24:26.960+0200] {taskinstance.py:2614} INFO - Dependencies all met for dep_context=non-requeueable deps ti=<TaskInstance: mini_riskagent_file_ingestion.wait_for_csv scheduled__2026-09-05T18:51:00+00:00 [queued]>
[2026-09-05T21:24:26.961+0200] {taskinstance.py:2614} INFO - Dependencies all met for dep_context=requeueable deps ti=<TaskInstance: mini_riskagent_file_ingestion.wait_for_csv scheduled__2026-09-05T18:51:00+00:00 [queued]>
[2026-09-05T21:24:26.961+0200] {taskinstance.py:2867} INFO - Starting attempt 1 of 2
[2026-09-05T21:24:26.964+0200] {taskinstance.py:2890} INFO - Executing <Task(PythonSensor): wait_for_csv> on 2026-09-05 18:51:00+00:00
[2026-09-05T21:24:26.969+0200] {logging_mixin.py:190} WARNING - /Users/swarnalidatta/Desktop/AutoQueryChatbot/.airflow-venv/lib/python3.12/site-packages/airflow/task/task_runner/standard_task_runner.py:70 DeprecationWarning: This process (pid=48551) is multi-threaded, use of fork() may lead to deadlocks in the child.
[2026-09-05T21:24:26.969+0200] {standard_task_runner.py:72} INFO - Started process 48554 to run task
[2026-09-05T21:24:26.968+0200] {standard_task_runner.py:104} INFO - Running: ['airflow', 'tasks', 'run', 'mini_riskagent_file_ingestion', 'wait_for_csv', 'scheduled__2026-09-05T18:51:00+00:00', '--job-id', '2827', '--raw', '--subdir', 'DAGS_FOLDER/data_ingest_pipeline.py', '--cfg-path', '/var/folders/5p/201rr1sj03g8gksxm9x48mbh0000gn/T/tmp5e2ghs8m']
[2026-09-05T21:24:26.969+0200] {standard_task_runner.py:105} INFO - Job 2827: Subtask wait_for_csv
[2026-09-05T21:24:26.983+0200] {task_command.py:467} INFO - Running <TaskInstance: mini_riskagent_file_ingestion.wait_for_csv scheduled__2026-09-05T18:51:00+00:00 [running]> on host mac.home
[2026-09-05T21:24:26.998+0200] {taskinstance.py:3134} INFO - Exporting env vars: AIRFLOW_CTX_DAG_OWNER='autoquery' AIRFLOW_CTX_DAG_ID='mini_riskagent_file_ingestion' AIRFLOW_CTX_TASK_ID='wait_for_csv' AIRFLOW_CTX_EXECUTION_DATE='2026-09-05T18:51:00+00:00' AIRFLOW_CTX_TRY_NUMBER='1' AIRFLOW_CTX_DAG_RUN_ID='scheduled__2026-09-05T18:51:00+00:00'
[2026-09-05T21:24:26.998+0200] {logging_mixin.py:190} INFO - Task instance is in running state
[2026-09-05T21:24:26.998+0200] {logging_mixin.py:190} INFO -  Previous state of the Task instance: queued
[2026-09-05T21:24:26.998+0200] {logging_mixin.py:190} INFO - Current task name:wait_for_csv state:running start_date:2026-09-05 19:24:26.960429+00:00
[2026-09-05T21:24:26.998+0200] {logging_mixin.py:190} INFO - Dag name:mini_riskagent_file_ingestion and current dag run status:running
[2026-09-05T21:24:26.999+0200] {taskinstance.py:732} INFO - ::endgroup::
[2026-09-05T21:24:27.000+0200] {python.py:75} INFO - Poking callable: <function check_for_csv_files at 0x10cdd6b60>
[2026-09-05T21:24:27.003+0200] {taskinstance.py:310} INFO - Rescheduling task, marking task as UP_FOR_RESCHEDULE
[2026-09-05T21:24:27.003+0200] {taskinstance.py:341} INFO - ::group::Post task execution logs
[2026-09-05T21:24:27.025+0200] {local_task_job_runner.py:266} INFO - Task exited with return code 0
[2026-09-05T21:24:27.031+0200] {taskinstance.py:3901} INFO - 0 downstream tasks scheduled from follow-on schedule check
[2026-09-05T21:24:27.031+0200] {local_task_job_runner.py:245} INFO - ::endgroup::
[2026-09-05T21:28:40.371+0200] {local_task_job_runner.py:123} INFO - ::group::Pre task execution logs
[2026-09-05T21:28:40.374+0200] {taskinstance.py:2614} INFO - Dependencies all met for dep_context=non-requeueable deps ti=<TaskInstance: mini_riskagent_file_ingestion.wait_for_csv scheduled__2026-09-05T18:51:00+00:00 [queued]>
[2026-09-05T21:28:40.375+0200] {taskinstance.py:2614} INFO - Dependencies all met for dep_context=requeueable deps ti=<TaskInstance: mini_riskagent_file_ingestion.wait_for_csv scheduled__2026-09-05T18:51:00+00:00 [queued]>
[2026-09-05T21:28:40.376+0200] {taskinstance.py:2867} INFO - Starting attempt 1 of 2
[2026-09-05T21:28:40.378+0200] {taskinstance.py:2890} INFO - Executing <Task(PythonSensor): wait_for_csv> on 2026-09-05 18:51:00+00:00
[2026-09-05T21:28:40.383+0200] {logging_mixin.py:190} WARNING - /Users/swarnalidatta/Desktop/AutoQueryChatbot/.airflow-venv/lib/python3.12/site-packages/airflow/task/task_runner/standard_task_runner.py:70 DeprecationWarning: This process (pid=48667) is multi-threaded, use of fork() may lead to deadlocks in the child.
[2026-09-05T21:28:40.382+0200] {standard_task_runner.py:104} INFO - Running: ['airflow', 'tasks', 'run', 'mini_riskagent_file_ingestion', 'wait_for_csv', 'scheduled__2026-09-05T18:51:00+00:00', '--job-id', '2840', '--raw', '--subdir', 'DAGS_FOLDER/data_ingest_pipeline.py', '--cfg-path', '/var/folders/5p/201rr1sj03g8gksxm9x48mbh0000gn/T/tmpg0gd3uln']
[2026-09-05T21:28:40.383+0200] {standard_task_runner.py:72} INFO - Started process 48669 to run task
[2026-09-05T21:28:40.383+0200] {standard_task_runner.py:105} INFO - Job 2840: Subtask wait_for_csv
[2026-09-05T21:28:40.396+0200] {task_command.py:467} INFO - Running <TaskInstance: mini_riskagent_file_ingestion.wait_for_csv scheduled__2026-09-05T18:51:00+00:00 [running]> on host mac.home
[2026-09-05T21:28:40.411+0200] {taskinstance.py:3134} INFO - Exporting env vars: AIRFLOW_CTX_DAG_OWNER='autoquery' AIRFLOW_CTX_DAG_ID='mini_riskagent_file_ingestion' AIRFLOW_CTX_TASK_ID='wait_for_csv' AIRFLOW_CTX_EXECUTION_DATE='2026-09-05T18:51:00+00:00' AIRFLOW_CTX_TRY_NUMBER='1' AIRFLOW_CTX_DAG_RUN_ID='scheduled__2026-09-05T18:51:00+00:00'
[2026-09-05T21:28:40.412+0200] {logging_mixin.py:190} INFO - Task instance is in running state
[2026-09-05T21:28:40.412+0200] {logging_mixin.py:190} INFO -  Previous state of the Task instance: queued
[2026-09-05T21:28:40.412+0200] {logging_mixin.py:190} INFO - Current task name:wait_for_csv state:running start_date:2026-09-05 19:28:40.374707+00:00
[2026-09-05T21:28:40.412+0200] {logging_mixin.py:190} INFO - Dag name:mini_riskagent_file_ingestion and current dag run status:running
[2026-09-05T21:28:40.413+0200] {taskinstance.py:732} INFO - ::endgroup::
[2026-09-05T21:28:40.414+0200] {python.py:75} INFO - Poking callable: <function check_for_csv_files at 0x10b596b60>
[2026-09-05T21:28:40.417+0200] {taskinstance.py:310} INFO - Rescheduling task, marking task as UP_FOR_RESCHEDULE
[2026-09-05T21:28:40.417+0200] {taskinstance.py:341} INFO - ::group::Post task execution logs
[2026-09-05T21:28:40.442+0200] {local_task_job_runner.py:266} INFO - Task exited with return code 0
[2026-09-05T21:28:40.449+0200] {taskinstance.py:3901} INFO - 0 downstream tasks scheduled from follow-on schedule check
[2026-09-05T21:28:40.449+0200] {local_task_job_runner.py:245} INFO - ::endgroup::
[2026-09-05T21:29:14.147+0200] {local_task_job_runner.py:123} INFO - ::group::Pre task execution logs
[2026-09-05T21:29:14.150+0200] {taskinstance.py:2614} INFO - Dependencies all met for dep_context=non-requeueable deps ti=<TaskInstance: mini_riskagent_file_ingestion.wait_for_csv scheduled__2026-09-05T18:51:00+00:00 [queued]>
[2026-09-05T21:29:14.151+0200] {taskinstance.py:2614} INFO - Dependencies all met for dep_context=requeueable deps ti=<TaskInstance: mini_riskagent_file_ingestion.wait_for_csv scheduled__2026-09-05T18:51:00+00:00 [queued]>
[2026-09-05T21:29:14.151+0200] {taskinstance.py:2867} INFO - Starting attempt 1 of 2
[2026-09-05T21:29:14.154+0200] {taskinstance.py:2890} INFO - Executing <Task(PythonSensor): wait_for_csv> on 2026-09-05 18:51:00+00:00
[2026-09-05T21:29:14.159+0200] {logging_mixin.py:190} WARNING - /Users/swarnalidatta/Desktop/AutoQueryChatbot/.airflow-venv/lib/python3.12/site-packages/airflow/task/task_runner/standard_task_runner.py:70 DeprecationWarning: This process (pid=48765) is multi-threaded, use of fork() may lead to deadlocks in the child.
[2026-09-05T21:29:14.159+0200] {standard_task_runner.py:72} INFO - Started process 48771 to run task
[2026-09-05T21:29:14.159+0200] {standard_task_runner.py:104} INFO - Running: ['airflow', 'tasks', 'run', 'mini_riskagent_file_ingestion', 'wait_for_csv', 'scheduled__2026-09-05T18:51:00+00:00', '--job-id', '2853', '--raw', '--subdir', 'DAGS_FOLDER/data_ingest_pipeline.py', '--cfg-path', '/var/folders/5p/201rr1sj03g8gksxm9x48mbh0000gn/T/tmp1es7s8ph']
[2026-09-05T21:29:14.159+0200] {standard_task_runner.py:105} INFO - Job 2853: Subtask wait_for_csv
[2026-09-05T21:29:14.173+0200] {task_command.py:467} INFO - Running <TaskInstance: mini_riskagent_file_ingestion.wait_for_csv scheduled__2026-09-05T18:51:00+00:00 [running]> on host mac.home
[2026-09-05T21:29:14.188+0200] {taskinstance.py:3134} INFO - Exporting env vars: AIRFLOW_CTX_DAG_OWNER='autoquery' AIRFLOW_CTX_DAG_ID='mini_riskagent_file_ingestion' AIRFLOW_CTX_TASK_ID='wait_for_csv' AIRFLOW_CTX_EXECUTION_DATE='2026-09-05T18:51:00+00:00' AIRFLOW_CTX_TRY_NUMBER='1' AIRFLOW_CTX_DAG_RUN_ID='scheduled__2026-09-05T18:51:00+00:00'
[2026-09-05T21:29:14.189+0200] {logging_mixin.py:190} INFO - Task instance is in running state
[2026-09-05T21:29:14.189+0200] {logging_mixin.py:190} INFO -  Previous state of the Task instance: queued
[2026-09-05T21:29:14.189+0200] {logging_mixin.py:190} INFO - Current task name:wait_for_csv state:running start_date:2026-09-05 19:29:14.150312+00:00
[2026-09-05T21:29:14.189+0200] {logging_mixin.py:190} INFO - Dag name:mini_riskagent_file_ingestion and current dag run status:running
[2026-09-05T21:29:14.189+0200] {taskinstance.py:732} INFO - ::endgroup::
[2026-09-05T21:29:14.191+0200] {python.py:75} INFO - Poking callable: <function check_for_csv_files at 0x10870ab60>
[2026-09-05T21:29:14.194+0200] {taskinstance.py:310} INFO - Rescheduling task, marking task as UP_FOR_RESCHEDULE
[2026-09-05T21:29:14.194+0200] {taskinstance.py:341} INFO - ::group::Post task execution logs
[2026-09-05T21:29:14.218+0200] {local_task_job_runner.py:266} INFO - Task exited with return code 0
[2026-09-05T21:29:14.225+0200] {taskinstance.py:3901} INFO - 0 downstream tasks scheduled from follow-on schedule check
[2026-09-05T21:29:14.225+0200] {local_task_job_runner.py:245} INFO - ::endgroup::
[2026-09-05T21:45:43.780+0200] {local_task_job_runner.py:123} INFO - ::group::Pre task execution logs
[2026-09-05T21:45:43.783+0200] {taskinstance.py:2614} INFO - Dependencies all met for dep_context=non-requeueable deps ti=<TaskInstance: mini_riskagent_file_ingestion.wait_for_csv scheduled__2026-09-05T18:51:00+00:00 [queued]>
[2026-09-05T21:45:43.785+0200] {taskinstance.py:2614} INFO - Dependencies all met for dep_context=requeueable deps ti=<TaskInstance: mini_riskagent_file_ingestion.wait_for_csv scheduled__2026-09-05T18:51:00+00:00 [queued]>
[2026-09-05T21:45:43.785+0200] {taskinstance.py:2867} INFO - Starting attempt 1 of 2
[2026-09-05T21:45:43.788+0200] {taskinstance.py:2890} INFO - Executing <Task(PythonSensor): wait_for_csv> on 2026-09-05 18:51:00+00:00
[2026-09-05T21:45:43.793+0200] {standard_task_runner.py:104} INFO - Running: ['airflow', 'tasks', 'run', 'mini_riskagent_file_ingestion', 'wait_for_csv', 'scheduled__2026-09-05T18:51:00+00:00', '--job-id', '2864', '--raw', '--subdir', 'DAGS_FOLDER/data_ingest_pipeline.py', '--cfg-path', '/var/folders/5p/201rr1sj03g8gksxm9x48mbh0000gn/T/tmpvbd9270u']
[2026-09-05T21:45:43.794+0200] {standard_task_runner.py:105} INFO - Job 2864: Subtask wait_for_csv
[2026-09-05T21:45:43.793+0200] {logging_mixin.py:190} WARNING - /Users/swarnalidatta/Desktop/AutoQueryChatbot/.airflow-venv/lib/python3.12/site-packages/airflow/task/task_runner/standard_task_runner.py:70 DeprecationWarning: This process (pid=48843) is multi-threaded, use of fork() may lead to deadlocks in the child.
[2026-09-05T21:45:43.794+0200] {standard_task_runner.py:72} INFO - Started process 48850 to run task
[2026-09-05T21:45:43.809+0200] {task_command.py:467} INFO - Running <TaskInstance: mini_riskagent_file_ingestion.wait_for_csv scheduled__2026-09-05T18:51:00+00:00 [running]> on host mac.home
[2026-09-05T21:45:43.827+0200] {taskinstance.py:3134} INFO - Exporting env vars: AIRFLOW_CTX_DAG_OWNER='autoquery' AIRFLOW_CTX_DAG_ID='mini_riskagent_file_ingestion' AIRFLOW_CTX_TASK_ID='wait_for_csv' AIRFLOW_CTX_EXECUTION_DATE='2026-09-05T18:51:00+00:00' AIRFLOW_CTX_TRY_NUMBER='1' AIRFLOW_CTX_DAG_RUN_ID='scheduled__2026-09-05T18:51:00+00:00'
[2026-09-05T21:45:43.827+0200] {logging_mixin.py:190} INFO - Task instance is in running state
[2026-09-05T21:45:43.828+0200] {logging_mixin.py:190} INFO -  Previous state of the Task instance: queued
[2026-09-05T21:45:43.828+0200] {logging_mixin.py:190} INFO - Current task name:wait_for_csv state:running start_date:2026-09-05 19:45:43.783944+00:00
[2026-09-05T21:45:43.828+0200] {logging_mixin.py:190} INFO - Dag name:mini_riskagent_file_ingestion and current dag run status:running
[2026-09-05T21:45:43.828+0200] {taskinstance.py:732} INFO - ::endgroup::
[2026-09-05T21:45:43.829+0200] {python.py:75} INFO - Poking callable: <function check_for_csv_files at 0x109306b60>
[2026-09-05T21:45:43.833+0200] {taskinstance.py:310} INFO - Rescheduling task, marking task as UP_FOR_RESCHEDULE
[2026-09-05T21:45:43.833+0200] {taskinstance.py:341} INFO - ::group::Post task execution logs
[2026-09-05T21:45:43.854+0200] {local_task_job_runner.py:266} INFO - Task exited with return code 0
[2026-09-05T21:45:43.860+0200] {taskinstance.py:3901} INFO - 0 downstream tasks scheduled from follow-on schedule check
[2026-09-05T21:45:43.860+0200] {local_task_job_runner.py:245} INFO - ::endgroup::
[2026-09-05T21:46:16.356+0200] {local_task_job_runner.py:123} INFO - ::group::Pre task execution logs
[2026-09-05T21:46:16.359+0200] {taskinstance.py:2614} INFO - Dependencies all met for dep_context=non-requeueable deps ti=<TaskInstance: mini_riskagent_file_ingestion.wait_for_csv scheduled__2026-09-05T18:51:00+00:00 [queued]>
[2026-09-05T21:46:16.361+0200] {taskinstance.py:2614} INFO - Dependencies all met for dep_context=requeueable deps ti=<TaskInstance: mini_riskagent_file_ingestion.wait_for_csv scheduled__2026-09-05T18:51:00+00:00 [queued]>
[2026-09-05T21:46:16.361+0200] {taskinstance.py:2867} INFO - Starting attempt 1 of 2
[2026-09-05T21:46:16.364+0200] {taskinstance.py:2890} INFO - Executing <Task(PythonSensor): wait_for_csv> on 2026-09-05 18:51:00+00:00
[2026-09-05T21:46:16.369+0200] {logging_mixin.py:190} WARNING - /Users/swarnalidatta/Desktop/AutoQueryChatbot/.airflow-venv/lib/python3.12/site-packages/airflow/task/task_runner/standard_task_runner.py:70 DeprecationWarning: This process (pid=48999) is multi-threaded, use of fork() may lead to deadlocks in the child.
[2026-09-05T21:46:16.369+0200] {standard_task_runner.py:104} INFO - Running: ['airflow', 'tasks', 'run', 'mini_riskagent_file_ingestion', 'wait_for_csv', 'scheduled__2026-09-05T18:51:00+00:00', '--job-id', '2875', '--raw', '--subdir', 'DAGS_FOLDER/data_ingest_pipeline.py', '--cfg-path', '/var/folders/5p/201rr1sj03g8gksxm9x48mbh0000gn/T/tmpag428owo']
[2026-09-05T21:46:16.370+0200] {standard_task_runner.py:72} INFO - Started process 49014 to run task
[2026-09-05T21:46:16.370+0200] {standard_task_runner.py:105} INFO - Job 2875: Subtask wait_for_csv
[2026-09-05T21:46:16.386+0200] {task_command.py:467} INFO - Running <TaskInstance: mini_riskagent_file_ingestion.wait_for_csv scheduled__2026-09-05T18:51:00+00:00 [running]> on host mac.home
[2026-09-05T21:46:16.404+0200] {taskinstance.py:3134} INFO - Exporting env vars: AIRFLOW_CTX_DAG_OWNER='autoquery' AIRFLOW_CTX_DAG_ID='mini_riskagent_file_ingestion' AIRFLOW_CTX_TASK_ID='wait_for_csv' AIRFLOW_CTX_EXECUTION_DATE='2026-09-05T18:51:00+00:00' AIRFLOW_CTX_TRY_NUMBER='1' AIRFLOW_CTX_DAG_RUN_ID='scheduled__2026-09-05T18:51:00+00:00'
[2026-09-05T21:46:16.405+0200] {logging_mixin.py:190} INFO - Task instance is in running state
[2026-09-05T21:46:16.405+0200] {logging_mixin.py:190} INFO -  Previous state of the Task instance: queued
[2026-09-05T21:46:16.405+0200] {logging_mixin.py:190} INFO - Current task name:wait_for_csv state:running start_date:2026-09-05 19:46:16.359735+00:00
[2026-09-05T21:46:16.405+0200] {logging_mixin.py:190} INFO - Dag name:mini_riskagent_file_ingestion and current dag run status:running
[2026-09-05T21:46:16.405+0200] {taskinstance.py:732} INFO - ::endgroup::
[2026-09-05T21:46:16.408+0200] {python.py:75} INFO - Poking callable: <function check_for_csv_files at 0x1091c6b60>
[2026-09-05T21:46:16.412+0200] {taskinstance.py:310} INFO - Rescheduling task, marking task as UP_FOR_RESCHEDULE
[2026-09-05T21:46:16.412+0200] {taskinstance.py:341} INFO - ::group::Post task execution logs
[2026-09-05T21:46:16.429+0200] {local_task_job_runner.py:266} INFO - Task exited with return code 0
[2026-09-05T21:46:16.436+0200] {taskinstance.py:3901} INFO - 0 downstream tasks scheduled from follow-on schedule check
[2026-09-05T21:46:16.436+0200] {local_task_job_runner.py:245} INFO - ::endgroup::
[2026-09-05T21:46:48.291+0200] {local_task_job_runner.py:123} INFO - ::group::Pre task execution logs
[2026-09-05T21:46:48.294+0200] {taskinstance.py:2614} INFO - Dependencies all met for dep_context=non-requeueable deps ti=<TaskInstance: mini_riskagent_file_ingestion.wait_for_csv scheduled__2026-09-05T18:51:00+00:00 [queued]>
[2026-09-05T21:46:48.296+0200] {taskinstance.py:2614} INFO - Dependencies all met for dep_context=requeueable deps ti=<TaskInstance: mini_riskagent_file_ingestion.wait_for_csv scheduled__2026-09-05T18:51:00+00:00 [queued]>
[2026-09-05T21:46:48.296+0200] {taskinstance.py:2867} INFO - Starting attempt 1 of 2
[2026-09-05T21:46:48.298+0200] {taskinstance.py:2890} INFO - Executing <Task(PythonSensor): wait_for_csv> on 2026-09-05 18:51:00+00:00
[2026-09-05T21:46:48.303+0200] {logging_mixin.py:190} WARNING - /Users/swarnalidatta/Desktop/AutoQueryChatbot/.airflow-venv/lib/python3.12/site-packages/airflow/task/task_runner/standard_task_runner.py:70 DeprecationWarning: This process (pid=49116) is multi-threaded, use of fork() may lead to deadlocks in the child.
[2026-09-05T21:46:48.303+0200] {standard_task_runner.py:72} INFO - Started process 49118 to run task
[2026-09-05T21:46:48.302+0200] {standard_task_runner.py:104} INFO - Running: ['airflow', 'tasks', 'run', 'mini_riskagent_file_ingestion', 'wait_for_csv', 'scheduled__2026-09-05T18:51:00+00:00', '--job-id', '2886', '--raw', '--subdir', 'DAGS_FOLDER/data_ingest_pipeline.py', '--cfg-path', '/var/folders/5p/201rr1sj03g8gksxm9x48mbh0000gn/T/tmp6if0m9dl']
[2026-09-05T21:46:48.303+0200] {standard_task_runner.py:105} INFO - Job 2886: Subtask wait_for_csv
[2026-09-05T21:46:48.317+0200] {task_command.py:467} INFO - Running <TaskInstance: mini_riskagent_file_ingestion.wait_for_csv scheduled__2026-09-05T18:51:00+00:00 [running]> on host mac.home
[2026-09-05T21:46:48.333+0200] {taskinstance.py:3134} INFO - Exporting env vars: AIRFLOW_CTX_DAG_OWNER='autoquery' AIRFLOW_CTX_DAG_ID='mini_riskagent_file_ingestion' AIRFLOW_CTX_TASK_ID='wait_for_csv' AIRFLOW_CTX_EXECUTION_DATE='2026-09-05T18:51:00+00:00' AIRFLOW_CTX_TRY_NUMBER='1' AIRFLOW_CTX_DAG_RUN_ID='scheduled__2026-09-05T18:51:00+00:00'
[2026-09-05T21:46:48.333+0200] {logging_mixin.py:190} INFO - Task instance is in running state
[2026-09-05T21:46:48.333+0200] {logging_mixin.py:190} INFO -  Previous state of the Task instance: queued
[2026-09-05T21:46:48.333+0200] {logging_mixin.py:190} INFO - Current task name:wait_for_csv state:running start_date:2026-09-05 19:46:48.294817+00:00
[2026-09-05T21:46:48.334+0200] {logging_mixin.py:190} INFO - Dag name:mini_riskagent_file_ingestion and current dag run status:running
[2026-09-05T21:46:48.334+0200] {taskinstance.py:732} INFO - ::endgroup::
[2026-09-05T21:46:48.336+0200] {python.py:75} INFO - Poking callable: <function check_for_csv_files at 0x10afdeb60>
[2026-09-05T21:46:48.339+0200] {taskinstance.py:310} INFO - Rescheduling task, marking task as UP_FOR_RESCHEDULE
[2026-09-05T21:46:48.339+0200] {taskinstance.py:341} INFO - ::group::Post task execution logs
[2026-09-05T21:46:48.362+0200] {local_task_job_runner.py:266} INFO - Task exited with return code 0
[2026-09-05T21:46:48.369+0200] {taskinstance.py:3901} INFO - 0 downstream tasks scheduled from follow-on schedule check
[2026-09-05T21:46:48.370+0200] {local_task_job_runner.py:245} INFO - ::endgroup::
[2026-09-05T21:47:20.044+0200] {local_task_job_runner.py:123} INFO - ::group::Pre task execution logs
[2026-09-05T21:47:20.046+0200] {taskinstance.py:2614} INFO - Dependencies all met for dep_context=non-requeueable deps ti=<TaskInstance: mini_riskagent_file_ingestion.wait_for_csv scheduled__2026-09-05T18:51:00+00:00 [queued]>
[2026-09-05T21:47:20.048+0200] {taskinstance.py:2614} INFO - Dependencies all met for dep_context=requeueable deps ti=<TaskInstance: mini_riskagent_file_ingestion.wait_for_csv scheduled__2026-09-05T18:51:00+00:00 [queued]>
[2026-09-05T21:47:20.048+0200] {taskinstance.py:2867} INFO - Starting attempt 1 of 2
[2026-09-05T21:47:20.051+0200] {taskinstance.py:2890} INFO - Executing <Task(PythonSensor): wait_for_csv> on 2026-09-05 18:51:00+00:00
[2026-09-05T21:47:20.056+0200] {logging_mixin.py:190} WARNING - /Users/swarnalidatta/Desktop/AutoQueryChatbot/.airflow-venv/lib/python3.12/site-packages/airflow/task/task_runner/standard_task_runner.py:70 DeprecationWarning: This process (pid=49219) is multi-threaded, use of fork() may lead to deadlocks in the child.
[2026-09-05T21:47:20.056+0200] {standard_task_runner.py:104} INFO - Running: ['airflow', 'tasks', 'run', 'mini_riskagent_file_ingestion', 'wait_for_csv', 'scheduled__2026-09-05T18:51:00+00:00', '--job-id', '2898', '--raw', '--subdir', 'DAGS_FOLDER/data_ingest_pipeline.py', '--cfg-path', '/var/folders/5p/201rr1sj03g8gksxm9x48mbh0000gn/T/tmpqjgq7c27']
[2026-09-05T21:47:20.056+0200] {standard_task_runner.py:72} INFO - Started process 49221 to run task
[2026-09-05T21:47:20.056+0200] {standard_task_runner.py:105} INFO - Job 2898: Subtask wait_for_csv
[2026-09-05T21:47:20.070+0200] {task_command.py:467} INFO - Running <TaskInstance: mini_riskagent_file_ingestion.wait_for_csv scheduled__2026-09-05T18:51:00+00:00 [running]> on host mac.home
[2026-09-05T21:47:20.087+0200] {taskinstance.py:3134} INFO - Exporting env vars: AIRFLOW_CTX_DAG_OWNER='autoquery' AIRFLOW_CTX_DAG_ID='mini_riskagent_file_ingestion' AIRFLOW_CTX_TASK_ID='wait_for_csv' AIRFLOW_CTX_EXECUTION_DATE='2026-09-05T18:51:00+00:00' AIRFLOW_CTX_TRY_NUMBER='1' AIRFLOW_CTX_DAG_RUN_ID='scheduled__2026-09-05T18:51:00+00:00'
[2026-09-05T21:47:20.087+0200] {logging_mixin.py:190} INFO - Task instance is in running state
[2026-09-05T21:47:20.087+0200] {logging_mixin.py:190} INFO -  Previous state of the Task instance: queued
[2026-09-05T21:47:20.088+0200] {logging_mixin.py:190} INFO - Current task name:wait_for_csv state:running start_date:2026-09-05 19:47:20.047035+00:00
[2026-09-05T21:47:20.088+0200] {logging_mixin.py:190} INFO - Dag name:mini_riskagent_file_ingestion and current dag run status:running
[2026-09-05T21:47:20.088+0200] {taskinstance.py:732} INFO - ::endgroup::
[2026-09-05T21:47:20.090+0200] {python.py:75} INFO - Poking callable: <function check_for_csv_files at 0x10ac66b60>
[2026-09-05T21:47:20.094+0200] {taskinstance.py:310} INFO - Rescheduling task, marking task as UP_FOR_RESCHEDULE
[2026-09-05T21:47:20.094+0200] {taskinstance.py:341} INFO - ::group::Post task execution logs
[2026-09-05T21:47:20.115+0200] {local_task_job_runner.py:266} INFO - Task exited with return code 0
[2026-09-05T21:47:20.122+0200] {taskinstance.py:3901} INFO - 0 downstream tasks scheduled from follow-on schedule check
[2026-09-05T21:47:20.122+0200] {local_task_job_runner.py:245} INFO - ::endgroup::
[2026-09-05T21:47:51.804+0200] {local_task_job_runner.py:123} INFO - ::group::Pre task execution logs
[2026-09-05T21:47:51.807+0200] {taskinstance.py:2614} INFO - Dependencies all met for dep_context=non-requeueable deps ti=<TaskInstance: mini_riskagent_file_ingestion.wait_for_csv scheduled__2026-09-05T18:51:00+00:00 [queued]>
[2026-09-05T21:47:51.808+0200] {taskinstance.py:2614} INFO - Dependencies all met for dep_context=requeueable deps ti=<TaskInstance: mini_riskagent_file_ingestion.wait_for_csv scheduled__2026-09-05T18:51:00+00:00 [queued]>
[2026-09-05T21:47:51.808+0200] {taskinstance.py:2867} INFO - Starting attempt 1 of 2
[2026-09-05T21:47:51.811+0200] {taskinstance.py:2890} INFO - Executing <Task(PythonSensor): wait_for_csv> on 2026-09-05 18:51:00+00:00
[2026-09-05T21:47:51.816+0200] {logging_mixin.py:190} WARNING - /Users/swarnalidatta/Desktop/AutoQueryChatbot/.airflow-venv/lib/python3.12/site-packages/airflow/task/task_runner/standard_task_runner.py:70 DeprecationWarning: This process (pid=49336) is multi-threaded, use of fork() may lead to deadlocks in the child.
[2026-09-05T21:47:51.816+0200] {standard_task_runner.py:104} INFO - Running: ['airflow', 'tasks', 'run', 'mini_riskagent_file_ingestion', 'wait_for_csv', 'scheduled__2026-09-05T18:51:00+00:00', '--job-id', '2910', '--raw', '--subdir', 'DAGS_FOLDER/data_ingest_pipeline.py', '--cfg-path', '/var/folders/5p/201rr1sj03g8gksxm9x48mbh0000gn/T/tmpc9f9ayh9']
[2026-09-05T21:47:51.817+0200] {standard_task_runner.py:72} INFO - Started process 49338 to run task
[2026-09-05T21:47:51.817+0200] {standard_task_runner.py:105} INFO - Job 2910: Subtask wait_for_csv
[2026-09-05T21:47:51.830+0200] {task_command.py:467} INFO - Running <TaskInstance: mini_riskagent_file_ingestion.wait_for_csv scheduled__2026-09-05T18:51:00+00:00 [running]> on host mac.home
[2026-09-05T21:47:51.846+0200] {taskinstance.py:3134} INFO - Exporting env vars: AIRFLOW_CTX_DAG_OWNER='autoquery' AIRFLOW_CTX_DAG_ID='mini_riskagent_file_ingestion' AIRFLOW_CTX_TASK_ID='wait_for_csv' AIRFLOW_CTX_EXECUTION_DATE='2026-09-05T18:51:00+00:00' AIRFLOW_CTX_TRY_NUMBER='1' AIRFLOW_CTX_DAG_RUN_ID='scheduled__2026-09-05T18:51:00+00:00'
[2026-09-05T21:47:51.847+0200] {logging_mixin.py:190} INFO - Task instance is in running state
[2026-09-05T21:47:51.847+0200] {logging_mixin.py:190} INFO -  Previous state of the Task instance: queued
[2026-09-05T21:47:51.847+0200] {logging_mixin.py:190} INFO - Current task name:wait_for_csv state:running start_date:2026-09-05 19:47:51.807334+00:00
[2026-09-05T21:47:51.847+0200] {logging_mixin.py:190} INFO - Dag name:mini_riskagent_file_ingestion and current dag run status:running
[2026-09-05T21:47:51.847+0200] {taskinstance.py:732} INFO - ::endgroup::
[2026-09-05T21:47:51.849+0200] {python.py:75} INFO - Poking callable: <function check_for_csv_files at 0x10b2b2b60>
[2026-09-05T21:47:51.852+0200] {taskinstance.py:310} INFO - Rescheduling task, marking task as UP_FOR_RESCHEDULE
[2026-09-05T21:47:51.852+0200] {taskinstance.py:341} INFO - ::group::Post task execution logs
[2026-09-05T21:47:51.876+0200] {local_task_job_runner.py:266} INFO - Task exited with return code 0
[2026-09-05T21:47:51.883+0200] {taskinstance.py:3901} INFO - 0 downstream tasks scheduled from follow-on schedule check
[2026-09-05T21:47:51.883+0200] {local_task_job_runner.py:245} INFO - ::endgroup::
[2026-09-05T21:48:23.115+0200] {local_task_job_runner.py:123} INFO - ::group::Pre task execution logs
[2026-09-05T21:48:23.118+0200] {taskinstance.py:2614} INFO - Dependencies all met for dep_context=non-requeueable deps ti=<TaskInstance: mini_riskagent_file_ingestion.wait_for_csv scheduled__2026-09-05T18:51:00+00:00 [queued]>
[2026-09-05T21:48:23.120+0200] {taskinstance.py:2614} INFO - Dependencies all met for dep_context=requeueable deps ti=<TaskInstance: mini_riskagent_file_ingestion.wait_for_csv scheduled__2026-09-05T18:51:00+00:00 [queued]>
[2026-09-05T21:48:23.120+0200] {taskinstance.py:2867} INFO - Starting attempt 1 of 2
[2026-09-05T21:48:23.123+0200] {taskinstance.py:2890} INFO - Executing <Task(PythonSensor): wait_for_csv> on 2026-09-05 18:51:00+00:00
[2026-09-05T21:48:23.127+0200] {logging_mixin.py:190} WARNING - /Users/swarnalidatta/Desktop/AutoQueryChatbot/.airflow-venv/lib/python3.12/site-packages/airflow/task/task_runner/standard_task_runner.py:70 DeprecationWarning: This process (pid=49437) is multi-threaded, use of fork() may lead to deadlocks in the child.
[2026-09-05T21:48:23.128+0200] {standard_task_runner.py:72} INFO - Started process 49443 to run task
[2026-09-05T21:48:23.127+0200] {standard_task_runner.py:104} INFO - Running: ['airflow', 'tasks', 'run', 'mini_riskagent_file_ingestion', 'wait_for_csv', 'scheduled__2026-09-05T18:51:00+00:00', '--job-id', '2923', '--raw', '--subdir', 'DAGS_FOLDER/data_ingest_pipeline.py', '--cfg-path', '/var/folders/5p/201rr1sj03g8gksxm9x48mbh0000gn/T/tmpfiojhnk1']
[2026-09-05T21:48:23.128+0200] {standard_task_runner.py:105} INFO - Job 2923: Subtask wait_for_csv
[2026-09-05T21:48:23.142+0200] {task_command.py:467} INFO - Running <TaskInstance: mini_riskagent_file_ingestion.wait_for_csv scheduled__2026-09-05T18:51:00+00:00 [running]> on host mac.home
[2026-09-05T21:48:23.158+0200] {taskinstance.py:3134} INFO - Exporting env vars: AIRFLOW_CTX_DAG_OWNER='autoquery' AIRFLOW_CTX_DAG_ID='mini_riskagent_file_ingestion' AIRFLOW_CTX_TASK_ID='wait_for_csv' AIRFLOW_CTX_EXECUTION_DATE='2026-09-05T18:51:00+00:00' AIRFLOW_CTX_TRY_NUMBER='1' AIRFLOW_CTX_DAG_RUN_ID='scheduled__2026-09-05T18:51:00+00:00'
[2026-09-05T21:48:23.159+0200] {logging_mixin.py:190} INFO - Task instance is in running state
[2026-09-05T21:48:23.159+0200] {logging_mixin.py:190} INFO -  Previous state of the Task instance: queued
[2026-09-05T21:48:23.159+0200] {logging_mixin.py:190} INFO - Current task name:wait_for_csv state:running start_date:2026-09-05 19:48:23.118893+00:00
[2026-09-05T21:48:23.159+0200] {logging_mixin.py:190} INFO - Dag name:mini_riskagent_file_ingestion and current dag run status:running
[2026-09-05T21:48:23.159+0200] {taskinstance.py:732} INFO - ::endgroup::
[2026-09-05T21:48:23.161+0200] {python.py:75} INFO - Poking callable: <function check_for_csv_files at 0x10c95ab60>
[2026-09-05T21:48:23.164+0200] {taskinstance.py:310} INFO - Rescheduling task, marking task as UP_FOR_RESCHEDULE
[2026-09-05T21:48:23.164+0200] {taskinstance.py:341} INFO - ::group::Post task execution logs
[2026-09-05T21:48:23.187+0200] {local_task_job_runner.py:266} INFO - Task exited with return code 0
[2026-09-05T21:48:23.193+0200] {taskinstance.py:3901} INFO - 0 downstream tasks scheduled from follow-on schedule check
[2026-09-05T21:48:23.193+0200] {local_task_job_runner.py:245} INFO - ::endgroup::
[2026-09-05T21:48:55.553+0200] {local_task_job_runner.py:123} INFO - ::group::Pre task execution logs
[2026-09-05T21:48:55.556+0200] {taskinstance.py:2614} INFO - Dependencies all met for dep_context=non-requeueable deps ti=<TaskInstance: mini_riskagent_file_ingestion.wait_for_csv scheduled__2026-09-05T18:51:00+00:00 [queued]>
[2026-09-05T21:48:55.557+0200] {taskinstance.py:2614} INFO - Dependencies all met for dep_context=requeueable deps ti=<TaskInstance: mini_riskagent_file_ingestion.wait_for_csv scheduled__2026-09-05T18:51:00+00:00 [queued]>
[2026-09-05T21:48:55.557+0200] {taskinstance.py:2867} INFO - Starting attempt 1 of 2
[2026-09-05T21:48:55.560+0200] {taskinstance.py:2890} INFO - Executing <Task(PythonSensor): wait_for_csv> on 2026-09-05 18:51:00+00:00
[2026-09-05T21:48:55.564+0200] {standard_task_runner.py:104} INFO - Running: ['airflow', 'tasks', 'run', 'mini_riskagent_file_ingestion', 'wait_for_csv', 'scheduled__2026-09-05T18:51:00+00:00', '--job-id', '2936', '--raw', '--subdir', 'DAGS_FOLDER/data_ingest_pipeline.py', '--cfg-path', '/var/folders/5p/201rr1sj03g8gksxm9x48mbh0000gn/T/tmp4rop2zdg']
[2026-09-05T21:48:55.565+0200] {logging_mixin.py:190} WARNING - /Users/swarnalidatta/Desktop/AutoQueryChatbot/.airflow-venv/lib/python3.12/site-packages/airflow/task/task_runner/standard_task_runner.py:70 DeprecationWarning: This process (pid=49541) is multi-threaded, use of fork() may lead to deadlocks in the child.
[2026-09-05T21:48:55.565+0200] {standard_task_runner.py:72} INFO - Started process 49543 to run task
[2026-09-05T21:48:55.565+0200] {standard_task_runner.py:105} INFO - Job 2936: Subtask wait_for_csv
[2026-09-05T21:48:55.579+0200] {task_command.py:467} INFO - Running <TaskInstance: mini_riskagent_file_ingestion.wait_for_csv scheduled__2026-09-05T18:51:00+00:00 [running]> on host mac.home
[2026-09-05T21:48:55.595+0200] {taskinstance.py:3134} INFO - Exporting env vars: AIRFLOW_CTX_DAG_OWNER='autoquery' AIRFLOW_CTX_DAG_ID='mini_riskagent_file_ingestion' AIRFLOW_CTX_TASK_ID='wait_for_csv' AIRFLOW_CTX_EXECUTION_DATE='2026-09-05T18:51:00+00:00' AIRFLOW_CTX_TRY_NUMBER='1' AIRFLOW_CTX_DAG_RUN_ID='scheduled__2026-09-05T18:51:00+00:00'
[2026-09-05T21:48:55.595+0200] {logging_mixin.py:190} INFO - Task instance is in running state
[2026-09-05T21:48:55.595+0200] {logging_mixin.py:190} INFO -  Previous state of the Task instance: queued
[2026-09-05T21:48:55.596+0200] {logging_mixin.py:190} INFO - Current task name:wait_for_csv state:running start_date:2026-09-05 19:48:55.556302+00:00
[2026-09-05T21:48:55.596+0200] {logging_mixin.py:190} INFO - Dag name:mini_riskagent_file_ingestion and current dag run status:running
[2026-09-05T21:48:55.596+0200] {taskinstance.py:732} INFO - ::endgroup::
[2026-09-05T21:48:55.597+0200] {python.py:75} INFO - Poking callable: <function check_for_csv_files at 0x10adc2b60>
[2026-09-05T21:48:55.601+0200] {taskinstance.py:310} INFO - Rescheduling task, marking task as UP_FOR_RESCHEDULE
[2026-09-05T21:48:55.601+0200] {taskinstance.py:341} INFO - ::group::Post task execution logs
[2026-09-05T21:48:55.623+0200] {local_task_job_runner.py:266} INFO - Task exited with return code 0
[2026-09-05T21:48:55.629+0200] {taskinstance.py:3901} INFO - 0 downstream tasks scheduled from follow-on schedule check
[2026-09-05T21:48:55.630+0200] {local_task_job_runner.py:245} INFO - ::endgroup::
[2026-09-05T21:49:26.802+0200] {local_task_job_runner.py:123} INFO - ::group::Pre task execution logs
[2026-09-05T21:49:26.804+0200] {taskinstance.py:2614} INFO - Dependencies all met for dep_context=non-requeueable deps ti=<TaskInstance: mini_riskagent_file_ingestion.wait_for_csv scheduled__2026-09-05T18:51:00+00:00 [queued]>
[2026-09-05T21:49:26.806+0200] {taskinstance.py:2614} INFO - Dependencies all met for dep_context=requeueable deps ti=<TaskInstance: mini_riskagent_file_ingestion.wait_for_csv scheduled__2026-09-05T18:51:00+00:00 [queued]>
[2026-09-05T21:49:26.806+0200] {taskinstance.py:2867} INFO - Starting attempt 1 of 2
[2026-09-05T21:49:26.809+0200] {taskinstance.py:2890} INFO - Executing <Task(PythonSensor): wait_for_csv> on 2026-09-05 18:51:00+00:00
[2026-09-05T21:49:26.813+0200] {logging_mixin.py:190} WARNING - /Users/swarnalidatta/Desktop/AutoQueryChatbot/.airflow-venv/lib/python3.12/site-packages/airflow/task/task_runner/standard_task_runner.py:70 DeprecationWarning: This process (pid=49657) is multi-threaded, use of fork() may lead to deadlocks in the child.
[2026-09-05T21:49:26.814+0200] {standard_task_runner.py:72} INFO - Started process 49659 to run task
[2026-09-05T21:49:26.813+0200] {standard_task_runner.py:104} INFO - Running: ['airflow', 'tasks', 'run', 'mini_riskagent_file_ingestion', 'wait_for_csv', 'scheduled__2026-09-05T18:51:00+00:00', '--job-id', '2950', '--raw', '--subdir', 'DAGS_FOLDER/data_ingest_pipeline.py', '--cfg-path', '/var/folders/5p/201rr1sj03g8gksxm9x48mbh0000gn/T/tmpzt6e3vpn']
[2026-09-05T21:49:26.814+0200] {standard_task_runner.py:105} INFO - Job 2950: Subtask wait_for_csv
[2026-09-05T21:49:26.828+0200] {task_command.py:467} INFO - Running <TaskInstance: mini_riskagent_file_ingestion.wait_for_csv scheduled__2026-09-05T18:51:00+00:00 [running]> on host mac.home
[2026-09-05T21:49:26.844+0200] {taskinstance.py:3134} INFO - Exporting env vars: AIRFLOW_CTX_DAG_OWNER='autoquery' AIRFLOW_CTX_DAG_ID='mini_riskagent_file_ingestion' AIRFLOW_CTX_TASK_ID='wait_for_csv' AIRFLOW_CTX_EXECUTION_DATE='2026-09-05T18:51:00+00:00' AIRFLOW_CTX_TRY_NUMBER='1' AIRFLOW_CTX_DAG_RUN_ID='scheduled__2026-09-05T18:51:00+00:00'
[2026-09-05T21:49:26.844+0200] {logging_mixin.py:190} INFO - Task instance is in running state
[2026-09-05T21:49:26.844+0200] {logging_mixin.py:190} INFO -  Previous state of the Task instance: queued
[2026-09-05T21:49:26.844+0200] {logging_mixin.py:190} INFO - Current task name:wait_for_csv state:running start_date:2026-09-05 19:49:26.804978+00:00
[2026-09-05T21:49:26.845+0200] {logging_mixin.py:190} INFO - Dag name:mini_riskagent_file_ingestion and current dag run status:running
[2026-09-05T21:49:26.845+0200] {taskinstance.py:732} INFO - ::endgroup::
[2026-09-05T21:49:26.846+0200] {python.py:75} INFO - Poking callable: <function check_for_csv_files at 0x10adf2b60>
[2026-09-05T21:49:26.849+0200] {taskinstance.py:310} INFO - Rescheduling task, marking task as UP_FOR_RESCHEDULE
[2026-09-05T21:49:26.850+0200] {taskinstance.py:341} INFO - ::group::Post task execution logs
[2026-09-05T21:49:26.873+0200] {local_task_job_runner.py:266} INFO - Task exited with return code 0
[2026-09-05T21:49:26.880+0200] {taskinstance.py:3901} INFO - 0 downstream tasks scheduled from follow-on schedule check
[2026-09-05T21:49:26.880+0200] {local_task_job_runner.py:245} INFO - ::endgroup::
[2026-09-05T21:49:58.682+0200] {local_task_job_runner.py:123} INFO - ::group::Pre task execution logs
[2026-09-05T21:49:58.685+0200] {taskinstance.py:2614} INFO - Dependencies all met for dep_context=non-requeueable deps ti=<TaskInstance: mini_riskagent_file_ingestion.wait_for_csv scheduled__2026-09-05T18:51:00+00:00 [queued]>
[2026-09-05T21:49:58.686+0200] {taskinstance.py:2614} INFO - Dependencies all met for dep_context=requeueable deps ti=<TaskInstance: mini_riskagent_file_ingestion.wait_for_csv scheduled__2026-09-05T18:51:00+00:00 [queued]>
[2026-09-05T21:49:58.686+0200] {taskinstance.py:2867} INFO - Starting attempt 1 of 2
[2026-09-05T21:49:58.689+0200] {taskinstance.py:2890} INFO - Executing <Task(PythonSensor): wait_for_csv> on 2026-09-05 18:51:00+00:00
[2026-09-05T21:49:58.694+0200] {logging_mixin.py:190} WARNING - /Users/swarnalidatta/Desktop/AutoQueryChatbot/.airflow-venv/lib/python3.12/site-packages/airflow/task/task_runner/standard_task_runner.py:70 DeprecationWarning: This process (pid=49968) is multi-threaded, use of fork() may lead to deadlocks in the child.
[2026-09-05T21:49:58.694+0200] {standard_task_runner.py:72} INFO - Started process 49970 to run task
[2026-09-05T21:49:58.694+0200] {standard_task_runner.py:104} INFO - Running: ['airflow', 'tasks', 'run', 'mini_riskagent_file_ingestion', 'wait_for_csv', 'scheduled__2026-09-05T18:51:00+00:00', '--job-id', '2964', '--raw', '--subdir', 'DAGS_FOLDER/data_ingest_pipeline.py', '--cfg-path', '/var/folders/5p/201rr1sj03g8gksxm9x48mbh0000gn/T/tmpgm_tzqj8']
[2026-09-05T21:49:58.694+0200] {standard_task_runner.py:105} INFO - Job 2964: Subtask wait_for_csv
[2026-09-05T21:49:58.708+0200] {task_command.py:467} INFO - Running <TaskInstance: mini_riskagent_file_ingestion.wait_for_csv scheduled__2026-09-05T18:51:00+00:00 [running]> on host mac.home
[2026-09-05T21:49:58.724+0200] {taskinstance.py:3134} INFO - Exporting env vars: AIRFLOW_CTX_DAG_OWNER='autoquery' AIRFLOW_CTX_DAG_ID='mini_riskagent_file_ingestion' AIRFLOW_CTX_TASK_ID='wait_for_csv' AIRFLOW_CTX_EXECUTION_DATE='2026-09-05T18:51:00+00:00' AIRFLOW_CTX_TRY_NUMBER='1' AIRFLOW_CTX_DAG_RUN_ID='scheduled__2026-09-05T18:51:00+00:00'
[2026-09-05T21:49:58.724+0200] {logging_mixin.py:190} INFO - Task instance is in running state
[2026-09-05T21:49:58.724+0200] {logging_mixin.py:190} INFO -  Previous state of the Task instance: queued
[2026-09-05T21:49:58.724+0200] {logging_mixin.py:190} INFO - Current task name:wait_for_csv state:running start_date:2026-09-05 19:49:58.685275+00:00
[2026-09-05T21:49:58.725+0200] {logging_mixin.py:190} INFO - Dag name:mini_riskagent_file_ingestion and current dag run status:running
[2026-09-05T21:49:58.725+0200] {taskinstance.py:732} INFO - ::endgroup::
[2026-09-05T21:49:58.726+0200] {python.py:75} INFO - Poking callable: <function check_for_csv_files at 0x108f42b60>
[2026-09-05T21:49:58.729+0200] {taskinstance.py:310} INFO - Rescheduling task, marking task as UP_FOR_RESCHEDULE
[2026-09-05T21:49:58.730+0200] {taskinstance.py:341} INFO - ::group::Post task execution logs
[2026-09-05T21:49:58.753+0200] {local_task_job_runner.py:266} INFO - Task exited with return code 0
[2026-09-05T21:49:58.760+0200] {taskinstance.py:3901} INFO - 0 downstream tasks scheduled from follow-on schedule check
[2026-09-05T21:49:58.760+0200] {local_task_job_runner.py:245} INFO - ::endgroup::
[2026-09-05T21:50:29.711+0200] {local_task_job_runner.py:123} INFO - ::group::Pre task execution logs
[2026-09-05T21:50:29.713+0200] {taskinstance.py:2614} INFO - Dependencies all met for dep_context=non-requeueable deps ti=<TaskInstance: mini_riskagent_file_ingestion.wait_for_csv scheduled__2026-09-05T18:51:00+00:00 [queued]>
[2026-09-05T21:50:29.715+0200] {taskinstance.py:2614} INFO - Dependencies all met for dep_context=requeueable deps ti=<TaskInstance: mini_riskagent_file_ingestion.wait_for_csv scheduled__2026-09-05T18:51:00+00:00 [queued]>
[2026-09-05T21:50:29.715+0200] {taskinstance.py:2867} INFO - Starting attempt 1 of 2
[2026-09-05T21:50:29.718+0200] {taskinstance.py:2890} INFO - Executing <Task(PythonSensor): wait_for_csv> on 2026-09-05 18:51:00+00:00
[2026-09-05T21:50:29.722+0200] {logging_mixin.py:190} WARNING - /Users/swarnalidatta/Desktop/AutoQueryChatbot/.airflow-venv/lib/python3.12/site-packages/airflow/task/task_runner/standard_task_runner.py:70 DeprecationWarning: This process (pid=50092) is multi-threaded, use of fork() may lead to deadlocks in the child.
[2026-09-05T21:50:29.722+0200] {standard_task_runner.py:104} INFO - Running: ['airflow', 'tasks', 'run', 'mini_riskagent_file_ingestion', 'wait_for_csv', 'scheduled__2026-09-05T18:51:00+00:00', '--job-id', '2979', '--raw', '--subdir', 'DAGS_FOLDER/data_ingest_pipeline.py', '--cfg-path', '/var/folders/5p/201rr1sj03g8gksxm9x48mbh0000gn/T/tmp5kbrbhsc']
[2026-09-05T21:50:29.723+0200] {standard_task_runner.py:72} INFO - Started process 50094 to run task
[2026-09-05T21:50:29.723+0200] {standard_task_runner.py:105} INFO - Job 2979: Subtask wait_for_csv
[2026-09-05T21:50:29.736+0200] {task_command.py:467} INFO - Running <TaskInstance: mini_riskagent_file_ingestion.wait_for_csv scheduled__2026-09-05T18:51:00+00:00 [running]> on host mac.home
[2026-09-05T21:50:29.752+0200] {taskinstance.py:3134} INFO - Exporting env vars: AIRFLOW_CTX_DAG_OWNER='autoquery' AIRFLOW_CTX_DAG_ID='mini_riskagent_file_ingestion' AIRFLOW_CTX_TASK_ID='wait_for_csv' AIRFLOW_CTX_EXECUTION_DATE='2026-09-05T18:51:00+00:00' AIRFLOW_CTX_TRY_NUMBER='1' AIRFLOW_CTX_DAG_RUN_ID='scheduled__2026-09-05T18:51:00+00:00'
[2026-09-05T21:50:29.753+0200] {logging_mixin.py:190} INFO - Task instance is in running state
[2026-09-05T21:50:29.753+0200] {logging_mixin.py:190} INFO -  Previous state of the Task instance: queued
[2026-09-05T21:50:29.753+0200] {logging_mixin.py:190} INFO - Current task name:wait_for_csv state:running start_date:2026-09-05 19:50:29.714058+00:00
[2026-09-05T21:50:29.753+0200] {logging_mixin.py:190} INFO - Dag name:mini_riskagent_file_ingestion and current dag run status:running
[2026-09-05T21:50:29.753+0200] {taskinstance.py:732} INFO - ::endgroup::
[2026-09-05T21:50:29.756+0200] {python.py:75} INFO - Poking callable: <function check_for_csv_files at 0x10a89eb60>
[2026-09-05T21:50:29.760+0200] {taskinstance.py:310} INFO - Rescheduling task, marking task as UP_FOR_RESCHEDULE
[2026-09-05T21:50:29.760+0200] {taskinstance.py:341} INFO - ::group::Post task execution logs
[2026-09-05T21:50:29.782+0200] {local_task_job_runner.py:266} INFO - Task exited with return code 0
[2026-09-05T21:50:29.788+0200] {taskinstance.py:3901} INFO - 0 downstream tasks scheduled from follow-on schedule check
[2026-09-05T21:50:29.789+0200] {local_task_job_runner.py:245} INFO - ::endgroup::
[2026-09-05T21:51:01.734+0200] {local_task_job_runner.py:123} INFO - ::group::Pre task execution logs
[2026-09-05T21:51:01.737+0200] {taskinstance.py:2614} INFO - Dependencies all met for dep_context=non-requeueable deps ti=<TaskInstance: mini_riskagent_file_ingestion.wait_for_csv scheduled__2026-09-05T18:51:00+00:00 [queued]>
[2026-09-05T21:51:01.738+0200] {taskinstance.py:2614} INFO - Dependencies all met for dep_context=requeueable deps ti=<TaskInstance: mini_riskagent_file_ingestion.wait_for_csv scheduled__2026-09-05T18:51:00+00:00 [queued]>
[2026-09-05T21:51:01.738+0200] {taskinstance.py:2867} INFO - Starting attempt 1 of 2
[2026-09-05T21:51:01.741+0200] {taskinstance.py:2890} INFO - Executing <Task(PythonSensor): wait_for_csv> on 2026-09-05 18:51:00+00:00
[2026-09-05T21:51:01.746+0200] {logging_mixin.py:190} WARNING - /Users/swarnalidatta/Desktop/AutoQueryChatbot/.airflow-venv/lib/python3.12/site-packages/airflow/task/task_runner/standard_task_runner.py:70 DeprecationWarning: This process (pid=50206) is multi-threaded, use of fork() may lead to deadlocks in the child.
[2026-09-05T21:51:01.746+0200] {standard_task_runner.py:72} INFO - Started process 50213 to run task
[2026-09-05T21:51:01.746+0200] {standard_task_runner.py:104} INFO - Running: ['airflow', 'tasks', 'run', 'mini_riskagent_file_ingestion', 'wait_for_csv', 'scheduled__2026-09-05T18:51:00+00:00', '--job-id', '2994', '--raw', '--subdir', 'DAGS_FOLDER/data_ingest_pipeline.py', '--cfg-path', '/var/folders/5p/201rr1sj03g8gksxm9x48mbh0000gn/T/tmpxa3e96br']
[2026-09-05T21:51:01.747+0200] {standard_task_runner.py:105} INFO - Job 2994: Subtask wait_for_csv
[2026-09-05T21:51:01.760+0200] {task_command.py:467} INFO - Running <TaskInstance: mini_riskagent_file_ingestion.wait_for_csv scheduled__2026-09-05T18:51:00+00:00 [running]> on host mac.home
[2026-09-05T21:51:01.776+0200] {taskinstance.py:3134} INFO - Exporting env vars: AIRFLOW_CTX_DAG_OWNER='autoquery' AIRFLOW_CTX_DAG_ID='mini_riskagent_file_ingestion' AIRFLOW_CTX_TASK_ID='wait_for_csv' AIRFLOW_CTX_EXECUTION_DATE='2026-09-05T18:51:00+00:00' AIRFLOW_CTX_TRY_NUMBER='1' AIRFLOW_CTX_DAG_RUN_ID='scheduled__2026-09-05T18:51:00+00:00'
[2026-09-05T21:51:01.777+0200] {logging_mixin.py:190} INFO - Task instance is in running state
[2026-09-05T21:51:01.777+0200] {logging_mixin.py:190} INFO -  Previous state of the Task instance: queued
[2026-09-05T21:51:01.777+0200] {logging_mixin.py:190} INFO - Current task name:wait_for_csv state:running start_date:2026-09-05 19:51:01.737143+00:00
[2026-09-05T21:51:01.777+0200] {logging_mixin.py:190} INFO - Dag name:mini_riskagent_file_ingestion and current dag run status:running
[2026-09-05T21:51:01.778+0200] {taskinstance.py:732} INFO - ::endgroup::
[2026-09-05T21:51:01.779+0200] {python.py:75} INFO - Poking callable: <function check_for_csv_files at 0x10adceb60>
[2026-09-05T21:51:01.783+0200] {taskinstance.py:310} INFO - Rescheduling task, marking task as UP_FOR_RESCHEDULE
[2026-09-05T21:51:01.783+0200] {taskinstance.py:341} INFO - ::group::Post task execution logs
[2026-09-05T21:51:01.806+0200] {local_task_job_runner.py:266} INFO - Task exited with return code 0
[2026-09-05T21:51:01.813+0200] {taskinstance.py:3901} INFO - 0 downstream tasks scheduled from follow-on schedule check
[2026-09-05T21:51:01.813+0200] {local_task_job_runner.py:245} INFO - ::endgroup::
[2026-09-05T21:51:34.200+0200] {local_task_job_runner.py:123} INFO - ::group::Pre task execution logs
[2026-09-05T21:51:34.203+0200] {taskinstance.py:2614} INFO - Dependencies all met for dep_context=non-requeueable deps ti=<TaskInstance: mini_riskagent_file_ingestion.wait_for_csv scheduled__2026-09-05T18:51:00+00:00 [queued]>
[2026-09-05T21:51:34.205+0200] {taskinstance.py:2614} INFO - Dependencies all met for dep_context=requeueable deps ti=<TaskInstance: mini_riskagent_file_ingestion.wait_for_csv scheduled__2026-09-05T18:51:00+00:00 [queued]>
[2026-09-05T21:51:34.205+0200] {taskinstance.py:2867} INFO - Starting attempt 1 of 2
[2026-09-05T21:51:34.208+0200] {taskinstance.py:2890} INFO - Executing <Task(PythonSensor): wait_for_csv> on 2026-09-05 18:51:00+00:00
[2026-09-05T21:51:34.213+0200] {logging_mixin.py:190} WARNING - /Users/swarnalidatta/Desktop/AutoQueryChatbot/.airflow-venv/lib/python3.12/site-packages/airflow/task/task_runner/standard_task_runner.py:70 DeprecationWarning: This process (pid=50325) is multi-threaded, use of fork() may lead to deadlocks in the child.
[2026-09-05T21:51:34.213+0200] {standard_task_runner.py:72} INFO - Started process 50327 to run task
[2026-09-05T21:51:34.212+0200] {standard_task_runner.py:104} INFO - Running: ['airflow', 'tasks', 'run', 'mini_riskagent_file_ingestion', 'wait_for_csv', 'scheduled__2026-09-05T18:51:00+00:00', '--job-id', '3010', '--raw', '--subdir', 'DAGS_FOLDER/data_ingest_pipeline.py', '--cfg-path', '/var/folders/5p/201rr1sj03g8gksxm9x48mbh0000gn/T/tmpaos_pwai']
[2026-09-05T21:51:34.213+0200] {standard_task_runner.py:105} INFO - Job 3010: Subtask wait_for_csv
[2026-09-05T21:51:34.228+0200] {task_command.py:467} INFO - Running <TaskInstance: mini_riskagent_file_ingestion.wait_for_csv scheduled__2026-09-05T18:51:00+00:00 [running]> on host mac.home
[2026-09-05T21:51:34.244+0200] {taskinstance.py:3134} INFO - Exporting env vars: AIRFLOW_CTX_DAG_OWNER='autoquery' AIRFLOW_CTX_DAG_ID='mini_riskagent_file_ingestion' AIRFLOW_CTX_TASK_ID='wait_for_csv' AIRFLOW_CTX_EXECUTION_DATE='2026-09-05T18:51:00+00:00' AIRFLOW_CTX_TRY_NUMBER='1' AIRFLOW_CTX_DAG_RUN_ID='scheduled__2026-09-05T18:51:00+00:00'
[2026-09-05T21:51:34.245+0200] {logging_mixin.py:190} INFO - Task instance is in running state
[2026-09-05T21:51:34.245+0200] {logging_mixin.py:190} INFO -  Previous state of the Task instance: queued
[2026-09-05T21:51:34.245+0200] {logging_mixin.py:190} INFO - Current task name:wait_for_csv state:running start_date:2026-09-05 19:51:34.203658+00:00
[2026-09-05T21:51:34.245+0200] {logging_mixin.py:190} INFO - Dag name:mini_riskagent_file_ingestion and current dag run status:running
[2026-09-05T21:51:34.245+0200] {taskinstance.py:732} INFO - ::endgroup::
[2026-09-05T21:51:34.247+0200] {python.py:75} INFO - Poking callable: <function check_for_csv_files at 0x10b172b60>
[2026-09-05T21:51:34.250+0200] {taskinstance.py:310} INFO - Rescheduling task, marking task as UP_FOR_RESCHEDULE
[2026-09-05T21:51:34.250+0200] {taskinstance.py:341} INFO - ::group::Post task execution logs
[2026-09-05T21:51:34.272+0200] {local_task_job_runner.py:266} INFO - Task exited with return code 0
[2026-09-05T21:51:34.279+0200] {taskinstance.py:3901} INFO - 0 downstream tasks scheduled from follow-on schedule check
[2026-09-05T21:51:34.279+0200] {local_task_job_runner.py:245} INFO - ::endgroup::
[2026-09-05T21:52:05.321+0200] {local_task_job_runner.py:123} INFO - ::group::Pre task execution logs
[2026-09-05T21:52:05.324+0200] {taskinstance.py:2614} INFO - Dependencies all met for dep_context=non-requeueable deps ti=<TaskInstance: mini_riskagent_file_ingestion.wait_for_csv scheduled__2026-09-05T18:51:00+00:00 [queued]>
[2026-09-05T21:52:05.325+0200] {taskinstance.py:2614} INFO - Dependencies all met for dep_context=requeueable deps ti=<TaskInstance: mini_riskagent_file_ingestion.wait_for_csv scheduled__2026-09-05T18:51:00+00:00 [queued]>
[2026-09-05T21:52:05.325+0200] {taskinstance.py:2867} INFO - Starting attempt 1 of 2
[2026-09-05T21:52:05.329+0200] {taskinstance.py:2890} INFO - Executing <Task(PythonSensor): wait_for_csv> on 2026-09-05 18:51:00+00:00
[2026-09-05T21:52:05.333+0200] {logging_mixin.py:190} WARNING - /Users/swarnalidatta/Desktop/AutoQueryChatbot/.airflow-venv/lib/python3.12/site-packages/airflow/task/task_runner/standard_task_runner.py:70 DeprecationWarning: This process (pid=50428) is multi-threaded, use of fork() may lead to deadlocks in the child.
[2026-09-05T21:52:05.334+0200] {standard_task_runner.py:72} INFO - Started process 50430 to run task
[2026-09-05T21:52:05.333+0200] {standard_task_runner.py:104} INFO - Running: ['airflow', 'tasks', 'run', 'mini_riskagent_file_ingestion', 'wait_for_csv', 'scheduled__2026-09-05T18:51:00+00:00', '--job-id', '3026', '--raw', '--subdir', 'DAGS_FOLDER/data_ingest_pipeline.py', '--cfg-path', '/var/folders/5p/201rr1sj03g8gksxm9x48mbh0000gn/T/tmp9hqev4pq']
[2026-09-05T21:52:05.334+0200] {standard_task_runner.py:105} INFO - Job 3026: Subtask wait_for_csv
[2026-09-05T21:52:05.348+0200] {task_command.py:467} INFO - Running <TaskInstance: mini_riskagent_file_ingestion.wait_for_csv scheduled__2026-09-05T18:51:00+00:00 [running]> on host mac.home
[2026-09-05T21:52:05.364+0200] {taskinstance.py:3134} INFO - Exporting env vars: AIRFLOW_CTX_DAG_OWNER='autoquery' AIRFLOW_CTX_DAG_ID='mini_riskagent_file_ingestion' AIRFLOW_CTX_TASK_ID='wait_for_csv' AIRFLOW_CTX_EXECUTION_DATE='2026-09-05T18:51:00+00:00' AIRFLOW_CTX_TRY_NUMBER='1' AIRFLOW_CTX_DAG_RUN_ID='scheduled__2026-09-05T18:51:00+00:00'
[2026-09-05T21:52:05.364+0200] {logging_mixin.py:190} INFO - Task instance is in running state
[2026-09-05T21:52:05.365+0200] {logging_mixin.py:190} INFO -  Previous state of the Task instance: queued
[2026-09-05T21:52:05.365+0200] {logging_mixin.py:190} INFO - Current task name:wait_for_csv state:running start_date:2026-09-05 19:52:05.324552+00:00
[2026-09-05T21:52:05.365+0200] {logging_mixin.py:190} INFO - Dag name:mini_riskagent_file_ingestion and current dag run status:running
[2026-09-05T21:52:05.365+0200] {taskinstance.py:732} INFO - ::endgroup::
[2026-09-05T21:52:05.367+0200] {python.py:75} INFO - Poking callable: <function check_for_csv_files at 0x10d39ab60>
[2026-09-05T21:52:05.370+0200] {taskinstance.py:310} INFO - Rescheduling task, marking task as UP_FOR_RESCHEDULE
[2026-09-05T21:52:05.370+0200] {taskinstance.py:341} INFO - ::group::Post task execution logs
[2026-09-05T21:52:05.393+0200] {local_task_job_runner.py:266} INFO - Task exited with return code 0
[2026-09-05T21:52:05.400+0200] {taskinstance.py:3901} INFO - 0 downstream tasks scheduled from follow-on schedule check
[2026-09-05T21:52:05.400+0200] {local_task_job_runner.py:245} INFO - ::endgroup::
[2026-09-05T21:52:36.812+0200] {local_task_job_runner.py:123} INFO - ::group::Pre task execution logs
[2026-09-05T21:52:36.814+0200] {taskinstance.py:2614} INFO - Dependencies all met for dep_context=non-requeueable deps ti=<TaskInstance: mini_riskagent_file_ingestion.wait_for_csv scheduled__2026-09-05T18:51:00+00:00 [queued]>
[2026-09-05T21:52:36.816+0200] {taskinstance.py:2614} INFO - Dependencies all met for dep_context=requeueable deps ti=<TaskInstance: mini_riskagent_file_ingestion.wait_for_csv scheduled__2026-09-05T18:51:00+00:00 [queued]>
[2026-09-05T21:52:36.816+0200] {taskinstance.py:2867} INFO - Starting attempt 1 of 2
[2026-09-05T21:52:36.819+0200] {taskinstance.py:2890} INFO - Executing <Task(PythonSensor): wait_for_csv> on 2026-09-05 18:51:00+00:00
[2026-09-05T21:52:36.824+0200] {logging_mixin.py:190} WARNING - /Users/swarnalidatta/Desktop/AutoQueryChatbot/.airflow-venv/lib/python3.12/site-packages/airflow/task/task_runner/standard_task_runner.py:70 DeprecationWarning: This process (pid=50535) is multi-threaded, use of fork() may lead to deadlocks in the child.
[2026-09-05T21:52:36.825+0200] {standard_task_runner.py:72} INFO - Started process 50537 to run task
[2026-09-05T21:52:36.824+0200] {standard_task_runner.py:104} INFO - Running: ['airflow', 'tasks', 'run', 'mini_riskagent_file_ingestion', 'wait_for_csv', 'scheduled__2026-09-05T18:51:00+00:00', '--job-id', '3042', '--raw', '--subdir', 'DAGS_FOLDER/data_ingest_pipeline.py', '--cfg-path', '/var/folders/5p/201rr1sj03g8gksxm9x48mbh0000gn/T/tmp1zr5r5al']
[2026-09-05T21:52:36.825+0200] {standard_task_runner.py:105} INFO - Job 3042: Subtask wait_for_csv
[2026-09-05T21:52:36.839+0200] {task_command.py:467} INFO - Running <TaskInstance: mini_riskagent_file_ingestion.wait_for_csv scheduled__2026-09-05T18:51:00+00:00 [running]> on host mac.home
[2026-09-05T21:52:36.857+0200] {taskinstance.py:3134} INFO - Exporting env vars: AIRFLOW_CTX_DAG_OWNER='autoquery' AIRFLOW_CTX_DAG_ID='mini_riskagent_file_ingestion' AIRFLOW_CTX_TASK_ID='wait_for_csv' AIRFLOW_CTX_EXECUTION_DATE='2026-09-05T18:51:00+00:00' AIRFLOW_CTX_TRY_NUMBER='1' AIRFLOW_CTX_DAG_RUN_ID='scheduled__2026-09-05T18:51:00+00:00'
[2026-09-05T21:52:36.858+0200] {logging_mixin.py:190} INFO - Task instance is in running state
[2026-09-05T21:52:36.858+0200] {logging_mixin.py:190} INFO -  Previous state of the Task instance: queued
[2026-09-05T21:52:36.858+0200] {logging_mixin.py:190} INFO - Current task name:wait_for_csv state:running start_date:2026-09-05 19:52:36.814945+00:00
[2026-09-05T21:52:36.858+0200] {logging_mixin.py:190} INFO - Dag name:mini_riskagent_file_ingestion and current dag run status:running
[2026-09-05T21:52:36.859+0200] {taskinstance.py:732} INFO - ::endgroup::
[2026-09-05T21:52:36.860+0200] {python.py:75} INFO - Poking callable: <function check_for_csv_files at 0x108f32b60>
[2026-09-05T21:52:36.860+0200] {taskinstance.py:3313} ERROR - Task failed with exception
Traceback (most recent call last):
  File "/Users/swarnalidatta/Desktop/AutoQueryChatbot/.airflow-venv/lib/python3.12/site-packages/airflow/models/taskinstance.py", line 768, in _execute_task
    result = _execute_callable(context=context, **execute_callable_kwargs)
             ^^^^^^^^^^^^^^^^^^^^^^^^^^^^^^^^^^^^^^^^^^^^^^^^^^^^^^^^^^^^^
  File "/Users/swarnalidatta/Desktop/AutoQueryChatbot/.airflow-venv/lib/python3.12/site-packages/airflow/models/taskinstance.py", line 734, in _execute_callable
    return ExecutionCallableRunner(
           ^^^^^^^^^^^^^^^^^^^^^^^^
  File "/Users/swarnalidatta/Desktop/AutoQueryChatbot/.airflow-venv/lib/python3.12/site-packages/airflow/utils/operator_helpers.py", line 252, in run
    return self.func(*args, **kwargs)
           ^^^^^^^^^^^^^^^^^^^^^^^^^^
  File "/Users/swarnalidatta/Desktop/AutoQueryChatbot/.airflow-venv/lib/python3.12/site-packages/airflow/models/baseoperator.py", line 424, in wrapper
    return func(self, *args, **kwargs)
           ^^^^^^^^^^^^^^^^^^^^^^^^^^^
  File "/Users/swarnalidatta/Desktop/AutoQueryChatbot/.airflow-venv/lib/python3.12/site-packages/airflow/sensors/base.py", line 326, in execute
    raise AirflowSensorTimeout(message)
airflow.exceptions.AirflowSensorTimeout: Sensor has timed out; run duration of 3607.2238 seconds exceeds the specified timeout of 3600.0.
[2026-09-05T21:52:36.862+0200] {logging_mixin.py:190} INFO - Task instance in failure state
[2026-09-05T21:52:36.862+0200] {logging_mixin.py:190} INFO - Task start:2026-09-05 19:52:36.814945+00:00 end:2026-09-05 19:52:36.862380+00:00 duration:0.047435
[2026-09-05T21:52:36.862+0200] {logging_mixin.py:190} INFO - Task:<Task(PythonSensor): wait_for_csv> dag:<DAG: mini_riskagent_file_ingestion> dagrun:<DagRun mini_riskagent_file_ingestion @ 2026-09-05 18:51:00+00:00: scheduled__2026-09-05T18:51:00+00:00, state:running, queued_at: 2026-09-05 18:52:28.745054+00:00. externally triggered: False>
[2026-09-05T21:52:36.863+0200] {logging_mixin.py:190} INFO - Failure caused by Sensor has timed out; run duration of 3607.2238 seconds exceeds the specified timeout of 3600.0.
[2026-09-05T21:52:36.863+0200] {taskinstance.py:1226} INFO - Immediate failure requested. Marking task as FAILED. dag_id=mini_riskagent_file_ingestion, task_id=wait_for_csv, run_id=scheduled__2026-09-05T18:51:00+00:00, execution_date=20260905T185100, start_date=20260905T195236, end_date=20260905T195236
[2026-09-05T21:52:36.868+0200] {taskinstance.py:341} INFO - ::group::Post task execution logs
[2026-09-05T21:52:36.868+0200] {standard_task_runner.py:124} ERROR - Failed to execute job 3042 for task wait_for_csv (Sensor has timed out; run duration of 3607.2238 seconds exceeds the specified timeout of 3600.0.; 50537)
Traceback (most recent call last):
  File "/Users/swarnalidatta/Desktop/AutoQueryChatbot/.airflow-venv/lib/python3.12/site-packages/airflow/task/task_runner/standard_task_runner.py", line 117, in _start_by_fork
    ret = args.func(args, dag=self.dag)
          ^^^^^^^^^^^^^^^^^^^^^^^^^^^^^
  File "/Users/swarnalidatta/Desktop/AutoQueryChatbot/.airflow-venv/lib/python3.12/site-packages/airflow/cli/cli_config.py", line 49, in command
    return func(*args, **kwargs)
           ^^^^^^^^^^^^^^^^^^^^^
  File "/Users/swarnalidatta/Desktop/AutoQueryChatbot/.airflow-venv/lib/python3.12/site-packages/airflow/utils/cli.py", line 116, in wrapper
    return f(*args, **kwargs)
           ^^^^^^^^^^^^^^^^^^
  File "/Users/swarnalidatta/Desktop/AutoQueryChatbot/.airflow-venv/lib/python3.12/site-packages/airflow/cli/commands/task_command.py", line 483, in task_run
    task_return_code = _run_task_by_selected_method(args, _dag, ti)
                       ^^^^^^^^^^^^^^^^^^^^^^^^^^^^^^^^^^^^^^^^^^^^
  File "/Users/swarnalidatta/Desktop/AutoQueryChatbot/.airflow-venv/lib/python3.12/site-packages/airflow/cli/commands/task_command.py", line 256, in _run_task_by_selected_method
    return _run_raw_task(args, ti)
           ^^^^^^^^^^^^^^^^^^^^^^^
  File "/Users/swarnalidatta/Desktop/AutoQueryChatbot/.airflow-venv/lib/python3.12/site-packages/airflow/cli/commands/task_command.py", line 341, in _run_raw_task
    return ti._run_raw_task(
           ^^^^^^^^^^^^^^^^^
  File "/Users/swarnalidatta/Desktop/AutoQueryChatbot/.airflow-venv/lib/python3.12/site-packages/airflow/utils/session.py", line 97, in wrapper
    return func(*args, session=session, **kwargs)
           ^^^^^^^^^^^^^^^^^^^^^^^^^^^^^^^^^^^^^^
  File "/Users/swarnalidatta/Desktop/AutoQueryChatbot/.airflow-venv/lib/python3.12/site-packages/airflow/models/taskinstance.py", line 3006, in _run_raw_task
    return _run_raw_task(
           ^^^^^^^^^^^^^^
  File "/Users/swarnalidatta/Desktop/AutoQueryChatbot/.airflow-venv/lib/python3.12/site-packages/airflow/models/taskinstance.py", line 274, in _run_raw_task
    TaskInstance._execute_task_with_callbacks(
  File "/Users/swarnalidatta/Desktop/AutoQueryChatbot/.airflow-venv/lib/python3.12/site-packages/airflow/models/taskinstance.py", line 3161, in _execute_task_with_callbacks
    result = self._execute_task(context, task_orig)
             ^^^^^^^^^^^^^^^^^^^^^^^^^^^^^^^^^^^^^^
  File "/Users/swarnalidatta/Desktop/AutoQueryChatbot/.airflow-venv/lib/python3.12/site-packages/airflow/models/taskinstance.py", line 3185, in _execute_task
    return _execute_task(self, context, task_orig)
           ^^^^^^^^^^^^^^^^^^^^^^^^^^^^^^^^^^^^^^^
  File "/Users/swarnalidatta/Desktop/AutoQueryChatbot/.airflow-venv/lib/python3.12/site-packages/airflow/models/taskinstance.py", line 768, in _execute_task
    result = _execute_callable(context=context, **execute_callable_kwargs)
             ^^^^^^^^^^^^^^^^^^^^^^^^^^^^^^^^^^^^^^^^^^^^^^^^^^^^^^^^^^^^^
  File "/Users/swarnalidatta/Desktop/AutoQueryChatbot/.airflow-venv/lib/python3.12/site-packages/airflow/models/taskinstance.py", line 734, in _execute_callable
    return ExecutionCallableRunner(
           ^^^^^^^^^^^^^^^^^^^^^^^^
  File "/Users/swarnalidatta/Desktop/AutoQueryChatbot/.airflow-venv/lib/python3.12/site-packages/airflow/utils/operator_helpers.py", line 252, in run
    return self.func(*args, **kwargs)
           ^^^^^^^^^^^^^^^^^^^^^^^^^^
  File "/Users/swarnalidatta/Desktop/AutoQueryChatbot/.airflow-venv/lib/python3.12/site-packages/airflow/models/baseoperator.py", line 424, in wrapper
    return func(self, *args, **kwargs)
           ^^^^^^^^^^^^^^^^^^^^^^^^^^^
  File "/Users/swarnalidatta/Desktop/AutoQueryChatbot/.airflow-venv/lib/python3.12/site-packages/airflow/sensors/base.py", line 326, in execute
    raise AirflowSensorTimeout(message)
airflow.exceptions.AirflowSensorTimeout: Sensor has timed out; run duration of 3607.2238 seconds exceeds the specified timeout of 3600.0.
[2026-09-05T21:52:36.884+0200] {local_task_job_runner.py:266} INFO - Task exited with return code 1
[2026-09-05T21:52:36.891+0200] {taskinstance.py:3901} INFO - 0 downstream tasks scheduled from follow-on schedule check
[2026-09-05T21:52:36.892+0200] {local_task_job_runner.py:245} INFO - ::endgroup::
