[2026-09-05T20:27:03.028+0200] {local_task_job_runner.py:123} INFO - ::group::Pre task execution logs
[2026-09-05T20:27:03.032+0200] {taskinstance.py:2614} INFO - Dependencies all met for dep_context=non-requeueable deps ti=<TaskInstance: mini_riskagent_file_ingestion.wait_for_csv scheduled__2026-09-05T18:25:00+00:00 [queued]>
[2026-09-05T20:27:03.035+0200] {taskinstance.py:2614} INFO - Dependencies all met for dep_context=requeueable deps ti=<TaskInstance: mini_riskagent_file_ingestion.wait_for_csv scheduled__2026-09-05T18:25:00+00:00 [queued]>
[2026-09-05T20:27:03.035+0200] {taskinstance.py:2867} INFO - Starting attempt 1 of 2
[2026-09-05T20:27:03.038+0200] {taskinstance.py:2890} INFO - Executing <Task(PythonSensor): wait_for_csv> on 2026-09-05 18:25:00+00:00
[2026-09-05T20:27:03.044+0200] {logging_mixin.py:190} WARNING - /Users/swarnalidatta/Desktop/AutoQueryChatbot/.airflow-venv/lib/python3.12/site-packages/airflow/task/task_runner/standard_task_runner.py:70 DeprecationWarning: This process (pid=47234) is multi-threaded, use of fork() may lead to deadlocks in the child.
[2026-09-05T20:27:03.045+0200] {standard_task_runner.py:72} INFO - Started process 47236 to run task
[2026-09-05T20:27:03.046+0200] {standard_task_runner.py:104} INFO - Running: ['airflow', 'tasks', 'run', 'mini_riskagent_file_ingestion', 'wait_for_csv', 'scheduled__2026-09-05T18:25:00+00:00', '--job-id', '2749', '--raw', '--subdir', 'DAGS_FOLDER/data_ingest_pipeline.py', '--cfg-path', '/var/folders/5p/201rr1sj03g8gksxm9x48mbh0000gn/T/tmpvuf4teji']
[2026-09-05T20:27:03.047+0200] {standard_task_runner.py:105} INFO - Job 2749: Subtask wait_for_csv
[2026-09-05T20:27:03.067+0200] {task_command.py:467} INFO - Running <TaskInstance: mini_riskagent_file_ingestion.wait_for_csv scheduled__2026-09-05T18:25:00+00:00 [running]> on host mac.home
[2026-09-05T20:27:03.095+0200] {taskinstance.py:3134} INFO - Exporting env vars: AIRFLOW_CTX_DAG_OWNER='autoquery' AIRFLOW_CTX_DAG_ID='mini_riskagent_file_ingestion' AIRFLOW_CTX_TASK_ID='wait_for_csv' AIRFLOW_CTX_EXECUTION_DATE='2026-09-05T18:25:00+00:00' AIRFLOW_CTX_TRY_NUMBER='1' AIRFLOW_CTX_DAG_RUN_ID='scheduled__2026-09-05T18:25:00+00:00'
[2026-09-05T20:27:03.095+0200] {logging_mixin.py:190} INFO - Task instance is in running state
[2026-09-05T20:27:03.095+0200] {logging_mixin.py:190} INFO -  Previous state of the Task instance: queued
[2026-09-05T20:27:03.096+0200] {logging_mixin.py:190} INFO - Current task name:wait_for_csv state:running start_date:2026-09-05 18:27:03.032118+00:00
[2026-09-05T20:27:03.096+0200] {logging_mixin.py:190} INFO - Dag name:mini_riskagent_file_ingestion and current dag run status:running
[2026-09-05T20:27:03.096+0200] {taskinstance.py:732} INFO - ::endgroup::
[2026-09-05T20:27:03.098+0200] {python.py:75} INFO - Poking callable: <function check_for_csv_files at 0x10c82eb60>
[2026-09-05T20:27:03.104+0200] {taskinstance.py:310} INFO - Rescheduling task, marking task as UP_FOR_RESCHEDULE
[2026-09-05T20:27:03.104+0200] {taskinstance.py:341} INFO - ::group::Post task execution logs
[2026-09-05T20:27:03.142+0200] {local_task_job_runner.py:266} INFO - Task exited with return code 0
[2026-09-05T20:27:03.151+0200] {taskinstance.py:3901} INFO - 0 downstream tasks scheduled from follow-on schedule check
[2026-09-05T20:27:03.151+0200] {local_task_job_runner.py:245} INFO - ::endgroup::
[2026-09-05T20:27:34.304+0200] {local_task_job_runner.py:123} INFO - ::group::Pre task execution logs
[2026-09-05T20:27:34.307+0200] {taskinstance.py:2614} INFO - Dependencies all met for dep_context=non-requeueable deps ti=<TaskInstance: mini_riskagent_file_ingestion.wait_for_csv scheduled__2026-09-05T18:25:00+00:00 [queued]>
[2026-09-05T20:27:34.309+0200] {taskinstance.py:2614} INFO - Dependencies all met for dep_context=requeueable deps ti=<TaskInstance: mini_riskagent_file_ingestion.wait_for_csv scheduled__2026-09-05T18:25:00+00:00 [queued]>
[2026-09-05T20:27:34.309+0200] {taskinstance.py:2867} INFO - Starting attempt 1 of 2
[2026-09-05T20:27:34.312+0200] {taskinstance.py:2890} INFO - Executing <Task(PythonSensor): wait_for_csv> on 2026-09-05 18:25:00+00:00
[2026-09-05T20:27:34.316+0200] {logging_mixin.py:190} WARNING - /Users/swarnalidatta/Desktop/AutoQueryChatbot/.airflow-venv/lib/python3.12/site-packages/airflow/task/task_runner/standard_task_runner.py:70 DeprecationWarning: This process (pid=47304) is multi-threaded, use of fork() may lead to deadlocks in the child.
[2026-09-05T20:27:34.317+0200] {standard_task_runner.py:72} INFO - Started process 47306 to run task
[2026-09-05T20:27:34.316+0200] {standard_task_runner.py:104} INFO - Running: ['airflow', 'tasks', 'run', 'mini_riskagent_file_ingestion', 'wait_for_csv', 'scheduled__2026-09-05T18:25:00+00:00', '--job-id', '2752', '--raw', '--subdir', 'DAGS_FOLDER/data_ingest_pipeline.py', '--cfg-path', '/var/folders/5p/201rr1sj03g8gksxm9x48mbh0000gn/T/tmpuqhc1g0i']
[2026-09-05T20:27:34.317+0200] {standard_task_runner.py:105} INFO - Job 2752: Subtask wait_for_csv
[2026-09-05T20:27:34.331+0200] {task_command.py:467} INFO - Running <TaskInstance: mini_riskagent_file_ingestion.wait_for_csv scheduled__2026-09-05T18:25:00+00:00 [running]> on host mac.home
[2026-09-05T20:27:34.346+0200] {taskinstance.py:3134} INFO - Exporting env vars: AIRFLOW_CTX_DAG_OWNER='autoquery' AIRFLOW_CTX_DAG_ID='mini_riskagent_file_ingestion' AIRFLOW_CTX_TASK_ID='wait_for_csv' AIRFLOW_CTX_EXECUTION_DATE='2026-09-05T18:25:00+00:00' AIRFLOW_CTX_TRY_NUMBER='1' AIRFLOW_CTX_DAG_RUN_ID='scheduled__2026-09-05T18:25:00+00:00'
[2026-09-05T20:27:34.347+0200] {logging_mixin.py:190} INFO - Task instance is in running state
[2026-09-05T20:27:34.347+0200] {logging_mixin.py:190} INFO -  Previous state of the Task instance: queued
[2026-09-05T20:27:34.347+0200] {logging_mixin.py:190} INFO - Current task name:wait_for_csv state:running start_date:2026-09-05 18:27:34.307912+00:00
[2026-09-05T20:27:34.347+0200] {logging_mixin.py:190} INFO - Dag name:mini_riskagent_file_ingestion and current dag run status:running
[2026-09-05T20:27:34.347+0200] {taskinstance.py:732} INFO - ::endgroup::
[2026-09-05T20:27:34.349+0200] {python.py:75} INFO - Poking callable: <function check_for_csv_files at 0x10cbeab60>
[2026-09-05T20:27:34.349+0200] {base.py:339} INFO - Success criteria met. Exiting.
[2026-09-05T20:27:34.350+0200] {taskinstance.py:341} INFO - ::group::Post task execution logs
[2026-09-05T20:27:34.351+0200] {taskinstance.py:353} INFO - Marking task as SUCCESS. dag_id=mini_riskagent_file_ingestion, task_id=wait_for_csv, run_id=scheduled__2026-09-05T18:25:00+00:00, execution_date=20260905T182500, start_date=20260905T182734, end_date=20260905T182734
[2026-09-05T20:27:34.354+0200] {logging_mixin.py:190} INFO - Task instance in success state
[2026-09-05T20:27:34.354+0200] {logging_mixin.py:190} INFO -  Previous state of the Task instance: running
[2026-09-05T20:27:34.355+0200] {logging_mixin.py:190} INFO - Dag name:mini_riskagent_file_ingestion queued_at:2026-09-05 18:27:02.028442+00:00
[2026-09-05T20:27:34.355+0200] {logging_mixin.py:190} INFO - Task hostname:mac.home operator:PythonSensor
[2026-09-05T20:27:34.372+0200] {local_task_job_runner.py:266} INFO - Task exited with return code 0
[2026-09-05T20:27:34.380+0200] {taskinstance.py:3901} INFO - 1 downstream tasks scheduled from follow-on schedule check
[2026-09-05T20:27:34.380+0200] {local_task_job_runner.py:245} INFO - ::endgroup::
