[2026-09-17T20:25:31.396+0200] {local_task_job_runner.py:123} INFO - ::group::Pre task execution logs
[2026-09-17T20:25:31.400+0200] {taskinstance.py:2614} INFO - Dependencies all met for dep_context=non-requeueable deps ti=<TaskInstance: mini_riskagent_file_ingestion.load_data_to_all_staging_tables scheduled__2026-09-17T18:20:00+00:00 [queued]>
[2026-09-17T20:25:31.402+0200] {taskinstance.py:2614} INFO - Dependencies all met for dep_context=requeueable deps ti=<TaskInstance: mini_riskagent_file_ingestion.load_data_to_all_staging_tables scheduled__2026-09-17T18:20:00+00:00 [queued]>
[2026-09-17T20:25:31.402+0200] {taskinstance.py:2867} INFO - Starting attempt 2 of 2
[2026-09-17T20:25:31.405+0200] {taskinstance.py:2890} INFO - Executing <Task(PythonOperator): load_data_to_all_staging_tables> on 2026-09-17 18:20:00+00:00
[2026-09-17T20:25:31.409+0200] {standard_task_runner.py:104} INFO - Running: ['airflow', 'tasks', 'run', 'mini_riskagent_file_ingestion', 'load_data_to_all_staging_tables', 'scheduled__2026-09-17T18:20:00+00:00', '--job-id', '4315', '--raw', '--subdir', 'DAGS_FOLDER/data_ingest_pipeline.py', '--cfg-path', '/var/folders/5p/201rr1sj03g8gksxm9x48mbh0000gn/T/tmp5ifc30s0']
[2026-09-17T20:25:31.410+0200] {standard_task_runner.py:105} INFO - Job 4315: Subtask load_data_to_all_staging_tables
[2026-09-17T20:25:31.410+0200] {logging_mixin.py:190} WARNING - /Users/swarnalidatta/Desktop/AutoQueryChatbot/.airflow-venv/lib/python3.12/site-packages/airflow/task/task_runner/standard_task_runner.py:70 DeprecationWarning: This process (pid=85145) is multi-threaded, use of fork() may lead to deadlocks in the child.
[2026-09-17T20:25:31.411+0200] {standard_task_runner.py:72} INFO - Started process 85147 to run task
[2026-09-17T20:25:31.424+0200] {task_command.py:467} INFO - Running <TaskInstance: mini_riskagent_file_ingestion.load_data_to_all_staging_tables scheduled__2026-09-17T18:20:00+00:00 [running]> on host mac.home
[2026-09-17T20:25:31.442+0200] {taskinstance.py:3134} INFO - Exporting env vars: AIRFLOW_CTX_DAG_OWNER='autoquery' AIRFLOW_CTX_DAG_ID='mini_riskagent_file_ingestion' AIRFLOW_CTX_TASK_ID='load_data_to_all_staging_tables' AIRFLOW_CTX_EXECUTION_DATE='2026-09-17T18:20:00+00:00' AIRFLOW_CTX_TRY_NUMBER='2' AIRFLOW_CTX_DAG_RUN_ID='scheduled__2026-09-17T18:20:00+00:00'
[2026-09-17T20:25:31.442+0200] {logging_mixin.py:190} INFO - Task instance is in running state
[2026-09-17T20:25:31.443+0200] {logging_mixin.py:190} INFO -  Previous state of the Task instance: queued
[2026-09-17T20:25:31.443+0200] {logging_mixin.py:190} INFO - Current task name:load_data_to_all_staging_tables state:running start_date:2026-09-17 18:25:31.400401+00:00
[2026-09-17T20:25:31.443+0200] {logging_mixin.py:190} INFO - Dag name:mini_riskagent_file_ingestion and current dag run status:running
[2026-09-17T20:25:31.443+0200] {taskinstance.py:732} INFO - ::endgroup::
[2026-09-17T20:25:31.453+0200] {python.py:240} INFO - Done. Returned value was: None
[2026-09-17T20:25:31.455+0200] {taskinstance.py:341} INFO - ::group::Post task execution logs
[2026-09-17T20:25:31.455+0200] {taskinstance.py:353} INFO - Marking task as SUCCESS. dag_id=mini_riskagent_file_ingestion, task_id=load_data_to_all_staging_tables, run_id=scheduled__2026-09-17T18:20:00+00:00, execution_date=20260917T182000, start_date=20260917T182531, end_date=20260917T182531
[2026-09-17T20:25:31.459+0200] {logging_mixin.py:190} INFO - Task instance in success state
[2026-09-17T20:25:31.459+0200] {logging_mixin.py:190} INFO -  Previous state of the Task instance: running
[2026-09-17T20:25:31.460+0200] {logging_mixin.py:190} INFO - Dag name:mini_riskagent_file_ingestion queued_at:2026-09-17 18:21:02.640459+00:00
[2026-09-17T20:25:31.460+0200] {logging_mixin.py:190} INFO - Task hostname:mac.home operator:PythonOperator
[2026-09-17T20:25:31.466+0200] {local_task_job_runner.py:266} INFO - Task exited with return code 0
[2026-09-17T20:25:31.473+0200] {taskinstance.py:3901} INFO - 1 downstream tasks scheduled from follow-on schedule check
[2026-09-17T20:25:31.473+0200] {local_task_job_runner.py:245} INFO - ::endgroup::
