[2026-09-17T19:29:03.406+0200] {local_task_job_runner.py:123} INFO - ::group::Pre task execution logs
[2026-09-17T19:29:03.409+0200] {taskinstance.py:2614} INFO - Dependencies all met for dep_context=non-requeueable deps ti=<TaskInstance: mini_riskagent_file_ingestion.wait_for_csv scheduled__2026-09-17T17:28:00+00:00 [queued]>
[2026-09-17T19:29:03.410+0200] {taskinstance.py:2614} INFO - Dependencies all met for dep_context=requeueable deps ti=<TaskInstance: mini_riskagent_file_ingestion.wait_for_csv scheduled__2026-09-17T17:28:00+00:00 [queued]>
[2026-09-17T19:29:03.410+0200] {taskinstance.py:2867} INFO - Starting attempt 1 of 2
[2026-09-17T19:29:03.413+0200] {taskinstance.py:2890} INFO - Executing <Task(PythonSensor): wait_for_csv> on 2026-09-17 17:28:00+00:00
[2026-09-17T19:29:03.418+0200] {logging_mixin.py:190} WARNING - /Users/swarnalidatta/Desktop/AutoQueryChatbot/.airflow-venv/lib/python3.12/site-packages/airflow/task/task_runner/standard_task_runner.py:70 DeprecationWarning: This process (pid=75330) is multi-threaded, use of fork() may lead to deadlocks in the child.
[2026-09-17T19:29:03.418+0200] {standard_task_runner.py:72} INFO - Started process 75332 to run task
[2026-09-17T19:29:03.417+0200] {standard_task_runner.py:104} INFO - Running: ['airflow', 'tasks', 'run', 'mini_riskagent_file_ingestion', 'wait_for_csv', 'scheduled__2026-09-17T17:28:00+00:00', '--job-id', '3284', '--raw', '--subdir', 'DAGS_FOLDER/data_ingest_pipeline.py', '--cfg-path', '/var/folders/5p/201rr1sj03g8gksxm9x48mbh0000gn/T/tmprvrnjkwt']
[2026-09-17T19:29:03.418+0200] {standard_task_runner.py:105} INFO - Job 3284: Subtask wait_for_csv
[2026-09-17T19:29:03.432+0200] {task_command.py:467} INFO - Running <TaskInstance: mini_riskagent_file_ingestion.wait_for_csv scheduled__2026-09-17T17:28:00+00:00 [running]> on host mac.home
[2026-09-17T19:29:03.448+0200] {taskinstance.py:3134} INFO - Exporting env vars: AIRFLOW_CTX_DAG_OWNER='autoquery' AIRFLOW_CTX_DAG_ID='mini_riskagent_file_ingestion' AIRFLOW_CTX_TASK_ID='wait_for_csv' AIRFLOW_CTX_EXECUTION_DATE='2026-09-17T17:28:00+00:00' AIRFLOW_CTX_TRY_NUMBER='1' AIRFLOW_CTX_DAG_RUN_ID='scheduled__2026-09-17T17:28:00+00:00'
[2026-09-17T19:29:03.448+0200] {logging_mixin.py:190} INFO - Task instance is in running state
[2026-09-17T19:29:03.448+0200] {logging_mixin.py:190} INFO -  Previous state of the Task instance: queued
[2026-09-17T19:29:03.448+0200] {logging_mixin.py:190} INFO - Current task name:wait_for_csv state:running start_date:2026-09-17 17:29:03.409553+00:00
[2026-09-17T19:29:03.449+0200] {logging_mixin.py:190} INFO - Dag name:mini_riskagent_file_ingestion and current dag run status:running
[2026-09-17T19:29:03.449+0200] {taskinstance.py:732} INFO - ::endgroup::
[2026-09-17T19:29:03.450+0200] {python.py:75} INFO - Poking callable: <function check_for_csv_files at 0x1116eab60>
[2026-09-17T19:29:03.453+0200] {taskinstance.py:310} INFO - Rescheduling task, marking task as UP_FOR_RESCHEDULE
[2026-09-17T19:29:03.453+0200] {taskinstance.py:341} INFO - ::group::Post task execution logs
[2026-09-17T19:29:03.474+0200] {local_task_job_runner.py:266} INFO - Task exited with return code 0
[2026-09-17T19:29:03.480+0200] {taskinstance.py:3901} INFO - 0 downstream tasks scheduled from follow-on schedule check
[2026-09-17T19:29:03.480+0200] {local_task_job_runner.py:245} INFO - ::endgroup::
[2026-09-17T19:29:35.296+0200] {local_task_job_runner.py:123} INFO - ::group::Pre task execution logs
[2026-09-17T19:29:35.299+0200] {taskinstance.py:2614} INFO - Dependencies all met for dep_context=non-requeueable deps ti=<TaskInstance: mini_riskagent_file_ingestion.wait_for_csv scheduled__2026-09-17T17:28:00+00:00 [queued]>
[2026-09-17T19:29:35.300+0200] {taskinstance.py:2614} INFO - Dependencies all met for dep_context=requeueable deps ti=<TaskInstance: mini_riskagent_file_ingestion.wait_for_csv scheduled__2026-09-17T17:28:00+00:00 [queued]>
[2026-09-17T19:29:35.300+0200] {taskinstance.py:2867} INFO - Starting attempt 1 of 2
[2026-09-17T19:29:35.304+0200] {taskinstance.py:2890} INFO - Executing <Task(PythonSensor): wait_for_csv> on 2026-09-17 17:28:00+00:00
[2026-09-17T19:29:35.308+0200] {logging_mixin.py:190} WARNING - /Users/swarnalidatta/Desktop/AutoQueryChatbot/.airflow-venv/lib/python3.12/site-packages/airflow/task/task_runner/standard_task_runner.py:70 DeprecationWarning: This process (pid=75438) is multi-threaded, use of fork() may lead to deadlocks in the child.
[2026-09-17T19:29:35.308+0200] {standard_task_runner.py:72} INFO - Started process 75440 to run task
[2026-09-17T19:29:35.307+0200] {standard_task_runner.py:104} INFO - Running: ['airflow', 'tasks', 'run', 'mini_riskagent_file_ingestion', 'wait_for_csv', 'scheduled__2026-09-17T17:28:00+00:00', '--job-id', '3292', '--raw', '--subdir', 'DAGS_FOLDER/data_ingest_pipeline.py', '--cfg-path', '/var/folders/5p/201rr1sj03g8gksxm9x48mbh0000gn/T/tmp9krxg1w9']
[2026-09-17T19:29:35.308+0200] {standard_task_runner.py:105} INFO - Job 3292: Subtask wait_for_csv
[2026-09-17T19:29:35.322+0200] {task_command.py:467} INFO - Running <TaskInstance: mini_riskagent_file_ingestion.wait_for_csv scheduled__2026-09-17T17:28:00+00:00 [running]> on host mac.home
[2026-09-17T19:29:35.338+0200] {taskinstance.py:3134} INFO - Exporting env vars: AIRFLOW_CTX_DAG_OWNER='autoquery' AIRFLOW_CTX_DAG_ID='mini_riskagent_file_ingestion' AIRFLOW_CTX_TASK_ID='wait_for_csv' AIRFLOW_CTX_EXECUTION_DATE='2026-09-17T17:28:00+00:00' AIRFLOW_CTX_TRY_NUMBER='1' AIRFLOW_CTX_DAG_RUN_ID='scheduled__2026-09-17T17:28:00+00:00'
[2026-09-17T19:29:35.339+0200] {logging_mixin.py:190} INFO - Task instance is in running state
[2026-09-17T19:29:35.339+0200] {logging_mixin.py:190} INFO -  Previous state of the Task instance: queued
[2026-09-17T19:29:35.339+0200] {logging_mixin.py:190} INFO - Current task name:wait_for_csv state:running start_date:2026-09-17 17:29:35.299551+00:00
[2026-09-17T19:29:35.339+0200] {logging_mixin.py:190} INFO - Dag name:mini_riskagent_file_ingestion and current dag run status:running
[2026-09-17T19:29:35.340+0200] {taskinstance.py:732} INFO - ::endgroup::
[2026-09-17T19:29:35.341+0200] {python.py:75} INFO - Poking callable: <function check_for_csv_files at 0x10cb3eb60>
[2026-09-17T19:29:35.344+0200] {taskinstance.py:310} INFO - Rescheduling task, marking task as UP_FOR_RESCHEDULE
[2026-09-17T19:29:35.345+0200] {taskinstance.py:341} INFO - ::group::Post task execution logs
[2026-09-17T19:29:35.364+0200] {local_task_job_runner.py:266} INFO - Task exited with return code 0
[2026-09-17T19:29:35.371+0200] {taskinstance.py:3901} INFO - 0 downstream tasks scheduled from follow-on schedule check
[2026-09-17T19:29:35.371+0200] {local_task_job_runner.py:245} INFO - ::endgroup::
[2026-09-17T19:30:07.655+0200] {local_task_job_runner.py:123} INFO - ::group::Pre task execution logs
[2026-09-17T19:30:07.658+0200] {taskinstance.py:2614} INFO - Dependencies all met for dep_context=non-requeueable deps ti=<TaskInstance: mini_riskagent_file_ingestion.wait_for_csv scheduled__2026-09-17T17:28:00+00:00 [queued]>
[2026-09-17T19:30:07.659+0200] {taskinstance.py:2614} INFO - Dependencies all met for dep_context=requeueable deps ti=<TaskInstance: mini_riskagent_file_ingestion.wait_for_csv scheduled__2026-09-17T17:28:00+00:00 [queued]>
[2026-09-17T19:30:07.659+0200] {taskinstance.py:2867} INFO - Starting attempt 1 of 2
[2026-09-17T19:30:07.662+0200] {taskinstance.py:2890} INFO - Executing <Task(PythonSensor): wait_for_csv> on 2026-09-17 17:28:00+00:00
[2026-09-17T19:30:07.666+0200] {logging_mixin.py:190} WARNING - /Users/swarnalidatta/Desktop/AutoQueryChatbot/.airflow-venv/lib/python3.12/site-packages/airflow/task/task_runner/standard_task_runner.py:70 DeprecationWarning: This process (pid=75530) is multi-threaded, use of fork() may lead to deadlocks in the child.
[2026-09-17T19:30:07.667+0200] {standard_task_runner.py:72} INFO - Started process 75532 to run task
[2026-09-17T19:30:07.666+0200] {standard_task_runner.py:104} INFO - Running: ['airflow', 'tasks', 'run', 'mini_riskagent_file_ingestion', 'wait_for_csv', 'scheduled__2026-09-17T17:28:00+00:00', '--job-id', '3301', '--raw', '--subdir', 'DAGS_FOLDER/data_ingest_pipeline.py', '--cfg-path', '/var/folders/5p/201rr1sj03g8gksxm9x48mbh0000gn/T/tmpndde460k']
[2026-09-17T19:30:07.667+0200] {standard_task_runner.py:105} INFO - Job 3301: Subtask wait_for_csv
[2026-09-17T19:30:07.681+0200] {task_command.py:467} INFO - Running <TaskInstance: mini_riskagent_file_ingestion.wait_for_csv scheduled__2026-09-17T17:28:00+00:00 [running]> on host mac.home
[2026-09-17T19:30:07.697+0200] {taskinstance.py:3134} INFO - Exporting env vars: AIRFLOW_CTX_DAG_OWNER='autoquery' AIRFLOW_CTX_DAG_ID='mini_riskagent_file_ingestion' AIRFLOW_CTX_TASK_ID='wait_for_csv' AIRFLOW_CTX_EXECUTION_DATE='2026-09-17T17:28:00+00:00' AIRFLOW_CTX_TRY_NUMBER='1' AIRFLOW_CTX_DAG_RUN_ID='scheduled__2026-09-17T17:28:00+00:00'
[2026-09-17T19:30:07.697+0200] {logging_mixin.py:190} INFO - Task instance is in running state
[2026-09-17T19:30:07.697+0200] {logging_mixin.py:190} INFO -  Previous state of the Task instance: queued
[2026-09-17T19:30:07.698+0200] {logging_mixin.py:190} INFO - Current task name:wait_for_csv state:running start_date:2026-09-17 17:30:07.658093+00:00
[2026-09-17T19:30:07.698+0200] {logging_mixin.py:190} INFO - Dag name:mini_riskagent_file_ingestion and current dag run status:running
[2026-09-17T19:30:07.698+0200] {taskinstance.py:732} INFO - ::endgroup::
[2026-09-17T19:30:07.699+0200] {python.py:75} INFO - Poking callable: <function check_for_csv_files at 0x10bd26b60>
[2026-09-17T19:30:07.703+0200] {taskinstance.py:310} INFO - Rescheduling task, marking task as UP_FOR_RESCHEDULE
[2026-09-17T19:30:07.703+0200] {taskinstance.py:341} INFO - ::group::Post task execution logs
[2026-09-17T19:30:07.722+0200] {local_task_job_runner.py:266} INFO - Task exited with return code 0
[2026-09-17T19:30:07.729+0200] {taskinstance.py:3901} INFO - 0 downstream tasks scheduled from follow-on schedule check
[2026-09-17T19:30:07.729+0200] {local_task_job_runner.py:245} INFO - ::endgroup::
[2026-09-17T19:30:39.973+0200] {local_task_job_runner.py:123} INFO - ::group::Pre task execution logs
[2026-09-17T19:30:39.975+0200] {taskinstance.py:2614} INFO - Dependencies all met for dep_context=non-requeueable deps ti=<TaskInstance: mini_riskagent_file_ingestion.wait_for_csv scheduled__2026-09-17T17:28:00+00:00 [queued]>
[2026-09-17T19:30:39.977+0200] {taskinstance.py:2614} INFO - Dependencies all met for dep_context=requeueable deps ti=<TaskInstance: mini_riskagent_file_ingestion.wait_for_csv scheduled__2026-09-17T17:28:00+00:00 [queued]>
[2026-09-17T19:30:39.977+0200] {taskinstance.py:2867} INFO - Starting attempt 1 of 2
[2026-09-17T19:30:39.980+0200] {taskinstance.py:2890} INFO - Executing <Task(PythonSensor): wait_for_csv> on 2026-09-17 17:28:00+00:00
[2026-09-17T19:30:39.985+0200] {logging_mixin.py:190} WARNING - /Users/swarnalidatta/Desktop/AutoQueryChatbot/.airflow-venv/lib/python3.12/site-packages/airflow/task/task_runner/standard_task_runner.py:70 DeprecationWarning: This process (pid=75620) is multi-threaded, use of fork() may lead to deadlocks in the child.
[2026-09-17T19:30:39.985+0200] {standard_task_runner.py:72} INFO - Started process 75626 to run task
[2026-09-17T19:30:39.984+0200] {standard_task_runner.py:104} INFO - Running: ['airflow', 'tasks', 'run', 'mini_riskagent_file_ingestion', 'wait_for_csv', 'scheduled__2026-09-17T17:28:00+00:00', '--job-id', '3310', '--raw', '--subdir', 'DAGS_FOLDER/data_ingest_pipeline.py', '--cfg-path', '/var/folders/5p/201rr1sj03g8gksxm9x48mbh0000gn/T/tmpmrr1wei8']
[2026-09-17T19:30:39.985+0200] {standard_task_runner.py:105} INFO - Job 3310: Subtask wait_for_csv
[2026-09-17T19:30:39.998+0200] {task_command.py:467} INFO - Running <TaskInstance: mini_riskagent_file_ingestion.wait_for_csv scheduled__2026-09-17T17:28:00+00:00 [running]> on host mac.home
[2026-09-17T19:30:40.014+0200] {taskinstance.py:3134} INFO - Exporting env vars: AIRFLOW_CTX_DAG_OWNER='autoquery' AIRFLOW_CTX_DAG_ID='mini_riskagent_file_ingestion' AIRFLOW_CTX_TASK_ID='wait_for_csv' AIRFLOW_CTX_EXECUTION_DATE='2026-09-17T17:28:00+00:00' AIRFLOW_CTX_TRY_NUMBER='1' AIRFLOW_CTX_DAG_RUN_ID='scheduled__2026-09-17T17:28:00+00:00'
[2026-09-17T19:30:40.015+0200] {logging_mixin.py:190} INFO - Task instance is in running state
[2026-09-17T19:30:40.015+0200] {logging_mixin.py:190} INFO -  Previous state of the Task instance: queued
[2026-09-17T19:30:40.015+0200] {logging_mixin.py:190} INFO - Current task name:wait_for_csv state:running start_date:2026-09-17 17:30:39.975977+00:00
[2026-09-17T19:30:40.015+0200] {logging_mixin.py:190} INFO - Dag name:mini_riskagent_file_ingestion and current dag run status:running
[2026-09-17T19:30:40.015+0200] {taskinstance.py:732} INFO - ::endgroup::
[2026-09-17T19:30:40.017+0200] {python.py:75} INFO - Poking callable: <function check_for_csv_files at 0x10abcab60>
[2026-09-17T19:30:40.020+0200] {taskinstance.py:310} INFO - Rescheduling task, marking task as UP_FOR_RESCHEDULE
[2026-09-17T19:30:40.020+0200] {taskinstance.py:341} INFO - ::group::Post task execution logs
[2026-09-17T19:30:40.041+0200] {local_task_job_runner.py:266} INFO - Task exited with return code 0
[2026-09-17T19:30:40.047+0200] {taskinstance.py:3901} INFO - 0 downstream tasks scheduled from follow-on schedule check
[2026-09-17T19:30:40.047+0200] {local_task_job_runner.py:245} INFO - ::endgroup::
[2026-09-17T19:31:11.918+0200] {local_task_job_runner.py:123} INFO - ::group::Pre task execution logs
[2026-09-17T19:31:11.920+0200] {taskinstance.py:2614} INFO - Dependencies all met for dep_context=non-requeueable deps ti=<TaskInstance: mini_riskagent_file_ingestion.wait_for_csv scheduled__2026-09-17T17:28:00+00:00 [queued]>
[2026-09-17T19:31:11.922+0200] {taskinstance.py:2614} INFO - Dependencies all met for dep_context=requeueable deps ti=<TaskInstance: mini_riskagent_file_ingestion.wait_for_csv scheduled__2026-09-17T17:28:00+00:00 [queued]>
[2026-09-17T19:31:11.922+0200] {taskinstance.py:2867} INFO - Starting attempt 1 of 2
[2026-09-17T19:31:11.925+0200] {taskinstance.py:2890} INFO - Executing <Task(PythonSensor): wait_for_csv> on 2026-09-17 17:28:00+00:00
[2026-09-17T19:31:11.929+0200] {logging_mixin.py:190} WARNING - /Users/swarnalidatta/Desktop/AutoQueryChatbot/.airflow-venv/lib/python3.12/site-packages/airflow/task/task_runner/standard_task_runner.py:70 DeprecationWarning: This process (pid=75721) is multi-threaded, use of fork() may lead to deadlocks in the child.
[2026-09-17T19:31:11.929+0200] {standard_task_runner.py:72} INFO - Started process 75723 to run task
[2026-09-17T19:31:11.929+0200] {standard_task_runner.py:104} INFO - Running: ['airflow', 'tasks', 'run', 'mini_riskagent_file_ingestion', 'wait_for_csv', 'scheduled__2026-09-17T17:28:00+00:00', '--job-id', '3320', '--raw', '--subdir', 'DAGS_FOLDER/data_ingest_pipeline.py', '--cfg-path', '/var/folders/5p/201rr1sj03g8gksxm9x48mbh0000gn/T/tmpyu84b0nr']
[2026-09-17T19:31:11.930+0200] {standard_task_runner.py:105} INFO - Job 3320: Subtask wait_for_csv
[2026-09-17T19:31:11.944+0200] {task_command.py:467} INFO - Running <TaskInstance: mini_riskagent_file_ingestion.wait_for_csv scheduled__2026-09-17T17:28:00+00:00 [running]> on host mac.home
[2026-09-17T19:31:11.960+0200] {taskinstance.py:3134} INFO - Exporting env vars: AIRFLOW_CTX_DAG_OWNER='autoquery' AIRFLOW_CTX_DAG_ID='mini_riskagent_file_ingestion' AIRFLOW_CTX_TASK_ID='wait_for_csv' AIRFLOW_CTX_EXECUTION_DATE='2026-09-17T17:28:00+00:00' AIRFLOW_CTX_TRY_NUMBER='1' AIRFLOW_CTX_DAG_RUN_ID='scheduled__2026-09-17T17:28:00+00:00'
[2026-09-17T19:31:11.960+0200] {logging_mixin.py:190} INFO - Task instance is in running state
[2026-09-17T19:31:11.961+0200] {logging_mixin.py:190} INFO -  Previous state of the Task instance: queued
[2026-09-17T19:31:11.961+0200] {logging_mixin.py:190} INFO - Current task name:wait_for_csv state:running start_date:2026-09-17 17:31:11.921020+00:00
[2026-09-17T19:31:11.961+0200] {logging_mixin.py:190} INFO - Dag name:mini_riskagent_file_ingestion and current dag run status:running
[2026-09-17T19:31:11.961+0200] {taskinstance.py:732} INFO - ::endgroup::
[2026-09-17T19:31:11.963+0200] {python.py:75} INFO - Poking callable: <function check_for_csv_files at 0x1094feb60>
[2026-09-17T19:31:11.966+0200] {taskinstance.py:310} INFO - Rescheduling task, marking task as UP_FOR_RESCHEDULE
[2026-09-17T19:31:11.966+0200] {taskinstance.py:341} INFO - ::group::Post task execution logs
[2026-09-17T19:31:11.985+0200] {local_task_job_runner.py:266} INFO - Task exited with return code 0
[2026-09-17T19:31:11.992+0200] {taskinstance.py:3901} INFO - 0 downstream tasks scheduled from follow-on schedule check
[2026-09-17T19:31:11.992+0200] {local_task_job_runner.py:245} INFO - ::endgroup::
[2026-09-17T19:31:43.309+0200] {local_task_job_runner.py:123} INFO - ::group::Pre task execution logs
[2026-09-17T19:31:43.311+0200] {taskinstance.py:2614} INFO - Dependencies all met for dep_context=non-requeueable deps ti=<TaskInstance: mini_riskagent_file_ingestion.wait_for_csv scheduled__2026-09-17T17:28:00+00:00 [queued]>
[2026-09-17T19:31:43.313+0200] {taskinstance.py:2614} INFO - Dependencies all met for dep_context=requeueable deps ti=<TaskInstance: mini_riskagent_file_ingestion.wait_for_csv scheduled__2026-09-17T17:28:00+00:00 [queued]>
[2026-09-17T19:31:43.313+0200] {taskinstance.py:2867} INFO - Starting attempt 1 of 2
[2026-09-17T19:31:43.316+0200] {taskinstance.py:2890} INFO - Executing <Task(PythonSensor): wait_for_csv> on 2026-09-17 17:28:00+00:00
[2026-09-17T19:31:43.321+0200] {logging_mixin.py:190} WARNING - /Users/swarnalidatta/Desktop/AutoQueryChatbot/.airflow-venv/lib/python3.12/site-packages/airflow/task/task_runner/standard_task_runner.py:70 DeprecationWarning: This process (pid=75814) is multi-threaded, use of fork() may lead to deadlocks in the child.
[2026-09-17T19:31:43.320+0200] {standard_task_runner.py:104} INFO - Running: ['airflow', 'tasks', 'run', 'mini_riskagent_file_ingestion', 'wait_for_csv', 'scheduled__2026-09-17T17:28:00+00:00', '--job-id', '3330', '--raw', '--subdir', 'DAGS_FOLDER/data_ingest_pipeline.py', '--cfg-path', '/var/folders/5p/201rr1sj03g8gksxm9x48mbh0000gn/T/tmpga6m71zu']
[2026-09-17T19:31:43.321+0200] {standard_task_runner.py:72} INFO - Started process 75817 to run task
[2026-09-17T19:31:43.321+0200] {standard_task_runner.py:105} INFO - Job 3330: Subtask wait_for_csv
[2026-09-17T19:31:43.334+0200] {task_command.py:467} INFO - Running <TaskInstance: mini_riskagent_file_ingestion.wait_for_csv scheduled__2026-09-17T17:28:00+00:00 [running]> on host mac.home
[2026-09-17T19:31:43.351+0200] {taskinstance.py:3134} INFO - Exporting env vars: AIRFLOW_CTX_DAG_OWNER='autoquery' AIRFLOW_CTX_DAG_ID='mini_riskagent_file_ingestion' AIRFLOW_CTX_TASK_ID='wait_for_csv' AIRFLOW_CTX_EXECUTION_DATE='2026-09-17T17:28:00+00:00' AIRFLOW_CTX_TRY_NUMBER='1' AIRFLOW_CTX_DAG_RUN_ID='scheduled__2026-09-17T17:28:00+00:00'
[2026-09-17T19:31:43.352+0200] {logging_mixin.py:190} INFO - Task instance is in running state
[2026-09-17T19:31:43.352+0200] {logging_mixin.py:190} INFO -  Previous state of the Task instance: queued
[2026-09-17T19:31:43.352+0200] {logging_mixin.py:190} INFO - Current task name:wait_for_csv state:running start_date:2026-09-17 17:31:43.311991+00:00
[2026-09-17T19:31:43.352+0200] {logging_mixin.py:190} INFO - Dag name:mini_riskagent_file_ingestion and current dag run status:running
[2026-09-17T19:31:43.352+0200] {taskinstance.py:732} INFO - ::endgroup::
[2026-09-17T19:31:43.354+0200] {python.py:75} INFO - Poking callable: <function check_for_csv_files at 0x10b452b60>
[2026-09-17T19:31:43.357+0200] {taskinstance.py:310} INFO - Rescheduling task, marking task as UP_FOR_RESCHEDULE
[2026-09-17T19:31:43.357+0200] {taskinstance.py:341} INFO - ::group::Post task execution logs
[2026-09-17T19:31:43.377+0200] {local_task_job_runner.py:266} INFO - Task exited with return code 0
[2026-09-17T19:31:43.383+0200] {taskinstance.py:3901} INFO - 0 downstream tasks scheduled from follow-on schedule check
[2026-09-17T19:31:43.384+0200] {local_task_job_runner.py:245} INFO - ::endgroup::
[2026-09-17T19:32:14.822+0200] {local_task_job_runner.py:123} INFO - ::group::Pre task execution logs
[2026-09-17T19:32:14.825+0200] {taskinstance.py:2614} INFO - Dependencies all met for dep_context=non-requeueable deps ti=<TaskInstance: mini_riskagent_file_ingestion.wait_for_csv scheduled__2026-09-17T17:28:00+00:00 [queued]>
[2026-09-17T19:32:14.826+0200] {taskinstance.py:2614} INFO - Dependencies all met for dep_context=requeueable deps ti=<TaskInstance: mini_riskagent_file_ingestion.wait_for_csv scheduled__2026-09-17T17:28:00+00:00 [queued]>
[2026-09-17T19:32:14.826+0200] {taskinstance.py:2867} INFO - Starting attempt 1 of 2
[2026-09-17T19:32:14.829+0200] {taskinstance.py:2890} INFO - Executing <Task(PythonSensor): wait_for_csv> on 2026-09-17 17:28:00+00:00
[2026-09-17T19:32:14.833+0200] {logging_mixin.py:190} WARNING - /Users/swarnalidatta/Desktop/AutoQueryChatbot/.airflow-venv/lib/python3.12/site-packages/airflow/task/task_runner/standard_task_runner.py:70 DeprecationWarning: This process (pid=75912) is multi-threaded, use of fork() may lead to deadlocks in the child.
[2026-09-17T19:32:14.834+0200] {standard_task_runner.py:72} INFO - Started process 75914 to run task
[2026-09-17T19:32:14.833+0200] {standard_task_runner.py:104} INFO - Running: ['airflow', 'tasks', 'run', 'mini_riskagent_file_ingestion', 'wait_for_csv', 'scheduled__2026-09-17T17:28:00+00:00', '--job-id', '3341', '--raw', '--subdir', 'DAGS_FOLDER/data_ingest_pipeline.py', '--cfg-path', '/var/folders/5p/201rr1sj03g8gksxm9x48mbh0000gn/T/tmpk6dy9ftl']
[2026-09-17T19:32:14.834+0200] {standard_task_runner.py:105} INFO - Job 3341: Subtask wait_for_csv
[2026-09-17T19:32:14.848+0200] {task_command.py:467} INFO - Running <TaskInstance: mini_riskagent_file_ingestion.wait_for_csv scheduled__2026-09-17T17:28:00+00:00 [running]> on host mac.home
[2026-09-17T19:32:14.864+0200] {taskinstance.py:3134} INFO - Exporting env vars: AIRFLOW_CTX_DAG_OWNER='autoquery' AIRFLOW_CTX_DAG_ID='mini_riskagent_file_ingestion' AIRFLOW_CTX_TASK_ID='wait_for_csv' AIRFLOW_CTX_EXECUTION_DATE='2026-09-17T17:28:00+00:00' AIRFLOW_CTX_TRY_NUMBER='1' AIRFLOW_CTX_DAG_RUN_ID='scheduled__2026-09-17T17:28:00+00:00'
[2026-09-17T19:32:14.864+0200] {logging_mixin.py:190} INFO - Task instance is in running state
[2026-09-17T19:32:14.865+0200] {logging_mixin.py:190} INFO -  Previous state of the Task instance: queued
[2026-09-17T19:32:14.865+0200] {logging_mixin.py:190} INFO - Current task name:wait_for_csv state:running start_date:2026-09-17 17:32:14.825416+00:00
[2026-09-17T19:32:14.865+0200] {logging_mixin.py:190} INFO - Dag name:mini_riskagent_file_ingestion and current dag run status:running
[2026-09-17T19:32:14.865+0200] {taskinstance.py:732} INFO - ::endgroup::
[2026-09-17T19:32:14.867+0200] {python.py:75} INFO - Poking callable: <function check_for_csv_files at 0x108d0eb60>
[2026-09-17T19:32:14.870+0200] {taskinstance.py:310} INFO - Rescheduling task, marking task as UP_FOR_RESCHEDULE
[2026-09-17T19:32:14.870+0200] {taskinstance.py:341} INFO - ::group::Post task execution logs
[2026-09-17T19:32:14.889+0200] {local_task_job_runner.py:266} INFO - Task exited with return code 0
[2026-09-17T19:32:14.896+0200] {taskinstance.py:3901} INFO - 0 downstream tasks scheduled from follow-on schedule check
[2026-09-17T19:32:14.896+0200] {local_task_job_runner.py:245} INFO - ::endgroup::
[2026-09-17T19:32:46.794+0200] {local_task_job_runner.py:123} INFO - ::group::Pre task execution logs
[2026-09-17T19:32:46.797+0200] {taskinstance.py:2614} INFO - Dependencies all met for dep_context=non-requeueable deps ti=<TaskInstance: mini_riskagent_file_ingestion.wait_for_csv scheduled__2026-09-17T17:28:00+00:00 [queued]>
[2026-09-17T19:32:46.798+0200] {taskinstance.py:2614} INFO - Dependencies all met for dep_context=requeueable deps ti=<TaskInstance: mini_riskagent_file_ingestion.wait_for_csv scheduled__2026-09-17T17:28:00+00:00 [queued]>
[2026-09-17T19:32:46.798+0200] {taskinstance.py:2867} INFO - Starting attempt 1 of 2
[2026-09-17T19:32:46.801+0200] {taskinstance.py:2890} INFO - Executing <Task(PythonSensor): wait_for_csv> on 2026-09-17 17:28:00+00:00
[2026-09-17T19:32:46.805+0200] {logging_mixin.py:190} WARNING - /Users/swarnalidatta/Desktop/AutoQueryChatbot/.airflow-venv/lib/python3.12/site-packages/airflow/task/task_runner/standard_task_runner.py:70 DeprecationWarning: This process (pid=76018) is multi-threaded, use of fork() may lead to deadlocks in the child.
[2026-09-17T19:32:46.806+0200] {standard_task_runner.py:72} INFO - Started process 76024 to run task
[2026-09-17T19:32:46.805+0200] {standard_task_runner.py:104} INFO - Running: ['airflow', 'tasks', 'run', 'mini_riskagent_file_ingestion', 'wait_for_csv', 'scheduled__2026-09-17T17:28:00+00:00', '--job-id', '3352', '--raw', '--subdir', 'DAGS_FOLDER/data_ingest_pipeline.py', '--cfg-path', '/var/folders/5p/201rr1sj03g8gksxm9x48mbh0000gn/T/tmpmi1pfncx']
[2026-09-17T19:32:46.806+0200] {standard_task_runner.py:105} INFO - Job 3352: Subtask wait_for_csv
[2026-09-17T19:32:46.819+0200] {task_command.py:467} INFO - Running <TaskInstance: mini_riskagent_file_ingestion.wait_for_csv scheduled__2026-09-17T17:28:00+00:00 [running]> on host mac.home
[2026-09-17T19:32:46.835+0200] {taskinstance.py:3134} INFO - Exporting env vars: AIRFLOW_CTX_DAG_OWNER='autoquery' AIRFLOW_CTX_DAG_ID='mini_riskagent_file_ingestion' AIRFLOW_CTX_TASK_ID='wait_for_csv' AIRFLOW_CTX_EXECUTION_DATE='2026-09-17T17:28:00+00:00' AIRFLOW_CTX_TRY_NUMBER='1' AIRFLOW_CTX_DAG_RUN_ID='scheduled__2026-09-17T17:28:00+00:00'
[2026-09-17T19:32:46.835+0200] {logging_mixin.py:190} INFO - Task instance is in running state
[2026-09-17T19:32:46.835+0200] {logging_mixin.py:190} INFO -  Previous state of the Task instance: queued
[2026-09-17T19:32:46.835+0200] {logging_mixin.py:190} INFO - Current task name:wait_for_csv state:running start_date:2026-09-17 17:32:46.797117+00:00
[2026-09-17T19:32:46.836+0200] {logging_mixin.py:190} INFO - Dag name:mini_riskagent_file_ingestion and current dag run status:running
[2026-09-17T19:32:46.836+0200] {taskinstance.py:732} INFO - ::endgroup::
[2026-09-17T19:32:46.837+0200] {python.py:75} INFO - Poking callable: <function check_for_csv_files at 0x10b942b60>
[2026-09-17T19:32:46.841+0200] {taskinstance.py:310} INFO - Rescheduling task, marking task as UP_FOR_RESCHEDULE
[2026-09-17T19:32:46.841+0200] {taskinstance.py:341} INFO - ::group::Post task execution logs
[2026-09-17T19:32:46.861+0200] {local_task_job_runner.py:266} INFO - Task exited with return code 0
[2026-09-17T19:32:46.868+0200] {taskinstance.py:3901} INFO - 0 downstream tasks scheduled from follow-on schedule check
[2026-09-17T19:32:46.868+0200] {local_task_job_runner.py:245} INFO - ::endgroup::
[2026-09-17T19:33:18.006+0200] {local_task_job_runner.py:123} INFO - ::group::Pre task execution logs
[2026-09-17T19:33:18.009+0200] {taskinstance.py:2614} INFO - Dependencies all met for dep_context=non-requeueable deps ti=<TaskInstance: mini_riskagent_file_ingestion.wait_for_csv scheduled__2026-09-17T17:28:00+00:00 [queued]>
[2026-09-17T19:33:18.010+0200] {taskinstance.py:2614} INFO - Dependencies all met for dep_context=requeueable deps ti=<TaskInstance: mini_riskagent_file_ingestion.wait_for_csv scheduled__2026-09-17T17:28:00+00:00 [queued]>
[2026-09-17T19:33:18.010+0200] {taskinstance.py:2867} INFO - Starting attempt 1 of 2
[2026-09-17T19:33:18.014+0200] {taskinstance.py:2890} INFO - Executing <Task(PythonSensor): wait_for_csv> on 2026-09-17 17:28:00+00:00
[2026-09-17T19:33:18.018+0200] {logging_mixin.py:190} WARNING - /Users/swarnalidatta/Desktop/AutoQueryChatbot/.airflow-venv/lib/python3.12/site-packages/airflow/task/task_runner/standard_task_runner.py:70 DeprecationWarning: This process (pid=76120) is multi-threaded, use of fork() may lead to deadlocks in the child.
[2026-09-17T19:33:18.018+0200] {standard_task_runner.py:72} INFO - Started process 76122 to run task
[2026-09-17T19:33:18.017+0200] {standard_task_runner.py:104} INFO - Running: ['airflow', 'tasks', 'run', 'mini_riskagent_file_ingestion', 'wait_for_csv', 'scheduled__2026-09-17T17:28:00+00:00', '--job-id', '3364', '--raw', '--subdir', 'DAGS_FOLDER/data_ingest_pipeline.py', '--cfg-path', '/var/folders/5p/201rr1sj03g8gksxm9x48mbh0000gn/T/tmp3x4f7rbd']
[2026-09-17T19:33:18.018+0200] {standard_task_runner.py:105} INFO - Job 3364: Subtask wait_for_csv
[2026-09-17T19:33:18.033+0200] {task_command.py:467} INFO - Running <TaskInstance: mini_riskagent_file_ingestion.wait_for_csv scheduled__2026-09-17T17:28:00+00:00 [running]> on host mac.home
[2026-09-17T19:33:18.049+0200] {taskinstance.py:3134} INFO - Exporting env vars: AIRFLOW_CTX_DAG_OWNER='autoquery' AIRFLOW_CTX_DAG_ID='mini_riskagent_file_ingestion' AIRFLOW_CTX_TASK_ID='wait_for_csv' AIRFLOW_CTX_EXECUTION_DATE='2026-09-17T17:28:00+00:00' AIRFLOW_CTX_TRY_NUMBER='1' AIRFLOW_CTX_DAG_RUN_ID='scheduled__2026-09-17T17:28:00+00:00'
[2026-09-17T19:33:18.049+0200] {logging_mixin.py:190} INFO - Task instance is in running state
[2026-09-17T19:33:18.049+0200] {logging_mixin.py:190} INFO -  Previous state of the Task instance: queued
[2026-09-17T19:33:18.049+0200] {logging_mixin.py:190} INFO - Current task name:wait_for_csv state:running start_date:2026-09-17 17:33:18.009489+00:00
[2026-09-17T19:33:18.050+0200] {logging_mixin.py:190} INFO - Dag name:mini_riskagent_file_ingestion and current dag run status:running
[2026-09-17T19:33:18.050+0200] {taskinstance.py:732} INFO - ::endgroup::
[2026-09-17T19:33:18.051+0200] {python.py:75} INFO - Poking callable: <function check_for_csv_files at 0x10e026b60>
[2026-09-17T19:33:18.054+0200] {taskinstance.py:310} INFO - Rescheduling task, marking task as UP_FOR_RESCHEDULE
[2026-09-17T19:33:18.055+0200] {taskinstance.py:341} INFO - ::group::Post task execution logs
[2026-09-17T19:33:18.074+0200] {local_task_job_runner.py:266} INFO - Task exited with return code 0
[2026-09-17T19:33:18.080+0200] {taskinstance.py:3901} INFO - 0 downstream tasks scheduled from follow-on schedule check
[2026-09-17T19:33:18.080+0200] {local_task_job_runner.py:245} INFO - ::endgroup::
[2026-09-17T19:33:49.063+0200] {local_task_job_runner.py:123} INFO - ::group::Pre task execution logs
[2026-09-17T19:33:49.066+0200] {taskinstance.py:2614} INFO - Dependencies all met for dep_context=non-requeueable deps ti=<TaskInstance: mini_riskagent_file_ingestion.wait_for_csv scheduled__2026-09-17T17:28:00+00:00 [queued]>
[2026-09-17T19:33:49.067+0200] {taskinstance.py:2614} INFO - Dependencies all met for dep_context=requeueable deps ti=<TaskInstance: mini_riskagent_file_ingestion.wait_for_csv scheduled__2026-09-17T17:28:00+00:00 [queued]>
[2026-09-17T19:33:49.067+0200] {taskinstance.py:2867} INFO - Starting attempt 1 of 2
[2026-09-17T19:33:49.070+0200] {taskinstance.py:2890} INFO - Executing <Task(PythonSensor): wait_for_csv> on 2026-09-17 17:28:00+00:00
[2026-09-17T19:33:49.075+0200] {logging_mixin.py:190} WARNING - /Users/swarnalidatta/Desktop/AutoQueryChatbot/.airflow-venv/lib/python3.12/site-packages/airflow/task/task_runner/standard_task_runner.py:70 DeprecationWarning: This process (pid=76226) is multi-threaded, use of fork() may lead to deadlocks in the child.
[2026-09-17T19:33:49.076+0200] {standard_task_runner.py:72} INFO - Started process 76228 to run task
[2026-09-17T19:33:49.075+0200] {standard_task_runner.py:104} INFO - Running: ['airflow', 'tasks', 'run', 'mini_riskagent_file_ingestion', 'wait_for_csv', 'scheduled__2026-09-17T17:28:00+00:00', '--job-id', '3376', '--raw', '--subdir', 'DAGS_FOLDER/data_ingest_pipeline.py', '--cfg-path', '/var/folders/5p/201rr1sj03g8gksxm9x48mbh0000gn/T/tmpujf49jrp']
[2026-09-17T19:33:49.076+0200] {standard_task_runner.py:105} INFO - Job 3376: Subtask wait_for_csv
[2026-09-17T19:33:49.090+0200] {task_command.py:467} INFO - Running <TaskInstance: mini_riskagent_file_ingestion.wait_for_csv scheduled__2026-09-17T17:28:00+00:00 [running]> on host mac.home
[2026-09-17T19:33:49.106+0200] {taskinstance.py:3134} INFO - Exporting env vars: AIRFLOW_CTX_DAG_OWNER='autoquery' AIRFLOW_CTX_DAG_ID='mini_riskagent_file_ingestion' AIRFLOW_CTX_TASK_ID='wait_for_csv' AIRFLOW_CTX_EXECUTION_DATE='2026-09-17T17:28:00+00:00' AIRFLOW_CTX_TRY_NUMBER='1' AIRFLOW_CTX_DAG_RUN_ID='scheduled__2026-09-17T17:28:00+00:00'
[2026-09-17T19:33:49.107+0200] {logging_mixin.py:190} INFO - Task instance is in running state
[2026-09-17T19:33:49.107+0200] {logging_mixin.py:190} INFO -  Previous state of the Task instance: queued
[2026-09-17T19:33:49.107+0200] {logging_mixin.py:190} INFO - Current task name:wait_for_csv state:running start_date:2026-09-17 17:33:49.066291+00:00
[2026-09-17T19:33:49.107+0200] {logging_mixin.py:190} INFO - Dag name:mini_riskagent_file_ingestion and current dag run status:running
[2026-09-17T19:33:49.107+0200] {taskinstance.py:732} INFO - ::endgroup::
[2026-09-17T19:33:49.109+0200] {python.py:75} INFO - Poking callable: <function check_for_csv_files at 0x10c21eb60>
[2026-09-17T19:33:49.112+0200] {taskinstance.py:310} INFO - Rescheduling task, marking task as UP_FOR_RESCHEDULE
[2026-09-17T19:33:49.112+0200] {taskinstance.py:341} INFO - ::group::Post task execution logs
[2026-09-17T19:33:49.131+0200] {local_task_job_runner.py:266} INFO - Task exited with return code 0
[2026-09-17T19:33:49.138+0200] {taskinstance.py:3901} INFO - 0 downstream tasks scheduled from follow-on schedule check
[2026-09-17T19:33:49.138+0200] {local_task_job_runner.py:245} INFO - ::endgroup::
[2026-09-17T19:34:21.151+0200] {local_task_job_runner.py:123} INFO - ::group::Pre task execution logs
[2026-09-17T19:34:21.154+0200] {taskinstance.py:2614} INFO - Dependencies all met for dep_context=non-requeueable deps ti=<TaskInstance: mini_riskagent_file_ingestion.wait_for_csv scheduled__2026-09-17T17:28:00+00:00 [queued]>
[2026-09-17T19:34:21.156+0200] {taskinstance.py:2614} INFO - Dependencies all met for dep_context=requeueable deps ti=<TaskInstance: mini_riskagent_file_ingestion.wait_for_csv scheduled__2026-09-17T17:28:00+00:00 [queued]>
[2026-09-17T19:34:21.156+0200] {taskinstance.py:2867} INFO - Starting attempt 1 of 2
[2026-09-17T19:34:21.159+0200] {taskinstance.py:2890} INFO - Executing <Task(PythonSensor): wait_for_csv> on 2026-09-17 17:28:00+00:00
[2026-09-17T19:34:21.163+0200] {logging_mixin.py:190} WARNING - /Users/swarnalidatta/Desktop/AutoQueryChatbot/.airflow-venv/lib/python3.12/site-packages/airflow/task/task_runner/standard_task_runner.py:70 DeprecationWarning: This process (pid=76336) is multi-threaded, use of fork() may lead to deadlocks in the child.
[2026-09-17T19:34:21.164+0200] {standard_task_runner.py:72} INFO - Started process 76338 to run task
[2026-09-17T19:34:21.163+0200] {standard_task_runner.py:104} INFO - Running: ['airflow', 'tasks', 'run', 'mini_riskagent_file_ingestion', 'wait_for_csv', 'scheduled__2026-09-17T17:28:00+00:00', '--job-id', '3389', '--raw', '--subdir', 'DAGS_FOLDER/data_ingest_pipeline.py', '--cfg-path', '/var/folders/5p/201rr1sj03g8gksxm9x48mbh0000gn/T/tmp4n865plx']
[2026-09-17T19:34:21.164+0200] {standard_task_runner.py:105} INFO - Job 3389: Subtask wait_for_csv
[2026-09-17T19:34:21.177+0200] {task_command.py:467} INFO - Running <TaskInstance: mini_riskagent_file_ingestion.wait_for_csv scheduled__2026-09-17T17:28:00+00:00 [running]> on host mac.home
[2026-09-17T19:34:21.193+0200] {taskinstance.py:3134} INFO - Exporting env vars: AIRFLOW_CTX_DAG_OWNER='autoquery' AIRFLOW_CTX_DAG_ID='mini_riskagent_file_ingestion' AIRFLOW_CTX_TASK_ID='wait_for_csv' AIRFLOW_CTX_EXECUTION_DATE='2026-09-17T17:28:00+00:00' AIRFLOW_CTX_TRY_NUMBER='1' AIRFLOW_CTX_DAG_RUN_ID='scheduled__2026-09-17T17:28:00+00:00'
[2026-09-17T19:34:21.194+0200] {logging_mixin.py:190} INFO - Task instance is in running state
[2026-09-17T19:34:21.194+0200] {logging_mixin.py:190} INFO -  Previous state of the Task instance: queued
[2026-09-17T19:34:21.194+0200] {logging_mixin.py:190} INFO - Current task name:wait_for_csv state:running start_date:2026-09-17 17:34:21.154683+00:00
[2026-09-17T19:34:21.194+0200] {logging_mixin.py:190} INFO - Dag name:mini_riskagent_file_ingestion and current dag run status:running
[2026-09-17T19:34:21.194+0200] {taskinstance.py:732} INFO - ::endgroup::
[2026-09-17T19:34:21.196+0200] {python.py:75} INFO - Poking callable: <function check_for_csv_files at 0x10855eb60>
[2026-09-17T19:34:21.199+0200] {taskinstance.py:310} INFO - Rescheduling task, marking task as UP_FOR_RESCHEDULE
[2026-09-17T19:34:21.199+0200] {taskinstance.py:341} INFO - ::group::Post task execution logs
[2026-09-17T19:34:21.219+0200] {local_task_job_runner.py:266} INFO - Task exited with return code 0
[2026-09-17T19:34:21.226+0200] {taskinstance.py:3901} INFO - 0 downstream tasks scheduled from follow-on schedule check
[2026-09-17T19:34:21.226+0200] {local_task_job_runner.py:245} INFO - ::endgroup::
[2026-09-17T19:34:53.383+0200] {local_task_job_runner.py:123} INFO - ::group::Pre task execution logs
[2026-09-17T19:34:53.386+0200] {taskinstance.py:2614} INFO - Dependencies all met for dep_context=non-requeueable deps ti=<TaskInstance: mini_riskagent_file_ingestion.wait_for_csv scheduled__2026-09-17T17:28:00+00:00 [queued]>
[2026-09-17T19:34:53.387+0200] {taskinstance.py:2614} INFO - Dependencies all met for dep_context=requeueable deps ti=<TaskInstance: mini_riskagent_file_ingestion.wait_for_csv scheduled__2026-09-17T17:28:00+00:00 [queued]>
[2026-09-17T19:34:53.387+0200] {taskinstance.py:2867} INFO - Starting attempt 1 of 2
[2026-09-17T19:34:53.390+0200] {taskinstance.py:2890} INFO - Executing <Task(PythonSensor): wait_for_csv> on 2026-09-17 17:28:00+00:00
[2026-09-17T19:34:53.395+0200] {logging_mixin.py:190} WARNING - /Users/swarnalidatta/Desktop/AutoQueryChatbot/.airflow-venv/lib/python3.12/site-packages/airflow/task/task_runner/standard_task_runner.py:70 DeprecationWarning: This process (pid=76440) is multi-threaded, use of fork() may lead to deadlocks in the child.
[2026-09-17T19:34:53.395+0200] {standard_task_runner.py:72} INFO - Started process 76442 to run task
[2026-09-17T19:34:53.394+0200] {standard_task_runner.py:104} INFO - Running: ['airflow', 'tasks', 'run', 'mini_riskagent_file_ingestion', 'wait_for_csv', 'scheduled__2026-09-17T17:28:00+00:00', '--job-id', '3402', '--raw', '--subdir', 'DAGS_FOLDER/data_ingest_pipeline.py', '--cfg-path', '/var/folders/5p/201rr1sj03g8gksxm9x48mbh0000gn/T/tmpqbpl5tjg']
[2026-09-17T19:34:53.395+0200] {standard_task_runner.py:105} INFO - Job 3402: Subtask wait_for_csv
[2026-09-17T19:34:53.408+0200] {task_command.py:467} INFO - Running <TaskInstance: mini_riskagent_file_ingestion.wait_for_csv scheduled__2026-09-17T17:28:00+00:00 [running]> on host mac.home
[2026-09-17T19:34:53.424+0200] {taskinstance.py:3134} INFO - Exporting env vars: AIRFLOW_CTX_DAG_OWNER='autoquery' AIRFLOW_CTX_DAG_ID='mini_riskagent_file_ingestion' AIRFLOW_CTX_TASK_ID='wait_for_csv' AIRFLOW_CTX_EXECUTION_DATE='2026-09-17T17:28:00+00:00' AIRFLOW_CTX_TRY_NUMBER='1' AIRFLOW_CTX_DAG_RUN_ID='scheduled__2026-09-17T17:28:00+00:00'
[2026-09-17T19:34:53.425+0200] {logging_mixin.py:190} INFO - Task instance is in running state
[2026-09-17T19:34:53.425+0200] {logging_mixin.py:190} INFO -  Previous state of the Task instance: queued
[2026-09-17T19:34:53.425+0200] {logging_mixin.py:190} INFO - Current task name:wait_for_csv state:running start_date:2026-09-17 17:34:53.386536+00:00
[2026-09-17T19:34:53.425+0200] {logging_mixin.py:190} INFO - Dag name:mini_riskagent_file_ingestion and current dag run status:running
[2026-09-17T19:34:53.425+0200] {taskinstance.py:732} INFO - ::endgroup::
[2026-09-17T19:34:53.427+0200] {python.py:75} INFO - Poking callable: <function check_for_csv_files at 0x108992b60>
[2026-09-17T19:34:53.430+0200] {taskinstance.py:310} INFO - Rescheduling task, marking task as UP_FOR_RESCHEDULE
[2026-09-17T19:34:53.430+0200] {taskinstance.py:341} INFO - ::group::Post task execution logs
[2026-09-17T19:34:53.451+0200] {local_task_job_runner.py:266} INFO - Task exited with return code 0
[2026-09-17T19:34:53.457+0200] {taskinstance.py:3901} INFO - 0 downstream tasks scheduled from follow-on schedule check
[2026-09-17T19:34:53.457+0200] {local_task_job_runner.py:245} INFO - ::endgroup::
[2026-09-17T19:35:25.110+0200] {local_task_job_runner.py:123} INFO - ::group::Pre task execution logs
[2026-09-17T19:35:25.113+0200] {taskinstance.py:2614} INFO - Dependencies all met for dep_context=non-requeueable deps ti=<TaskInstance: mini_riskagent_file_ingestion.wait_for_csv scheduled__2026-09-17T17:28:00+00:00 [queued]>
[2026-09-17T19:35:25.114+0200] {taskinstance.py:2614} INFO - Dependencies all met for dep_context=requeueable deps ti=<TaskInstance: mini_riskagent_file_ingestion.wait_for_csv scheduled__2026-09-17T17:28:00+00:00 [queued]>
[2026-09-17T19:35:25.114+0200] {taskinstance.py:2867} INFO - Starting attempt 1 of 2
[2026-09-17T19:35:25.118+0200] {taskinstance.py:2890} INFO - Executing <Task(PythonSensor): wait_for_csv> on 2026-09-17 17:28:00+00:00
[2026-09-17T19:35:25.122+0200] {logging_mixin.py:190} WARNING - /Users/swarnalidatta/Desktop/AutoQueryChatbot/.airflow-venv/lib/python3.12/site-packages/airflow/task/task_runner/standard_task_runner.py:70 DeprecationWarning: This process (pid=76545) is multi-threaded, use of fork() may lead to deadlocks in the child.
[2026-09-17T19:35:25.122+0200] {standard_task_runner.py:72} INFO - Started process 76547 to run task
[2026-09-17T19:35:25.122+0200] {standard_task_runner.py:104} INFO - Running: ['airflow', 'tasks', 'run', 'mini_riskagent_file_ingestion', 'wait_for_csv', 'scheduled__2026-09-17T17:28:00+00:00', '--job-id', '3416', '--raw', '--subdir', 'DAGS_FOLDER/data_ingest_pipeline.py', '--cfg-path', '/var/folders/5p/201rr1sj03g8gksxm9x48mbh0000gn/T/tmpx79acaql']
[2026-09-17T19:35:25.123+0200] {standard_task_runner.py:105} INFO - Job 3416: Subtask wait_for_csv
[2026-09-17T19:35:25.136+0200] {task_command.py:467} INFO - Running <TaskInstance: mini_riskagent_file_ingestion.wait_for_csv scheduled__2026-09-17T17:28:00+00:00 [running]> on host mac.home
[2026-09-17T19:35:25.152+0200] {taskinstance.py:3134} INFO - Exporting env vars: AIRFLOW_CTX_DAG_OWNER='autoquery' AIRFLOW_CTX_DAG_ID='mini_riskagent_file_ingestion' AIRFLOW_CTX_TASK_ID='wait_for_csv' AIRFLOW_CTX_EXECUTION_DATE='2026-09-17T17:28:00+00:00' AIRFLOW_CTX_TRY_NUMBER='1' AIRFLOW_CTX_DAG_RUN_ID='scheduled__2026-09-17T17:28:00+00:00'
[2026-09-17T19:35:25.153+0200] {logging_mixin.py:190} INFO - Task instance is in running state
[2026-09-17T19:35:25.153+0200] {logging_mixin.py:190} INFO -  Previous state of the Task instance: queued
[2026-09-17T19:35:25.153+0200] {logging_mixin.py:190} INFO - Current task name:wait_for_csv state:running start_date:2026-09-17 17:35:25.113499+00:00
[2026-09-17T19:35:25.153+0200] {logging_mixin.py:190} INFO - Dag name:mini_riskagent_file_ingestion and current dag run status:running
[2026-09-17T19:35:25.154+0200] {taskinstance.py:732} INFO - ::endgroup::
[2026-09-17T19:35:25.155+0200] {python.py:75} INFO - Poking callable: <function check_for_csv_files at 0x10b06eb60>
[2026-09-17T19:35:25.158+0200] {taskinstance.py:310} INFO - Rescheduling task, marking task as UP_FOR_RESCHEDULE
[2026-09-17T19:35:25.158+0200] {taskinstance.py:341} INFO - ::group::Post task execution logs
[2026-09-17T19:35:25.178+0200] {local_task_job_runner.py:266} INFO - Task exited with return code 0
[2026-09-17T19:35:25.184+0200] {taskinstance.py:3901} INFO - 0 downstream tasks scheduled from follow-on schedule check
[2026-09-17T19:35:25.184+0200] {local_task_job_runner.py:245} INFO - ::endgroup::
[2026-09-17T19:35:57.517+0200] {local_task_job_runner.py:123} INFO - ::group::Pre task execution logs
[2026-09-17T19:35:57.520+0200] {taskinstance.py:2614} INFO - Dependencies all met for dep_context=non-requeueable deps ti=<TaskInstance: mini_riskagent_file_ingestion.wait_for_csv scheduled__2026-09-17T17:28:00+00:00 [queued]>
[2026-09-17T19:35:57.522+0200] {taskinstance.py:2614} INFO - Dependencies all met for dep_context=requeueable deps ti=<TaskInstance: mini_riskagent_file_ingestion.wait_for_csv scheduled__2026-09-17T17:28:00+00:00 [queued]>
[2026-09-17T19:35:57.522+0200] {taskinstance.py:2867} INFO - Starting attempt 1 of 2
[2026-09-17T19:35:57.525+0200] {taskinstance.py:2890} INFO - Executing <Task(PythonSensor): wait_for_csv> on 2026-09-17 17:28:00+00:00
[2026-09-17T19:35:57.529+0200] {logging_mixin.py:190} WARNING - /Users/swarnalidatta/Desktop/AutoQueryChatbot/.airflow-venv/lib/python3.12/site-packages/airflow/task/task_runner/standard_task_runner.py:70 DeprecationWarning: This process (pid=76650) is multi-threaded, use of fork() may lead to deadlocks in the child.
[2026-09-17T19:35:57.529+0200] {standard_task_runner.py:72} INFO - Started process 76652 to run task
[2026-09-17T19:35:57.529+0200] {standard_task_runner.py:104} INFO - Running: ['airflow', 'tasks', 'run', 'mini_riskagent_file_ingestion', 'wait_for_csv', 'scheduled__2026-09-17T17:28:00+00:00', '--job-id', '3430', '--raw', '--subdir', 'DAGS_FOLDER/data_ingest_pipeline.py', '--cfg-path', '/var/folders/5p/201rr1sj03g8gksxm9x48mbh0000gn/T/tmpgnyou_i_']
[2026-09-17T19:35:57.530+0200] {standard_task_runner.py:105} INFO - Job 3430: Subtask wait_for_csv
[2026-09-17T19:35:57.543+0200] {task_command.py:467} INFO - Running <TaskInstance: mini_riskagent_file_ingestion.wait_for_csv scheduled__2026-09-17T17:28:00+00:00 [running]> on host mac.home
[2026-09-17T19:35:57.560+0200] {taskinstance.py:3134} INFO - Exporting env vars: AIRFLOW_CTX_DAG_OWNER='autoquery' AIRFLOW_CTX_DAG_ID='mini_riskagent_file_ingestion' AIRFLOW_CTX_TASK_ID='wait_for_csv' AIRFLOW_CTX_EXECUTION_DATE='2026-09-17T17:28:00+00:00' AIRFLOW_CTX_TRY_NUMBER='1' AIRFLOW_CTX_DAG_RUN_ID='scheduled__2026-09-17T17:28:00+00:00'
[2026-09-17T19:35:57.560+0200] {logging_mixin.py:190} INFO - Task instance is in running state
[2026-09-17T19:35:57.560+0200] {logging_mixin.py:190} INFO -  Previous state of the Task instance: queued
[2026-09-17T19:35:57.561+0200] {logging_mixin.py:190} INFO - Current task name:wait_for_csv state:running start_date:2026-09-17 17:35:57.520676+00:00
[2026-09-17T19:35:57.561+0200] {logging_mixin.py:190} INFO - Dag name:mini_riskagent_file_ingestion and current dag run status:running
[2026-09-17T19:35:57.561+0200] {taskinstance.py:732} INFO - ::endgroup::
[2026-09-17T19:35:57.562+0200] {python.py:75} INFO - Poking callable: <function check_for_csv_files at 0x10c742b60>
[2026-09-17T19:35:57.566+0200] {taskinstance.py:310} INFO - Rescheduling task, marking task as UP_FOR_RESCHEDULE
[2026-09-17T19:35:57.566+0200] {taskinstance.py:341} INFO - ::group::Post task execution logs
[2026-09-17T19:35:57.585+0200] {local_task_job_runner.py:266} INFO - Task exited with return code 0
[2026-09-17T19:35:57.591+0200] {taskinstance.py:3901} INFO - 0 downstream tasks scheduled from follow-on schedule check
[2026-09-17T19:35:57.591+0200] {local_task_job_runner.py:245} INFO - ::endgroup::
[2026-09-17T19:36:30.004+0200] {local_task_job_runner.py:123} INFO - ::group::Pre task execution logs
[2026-09-17T19:36:30.006+0200] {taskinstance.py:2614} INFO - Dependencies all met for dep_context=non-requeueable deps ti=<TaskInstance: mini_riskagent_file_ingestion.wait_for_csv scheduled__2026-09-17T17:28:00+00:00 [queued]>
[2026-09-17T19:36:30.008+0200] {taskinstance.py:2614} INFO - Dependencies all met for dep_context=requeueable deps ti=<TaskInstance: mini_riskagent_file_ingestion.wait_for_csv scheduled__2026-09-17T17:28:00+00:00 [queued]>
[2026-09-17T19:36:30.008+0200] {taskinstance.py:2867} INFO - Starting attempt 1 of 2
[2026-09-17T19:36:30.011+0200] {taskinstance.py:2890} INFO - Executing <Task(PythonSensor): wait_for_csv> on 2026-09-17 17:28:00+00:00
[2026-09-17T19:36:30.016+0200] {logging_mixin.py:190} WARNING - /Users/swarnalidatta/Desktop/AutoQueryChatbot/.airflow-venv/lib/python3.12/site-packages/airflow/task/task_runner/standard_task_runner.py:70 DeprecationWarning: This process (pid=76761) is multi-threaded, use of fork() may lead to deadlocks in the child.
[2026-09-17T19:36:30.016+0200] {standard_task_runner.py:72} INFO - Started process 76763 to run task
[2026-09-17T19:36:30.016+0200] {standard_task_runner.py:104} INFO - Running: ['airflow', 'tasks', 'run', 'mini_riskagent_file_ingestion', 'wait_for_csv', 'scheduled__2026-09-17T17:28:00+00:00', '--job-id', '3445', '--raw', '--subdir', 'DAGS_FOLDER/data_ingest_pipeline.py', '--cfg-path', '/var/folders/5p/201rr1sj03g8gksxm9x48mbh0000gn/T/tmpcsirazee']
[2026-09-17T19:36:30.017+0200] {standard_task_runner.py:105} INFO - Job 3445: Subtask wait_for_csv
[2026-09-17T19:36:30.031+0200] {task_command.py:467} INFO - Running <TaskInstance: mini_riskagent_file_ingestion.wait_for_csv scheduled__2026-09-17T17:28:00+00:00 [running]> on host mac.home
[2026-09-17T19:36:30.048+0200] {taskinstance.py:3134} INFO - Exporting env vars: AIRFLOW_CTX_DAG_OWNER='autoquery' AIRFLOW_CTX_DAG_ID='mini_riskagent_file_ingestion' AIRFLOW_CTX_TASK_ID='wait_for_csv' AIRFLOW_CTX_EXECUTION_DATE='2026-09-17T17:28:00+00:00' AIRFLOW_CTX_TRY_NUMBER='1' AIRFLOW_CTX_DAG_RUN_ID='scheduled__2026-09-17T17:28:00+00:00'
[2026-09-17T19:36:30.048+0200] {logging_mixin.py:190} INFO - Task instance is in running state
[2026-09-17T19:36:30.048+0200] {logging_mixin.py:190} INFO -  Previous state of the Task instance: queued
[2026-09-17T19:36:30.049+0200] {logging_mixin.py:190} INFO - Current task name:wait_for_csv state:running start_date:2026-09-17 17:36:30.006979+00:00
[2026-09-17T19:36:30.049+0200] {logging_mixin.py:190} INFO - Dag name:mini_riskagent_file_ingestion and current dag run status:running
[2026-09-17T19:36:30.049+0200] {taskinstance.py:732} INFO - ::endgroup::
[2026-09-17T19:36:30.050+0200] {python.py:75} INFO - Poking callable: <function check_for_csv_files at 0x109512b60>
[2026-09-17T19:36:30.055+0200] {taskinstance.py:310} INFO - Rescheduling task, marking task as UP_FOR_RESCHEDULE
[2026-09-17T19:36:30.056+0200] {taskinstance.py:341} INFO - ::group::Post task execution logs
[2026-09-17T19:36:30.072+0200] {local_task_job_runner.py:266} INFO - Task exited with return code 0
[2026-09-17T19:36:30.079+0200] {taskinstance.py:3901} INFO - 0 downstream tasks scheduled from follow-on schedule check
[2026-09-17T19:36:30.079+0200] {local_task_job_runner.py:245} INFO - ::endgroup::
[2026-09-17T19:37:02.312+0200] {local_task_job_runner.py:123} INFO - ::group::Pre task execution logs
[2026-09-17T19:37:02.315+0200] {taskinstance.py:2614} INFO - Dependencies all met for dep_context=non-requeueable deps ti=<TaskInstance: mini_riskagent_file_ingestion.wait_for_csv scheduled__2026-09-17T17:28:00+00:00 [queued]>
[2026-09-17T19:37:02.316+0200] {taskinstance.py:2614} INFO - Dependencies all met for dep_context=requeueable deps ti=<TaskInstance: mini_riskagent_file_ingestion.wait_for_csv scheduled__2026-09-17T17:28:00+00:00 [queued]>
[2026-09-17T19:37:02.316+0200] {taskinstance.py:2867} INFO - Starting attempt 1 of 2
[2026-09-17T19:37:02.319+0200] {taskinstance.py:2890} INFO - Executing <Task(PythonSensor): wait_for_csv> on 2026-09-17 17:28:00+00:00
[2026-09-17T19:37:02.324+0200] {logging_mixin.py:190} WARNING - /Users/swarnalidatta/Desktop/AutoQueryChatbot/.airflow-venv/lib/python3.12/site-packages/airflow/task/task_runner/standard_task_runner.py:70 DeprecationWarning: This process (pid=76873) is multi-threaded, use of fork() may lead to deadlocks in the child.
[2026-09-17T19:37:02.324+0200] {standard_task_runner.py:72} INFO - Started process 76875 to run task
[2026-09-17T19:37:02.324+0200] {standard_task_runner.py:104} INFO - Running: ['airflow', 'tasks', 'run', 'mini_riskagent_file_ingestion', 'wait_for_csv', 'scheduled__2026-09-17T17:28:00+00:00', '--job-id', '3460', '--raw', '--subdir', 'DAGS_FOLDER/data_ingest_pipeline.py', '--cfg-path', '/var/folders/5p/201rr1sj03g8gksxm9x48mbh0000gn/T/tmph2655nmj']
[2026-09-17T19:37:02.324+0200] {standard_task_runner.py:105} INFO - Job 3460: Subtask wait_for_csv
[2026-09-17T19:37:02.337+0200] {task_command.py:467} INFO - Running <TaskInstance: mini_riskagent_file_ingestion.wait_for_csv scheduled__2026-09-17T17:28:00+00:00 [running]> on host mac.home
[2026-09-17T19:37:02.353+0200] {taskinstance.py:3134} INFO - Exporting env vars: AIRFLOW_CTX_DAG_OWNER='autoquery' AIRFLOW_CTX_DAG_ID='mini_riskagent_file_ingestion' AIRFLOW_CTX_TASK_ID='wait_for_csv' AIRFLOW_CTX_EXECUTION_DATE='2026-09-17T17:28:00+00:00' AIRFLOW_CTX_TRY_NUMBER='1' AIRFLOW_CTX_DAG_RUN_ID='scheduled__2026-09-17T17:28:00+00:00'
[2026-09-17T19:37:02.354+0200] {logging_mixin.py:190} INFO - Task instance is in running state
[2026-09-17T19:37:02.354+0200] {logging_mixin.py:190} INFO -  Previous state of the Task instance: queued
[2026-09-17T19:37:02.354+0200] {logging_mixin.py:190} INFO - Current task name:wait_for_csv state:running start_date:2026-09-17 17:37:02.315358+00:00
[2026-09-17T19:37:02.354+0200] {logging_mixin.py:190} INFO - Dag name:mini_riskagent_file_ingestion and current dag run status:running
[2026-09-17T19:37:02.355+0200] {taskinstance.py:732} INFO - ::endgroup::
[2026-09-17T19:37:02.356+0200] {python.py:75} INFO - Poking callable: <function check_for_csv_files at 0x10f626b60>
[2026-09-17T19:37:02.359+0200] {taskinstance.py:310} INFO - Rescheduling task, marking task as UP_FOR_RESCHEDULE
[2026-09-17T19:37:02.359+0200] {taskinstance.py:341} INFO - ::group::Post task execution logs
[2026-09-17T19:37:02.380+0200] {local_task_job_runner.py:266} INFO - Task exited with return code 0
[2026-09-17T19:37:02.386+0200] {taskinstance.py:3901} INFO - 0 downstream tasks scheduled from follow-on schedule check
[2026-09-17T19:37:02.386+0200] {local_task_job_runner.py:245} INFO - ::endgroup::
[2026-09-17T19:37:34.360+0200] {local_task_job_runner.py:123} INFO - ::group::Pre task execution logs
[2026-09-17T19:37:34.363+0200] {taskinstance.py:2614} INFO - Dependencies all met for dep_context=non-requeueable deps ti=<TaskInstance: mini_riskagent_file_ingestion.wait_for_csv scheduled__2026-09-17T17:28:00+00:00 [queued]>
[2026-09-17T19:37:34.364+0200] {taskinstance.py:2614} INFO - Dependencies all met for dep_context=requeueable deps ti=<TaskInstance: mini_riskagent_file_ingestion.wait_for_csv scheduled__2026-09-17T17:28:00+00:00 [queued]>
[2026-09-17T19:37:34.365+0200] {taskinstance.py:2867} INFO - Starting attempt 1 of 2
[2026-09-17T19:37:34.367+0200] {taskinstance.py:2890} INFO - Executing <Task(PythonSensor): wait_for_csv> on 2026-09-17 17:28:00+00:00
[2026-09-17T19:37:34.372+0200] {logging_mixin.py:190} WARNING - /Users/swarnalidatta/Desktop/AutoQueryChatbot/.airflow-venv/lib/python3.12/site-packages/airflow/task/task_runner/standard_task_runner.py:70 DeprecationWarning: This process (pid=76982) is multi-threaded, use of fork() may lead to deadlocks in the child.
[2026-09-17T19:37:34.373+0200] {standard_task_runner.py:72} INFO - Started process 76984 to run task
[2026-09-17T19:37:34.372+0200] {standard_task_runner.py:104} INFO - Running: ['airflow', 'tasks', 'run', 'mini_riskagent_file_ingestion', 'wait_for_csv', 'scheduled__2026-09-17T17:28:00+00:00', '--job-id', '3476', '--raw', '--subdir', 'DAGS_FOLDER/data_ingest_pipeline.py', '--cfg-path', '/var/folders/5p/201rr1sj03g8gksxm9x48mbh0000gn/T/tmph0v07p9y']
[2026-09-17T19:37:34.373+0200] {standard_task_runner.py:105} INFO - Job 3476: Subtask wait_for_csv
[2026-09-17T19:37:34.386+0200] {task_command.py:467} INFO - Running <TaskInstance: mini_riskagent_file_ingestion.wait_for_csv scheduled__2026-09-17T17:28:00+00:00 [running]> on host mac.home
[2026-09-17T19:37:34.403+0200] {taskinstance.py:3134} INFO - Exporting env vars: AIRFLOW_CTX_DAG_OWNER='autoquery' AIRFLOW_CTX_DAG_ID='mini_riskagent_file_ingestion' AIRFLOW_CTX_TASK_ID='wait_for_csv' AIRFLOW_CTX_EXECUTION_DATE='2026-09-17T17:28:00+00:00' AIRFLOW_CTX_TRY_NUMBER='1' AIRFLOW_CTX_DAG_RUN_ID='scheduled__2026-09-17T17:28:00+00:00'
[2026-09-17T19:37:34.403+0200] {logging_mixin.py:190} INFO - Task instance is in running state
[2026-09-17T19:37:34.404+0200] {logging_mixin.py:190} INFO -  Previous state of the Task instance: queued
[2026-09-17T19:37:34.404+0200] {logging_mixin.py:190} INFO - Current task name:wait_for_csv state:running start_date:2026-09-17 17:37:34.363632+00:00
[2026-09-17T19:37:34.404+0200] {logging_mixin.py:190} INFO - Dag name:mini_riskagent_file_ingestion and current dag run status:running
[2026-09-17T19:37:34.404+0200] {taskinstance.py:732} INFO - ::endgroup::
[2026-09-17T19:37:34.406+0200] {python.py:75} INFO - Poking callable: <function check_for_csv_files at 0x112912b60>
[2026-09-17T19:37:34.409+0200] {taskinstance.py:310} INFO - Rescheduling task, marking task as UP_FOR_RESCHEDULE
[2026-09-17T19:37:34.409+0200] {taskinstance.py:341} INFO - ::group::Post task execution logs
[2026-09-17T19:37:34.428+0200] {local_task_job_runner.py:266} INFO - Task exited with return code 0
[2026-09-17T19:37:34.435+0200] {taskinstance.py:3901} INFO - 0 downstream tasks scheduled from follow-on schedule check
[2026-09-17T19:37:34.435+0200] {local_task_job_runner.py:245} INFO - ::endgroup::
[2026-09-17T19:38:06.515+0200] {local_task_job_runner.py:123} INFO - ::group::Pre task execution logs
[2026-09-17T19:38:06.518+0200] {taskinstance.py:2614} INFO - Dependencies all met for dep_context=non-requeueable deps ti=<TaskInstance: mini_riskagent_file_ingestion.wait_for_csv scheduled__2026-09-17T17:28:00+00:00 [queued]>
[2026-09-17T19:38:06.520+0200] {taskinstance.py:2614} INFO - Dependencies all met for dep_context=requeueable deps ti=<TaskInstance: mini_riskagent_file_ingestion.wait_for_csv scheduled__2026-09-17T17:28:00+00:00 [queued]>
[2026-09-17T19:38:06.520+0200] {taskinstance.py:2867} INFO - Starting attempt 1 of 2
[2026-09-17T19:38:06.523+0200] {taskinstance.py:2890} INFO - Executing <Task(PythonSensor): wait_for_csv> on 2026-09-17 17:28:00+00:00
[2026-09-17T19:38:06.527+0200] {logging_mixin.py:190} WARNING - /Users/swarnalidatta/Desktop/AutoQueryChatbot/.airflow-venv/lib/python3.12/site-packages/airflow/task/task_runner/standard_task_runner.py:70 DeprecationWarning: This process (pid=77103) is multi-threaded, use of fork() may lead to deadlocks in the child.
[2026-09-17T19:38:06.528+0200] {standard_task_runner.py:72} INFO - Started process 77109 to run task
[2026-09-17T19:38:06.527+0200] {standard_task_runner.py:104} INFO - Running: ['airflow', 'tasks', 'run', 'mini_riskagent_file_ingestion', 'wait_for_csv', 'scheduled__2026-09-17T17:28:00+00:00', '--job-id', '3492', '--raw', '--subdir', 'DAGS_FOLDER/data_ingest_pipeline.py', '--cfg-path', '/var/folders/5p/201rr1sj03g8gksxm9x48mbh0000gn/T/tmpjywllxyj']
[2026-09-17T19:38:06.528+0200] {standard_task_runner.py:105} INFO - Job 3492: Subtask wait_for_csv
[2026-09-17T19:38:06.541+0200] {task_command.py:467} INFO - Running <TaskInstance: mini_riskagent_file_ingestion.wait_for_csv scheduled__2026-09-17T17:28:00+00:00 [running]> on host mac.home
[2026-09-17T19:38:06.557+0200] {taskinstance.py:3134} INFO - Exporting env vars: AIRFLOW_CTX_DAG_OWNER='autoquery' AIRFLOW_CTX_DAG_ID='mini_riskagent_file_ingestion' AIRFLOW_CTX_TASK_ID='wait_for_csv' AIRFLOW_CTX_EXECUTION_DATE='2026-09-17T17:28:00+00:00' AIRFLOW_CTX_TRY_NUMBER='1' AIRFLOW_CTX_DAG_RUN_ID='scheduled__2026-09-17T17:28:00+00:00'
[2026-09-17T19:38:06.558+0200] {logging_mixin.py:190} INFO - Task instance is in running state
[2026-09-17T19:38:06.558+0200] {logging_mixin.py:190} INFO -  Previous state of the Task instance: queued
[2026-09-17T19:38:06.558+0200] {logging_mixin.py:190} INFO - Current task name:wait_for_csv state:running start_date:2026-09-17 17:38:06.518643+00:00
[2026-09-17T19:38:06.558+0200] {logging_mixin.py:190} INFO - Dag name:mini_riskagent_file_ingestion and current dag run status:running
[2026-09-17T19:38:06.559+0200] {taskinstance.py:732} INFO - ::endgroup::
[2026-09-17T19:38:06.560+0200] {python.py:75} INFO - Poking callable: <function check_for_csv_files at 0x10a77ab60>
[2026-09-17T19:38:06.563+0200] {taskinstance.py:310} INFO - Rescheduling task, marking task as UP_FOR_RESCHEDULE
[2026-09-17T19:38:06.563+0200] {taskinstance.py:341} INFO - ::group::Post task execution logs
[2026-09-17T19:38:06.582+0200] {local_task_job_runner.py:266} INFO - Task exited with return code 0
[2026-09-17T19:38:06.589+0200] {taskinstance.py:3901} INFO - 0 downstream tasks scheduled from follow-on schedule check
[2026-09-17T19:38:06.589+0200] {local_task_job_runner.py:245} INFO - ::endgroup::
[2026-09-17T19:38:37.768+0200] {local_task_job_runner.py:123} INFO - ::group::Pre task execution logs
[2026-09-17T19:38:37.771+0200] {taskinstance.py:2614} INFO - Dependencies all met for dep_context=non-requeueable deps ti=<TaskInstance: mini_riskagent_file_ingestion.wait_for_csv scheduled__2026-09-17T17:28:00+00:00 [queued]>
[2026-09-17T19:38:37.772+0200] {taskinstance.py:2614} INFO - Dependencies all met for dep_context=requeueable deps ti=<TaskInstance: mini_riskagent_file_ingestion.wait_for_csv scheduled__2026-09-17T17:28:00+00:00 [queued]>
[2026-09-17T19:38:37.772+0200] {taskinstance.py:2867} INFO - Starting attempt 1 of 2
[2026-09-17T19:38:37.776+0200] {taskinstance.py:2890} INFO - Executing <Task(PythonSensor): wait_for_csv> on 2026-09-17 17:28:00+00:00
[2026-09-17T19:38:37.780+0200] {logging_mixin.py:190} WARNING - /Users/swarnalidatta/Desktop/AutoQueryChatbot/.airflow-venv/lib/python3.12/site-packages/airflow/task/task_runner/standard_task_runner.py:70 DeprecationWarning: This process (pid=77217) is multi-threaded, use of fork() may lead to deadlocks in the child.
[2026-09-17T19:38:37.780+0200] {standard_task_runner.py:72} INFO - Started process 77219 to run task
[2026-09-17T19:38:37.780+0200] {standard_task_runner.py:104} INFO - Running: ['airflow', 'tasks', 'run', 'mini_riskagent_file_ingestion', 'wait_for_csv', 'scheduled__2026-09-17T17:28:00+00:00', '--job-id', '3508', '--raw', '--subdir', 'DAGS_FOLDER/data_ingest_pipeline.py', '--cfg-path', '/var/folders/5p/201rr1sj03g8gksxm9x48mbh0000gn/T/tmppejcix9p']
[2026-09-17T19:38:37.780+0200] {standard_task_runner.py:105} INFO - Job 3508: Subtask wait_for_csv
[2026-09-17T19:38:37.794+0200] {task_command.py:467} INFO - Running <TaskInstance: mini_riskagent_file_ingestion.wait_for_csv scheduled__2026-09-17T17:28:00+00:00 [running]> on host mac.home
[2026-09-17T19:38:37.811+0200] {taskinstance.py:3134} INFO - Exporting env vars: AIRFLOW_CTX_DAG_OWNER='autoquery' AIRFLOW_CTX_DAG_ID='mini_riskagent_file_ingestion' AIRFLOW_CTX_TASK_ID='wait_for_csv' AIRFLOW_CTX_EXECUTION_DATE='2026-09-17T17:28:00+00:00' AIRFLOW_CTX_TRY_NUMBER='1' AIRFLOW_CTX_DAG_RUN_ID='scheduled__2026-09-17T17:28:00+00:00'
[2026-09-17T19:38:37.811+0200] {logging_mixin.py:190} INFO - Task instance is in running state
[2026-09-17T19:38:37.812+0200] {logging_mixin.py:190} INFO -  Previous state of the Task instance: queued
[2026-09-17T19:38:37.812+0200] {logging_mixin.py:190} INFO - Current task name:wait_for_csv state:running start_date:2026-09-17 17:38:37.771491+00:00
[2026-09-17T19:38:37.812+0200] {logging_mixin.py:190} INFO - Dag name:mini_riskagent_file_ingestion and current dag run status:running
[2026-09-17T19:38:37.812+0200] {taskinstance.py:732} INFO - ::endgroup::
[2026-09-17T19:38:37.814+0200] {python.py:75} INFO - Poking callable: <function check_for_csv_files at 0x116a26b60>
[2026-09-17T19:38:37.817+0200] {taskinstance.py:310} INFO - Rescheduling task, marking task as UP_FOR_RESCHEDULE
[2026-09-17T19:38:37.817+0200] {taskinstance.py:341} INFO - ::group::Post task execution logs
[2026-09-17T19:38:37.835+0200] {local_task_job_runner.py:266} INFO - Task exited with return code 0
[2026-09-17T19:38:37.842+0200] {taskinstance.py:3901} INFO - 0 downstream tasks scheduled from follow-on schedule check
[2026-09-17T19:38:37.842+0200] {local_task_job_runner.py:245} INFO - ::endgroup::
[2026-09-17T19:39:09.518+0200] {local_task_job_runner.py:123} INFO - ::group::Pre task execution logs
[2026-09-17T19:39:09.521+0200] {taskinstance.py:2614} INFO - Dependencies all met for dep_context=non-requeueable deps ti=<TaskInstance: mini_riskagent_file_ingestion.wait_for_csv scheduled__2026-09-17T17:28:00+00:00 [queued]>
[2026-09-17T19:39:09.523+0200] {taskinstance.py:2614} INFO - Dependencies all met for dep_context=requeueable deps ti=<TaskInstance: mini_riskagent_file_ingestion.wait_for_csv scheduled__2026-09-17T17:28:00+00:00 [queued]>
[2026-09-17T19:39:09.523+0200] {taskinstance.py:2867} INFO - Starting attempt 1 of 2
[2026-09-17T19:39:09.526+0200] {taskinstance.py:2890} INFO - Executing <Task(PythonSensor): wait_for_csv> on 2026-09-17 17:28:00+00:00
[2026-09-17T19:39:09.530+0200] {logging_mixin.py:190} WARNING - /Users/swarnalidatta/Desktop/AutoQueryChatbot/.airflow-venv/lib/python3.12/site-packages/airflow/task/task_runner/standard_task_runner.py:70 DeprecationWarning: This process (pid=77328) is multi-threaded, use of fork() may lead to deadlocks in the child.
[2026-09-17T19:39:09.530+0200] {standard_task_runner.py:72} INFO - Started process 77330 to run task
[2026-09-17T19:39:09.530+0200] {standard_task_runner.py:104} INFO - Running: ['airflow', 'tasks', 'run', 'mini_riskagent_file_ingestion', 'wait_for_csv', 'scheduled__2026-09-17T17:28:00+00:00', '--job-id', '3524', '--raw', '--subdir', 'DAGS_FOLDER/data_ingest_pipeline.py', '--cfg-path', '/var/folders/5p/201rr1sj03g8gksxm9x48mbh0000gn/T/tmp093qavt6']
[2026-09-17T19:39:09.531+0200] {standard_task_runner.py:105} INFO - Job 3524: Subtask wait_for_csv
[2026-09-17T19:39:09.545+0200] {task_command.py:467} INFO - Running <TaskInstance: mini_riskagent_file_ingestion.wait_for_csv scheduled__2026-09-17T17:28:00+00:00 [running]> on host mac.home
[2026-09-17T19:39:09.561+0200] {taskinstance.py:3134} INFO - Exporting env vars: AIRFLOW_CTX_DAG_OWNER='autoquery' AIRFLOW_CTX_DAG_ID='mini_riskagent_file_ingestion' AIRFLOW_CTX_TASK_ID='wait_for_csv' AIRFLOW_CTX_EXECUTION_DATE='2026-09-17T17:28:00+00:00' AIRFLOW_CTX_TRY_NUMBER='1' AIRFLOW_CTX_DAG_RUN_ID='scheduled__2026-09-17T17:28:00+00:00'
[2026-09-17T19:39:09.562+0200] {logging_mixin.py:190} INFO - Task instance is in running state
[2026-09-17T19:39:09.562+0200] {logging_mixin.py:190} INFO -  Previous state of the Task instance: queued
[2026-09-17T19:39:09.562+0200] {logging_mixin.py:190} INFO - Current task name:wait_for_csv state:running start_date:2026-09-17 17:39:09.521701+00:00
[2026-09-17T19:39:09.562+0200] {logging_mixin.py:190} INFO - Dag name:mini_riskagent_file_ingestion and current dag run status:running
[2026-09-17T19:39:09.562+0200] {taskinstance.py:732} INFO - ::endgroup::
[2026-09-17T19:39:09.564+0200] {python.py:75} INFO - Poking callable: <function check_for_csv_files at 0x108fbab60>
[2026-09-17T19:39:09.567+0200] {taskinstance.py:310} INFO - Rescheduling task, marking task as UP_FOR_RESCHEDULE
[2026-09-17T19:39:09.567+0200] {taskinstance.py:341} INFO - ::group::Post task execution logs
[2026-09-17T19:39:09.586+0200] {local_task_job_runner.py:266} INFO - Task exited with return code 0
[2026-09-17T19:39:09.593+0200] {taskinstance.py:3901} INFO - 0 downstream tasks scheduled from follow-on schedule check
[2026-09-17T19:39:09.593+0200] {local_task_job_runner.py:245} INFO - ::endgroup::
[2026-09-17T19:39:42.337+0200] {local_task_job_runner.py:123} INFO - ::group::Pre task execution logs
[2026-09-17T19:39:42.340+0200] {taskinstance.py:2614} INFO - Dependencies all met for dep_context=non-requeueable deps ti=<TaskInstance: mini_riskagent_file_ingestion.wait_for_csv scheduled__2026-09-17T17:28:00+00:00 [queued]>
[2026-09-17T19:39:42.341+0200] {taskinstance.py:2614} INFO - Dependencies all met for dep_context=requeueable deps ti=<TaskInstance: mini_riskagent_file_ingestion.wait_for_csv scheduled__2026-09-17T17:28:00+00:00 [queued]>
[2026-09-17T19:39:42.341+0200] {taskinstance.py:2867} INFO - Starting attempt 1 of 2
[2026-09-17T19:39:42.344+0200] {taskinstance.py:2890} INFO - Executing <Task(PythonSensor): wait_for_csv> on 2026-09-17 17:28:00+00:00
[2026-09-17T19:39:42.349+0200] {logging_mixin.py:190} WARNING - /Users/swarnalidatta/Desktop/AutoQueryChatbot/.airflow-venv/lib/python3.12/site-packages/airflow/task/task_runner/standard_task_runner.py:70 DeprecationWarning: This process (pid=77439) is multi-threaded, use of fork() may lead to deadlocks in the child.
[2026-09-17T19:39:42.349+0200] {standard_task_runner.py:72} INFO - Started process 77441 to run task
[2026-09-17T19:39:42.348+0200] {standard_task_runner.py:104} INFO - Running: ['airflow', 'tasks', 'run', 'mini_riskagent_file_ingestion', 'wait_for_csv', 'scheduled__2026-09-17T17:28:00+00:00', '--job-id', '3540', '--raw', '--subdir', 'DAGS_FOLDER/data_ingest_pipeline.py', '--cfg-path', '/var/folders/5p/201rr1sj03g8gksxm9x48mbh0000gn/T/tmpogs2gyiv']
[2026-09-17T19:39:42.349+0200] {standard_task_runner.py:105} INFO - Job 3540: Subtask wait_for_csv
[2026-09-17T19:39:42.363+0200] {task_command.py:467} INFO - Running <TaskInstance: mini_riskagent_file_ingestion.wait_for_csv scheduled__2026-09-17T17:28:00+00:00 [running]> on host mac.home
[2026-09-17T19:39:42.379+0200] {taskinstance.py:3134} INFO - Exporting env vars: AIRFLOW_CTX_DAG_OWNER='autoquery' AIRFLOW_CTX_DAG_ID='mini_riskagent_file_ingestion' AIRFLOW_CTX_TASK_ID='wait_for_csv' AIRFLOW_CTX_EXECUTION_DATE='2026-09-17T17:28:00+00:00' AIRFLOW_CTX_TRY_NUMBER='1' AIRFLOW_CTX_DAG_RUN_ID='scheduled__2026-09-17T17:28:00+00:00'
[2026-09-17T19:39:42.380+0200] {logging_mixin.py:190} INFO - Task instance is in running state
[2026-09-17T19:39:42.380+0200] {logging_mixin.py:190} INFO -  Previous state of the Task instance: queued
[2026-09-17T19:39:42.380+0200] {logging_mixin.py:190} INFO - Current task name:wait_for_csv state:running start_date:2026-09-17 17:39:42.340360+00:00
[2026-09-17T19:39:42.380+0200] {logging_mixin.py:190} INFO - Dag name:mini_riskagent_file_ingestion and current dag run status:running
[2026-09-17T19:39:42.381+0200] {taskinstance.py:732} INFO - ::endgroup::
[2026-09-17T19:39:42.382+0200] {python.py:75} INFO - Poking callable: <function check_for_csv_files at 0x10c8aab60>
[2026-09-17T19:39:42.385+0200] {taskinstance.py:310} INFO - Rescheduling task, marking task as UP_FOR_RESCHEDULE
[2026-09-17T19:39:42.385+0200] {taskinstance.py:341} INFO - ::group::Post task execution logs
[2026-09-17T19:39:42.405+0200] {local_task_job_runner.py:266} INFO - Task exited with return code 0
[2026-09-17T19:39:42.411+0200] {taskinstance.py:3901} INFO - 0 downstream tasks scheduled from follow-on schedule check
[2026-09-17T19:39:42.411+0200] {local_task_job_runner.py:245} INFO - ::endgroup::
[2026-09-17T19:40:13.766+0200] {local_task_job_runner.py:123} INFO - ::group::Pre task execution logs
[2026-09-17T19:40:13.769+0200] {taskinstance.py:2614} INFO - Dependencies all met for dep_context=non-requeueable deps ti=<TaskInstance: mini_riskagent_file_ingestion.wait_for_csv scheduled__2026-09-17T17:28:00+00:00 [queued]>
[2026-09-17T19:40:13.770+0200] {taskinstance.py:2614} INFO - Dependencies all met for dep_context=requeueable deps ti=<TaskInstance: mini_riskagent_file_ingestion.wait_for_csv scheduled__2026-09-17T17:28:00+00:00 [queued]>
[2026-09-17T19:40:13.770+0200] {taskinstance.py:2867} INFO - Starting attempt 1 of 2
[2026-09-17T19:40:13.773+0200] {taskinstance.py:2890} INFO - Executing <Task(PythonSensor): wait_for_csv> on 2026-09-17 17:28:00+00:00
[2026-09-17T19:40:13.778+0200] {logging_mixin.py:190} WARNING - /Users/swarnalidatta/Desktop/AutoQueryChatbot/.airflow-venv/lib/python3.12/site-packages/airflow/task/task_runner/standard_task_runner.py:70 DeprecationWarning: This process (pid=77552) is multi-threaded, use of fork() may lead to deadlocks in the child.
[2026-09-17T19:40:13.778+0200] {standard_task_runner.py:72} INFO - Started process 77558 to run task
[2026-09-17T19:40:13.778+0200] {standard_task_runner.py:104} INFO - Running: ['airflow', 'tasks', 'run', 'mini_riskagent_file_ingestion', 'wait_for_csv', 'scheduled__2026-09-17T17:28:00+00:00', '--job-id', '3556', '--raw', '--subdir', 'DAGS_FOLDER/data_ingest_pipeline.py', '--cfg-path', '/var/folders/5p/201rr1sj03g8gksxm9x48mbh0000gn/T/tmpv27mb8oa']
[2026-09-17T19:40:13.778+0200] {standard_task_runner.py:105} INFO - Job 3556: Subtask wait_for_csv
[2026-09-17T19:40:13.792+0200] {task_command.py:467} INFO - Running <TaskInstance: mini_riskagent_file_ingestion.wait_for_csv scheduled__2026-09-17T17:28:00+00:00 [running]> on host mac.home
[2026-09-17T19:40:13.809+0200] {taskinstance.py:3134} INFO - Exporting env vars: AIRFLOW_CTX_DAG_OWNER='autoquery' AIRFLOW_CTX_DAG_ID='mini_riskagent_file_ingestion' AIRFLOW_CTX_TASK_ID='wait_for_csv' AIRFLOW_CTX_EXECUTION_DATE='2026-09-17T17:28:00+00:00' AIRFLOW_CTX_TRY_NUMBER='1' AIRFLOW_CTX_DAG_RUN_ID='scheduled__2026-09-17T17:28:00+00:00'
[2026-09-17T19:40:13.809+0200] {logging_mixin.py:190} INFO - Task instance is in running state
[2026-09-17T19:40:13.810+0200] {logging_mixin.py:190} INFO -  Previous state of the Task instance: queued
[2026-09-17T19:40:13.810+0200] {logging_mixin.py:190} INFO - Current task name:wait_for_csv state:running start_date:2026-09-17 17:40:13.769278+00:00
[2026-09-17T19:40:13.810+0200] {logging_mixin.py:190} INFO - Dag name:mini_riskagent_file_ingestion and current dag run status:running
[2026-09-17T19:40:13.810+0200] {taskinstance.py:732} INFO - ::endgroup::
[2026-09-17T19:40:13.811+0200] {python.py:75} INFO - Poking callable: <function check_for_csv_files at 0x114c26b60>
[2026-09-17T19:40:13.815+0200] {taskinstance.py:310} INFO - Rescheduling task, marking task as UP_FOR_RESCHEDULE
[2026-09-17T19:40:13.815+0200] {taskinstance.py:341} INFO - ::group::Post task execution logs
[2026-09-17T19:40:13.834+0200] {local_task_job_runner.py:266} INFO - Task exited with return code 0
[2026-09-17T19:40:13.840+0200] {taskinstance.py:3901} INFO - 0 downstream tasks scheduled from follow-on schedule check
[2026-09-17T19:40:13.840+0200] {local_task_job_runner.py:245} INFO - ::endgroup::
[2026-09-17T19:40:45.809+0200] {local_task_job_runner.py:123} INFO - ::group::Pre task execution logs
[2026-09-17T19:40:45.812+0200] {taskinstance.py:2614} INFO - Dependencies all met for dep_context=non-requeueable deps ti=<TaskInstance: mini_riskagent_file_ingestion.wait_for_csv scheduled__2026-09-17T17:28:00+00:00 [queued]>
[2026-09-17T19:40:45.813+0200] {taskinstance.py:2614} INFO - Dependencies all met for dep_context=requeueable deps ti=<TaskInstance: mini_riskagent_file_ingestion.wait_for_csv scheduled__2026-09-17T17:28:00+00:00 [queued]>
[2026-09-17T19:40:45.814+0200] {taskinstance.py:2867} INFO - Starting attempt 1 of 2
[2026-09-17T19:40:45.817+0200] {taskinstance.py:2890} INFO - Executing <Task(PythonSensor): wait_for_csv> on 2026-09-17 17:28:00+00:00
[2026-09-17T19:40:45.821+0200] {logging_mixin.py:190} WARNING - /Users/swarnalidatta/Desktop/AutoQueryChatbot/.airflow-venv/lib/python3.12/site-packages/airflow/task/task_runner/standard_task_runner.py:70 DeprecationWarning: This process (pid=77669) is multi-threaded, use of fork() may lead to deadlocks in the child.
[2026-09-17T19:40:45.821+0200] {standard_task_runner.py:72} INFO - Started process 77671 to run task
[2026-09-17T19:40:45.821+0200] {standard_task_runner.py:104} INFO - Running: ['airflow', 'tasks', 'run', 'mini_riskagent_file_ingestion', 'wait_for_csv', 'scheduled__2026-09-17T17:28:00+00:00', '--job-id', '3572', '--raw', '--subdir', 'DAGS_FOLDER/data_ingest_pipeline.py', '--cfg-path', '/var/folders/5p/201rr1sj03g8gksxm9x48mbh0000gn/T/tmpmjsy26cg']
[2026-09-17T19:40:45.822+0200] {standard_task_runner.py:105} INFO - Job 3572: Subtask wait_for_csv
[2026-09-17T19:40:45.836+0200] {task_command.py:467} INFO - Running <TaskInstance: mini_riskagent_file_ingestion.wait_for_csv scheduled__2026-09-17T17:28:00+00:00 [running]> on host mac.home
[2026-09-17T19:40:45.853+0200] {taskinstance.py:3134} INFO - Exporting env vars: AIRFLOW_CTX_DAG_OWNER='autoquery' AIRFLOW_CTX_DAG_ID='mini_riskagent_file_ingestion' AIRFLOW_CTX_TASK_ID='wait_for_csv' AIRFLOW_CTX_EXECUTION_DATE='2026-09-17T17:28:00+00:00' AIRFLOW_CTX_TRY_NUMBER='1' AIRFLOW_CTX_DAG_RUN_ID='scheduled__2026-09-17T17:28:00+00:00'
[2026-09-17T19:40:45.854+0200] {logging_mixin.py:190} INFO - Task instance is in running state
[2026-09-17T19:40:45.854+0200] {logging_mixin.py:190} INFO -  Previous state of the Task instance: queued
[2026-09-17T19:40:45.854+0200] {logging_mixin.py:190} INFO - Current task name:wait_for_csv state:running start_date:2026-09-17 17:40:45.812577+00:00
[2026-09-17T19:40:45.854+0200] {logging_mixin.py:190} INFO - Dag name:mini_riskagent_file_ingestion and current dag run status:running
[2026-09-17T19:40:45.854+0200] {taskinstance.py:732} INFO - ::endgroup::
[2026-09-17T19:40:45.856+0200] {python.py:75} INFO - Poking callable: <function check_for_csv_files at 0x10ccfab60>
[2026-09-17T19:40:45.859+0200] {taskinstance.py:310} INFO - Rescheduling task, marking task as UP_FOR_RESCHEDULE
[2026-09-17T19:40:45.859+0200] {taskinstance.py:341} INFO - ::group::Post task execution logs
[2026-09-17T19:40:45.877+0200] {local_task_job_runner.py:266} INFO - Task exited with return code 0
[2026-09-17T19:40:45.885+0200] {taskinstance.py:3901} INFO - 0 downstream tasks scheduled from follow-on schedule check
[2026-09-17T19:40:45.885+0200] {local_task_job_runner.py:245} INFO - ::endgroup::
[2026-09-17T19:41:17.923+0200] {local_task_job_runner.py:123} INFO - ::group::Pre task execution logs
[2026-09-17T19:41:17.926+0200] {taskinstance.py:2614} INFO - Dependencies all met for dep_context=non-requeueable deps ti=<TaskInstance: mini_riskagent_file_ingestion.wait_for_csv scheduled__2026-09-17T17:28:00+00:00 [queued]>
[2026-09-17T19:41:17.927+0200] {taskinstance.py:2614} INFO - Dependencies all met for dep_context=requeueable deps ti=<TaskInstance: mini_riskagent_file_ingestion.wait_for_csv scheduled__2026-09-17T17:28:00+00:00 [queued]>
[2026-09-17T19:41:17.927+0200] {taskinstance.py:2867} INFO - Starting attempt 1 of 2
[2026-09-17T19:41:17.931+0200] {taskinstance.py:2890} INFO - Executing <Task(PythonSensor): wait_for_csv> on 2026-09-17 17:28:00+00:00
[2026-09-17T19:41:17.935+0200] {logging_mixin.py:190} WARNING - /Users/swarnalidatta/Desktop/AutoQueryChatbot/.airflow-venv/lib/python3.12/site-packages/airflow/task/task_runner/standard_task_runner.py:70 DeprecationWarning: This process (pid=77781) is multi-threaded, use of fork() may lead to deadlocks in the child.
[2026-09-17T19:41:17.936+0200] {standard_task_runner.py:72} INFO - Started process 77783 to run task
[2026-09-17T19:41:17.935+0200] {standard_task_runner.py:104} INFO - Running: ['airflow', 'tasks', 'run', 'mini_riskagent_file_ingestion', 'wait_for_csv', 'scheduled__2026-09-17T17:28:00+00:00', '--job-id', '3588', '--raw', '--subdir', 'DAGS_FOLDER/data_ingest_pipeline.py', '--cfg-path', '/var/folders/5p/201rr1sj03g8gksxm9x48mbh0000gn/T/tmp8oylikx1']
[2026-09-17T19:41:17.936+0200] {standard_task_runner.py:105} INFO - Job 3588: Subtask wait_for_csv
[2026-09-17T19:41:17.950+0200] {task_command.py:467} INFO - Running <TaskInstance: mini_riskagent_file_ingestion.wait_for_csv scheduled__2026-09-17T17:28:00+00:00 [running]> on host mac.home
[2026-09-17T19:41:17.966+0200] {taskinstance.py:3134} INFO - Exporting env vars: AIRFLOW_CTX_DAG_OWNER='autoquery' AIRFLOW_CTX_DAG_ID='mini_riskagent_file_ingestion' AIRFLOW_CTX_TASK_ID='wait_for_csv' AIRFLOW_CTX_EXECUTION_DATE='2026-09-17T17:28:00+00:00' AIRFLOW_CTX_TRY_NUMBER='1' AIRFLOW_CTX_DAG_RUN_ID='scheduled__2026-09-17T17:28:00+00:00'
[2026-09-17T19:41:17.967+0200] {logging_mixin.py:190} INFO - Task instance is in running state
[2026-09-17T19:41:17.967+0200] {logging_mixin.py:190} INFO -  Previous state of the Task instance: queued
[2026-09-17T19:41:17.967+0200] {logging_mixin.py:190} INFO - Current task name:wait_for_csv state:running start_date:2026-09-17 17:41:17.926571+00:00
[2026-09-17T19:41:17.967+0200] {logging_mixin.py:190} INFO - Dag name:mini_riskagent_file_ingestion and current dag run status:running
[2026-09-17T19:41:17.967+0200] {taskinstance.py:732} INFO - ::endgroup::
[2026-09-17T19:41:17.969+0200] {python.py:75} INFO - Poking callable: <function check_for_csv_files at 0x10c99eb60>
[2026-09-17T19:41:17.972+0200] {taskinstance.py:310} INFO - Rescheduling task, marking task as UP_FOR_RESCHEDULE
[2026-09-17T19:41:17.972+0200] {taskinstance.py:341} INFO - ::group::Post task execution logs
[2026-09-17T19:41:17.991+0200] {local_task_job_runner.py:266} INFO - Task exited with return code 0
[2026-09-17T19:41:17.998+0200] {taskinstance.py:3901} INFO - 0 downstream tasks scheduled from follow-on schedule check
[2026-09-17T19:41:17.998+0200] {local_task_job_runner.py:245} INFO - ::endgroup::
[2026-09-17T19:41:49.771+0200] {local_task_job_runner.py:123} INFO - ::group::Pre task execution logs
[2026-09-17T19:41:49.773+0200] {taskinstance.py:2614} INFO - Dependencies all met for dep_context=non-requeueable deps ti=<TaskInstance: mini_riskagent_file_ingestion.wait_for_csv scheduled__2026-09-17T17:28:00+00:00 [queued]>
[2026-09-17T19:41:49.775+0200] {taskinstance.py:2614} INFO - Dependencies all met for dep_context=requeueable deps ti=<TaskInstance: mini_riskagent_file_ingestion.wait_for_csv scheduled__2026-09-17T17:28:00+00:00 [queued]>
[2026-09-17T19:41:49.775+0200] {taskinstance.py:2867} INFO - Starting attempt 1 of 2
[2026-09-17T19:41:49.778+0200] {taskinstance.py:2890} INFO - Executing <Task(PythonSensor): wait_for_csv> on 2026-09-17 17:28:00+00:00
[2026-09-17T19:41:49.782+0200] {logging_mixin.py:190} WARNING - /Users/swarnalidatta/Desktop/AutoQueryChatbot/.airflow-venv/lib/python3.12/site-packages/airflow/task/task_runner/standard_task_runner.py:70 DeprecationWarning: This process (pid=77890) is multi-threaded, use of fork() may lead to deadlocks in the child.
[2026-09-17T19:41:49.782+0200] {standard_task_runner.py:104} INFO - Running: ['airflow', 'tasks', 'run', 'mini_riskagent_file_ingestion', 'wait_for_csv', 'scheduled__2026-09-17T17:28:00+00:00', '--job-id', '3604', '--raw', '--subdir', 'DAGS_FOLDER/data_ingest_pipeline.py', '--cfg-path', '/var/folders/5p/201rr1sj03g8gksxm9x48mbh0000gn/T/tmpg8ilxz4q']
[2026-09-17T19:41:49.783+0200] {standard_task_runner.py:72} INFO - Started process 77896 to run task
[2026-09-17T19:41:49.783+0200] {standard_task_runner.py:105} INFO - Job 3604: Subtask wait_for_csv
[2026-09-17T19:41:49.797+0200] {task_command.py:467} INFO - Running <TaskInstance: mini_riskagent_file_ingestion.wait_for_csv scheduled__2026-09-17T17:28:00+00:00 [running]> on host mac.home
[2026-09-17T19:41:49.814+0200] {taskinstance.py:3134} INFO - Exporting env vars: AIRFLOW_CTX_DAG_OWNER='autoquery' AIRFLOW_CTX_DAG_ID='mini_riskagent_file_ingestion' AIRFLOW_CTX_TASK_ID='wait_for_csv' AIRFLOW_CTX_EXECUTION_DATE='2026-09-17T17:28:00+00:00' AIRFLOW_CTX_TRY_NUMBER='1' AIRFLOW_CTX_DAG_RUN_ID='scheduled__2026-09-17T17:28:00+00:00'
[2026-09-17T19:41:49.814+0200] {logging_mixin.py:190} INFO - Task instance is in running state
[2026-09-17T19:41:49.814+0200] {logging_mixin.py:190} INFO -  Previous state of the Task instance: queued
[2026-09-17T19:41:49.814+0200] {logging_mixin.py:190} INFO - Current task name:wait_for_csv state:running start_date:2026-09-17 17:41:49.774024+00:00
[2026-09-17T19:41:49.815+0200] {logging_mixin.py:190} INFO - Dag name:mini_riskagent_file_ingestion and current dag run status:running
[2026-09-17T19:41:49.815+0200] {taskinstance.py:732} INFO - ::endgroup::
[2026-09-17T19:41:49.816+0200] {python.py:75} INFO - Poking callable: <function check_for_csv_files at 0x10a60ab60>
[2026-09-17T19:41:49.820+0200] {taskinstance.py:310} INFO - Rescheduling task, marking task as UP_FOR_RESCHEDULE
[2026-09-17T19:41:49.820+0200] {taskinstance.py:341} INFO - ::group::Post task execution logs
[2026-09-17T19:41:49.838+0200] {local_task_job_runner.py:266} INFO - Task exited with return code 0
[2026-09-17T19:41:49.845+0200] {taskinstance.py:3901} INFO - 0 downstream tasks scheduled from follow-on schedule check
[2026-09-17T19:41:49.845+0200] {local_task_job_runner.py:245} INFO - ::endgroup::
[2026-09-17T19:42:20.747+0200] {local_task_job_runner.py:123} INFO - ::group::Pre task execution logs
[2026-09-17T19:42:20.751+0200] {taskinstance.py:2614} INFO - Dependencies all met for dep_context=non-requeueable deps ti=<TaskInstance: mini_riskagent_file_ingestion.wait_for_csv scheduled__2026-09-17T17:28:00+00:00 [queued]>
[2026-09-17T19:42:20.752+0200] {taskinstance.py:2614} INFO - Dependencies all met for dep_context=requeueable deps ti=<TaskInstance: mini_riskagent_file_ingestion.wait_for_csv scheduled__2026-09-17T17:28:00+00:00 [queued]>
[2026-09-17T19:42:20.753+0200] {taskinstance.py:2867} INFO - Starting attempt 1 of 2
[2026-09-17T19:42:20.756+0200] {taskinstance.py:2890} INFO - Executing <Task(PythonSensor): wait_for_csv> on 2026-09-17 17:28:00+00:00
[2026-09-17T19:42:20.762+0200] {logging_mixin.py:190} WARNING - /Users/swarnalidatta/Desktop/AutoQueryChatbot/.airflow-venv/lib/python3.12/site-packages/airflow/task/task_runner/standard_task_runner.py:70 DeprecationWarning: This process (pid=78007) is multi-threaded, use of fork() may lead to deadlocks in the child.
[2026-09-17T19:42:20.762+0200] {standard_task_runner.py:72} INFO - Started process 78010 to run task
[2026-09-17T19:42:20.762+0200] {standard_task_runner.py:104} INFO - Running: ['airflow', 'tasks', 'run', 'mini_riskagent_file_ingestion', 'wait_for_csv', 'scheduled__2026-09-17T17:28:00+00:00', '--job-id', '3625', '--raw', '--subdir', 'DAGS_FOLDER/data_ingest_pipeline.py', '--cfg-path', '/var/folders/5p/201rr1sj03g8gksxm9x48mbh0000gn/T/tmp44lph6_h']
[2026-09-17T19:42:20.763+0200] {standard_task_runner.py:105} INFO - Job 3625: Subtask wait_for_csv
[2026-09-17T19:42:20.779+0200] {task_command.py:467} INFO - Running <TaskInstance: mini_riskagent_file_ingestion.wait_for_csv scheduled__2026-09-17T17:28:00+00:00 [running]> on host mac.home
[2026-09-17T19:42:20.798+0200] {taskinstance.py:3134} INFO - Exporting env vars: AIRFLOW_CTX_DAG_OWNER='autoquery' AIRFLOW_CTX_DAG_ID='mini_riskagent_file_ingestion' AIRFLOW_CTX_TASK_ID='wait_for_csv' AIRFLOW_CTX_EXECUTION_DATE='2026-09-17T17:28:00+00:00' AIRFLOW_CTX_TRY_NUMBER='1' AIRFLOW_CTX_DAG_RUN_ID='scheduled__2026-09-17T17:28:00+00:00'
[2026-09-17T19:42:20.798+0200] {logging_mixin.py:190} INFO - Task instance is in running state
[2026-09-17T19:42:20.798+0200] {logging_mixin.py:190} INFO -  Previous state of the Task instance: queued
[2026-09-17T19:42:20.799+0200] {logging_mixin.py:190} INFO - Current task name:wait_for_csv state:running start_date:2026-09-17 17:42:20.751438+00:00
[2026-09-17T19:42:20.799+0200] {logging_mixin.py:190} INFO - Dag name:mini_riskagent_file_ingestion and current dag run status:running
[2026-09-17T19:42:20.799+0200] {taskinstance.py:732} INFO - ::endgroup::
[2026-09-17T19:42:20.800+0200] {python.py:75} INFO - Poking callable: <function check_for_csv_files at 0x116b42b60>
[2026-09-17T19:42:20.801+0200] {base.py:339} INFO - Success criteria met. Exiting.
[2026-09-17T19:42:20.802+0200] {taskinstance.py:341} INFO - ::group::Post task execution logs
[2026-09-17T19:42:20.802+0200] {taskinstance.py:353} INFO - Marking task as SUCCESS. dag_id=mini_riskagent_file_ingestion, task_id=wait_for_csv, run_id=scheduled__2026-09-17T17:28:00+00:00, execution_date=20260917T172800, start_date=20260917T174220, end_date=20260917T174220
[2026-09-17T19:42:20.806+0200] {logging_mixin.py:190} INFO - Task instance in success state
[2026-09-17T19:42:20.806+0200] {logging_mixin.py:190} INFO -  Previous state of the Task instance: running
[2026-09-17T19:42:20.806+0200] {logging_mixin.py:190} INFO - Dag name:mini_riskagent_file_ingestion queued_at:2026-09-17 17:29:02.500696+00:00
[2026-09-17T19:42:20.807+0200] {logging_mixin.py:190} INFO - Task hostname:mac.home operator:PythonSensor
[2026-09-17T19:42:20.818+0200] {local_task_job_runner.py:266} INFO - Task exited with return code 0
[2026-09-17T19:42:20.826+0200] {taskinstance.py:3901} INFO - 1 downstream tasks scheduled from follow-on schedule check
[2026-09-17T19:42:20.826+0200] {local_task_job_runner.py:245} INFO - ::endgroup::
