[2026-09-05T17:36:02.057+0200] {local_task_job_runner.py:123} INFO - ::group::Pre task execution logs
[2026-09-05T17:36:02.059+0200] {taskinstance.py:2614} INFO - Dependencies all met for dep_context=non-requeueable deps ti=<TaskInstance: mini_riskagent_file_ingestion.wait_for_csv scheduled__2026-09-05T15:35:00+00:00 [queued]>
[2026-09-05T17:36:02.061+0200] {taskinstance.py:2614} INFO - Dependencies all met for dep_context=requeueable deps ti=<TaskInstance: mini_riskagent_file_ingestion.wait_for_csv scheduled__2026-09-05T15:35:00+00:00 [queued]>
[2026-09-05T17:36:02.061+0200] {taskinstance.py:2867} INFO - Starting attempt 1 of 2
[2026-09-05T17:36:02.064+0200] {taskinstance.py:2890} INFO - Executing <Task(PythonSensor): wait_for_csv> on 2026-09-05 15:35:00+00:00
[2026-09-05T17:36:02.068+0200] {standard_task_runner.py:104} INFO - Running: ['airflow', 'tasks', 'run', 'mini_riskagent_file_ingestion', 'wait_for_csv', 'scheduled__2026-09-05T15:35:00+00:00', '--job-id', '158', '--raw', '--subdir', 'DAGS_FOLDER/data_ingest_pipeline.py', '--cfg-path', '/var/folders/5p/201rr1sj03g8gksxm9x48mbh0000gn/T/tmpggmm7hzb']
[2026-09-05T17:36:02.069+0200] {standard_task_runner.py:105} INFO - Job 158: Subtask wait_for_csv
[2026-09-05T17:36:02.118+0200] {logging_mixin.py:190} WARNING - /Users/swarnalidatta/Desktop/AutoQueryChatbot/.airflow-venv/lib/python3.12/site-packages/airflow/task/task_runner/standard_task_runner.py:70 DeprecationWarning: This process (pid=18306) is multi-threaded, use of fork() may lead to deadlocks in the child.
[2026-09-05T17:36:02.118+0200] {standard_task_runner.py:72} INFO - Started process 18308 to run task
[2026-09-05T17:36:02.128+0200] {task_command.py:467} INFO - Running <TaskInstance: mini_riskagent_file_ingestion.wait_for_csv scheduled__2026-09-05T15:35:00+00:00 [running]> on host mac.home
[2026-09-05T17:36:02.144+0200] {taskinstance.py:3134} INFO - Exporting env vars: AIRFLOW_CTX_DAG_OWNER='autoquery' AIRFLOW_CTX_DAG_ID='mini_riskagent_file_ingestion' AIRFLOW_CTX_TASK_ID='wait_for_csv' AIRFLOW_CTX_EXECUTION_DATE='2026-09-05T15:35:00+00:00' AIRFLOW_CTX_TRY_NUMBER='1' AIRFLOW_CTX_DAG_RUN_ID='scheduled__2026-09-05T15:35:00+00:00'
[2026-09-05T17:36:02.144+0200] {logging_mixin.py:190} INFO - Task instance is in running state
[2026-09-05T17:36:02.144+0200] {logging_mixin.py:190} INFO -  Previous state of the Task instance: queued
[2026-09-05T17:36:02.144+0200] {logging_mixin.py:190} INFO - Current task name:wait_for_csv state:running start_date:2026-09-05 15:36:02.059975+00:00
[2026-09-05T17:36:02.144+0200] {logging_mixin.py:190} INFO - Dag name:mini_riskagent_file_ingestion and current dag run status:running
[2026-09-05T17:36:02.145+0200] {taskinstance.py:732} INFO - ::endgroup::
[2026-09-05T17:36:02.146+0200] {python.py:75} INFO - Poking callable: <function check_for_csv_files at 0x1082e0c20>
[2026-09-05T17:36:02.149+0200] {taskinstance.py:310} INFO - Rescheduling task, marking task as UP_FOR_RESCHEDULE
[2026-09-05T17:36:02.149+0200] {taskinstance.py:341} INFO - ::group::Post task execution logs
[2026-09-05T17:36:02.173+0200] {local_task_job_runner.py:266} INFO - Task exited with return code 0
[2026-09-05T17:36:02.178+0200] {taskinstance.py:3901} INFO - 0 downstream tasks scheduled from follow-on schedule check
[2026-09-05T17:36:02.179+0200] {local_task_job_runner.py:245} INFO - ::endgroup::
[2026-09-05T17:36:33.152+0200] {local_task_job_runner.py:123} INFO - ::group::Pre task execution logs
[2026-09-05T17:36:33.155+0200] {taskinstance.py:2614} INFO - Dependencies all met for dep_context=non-requeueable deps ti=<TaskInstance: mini_riskagent_file_ingestion.wait_for_csv scheduled__2026-09-05T15:35:00+00:00 [queued]>
[2026-09-05T17:36:33.156+0200] {taskinstance.py:2614} INFO - Dependencies all met for dep_context=requeueable deps ti=<TaskInstance: mini_riskagent_file_ingestion.wait_for_csv scheduled__2026-09-05T15:35:00+00:00 [queued]>
[2026-09-05T17:36:33.156+0200] {taskinstance.py:2867} INFO - Starting attempt 1 of 2
[2026-09-05T17:36:33.160+0200] {taskinstance.py:2890} INFO - Executing <Task(PythonSensor): wait_for_csv> on 2026-09-05 15:35:00+00:00
[2026-09-05T17:36:33.164+0200] {standard_task_runner.py:104} INFO - Running: ['airflow', 'tasks', 'run', 'mini_riskagent_file_ingestion', 'wait_for_csv', 'scheduled__2026-09-05T15:35:00+00:00', '--job-id', '165', '--raw', '--subdir', 'DAGS_FOLDER/data_ingest_pipeline.py', '--cfg-path', '/var/folders/5p/201rr1sj03g8gksxm9x48mbh0000gn/T/tmpg6souxyv']
[2026-09-05T17:36:33.165+0200] {standard_task_runner.py:105} INFO - Job 165: Subtask wait_for_csv
[2026-09-05T17:36:33.216+0200] {logging_mixin.py:190} WARNING - /Users/swarnalidatta/Desktop/AutoQueryChatbot/.airflow-venv/lib/python3.12/site-packages/airflow/task/task_runner/standard_task_runner.py:70 DeprecationWarning: This process (pid=18394) is multi-threaded, use of fork() may lead to deadlocks in the child.
[2026-09-05T17:36:33.216+0200] {standard_task_runner.py:72} INFO - Started process 18397 to run task
[2026-09-05T17:36:33.226+0200] {task_command.py:467} INFO - Running <TaskInstance: mini_riskagent_file_ingestion.wait_for_csv scheduled__2026-09-05T15:35:00+00:00 [running]> on host mac.home
[2026-09-05T17:36:33.241+0200] {taskinstance.py:3134} INFO - Exporting env vars: AIRFLOW_CTX_DAG_OWNER='autoquery' AIRFLOW_CTX_DAG_ID='mini_riskagent_file_ingestion' AIRFLOW_CTX_TASK_ID='wait_for_csv' AIRFLOW_CTX_EXECUTION_DATE='2026-09-05T15:35:00+00:00' AIRFLOW_CTX_TRY_NUMBER='1' AIRFLOW_CTX_DAG_RUN_ID='scheduled__2026-09-05T15:35:00+00:00'
[2026-09-05T17:36:33.241+0200] {logging_mixin.py:190} INFO - Task instance is in running state
[2026-09-05T17:36:33.241+0200] {logging_mixin.py:190} INFO -  Previous state of the Task instance: queued
[2026-09-05T17:36:33.242+0200] {logging_mixin.py:190} INFO - Current task name:wait_for_csv state:running start_date:2026-09-05 15:36:33.155533+00:00
[2026-09-05T17:36:33.242+0200] {logging_mixin.py:190} INFO - Dag name:mini_riskagent_file_ingestion and current dag run status:running
[2026-09-05T17:36:33.242+0200] {taskinstance.py:732} INFO - ::endgroup::
[2026-09-05T17:36:33.243+0200] {python.py:75} INFO - Poking callable: <function check_for_csv_files at 0x109ff8c20>
[2026-09-05T17:36:33.246+0200] {taskinstance.py:310} INFO - Rescheduling task, marking task as UP_FOR_RESCHEDULE
[2026-09-05T17:36:33.247+0200] {taskinstance.py:341} INFO - ::group::Post task execution logs
[2026-09-05T17:36:33.271+0200] {local_task_job_runner.py:266} INFO - Task exited with return code 0
[2026-09-05T17:36:33.276+0200] {taskinstance.py:3901} INFO - 0 downstream tasks scheduled from follow-on schedule check
[2026-09-05T17:36:33.276+0200] {local_task_job_runner.py:245} INFO - ::endgroup::
[2026-09-05T17:37:05.481+0200] {local_task_job_runner.py:123} INFO - ::group::Pre task execution logs
[2026-09-05T17:37:05.484+0200] {taskinstance.py:2614} INFO - Dependencies all met for dep_context=non-requeueable deps ti=<TaskInstance: mini_riskagent_file_ingestion.wait_for_csv scheduled__2026-09-05T15:35:00+00:00 [queued]>
[2026-09-05T17:37:05.485+0200] {taskinstance.py:2614} INFO - Dependencies all met for dep_context=requeueable deps ti=<TaskInstance: mini_riskagent_file_ingestion.wait_for_csv scheduled__2026-09-05T15:35:00+00:00 [queued]>
[2026-09-05T17:37:05.485+0200] {taskinstance.py:2867} INFO - Starting attempt 1 of 2
[2026-09-05T17:37:05.489+0200] {taskinstance.py:2890} INFO - Executing <Task(PythonSensor): wait_for_csv> on 2026-09-05 15:35:00+00:00
[2026-09-05T17:37:05.493+0200] {standard_task_runner.py:104} INFO - Running: ['airflow', 'tasks', 'run', 'mini_riskagent_file_ingestion', 'wait_for_csv', 'scheduled__2026-09-05T15:35:00+00:00', '--job-id', '173', '--raw', '--subdir', 'DAGS_FOLDER/data_ingest_pipeline.py', '--cfg-path', '/var/folders/5p/201rr1sj03g8gksxm9x48mbh0000gn/T/tmpmu790cb6']
[2026-09-05T17:37:05.494+0200] {standard_task_runner.py:105} INFO - Job 173: Subtask wait_for_csv
[2026-09-05T17:37:05.544+0200] {logging_mixin.py:190} WARNING - /Users/swarnalidatta/Desktop/AutoQueryChatbot/.airflow-venv/lib/python3.12/site-packages/airflow/task/task_runner/standard_task_runner.py:70 DeprecationWarning: This process (pid=18481) is multi-threaded, use of fork() may lead to deadlocks in the child.
[2026-09-05T17:37:05.545+0200] {standard_task_runner.py:72} INFO - Started process 18483 to run task
[2026-09-05T17:37:05.555+0200] {task_command.py:467} INFO - Running <TaskInstance: mini_riskagent_file_ingestion.wait_for_csv scheduled__2026-09-05T15:35:00+00:00 [running]> on host mac.home
[2026-09-05T17:37:05.570+0200] {taskinstance.py:3134} INFO - Exporting env vars: AIRFLOW_CTX_DAG_OWNER='autoquery' AIRFLOW_CTX_DAG_ID='mini_riskagent_file_ingestion' AIRFLOW_CTX_TASK_ID='wait_for_csv' AIRFLOW_CTX_EXECUTION_DATE='2026-09-05T15:35:00+00:00' AIRFLOW_CTX_TRY_NUMBER='1' AIRFLOW_CTX_DAG_RUN_ID='scheduled__2026-09-05T15:35:00+00:00'
[2026-09-05T17:37:05.570+0200] {logging_mixin.py:190} INFO - Task instance is in running state
[2026-09-05T17:37:05.570+0200] {logging_mixin.py:190} INFO -  Previous state of the Task instance: queued
[2026-09-05T17:37:05.571+0200] {logging_mixin.py:190} INFO - Current task name:wait_for_csv state:running start_date:2026-09-05 15:37:05.484515+00:00
[2026-09-05T17:37:05.571+0200] {logging_mixin.py:190} INFO - Dag name:mini_riskagent_file_ingestion and current dag run status:running
[2026-09-05T17:37:05.571+0200] {taskinstance.py:732} INFO - ::endgroup::
[2026-09-05T17:37:05.572+0200] {python.py:75} INFO - Poking callable: <function check_for_csv_files at 0x10c5b4c20>
[2026-09-05T17:37:05.576+0200] {taskinstance.py:310} INFO - Rescheduling task, marking task as UP_FOR_RESCHEDULE
[2026-09-05T17:37:05.576+0200] {taskinstance.py:341} INFO - ::group::Post task execution logs
[2026-09-05T17:37:05.600+0200] {local_task_job_runner.py:266} INFO - Task exited with return code 0
[2026-09-05T17:37:05.605+0200] {taskinstance.py:3901} INFO - 0 downstream tasks scheduled from follow-on schedule check
[2026-09-05T17:37:05.605+0200] {local_task_job_runner.py:245} INFO - ::endgroup::
[2026-09-05T17:37:37.626+0200] {local_task_job_runner.py:123} INFO - ::group::Pre task execution logs
[2026-09-05T17:37:37.628+0200] {taskinstance.py:2614} INFO - Dependencies all met for dep_context=non-requeueable deps ti=<TaskInstance: mini_riskagent_file_ingestion.wait_for_csv scheduled__2026-09-05T15:35:00+00:00 [queued]>
[2026-09-05T17:37:37.630+0200] {taskinstance.py:2614} INFO - Dependencies all met for dep_context=requeueable deps ti=<TaskInstance: mini_riskagent_file_ingestion.wait_for_csv scheduled__2026-09-05T15:35:00+00:00 [queued]>
[2026-09-05T17:37:37.630+0200] {taskinstance.py:2867} INFO - Starting attempt 1 of 2
[2026-09-05T17:37:37.633+0200] {taskinstance.py:2890} INFO - Executing <Task(PythonSensor): wait_for_csv> on 2026-09-05 15:35:00+00:00
[2026-09-05T17:37:37.637+0200] {standard_task_runner.py:104} INFO - Running: ['airflow', 'tasks', 'run', 'mini_riskagent_file_ingestion', 'wait_for_csv', 'scheduled__2026-09-05T15:35:00+00:00', '--job-id', '181', '--raw', '--subdir', 'DAGS_FOLDER/data_ingest_pipeline.py', '--cfg-path', '/var/folders/5p/201rr1sj03g8gksxm9x48mbh0000gn/T/tmpgrp24kwi']
[2026-09-05T17:37:37.638+0200] {standard_task_runner.py:105} INFO - Job 181: Subtask wait_for_csv
[2026-09-05T17:37:37.688+0200] {logging_mixin.py:190} WARNING - /Users/swarnalidatta/Desktop/AutoQueryChatbot/.airflow-venv/lib/python3.12/site-packages/airflow/task/task_runner/standard_task_runner.py:70 DeprecationWarning: This process (pid=18572) is multi-threaded, use of fork() may lead to deadlocks in the child.
[2026-09-05T17:37:37.688+0200] {standard_task_runner.py:72} INFO - Started process 18574 to run task
[2026-09-05T17:37:37.700+0200] {task_command.py:467} INFO - Running <TaskInstance: mini_riskagent_file_ingestion.wait_for_csv scheduled__2026-09-05T15:35:00+00:00 [running]> on host mac.home
[2026-09-05T17:37:37.715+0200] {taskinstance.py:3134} INFO - Exporting env vars: AIRFLOW_CTX_DAG_OWNER='autoquery' AIRFLOW_CTX_DAG_ID='mini_riskagent_file_ingestion' AIRFLOW_CTX_TASK_ID='wait_for_csv' AIRFLOW_CTX_EXECUTION_DATE='2026-09-05T15:35:00+00:00' AIRFLOW_CTX_TRY_NUMBER='1' AIRFLOW_CTX_DAG_RUN_ID='scheduled__2026-09-05T15:35:00+00:00'
[2026-09-05T17:37:37.716+0200] {logging_mixin.py:190} INFO - Task instance is in running state
[2026-09-05T17:37:37.716+0200] {logging_mixin.py:190} INFO -  Previous state of the Task instance: queued
[2026-09-05T17:37:37.716+0200] {logging_mixin.py:190} INFO - Current task name:wait_for_csv state:running start_date:2026-09-05 15:37:37.628917+00:00
[2026-09-05T17:37:37.716+0200] {logging_mixin.py:190} INFO - Dag name:mini_riskagent_file_ingestion and current dag run status:running
[2026-09-05T17:37:37.717+0200] {taskinstance.py:732} INFO - ::endgroup::
[2026-09-05T17:37:37.718+0200] {python.py:75} INFO - Poking callable: <function check_for_csv_files at 0x10a454c20>
[2026-09-05T17:37:37.721+0200] {taskinstance.py:310} INFO - Rescheduling task, marking task as UP_FOR_RESCHEDULE
[2026-09-05T17:37:37.721+0200] {taskinstance.py:341} INFO - ::group::Post task execution logs
[2026-09-05T17:37:37.743+0200] {local_task_job_runner.py:266} INFO - Task exited with return code 0
[2026-09-05T17:37:37.748+0200] {taskinstance.py:3901} INFO - 0 downstream tasks scheduled from follow-on schedule check
[2026-09-05T17:37:37.748+0200] {local_task_job_runner.py:245} INFO - ::endgroup::
[2026-09-05T17:38:09.109+0200] {local_task_job_runner.py:123} INFO - ::group::Pre task execution logs
[2026-09-05T17:38:09.111+0200] {taskinstance.py:2614} INFO - Dependencies all met for dep_context=non-requeueable deps ti=<TaskInstance: mini_riskagent_file_ingestion.wait_for_csv scheduled__2026-09-05T15:35:00+00:00 [queued]>
[2026-09-05T17:38:09.113+0200] {taskinstance.py:2614} INFO - Dependencies all met for dep_context=requeueable deps ti=<TaskInstance: mini_riskagent_file_ingestion.wait_for_csv scheduled__2026-09-05T15:35:00+00:00 [queued]>
[2026-09-05T17:38:09.113+0200] {taskinstance.py:2867} INFO - Starting attempt 1 of 2
[2026-09-05T17:38:09.117+0200] {taskinstance.py:2890} INFO - Executing <Task(PythonSensor): wait_for_csv> on 2026-09-05 15:35:00+00:00
[2026-09-05T17:38:09.121+0200] {standard_task_runner.py:104} INFO - Running: ['airflow', 'tasks', 'run', 'mini_riskagent_file_ingestion', 'wait_for_csv', 'scheduled__2026-09-05T15:35:00+00:00', '--job-id', '190', '--raw', '--subdir', 'DAGS_FOLDER/data_ingest_pipeline.py', '--cfg-path', '/var/folders/5p/201rr1sj03g8gksxm9x48mbh0000gn/T/tmpy847f0fr']
[2026-09-05T17:38:09.121+0200] {standard_task_runner.py:105} INFO - Job 190: Subtask wait_for_csv
[2026-09-05T17:38:09.172+0200] {logging_mixin.py:190} WARNING - /Users/swarnalidatta/Desktop/AutoQueryChatbot/.airflow-venv/lib/python3.12/site-packages/airflow/task/task_runner/standard_task_runner.py:70 DeprecationWarning: This process (pid=18661) is multi-threaded, use of fork() may lead to deadlocks in the child.
[2026-09-05T17:38:09.172+0200] {standard_task_runner.py:72} INFO - Started process 18663 to run task
[2026-09-05T17:38:09.182+0200] {task_command.py:467} INFO - Running <TaskInstance: mini_riskagent_file_ingestion.wait_for_csv scheduled__2026-09-05T15:35:00+00:00 [running]> on host mac.home
[2026-09-05T17:38:09.197+0200] {taskinstance.py:3134} INFO - Exporting env vars: AIRFLOW_CTX_DAG_OWNER='autoquery' AIRFLOW_CTX_DAG_ID='mini_riskagent_file_ingestion' AIRFLOW_CTX_TASK_ID='wait_for_csv' AIRFLOW_CTX_EXECUTION_DATE='2026-09-05T15:35:00+00:00' AIRFLOW_CTX_TRY_NUMBER='1' AIRFLOW_CTX_DAG_RUN_ID='scheduled__2026-09-05T15:35:00+00:00'
[2026-09-05T17:38:09.198+0200] {logging_mixin.py:190} INFO - Task instance is in running state
[2026-09-05T17:38:09.198+0200] {logging_mixin.py:190} INFO -  Previous state of the Task instance: queued
[2026-09-05T17:38:09.198+0200] {logging_mixin.py:190} INFO - Current task name:wait_for_csv state:running start_date:2026-09-05 15:38:09.111999+00:00
[2026-09-05T17:38:09.198+0200] {logging_mixin.py:190} INFO - Dag name:mini_riskagent_file_ingestion and current dag run status:running
[2026-09-05T17:38:09.199+0200] {taskinstance.py:732} INFO - ::endgroup::
[2026-09-05T17:38:09.200+0200] {python.py:75} INFO - Poking callable: <function check_for_csv_files at 0x10ca00c20>
[2026-09-05T17:38:09.203+0200] {taskinstance.py:310} INFO - Rescheduling task, marking task as UP_FOR_RESCHEDULE
[2026-09-05T17:38:09.203+0200] {taskinstance.py:341} INFO - ::group::Post task execution logs
[2026-09-05T17:38:09.228+0200] {local_task_job_runner.py:266} INFO - Task exited with return code 0
[2026-09-05T17:38:09.233+0200] {taskinstance.py:3901} INFO - 0 downstream tasks scheduled from follow-on schedule check
[2026-09-05T17:38:09.233+0200] {local_task_job_runner.py:245} INFO - ::endgroup::
[2026-09-05T17:38:41.590+0200] {local_task_job_runner.py:123} INFO - ::group::Pre task execution logs
[2026-09-05T17:38:41.593+0200] {taskinstance.py:2614} INFO - Dependencies all met for dep_context=non-requeueable deps ti=<TaskInstance: mini_riskagent_file_ingestion.wait_for_csv scheduled__2026-09-05T15:35:00+00:00 [queued]>
[2026-09-05T17:38:41.595+0200] {taskinstance.py:2614} INFO - Dependencies all met for dep_context=requeueable deps ti=<TaskInstance: mini_riskagent_file_ingestion.wait_for_csv scheduled__2026-09-05T15:35:00+00:00 [queued]>
[2026-09-05T17:38:41.595+0200] {taskinstance.py:2867} INFO - Starting attempt 1 of 2
[2026-09-05T17:38:41.598+0200] {taskinstance.py:2890} INFO - Executing <Task(PythonSensor): wait_for_csv> on 2026-09-05 15:35:00+00:00
[2026-09-05T17:38:41.602+0200] {standard_task_runner.py:104} INFO - Running: ['airflow', 'tasks', 'run', 'mini_riskagent_file_ingestion', 'wait_for_csv', 'scheduled__2026-09-05T15:35:00+00:00', '--job-id', '199', '--raw', '--subdir', 'DAGS_FOLDER/data_ingest_pipeline.py', '--cfg-path', '/var/folders/5p/201rr1sj03g8gksxm9x48mbh0000gn/T/tmpufzlw0p_']
[2026-09-05T17:38:41.603+0200] {standard_task_runner.py:105} INFO - Job 199: Subtask wait_for_csv
[2026-09-05T17:38:41.654+0200] {logging_mixin.py:190} WARNING - /Users/swarnalidatta/Desktop/AutoQueryChatbot/.airflow-venv/lib/python3.12/site-packages/airflow/task/task_runner/standard_task_runner.py:70 DeprecationWarning: This process (pid=18751) is multi-threaded, use of fork() may lead to deadlocks in the child.
[2026-09-05T17:38:41.655+0200] {standard_task_runner.py:72} INFO - Started process 18753 to run task
[2026-09-05T17:38:41.665+0200] {task_command.py:467} INFO - Running <TaskInstance: mini_riskagent_file_ingestion.wait_for_csv scheduled__2026-09-05T15:35:00+00:00 [running]> on host mac.home
[2026-09-05T17:38:41.680+0200] {taskinstance.py:3134} INFO - Exporting env vars: AIRFLOW_CTX_DAG_OWNER='autoquery' AIRFLOW_CTX_DAG_ID='mini_riskagent_file_ingestion' AIRFLOW_CTX_TASK_ID='wait_for_csv' AIRFLOW_CTX_EXECUTION_DATE='2026-09-05T15:35:00+00:00' AIRFLOW_CTX_TRY_NUMBER='1' AIRFLOW_CTX_DAG_RUN_ID='scheduled__2026-09-05T15:35:00+00:00'
[2026-09-05T17:38:41.681+0200] {logging_mixin.py:190} INFO - Task instance is in running state
[2026-09-05T17:38:41.681+0200] {logging_mixin.py:190} INFO -  Previous state of the Task instance: queued
[2026-09-05T17:38:41.681+0200] {logging_mixin.py:190} INFO - Current task name:wait_for_csv state:running start_date:2026-09-05 15:38:41.593621+00:00
[2026-09-05T17:38:41.681+0200] {logging_mixin.py:190} INFO - Dag name:mini_riskagent_file_ingestion and current dag run status:running
[2026-09-05T17:38:41.681+0200] {taskinstance.py:732} INFO - ::endgroup::
[2026-09-05T17:38:41.683+0200] {python.py:75} INFO - Poking callable: <function check_for_csv_files at 0x10a768c20>
[2026-09-05T17:38:41.686+0200] {taskinstance.py:310} INFO - Rescheduling task, marking task as UP_FOR_RESCHEDULE
[2026-09-05T17:38:41.686+0200] {taskinstance.py:341} INFO - ::group::Post task execution logs
[2026-09-05T17:38:41.710+0200] {local_task_job_runner.py:266} INFO - Task exited with return code 0
[2026-09-05T17:38:41.715+0200] {taskinstance.py:3901} INFO - 0 downstream tasks scheduled from follow-on schedule check
[2026-09-05T17:38:41.715+0200] {local_task_job_runner.py:245} INFO - ::endgroup::
[2026-09-05T17:39:13.759+0200] {local_task_job_runner.py:123} INFO - ::group::Pre task execution logs
[2026-09-05T17:39:13.762+0200] {taskinstance.py:2614} INFO - Dependencies all met for dep_context=non-requeueable deps ti=<TaskInstance: mini_riskagent_file_ingestion.wait_for_csv scheduled__2026-09-05T15:35:00+00:00 [queued]>
[2026-09-05T17:39:13.763+0200] {taskinstance.py:2614} INFO - Dependencies all met for dep_context=requeueable deps ti=<TaskInstance: mini_riskagent_file_ingestion.wait_for_csv scheduled__2026-09-05T15:35:00+00:00 [queued]>
[2026-09-05T17:39:13.763+0200] {taskinstance.py:2867} INFO - Starting attempt 1 of 2
[2026-09-05T17:39:13.767+0200] {taskinstance.py:2890} INFO - Executing <Task(PythonSensor): wait_for_csv> on 2026-09-05 15:35:00+00:00
[2026-09-05T17:39:13.771+0200] {standard_task_runner.py:104} INFO - Running: ['airflow', 'tasks', 'run', 'mini_riskagent_file_ingestion', 'wait_for_csv', 'scheduled__2026-09-05T15:35:00+00:00', '--job-id', '209', '--raw', '--subdir', 'DAGS_FOLDER/data_ingest_pipeline.py', '--cfg-path', '/var/folders/5p/201rr1sj03g8gksxm9x48mbh0000gn/T/tmp6w9tfqia']
[2026-09-05T17:39:13.772+0200] {standard_task_runner.py:105} INFO - Job 209: Subtask wait_for_csv
[2026-09-05T17:39:13.821+0200] {logging_mixin.py:190} WARNING - /Users/swarnalidatta/Desktop/AutoQueryChatbot/.airflow-venv/lib/python3.12/site-packages/airflow/task/task_runner/standard_task_runner.py:70 DeprecationWarning: This process (pid=18843) is multi-threaded, use of fork() may lead to deadlocks in the child.
[2026-09-05T17:39:13.821+0200] {standard_task_runner.py:72} INFO - Started process 18849 to run task
[2026-09-05T17:39:13.834+0200] {task_command.py:467} INFO - Running <TaskInstance: mini_riskagent_file_ingestion.wait_for_csv scheduled__2026-09-05T15:35:00+00:00 [running]> on host mac.home
[2026-09-05T17:39:13.851+0200] {taskinstance.py:3134} INFO - Exporting env vars: AIRFLOW_CTX_DAG_OWNER='autoquery' AIRFLOW_CTX_DAG_ID='mini_riskagent_file_ingestion' AIRFLOW_CTX_TASK_ID='wait_for_csv' AIRFLOW_CTX_EXECUTION_DATE='2026-09-05T15:35:00+00:00' AIRFLOW_CTX_TRY_NUMBER='1' AIRFLOW_CTX_DAG_RUN_ID='scheduled__2026-09-05T15:35:00+00:00'
[2026-09-05T17:39:13.851+0200] {logging_mixin.py:190} INFO - Task instance is in running state
[2026-09-05T17:39:13.851+0200] {logging_mixin.py:190} INFO -  Previous state of the Task instance: queued
[2026-09-05T17:39:13.851+0200] {logging_mixin.py:190} INFO - Current task name:wait_for_csv state:running start_date:2026-09-05 15:39:13.762354+00:00
[2026-09-05T17:39:13.852+0200] {logging_mixin.py:190} INFO - Dag name:mini_riskagent_file_ingestion and current dag run status:running
[2026-09-05T17:39:13.852+0200] {taskinstance.py:732} INFO - ::endgroup::
[2026-09-05T17:39:13.853+0200] {python.py:75} INFO - Poking callable: <function check_for_csv_files at 0x10a5f4c20>
[2026-09-05T17:39:13.856+0200] {taskinstance.py:310} INFO - Rescheduling task, marking task as UP_FOR_RESCHEDULE
[2026-09-05T17:39:13.856+0200] {taskinstance.py:341} INFO - ::group::Post task execution logs
[2026-09-05T17:39:13.876+0200] {local_task_job_runner.py:266} INFO - Task exited with return code 0
[2026-09-05T17:39:13.881+0200] {taskinstance.py:3901} INFO - 0 downstream tasks scheduled from follow-on schedule check
[2026-09-05T17:39:13.882+0200] {local_task_job_runner.py:245} INFO - ::endgroup::
[2026-09-05T17:39:46.245+0200] {local_task_job_runner.py:123} INFO - ::group::Pre task execution logs
[2026-09-05T17:39:46.248+0200] {taskinstance.py:2614} INFO - Dependencies all met for dep_context=non-requeueable deps ti=<TaskInstance: mini_riskagent_file_ingestion.wait_for_csv scheduled__2026-09-05T15:35:00+00:00 [queued]>
[2026-09-05T17:39:46.249+0200] {taskinstance.py:2614} INFO - Dependencies all met for dep_context=requeueable deps ti=<TaskInstance: mini_riskagent_file_ingestion.wait_for_csv scheduled__2026-09-05T15:35:00+00:00 [queued]>
[2026-09-05T17:39:46.249+0200] {taskinstance.py:2867} INFO - Starting attempt 1 of 2
[2026-09-05T17:39:46.253+0200] {taskinstance.py:2890} INFO - Executing <Task(PythonSensor): wait_for_csv> on 2026-09-05 15:35:00+00:00
[2026-09-05T17:39:46.257+0200] {standard_task_runner.py:104} INFO - Running: ['airflow', 'tasks', 'run', 'mini_riskagent_file_ingestion', 'wait_for_csv', 'scheduled__2026-09-05T15:35:00+00:00', '--job-id', '219', '--raw', '--subdir', 'DAGS_FOLDER/data_ingest_pipeline.py', '--cfg-path', '/var/folders/5p/201rr1sj03g8gksxm9x48mbh0000gn/T/tmpcvkg5txp']
[2026-09-05T17:39:46.258+0200] {standard_task_runner.py:105} INFO - Job 219: Subtask wait_for_csv
[2026-09-05T17:39:46.308+0200] {logging_mixin.py:190} WARNING - /Users/swarnalidatta/Desktop/AutoQueryChatbot/.airflow-venv/lib/python3.12/site-packages/airflow/task/task_runner/standard_task_runner.py:70 DeprecationWarning: This process (pid=18940) is multi-threaded, use of fork() may lead to deadlocks in the child.
[2026-09-05T17:39:46.308+0200] {standard_task_runner.py:72} INFO - Started process 18942 to run task
[2026-09-05T17:39:46.319+0200] {task_command.py:467} INFO - Running <TaskInstance: mini_riskagent_file_ingestion.wait_for_csv scheduled__2026-09-05T15:35:00+00:00 [running]> on host mac.home
[2026-09-05T17:39:46.335+0200] {taskinstance.py:3134} INFO - Exporting env vars: AIRFLOW_CTX_DAG_OWNER='autoquery' AIRFLOW_CTX_DAG_ID='mini_riskagent_file_ingestion' AIRFLOW_CTX_TASK_ID='wait_for_csv' AIRFLOW_CTX_EXECUTION_DATE='2026-09-05T15:35:00+00:00' AIRFLOW_CTX_TRY_NUMBER='1' AIRFLOW_CTX_DAG_RUN_ID='scheduled__2026-09-05T15:35:00+00:00'
[2026-09-05T17:39:46.335+0200] {logging_mixin.py:190} INFO - Task instance is in running state
[2026-09-05T17:39:46.335+0200] {logging_mixin.py:190} INFO -  Previous state of the Task instance: queued
[2026-09-05T17:39:46.335+0200] {logging_mixin.py:190} INFO - Current task name:wait_for_csv state:running start_date:2026-09-05 15:39:46.248374+00:00
[2026-09-05T17:39:46.335+0200] {logging_mixin.py:190} INFO - Dag name:mini_riskagent_file_ingestion and current dag run status:running
[2026-09-05T17:39:46.336+0200] {taskinstance.py:732} INFO - ::endgroup::
[2026-09-05T17:39:46.337+0200] {python.py:75} INFO - Poking callable: <function check_for_csv_files at 0x10b100c20>
[2026-09-05T17:39:46.340+0200] {taskinstance.py:310} INFO - Rescheduling task, marking task as UP_FOR_RESCHEDULE
[2026-09-05T17:39:46.340+0200] {taskinstance.py:341} INFO - ::group::Post task execution logs
[2026-09-05T17:39:46.364+0200] {local_task_job_runner.py:266} INFO - Task exited with return code 0
[2026-09-05T17:39:46.369+0200] {taskinstance.py:3901} INFO - 0 downstream tasks scheduled from follow-on schedule check
[2026-09-05T17:39:46.369+0200] {local_task_job_runner.py:245} INFO - ::endgroup::
[2026-09-05T17:40:18.823+0200] {local_task_job_runner.py:123} INFO - ::group::Pre task execution logs
[2026-09-05T17:40:18.826+0200] {taskinstance.py:2614} INFO - Dependencies all met for dep_context=non-requeueable deps ti=<TaskInstance: mini_riskagent_file_ingestion.wait_for_csv scheduled__2026-09-05T15:35:00+00:00 [queued]>
[2026-09-05T17:40:18.827+0200] {taskinstance.py:2614} INFO - Dependencies all met for dep_context=requeueable deps ti=<TaskInstance: mini_riskagent_file_ingestion.wait_for_csv scheduled__2026-09-05T15:35:00+00:00 [queued]>
[2026-09-05T17:40:18.827+0200] {taskinstance.py:2867} INFO - Starting attempt 1 of 2
[2026-09-05T17:40:18.831+0200] {taskinstance.py:2890} INFO - Executing <Task(PythonSensor): wait_for_csv> on 2026-09-05 15:35:00+00:00
[2026-09-05T17:40:18.835+0200] {standard_task_runner.py:104} INFO - Running: ['airflow', 'tasks', 'run', 'mini_riskagent_file_ingestion', 'wait_for_csv', 'scheduled__2026-09-05T15:35:00+00:00', '--job-id', '230', '--raw', '--subdir', 'DAGS_FOLDER/data_ingest_pipeline.py', '--cfg-path', '/var/folders/5p/201rr1sj03g8gksxm9x48mbh0000gn/T/tmp18alg8aw']
[2026-09-05T17:40:18.836+0200] {standard_task_runner.py:105} INFO - Job 230: Subtask wait_for_csv
[2026-09-05T17:40:18.885+0200] {logging_mixin.py:190} WARNING - /Users/swarnalidatta/Desktop/AutoQueryChatbot/.airflow-venv/lib/python3.12/site-packages/airflow/task/task_runner/standard_task_runner.py:70 DeprecationWarning: This process (pid=19033) is multi-threaded, use of fork() may lead to deadlocks in the child.
[2026-09-05T17:40:18.885+0200] {standard_task_runner.py:72} INFO - Started process 19035 to run task
[2026-09-05T17:40:18.898+0200] {task_command.py:467} INFO - Running <TaskInstance: mini_riskagent_file_ingestion.wait_for_csv scheduled__2026-09-05T15:35:00+00:00 [running]> on host mac.home
[2026-09-05T17:40:18.914+0200] {taskinstance.py:3134} INFO - Exporting env vars: AIRFLOW_CTX_DAG_OWNER='autoquery' AIRFLOW_CTX_DAG_ID='mini_riskagent_file_ingestion' AIRFLOW_CTX_TASK_ID='wait_for_csv' AIRFLOW_CTX_EXECUTION_DATE='2026-09-05T15:35:00+00:00' AIRFLOW_CTX_TRY_NUMBER='1' AIRFLOW_CTX_DAG_RUN_ID='scheduled__2026-09-05T15:35:00+00:00'
[2026-09-05T17:40:18.914+0200] {logging_mixin.py:190} INFO - Task instance is in running state
[2026-09-05T17:40:18.914+0200] {logging_mixin.py:190} INFO -  Previous state of the Task instance: queued
[2026-09-05T17:40:18.914+0200] {logging_mixin.py:190} INFO - Current task name:wait_for_csv state:running start_date:2026-09-05 15:40:18.826411+00:00
[2026-09-05T17:40:18.914+0200] {logging_mixin.py:190} INFO - Dag name:mini_riskagent_file_ingestion and current dag run status:running
[2026-09-05T17:40:18.915+0200] {taskinstance.py:732} INFO - ::endgroup::
[2026-09-05T17:40:18.916+0200] {python.py:75} INFO - Poking callable: <function check_for_csv_files at 0x107f04c20>
[2026-09-05T17:40:18.919+0200] {taskinstance.py:310} INFO - Rescheduling task, marking task as UP_FOR_RESCHEDULE
[2026-09-05T17:40:18.919+0200] {taskinstance.py:341} INFO - ::group::Post task execution logs
[2026-09-05T17:40:18.941+0200] {local_task_job_runner.py:266} INFO - Task exited with return code 0
[2026-09-05T17:40:18.946+0200] {taskinstance.py:3901} INFO - 0 downstream tasks scheduled from follow-on schedule check
[2026-09-05T17:40:18.946+0200] {local_task_job_runner.py:245} INFO - ::endgroup::
[2026-09-05T17:40:50.943+0200] {local_task_job_runner.py:123} INFO - ::group::Pre task execution logs
[2026-09-05T17:40:50.946+0200] {taskinstance.py:2614} INFO - Dependencies all met for dep_context=non-requeueable deps ti=<TaskInstance: mini_riskagent_file_ingestion.wait_for_csv scheduled__2026-09-05T15:35:00+00:00 [queued]>
[2026-09-05T17:40:50.947+0200] {taskinstance.py:2614} INFO - Dependencies all met for dep_context=requeueable deps ti=<TaskInstance: mini_riskagent_file_ingestion.wait_for_csv scheduled__2026-09-05T15:35:00+00:00 [queued]>
[2026-09-05T17:40:50.948+0200] {taskinstance.py:2867} INFO - Starting attempt 1 of 2
[2026-09-05T17:40:50.951+0200] {taskinstance.py:2890} INFO - Executing <Task(PythonSensor): wait_for_csv> on 2026-09-05 15:35:00+00:00
[2026-09-05T17:40:50.955+0200] {standard_task_runner.py:104} INFO - Running: ['airflow', 'tasks', 'run', 'mini_riskagent_file_ingestion', 'wait_for_csv', 'scheduled__2026-09-05T15:35:00+00:00', '--job-id', '241', '--raw', '--subdir', 'DAGS_FOLDER/data_ingest_pipeline.py', '--cfg-path', '/var/folders/5p/201rr1sj03g8gksxm9x48mbh0000gn/T/tmpok014g5g']
[2026-09-05T17:40:50.956+0200] {standard_task_runner.py:105} INFO - Job 241: Subtask wait_for_csv
[2026-09-05T17:40:51.006+0200] {logging_mixin.py:190} WARNING - /Users/swarnalidatta/Desktop/AutoQueryChatbot/.airflow-venv/lib/python3.12/site-packages/airflow/task/task_runner/standard_task_runner.py:70 DeprecationWarning: This process (pid=19131) is multi-threaded, use of fork() may lead to deadlocks in the child.
[2026-09-05T17:40:51.006+0200] {standard_task_runner.py:72} INFO - Started process 19133 to run task
[2026-09-05T17:40:51.018+0200] {task_command.py:467} INFO - Running <TaskInstance: mini_riskagent_file_ingestion.wait_for_csv scheduled__2026-09-05T15:35:00+00:00 [running]> on host mac.home
[2026-09-05T17:40:51.034+0200] {taskinstance.py:3134} INFO - Exporting env vars: AIRFLOW_CTX_DAG_OWNER='autoquery' AIRFLOW_CTX_DAG_ID='mini_riskagent_file_ingestion' AIRFLOW_CTX_TASK_ID='wait_for_csv' AIRFLOW_CTX_EXECUTION_DATE='2026-09-05T15:35:00+00:00' AIRFLOW_CTX_TRY_NUMBER='1' AIRFLOW_CTX_DAG_RUN_ID='scheduled__2026-09-05T15:35:00+00:00'
[2026-09-05T17:40:51.034+0200] {logging_mixin.py:190} INFO - Task instance is in running state
[2026-09-05T17:40:51.034+0200] {logging_mixin.py:190} INFO -  Previous state of the Task instance: queued
[2026-09-05T17:40:51.034+0200] {logging_mixin.py:190} INFO - Current task name:wait_for_csv state:running start_date:2026-09-05 15:40:50.946613+00:00
[2026-09-05T17:40:51.034+0200] {logging_mixin.py:190} INFO - Dag name:mini_riskagent_file_ingestion and current dag run status:running
[2026-09-05T17:40:51.035+0200] {taskinstance.py:732} INFO - ::endgroup::
[2026-09-05T17:40:51.036+0200] {python.py:75} INFO - Poking callable: <function check_for_csv_files at 0x108c90c20>
[2026-09-05T17:40:51.039+0200] {taskinstance.py:310} INFO - Rescheduling task, marking task as UP_FOR_RESCHEDULE
[2026-09-05T17:40:51.039+0200] {taskinstance.py:341} INFO - ::group::Post task execution logs
[2026-09-05T17:40:51.062+0200] {local_task_job_runner.py:266} INFO - Task exited with return code 0
[2026-09-05T17:40:51.067+0200] {taskinstance.py:3901} INFO - 0 downstream tasks scheduled from follow-on schedule check
[2026-09-05T17:40:51.067+0200] {local_task_job_runner.py:245} INFO - ::endgroup::
[2026-09-05T17:41:23.537+0200] {local_task_job_runner.py:123} INFO - ::group::Pre task execution logs
[2026-09-05T17:41:23.540+0200] {taskinstance.py:2614} INFO - Dependencies all met for dep_context=non-requeueable deps ti=<TaskInstance: mini_riskagent_file_ingestion.wait_for_csv scheduled__2026-09-05T15:35:00+00:00 [queued]>
[2026-09-05T17:41:23.541+0200] {taskinstance.py:2614} INFO - Dependencies all met for dep_context=requeueable deps ti=<TaskInstance: mini_riskagent_file_ingestion.wait_for_csv scheduled__2026-09-05T15:35:00+00:00 [queued]>
[2026-09-05T17:41:23.541+0200] {taskinstance.py:2867} INFO - Starting attempt 1 of 2
[2026-09-05T17:41:23.545+0200] {taskinstance.py:2890} INFO - Executing <Task(PythonSensor): wait_for_csv> on 2026-09-05 15:35:00+00:00
[2026-09-05T17:41:23.549+0200] {standard_task_runner.py:104} INFO - Running: ['airflow', 'tasks', 'run', 'mini_riskagent_file_ingestion', 'wait_for_csv', 'scheduled__2026-09-05T15:35:00+00:00', '--job-id', '253', '--raw', '--subdir', 'DAGS_FOLDER/data_ingest_pipeline.py', '--cfg-path', '/var/folders/5p/201rr1sj03g8gksxm9x48mbh0000gn/T/tmpn92pcexq']
[2026-09-05T17:41:23.550+0200] {standard_task_runner.py:105} INFO - Job 253: Subtask wait_for_csv
[2026-09-05T17:41:23.600+0200] {logging_mixin.py:190} WARNING - /Users/swarnalidatta/Desktop/AutoQueryChatbot/.airflow-venv/lib/python3.12/site-packages/airflow/task/task_runner/standard_task_runner.py:70 DeprecationWarning: This process (pid=19432) is multi-threaded, use of fork() may lead to deadlocks in the child.
[2026-09-05T17:41:23.600+0200] {standard_task_runner.py:72} INFO - Started process 19434 to run task
[2026-09-05T17:41:23.612+0200] {task_command.py:467} INFO - Running <TaskInstance: mini_riskagent_file_ingestion.wait_for_csv scheduled__2026-09-05T15:35:00+00:00 [running]> on host mac.home
[2026-09-05T17:41:23.627+0200] {taskinstance.py:3134} INFO - Exporting env vars: AIRFLOW_CTX_DAG_OWNER='autoquery' AIRFLOW_CTX_DAG_ID='mini_riskagent_file_ingestion' AIRFLOW_CTX_TASK_ID='wait_for_csv' AIRFLOW_CTX_EXECUTION_DATE='2026-09-05T15:35:00+00:00' AIRFLOW_CTX_TRY_NUMBER='1' AIRFLOW_CTX_DAG_RUN_ID='scheduled__2026-09-05T15:35:00+00:00'
[2026-09-05T17:41:23.627+0200] {logging_mixin.py:190} INFO - Task instance is in running state
[2026-09-05T17:41:23.627+0200] {logging_mixin.py:190} INFO -  Previous state of the Task instance: queued
[2026-09-05T17:41:23.628+0200] {logging_mixin.py:190} INFO - Current task name:wait_for_csv state:running start_date:2026-09-05 15:41:23.540358+00:00
[2026-09-05T17:41:23.628+0200] {logging_mixin.py:190} INFO - Dag name:mini_riskagent_file_ingestion and current dag run status:running
[2026-09-05T17:41:23.628+0200] {taskinstance.py:732} INFO - ::endgroup::
[2026-09-05T17:41:23.629+0200] {python.py:75} INFO - Poking callable: <function check_for_csv_files at 0x10866cc20>
[2026-09-05T17:41:23.632+0200] {taskinstance.py:310} INFO - Rescheduling task, marking task as UP_FOR_RESCHEDULE
[2026-09-05T17:41:23.633+0200] {taskinstance.py:341} INFO - ::group::Post task execution logs
[2026-09-05T17:41:23.656+0200] {local_task_job_runner.py:266} INFO - Task exited with return code 0
[2026-09-05T17:41:23.661+0200] {taskinstance.py:3901} INFO - 0 downstream tasks scheduled from follow-on schedule check
[2026-09-05T17:41:23.661+0200] {local_task_job_runner.py:245} INFO - ::endgroup::
[2026-09-05T17:41:54.568+0200] {local_task_job_runner.py:123} INFO - ::group::Pre task execution logs
[2026-09-05T17:41:54.570+0200] {taskinstance.py:2614} INFO - Dependencies all met for dep_context=non-requeueable deps ti=<TaskInstance: mini_riskagent_file_ingestion.wait_for_csv scheduled__2026-09-05T15:35:00+00:00 [queued]>
[2026-09-05T17:41:54.572+0200] {taskinstance.py:2614} INFO - Dependencies all met for dep_context=requeueable deps ti=<TaskInstance: mini_riskagent_file_ingestion.wait_for_csv scheduled__2026-09-05T15:35:00+00:00 [queued]>
[2026-09-05T17:41:54.572+0200] {taskinstance.py:2867} INFO - Starting attempt 1 of 2
[2026-09-05T17:41:54.576+0200] {taskinstance.py:2890} INFO - Executing <Task(PythonSensor): wait_for_csv> on 2026-09-05 15:35:00+00:00
[2026-09-05T17:41:54.580+0200] {standard_task_runner.py:104} INFO - Running: ['airflow', 'tasks', 'run', 'mini_riskagent_file_ingestion', 'wait_for_csv', 'scheduled__2026-09-05T15:35:00+00:00', '--job-id', '265', '--raw', '--subdir', 'DAGS_FOLDER/data_ingest_pipeline.py', '--cfg-path', '/var/folders/5p/201rr1sj03g8gksxm9x48mbh0000gn/T/tmp8m_re237']
[2026-09-05T17:41:54.581+0200] {standard_task_runner.py:105} INFO - Job 265: Subtask wait_for_csv
[2026-09-05T17:41:54.632+0200] {logging_mixin.py:190} WARNING - /Users/swarnalidatta/Desktop/AutoQueryChatbot/.airflow-venv/lib/python3.12/site-packages/airflow/task/task_runner/standard_task_runner.py:70 DeprecationWarning: This process (pid=19529) is multi-threaded, use of fork() may lead to deadlocks in the child.
[2026-09-05T17:41:54.633+0200] {standard_task_runner.py:72} INFO - Started process 19531 to run task
[2026-09-05T17:41:54.643+0200] {task_command.py:467} INFO - Running <TaskInstance: mini_riskagent_file_ingestion.wait_for_csv scheduled__2026-09-05T15:35:00+00:00 [running]> on host mac.home
[2026-09-05T17:41:54.659+0200] {taskinstance.py:3134} INFO - Exporting env vars: AIRFLOW_CTX_DAG_OWNER='autoquery' AIRFLOW_CTX_DAG_ID='mini_riskagent_file_ingestion' AIRFLOW_CTX_TASK_ID='wait_for_csv' AIRFLOW_CTX_EXECUTION_DATE='2026-09-05T15:35:00+00:00' AIRFLOW_CTX_TRY_NUMBER='1' AIRFLOW_CTX_DAG_RUN_ID='scheduled__2026-09-05T15:35:00+00:00'
[2026-09-05T17:41:54.659+0200] {logging_mixin.py:190} INFO - Task instance is in running state
[2026-09-05T17:41:54.659+0200] {logging_mixin.py:190} INFO -  Previous state of the Task instance: queued
[2026-09-05T17:41:54.659+0200] {logging_mixin.py:190} INFO - Current task name:wait_for_csv state:running start_date:2026-09-05 15:41:54.571064+00:00
[2026-09-05T17:41:54.659+0200] {logging_mixin.py:190} INFO - Dag name:mini_riskagent_file_ingestion and current dag run status:running
[2026-09-05T17:41:54.660+0200] {taskinstance.py:732} INFO - ::endgroup::
[2026-09-05T17:41:54.661+0200] {python.py:75} INFO - Poking callable: <function check_for_csv_files at 0x10bf90c20>
[2026-09-05T17:41:54.664+0200] {taskinstance.py:310} INFO - Rescheduling task, marking task as UP_FOR_RESCHEDULE
[2026-09-05T17:41:54.664+0200] {taskinstance.py:341} INFO - ::group::Post task execution logs
[2026-09-05T17:41:54.688+0200] {local_task_job_runner.py:266} INFO - Task exited with return code 0
[2026-09-05T17:41:54.693+0200] {taskinstance.py:3901} INFO - 0 downstream tasks scheduled from follow-on schedule check
[2026-09-05T17:41:54.693+0200] {local_task_job_runner.py:245} INFO - ::endgroup::
[2026-09-05T17:42:26.625+0200] {local_task_job_runner.py:123} INFO - ::group::Pre task execution logs
[2026-09-05T17:42:26.627+0200] {taskinstance.py:2614} INFO - Dependencies all met for dep_context=non-requeueable deps ti=<TaskInstance: mini_riskagent_file_ingestion.wait_for_csv scheduled__2026-09-05T15:35:00+00:00 [queued]>
[2026-09-05T17:42:26.629+0200] {taskinstance.py:2614} INFO - Dependencies all met for dep_context=requeueable deps ti=<TaskInstance: mini_riskagent_file_ingestion.wait_for_csv scheduled__2026-09-05T15:35:00+00:00 [queued]>
[2026-09-05T17:42:26.629+0200] {taskinstance.py:2867} INFO - Starting attempt 1 of 2
[2026-09-05T17:42:26.632+0200] {taskinstance.py:2890} INFO - Executing <Task(PythonSensor): wait_for_csv> on 2026-09-05 15:35:00+00:00
[2026-09-05T17:42:26.636+0200] {standard_task_runner.py:104} INFO - Running: ['airflow', 'tasks', 'run', 'mini_riskagent_file_ingestion', 'wait_for_csv', 'scheduled__2026-09-05T15:35:00+00:00', '--job-id', '278', '--raw', '--subdir', 'DAGS_FOLDER/data_ingest_pipeline.py', '--cfg-path', '/var/folders/5p/201rr1sj03g8gksxm9x48mbh0000gn/T/tmp20u11obq']
[2026-09-05T17:42:26.637+0200] {standard_task_runner.py:105} INFO - Job 278: Subtask wait_for_csv
[2026-09-05T17:42:26.687+0200] {logging_mixin.py:190} WARNING - /Users/swarnalidatta/Desktop/AutoQueryChatbot/.airflow-venv/lib/python3.12/site-packages/airflow/task/task_runner/standard_task_runner.py:70 DeprecationWarning: This process (pid=19628) is multi-threaded, use of fork() may lead to deadlocks in the child.
[2026-09-05T17:42:26.687+0200] {standard_task_runner.py:72} INFO - Started process 19634 to run task
[2026-09-05T17:42:26.700+0200] {task_command.py:467} INFO - Running <TaskInstance: mini_riskagent_file_ingestion.wait_for_csv scheduled__2026-09-05T15:35:00+00:00 [running]> on host mac.home
[2026-09-05T17:42:26.715+0200] {taskinstance.py:3134} INFO - Exporting env vars: AIRFLOW_CTX_DAG_OWNER='autoquery' AIRFLOW_CTX_DAG_ID='mini_riskagent_file_ingestion' AIRFLOW_CTX_TASK_ID='wait_for_csv' AIRFLOW_CTX_EXECUTION_DATE='2026-09-05T15:35:00+00:00' AIRFLOW_CTX_TRY_NUMBER='1' AIRFLOW_CTX_DAG_RUN_ID='scheduled__2026-09-05T15:35:00+00:00'
[2026-09-05T17:42:26.716+0200] {logging_mixin.py:190} INFO - Task instance is in running state
[2026-09-05T17:42:26.716+0200] {logging_mixin.py:190} INFO -  Previous state of the Task instance: queued
[2026-09-05T17:42:26.716+0200] {logging_mixin.py:190} INFO - Current task name:wait_for_csv state:running start_date:2026-09-05 15:42:26.627928+00:00
[2026-09-05T17:42:26.716+0200] {logging_mixin.py:190} INFO - Dag name:mini_riskagent_file_ingestion and current dag run status:running
[2026-09-05T17:42:26.716+0200] {taskinstance.py:732} INFO - ::endgroup::
[2026-09-05T17:42:26.718+0200] {python.py:75} INFO - Poking callable: <function check_for_csv_files at 0x10b200c20>
[2026-09-05T17:42:26.721+0200] {taskinstance.py:310} INFO - Rescheduling task, marking task as UP_FOR_RESCHEDULE
[2026-09-05T17:42:26.721+0200] {taskinstance.py:341} INFO - ::group::Post task execution logs
[2026-09-05T17:42:26.743+0200] {local_task_job_runner.py:266} INFO - Task exited with return code 0
[2026-09-05T17:42:26.748+0200] {taskinstance.py:3901} INFO - 0 downstream tasks scheduled from follow-on schedule check
[2026-09-05T17:42:26.748+0200] {local_task_job_runner.py:245} INFO - ::endgroup::
[2026-09-05T17:42:58.678+0200] {local_task_job_runner.py:123} INFO - ::group::Pre task execution logs
[2026-09-05T17:42:58.680+0200] {taskinstance.py:2614} INFO - Dependencies all met for dep_context=non-requeueable deps ti=<TaskInstance: mini_riskagent_file_ingestion.wait_for_csv scheduled__2026-09-05T15:35:00+00:00 [queued]>
[2026-09-05T17:42:58.682+0200] {taskinstance.py:2614} INFO - Dependencies all met for dep_context=requeueable deps ti=<TaskInstance: mini_riskagent_file_ingestion.wait_for_csv scheduled__2026-09-05T15:35:00+00:00 [queued]>
[2026-09-05T17:42:58.682+0200] {taskinstance.py:2867} INFO - Starting attempt 1 of 2
[2026-09-05T17:42:58.685+0200] {taskinstance.py:2890} INFO - Executing <Task(PythonSensor): wait_for_csv> on 2026-09-05 15:35:00+00:00
[2026-09-05T17:42:58.689+0200] {standard_task_runner.py:104} INFO - Running: ['airflow', 'tasks', 'run', 'mini_riskagent_file_ingestion', 'wait_for_csv', 'scheduled__2026-09-05T15:35:00+00:00', '--job-id', '291', '--raw', '--subdir', 'DAGS_FOLDER/data_ingest_pipeline.py', '--cfg-path', '/var/folders/5p/201rr1sj03g8gksxm9x48mbh0000gn/T/tmp1egnimdy']
[2026-09-05T17:42:58.690+0200] {standard_task_runner.py:105} INFO - Job 291: Subtask wait_for_csv
[2026-09-05T17:42:58.741+0200] {logging_mixin.py:190} WARNING - /Users/swarnalidatta/Desktop/AutoQueryChatbot/.airflow-venv/lib/python3.12/site-packages/airflow/task/task_runner/standard_task_runner.py:70 DeprecationWarning: This process (pid=19732) is multi-threaded, use of fork() may lead to deadlocks in the child.
[2026-09-05T17:42:58.741+0200] {standard_task_runner.py:72} INFO - Started process 19734 to run task
[2026-09-05T17:42:58.753+0200] {task_command.py:467} INFO - Running <TaskInstance: mini_riskagent_file_ingestion.wait_for_csv scheduled__2026-09-05T15:35:00+00:00 [running]> on host mac.home
[2026-09-05T17:42:58.769+0200] {taskinstance.py:3134} INFO - Exporting env vars: AIRFLOW_CTX_DAG_OWNER='autoquery' AIRFLOW_CTX_DAG_ID='mini_riskagent_file_ingestion' AIRFLOW_CTX_TASK_ID='wait_for_csv' AIRFLOW_CTX_EXECUTION_DATE='2026-09-05T15:35:00+00:00' AIRFLOW_CTX_TRY_NUMBER='1' AIRFLOW_CTX_DAG_RUN_ID='scheduled__2026-09-05T15:35:00+00:00'
[2026-09-05T17:42:58.769+0200] {logging_mixin.py:190} INFO - Task instance is in running state
[2026-09-05T17:42:58.769+0200] {logging_mixin.py:190} INFO -  Previous state of the Task instance: queued
[2026-09-05T17:42:58.769+0200] {logging_mixin.py:190} INFO - Current task name:wait_for_csv state:running start_date:2026-09-05 15:42:58.680948+00:00
[2026-09-05T17:42:58.770+0200] {logging_mixin.py:190} INFO - Dag name:mini_riskagent_file_ingestion and current dag run status:running
[2026-09-05T17:42:58.770+0200] {taskinstance.py:732} INFO - ::endgroup::
[2026-09-05T17:42:58.771+0200] {python.py:75} INFO - Poking callable: <function check_for_csv_files at 0x10810cc20>
[2026-09-05T17:42:58.774+0200] {taskinstance.py:310} INFO - Rescheduling task, marking task as UP_FOR_RESCHEDULE
[2026-09-05T17:42:58.774+0200] {taskinstance.py:341} INFO - ::group::Post task execution logs
[2026-09-05T17:42:58.797+0200] {local_task_job_runner.py:266} INFO - Task exited with return code 0
[2026-09-05T17:42:58.802+0200] {taskinstance.py:3901} INFO - 0 downstream tasks scheduled from follow-on schedule check
[2026-09-05T17:42:58.802+0200] {local_task_job_runner.py:245} INFO - ::endgroup::
[2026-09-05T17:43:49.927+0200] {local_task_job_runner.py:123} INFO - ::group::Pre task execution logs
[2026-09-05T17:43:49.929+0200] {taskinstance.py:2614} INFO - Dependencies all met for dep_context=non-requeueable deps ti=<TaskInstance: mini_riskagent_file_ingestion.wait_for_csv scheduled__2026-09-05T15:35:00+00:00 [queued]>
[2026-09-05T17:43:49.931+0200] {taskinstance.py:2614} INFO - Dependencies all met for dep_context=requeueable deps ti=<TaskInstance: mini_riskagent_file_ingestion.wait_for_csv scheduled__2026-09-05T15:35:00+00:00 [queued]>
[2026-09-05T17:43:49.931+0200] {taskinstance.py:2867} INFO - Starting attempt 1 of 2
[2026-09-05T17:43:49.935+0200] {taskinstance.py:2890} INFO - Executing <Task(PythonSensor): wait_for_csv> on 2026-09-05 15:35:00+00:00
[2026-09-05T17:43:49.939+0200] {standard_task_runner.py:104} INFO - Running: ['airflow', 'tasks', 'run', 'mini_riskagent_file_ingestion', 'wait_for_csv', 'scheduled__2026-09-05T15:35:00+00:00', '--job-id', '305', '--raw', '--subdir', 'DAGS_FOLDER/data_ingest_pipeline.py', '--cfg-path', '/var/folders/5p/201rr1sj03g8gksxm9x48mbh0000gn/T/tmpog_2ero5']
[2026-09-05T17:43:49.940+0200] {standard_task_runner.py:105} INFO - Job 305: Subtask wait_for_csv
[2026-09-05T17:43:49.991+0200] {logging_mixin.py:190} WARNING - /Users/swarnalidatta/Desktop/AutoQueryChatbot/.airflow-venv/lib/python3.12/site-packages/airflow/task/task_runner/standard_task_runner.py:70 DeprecationWarning: This process (pid=19830) is multi-threaded, use of fork() may lead to deadlocks in the child.
[2026-09-05T17:43:49.991+0200] {standard_task_runner.py:72} INFO - Started process 19832 to run task
[2026-09-05T17:43:50.002+0200] {task_command.py:467} INFO - Running <TaskInstance: mini_riskagent_file_ingestion.wait_for_csv scheduled__2026-09-05T15:35:00+00:00 [running]> on host mac.home
[2026-09-05T17:43:50.017+0200] {taskinstance.py:3134} INFO - Exporting env vars: AIRFLOW_CTX_DAG_OWNER='autoquery' AIRFLOW_CTX_DAG_ID='mini_riskagent_file_ingestion' AIRFLOW_CTX_TASK_ID='wait_for_csv' AIRFLOW_CTX_EXECUTION_DATE='2026-09-05T15:35:00+00:00' AIRFLOW_CTX_TRY_NUMBER='1' AIRFLOW_CTX_DAG_RUN_ID='scheduled__2026-09-05T15:35:00+00:00'
[2026-09-05T17:43:50.017+0200] {logging_mixin.py:190} INFO - Task instance is in running state
[2026-09-05T17:43:50.017+0200] {logging_mixin.py:190} INFO -  Previous state of the Task instance: queued
[2026-09-05T17:43:50.017+0200] {logging_mixin.py:190} INFO - Current task name:wait_for_csv state:running start_date:2026-09-05 15:43:49.929894+00:00
[2026-09-05T17:43:50.018+0200] {logging_mixin.py:190} INFO - Dag name:mini_riskagent_file_ingestion and current dag run status:running
[2026-09-05T17:43:50.018+0200] {taskinstance.py:732} INFO - ::endgroup::
[2026-09-05T17:43:50.019+0200] {python.py:75} INFO - Poking callable: <function check_for_csv_files at 0x10873cc20>
[2026-09-05T17:43:50.022+0200] {taskinstance.py:310} INFO - Rescheduling task, marking task as UP_FOR_RESCHEDULE
[2026-09-05T17:43:50.022+0200] {taskinstance.py:341} INFO - ::group::Post task execution logs
[2026-09-05T17:43:50.046+0200] {local_task_job_runner.py:266} INFO - Task exited with return code 0
[2026-09-05T17:43:50.052+0200] {taskinstance.py:3901} INFO - 0 downstream tasks scheduled from follow-on schedule check
[2026-09-05T17:43:50.052+0200] {local_task_job_runner.py:245} INFO - ::endgroup::
[2026-09-05T17:44:22.989+0200] {local_task_job_runner.py:123} INFO - ::group::Pre task execution logs
[2026-09-05T17:44:22.992+0200] {taskinstance.py:2614} INFO - Dependencies all met for dep_context=non-requeueable deps ti=<TaskInstance: mini_riskagent_file_ingestion.wait_for_csv scheduled__2026-09-05T15:35:00+00:00 [queued]>
[2026-09-05T17:44:22.993+0200] {taskinstance.py:2614} INFO - Dependencies all met for dep_context=requeueable deps ti=<TaskInstance: mini_riskagent_file_ingestion.wait_for_csv scheduled__2026-09-05T15:35:00+00:00 [queued]>
[2026-09-05T17:44:22.993+0200] {taskinstance.py:2867} INFO - Starting attempt 1 of 2
[2026-09-05T17:44:22.997+0200] {taskinstance.py:2890} INFO - Executing <Task(PythonSensor): wait_for_csv> on 2026-09-05 15:35:00+00:00
[2026-09-05T17:44:23.001+0200] {standard_task_runner.py:104} INFO - Running: ['airflow', 'tasks', 'run', 'mini_riskagent_file_ingestion', 'wait_for_csv', 'scheduled__2026-09-05T15:35:00+00:00', '--job-id', '320', '--raw', '--subdir', 'DAGS_FOLDER/data_ingest_pipeline.py', '--cfg-path', '/var/folders/5p/201rr1sj03g8gksxm9x48mbh0000gn/T/tmpqr2044vu']
[2026-09-05T17:44:23.002+0200] {standard_task_runner.py:105} INFO - Job 320: Subtask wait_for_csv
[2026-09-05T17:44:23.053+0200] {logging_mixin.py:190} WARNING - /Users/swarnalidatta/Desktop/AutoQueryChatbot/.airflow-venv/lib/python3.12/site-packages/airflow/task/task_runner/standard_task_runner.py:70 DeprecationWarning: This process (pid=19929) is multi-threaded, use of fork() may lead to deadlocks in the child.
[2026-09-05T17:44:23.053+0200] {standard_task_runner.py:72} INFO - Started process 19931 to run task
[2026-09-05T17:44:23.063+0200] {task_command.py:467} INFO - Running <TaskInstance: mini_riskagent_file_ingestion.wait_for_csv scheduled__2026-09-05T15:35:00+00:00 [running]> on host mac.home
[2026-09-05T17:44:23.078+0200] {taskinstance.py:3134} INFO - Exporting env vars: AIRFLOW_CTX_DAG_OWNER='autoquery' AIRFLOW_CTX_DAG_ID='mini_riskagent_file_ingestion' AIRFLOW_CTX_TASK_ID='wait_for_csv' AIRFLOW_CTX_EXECUTION_DATE='2026-09-05T15:35:00+00:00' AIRFLOW_CTX_TRY_NUMBER='1' AIRFLOW_CTX_DAG_RUN_ID='scheduled__2026-09-05T15:35:00+00:00'
[2026-09-05T17:44:23.079+0200] {logging_mixin.py:190} INFO - Task instance is in running state
[2026-09-05T17:44:23.079+0200] {logging_mixin.py:190} INFO -  Previous state of the Task instance: queued
[2026-09-05T17:44:23.079+0200] {logging_mixin.py:190} INFO - Current task name:wait_for_csv state:running start_date:2026-09-05 15:44:22.992443+00:00
[2026-09-05T17:44:23.079+0200] {logging_mixin.py:190} INFO - Dag name:mini_riskagent_file_ingestion and current dag run status:running
[2026-09-05T17:44:23.080+0200] {taskinstance.py:732} INFO - ::endgroup::
[2026-09-05T17:44:23.081+0200] {python.py:75} INFO - Poking callable: <function check_for_csv_files at 0x108514c20>
[2026-09-05T17:44:23.084+0200] {taskinstance.py:310} INFO - Rescheduling task, marking task as UP_FOR_RESCHEDULE
[2026-09-05T17:44:23.084+0200] {taskinstance.py:341} INFO - ::group::Post task execution logs
[2026-09-05T17:44:23.108+0200] {local_task_job_runner.py:266} INFO - Task exited with return code 0
[2026-09-05T17:44:23.114+0200] {taskinstance.py:3901} INFO - 0 downstream tasks scheduled from follow-on schedule check
[2026-09-05T17:44:23.114+0200] {local_task_job_runner.py:245} INFO - ::endgroup::
[2026-09-05T17:44:55.218+0200] {local_task_job_runner.py:123} INFO - ::group::Pre task execution logs
[2026-09-05T17:44:55.221+0200] {taskinstance.py:2614} INFO - Dependencies all met for dep_context=non-requeueable deps ti=<TaskInstance: mini_riskagent_file_ingestion.wait_for_csv scheduled__2026-09-05T15:35:00+00:00 [queued]>
[2026-09-05T17:44:55.222+0200] {taskinstance.py:2614} INFO - Dependencies all met for dep_context=requeueable deps ti=<TaskInstance: mini_riskagent_file_ingestion.wait_for_csv scheduled__2026-09-05T15:35:00+00:00 [queued]>
[2026-09-05T17:44:55.222+0200] {taskinstance.py:2867} INFO - Starting attempt 1 of 2
[2026-09-05T17:44:55.226+0200] {taskinstance.py:2890} INFO - Executing <Task(PythonSensor): wait_for_csv> on 2026-09-05 15:35:00+00:00
[2026-09-05T17:44:55.230+0200] {standard_task_runner.py:104} INFO - Running: ['airflow', 'tasks', 'run', 'mini_riskagent_file_ingestion', 'wait_for_csv', 'scheduled__2026-09-05T15:35:00+00:00', '--job-id', '335', '--raw', '--subdir', 'DAGS_FOLDER/data_ingest_pipeline.py', '--cfg-path', '/var/folders/5p/201rr1sj03g8gksxm9x48mbh0000gn/T/tmpvtgrfa4v']
[2026-09-05T17:44:55.231+0200] {standard_task_runner.py:105} INFO - Job 335: Subtask wait_for_csv
[2026-09-05T17:44:55.282+0200] {logging_mixin.py:190} WARNING - /Users/swarnalidatta/Desktop/AutoQueryChatbot/.airflow-venv/lib/python3.12/site-packages/airflow/task/task_runner/standard_task_runner.py:70 DeprecationWarning: This process (pid=20028) is multi-threaded, use of fork() may lead to deadlocks in the child.
[2026-09-05T17:44:55.282+0200] {standard_task_runner.py:72} INFO - Started process 20035 to run task
[2026-09-05T17:44:55.292+0200] {task_command.py:467} INFO - Running <TaskInstance: mini_riskagent_file_ingestion.wait_for_csv scheduled__2026-09-05T15:35:00+00:00 [running]> on host mac.home
[2026-09-05T17:44:55.308+0200] {taskinstance.py:3134} INFO - Exporting env vars: AIRFLOW_CTX_DAG_OWNER='autoquery' AIRFLOW_CTX_DAG_ID='mini_riskagent_file_ingestion' AIRFLOW_CTX_TASK_ID='wait_for_csv' AIRFLOW_CTX_EXECUTION_DATE='2026-09-05T15:35:00+00:00' AIRFLOW_CTX_TRY_NUMBER='1' AIRFLOW_CTX_DAG_RUN_ID='scheduled__2026-09-05T15:35:00+00:00'
[2026-09-05T17:44:55.309+0200] {logging_mixin.py:190} INFO - Task instance is in running state
[2026-09-05T17:44:55.309+0200] {logging_mixin.py:190} INFO -  Previous state of the Task instance: queued
[2026-09-05T17:44:55.309+0200] {logging_mixin.py:190} INFO - Current task name:wait_for_csv state:running start_date:2026-09-05 15:44:55.221359+00:00
[2026-09-05T17:44:55.309+0200] {logging_mixin.py:190} INFO - Dag name:mini_riskagent_file_ingestion and current dag run status:running
[2026-09-05T17:44:55.310+0200] {taskinstance.py:732} INFO - ::endgroup::
[2026-09-05T17:44:55.311+0200] {python.py:75} INFO - Poking callable: <function check_for_csv_files at 0x10a6f0c20>
[2026-09-05T17:44:55.314+0200] {taskinstance.py:310} INFO - Rescheduling task, marking task as UP_FOR_RESCHEDULE
[2026-09-05T17:44:55.314+0200] {taskinstance.py:341} INFO - ::group::Post task execution logs
[2026-09-05T17:44:55.337+0200] {local_task_job_runner.py:266} INFO - Task exited with return code 0
[2026-09-05T17:44:55.342+0200] {taskinstance.py:3901} INFO - 0 downstream tasks scheduled from follow-on schedule check
[2026-09-05T17:44:55.343+0200] {local_task_job_runner.py:245} INFO - ::endgroup::
[2026-09-05T17:45:27.397+0200] {local_task_job_runner.py:123} INFO - ::group::Pre task execution logs
[2026-09-05T17:45:27.399+0200] {taskinstance.py:2614} INFO - Dependencies all met for dep_context=non-requeueable deps ti=<TaskInstance: mini_riskagent_file_ingestion.wait_for_csv scheduled__2026-09-05T15:35:00+00:00 [queued]>
[2026-09-05T17:45:27.401+0200] {taskinstance.py:2614} INFO - Dependencies all met for dep_context=requeueable deps ti=<TaskInstance: mini_riskagent_file_ingestion.wait_for_csv scheduled__2026-09-05T15:35:00+00:00 [queued]>
[2026-09-05T17:45:27.401+0200] {taskinstance.py:2867} INFO - Starting attempt 1 of 2
[2026-09-05T17:45:27.405+0200] {taskinstance.py:2890} INFO - Executing <Task(PythonSensor): wait_for_csv> on 2026-09-05 15:35:00+00:00
[2026-09-05T17:45:27.409+0200] {standard_task_runner.py:104} INFO - Running: ['airflow', 'tasks', 'run', 'mini_riskagent_file_ingestion', 'wait_for_csv', 'scheduled__2026-09-05T15:35:00+00:00', '--job-id', '351', '--raw', '--subdir', 'DAGS_FOLDER/data_ingest_pipeline.py', '--cfg-path', '/var/folders/5p/201rr1sj03g8gksxm9x48mbh0000gn/T/tmp7qc5uuao']
[2026-09-05T17:45:27.410+0200] {standard_task_runner.py:105} INFO - Job 351: Subtask wait_for_csv
[2026-09-05T17:45:27.459+0200] {logging_mixin.py:190} WARNING - /Users/swarnalidatta/Desktop/AutoQueryChatbot/.airflow-venv/lib/python3.12/site-packages/airflow/task/task_runner/standard_task_runner.py:70 DeprecationWarning: This process (pid=20135) is multi-threaded, use of fork() may lead to deadlocks in the child.
[2026-09-05T17:45:27.459+0200] {standard_task_runner.py:72} INFO - Started process 20137 to run task
[2026-09-05T17:45:27.471+0200] {task_command.py:467} INFO - Running <TaskInstance: mini_riskagent_file_ingestion.wait_for_csv scheduled__2026-09-05T15:35:00+00:00 [running]> on host mac.home
[2026-09-05T17:45:27.487+0200] {taskinstance.py:3134} INFO - Exporting env vars: AIRFLOW_CTX_DAG_OWNER='autoquery' AIRFLOW_CTX_DAG_ID='mini_riskagent_file_ingestion' AIRFLOW_CTX_TASK_ID='wait_for_csv' AIRFLOW_CTX_EXECUTION_DATE='2026-09-05T15:35:00+00:00' AIRFLOW_CTX_TRY_NUMBER='1' AIRFLOW_CTX_DAG_RUN_ID='scheduled__2026-09-05T15:35:00+00:00'
[2026-09-05T17:45:27.488+0200] {logging_mixin.py:190} INFO - Task instance is in running state
[2026-09-05T17:45:27.488+0200] {logging_mixin.py:190} INFO -  Previous state of the Task instance: queued
[2026-09-05T17:45:27.488+0200] {logging_mixin.py:190} INFO - Current task name:wait_for_csv state:running start_date:2026-09-05 15:45:27.400013+00:00
[2026-09-05T17:45:27.488+0200] {logging_mixin.py:190} INFO - Dag name:mini_riskagent_file_ingestion and current dag run status:running
[2026-09-05T17:45:27.488+0200] {taskinstance.py:732} INFO - ::endgroup::
[2026-09-05T17:45:27.490+0200] {python.py:75} INFO - Poking callable: <function check_for_csv_files at 0x10aaa4c20>
[2026-09-05T17:45:27.493+0200] {taskinstance.py:310} INFO - Rescheduling task, marking task as UP_FOR_RESCHEDULE
[2026-09-05T17:45:27.493+0200] {taskinstance.py:341} INFO - ::group::Post task execution logs
[2026-09-05T17:45:27.514+0200] {local_task_job_runner.py:266} INFO - Task exited with return code 0
[2026-09-05T17:45:27.519+0200] {taskinstance.py:3901} INFO - 0 downstream tasks scheduled from follow-on schedule check
[2026-09-05T17:45:27.519+0200] {local_task_job_runner.py:245} INFO - ::endgroup::
[2026-09-05T17:45:59.816+0200] {local_task_job_runner.py:123} INFO - ::group::Pre task execution logs
[2026-09-05T17:45:59.819+0200] {taskinstance.py:2614} INFO - Dependencies all met for dep_context=non-requeueable deps ti=<TaskInstance: mini_riskagent_file_ingestion.wait_for_csv scheduled__2026-09-05T15:35:00+00:00 [queued]>
[2026-09-05T17:45:59.820+0200] {taskinstance.py:2614} INFO - Dependencies all met for dep_context=requeueable deps ti=<TaskInstance: mini_riskagent_file_ingestion.wait_for_csv scheduled__2026-09-05T15:35:00+00:00 [queued]>
[2026-09-05T17:45:59.820+0200] {taskinstance.py:2867} INFO - Starting attempt 1 of 2
[2026-09-05T17:45:59.824+0200] {taskinstance.py:2890} INFO - Executing <Task(PythonSensor): wait_for_csv> on 2026-09-05 15:35:00+00:00
[2026-09-05T17:45:59.828+0200] {standard_task_runner.py:104} INFO - Running: ['airflow', 'tasks', 'run', 'mini_riskagent_file_ingestion', 'wait_for_csv', 'scheduled__2026-09-05T15:35:00+00:00', '--job-id', '367', '--raw', '--subdir', 'DAGS_FOLDER/data_ingest_pipeline.py', '--cfg-path', '/var/folders/5p/201rr1sj03g8gksxm9x48mbh0000gn/T/tmp97n92odz']
[2026-09-05T17:45:59.829+0200] {standard_task_runner.py:105} INFO - Job 367: Subtask wait_for_csv
[2026-09-05T17:45:59.878+0200] {logging_mixin.py:190} WARNING - /Users/swarnalidatta/Desktop/AutoQueryChatbot/.airflow-venv/lib/python3.12/site-packages/airflow/task/task_runner/standard_task_runner.py:70 DeprecationWarning: This process (pid=20241) is multi-threaded, use of fork() may lead to deadlocks in the child.
[2026-09-05T17:45:59.878+0200] {standard_task_runner.py:72} INFO - Started process 20243 to run task
[2026-09-05T17:45:59.891+0200] {task_command.py:467} INFO - Running <TaskInstance: mini_riskagent_file_ingestion.wait_for_csv scheduled__2026-09-05T15:35:00+00:00 [running]> on host mac.home
[2026-09-05T17:45:59.907+0200] {taskinstance.py:3134} INFO - Exporting env vars: AIRFLOW_CTX_DAG_OWNER='autoquery' AIRFLOW_CTX_DAG_ID='mini_riskagent_file_ingestion' AIRFLOW_CTX_TASK_ID='wait_for_csv' AIRFLOW_CTX_EXECUTION_DATE='2026-09-05T15:35:00+00:00' AIRFLOW_CTX_TRY_NUMBER='1' AIRFLOW_CTX_DAG_RUN_ID='scheduled__2026-09-05T15:35:00+00:00'
[2026-09-05T17:45:59.907+0200] {logging_mixin.py:190} INFO - Task instance is in running state
[2026-09-05T17:45:59.907+0200] {logging_mixin.py:190} INFO -  Previous state of the Task instance: queued
[2026-09-05T17:45:59.908+0200] {logging_mixin.py:190} INFO - Current task name:wait_for_csv state:running start_date:2026-09-05 15:45:59.819351+00:00
[2026-09-05T17:45:59.908+0200] {logging_mixin.py:190} INFO - Dag name:mini_riskagent_file_ingestion and current dag run status:running
[2026-09-05T17:45:59.908+0200] {taskinstance.py:732} INFO - ::endgroup::
[2026-09-05T17:45:59.909+0200] {python.py:75} INFO - Poking callable: <function check_for_csv_files at 0x10cae4c20>
[2026-09-05T17:45:59.913+0200] {taskinstance.py:310} INFO - Rescheduling task, marking task as UP_FOR_RESCHEDULE
[2026-09-05T17:45:59.913+0200] {taskinstance.py:341} INFO - ::group::Post task execution logs
[2026-09-05T17:45:59.934+0200] {local_task_job_runner.py:266} INFO - Task exited with return code 0
[2026-09-05T17:45:59.939+0200] {taskinstance.py:3901} INFO - 0 downstream tasks scheduled from follow-on schedule check
[2026-09-05T17:45:59.939+0200] {local_task_job_runner.py:245} INFO - ::endgroup::
[2026-09-05T17:46:31.362+0200] {local_task_job_runner.py:123} INFO - ::group::Pre task execution logs
[2026-09-05T17:46:31.365+0200] {taskinstance.py:2614} INFO - Dependencies all met for dep_context=non-requeueable deps ti=<TaskInstance: mini_riskagent_file_ingestion.wait_for_csv scheduled__2026-09-05T15:35:00+00:00 [queued]>
[2026-09-05T17:46:31.366+0200] {taskinstance.py:2614} INFO - Dependencies all met for dep_context=requeueable deps ti=<TaskInstance: mini_riskagent_file_ingestion.wait_for_csv scheduled__2026-09-05T15:35:00+00:00 [queued]>
[2026-09-05T17:46:31.366+0200] {taskinstance.py:2867} INFO - Starting attempt 1 of 2
[2026-09-05T17:46:31.370+0200] {taskinstance.py:2890} INFO - Executing <Task(PythonSensor): wait_for_csv> on 2026-09-05 15:35:00+00:00
[2026-09-05T17:46:31.374+0200] {standard_task_runner.py:104} INFO - Running: ['airflow', 'tasks', 'run', 'mini_riskagent_file_ingestion', 'wait_for_csv', 'scheduled__2026-09-05T15:35:00+00:00', '--job-id', '383', '--raw', '--subdir', 'DAGS_FOLDER/data_ingest_pipeline.py', '--cfg-path', '/var/folders/5p/201rr1sj03g8gksxm9x48mbh0000gn/T/tmpm5svp5u3']
[2026-09-05T17:46:31.375+0200] {standard_task_runner.py:105} INFO - Job 383: Subtask wait_for_csv
[2026-09-05T17:46:31.426+0200] {logging_mixin.py:190} WARNING - /Users/swarnalidatta/Desktop/AutoQueryChatbot/.airflow-venv/lib/python3.12/site-packages/airflow/task/task_runner/standard_task_runner.py:70 DeprecationWarning: This process (pid=20343) is multi-threaded, use of fork() may lead to deadlocks in the child.
[2026-09-05T17:46:31.426+0200] {standard_task_runner.py:72} INFO - Started process 20345 to run task
[2026-09-05T17:46:31.437+0200] {task_command.py:467} INFO - Running <TaskInstance: mini_riskagent_file_ingestion.wait_for_csv scheduled__2026-09-05T15:35:00+00:00 [running]> on host mac.home
[2026-09-05T17:46:31.452+0200] {taskinstance.py:3134} INFO - Exporting env vars: AIRFLOW_CTX_DAG_OWNER='autoquery' AIRFLOW_CTX_DAG_ID='mini_riskagent_file_ingestion' AIRFLOW_CTX_TASK_ID='wait_for_csv' AIRFLOW_CTX_EXECUTION_DATE='2026-09-05T15:35:00+00:00' AIRFLOW_CTX_TRY_NUMBER='1' AIRFLOW_CTX_DAG_RUN_ID='scheduled__2026-09-05T15:35:00+00:00'
[2026-09-05T17:46:31.453+0200] {logging_mixin.py:190} INFO - Task instance is in running state
[2026-09-05T17:46:31.453+0200] {logging_mixin.py:190} INFO -  Previous state of the Task instance: queued
[2026-09-05T17:46:31.453+0200] {logging_mixin.py:190} INFO - Current task name:wait_for_csv state:running start_date:2026-09-05 15:46:31.365375+00:00
[2026-09-05T17:46:31.453+0200] {logging_mixin.py:190} INFO - Dag name:mini_riskagent_file_ingestion and current dag run status:running
[2026-09-05T17:46:31.453+0200] {taskinstance.py:732} INFO - ::endgroup::
[2026-09-05T17:46:31.455+0200] {python.py:75} INFO - Poking callable: <function check_for_csv_files at 0x10c588c20>
[2026-09-05T17:46:31.458+0200] {taskinstance.py:310} INFO - Rescheduling task, marking task as UP_FOR_RESCHEDULE
[2026-09-05T17:46:31.458+0200] {taskinstance.py:341} INFO - ::group::Post task execution logs
[2026-09-05T17:46:31.482+0200] {local_task_job_runner.py:266} INFO - Task exited with return code 0
[2026-09-05T17:46:31.487+0200] {taskinstance.py:3901} INFO - 0 downstream tasks scheduled from follow-on schedule check
[2026-09-05T17:46:31.487+0200] {local_task_job_runner.py:245} INFO - ::endgroup::
[2026-09-05T17:47:03.897+0200] {local_task_job_runner.py:123} INFO - ::group::Pre task execution logs
[2026-09-05T17:47:03.900+0200] {taskinstance.py:2614} INFO - Dependencies all met for dep_context=non-requeueable deps ti=<TaskInstance: mini_riskagent_file_ingestion.wait_for_csv scheduled__2026-09-05T15:35:00+00:00 [queued]>
[2026-09-05T17:47:03.902+0200] {taskinstance.py:2614} INFO - Dependencies all met for dep_context=requeueable deps ti=<TaskInstance: mini_riskagent_file_ingestion.wait_for_csv scheduled__2026-09-05T15:35:00+00:00 [queued]>
[2026-09-05T17:47:03.902+0200] {taskinstance.py:2867} INFO - Starting attempt 1 of 2
[2026-09-05T17:47:03.905+0200] {taskinstance.py:2890} INFO - Executing <Task(PythonSensor): wait_for_csv> on 2026-09-05 15:35:00+00:00
[2026-09-05T17:47:03.909+0200] {standard_task_runner.py:104} INFO - Running: ['airflow', 'tasks', 'run', 'mini_riskagent_file_ingestion', 'wait_for_csv', 'scheduled__2026-09-05T15:35:00+00:00', '--job-id', '399', '--raw', '--subdir', 'DAGS_FOLDER/data_ingest_pipeline.py', '--cfg-path', '/var/folders/5p/201rr1sj03g8gksxm9x48mbh0000gn/T/tmpyib1_tuk']
[2026-09-05T17:47:03.910+0200] {standard_task_runner.py:105} INFO - Job 399: Subtask wait_for_csv
[2026-09-05T17:47:03.961+0200] {logging_mixin.py:190} WARNING - /Users/swarnalidatta/Desktop/AutoQueryChatbot/.airflow-venv/lib/python3.12/site-packages/airflow/task/task_runner/standard_task_runner.py:70 DeprecationWarning: This process (pid=20456) is multi-threaded, use of fork() may lead to deadlocks in the child.
[2026-09-05T17:47:03.961+0200] {standard_task_runner.py:72} INFO - Started process 20458 to run task
[2026-09-05T17:47:03.971+0200] {task_command.py:467} INFO - Running <TaskInstance: mini_riskagent_file_ingestion.wait_for_csv scheduled__2026-09-05T15:35:00+00:00 [running]> on host mac.home
[2026-09-05T17:47:03.987+0200] {taskinstance.py:3134} INFO - Exporting env vars: AIRFLOW_CTX_DAG_OWNER='autoquery' AIRFLOW_CTX_DAG_ID='mini_riskagent_file_ingestion' AIRFLOW_CTX_TASK_ID='wait_for_csv' AIRFLOW_CTX_EXECUTION_DATE='2026-09-05T15:35:00+00:00' AIRFLOW_CTX_TRY_NUMBER='1' AIRFLOW_CTX_DAG_RUN_ID='scheduled__2026-09-05T15:35:00+00:00'
[2026-09-05T17:47:03.987+0200] {logging_mixin.py:190} INFO - Task instance is in running state
[2026-09-05T17:47:03.987+0200] {logging_mixin.py:190} INFO -  Previous state of the Task instance: queued
[2026-09-05T17:47:03.987+0200] {logging_mixin.py:190} INFO - Current task name:wait_for_csv state:running start_date:2026-09-05 15:47:03.900773+00:00
[2026-09-05T17:47:03.987+0200] {logging_mixin.py:190} INFO - Dag name:mini_riskagent_file_ingestion and current dag run status:running
[2026-09-05T17:47:03.988+0200] {taskinstance.py:732} INFO - ::endgroup::
[2026-09-05T17:47:03.989+0200] {python.py:75} INFO - Poking callable: <function check_for_csv_files at 0x10c700c20>
[2026-09-05T17:47:03.992+0200] {taskinstance.py:310} INFO - Rescheduling task, marking task as UP_FOR_RESCHEDULE
[2026-09-05T17:47:03.992+0200] {taskinstance.py:341} INFO - ::group::Post task execution logs
[2026-09-05T17:47:04.017+0200] {local_task_job_runner.py:266} INFO - Task exited with return code 0
[2026-09-05T17:47:04.022+0200] {taskinstance.py:3901} INFO - 0 downstream tasks scheduled from follow-on schedule check
[2026-09-05T17:47:04.022+0200] {local_task_job_runner.py:245} INFO - ::endgroup::
[2026-09-05T17:47:35.651+0200] {local_task_job_runner.py:123} INFO - ::group::Pre task execution logs
[2026-09-05T17:47:35.654+0200] {taskinstance.py:2614} INFO - Dependencies all met for dep_context=non-requeueable deps ti=<TaskInstance: mini_riskagent_file_ingestion.wait_for_csv scheduled__2026-09-05T15:35:00+00:00 [queued]>
[2026-09-05T17:47:35.655+0200] {taskinstance.py:2614} INFO - Dependencies all met for dep_context=requeueable deps ti=<TaskInstance: mini_riskagent_file_ingestion.wait_for_csv scheduled__2026-09-05T15:35:00+00:00 [queued]>
[2026-09-05T17:47:35.655+0200] {taskinstance.py:2867} INFO - Starting attempt 1 of 2
[2026-09-05T17:47:35.659+0200] {taskinstance.py:2890} INFO - Executing <Task(PythonSensor): wait_for_csv> on 2026-09-05 15:35:00+00:00
[2026-09-05T17:47:35.663+0200] {standard_task_runner.py:104} INFO - Running: ['airflow', 'tasks', 'run', 'mini_riskagent_file_ingestion', 'wait_for_csv', 'scheduled__2026-09-05T15:35:00+00:00', '--job-id', '415', '--raw', '--subdir', 'DAGS_FOLDER/data_ingest_pipeline.py', '--cfg-path', '/var/folders/5p/201rr1sj03g8gksxm9x48mbh0000gn/T/tmpx61u38je']
[2026-09-05T17:47:35.664+0200] {standard_task_runner.py:105} INFO - Job 415: Subtask wait_for_csv
[2026-09-05T17:47:35.714+0200] {logging_mixin.py:190} WARNING - /Users/swarnalidatta/Desktop/AutoQueryChatbot/.airflow-venv/lib/python3.12/site-packages/airflow/task/task_runner/standard_task_runner.py:70 DeprecationWarning: This process (pid=20563) is multi-threaded, use of fork() may lead to deadlocks in the child.
[2026-09-05T17:47:35.714+0200] {standard_task_runner.py:72} INFO - Started process 20565 to run task
[2026-09-05T17:47:35.727+0200] {task_command.py:467} INFO - Running <TaskInstance: mini_riskagent_file_ingestion.wait_for_csv scheduled__2026-09-05T15:35:00+00:00 [running]> on host mac.home
[2026-09-05T17:47:35.742+0200] {taskinstance.py:3134} INFO - Exporting env vars: AIRFLOW_CTX_DAG_OWNER='autoquery' AIRFLOW_CTX_DAG_ID='mini_riskagent_file_ingestion' AIRFLOW_CTX_TASK_ID='wait_for_csv' AIRFLOW_CTX_EXECUTION_DATE='2026-09-05T15:35:00+00:00' AIRFLOW_CTX_TRY_NUMBER='1' AIRFLOW_CTX_DAG_RUN_ID='scheduled__2026-09-05T15:35:00+00:00'
[2026-09-05T17:47:35.743+0200] {logging_mixin.py:190} INFO - Task instance is in running state
[2026-09-05T17:47:35.743+0200] {logging_mixin.py:190} INFO -  Previous state of the Task instance: queued
[2026-09-05T17:47:35.743+0200] {logging_mixin.py:190} INFO - Current task name:wait_for_csv state:running start_date:2026-09-05 15:47:35.654356+00:00
[2026-09-05T17:47:35.743+0200] {logging_mixin.py:190} INFO - Dag name:mini_riskagent_file_ingestion and current dag run status:running
[2026-09-05T17:47:35.743+0200] {taskinstance.py:732} INFO - ::endgroup::
[2026-09-05T17:47:35.745+0200] {python.py:75} INFO - Poking callable: <function check_for_csv_files at 0x10cd78c20>
[2026-09-05T17:47:35.748+0200] {taskinstance.py:310} INFO - Rescheduling task, marking task as UP_FOR_RESCHEDULE
[2026-09-05T17:47:35.748+0200] {taskinstance.py:341} INFO - ::group::Post task execution logs
[2026-09-05T17:47:35.769+0200] {local_task_job_runner.py:266} INFO - Task exited with return code 0
[2026-09-05T17:47:35.774+0200] {taskinstance.py:3901} INFO - 0 downstream tasks scheduled from follow-on schedule check
[2026-09-05T17:47:35.774+0200] {local_task_job_runner.py:245} INFO - ::endgroup::
[2026-09-05T17:48:07.762+0200] {local_task_job_runner.py:123} INFO - ::group::Pre task execution logs
[2026-09-05T17:48:07.765+0200] {taskinstance.py:2614} INFO - Dependencies all met for dep_context=non-requeueable deps ti=<TaskInstance: mini_riskagent_file_ingestion.wait_for_csv scheduled__2026-09-05T15:35:00+00:00 [queued]>
[2026-09-05T17:48:07.766+0200] {taskinstance.py:2614} INFO - Dependencies all met for dep_context=requeueable deps ti=<TaskInstance: mini_riskagent_file_ingestion.wait_for_csv scheduled__2026-09-05T15:35:00+00:00 [queued]>
[2026-09-05T17:48:07.766+0200] {taskinstance.py:2867} INFO - Starting attempt 1 of 2
[2026-09-05T17:48:07.770+0200] {taskinstance.py:2890} INFO - Executing <Task(PythonSensor): wait_for_csv> on 2026-09-05 15:35:00+00:00
[2026-09-05T17:48:07.774+0200] {standard_task_runner.py:104} INFO - Running: ['airflow', 'tasks', 'run', 'mini_riskagent_file_ingestion', 'wait_for_csv', 'scheduled__2026-09-05T15:35:00+00:00', '--job-id', '431', '--raw', '--subdir', 'DAGS_FOLDER/data_ingest_pipeline.py', '--cfg-path', '/var/folders/5p/201rr1sj03g8gksxm9x48mbh0000gn/T/tmppw7lak1f']
[2026-09-05T17:48:07.775+0200] {standard_task_runner.py:105} INFO - Job 431: Subtask wait_for_csv
[2026-09-05T17:48:07.824+0200] {logging_mixin.py:190} WARNING - /Users/swarnalidatta/Desktop/AutoQueryChatbot/.airflow-venv/lib/python3.12/site-packages/airflow/task/task_runner/standard_task_runner.py:70 DeprecationWarning: This process (pid=20672) is multi-threaded, use of fork() may lead to deadlocks in the child.
[2026-09-05T17:48:07.824+0200] {standard_task_runner.py:72} INFO - Started process 20674 to run task
[2026-09-05T17:48:07.837+0200] {task_command.py:467} INFO - Running <TaskInstance: mini_riskagent_file_ingestion.wait_for_csv scheduled__2026-09-05T15:35:00+00:00 [running]> on host mac.home
[2026-09-05T17:48:07.853+0200] {taskinstance.py:3134} INFO - Exporting env vars: AIRFLOW_CTX_DAG_OWNER='autoquery' AIRFLOW_CTX_DAG_ID='mini_riskagent_file_ingestion' AIRFLOW_CTX_TASK_ID='wait_for_csv' AIRFLOW_CTX_EXECUTION_DATE='2026-09-05T15:35:00+00:00' AIRFLOW_CTX_TRY_NUMBER='1' AIRFLOW_CTX_DAG_RUN_ID='scheduled__2026-09-05T15:35:00+00:00'
[2026-09-05T17:48:07.853+0200] {logging_mixin.py:190} INFO - Task instance is in running state
[2026-09-05T17:48:07.853+0200] {logging_mixin.py:190} INFO -  Previous state of the Task instance: queued
[2026-09-05T17:48:07.853+0200] {logging_mixin.py:190} INFO - Current task name:wait_for_csv state:running start_date:2026-09-05 15:48:07.765498+00:00
[2026-09-05T17:48:07.854+0200] {logging_mixin.py:190} INFO - Dag name:mini_riskagent_file_ingestion and current dag run status:running
[2026-09-05T17:48:07.854+0200] {taskinstance.py:732} INFO - ::endgroup::
[2026-09-05T17:48:07.855+0200] {python.py:75} INFO - Poking callable: <function check_for_csv_files at 0x10a638c20>
[2026-09-05T17:48:07.858+0200] {taskinstance.py:310} INFO - Rescheduling task, marking task as UP_FOR_RESCHEDULE
[2026-09-05T17:48:07.858+0200] {taskinstance.py:341} INFO - ::group::Post task execution logs
[2026-09-05T17:48:07.879+0200] {local_task_job_runner.py:266} INFO - Task exited with return code 0
[2026-09-05T17:48:07.884+0200] {taskinstance.py:3901} INFO - 0 downstream tasks scheduled from follow-on schedule check
[2026-09-05T17:48:07.885+0200] {local_task_job_runner.py:245} INFO - ::endgroup::
[2026-09-05T17:48:39.555+0200] {local_task_job_runner.py:123} INFO - ::group::Pre task execution logs
[2026-09-05T17:48:39.558+0200] {taskinstance.py:2614} INFO - Dependencies all met for dep_context=non-requeueable deps ti=<TaskInstance: mini_riskagent_file_ingestion.wait_for_csv scheduled__2026-09-05T15:35:00+00:00 [queued]>
[2026-09-05T17:48:39.559+0200] {taskinstance.py:2614} INFO - Dependencies all met for dep_context=requeueable deps ti=<TaskInstance: mini_riskagent_file_ingestion.wait_for_csv scheduled__2026-09-05T15:35:00+00:00 [queued]>
[2026-09-05T17:48:39.560+0200] {taskinstance.py:2867} INFO - Starting attempt 1 of 2
[2026-09-05T17:48:39.563+0200] {taskinstance.py:2890} INFO - Executing <Task(PythonSensor): wait_for_csv> on 2026-09-05 15:35:00+00:00
[2026-09-05T17:48:39.568+0200] {standard_task_runner.py:104} INFO - Running: ['airflow', 'tasks', 'run', 'mini_riskagent_file_ingestion', 'wait_for_csv', 'scheduled__2026-09-05T15:35:00+00:00', '--job-id', '447', '--raw', '--subdir', 'DAGS_FOLDER/data_ingest_pipeline.py', '--cfg-path', '/var/folders/5p/201rr1sj03g8gksxm9x48mbh0000gn/T/tmpi6s4kpj0']
[2026-09-05T17:48:39.568+0200] {standard_task_runner.py:105} INFO - Job 447: Subtask wait_for_csv
[2026-09-05T17:48:39.619+0200] {logging_mixin.py:190} WARNING - /Users/swarnalidatta/Desktop/AutoQueryChatbot/.airflow-venv/lib/python3.12/site-packages/airflow/task/task_runner/standard_task_runner.py:70 DeprecationWarning: This process (pid=20782) is multi-threaded, use of fork() may lead to deadlocks in the child.
[2026-09-05T17:48:39.619+0200] {standard_task_runner.py:72} INFO - Started process 20784 to run task
[2026-09-05T17:48:39.629+0200] {task_command.py:467} INFO - Running <TaskInstance: mini_riskagent_file_ingestion.wait_for_csv scheduled__2026-09-05T15:35:00+00:00 [running]> on host mac.home
[2026-09-05T17:48:39.645+0200] {taskinstance.py:3134} INFO - Exporting env vars: AIRFLOW_CTX_DAG_OWNER='autoquery' AIRFLOW_CTX_DAG_ID='mini_riskagent_file_ingestion' AIRFLOW_CTX_TASK_ID='wait_for_csv' AIRFLOW_CTX_EXECUTION_DATE='2026-09-05T15:35:00+00:00' AIRFLOW_CTX_TRY_NUMBER='1' AIRFLOW_CTX_DAG_RUN_ID='scheduled__2026-09-05T15:35:00+00:00'
[2026-09-05T17:48:39.646+0200] {logging_mixin.py:190} INFO - Task instance is in running state
[2026-09-05T17:48:39.646+0200] {logging_mixin.py:190} INFO -  Previous state of the Task instance: queued
[2026-09-05T17:48:39.646+0200] {logging_mixin.py:190} INFO - Current task name:wait_for_csv state:running start_date:2026-09-05 15:48:39.558600+00:00
[2026-09-05T17:48:39.646+0200] {logging_mixin.py:190} INFO - Dag name:mini_riskagent_file_ingestion and current dag run status:running
[2026-09-05T17:48:39.646+0200] {taskinstance.py:732} INFO - ::endgroup::
[2026-09-05T17:48:39.648+0200] {python.py:75} INFO - Poking callable: <function check_for_csv_files at 0x1130d0c20>
[2026-09-05T17:48:39.651+0200] {taskinstance.py:310} INFO - Rescheduling task, marking task as UP_FOR_RESCHEDULE
[2026-09-05T17:48:39.651+0200] {taskinstance.py:341} INFO - ::group::Post task execution logs
[2026-09-05T17:48:39.674+0200] {local_task_job_runner.py:266} INFO - Task exited with return code 0
[2026-09-05T17:48:39.679+0200] {taskinstance.py:3901} INFO - 0 downstream tasks scheduled from follow-on schedule check
[2026-09-05T17:48:39.679+0200] {local_task_job_runner.py:245} INFO - ::endgroup::
[2026-09-05T17:49:11.307+0200] {local_task_job_runner.py:123} INFO - ::group::Pre task execution logs
[2026-09-05T17:49:11.309+0200] {taskinstance.py:2614} INFO - Dependencies all met for dep_context=non-requeueable deps ti=<TaskInstance: mini_riskagent_file_ingestion.wait_for_csv scheduled__2026-09-05T15:35:00+00:00 [queued]>
[2026-09-05T17:49:11.311+0200] {taskinstance.py:2614} INFO - Dependencies all met for dep_context=requeueable deps ti=<TaskInstance: mini_riskagent_file_ingestion.wait_for_csv scheduled__2026-09-05T15:35:00+00:00 [queued]>
[2026-09-05T17:49:11.311+0200] {taskinstance.py:2867} INFO - Starting attempt 1 of 2
[2026-09-05T17:49:11.314+0200] {taskinstance.py:2890} INFO - Executing <Task(PythonSensor): wait_for_csv> on 2026-09-05 15:35:00+00:00
[2026-09-05T17:49:11.319+0200] {standard_task_runner.py:104} INFO - Running: ['airflow', 'tasks', 'run', 'mini_riskagent_file_ingestion', 'wait_for_csv', 'scheduled__2026-09-05T15:35:00+00:00', '--job-id', '463', '--raw', '--subdir', 'DAGS_FOLDER/data_ingest_pipeline.py', '--cfg-path', '/var/folders/5p/201rr1sj03g8gksxm9x48mbh0000gn/T/tmp80p14qgu']
[2026-09-05T17:49:11.320+0200] {standard_task_runner.py:105} INFO - Job 463: Subtask wait_for_csv
[2026-09-05T17:49:11.372+0200] {logging_mixin.py:190} WARNING - /Users/swarnalidatta/Desktop/AutoQueryChatbot/.airflow-venv/lib/python3.12/site-packages/airflow/task/task_runner/standard_task_runner.py:70 DeprecationWarning: This process (pid=20890) is multi-threaded, use of fork() may lead to deadlocks in the child.
[2026-09-05T17:49:11.372+0200] {standard_task_runner.py:72} INFO - Started process 20892 to run task
[2026-09-05T17:49:11.383+0200] {task_command.py:467} INFO - Running <TaskInstance: mini_riskagent_file_ingestion.wait_for_csv scheduled__2026-09-05T15:35:00+00:00 [running]> on host mac.home
[2026-09-05T17:49:11.399+0200] {taskinstance.py:3134} INFO - Exporting env vars: AIRFLOW_CTX_DAG_OWNER='autoquery' AIRFLOW_CTX_DAG_ID='mini_riskagent_file_ingestion' AIRFLOW_CTX_TASK_ID='wait_for_csv' AIRFLOW_CTX_EXECUTION_DATE='2026-09-05T15:35:00+00:00' AIRFLOW_CTX_TRY_NUMBER='1' AIRFLOW_CTX_DAG_RUN_ID='scheduled__2026-09-05T15:35:00+00:00'
[2026-09-05T17:49:11.399+0200] {logging_mixin.py:190} INFO - Task instance is in running state
[2026-09-05T17:49:11.399+0200] {logging_mixin.py:190} INFO -  Previous state of the Task instance: queued
[2026-09-05T17:49:11.400+0200] {logging_mixin.py:190} INFO - Current task name:wait_for_csv state:running start_date:2026-09-05 15:49:11.309805+00:00
[2026-09-05T17:49:11.400+0200] {logging_mixin.py:190} INFO - Dag name:mini_riskagent_file_ingestion and current dag run status:running
[2026-09-05T17:49:11.400+0200] {taskinstance.py:732} INFO - ::endgroup::
[2026-09-05T17:49:11.401+0200] {python.py:75} INFO - Poking callable: <function check_for_csv_files at 0x10a6a4c20>
[2026-09-05T17:49:11.405+0200] {taskinstance.py:310} INFO - Rescheduling task, marking task as UP_FOR_RESCHEDULE
[2026-09-05T17:49:11.405+0200] {taskinstance.py:341} INFO - ::group::Post task execution logs
[2026-09-05T17:49:11.427+0200] {local_task_job_runner.py:266} INFO - Task exited with return code 0
[2026-09-05T17:49:11.432+0200] {taskinstance.py:3901} INFO - 0 downstream tasks scheduled from follow-on schedule check
[2026-09-05T17:49:11.433+0200] {local_task_job_runner.py:245} INFO - ::endgroup::
