[2026-09-05T17:35:53.786+0200] {local_task_job_runner.py:123} INFO - ::group::Pre task execution logs
[2026-09-05T17:35:53.788+0200] {taskinstance.py:2614} INFO - Dependencies all met for dep_context=non-requeueable deps ti=<TaskInstance: mini_riskagent_file_ingestion.wait_for_csv scheduled__2026-09-05T15:34:00+00:00 [queued]>
[2026-09-05T17:35:53.790+0200] {taskinstance.py:2614} INFO - Dependencies all met for dep_context=requeueable deps ti=<TaskInstance: mini_riskagent_file_ingestion.wait_for_csv scheduled__2026-09-05T15:34:00+00:00 [queued]>
[2026-09-05T17:35:53.790+0200] {taskinstance.py:2867} INFO - Starting attempt 1 of 2
[2026-09-05T17:35:53.794+0200] {taskinstance.py:2890} INFO - Executing <Task(PythonSensor): wait_for_csv> on 2026-09-05 15:34:00+00:00
[2026-09-05T17:35:53.798+0200] {standard_task_runner.py:104} INFO - Running: ['airflow', 'tasks', 'run', 'mini_riskagent_file_ingestion', 'wait_for_csv', 'scheduled__2026-09-05T15:34:00+00:00', '--job-id', '157', '--raw', '--subdir', 'DAGS_FOLDER/data_ingest_pipeline.py', '--cfg-path', '/var/folders/5p/201rr1sj03g8gksxm9x48mbh0000gn/T/tmp4k0akz98']
[2026-09-05T17:35:53.799+0200] {standard_task_runner.py:105} INFO - Job 157: Subtask wait_for_csv
[2026-09-05T17:35:53.847+0200] {logging_mixin.py:190} WARNING - /Users/swarnalidatta/Desktop/AutoQueryChatbot/.airflow-venv/lib/python3.12/site-packages/airflow/task/task_runner/standard_task_runner.py:70 DeprecationWarning: This process (pid=18283) is multi-threaded, use of fork() may lead to deadlocks in the child.
[2026-09-05T17:35:53.848+0200] {standard_task_runner.py:72} INFO - Started process 18286 to run task
[2026-09-05T17:35:53.858+0200] {task_command.py:467} INFO - Running <TaskInstance: mini_riskagent_file_ingestion.wait_for_csv scheduled__2026-09-05T15:34:00+00:00 [running]> on host mac.home
[2026-09-05T17:35:53.873+0200] {taskinstance.py:3134} INFO - Exporting env vars: AIRFLOW_CTX_DAG_OWNER='autoquery' AIRFLOW_CTX_DAG_ID='mini_riskagent_file_ingestion' AIRFLOW_CTX_TASK_ID='wait_for_csv' AIRFLOW_CTX_EXECUTION_DATE='2026-09-05T15:34:00+00:00' AIRFLOW_CTX_TRY_NUMBER='1' AIRFLOW_CTX_DAG_RUN_ID='scheduled__2026-09-05T15:34:00+00:00'
[2026-09-05T17:35:53.874+0200] {logging_mixin.py:190} INFO - Task instance is in running state
[2026-09-05T17:35:53.874+0200] {logging_mixin.py:190} INFO -  Previous state of the Task instance: queued
[2026-09-05T17:35:53.874+0200] {logging_mixin.py:190} INFO - Current task name:wait_for_csv state:running start_date:2026-09-05 15:35:53.788990+00:00
[2026-09-05T17:35:53.874+0200] {logging_mixin.py:190} INFO - Dag name:mini_riskagent_file_ingestion and current dag run status:running
[2026-09-05T17:35:53.874+0200] {taskinstance.py:732} INFO - ::endgroup::
[2026-09-05T17:35:53.876+0200] {python.py:75} INFO - Poking callable: <function check_for_csv_files at 0x1080a4c20>
[2026-09-05T17:35:53.879+0200] {taskinstance.py:310} INFO - Rescheduling task, marking task as UP_FOR_RESCHEDULE
[2026-09-05T17:35:53.879+0200] {taskinstance.py:341} INFO - ::group::Post task execution logs
[2026-09-05T17:35:53.903+0200] {local_task_job_runner.py:266} INFO - Task exited with return code 0
[2026-09-05T17:35:53.908+0200] {taskinstance.py:3901} INFO - 0 downstream tasks scheduled from follow-on schedule check
[2026-09-05T17:35:53.908+0200] {local_task_job_runner.py:245} INFO - ::endgroup::
[2026-09-05T17:36:26.415+0200] {local_task_job_runner.py:123} INFO - ::group::Pre task execution logs
[2026-09-05T17:36:26.418+0200] {taskinstance.py:2614} INFO - Dependencies all met for dep_context=non-requeueable deps ti=<TaskInstance: mini_riskagent_file_ingestion.wait_for_csv scheduled__2026-09-05T15:34:00+00:00 [queued]>
[2026-09-05T17:36:26.419+0200] {taskinstance.py:2614} INFO - Dependencies all met for dep_context=requeueable deps ti=<TaskInstance: mini_riskagent_file_ingestion.wait_for_csv scheduled__2026-09-05T15:34:00+00:00 [queued]>
[2026-09-05T17:36:26.420+0200] {taskinstance.py:2867} INFO - Starting attempt 1 of 2
[2026-09-05T17:36:26.423+0200] {taskinstance.py:2890} INFO - Executing <Task(PythonSensor): wait_for_csv> on 2026-09-05 15:34:00+00:00
[2026-09-05T17:36:26.427+0200] {standard_task_runner.py:104} INFO - Running: ['airflow', 'tasks', 'run', 'mini_riskagent_file_ingestion', 'wait_for_csv', 'scheduled__2026-09-05T15:34:00+00:00', '--job-id', '164', '--raw', '--subdir', 'DAGS_FOLDER/data_ingest_pipeline.py', '--cfg-path', '/var/folders/5p/201rr1sj03g8gksxm9x48mbh0000gn/T/tmpidthn0s3']
[2026-09-05T17:36:26.428+0200] {standard_task_runner.py:105} INFO - Job 164: Subtask wait_for_csv
[2026-09-05T17:36:26.479+0200] {logging_mixin.py:190} WARNING - /Users/swarnalidatta/Desktop/AutoQueryChatbot/.airflow-venv/lib/python3.12/site-packages/airflow/task/task_runner/standard_task_runner.py:70 DeprecationWarning: This process (pid=18374) is multi-threaded, use of fork() may lead to deadlocks in the child.
[2026-09-05T17:36:26.479+0200] {standard_task_runner.py:72} INFO - Started process 18380 to run task
[2026-09-05T17:36:26.489+0200] {task_command.py:467} INFO - Running <TaskInstance: mini_riskagent_file_ingestion.wait_for_csv scheduled__2026-09-05T15:34:00+00:00 [running]> on host mac.home
[2026-09-05T17:36:26.504+0200] {taskinstance.py:3134} INFO - Exporting env vars: AIRFLOW_CTX_DAG_OWNER='autoquery' AIRFLOW_CTX_DAG_ID='mini_riskagent_file_ingestion' AIRFLOW_CTX_TASK_ID='wait_for_csv' AIRFLOW_CTX_EXECUTION_DATE='2026-09-05T15:34:00+00:00' AIRFLOW_CTX_TRY_NUMBER='1' AIRFLOW_CTX_DAG_RUN_ID='scheduled__2026-09-05T15:34:00+00:00'
[2026-09-05T17:36:26.504+0200] {logging_mixin.py:190} INFO - Task instance is in running state
[2026-09-05T17:36:26.505+0200] {logging_mixin.py:190} INFO -  Previous state of the Task instance: queued
[2026-09-05T17:36:26.505+0200] {logging_mixin.py:190} INFO - Current task name:wait_for_csv state:running start_date:2026-09-05 15:36:26.418589+00:00
[2026-09-05T17:36:26.505+0200] {logging_mixin.py:190} INFO - Dag name:mini_riskagent_file_ingestion and current dag run status:running
[2026-09-05T17:36:26.505+0200] {taskinstance.py:732} INFO - ::endgroup::
[2026-09-05T17:36:26.506+0200] {python.py:75} INFO - Poking callable: <function check_for_csv_files at 0x10a618c20>
[2026-09-05T17:36:26.510+0200] {taskinstance.py:310} INFO - Rescheduling task, marking task as UP_FOR_RESCHEDULE
[2026-09-05T17:36:26.510+0200] {taskinstance.py:341} INFO - ::group::Post task execution logs
[2026-09-05T17:36:26.534+0200] {local_task_job_runner.py:266} INFO - Task exited with return code 0
[2026-09-05T17:36:26.539+0200] {taskinstance.py:3901} INFO - 0 downstream tasks scheduled from follow-on schedule check
[2026-09-05T17:36:26.539+0200] {local_task_job_runner.py:245} INFO - ::endgroup::
[2026-09-05T17:36:58.594+0200] {local_task_job_runner.py:123} INFO - ::group::Pre task execution logs
[2026-09-05T17:36:58.597+0200] {taskinstance.py:2614} INFO - Dependencies all met for dep_context=non-requeueable deps ti=<TaskInstance: mini_riskagent_file_ingestion.wait_for_csv scheduled__2026-09-05T15:34:00+00:00 [queued]>
[2026-09-05T17:36:58.598+0200] {taskinstance.py:2614} INFO - Dependencies all met for dep_context=requeueable deps ti=<TaskInstance: mini_riskagent_file_ingestion.wait_for_csv scheduled__2026-09-05T15:34:00+00:00 [queued]>
[2026-09-05T17:36:58.598+0200] {taskinstance.py:2867} INFO - Starting attempt 1 of 2
[2026-09-05T17:36:58.602+0200] {taskinstance.py:2890} INFO - Executing <Task(PythonSensor): wait_for_csv> on 2026-09-05 15:34:00+00:00
[2026-09-05T17:36:58.606+0200] {standard_task_runner.py:104} INFO - Running: ['airflow', 'tasks', 'run', 'mini_riskagent_file_ingestion', 'wait_for_csv', 'scheduled__2026-09-05T15:34:00+00:00', '--job-id', '171', '--raw', '--subdir', 'DAGS_FOLDER/data_ingest_pipeline.py', '--cfg-path', '/var/folders/5p/201rr1sj03g8gksxm9x48mbh0000gn/T/tmp4qts4mgw']
[2026-09-05T17:36:58.607+0200] {standard_task_runner.py:105} INFO - Job 171: Subtask wait_for_csv
[2026-09-05T17:36:58.657+0200] {logging_mixin.py:190} WARNING - /Users/swarnalidatta/Desktop/AutoQueryChatbot/.airflow-venv/lib/python3.12/site-packages/airflow/task/task_runner/standard_task_runner.py:70 DeprecationWarning: This process (pid=18463) is multi-threaded, use of fork() may lead to deadlocks in the child.
[2026-09-05T17:36:58.657+0200] {standard_task_runner.py:72} INFO - Started process 18465 to run task
[2026-09-05T17:36:58.667+0200] {task_command.py:467} INFO - Running <TaskInstance: mini_riskagent_file_ingestion.wait_for_csv scheduled__2026-09-05T15:34:00+00:00 [running]> on host mac.home
[2026-09-05T17:36:58.683+0200] {taskinstance.py:3134} INFO - Exporting env vars: AIRFLOW_CTX_DAG_OWNER='autoquery' AIRFLOW_CTX_DAG_ID='mini_riskagent_file_ingestion' AIRFLOW_CTX_TASK_ID='wait_for_csv' AIRFLOW_CTX_EXECUTION_DATE='2026-09-05T15:34:00+00:00' AIRFLOW_CTX_TRY_NUMBER='1' AIRFLOW_CTX_DAG_RUN_ID='scheduled__2026-09-05T15:34:00+00:00'
[2026-09-05T17:36:58.683+0200] {logging_mixin.py:190} INFO - Task instance is in running state
[2026-09-05T17:36:58.683+0200] {logging_mixin.py:190} INFO -  Previous state of the Task instance: queued
[2026-09-05T17:36:58.684+0200] {logging_mixin.py:190} INFO - Current task name:wait_for_csv state:running start_date:2026-09-05 15:36:58.597178+00:00
[2026-09-05T17:36:58.684+0200] {logging_mixin.py:190} INFO - Dag name:mini_riskagent_file_ingestion and current dag run status:running
[2026-09-05T17:36:58.684+0200] {taskinstance.py:732} INFO - ::endgroup::
[2026-09-05T17:36:58.685+0200] {python.py:75} INFO - Poking callable: <function check_for_csv_files at 0x10adb4c20>
[2026-09-05T17:36:58.688+0200] {taskinstance.py:310} INFO - Rescheduling task, marking task as UP_FOR_RESCHEDULE
[2026-09-05T17:36:58.689+0200] {taskinstance.py:341} INFO - ::group::Post task execution logs
[2026-09-05T17:36:58.713+0200] {local_task_job_runner.py:266} INFO - Task exited with return code 0
[2026-09-05T17:36:58.718+0200] {taskinstance.py:3901} INFO - 0 downstream tasks scheduled from follow-on schedule check
[2026-09-05T17:36:58.718+0200] {local_task_job_runner.py:245} INFO - ::endgroup::
[2026-09-05T17:37:30.773+0200] {local_task_job_runner.py:123} INFO - ::group::Pre task execution logs
[2026-09-05T17:37:30.775+0200] {taskinstance.py:2614} INFO - Dependencies all met for dep_context=non-requeueable deps ti=<TaskInstance: mini_riskagent_file_ingestion.wait_for_csv scheduled__2026-09-05T15:34:00+00:00 [queued]>
[2026-09-05T17:37:30.777+0200] {taskinstance.py:2614} INFO - Dependencies all met for dep_context=requeueable deps ti=<TaskInstance: mini_riskagent_file_ingestion.wait_for_csv scheduled__2026-09-05T15:34:00+00:00 [queued]>
[2026-09-05T17:37:30.777+0200] {taskinstance.py:2867} INFO - Starting attempt 1 of 2
[2026-09-05T17:37:30.781+0200] {taskinstance.py:2890} INFO - Executing <Task(PythonSensor): wait_for_csv> on 2026-09-05 15:34:00+00:00
[2026-09-05T17:37:30.784+0200] {standard_task_runner.py:104} INFO - Running: ['airflow', 'tasks', 'run', 'mini_riskagent_file_ingestion', 'wait_for_csv', 'scheduled__2026-09-05T15:34:00+00:00', '--job-id', '179', '--raw', '--subdir', 'DAGS_FOLDER/data_ingest_pipeline.py', '--cfg-path', '/var/folders/5p/201rr1sj03g8gksxm9x48mbh0000gn/T/tmpc6b_tjud']
[2026-09-05T17:37:30.785+0200] {standard_task_runner.py:105} INFO - Job 179: Subtask wait_for_csv
[2026-09-05T17:37:30.836+0200] {logging_mixin.py:190} WARNING - /Users/swarnalidatta/Desktop/AutoQueryChatbot/.airflow-venv/lib/python3.12/site-packages/airflow/task/task_runner/standard_task_runner.py:70 DeprecationWarning: This process (pid=18549) is multi-threaded, use of fork() may lead to deadlocks in the child.
[2026-09-05T17:37:30.836+0200] {standard_task_runner.py:72} INFO - Started process 18551 to run task
[2026-09-05T17:37:30.846+0200] {task_command.py:467} INFO - Running <TaskInstance: mini_riskagent_file_ingestion.wait_for_csv scheduled__2026-09-05T15:34:00+00:00 [running]> on host mac.home
[2026-09-05T17:37:30.862+0200] {taskinstance.py:3134} INFO - Exporting env vars: AIRFLOW_CTX_DAG_OWNER='autoquery' AIRFLOW_CTX_DAG_ID='mini_riskagent_file_ingestion' AIRFLOW_CTX_TASK_ID='wait_for_csv' AIRFLOW_CTX_EXECUTION_DATE='2026-09-05T15:34:00+00:00' AIRFLOW_CTX_TRY_NUMBER='1' AIRFLOW_CTX_DAG_RUN_ID='scheduled__2026-09-05T15:34:00+00:00'
[2026-09-05T17:37:30.862+0200] {logging_mixin.py:190} INFO - Task instance is in running state
[2026-09-05T17:37:30.862+0200] {logging_mixin.py:190} INFO -  Previous state of the Task instance: queued
[2026-09-05T17:37:30.862+0200] {logging_mixin.py:190} INFO - Current task name:wait_for_csv state:running start_date:2026-09-05 15:37:30.776004+00:00
[2026-09-05T17:37:30.862+0200] {logging_mixin.py:190} INFO - Dag name:mini_riskagent_file_ingestion and current dag run status:running
[2026-09-05T17:37:30.863+0200] {taskinstance.py:732} INFO - ::endgroup::
[2026-09-05T17:37:30.864+0200] {python.py:75} INFO - Poking callable: <function check_for_csv_files at 0x108dc8c20>
[2026-09-05T17:37:30.867+0200] {taskinstance.py:310} INFO - Rescheduling task, marking task as UP_FOR_RESCHEDULE
[2026-09-05T17:37:30.867+0200] {taskinstance.py:341} INFO - ::group::Post task execution logs
[2026-09-05T17:37:30.891+0200] {local_task_job_runner.py:266} INFO - Task exited with return code 0
[2026-09-05T17:37:30.896+0200] {taskinstance.py:3901} INFO - 0 downstream tasks scheduled from follow-on schedule check
[2026-09-05T17:37:30.896+0200] {local_task_job_runner.py:245} INFO - ::endgroup::
[2026-09-05T17:38:02.927+0200] {local_task_job_runner.py:123} INFO - ::group::Pre task execution logs
[2026-09-05T17:38:02.930+0200] {taskinstance.py:2614} INFO - Dependencies all met for dep_context=non-requeueable deps ti=<TaskInstance: mini_riskagent_file_ingestion.wait_for_csv scheduled__2026-09-05T15:34:00+00:00 [queued]>
[2026-09-05T17:38:02.931+0200] {taskinstance.py:2614} INFO - Dependencies all met for dep_context=requeueable deps ti=<TaskInstance: mini_riskagent_file_ingestion.wait_for_csv scheduled__2026-09-05T15:34:00+00:00 [queued]>
[2026-09-05T17:38:02.931+0200] {taskinstance.py:2867} INFO - Starting attempt 1 of 2
[2026-09-05T17:38:02.935+0200] {taskinstance.py:2890} INFO - Executing <Task(PythonSensor): wait_for_csv> on 2026-09-05 15:34:00+00:00
[2026-09-05T17:38:02.939+0200] {standard_task_runner.py:104} INFO - Running: ['airflow', 'tasks', 'run', 'mini_riskagent_file_ingestion', 'wait_for_csv', 'scheduled__2026-09-05T15:34:00+00:00', '--job-id', '187', '--raw', '--subdir', 'DAGS_FOLDER/data_ingest_pipeline.py', '--cfg-path', '/var/folders/5p/201rr1sj03g8gksxm9x48mbh0000gn/T/tmp4fpu153b']
[2026-09-05T17:38:02.940+0200] {standard_task_runner.py:105} INFO - Job 187: Subtask wait_for_csv
[2026-09-05T17:38:02.990+0200] {logging_mixin.py:190} WARNING - /Users/swarnalidatta/Desktop/AutoQueryChatbot/.airflow-venv/lib/python3.12/site-packages/airflow/task/task_runner/standard_task_runner.py:70 DeprecationWarning: This process (pid=18642) is multi-threaded, use of fork() may lead to deadlocks in the child.
[2026-09-05T17:38:02.991+0200] {standard_task_runner.py:72} INFO - Started process 18644 to run task
[2026-09-05T17:38:03.001+0200] {task_command.py:467} INFO - Running <TaskInstance: mini_riskagent_file_ingestion.wait_for_csv scheduled__2026-09-05T15:34:00+00:00 [running]> on host mac.home
[2026-09-05T17:38:03.017+0200] {taskinstance.py:3134} INFO - Exporting env vars: AIRFLOW_CTX_DAG_OWNER='autoquery' AIRFLOW_CTX_DAG_ID='mini_riskagent_file_ingestion' AIRFLOW_CTX_TASK_ID='wait_for_csv' AIRFLOW_CTX_EXECUTION_DATE='2026-09-05T15:34:00+00:00' AIRFLOW_CTX_TRY_NUMBER='1' AIRFLOW_CTX_DAG_RUN_ID='scheduled__2026-09-05T15:34:00+00:00'
[2026-09-05T17:38:03.017+0200] {logging_mixin.py:190} INFO - Task instance is in running state
[2026-09-05T17:38:03.017+0200] {logging_mixin.py:190} INFO -  Previous state of the Task instance: queued
[2026-09-05T17:38:03.017+0200] {logging_mixin.py:190} INFO - Current task name:wait_for_csv state:running start_date:2026-09-05 15:38:02.930268+00:00
[2026-09-05T17:38:03.018+0200] {logging_mixin.py:190} INFO - Dag name:mini_riskagent_file_ingestion and current dag run status:running
[2026-09-05T17:38:03.018+0200] {taskinstance.py:732} INFO - ::endgroup::
[2026-09-05T17:38:03.019+0200] {python.py:75} INFO - Poking callable: <function check_for_csv_files at 0x1128e4c20>
[2026-09-05T17:38:03.022+0200] {taskinstance.py:310} INFO - Rescheduling task, marking task as UP_FOR_RESCHEDULE
[2026-09-05T17:38:03.022+0200] {taskinstance.py:341} INFO - ::group::Post task execution logs
[2026-09-05T17:38:03.046+0200] {local_task_job_runner.py:266} INFO - Task exited with return code 0
[2026-09-05T17:38:03.051+0200] {taskinstance.py:3901} INFO - 0 downstream tasks scheduled from follow-on schedule check
[2026-09-05T17:38:03.051+0200] {local_task_job_runner.py:245} INFO - ::endgroup::
[2026-09-05T17:38:35.300+0200] {local_task_job_runner.py:123} INFO - ::group::Pre task execution logs
[2026-09-05T17:38:35.303+0200] {taskinstance.py:2614} INFO - Dependencies all met for dep_context=non-requeueable deps ti=<TaskInstance: mini_riskagent_file_ingestion.wait_for_csv scheduled__2026-09-05T15:34:00+00:00 [queued]>
[2026-09-05T17:38:35.304+0200] {taskinstance.py:2614} INFO - Dependencies all met for dep_context=requeueable deps ti=<TaskInstance: mini_riskagent_file_ingestion.wait_for_csv scheduled__2026-09-05T15:34:00+00:00 [queued]>
[2026-09-05T17:38:35.304+0200] {taskinstance.py:2867} INFO - Starting attempt 1 of 2
[2026-09-05T17:38:35.308+0200] {taskinstance.py:2890} INFO - Executing <Task(PythonSensor): wait_for_csv> on 2026-09-05 15:34:00+00:00
[2026-09-05T17:38:35.312+0200] {standard_task_runner.py:104} INFO - Running: ['airflow', 'tasks', 'run', 'mini_riskagent_file_ingestion', 'wait_for_csv', 'scheduled__2026-09-05T15:34:00+00:00', '--job-id', '196', '--raw', '--subdir', 'DAGS_FOLDER/data_ingest_pipeline.py', '--cfg-path', '/var/folders/5p/201rr1sj03g8gksxm9x48mbh0000gn/T/tmpsmpy03_m']
[2026-09-05T17:38:35.313+0200] {standard_task_runner.py:105} INFO - Job 196: Subtask wait_for_csv
[2026-09-05T17:38:35.362+0200] {logging_mixin.py:190} WARNING - /Users/swarnalidatta/Desktop/AutoQueryChatbot/.airflow-venv/lib/python3.12/site-packages/airflow/task/task_runner/standard_task_runner.py:70 DeprecationWarning: This process (pid=18732) is multi-threaded, use of fork() may lead to deadlocks in the child.
[2026-09-05T17:38:35.362+0200] {standard_task_runner.py:72} INFO - Started process 18734 to run task
[2026-09-05T17:38:35.375+0200] {task_command.py:467} INFO - Running <TaskInstance: mini_riskagent_file_ingestion.wait_for_csv scheduled__2026-09-05T15:34:00+00:00 [running]> on host mac.home
[2026-09-05T17:38:35.391+0200] {taskinstance.py:3134} INFO - Exporting env vars: AIRFLOW_CTX_DAG_OWNER='autoquery' AIRFLOW_CTX_DAG_ID='mini_riskagent_file_ingestion' AIRFLOW_CTX_TASK_ID='wait_for_csv' AIRFLOW_CTX_EXECUTION_DATE='2026-09-05T15:34:00+00:00' AIRFLOW_CTX_TRY_NUMBER='1' AIRFLOW_CTX_DAG_RUN_ID='scheduled__2026-09-05T15:34:00+00:00'
[2026-09-05T17:38:35.391+0200] {logging_mixin.py:190} INFO - Task instance is in running state
[2026-09-05T17:38:35.391+0200] {logging_mixin.py:190} INFO -  Previous state of the Task instance: queued
[2026-09-05T17:38:35.391+0200] {logging_mixin.py:190} INFO - Current task name:wait_for_csv state:running start_date:2026-09-05 15:38:35.303467+00:00
[2026-09-05T17:38:35.391+0200] {logging_mixin.py:190} INFO - Dag name:mini_riskagent_file_ingestion and current dag run status:running
[2026-09-05T17:38:35.392+0200] {taskinstance.py:732} INFO - ::endgroup::
[2026-09-05T17:38:35.393+0200] {python.py:75} INFO - Poking callable: <function check_for_csv_files at 0x10a10cc20>
[2026-09-05T17:38:35.396+0200] {taskinstance.py:310} INFO - Rescheduling task, marking task as UP_FOR_RESCHEDULE
[2026-09-05T17:38:35.396+0200] {taskinstance.py:341} INFO - ::group::Post task execution logs
[2026-09-05T17:38:35.418+0200] {local_task_job_runner.py:266} INFO - Task exited with return code 0
[2026-09-05T17:38:35.423+0200] {taskinstance.py:3901} INFO - 0 downstream tasks scheduled from follow-on schedule check
[2026-09-05T17:38:35.423+0200] {local_task_job_runner.py:245} INFO - ::endgroup::
[2026-09-05T17:39:07.379+0200] {local_task_job_runner.py:123} INFO - ::group::Pre task execution logs
[2026-09-05T17:39:07.381+0200] {taskinstance.py:2614} INFO - Dependencies all met for dep_context=non-requeueable deps ti=<TaskInstance: mini_riskagent_file_ingestion.wait_for_csv scheduled__2026-09-05T15:34:00+00:00 [queued]>
[2026-09-05T17:39:07.383+0200] {taskinstance.py:2614} INFO - Dependencies all met for dep_context=requeueable deps ti=<TaskInstance: mini_riskagent_file_ingestion.wait_for_csv scheduled__2026-09-05T15:34:00+00:00 [queued]>
[2026-09-05T17:39:07.383+0200] {taskinstance.py:2867} INFO - Starting attempt 1 of 2
[2026-09-05T17:39:07.387+0200] {taskinstance.py:2890} INFO - Executing <Task(PythonSensor): wait_for_csv> on 2026-09-05 15:34:00+00:00
[2026-09-05T17:39:07.391+0200] {standard_task_runner.py:104} INFO - Running: ['airflow', 'tasks', 'run', 'mini_riskagent_file_ingestion', 'wait_for_csv', 'scheduled__2026-09-05T15:34:00+00:00', '--job-id', '206', '--raw', '--subdir', 'DAGS_FOLDER/data_ingest_pipeline.py', '--cfg-path', '/var/folders/5p/201rr1sj03g8gksxm9x48mbh0000gn/T/tmpunxye2k4']
[2026-09-05T17:39:07.392+0200] {standard_task_runner.py:105} INFO - Job 206: Subtask wait_for_csv
[2026-09-05T17:39:07.442+0200] {logging_mixin.py:190} WARNING - /Users/swarnalidatta/Desktop/AutoQueryChatbot/.airflow-venv/lib/python3.12/site-packages/airflow/task/task_runner/standard_task_runner.py:70 DeprecationWarning: This process (pid=18824) is multi-threaded, use of fork() may lead to deadlocks in the child.
[2026-09-05T17:39:07.442+0200] {standard_task_runner.py:72} INFO - Started process 18826 to run task
[2026-09-05T17:39:07.453+0200] {task_command.py:467} INFO - Running <TaskInstance: mini_riskagent_file_ingestion.wait_for_csv scheduled__2026-09-05T15:34:00+00:00 [running]> on host mac.home
[2026-09-05T17:39:07.469+0200] {taskinstance.py:3134} INFO - Exporting env vars: AIRFLOW_CTX_DAG_OWNER='autoquery' AIRFLOW_CTX_DAG_ID='mini_riskagent_file_ingestion' AIRFLOW_CTX_TASK_ID='wait_for_csv' AIRFLOW_CTX_EXECUTION_DATE='2026-09-05T15:34:00+00:00' AIRFLOW_CTX_TRY_NUMBER='1' AIRFLOW_CTX_DAG_RUN_ID='scheduled__2026-09-05T15:34:00+00:00'
[2026-09-05T17:39:07.469+0200] {logging_mixin.py:190} INFO - Task instance is in running state
[2026-09-05T17:39:07.469+0200] {logging_mixin.py:190} INFO -  Previous state of the Task instance: queued
[2026-09-05T17:39:07.469+0200] {logging_mixin.py:190} INFO - Current task name:wait_for_csv state:running start_date:2026-09-05 15:39:07.381937+00:00
[2026-09-05T17:39:07.470+0200] {logging_mixin.py:190} INFO - Dag name:mini_riskagent_file_ingestion and current dag run status:running
[2026-09-05T17:39:07.470+0200] {taskinstance.py:732} INFO - ::endgroup::
[2026-09-05T17:39:07.471+0200] {python.py:75} INFO - Poking callable: <function check_for_csv_files at 0x113ce4c20>
[2026-09-05T17:39:07.474+0200] {taskinstance.py:310} INFO - Rescheduling task, marking task as UP_FOR_RESCHEDULE
[2026-09-05T17:39:07.474+0200] {taskinstance.py:341} INFO - ::group::Post task execution logs
[2026-09-05T17:39:07.497+0200] {local_task_job_runner.py:266} INFO - Task exited with return code 0
[2026-09-05T17:39:07.502+0200] {taskinstance.py:3901} INFO - 0 downstream tasks scheduled from follow-on schedule check
[2026-09-05T17:39:07.502+0200] {local_task_job_runner.py:245} INFO - ::endgroup::
[2026-09-05T17:39:39.839+0200] {local_task_job_runner.py:123} INFO - ::group::Pre task execution logs
[2026-09-05T17:39:39.842+0200] {taskinstance.py:2614} INFO - Dependencies all met for dep_context=non-requeueable deps ti=<TaskInstance: mini_riskagent_file_ingestion.wait_for_csv scheduled__2026-09-05T15:34:00+00:00 [queued]>
[2026-09-05T17:39:39.844+0200] {taskinstance.py:2614} INFO - Dependencies all met for dep_context=requeueable deps ti=<TaskInstance: mini_riskagent_file_ingestion.wait_for_csv scheduled__2026-09-05T15:34:00+00:00 [queued]>
[2026-09-05T17:39:39.844+0200] {taskinstance.py:2867} INFO - Starting attempt 1 of 2
[2026-09-05T17:39:39.847+0200] {taskinstance.py:2890} INFO - Executing <Task(PythonSensor): wait_for_csv> on 2026-09-05 15:34:00+00:00
[2026-09-05T17:39:39.851+0200] {standard_task_runner.py:104} INFO - Running: ['airflow', 'tasks', 'run', 'mini_riskagent_file_ingestion', 'wait_for_csv', 'scheduled__2026-09-05T15:34:00+00:00', '--job-id', '216', '--raw', '--subdir', 'DAGS_FOLDER/data_ingest_pipeline.py', '--cfg-path', '/var/folders/5p/201rr1sj03g8gksxm9x48mbh0000gn/T/tmp5xvcy42b']
[2026-09-05T17:39:39.852+0200] {standard_task_runner.py:105} INFO - Job 216: Subtask wait_for_csv
[2026-09-05T17:39:39.903+0200] {logging_mixin.py:190} WARNING - /Users/swarnalidatta/Desktop/AutoQueryChatbot/.airflow-venv/lib/python3.12/site-packages/airflow/task/task_runner/standard_task_runner.py:70 DeprecationWarning: This process (pid=18921) is multi-threaded, use of fork() may lead to deadlocks in the child.
[2026-09-05T17:39:39.903+0200] {standard_task_runner.py:72} INFO - Started process 18923 to run task
[2026-09-05T17:39:39.914+0200] {task_command.py:467} INFO - Running <TaskInstance: mini_riskagent_file_ingestion.wait_for_csv scheduled__2026-09-05T15:34:00+00:00 [running]> on host mac.home
[2026-09-05T17:39:39.930+0200] {taskinstance.py:3134} INFO - Exporting env vars: AIRFLOW_CTX_DAG_OWNER='autoquery' AIRFLOW_CTX_DAG_ID='mini_riskagent_file_ingestion' AIRFLOW_CTX_TASK_ID='wait_for_csv' AIRFLOW_CTX_EXECUTION_DATE='2026-09-05T15:34:00+00:00' AIRFLOW_CTX_TRY_NUMBER='1' AIRFLOW_CTX_DAG_RUN_ID='scheduled__2026-09-05T15:34:00+00:00'
[2026-09-05T17:39:39.930+0200] {logging_mixin.py:190} INFO - Task instance is in running state
[2026-09-05T17:39:39.930+0200] {logging_mixin.py:190} INFO -  Previous state of the Task instance: queued
[2026-09-05T17:39:39.931+0200] {logging_mixin.py:190} INFO - Current task name:wait_for_csv state:running start_date:2026-09-05 15:39:39.842739+00:00
[2026-09-05T17:39:39.931+0200] {logging_mixin.py:190} INFO - Dag name:mini_riskagent_file_ingestion and current dag run status:running
[2026-09-05T17:39:39.931+0200] {taskinstance.py:732} INFO - ::endgroup::
[2026-09-05T17:39:39.932+0200] {python.py:75} INFO - Poking callable: <function check_for_csv_files at 0x10c5c0c20>
[2026-09-05T17:39:39.935+0200] {taskinstance.py:310} INFO - Rescheduling task, marking task as UP_FOR_RESCHEDULE
[2026-09-05T17:39:39.936+0200] {taskinstance.py:341} INFO - ::group::Post task execution logs
[2026-09-05T17:39:39.958+0200] {local_task_job_runner.py:266} INFO - Task exited with return code 0
[2026-09-05T17:39:39.963+0200] {taskinstance.py:3901} INFO - 0 downstream tasks scheduled from follow-on schedule check
[2026-09-05T17:39:39.964+0200] {local_task_job_runner.py:245} INFO - ::endgroup::
[2026-09-05T17:40:12.439+0200] {local_task_job_runner.py:123} INFO - ::group::Pre task execution logs
[2026-09-05T17:40:12.442+0200] {taskinstance.py:2614} INFO - Dependencies all met for dep_context=non-requeueable deps ti=<TaskInstance: mini_riskagent_file_ingestion.wait_for_csv scheduled__2026-09-05T15:34:00+00:00 [queued]>
[2026-09-05T17:40:12.444+0200] {taskinstance.py:2614} INFO - Dependencies all met for dep_context=requeueable deps ti=<TaskInstance: mini_riskagent_file_ingestion.wait_for_csv scheduled__2026-09-05T15:34:00+00:00 [queued]>
[2026-09-05T17:40:12.444+0200] {taskinstance.py:2867} INFO - Starting attempt 1 of 2
[2026-09-05T17:40:12.447+0200] {taskinstance.py:2890} INFO - Executing <Task(PythonSensor): wait_for_csv> on 2026-09-05 15:34:00+00:00
[2026-09-05T17:40:12.451+0200] {standard_task_runner.py:104} INFO - Running: ['airflow', 'tasks', 'run', 'mini_riskagent_file_ingestion', 'wait_for_csv', 'scheduled__2026-09-05T15:34:00+00:00', '--job-id', '227', '--raw', '--subdir', 'DAGS_FOLDER/data_ingest_pipeline.py', '--cfg-path', '/var/folders/5p/201rr1sj03g8gksxm9x48mbh0000gn/T/tmpvafo1t5p']
[2026-09-05T17:40:12.452+0200] {standard_task_runner.py:105} INFO - Job 227: Subtask wait_for_csv
[2026-09-05T17:40:12.502+0200] {logging_mixin.py:190} WARNING - /Users/swarnalidatta/Desktop/AutoQueryChatbot/.airflow-venv/lib/python3.12/site-packages/airflow/task/task_runner/standard_task_runner.py:70 DeprecationWarning: This process (pid=19014) is multi-threaded, use of fork() may lead to deadlocks in the child.
[2026-09-05T17:40:12.503+0200] {standard_task_runner.py:72} INFO - Started process 19016 to run task
[2026-09-05T17:40:12.515+0200] {task_command.py:467} INFO - Running <TaskInstance: mini_riskagent_file_ingestion.wait_for_csv scheduled__2026-09-05T15:34:00+00:00 [running]> on host mac.home
[2026-09-05T17:40:12.530+0200] {taskinstance.py:3134} INFO - Exporting env vars: AIRFLOW_CTX_DAG_OWNER='autoquery' AIRFLOW_CTX_DAG_ID='mini_riskagent_file_ingestion' AIRFLOW_CTX_TASK_ID='wait_for_csv' AIRFLOW_CTX_EXECUTION_DATE='2026-09-05T15:34:00+00:00' AIRFLOW_CTX_TRY_NUMBER='1' AIRFLOW_CTX_DAG_RUN_ID='scheduled__2026-09-05T15:34:00+00:00'
[2026-09-05T17:40:12.531+0200] {logging_mixin.py:190} INFO - Task instance is in running state
[2026-09-05T17:40:12.531+0200] {logging_mixin.py:190} INFO -  Previous state of the Task instance: queued
[2026-09-05T17:40:12.531+0200] {logging_mixin.py:190} INFO - Current task name:wait_for_csv state:running start_date:2026-09-05 15:40:12.442741+00:00
[2026-09-05T17:40:12.531+0200] {logging_mixin.py:190} INFO - Dag name:mini_riskagent_file_ingestion and current dag run status:running
[2026-09-05T17:40:12.531+0200] {taskinstance.py:732} INFO - ::endgroup::
[2026-09-05T17:40:12.533+0200] {python.py:75} INFO - Poking callable: <function check_for_csv_files at 0x112300c20>
[2026-09-05T17:40:12.536+0200] {taskinstance.py:310} INFO - Rescheduling task, marking task as UP_FOR_RESCHEDULE
[2026-09-05T17:40:12.536+0200] {taskinstance.py:341} INFO - ::group::Post task execution logs
[2026-09-05T17:40:12.558+0200] {local_task_job_runner.py:266} INFO - Task exited with return code 0
[2026-09-05T17:40:12.563+0200] {taskinstance.py:3901} INFO - 0 downstream tasks scheduled from follow-on schedule check
[2026-09-05T17:40:12.563+0200] {local_task_job_runner.py:245} INFO - ::endgroup::
[2026-09-05T17:40:44.741+0200] {local_task_job_runner.py:123} INFO - ::group::Pre task execution logs
[2026-09-05T17:40:44.744+0200] {taskinstance.py:2614} INFO - Dependencies all met for dep_context=non-requeueable deps ti=<TaskInstance: mini_riskagent_file_ingestion.wait_for_csv scheduled__2026-09-05T15:34:00+00:00 [queued]>
[2026-09-05T17:40:44.745+0200] {taskinstance.py:2614} INFO - Dependencies all met for dep_context=requeueable deps ti=<TaskInstance: mini_riskagent_file_ingestion.wait_for_csv scheduled__2026-09-05T15:34:00+00:00 [queued]>
[2026-09-05T17:40:44.745+0200] {taskinstance.py:2867} INFO - Starting attempt 1 of 2
[2026-09-05T17:40:44.749+0200] {taskinstance.py:2890} INFO - Executing <Task(PythonSensor): wait_for_csv> on 2026-09-05 15:34:00+00:00
[2026-09-05T17:40:44.753+0200] {standard_task_runner.py:104} INFO - Running: ['airflow', 'tasks', 'run', 'mini_riskagent_file_ingestion', 'wait_for_csv', 'scheduled__2026-09-05T15:34:00+00:00', '--job-id', '238', '--raw', '--subdir', 'DAGS_FOLDER/data_ingest_pipeline.py', '--cfg-path', '/var/folders/5p/201rr1sj03g8gksxm9x48mbh0000gn/T/tmpwdl8to3f']
[2026-09-05T17:40:44.754+0200] {standard_task_runner.py:105} INFO - Job 238: Subtask wait_for_csv
[2026-09-05T17:40:44.805+0200] {logging_mixin.py:190} WARNING - /Users/swarnalidatta/Desktop/AutoQueryChatbot/.airflow-venv/lib/python3.12/site-packages/airflow/task/task_runner/standard_task_runner.py:70 DeprecationWarning: This process (pid=19108) is multi-threaded, use of fork() may lead to deadlocks in the child.
[2026-09-05T17:40:44.805+0200] {standard_task_runner.py:72} INFO - Started process 19114 to run task
[2026-09-05T17:40:44.815+0200] {task_command.py:467} INFO - Running <TaskInstance: mini_riskagent_file_ingestion.wait_for_csv scheduled__2026-09-05T15:34:00+00:00 [running]> on host mac.home
[2026-09-05T17:40:44.831+0200] {taskinstance.py:3134} INFO - Exporting env vars: AIRFLOW_CTX_DAG_OWNER='autoquery' AIRFLOW_CTX_DAG_ID='mini_riskagent_file_ingestion' AIRFLOW_CTX_TASK_ID='wait_for_csv' AIRFLOW_CTX_EXECUTION_DATE='2026-09-05T15:34:00+00:00' AIRFLOW_CTX_TRY_NUMBER='1' AIRFLOW_CTX_DAG_RUN_ID='scheduled__2026-09-05T15:34:00+00:00'
[2026-09-05T17:40:44.831+0200] {logging_mixin.py:190} INFO - Task instance is in running state
[2026-09-05T17:40:44.831+0200] {logging_mixin.py:190} INFO -  Previous state of the Task instance: queued
[2026-09-05T17:40:44.831+0200] {logging_mixin.py:190} INFO - Current task name:wait_for_csv state:running start_date:2026-09-05 15:40:44.744110+00:00
[2026-09-05T17:40:44.832+0200] {logging_mixin.py:190} INFO - Dag name:mini_riskagent_file_ingestion and current dag run status:running
[2026-09-05T17:40:44.832+0200] {taskinstance.py:732} INFO - ::endgroup::
[2026-09-05T17:40:44.833+0200] {python.py:75} INFO - Poking callable: <function check_for_csv_files at 0x10840cc20>
[2026-09-05T17:40:44.836+0200] {taskinstance.py:310} INFO - Rescheduling task, marking task as UP_FOR_RESCHEDULE
[2026-09-05T17:40:44.837+0200] {taskinstance.py:341} INFO - ::group::Post task execution logs
[2026-09-05T17:40:44.860+0200] {local_task_job_runner.py:266} INFO - Task exited with return code 0
[2026-09-05T17:40:44.865+0200] {taskinstance.py:3901} INFO - 0 downstream tasks scheduled from follow-on schedule check
[2026-09-05T17:40:44.866+0200] {local_task_job_runner.py:245} INFO - ::endgroup::
[2026-09-05T17:41:16.388+0200] {local_task_job_runner.py:123} INFO - ::group::Pre task execution logs
[2026-09-05T17:41:16.391+0200] {taskinstance.py:2614} INFO - Dependencies all met for dep_context=non-requeueable deps ti=<TaskInstance: mini_riskagent_file_ingestion.wait_for_csv scheduled__2026-09-05T15:34:00+00:00 [queued]>
[2026-09-05T17:41:16.392+0200] {taskinstance.py:2614} INFO - Dependencies all met for dep_context=requeueable deps ti=<TaskInstance: mini_riskagent_file_ingestion.wait_for_csv scheduled__2026-09-05T15:34:00+00:00 [queued]>
[2026-09-05T17:41:16.392+0200] {taskinstance.py:2867} INFO - Starting attempt 1 of 2
[2026-09-05T17:41:16.396+0200] {taskinstance.py:2890} INFO - Executing <Task(PythonSensor): wait_for_csv> on 2026-09-05 15:34:00+00:00
[2026-09-05T17:41:16.400+0200] {standard_task_runner.py:104} INFO - Running: ['airflow', 'tasks', 'run', 'mini_riskagent_file_ingestion', 'wait_for_csv', 'scheduled__2026-09-05T15:34:00+00:00', '--job-id', '250', '--raw', '--subdir', 'DAGS_FOLDER/data_ingest_pipeline.py', '--cfg-path', '/var/folders/5p/201rr1sj03g8gksxm9x48mbh0000gn/T/tmpd1avp7ns']
[2026-09-05T17:41:16.401+0200] {standard_task_runner.py:105} INFO - Job 250: Subtask wait_for_csv
[2026-09-05T17:41:16.452+0200] {logging_mixin.py:190} WARNING - /Users/swarnalidatta/Desktop/AutoQueryChatbot/.airflow-venv/lib/python3.12/site-packages/airflow/task/task_runner/standard_task_runner.py:70 DeprecationWarning: This process (pid=19208) is multi-threaded, use of fork() may lead to deadlocks in the child.
[2026-09-05T17:41:16.452+0200] {standard_task_runner.py:72} INFO - Started process 19237 to run task
[2026-09-05T17:41:16.463+0200] {task_command.py:467} INFO - Running <TaskInstance: mini_riskagent_file_ingestion.wait_for_csv scheduled__2026-09-05T15:34:00+00:00 [running]> on host mac.home
[2026-09-05T17:41:16.478+0200] {taskinstance.py:3134} INFO - Exporting env vars: AIRFLOW_CTX_DAG_OWNER='autoquery' AIRFLOW_CTX_DAG_ID='mini_riskagent_file_ingestion' AIRFLOW_CTX_TASK_ID='wait_for_csv' AIRFLOW_CTX_EXECUTION_DATE='2026-09-05T15:34:00+00:00' AIRFLOW_CTX_TRY_NUMBER='1' AIRFLOW_CTX_DAG_RUN_ID='scheduled__2026-09-05T15:34:00+00:00'
[2026-09-05T17:41:16.479+0200] {logging_mixin.py:190} INFO - Task instance is in running state
[2026-09-05T17:41:16.479+0200] {logging_mixin.py:190} INFO -  Previous state of the Task instance: queued
[2026-09-05T17:41:16.479+0200] {logging_mixin.py:190} INFO - Current task name:wait_for_csv state:running start_date:2026-09-05 15:41:16.391100+00:00
[2026-09-05T17:41:16.479+0200] {logging_mixin.py:190} INFO - Dag name:mini_riskagent_file_ingestion and current dag run status:running
[2026-09-05T17:41:16.479+0200] {taskinstance.py:732} INFO - ::endgroup::
[2026-09-05T17:41:16.481+0200] {python.py:75} INFO - Poking callable: <function check_for_csv_files at 0x10a7bcc20>
[2026-09-05T17:41:16.484+0200] {taskinstance.py:310} INFO - Rescheduling task, marking task as UP_FOR_RESCHEDULE
[2026-09-05T17:41:16.484+0200] {taskinstance.py:341} INFO - ::group::Post task execution logs
[2026-09-05T17:41:16.507+0200] {local_task_job_runner.py:266} INFO - Task exited with return code 0
[2026-09-05T17:41:16.512+0200] {taskinstance.py:3901} INFO - 0 downstream tasks scheduled from follow-on schedule check
[2026-09-05T17:41:16.513+0200] {local_task_job_runner.py:245} INFO - ::endgroup::
[2026-09-05T17:41:47.804+0200] {local_task_job_runner.py:123} INFO - ::group::Pre task execution logs
[2026-09-05T17:41:47.807+0200] {taskinstance.py:2614} INFO - Dependencies all met for dep_context=non-requeueable deps ti=<TaskInstance: mini_riskagent_file_ingestion.wait_for_csv scheduled__2026-09-05T15:34:00+00:00 [queued]>
[2026-09-05T17:41:47.808+0200] {taskinstance.py:2614} INFO - Dependencies all met for dep_context=requeueable deps ti=<TaskInstance: mini_riskagent_file_ingestion.wait_for_csv scheduled__2026-09-05T15:34:00+00:00 [queued]>
[2026-09-05T17:41:47.808+0200] {taskinstance.py:2867} INFO - Starting attempt 1 of 2
[2026-09-05T17:41:47.812+0200] {taskinstance.py:2890} INFO - Executing <Task(PythonSensor): wait_for_csv> on 2026-09-05 15:34:00+00:00
[2026-09-05T17:41:47.816+0200] {standard_task_runner.py:104} INFO - Running: ['airflow', 'tasks', 'run', 'mini_riskagent_file_ingestion', 'wait_for_csv', 'scheduled__2026-09-05T15:34:00+00:00', '--job-id', '262', '--raw', '--subdir', 'DAGS_FOLDER/data_ingest_pipeline.py', '--cfg-path', '/var/folders/5p/201rr1sj03g8gksxm9x48mbh0000gn/T/tmp4wrjb1vn']
[2026-09-05T17:41:47.817+0200] {standard_task_runner.py:105} INFO - Job 262: Subtask wait_for_csv
[2026-09-05T17:41:47.869+0200] {logging_mixin.py:190} WARNING - /Users/swarnalidatta/Desktop/AutoQueryChatbot/.airflow-venv/lib/python3.12/site-packages/airflow/task/task_runner/standard_task_runner.py:70 DeprecationWarning: This process (pid=19508) is multi-threaded, use of fork() may lead to deadlocks in the child.
[2026-09-05T17:41:47.869+0200] {standard_task_runner.py:72} INFO - Started process 19510 to run task
[2026-09-05T17:41:47.879+0200] {task_command.py:467} INFO - Running <TaskInstance: mini_riskagent_file_ingestion.wait_for_csv scheduled__2026-09-05T15:34:00+00:00 [running]> on host mac.home
[2026-09-05T17:41:47.895+0200] {taskinstance.py:3134} INFO - Exporting env vars: AIRFLOW_CTX_DAG_OWNER='autoquery' AIRFLOW_CTX_DAG_ID='mini_riskagent_file_ingestion' AIRFLOW_CTX_TASK_ID='wait_for_csv' AIRFLOW_CTX_EXECUTION_DATE='2026-09-05T15:34:00+00:00' AIRFLOW_CTX_TRY_NUMBER='1' AIRFLOW_CTX_DAG_RUN_ID='scheduled__2026-09-05T15:34:00+00:00'
[2026-09-05T17:41:47.895+0200] {logging_mixin.py:190} INFO - Task instance is in running state
[2026-09-05T17:41:47.895+0200] {logging_mixin.py:190} INFO -  Previous state of the Task instance: queued
[2026-09-05T17:41:47.895+0200] {logging_mixin.py:190} INFO - Current task name:wait_for_csv state:running start_date:2026-09-05 15:41:47.807157+00:00
[2026-09-05T17:41:47.895+0200] {logging_mixin.py:190} INFO - Dag name:mini_riskagent_file_ingestion and current dag run status:running
[2026-09-05T17:41:47.896+0200] {taskinstance.py:732} INFO - ::endgroup::
[2026-09-05T17:41:47.897+0200] {python.py:75} INFO - Poking callable: <function check_for_csv_files at 0x10cb24c20>
[2026-09-05T17:41:47.900+0200] {taskinstance.py:310} INFO - Rescheduling task, marking task as UP_FOR_RESCHEDULE
[2026-09-05T17:41:47.900+0200] {taskinstance.py:341} INFO - ::group::Post task execution logs
[2026-09-05T17:41:47.925+0200] {local_task_job_runner.py:266} INFO - Task exited with return code 0
[2026-09-05T17:41:47.930+0200] {taskinstance.py:3901} INFO - 0 downstream tasks scheduled from follow-on schedule check
[2026-09-05T17:41:47.930+0200] {local_task_job_runner.py:245} INFO - ::endgroup::
[2026-09-05T17:42:19.760+0200] {local_task_job_runner.py:123} INFO - ::group::Pre task execution logs
[2026-09-05T17:42:19.762+0200] {taskinstance.py:2614} INFO - Dependencies all met for dep_context=non-requeueable deps ti=<TaskInstance: mini_riskagent_file_ingestion.wait_for_csv scheduled__2026-09-05T15:34:00+00:00 [queued]>
[2026-09-05T17:42:19.764+0200] {taskinstance.py:2614} INFO - Dependencies all met for dep_context=requeueable deps ti=<TaskInstance: mini_riskagent_file_ingestion.wait_for_csv scheduled__2026-09-05T15:34:00+00:00 [queued]>
[2026-09-05T17:42:19.764+0200] {taskinstance.py:2867} INFO - Starting attempt 1 of 2
[2026-09-05T17:42:19.768+0200] {taskinstance.py:2890} INFO - Executing <Task(PythonSensor): wait_for_csv> on 2026-09-05 15:34:00+00:00
[2026-09-05T17:42:19.772+0200] {standard_task_runner.py:104} INFO - Running: ['airflow', 'tasks', 'run', 'mini_riskagent_file_ingestion', 'wait_for_csv', 'scheduled__2026-09-05T15:34:00+00:00', '--job-id', '275', '--raw', '--subdir', 'DAGS_FOLDER/data_ingest_pipeline.py', '--cfg-path', '/var/folders/5p/201rr1sj03g8gksxm9x48mbh0000gn/T/tmpf1xz1909']
[2026-09-05T17:42:19.772+0200] {standard_task_runner.py:105} INFO - Job 275: Subtask wait_for_csv
[2026-09-05T17:42:19.823+0200] {logging_mixin.py:190} WARNING - /Users/swarnalidatta/Desktop/AutoQueryChatbot/.airflow-venv/lib/python3.12/site-packages/airflow/task/task_runner/standard_task_runner.py:70 DeprecationWarning: This process (pid=19607) is multi-threaded, use of fork() may lead to deadlocks in the child.
[2026-09-05T17:42:19.823+0200] {standard_task_runner.py:72} INFO - Started process 19609 to run task
[2026-09-05T17:42:19.835+0200] {task_command.py:467} INFO - Running <TaskInstance: mini_riskagent_file_ingestion.wait_for_csv scheduled__2026-09-05T15:34:00+00:00 [running]> on host mac.home
[2026-09-05T17:42:19.851+0200] {taskinstance.py:3134} INFO - Exporting env vars: AIRFLOW_CTX_DAG_OWNER='autoquery' AIRFLOW_CTX_DAG_ID='mini_riskagent_file_ingestion' AIRFLOW_CTX_TASK_ID='wait_for_csv' AIRFLOW_CTX_EXECUTION_DATE='2026-09-05T15:34:00+00:00' AIRFLOW_CTX_TRY_NUMBER='1' AIRFLOW_CTX_DAG_RUN_ID='scheduled__2026-09-05T15:34:00+00:00'
[2026-09-05T17:42:19.852+0200] {logging_mixin.py:190} INFO - Task instance is in running state
[2026-09-05T17:42:19.852+0200] {logging_mixin.py:190} INFO -  Previous state of the Task instance: queued
[2026-09-05T17:42:19.852+0200] {logging_mixin.py:190} INFO - Current task name:wait_for_csv state:running start_date:2026-09-05 15:42:19.762855+00:00
[2026-09-05T17:42:19.852+0200] {logging_mixin.py:190} INFO - Dag name:mini_riskagent_file_ingestion and current dag run status:running
[2026-09-05T17:42:19.853+0200] {taskinstance.py:732} INFO - ::endgroup::
[2026-09-05T17:42:19.854+0200] {python.py:75} INFO - Poking callable: <function check_for_csv_files at 0x10a0c4c20>
[2026-09-05T17:42:19.857+0200] {taskinstance.py:310} INFO - Rescheduling task, marking task as UP_FOR_RESCHEDULE
[2026-09-05T17:42:19.857+0200] {taskinstance.py:341} INFO - ::group::Post task execution logs
[2026-09-05T17:42:19.878+0200] {local_task_job_runner.py:266} INFO - Task exited with return code 0
[2026-09-05T17:42:19.883+0200] {taskinstance.py:3901} INFO - 0 downstream tasks scheduled from follow-on schedule check
[2026-09-05T17:42:19.884+0200] {local_task_job_runner.py:245} INFO - ::endgroup::
[2026-09-05T17:42:51.930+0200] {local_task_job_runner.py:123} INFO - ::group::Pre task execution logs
[2026-09-05T17:42:51.932+0200] {taskinstance.py:2614} INFO - Dependencies all met for dep_context=non-requeueable deps ti=<TaskInstance: mini_riskagent_file_ingestion.wait_for_csv scheduled__2026-09-05T15:34:00+00:00 [queued]>
[2026-09-05T17:42:51.934+0200] {taskinstance.py:2614} INFO - Dependencies all met for dep_context=requeueable deps ti=<TaskInstance: mini_riskagent_file_ingestion.wait_for_csv scheduled__2026-09-05T15:34:00+00:00 [queued]>
[2026-09-05T17:42:51.934+0200] {taskinstance.py:2867} INFO - Starting attempt 1 of 2
[2026-09-05T17:42:51.937+0200] {taskinstance.py:2890} INFO - Executing <Task(PythonSensor): wait_for_csv> on 2026-09-05 15:34:00+00:00
[2026-09-05T17:42:51.941+0200] {standard_task_runner.py:104} INFO - Running: ['airflow', 'tasks', 'run', 'mini_riskagent_file_ingestion', 'wait_for_csv', 'scheduled__2026-09-05T15:34:00+00:00', '--job-id', '288', '--raw', '--subdir', 'DAGS_FOLDER/data_ingest_pipeline.py', '--cfg-path', '/var/folders/5p/201rr1sj03g8gksxm9x48mbh0000gn/T/tmprazbz2zc']
[2026-09-05T17:42:51.942+0200] {standard_task_runner.py:105} INFO - Job 288: Subtask wait_for_csv
[2026-09-05T17:42:51.993+0200] {logging_mixin.py:190} WARNING - /Users/swarnalidatta/Desktop/AutoQueryChatbot/.airflow-venv/lib/python3.12/site-packages/airflow/task/task_runner/standard_task_runner.py:70 DeprecationWarning: This process (pid=19707) is multi-threaded, use of fork() may lead to deadlocks in the child.
[2026-09-05T17:42:51.993+0200] {standard_task_runner.py:72} INFO - Started process 19713 to run task
[2026-09-05T17:42:52.006+0200] {task_command.py:467} INFO - Running <TaskInstance: mini_riskagent_file_ingestion.wait_for_csv scheduled__2026-09-05T15:34:00+00:00 [running]> on host mac.home
[2026-09-05T17:42:52.022+0200] {taskinstance.py:3134} INFO - Exporting env vars: AIRFLOW_CTX_DAG_OWNER='autoquery' AIRFLOW_CTX_DAG_ID='mini_riskagent_file_ingestion' AIRFLOW_CTX_TASK_ID='wait_for_csv' AIRFLOW_CTX_EXECUTION_DATE='2026-09-05T15:34:00+00:00' AIRFLOW_CTX_TRY_NUMBER='1' AIRFLOW_CTX_DAG_RUN_ID='scheduled__2026-09-05T15:34:00+00:00'
[2026-09-05T17:42:52.022+0200] {logging_mixin.py:190} INFO - Task instance is in running state
[2026-09-05T17:42:52.022+0200] {logging_mixin.py:190} INFO -  Previous state of the Task instance: queued
[2026-09-05T17:42:52.022+0200] {logging_mixin.py:190} INFO - Current task name:wait_for_csv state:running start_date:2026-09-05 15:42:51.932900+00:00
[2026-09-05T17:42:52.022+0200] {logging_mixin.py:190} INFO - Dag name:mini_riskagent_file_ingestion and current dag run status:running
[2026-09-05T17:42:52.023+0200] {taskinstance.py:732} INFO - ::endgroup::
[2026-09-05T17:42:52.024+0200] {python.py:75} INFO - Poking callable: <function check_for_csv_files at 0x10c624c20>
[2026-09-05T17:42:52.027+0200] {taskinstance.py:310} INFO - Rescheduling task, marking task as UP_FOR_RESCHEDULE
[2026-09-05T17:42:52.027+0200] {taskinstance.py:341} INFO - ::group::Post task execution logs
[2026-09-05T17:42:52.048+0200] {local_task_job_runner.py:266} INFO - Task exited with return code 0
[2026-09-05T17:42:52.053+0200] {taskinstance.py:3901} INFO - 0 downstream tasks scheduled from follow-on schedule check
[2026-09-05T17:42:52.054+0200] {local_task_job_runner.py:245} INFO - ::endgroup::
[2026-09-05T17:43:48.850+0200] {local_task_job_runner.py:123} INFO - ::group::Pre task execution logs
[2026-09-05T17:43:48.853+0200] {taskinstance.py:2614} INFO - Dependencies all met for dep_context=non-requeueable deps ti=<TaskInstance: mini_riskagent_file_ingestion.wait_for_csv scheduled__2026-09-05T15:34:00+00:00 [queued]>
[2026-09-05T17:43:48.854+0200] {taskinstance.py:2614} INFO - Dependencies all met for dep_context=requeueable deps ti=<TaskInstance: mini_riskagent_file_ingestion.wait_for_csv scheduled__2026-09-05T15:34:00+00:00 [queued]>
[2026-09-05T17:43:48.854+0200] {taskinstance.py:2867} INFO - Starting attempt 1 of 2
[2026-09-05T17:43:48.858+0200] {taskinstance.py:2890} INFO - Executing <Task(PythonSensor): wait_for_csv> on 2026-09-05 15:34:00+00:00
[2026-09-05T17:43:48.862+0200] {standard_task_runner.py:104} INFO - Running: ['airflow', 'tasks', 'run', 'mini_riskagent_file_ingestion', 'wait_for_csv', 'scheduled__2026-09-05T15:34:00+00:00', '--job-id', '304', '--raw', '--subdir', 'DAGS_FOLDER/data_ingest_pipeline.py', '--cfg-path', '/var/folders/5p/201rr1sj03g8gksxm9x48mbh0000gn/T/tmpsqz1h7yj']
[2026-09-05T17:43:48.863+0200] {standard_task_runner.py:105} INFO - Job 304: Subtask wait_for_csv
[2026-09-05T17:43:48.913+0200] {logging_mixin.py:190} WARNING - /Users/swarnalidatta/Desktop/AutoQueryChatbot/.airflow-venv/lib/python3.12/site-packages/airflow/task/task_runner/standard_task_runner.py:70 DeprecationWarning: This process (pid=19823) is multi-threaded, use of fork() may lead to deadlocks in the child.
[2026-09-05T17:43:48.913+0200] {standard_task_runner.py:72} INFO - Started process 19825 to run task
[2026-09-05T17:43:48.925+0200] {task_command.py:467} INFO - Running <TaskInstance: mini_riskagent_file_ingestion.wait_for_csv scheduled__2026-09-05T15:34:00+00:00 [running]> on host mac.home
[2026-09-05T17:43:48.941+0200] {taskinstance.py:3134} INFO - Exporting env vars: AIRFLOW_CTX_DAG_OWNER='autoquery' AIRFLOW_CTX_DAG_ID='mini_riskagent_file_ingestion' AIRFLOW_CTX_TASK_ID='wait_for_csv' AIRFLOW_CTX_EXECUTION_DATE='2026-09-05T15:34:00+00:00' AIRFLOW_CTX_TRY_NUMBER='1' AIRFLOW_CTX_DAG_RUN_ID='scheduled__2026-09-05T15:34:00+00:00'
[2026-09-05T17:43:48.941+0200] {logging_mixin.py:190} INFO - Task instance is in running state
[2026-09-05T17:43:48.941+0200] {logging_mixin.py:190} INFO -  Previous state of the Task instance: queued
[2026-09-05T17:43:48.942+0200] {logging_mixin.py:190} INFO - Current task name:wait_for_csv state:running start_date:2026-09-05 15:43:48.853313+00:00
[2026-09-05T17:43:48.942+0200] {logging_mixin.py:190} INFO - Dag name:mini_riskagent_file_ingestion and current dag run status:running
[2026-09-05T17:43:48.942+0200] {taskinstance.py:732} INFO - ::endgroup::
[2026-09-05T17:43:48.943+0200] {python.py:75} INFO - Poking callable: <function check_for_csv_files at 0x108bbcc20>
[2026-09-05T17:43:48.946+0200] {taskinstance.py:310} INFO - Rescheduling task, marking task as UP_FOR_RESCHEDULE
[2026-09-05T17:43:48.947+0200] {taskinstance.py:341} INFO - ::group::Post task execution logs
[2026-09-05T17:43:48.968+0200] {local_task_job_runner.py:266} INFO - Task exited with return code 0
[2026-09-05T17:43:48.974+0200] {taskinstance.py:3901} INFO - 0 downstream tasks scheduled from follow-on schedule check
[2026-09-05T17:43:48.974+0200] {local_task_job_runner.py:245} INFO - ::endgroup::
[2026-09-05T17:44:21.914+0200] {local_task_job_runner.py:123} INFO - ::group::Pre task execution logs
[2026-09-05T17:44:21.917+0200] {taskinstance.py:2614} INFO - Dependencies all met for dep_context=non-requeueable deps ti=<TaskInstance: mini_riskagent_file_ingestion.wait_for_csv scheduled__2026-09-05T15:34:00+00:00 [queued]>
[2026-09-05T17:44:21.918+0200] {taskinstance.py:2614} INFO - Dependencies all met for dep_context=requeueable deps ti=<TaskInstance: mini_riskagent_file_ingestion.wait_for_csv scheduled__2026-09-05T15:34:00+00:00 [queued]>
[2026-09-05T17:44:21.918+0200] {taskinstance.py:2867} INFO - Starting attempt 1 of 2
[2026-09-05T17:44:21.922+0200] {taskinstance.py:2890} INFO - Executing <Task(PythonSensor): wait_for_csv> on 2026-09-05 15:34:00+00:00
[2026-09-05T17:44:21.926+0200] {standard_task_runner.py:104} INFO - Running: ['airflow', 'tasks', 'run', 'mini_riskagent_file_ingestion', 'wait_for_csv', 'scheduled__2026-09-05T15:34:00+00:00', '--job-id', '319', '--raw', '--subdir', 'DAGS_FOLDER/data_ingest_pipeline.py', '--cfg-path', '/var/folders/5p/201rr1sj03g8gksxm9x48mbh0000gn/T/tmpdnab3ewq']
[2026-09-05T17:44:21.927+0200] {standard_task_runner.py:105} INFO - Job 319: Subtask wait_for_csv
[2026-09-05T17:44:21.977+0200] {logging_mixin.py:190} WARNING - /Users/swarnalidatta/Desktop/AutoQueryChatbot/.airflow-venv/lib/python3.12/site-packages/airflow/task/task_runner/standard_task_runner.py:70 DeprecationWarning: This process (pid=19926) is multi-threaded, use of fork() may lead to deadlocks in the child.
[2026-09-05T17:44:21.978+0200] {standard_task_runner.py:72} INFO - Started process 19928 to run task
[2026-09-05T17:44:21.989+0200] {task_command.py:467} INFO - Running <TaskInstance: mini_riskagent_file_ingestion.wait_for_csv scheduled__2026-09-05T15:34:00+00:00 [running]> on host mac.home
[2026-09-05T17:44:22.004+0200] {taskinstance.py:3134} INFO - Exporting env vars: AIRFLOW_CTX_DAG_OWNER='autoquery' AIRFLOW_CTX_DAG_ID='mini_riskagent_file_ingestion' AIRFLOW_CTX_TASK_ID='wait_for_csv' AIRFLOW_CTX_EXECUTION_DATE='2026-09-05T15:34:00+00:00' AIRFLOW_CTX_TRY_NUMBER='1' AIRFLOW_CTX_DAG_RUN_ID='scheduled__2026-09-05T15:34:00+00:00'
[2026-09-05T17:44:22.005+0200] {logging_mixin.py:190} INFO - Task instance is in running state
[2026-09-05T17:44:22.005+0200] {logging_mixin.py:190} INFO -  Previous state of the Task instance: queued
[2026-09-05T17:44:22.005+0200] {logging_mixin.py:190} INFO - Current task name:wait_for_csv state:running start_date:2026-09-05 15:44:21.917245+00:00
[2026-09-05T17:44:22.005+0200] {logging_mixin.py:190} INFO - Dag name:mini_riskagent_file_ingestion and current dag run status:running
[2026-09-05T17:44:22.005+0200] {taskinstance.py:732} INFO - ::endgroup::
[2026-09-05T17:44:22.007+0200] {python.py:75} INFO - Poking callable: <function check_for_csv_files at 0x10a208c20>
[2026-09-05T17:44:22.010+0200] {taskinstance.py:310} INFO - Rescheduling task, marking task as UP_FOR_RESCHEDULE
[2026-09-05T17:44:22.010+0200] {taskinstance.py:341} INFO - ::group::Post task execution logs
[2026-09-05T17:44:22.033+0200] {local_task_job_runner.py:266} INFO - Task exited with return code 0
[2026-09-05T17:44:22.038+0200] {taskinstance.py:3901} INFO - 0 downstream tasks scheduled from follow-on schedule check
[2026-09-05T17:44:22.038+0200] {local_task_job_runner.py:245} INFO - ::endgroup::
[2026-09-05T17:44:54.136+0200] {local_task_job_runner.py:123} INFO - ::group::Pre task execution logs
[2026-09-05T17:44:54.139+0200] {taskinstance.py:2614} INFO - Dependencies all met for dep_context=non-requeueable deps ti=<TaskInstance: mini_riskagent_file_ingestion.wait_for_csv scheduled__2026-09-05T15:34:00+00:00 [queued]>
[2026-09-05T17:44:54.140+0200] {taskinstance.py:2614} INFO - Dependencies all met for dep_context=requeueable deps ti=<TaskInstance: mini_riskagent_file_ingestion.wait_for_csv scheduled__2026-09-05T15:34:00+00:00 [queued]>
[2026-09-05T17:44:54.140+0200] {taskinstance.py:2867} INFO - Starting attempt 1 of 2
[2026-09-05T17:44:54.144+0200] {taskinstance.py:2890} INFO - Executing <Task(PythonSensor): wait_for_csv> on 2026-09-05 15:34:00+00:00
[2026-09-05T17:44:54.148+0200] {standard_task_runner.py:104} INFO - Running: ['airflow', 'tasks', 'run', 'mini_riskagent_file_ingestion', 'wait_for_csv', 'scheduled__2026-09-05T15:34:00+00:00', '--job-id', '334', '--raw', '--subdir', 'DAGS_FOLDER/data_ingest_pipeline.py', '--cfg-path', '/var/folders/5p/201rr1sj03g8gksxm9x48mbh0000gn/T/tmp9ywlwbk1']
[2026-09-05T17:44:54.149+0200] {standard_task_runner.py:105} INFO - Job 334: Subtask wait_for_csv
[2026-09-05T17:44:54.199+0200] {logging_mixin.py:190} WARNING - /Users/swarnalidatta/Desktop/AutoQueryChatbot/.airflow-venv/lib/python3.12/site-packages/airflow/task/task_runner/standard_task_runner.py:70 DeprecationWarning: This process (pid=20025) is multi-threaded, use of fork() may lead to deadlocks in the child.
[2026-09-05T17:44:54.200+0200] {standard_task_runner.py:72} INFO - Started process 20027 to run task
[2026-09-05T17:44:54.211+0200] {task_command.py:467} INFO - Running <TaskInstance: mini_riskagent_file_ingestion.wait_for_csv scheduled__2026-09-05T15:34:00+00:00 [running]> on host mac.home
[2026-09-05T17:44:54.227+0200] {taskinstance.py:3134} INFO - Exporting env vars: AIRFLOW_CTX_DAG_OWNER='autoquery' AIRFLOW_CTX_DAG_ID='mini_riskagent_file_ingestion' AIRFLOW_CTX_TASK_ID='wait_for_csv' AIRFLOW_CTX_EXECUTION_DATE='2026-09-05T15:34:00+00:00' AIRFLOW_CTX_TRY_NUMBER='1' AIRFLOW_CTX_DAG_RUN_ID='scheduled__2026-09-05T15:34:00+00:00'
[2026-09-05T17:44:54.227+0200] {logging_mixin.py:190} INFO - Task instance is in running state
[2026-09-05T17:44:54.227+0200] {logging_mixin.py:190} INFO -  Previous state of the Task instance: queued
[2026-09-05T17:44:54.227+0200] {logging_mixin.py:190} INFO - Current task name:wait_for_csv state:running start_date:2026-09-05 15:44:54.139551+00:00
[2026-09-05T17:44:54.228+0200] {logging_mixin.py:190} INFO - Dag name:mini_riskagent_file_ingestion and current dag run status:running
[2026-09-05T17:44:54.228+0200] {taskinstance.py:732} INFO - ::endgroup::
[2026-09-05T17:44:54.229+0200] {python.py:75} INFO - Poking callable: <function check_for_csv_files at 0x111adcc20>
[2026-09-05T17:44:54.232+0200] {taskinstance.py:310} INFO - Rescheduling task, marking task as UP_FOR_RESCHEDULE
[2026-09-05T17:44:54.232+0200] {taskinstance.py:341} INFO - ::group::Post task execution logs
[2026-09-05T17:44:54.255+0200] {local_task_job_runner.py:266} INFO - Task exited with return code 0
[2026-09-05T17:44:54.260+0200] {taskinstance.py:3901} INFO - 0 downstream tasks scheduled from follow-on schedule check
[2026-09-05T17:44:54.260+0200] {local_task_job_runner.py:245} INFO - ::endgroup::
[2026-09-05T17:45:25.690+0200] {local_task_job_runner.py:123} INFO - ::group::Pre task execution logs
[2026-09-05T17:45:25.693+0200] {taskinstance.py:2614} INFO - Dependencies all met for dep_context=non-requeueable deps ti=<TaskInstance: mini_riskagent_file_ingestion.wait_for_csv scheduled__2026-09-05T15:34:00+00:00 [queued]>
[2026-09-05T17:45:25.694+0200] {taskinstance.py:2614} INFO - Dependencies all met for dep_context=requeueable deps ti=<TaskInstance: mini_riskagent_file_ingestion.wait_for_csv scheduled__2026-09-05T15:34:00+00:00 [queued]>
[2026-09-05T17:45:25.694+0200] {taskinstance.py:2867} INFO - Starting attempt 1 of 2
[2026-09-05T17:45:25.698+0200] {taskinstance.py:2890} INFO - Executing <Task(PythonSensor): wait_for_csv> on 2026-09-05 15:34:00+00:00
[2026-09-05T17:45:25.703+0200] {standard_task_runner.py:104} INFO - Running: ['airflow', 'tasks', 'run', 'mini_riskagent_file_ingestion', 'wait_for_csv', 'scheduled__2026-09-05T15:34:00+00:00', '--job-id', '350', '--raw', '--subdir', 'DAGS_FOLDER/data_ingest_pipeline.py', '--cfg-path', '/var/folders/5p/201rr1sj03g8gksxm9x48mbh0000gn/T/tmp5107n990']
[2026-09-05T17:45:25.704+0200] {standard_task_runner.py:105} INFO - Job 350: Subtask wait_for_csv
[2026-09-05T17:45:25.755+0200] {logging_mixin.py:190} WARNING - /Users/swarnalidatta/Desktop/AutoQueryChatbot/.airflow-venv/lib/python3.12/site-packages/airflow/task/task_runner/standard_task_runner.py:70 DeprecationWarning: This process (pid=20126) is multi-threaded, use of fork() may lead to deadlocks in the child.
[2026-09-05T17:45:25.755+0200] {standard_task_runner.py:72} INFO - Started process 20132 to run task
[2026-09-05T17:45:25.765+0200] {task_command.py:467} INFO - Running <TaskInstance: mini_riskagent_file_ingestion.wait_for_csv scheduled__2026-09-05T15:34:00+00:00 [running]> on host mac.home
[2026-09-05T17:45:25.781+0200] {taskinstance.py:3134} INFO - Exporting env vars: AIRFLOW_CTX_DAG_OWNER='autoquery' AIRFLOW_CTX_DAG_ID='mini_riskagent_file_ingestion' AIRFLOW_CTX_TASK_ID='wait_for_csv' AIRFLOW_CTX_EXECUTION_DATE='2026-09-05T15:34:00+00:00' AIRFLOW_CTX_TRY_NUMBER='1' AIRFLOW_CTX_DAG_RUN_ID='scheduled__2026-09-05T15:34:00+00:00'
[2026-09-05T17:45:25.782+0200] {logging_mixin.py:190} INFO - Task instance is in running state
[2026-09-05T17:45:25.782+0200] {logging_mixin.py:190} INFO -  Previous state of the Task instance: queued
[2026-09-05T17:45:25.782+0200] {logging_mixin.py:190} INFO - Current task name:wait_for_csv state:running start_date:2026-09-05 15:45:25.693504+00:00
[2026-09-05T17:45:25.782+0200] {logging_mixin.py:190} INFO - Dag name:mini_riskagent_file_ingestion and current dag run status:running
[2026-09-05T17:45:25.782+0200] {taskinstance.py:732} INFO - ::endgroup::
[2026-09-05T17:45:25.784+0200] {python.py:75} INFO - Poking callable: <function check_for_csv_files at 0x108278c20>
[2026-09-05T17:45:25.787+0200] {taskinstance.py:310} INFO - Rescheduling task, marking task as UP_FOR_RESCHEDULE
[2026-09-05T17:45:25.787+0200] {taskinstance.py:341} INFO - ::group::Post task execution logs
[2026-09-05T17:45:25.810+0200] {local_task_job_runner.py:266} INFO - Task exited with return code 0
[2026-09-05T17:45:25.815+0200] {taskinstance.py:3901} INFO - 0 downstream tasks scheduled from follow-on schedule check
[2026-09-05T17:45:25.815+0200] {local_task_job_runner.py:245} INFO - ::endgroup::
[2026-09-05T17:45:58.067+0200] {local_task_job_runner.py:123} INFO - ::group::Pre task execution logs
[2026-09-05T17:45:58.070+0200] {taskinstance.py:2614} INFO - Dependencies all met for dep_context=non-requeueable deps ti=<TaskInstance: mini_riskagent_file_ingestion.wait_for_csv scheduled__2026-09-05T15:34:00+00:00 [queued]>
[2026-09-05T17:45:58.072+0200] {taskinstance.py:2614} INFO - Dependencies all met for dep_context=requeueable deps ti=<TaskInstance: mini_riskagent_file_ingestion.wait_for_csv scheduled__2026-09-05T15:34:00+00:00 [queued]>
[2026-09-05T17:45:58.072+0200] {taskinstance.py:2867} INFO - Starting attempt 1 of 2
[2026-09-05T17:45:58.075+0200] {taskinstance.py:2890} INFO - Executing <Task(PythonSensor): wait_for_csv> on 2026-09-05 15:34:00+00:00
[2026-09-05T17:45:58.080+0200] {standard_task_runner.py:104} INFO - Running: ['airflow', 'tasks', 'run', 'mini_riskagent_file_ingestion', 'wait_for_csv', 'scheduled__2026-09-05T15:34:00+00:00', '--job-id', '366', '--raw', '--subdir', 'DAGS_FOLDER/data_ingest_pipeline.py', '--cfg-path', '/var/folders/5p/201rr1sj03g8gksxm9x48mbh0000gn/T/tmpz70v988e']
[2026-09-05T17:45:58.081+0200] {standard_task_runner.py:105} INFO - Job 366: Subtask wait_for_csv
[2026-09-05T17:45:58.134+0200] {logging_mixin.py:190} WARNING - /Users/swarnalidatta/Desktop/AutoQueryChatbot/.airflow-venv/lib/python3.12/site-packages/airflow/task/task_runner/standard_task_runner.py:70 DeprecationWarning: This process (pid=20235) is multi-threaded, use of fork() may lead to deadlocks in the child.
[2026-09-05T17:45:58.135+0200] {standard_task_runner.py:72} INFO - Started process 20238 to run task
[2026-09-05T17:45:58.145+0200] {task_command.py:467} INFO - Running <TaskInstance: mini_riskagent_file_ingestion.wait_for_csv scheduled__2026-09-05T15:34:00+00:00 [running]> on host mac.home
[2026-09-05T17:45:58.160+0200] {taskinstance.py:3134} INFO - Exporting env vars: AIRFLOW_CTX_DAG_OWNER='autoquery' AIRFLOW_CTX_DAG_ID='mini_riskagent_file_ingestion' AIRFLOW_CTX_TASK_ID='wait_for_csv' AIRFLOW_CTX_EXECUTION_DATE='2026-09-05T15:34:00+00:00' AIRFLOW_CTX_TRY_NUMBER='1' AIRFLOW_CTX_DAG_RUN_ID='scheduled__2026-09-05T15:34:00+00:00'
[2026-09-05T17:45:58.160+0200] {logging_mixin.py:190} INFO - Task instance is in running state
[2026-09-05T17:45:58.161+0200] {logging_mixin.py:190} INFO -  Previous state of the Task instance: queued
[2026-09-05T17:45:58.161+0200] {logging_mixin.py:190} INFO - Current task name:wait_for_csv state:running start_date:2026-09-05 15:45:58.070656+00:00
[2026-09-05T17:45:58.161+0200] {logging_mixin.py:190} INFO - Dag name:mini_riskagent_file_ingestion and current dag run status:running
[2026-09-05T17:45:58.161+0200] {taskinstance.py:732} INFO - ::endgroup::
[2026-09-05T17:45:58.162+0200] {python.py:75} INFO - Poking callable: <function check_for_csv_files at 0x10a5d0c20>
[2026-09-05T17:45:58.166+0200] {taskinstance.py:310} INFO - Rescheduling task, marking task as UP_FOR_RESCHEDULE
[2026-09-05T17:45:58.166+0200] {taskinstance.py:341} INFO - ::group::Post task execution logs
[2026-09-05T17:45:58.190+0200] {local_task_job_runner.py:266} INFO - Task exited with return code 0
[2026-09-05T17:45:58.195+0200] {taskinstance.py:3901} INFO - 0 downstream tasks scheduled from follow-on schedule check
[2026-09-05T17:45:58.195+0200] {local_task_job_runner.py:245} INFO - ::endgroup::
[2026-09-05T17:46:29.618+0200] {local_task_job_runner.py:123} INFO - ::group::Pre task execution logs
[2026-09-05T17:46:29.621+0200] {taskinstance.py:2614} INFO - Dependencies all met for dep_context=non-requeueable deps ti=<TaskInstance: mini_riskagent_file_ingestion.wait_for_csv scheduled__2026-09-05T15:34:00+00:00 [queued]>
[2026-09-05T17:46:29.622+0200] {taskinstance.py:2614} INFO - Dependencies all met for dep_context=requeueable deps ti=<TaskInstance: mini_riskagent_file_ingestion.wait_for_csv scheduled__2026-09-05T15:34:00+00:00 [queued]>
[2026-09-05T17:46:29.623+0200] {taskinstance.py:2867} INFO - Starting attempt 1 of 2
[2026-09-05T17:46:29.626+0200] {taskinstance.py:2890} INFO - Executing <Task(PythonSensor): wait_for_csv> on 2026-09-05 15:34:00+00:00
[2026-09-05T17:46:29.630+0200] {standard_task_runner.py:104} INFO - Running: ['airflow', 'tasks', 'run', 'mini_riskagent_file_ingestion', 'wait_for_csv', 'scheduled__2026-09-05T15:34:00+00:00', '--job-id', '382', '--raw', '--subdir', 'DAGS_FOLDER/data_ingest_pipeline.py', '--cfg-path', '/var/folders/5p/201rr1sj03g8gksxm9x48mbh0000gn/T/tmpxo3vyoe2']
[2026-09-05T17:46:29.631+0200] {standard_task_runner.py:105} INFO - Job 382: Subtask wait_for_csv
[2026-09-05T17:46:29.680+0200] {logging_mixin.py:190} WARNING - /Users/swarnalidatta/Desktop/AutoQueryChatbot/.airflow-venv/lib/python3.12/site-packages/airflow/task/task_runner/standard_task_runner.py:70 DeprecationWarning: This process (pid=20338) is multi-threaded, use of fork() may lead to deadlocks in the child.
[2026-09-05T17:46:29.680+0200] {standard_task_runner.py:72} INFO - Started process 20340 to run task
[2026-09-05T17:46:29.693+0200] {task_command.py:467} INFO - Running <TaskInstance: mini_riskagent_file_ingestion.wait_for_csv scheduled__2026-09-05T15:34:00+00:00 [running]> on host mac.home
[2026-09-05T17:46:29.709+0200] {taskinstance.py:3134} INFO - Exporting env vars: AIRFLOW_CTX_DAG_OWNER='autoquery' AIRFLOW_CTX_DAG_ID='mini_riskagent_file_ingestion' AIRFLOW_CTX_TASK_ID='wait_for_csv' AIRFLOW_CTX_EXECUTION_DATE='2026-09-05T15:34:00+00:00' AIRFLOW_CTX_TRY_NUMBER='1' AIRFLOW_CTX_DAG_RUN_ID='scheduled__2026-09-05T15:34:00+00:00'
[2026-09-05T17:46:29.709+0200] {logging_mixin.py:190} INFO - Task instance is in running state
[2026-09-05T17:46:29.709+0200] {logging_mixin.py:190} INFO -  Previous state of the Task instance: queued
[2026-09-05T17:46:29.709+0200] {logging_mixin.py:190} INFO - Current task name:wait_for_csv state:running start_date:2026-09-05 15:46:29.621665+00:00
[2026-09-05T17:46:29.710+0200] {logging_mixin.py:190} INFO - Dag name:mini_riskagent_file_ingestion and current dag run status:running
[2026-09-05T17:46:29.710+0200] {taskinstance.py:732} INFO - ::endgroup::
[2026-09-05T17:46:29.711+0200] {python.py:75} INFO - Poking callable: <function check_for_csv_files at 0x110f00c20>
[2026-09-05T17:46:29.714+0200] {taskinstance.py:310} INFO - Rescheduling task, marking task as UP_FOR_RESCHEDULE
[2026-09-05T17:46:29.714+0200] {taskinstance.py:341} INFO - ::group::Post task execution logs
[2026-09-05T17:46:29.736+0200] {local_task_job_runner.py:266} INFO - Task exited with return code 0
[2026-09-05T17:46:29.741+0200] {taskinstance.py:3901} INFO - 0 downstream tasks scheduled from follow-on schedule check
[2026-09-05T17:46:29.741+0200] {local_task_job_runner.py:245} INFO - ::endgroup::
[2026-09-05T17:47:02.167+0200] {local_task_job_runner.py:123} INFO - ::group::Pre task execution logs
[2026-09-05T17:47:02.170+0200] {taskinstance.py:2614} INFO - Dependencies all met for dep_context=non-requeueable deps ti=<TaskInstance: mini_riskagent_file_ingestion.wait_for_csv scheduled__2026-09-05T15:34:00+00:00 [queued]>
[2026-09-05T17:47:02.172+0200] {taskinstance.py:2614} INFO - Dependencies all met for dep_context=requeueable deps ti=<TaskInstance: mini_riskagent_file_ingestion.wait_for_csv scheduled__2026-09-05T15:34:00+00:00 [queued]>
[2026-09-05T17:47:02.172+0200] {taskinstance.py:2867} INFO - Starting attempt 1 of 2
[2026-09-05T17:47:02.175+0200] {taskinstance.py:2890} INFO - Executing <Task(PythonSensor): wait_for_csv> on 2026-09-05 15:34:00+00:00
[2026-09-05T17:47:02.179+0200] {standard_task_runner.py:104} INFO - Running: ['airflow', 'tasks', 'run', 'mini_riskagent_file_ingestion', 'wait_for_csv', 'scheduled__2026-09-05T15:34:00+00:00', '--job-id', '398', '--raw', '--subdir', 'DAGS_FOLDER/data_ingest_pipeline.py', '--cfg-path', '/var/folders/5p/201rr1sj03g8gksxm9x48mbh0000gn/T/tmp6agwscdk']
[2026-09-05T17:47:02.180+0200] {standard_task_runner.py:105} INFO - Job 398: Subtask wait_for_csv
[2026-09-05T17:47:02.231+0200] {logging_mixin.py:190} WARNING - /Users/swarnalidatta/Desktop/AutoQueryChatbot/.airflow-venv/lib/python3.12/site-packages/airflow/task/task_runner/standard_task_runner.py:70 DeprecationWarning: This process (pid=20447) is multi-threaded, use of fork() may lead to deadlocks in the child.
[2026-09-05T17:47:02.231+0200] {standard_task_runner.py:72} INFO - Started process 20453 to run task
[2026-09-05T17:47:02.241+0200] {task_command.py:467} INFO - Running <TaskInstance: mini_riskagent_file_ingestion.wait_for_csv scheduled__2026-09-05T15:34:00+00:00 [running]> on host mac.home
[2026-09-05T17:47:02.256+0200] {taskinstance.py:3134} INFO - Exporting env vars: AIRFLOW_CTX_DAG_OWNER='autoquery' AIRFLOW_CTX_DAG_ID='mini_riskagent_file_ingestion' AIRFLOW_CTX_TASK_ID='wait_for_csv' AIRFLOW_CTX_EXECUTION_DATE='2026-09-05T15:34:00+00:00' AIRFLOW_CTX_TRY_NUMBER='1' AIRFLOW_CTX_DAG_RUN_ID='scheduled__2026-09-05T15:34:00+00:00'
[2026-09-05T17:47:02.256+0200] {logging_mixin.py:190} INFO - Task instance is in running state
[2026-09-05T17:47:02.257+0200] {logging_mixin.py:190} INFO -  Previous state of the Task instance: queued
[2026-09-05T17:47:02.257+0200] {logging_mixin.py:190} INFO - Current task name:wait_for_csv state:running start_date:2026-09-05 15:47:02.170638+00:00
[2026-09-05T17:47:02.257+0200] {logging_mixin.py:190} INFO - Dag name:mini_riskagent_file_ingestion and current dag run status:running
[2026-09-05T17:47:02.257+0200] {taskinstance.py:732} INFO - ::endgroup::
[2026-09-05T17:47:02.258+0200] {python.py:75} INFO - Poking callable: <function check_for_csv_files at 0x10aa80c20>
[2026-09-05T17:47:02.262+0200] {taskinstance.py:310} INFO - Rescheduling task, marking task as UP_FOR_RESCHEDULE
[2026-09-05T17:47:02.262+0200] {taskinstance.py:341} INFO - ::group::Post task execution logs
[2026-09-05T17:47:02.286+0200] {local_task_job_runner.py:266} INFO - Task exited with return code 0
[2026-09-05T17:47:02.291+0200] {taskinstance.py:3901} INFO - 0 downstream tasks scheduled from follow-on schedule check
[2026-09-05T17:47:02.291+0200] {local_task_job_runner.py:245} INFO - ::endgroup::
[2026-09-05T17:47:33.910+0200] {local_task_job_runner.py:123} INFO - ::group::Pre task execution logs
[2026-09-05T17:47:33.912+0200] {taskinstance.py:2614} INFO - Dependencies all met for dep_context=non-requeueable deps ti=<TaskInstance: mini_riskagent_file_ingestion.wait_for_csv scheduled__2026-09-05T15:34:00+00:00 [queued]>
[2026-09-05T17:47:33.914+0200] {taskinstance.py:2614} INFO - Dependencies all met for dep_context=requeueable deps ti=<TaskInstance: mini_riskagent_file_ingestion.wait_for_csv scheduled__2026-09-05T15:34:00+00:00 [queued]>
[2026-09-05T17:47:33.914+0200] {taskinstance.py:2867} INFO - Starting attempt 1 of 2
[2026-09-05T17:47:33.918+0200] {taskinstance.py:2890} INFO - Executing <Task(PythonSensor): wait_for_csv> on 2026-09-05 15:34:00+00:00
[2026-09-05T17:47:33.922+0200] {standard_task_runner.py:104} INFO - Running: ['airflow', 'tasks', 'run', 'mini_riskagent_file_ingestion', 'wait_for_csv', 'scheduled__2026-09-05T15:34:00+00:00', '--job-id', '414', '--raw', '--subdir', 'DAGS_FOLDER/data_ingest_pipeline.py', '--cfg-path', '/var/folders/5p/201rr1sj03g8gksxm9x48mbh0000gn/T/tmpmg95vor1']
[2026-09-05T17:47:33.923+0200] {standard_task_runner.py:105} INFO - Job 414: Subtask wait_for_csv
[2026-09-05T17:47:33.975+0200] {logging_mixin.py:190} WARNING - /Users/swarnalidatta/Desktop/AutoQueryChatbot/.airflow-venv/lib/python3.12/site-packages/airflow/task/task_runner/standard_task_runner.py:70 DeprecationWarning: This process (pid=20558) is multi-threaded, use of fork() may lead to deadlocks in the child.
[2026-09-05T17:47:33.976+0200] {standard_task_runner.py:72} INFO - Started process 20560 to run task
[2026-09-05T17:47:33.986+0200] {task_command.py:467} INFO - Running <TaskInstance: mini_riskagent_file_ingestion.wait_for_csv scheduled__2026-09-05T15:34:00+00:00 [running]> on host mac.home
[2026-09-05T17:47:34.002+0200] {taskinstance.py:3134} INFO - Exporting env vars: AIRFLOW_CTX_DAG_OWNER='autoquery' AIRFLOW_CTX_DAG_ID='mini_riskagent_file_ingestion' AIRFLOW_CTX_TASK_ID='wait_for_csv' AIRFLOW_CTX_EXECUTION_DATE='2026-09-05T15:34:00+00:00' AIRFLOW_CTX_TRY_NUMBER='1' AIRFLOW_CTX_DAG_RUN_ID='scheduled__2026-09-05T15:34:00+00:00'
[2026-09-05T17:47:34.002+0200] {logging_mixin.py:190} INFO - Task instance is in running state
[2026-09-05T17:47:34.003+0200] {logging_mixin.py:190} INFO -  Previous state of the Task instance: queued
[2026-09-05T17:47:34.003+0200] {logging_mixin.py:190} INFO - Current task name:wait_for_csv state:running start_date:2026-09-05 15:47:33.912956+00:00
[2026-09-05T17:47:34.003+0200] {logging_mixin.py:190} INFO - Dag name:mini_riskagent_file_ingestion and current dag run status:running
[2026-09-05T17:47:34.003+0200] {taskinstance.py:732} INFO - ::endgroup::
[2026-09-05T17:47:34.004+0200] {python.py:75} INFO - Poking callable: <function check_for_csv_files at 0x10a248c20>
[2026-09-05T17:47:34.008+0200] {taskinstance.py:310} INFO - Rescheduling task, marking task as UP_FOR_RESCHEDULE
[2026-09-05T17:47:34.008+0200] {taskinstance.py:341} INFO - ::group::Post task execution logs
[2026-09-05T17:47:34.031+0200] {local_task_job_runner.py:266} INFO - Task exited with return code 0
[2026-09-05T17:47:34.036+0200] {taskinstance.py:3901} INFO - 0 downstream tasks scheduled from follow-on schedule check
[2026-09-05T17:47:34.036+0200] {local_task_job_runner.py:245} INFO - ::endgroup::
[2026-09-05T17:48:06.049+0200] {local_task_job_runner.py:123} INFO - ::group::Pre task execution logs
[2026-09-05T17:48:06.052+0200] {taskinstance.py:2614} INFO - Dependencies all met for dep_context=non-requeueable deps ti=<TaskInstance: mini_riskagent_file_ingestion.wait_for_csv scheduled__2026-09-05T15:34:00+00:00 [queued]>
[2026-09-05T17:48:06.053+0200] {taskinstance.py:2614} INFO - Dependencies all met for dep_context=requeueable deps ti=<TaskInstance: mini_riskagent_file_ingestion.wait_for_csv scheduled__2026-09-05T15:34:00+00:00 [queued]>
[2026-09-05T17:48:06.053+0200] {taskinstance.py:2867} INFO - Starting attempt 1 of 2
[2026-09-05T17:48:06.058+0200] {taskinstance.py:2890} INFO - Executing <Task(PythonSensor): wait_for_csv> on 2026-09-05 15:34:00+00:00
[2026-09-05T17:48:06.062+0200] {standard_task_runner.py:104} INFO - Running: ['airflow', 'tasks', 'run', 'mini_riskagent_file_ingestion', 'wait_for_csv', 'scheduled__2026-09-05T15:34:00+00:00', '--job-id', '430', '--raw', '--subdir', 'DAGS_FOLDER/data_ingest_pipeline.py', '--cfg-path', '/var/folders/5p/201rr1sj03g8gksxm9x48mbh0000gn/T/tmpefn4_lzw']
[2026-09-05T17:48:06.063+0200] {standard_task_runner.py:105} INFO - Job 430: Subtask wait_for_csv
[2026-09-05T17:48:06.112+0200] {logging_mixin.py:190} WARNING - /Users/swarnalidatta/Desktop/AutoQueryChatbot/.airflow-venv/lib/python3.12/site-packages/airflow/task/task_runner/standard_task_runner.py:70 DeprecationWarning: This process (pid=20667) is multi-threaded, use of fork() may lead to deadlocks in the child.
[2026-09-05T17:48:06.113+0200] {standard_task_runner.py:72} INFO - Started process 20669 to run task
[2026-09-05T17:48:06.125+0200] {task_command.py:467} INFO - Running <TaskInstance: mini_riskagent_file_ingestion.wait_for_csv scheduled__2026-09-05T15:34:00+00:00 [running]> on host mac.home
[2026-09-05T17:48:06.140+0200] {taskinstance.py:3134} INFO - Exporting env vars: AIRFLOW_CTX_DAG_OWNER='autoquery' AIRFLOW_CTX_DAG_ID='mini_riskagent_file_ingestion' AIRFLOW_CTX_TASK_ID='wait_for_csv' AIRFLOW_CTX_EXECUTION_DATE='2026-09-05T15:34:00+00:00' AIRFLOW_CTX_TRY_NUMBER='1' AIRFLOW_CTX_DAG_RUN_ID='scheduled__2026-09-05T15:34:00+00:00'
[2026-09-05T17:48:06.141+0200] {logging_mixin.py:190} INFO - Task instance is in running state
[2026-09-05T17:48:06.141+0200] {logging_mixin.py:190} INFO -  Previous state of the Task instance: queued
[2026-09-05T17:48:06.141+0200] {logging_mixin.py:190} INFO - Current task name:wait_for_csv state:running start_date:2026-09-05 15:48:06.052107+00:00
[2026-09-05T17:48:06.141+0200] {logging_mixin.py:190} INFO - Dag name:mini_riskagent_file_ingestion and current dag run status:running
[2026-09-05T17:48:06.141+0200] {taskinstance.py:732} INFO - ::endgroup::
[2026-09-05T17:48:06.143+0200] {python.py:75} INFO - Poking callable: <function check_for_csv_files at 0x1080f8c20>
[2026-09-05T17:48:06.146+0200] {taskinstance.py:310} INFO - Rescheduling task, marking task as UP_FOR_RESCHEDULE
[2026-09-05T17:48:06.146+0200] {taskinstance.py:341} INFO - ::group::Post task execution logs
[2026-09-05T17:48:06.168+0200] {local_task_job_runner.py:266} INFO - Task exited with return code 0
[2026-09-05T17:48:06.173+0200] {taskinstance.py:3901} INFO - 0 downstream tasks scheduled from follow-on schedule check
[2026-09-05T17:48:06.173+0200] {local_task_job_runner.py:245} INFO - ::endgroup::
[2026-09-05T17:48:37.777+0200] {local_task_job_runner.py:123} INFO - ::group::Pre task execution logs
[2026-09-05T17:48:37.780+0200] {taskinstance.py:2614} INFO - Dependencies all met for dep_context=non-requeueable deps ti=<TaskInstance: mini_riskagent_file_ingestion.wait_for_csv scheduled__2026-09-05T15:34:00+00:00 [queued]>
[2026-09-05T17:48:37.782+0200] {taskinstance.py:2614} INFO - Dependencies all met for dep_context=requeueable deps ti=<TaskInstance: mini_riskagent_file_ingestion.wait_for_csv scheduled__2026-09-05T15:34:00+00:00 [queued]>
[2026-09-05T17:48:37.782+0200] {taskinstance.py:2867} INFO - Starting attempt 1 of 2
[2026-09-05T17:48:37.785+0200] {taskinstance.py:2890} INFO - Executing <Task(PythonSensor): wait_for_csv> on 2026-09-05 15:34:00+00:00
[2026-09-05T17:48:37.790+0200] {standard_task_runner.py:104} INFO - Running: ['airflow', 'tasks', 'run', 'mini_riskagent_file_ingestion', 'wait_for_csv', 'scheduled__2026-09-05T15:34:00+00:00', '--job-id', '446', '--raw', '--subdir', 'DAGS_FOLDER/data_ingest_pipeline.py', '--cfg-path', '/var/folders/5p/201rr1sj03g8gksxm9x48mbh0000gn/T/tmp9ix0a5ju']
[2026-09-05T17:48:37.790+0200] {standard_task_runner.py:105} INFO - Job 446: Subtask wait_for_csv
[2026-09-05T17:48:37.841+0200] {logging_mixin.py:190} WARNING - /Users/swarnalidatta/Desktop/AutoQueryChatbot/.airflow-venv/lib/python3.12/site-packages/airflow/task/task_runner/standard_task_runner.py:70 DeprecationWarning: This process (pid=20773) is multi-threaded, use of fork() may lead to deadlocks in the child.
[2026-09-05T17:48:37.841+0200] {standard_task_runner.py:72} INFO - Started process 20775 to run task
[2026-09-05T17:48:37.852+0200] {task_command.py:467} INFO - Running <TaskInstance: mini_riskagent_file_ingestion.wait_for_csv scheduled__2026-09-05T15:34:00+00:00 [running]> on host mac.home
[2026-09-05T17:48:37.867+0200] {taskinstance.py:3134} INFO - Exporting env vars: AIRFLOW_CTX_DAG_OWNER='autoquery' AIRFLOW_CTX_DAG_ID='mini_riskagent_file_ingestion' AIRFLOW_CTX_TASK_ID='wait_for_csv' AIRFLOW_CTX_EXECUTION_DATE='2026-09-05T15:34:00+00:00' AIRFLOW_CTX_TRY_NUMBER='1' AIRFLOW_CTX_DAG_RUN_ID='scheduled__2026-09-05T15:34:00+00:00'
[2026-09-05T17:48:37.868+0200] {logging_mixin.py:190} INFO - Task instance is in running state
[2026-09-05T17:48:37.868+0200] {logging_mixin.py:190} INFO -  Previous state of the Task instance: queued
[2026-09-05T17:48:37.868+0200] {logging_mixin.py:190} INFO - Current task name:wait_for_csv state:running start_date:2026-09-05 15:48:37.780774+00:00
[2026-09-05T17:48:37.868+0200] {logging_mixin.py:190} INFO - Dag name:mini_riskagent_file_ingestion and current dag run status:running
[2026-09-05T17:48:37.869+0200] {taskinstance.py:732} INFO - ::endgroup::
[2026-09-05T17:48:37.870+0200] {python.py:75} INFO - Poking callable: <function check_for_csv_files at 0x10a0b8c20>
[2026-09-05T17:48:37.873+0200] {taskinstance.py:310} INFO - Rescheduling task, marking task as UP_FOR_RESCHEDULE
[2026-09-05T17:48:37.873+0200] {taskinstance.py:341} INFO - ::group::Post task execution logs
[2026-09-05T17:48:37.896+0200] {local_task_job_runner.py:266} INFO - Task exited with return code 0
[2026-09-05T17:48:37.901+0200] {taskinstance.py:3901} INFO - 0 downstream tasks scheduled from follow-on schedule check
[2026-09-05T17:48:37.901+0200] {local_task_job_runner.py:245} INFO - ::endgroup::
[2026-09-05T17:49:09.491+0200] {local_task_job_runner.py:123} INFO - ::group::Pre task execution logs
[2026-09-05T17:49:09.494+0200] {taskinstance.py:2614} INFO - Dependencies all met for dep_context=non-requeueable deps ti=<TaskInstance: mini_riskagent_file_ingestion.wait_for_csv scheduled__2026-09-05T15:34:00+00:00 [queued]>
[2026-09-05T17:49:09.495+0200] {taskinstance.py:2614} INFO - Dependencies all met for dep_context=requeueable deps ti=<TaskInstance: mini_riskagent_file_ingestion.wait_for_csv scheduled__2026-09-05T15:34:00+00:00 [queued]>
[2026-09-05T17:49:09.495+0200] {taskinstance.py:2867} INFO - Starting attempt 1 of 2
[2026-09-05T17:49:09.499+0200] {taskinstance.py:2890} INFO - Executing <Task(PythonSensor): wait_for_csv> on 2026-09-05 15:34:00+00:00
[2026-09-05T17:49:09.503+0200] {standard_task_runner.py:104} INFO - Running: ['airflow', 'tasks', 'run', 'mini_riskagent_file_ingestion', 'wait_for_csv', 'scheduled__2026-09-05T15:34:00+00:00', '--job-id', '462', '--raw', '--subdir', 'DAGS_FOLDER/data_ingest_pipeline.py', '--cfg-path', '/var/folders/5p/201rr1sj03g8gksxm9x48mbh0000gn/T/tmpm1t5boig']
[2026-09-05T17:49:09.504+0200] {standard_task_runner.py:105} INFO - Job 462: Subtask wait_for_csv
[2026-09-05T17:49:09.555+0200] {logging_mixin.py:190} WARNING - /Users/swarnalidatta/Desktop/AutoQueryChatbot/.airflow-venv/lib/python3.12/site-packages/airflow/task/task_runner/standard_task_runner.py:70 DeprecationWarning: This process (pid=20885) is multi-threaded, use of fork() may lead to deadlocks in the child.
[2026-09-05T17:49:09.556+0200] {standard_task_runner.py:72} INFO - Started process 20887 to run task
[2026-09-05T17:49:09.566+0200] {task_command.py:467} INFO - Running <TaskInstance: mini_riskagent_file_ingestion.wait_for_csv scheduled__2026-09-05T15:34:00+00:00 [running]> on host mac.home
[2026-09-05T17:49:09.582+0200] {taskinstance.py:3134} INFO - Exporting env vars: AIRFLOW_CTX_DAG_OWNER='autoquery' AIRFLOW_CTX_DAG_ID='mini_riskagent_file_ingestion' AIRFLOW_CTX_TASK_ID='wait_for_csv' AIRFLOW_CTX_EXECUTION_DATE='2026-09-05T15:34:00+00:00' AIRFLOW_CTX_TRY_NUMBER='1' AIRFLOW_CTX_DAG_RUN_ID='scheduled__2026-09-05T15:34:00+00:00'
[2026-09-05T17:49:09.582+0200] {logging_mixin.py:190} INFO - Task instance is in running state
[2026-09-05T17:49:09.583+0200] {logging_mixin.py:190} INFO -  Previous state of the Task instance: queued
[2026-09-05T17:49:09.583+0200] {logging_mixin.py:190} INFO - Current task name:wait_for_csv state:running start_date:2026-09-05 15:49:09.494212+00:00
[2026-09-05T17:49:09.583+0200] {logging_mixin.py:190} INFO - Dag name:mini_riskagent_file_ingestion and current dag run status:running
[2026-09-05T17:49:09.583+0200] {taskinstance.py:732} INFO - ::endgroup::
[2026-09-05T17:49:09.584+0200] {python.py:75} INFO - Poking callable: <function check_for_csv_files at 0x108d9cc20>
[2026-09-05T17:49:09.588+0200] {taskinstance.py:310} INFO - Rescheduling task, marking task as UP_FOR_RESCHEDULE
[2026-09-05T17:49:09.588+0200] {taskinstance.py:341} INFO - ::group::Post task execution logs
[2026-09-05T17:49:09.611+0200] {local_task_job_runner.py:266} INFO - Task exited with return code 0
[2026-09-05T17:49:09.616+0200] {taskinstance.py:3901} INFO - 0 downstream tasks scheduled from follow-on schedule check
[2026-09-05T17:49:09.616+0200] {local_task_job_runner.py:245} INFO - ::endgroup::
