[2026-09-20T07:45:50.808+0200] {local_task_job_runner.py:123} INFO - ::group::Pre task execution logs
[2026-09-20T07:45:50.811+0200] {taskinstance.py:2614} INFO - Dependencies all met for dep_context=non-requeueable deps ti=<TaskInstance: mini_riskagent_file_ingestion.wait_for_csv scheduled__2026-09-20T05:29:00+00:00 [queued]>
[2026-09-20T07:45:50.812+0200] {taskinstance.py:2614} INFO - Dependencies all met for dep_context=requeueable deps ti=<TaskInstance: mini_riskagent_file_ingestion.wait_for_csv scheduled__2026-09-20T05:29:00+00:00 [queued]>
[2026-09-20T07:45:50.812+0200] {taskinstance.py:2867} INFO - Starting attempt 1 of 2
[2026-09-20T07:45:50.815+0200] {taskinstance.py:2890} INFO - Executing <Task(PythonSensor): wait_for_csv> on 2026-09-20 05:29:00+00:00
[2026-09-20T07:45:50.820+0200] {logging_mixin.py:190} WARNING - /Users/swarnalidatta/Desktop/AutoQueryChatbot/.airflow-venv/lib/python3.12/site-packages/airflow/task/task_runner/standard_task_runner.py:70 DeprecationWarning: This process (pid=6154) is multi-threaded, use of fork() may lead to deadlocks in the child.
[2026-09-20T07:45:50.820+0200] {standard_task_runner.py:72} INFO - Started process 6156 to run task
[2026-09-20T07:45:50.820+0200] {standard_task_runner.py:104} INFO - Running: ['airflow', 'tasks', 'run', 'mini_riskagent_file_ingestion', 'wait_for_csv', 'scheduled__2026-09-20T05:29:00+00:00', '--job-id', '4762', '--raw', '--subdir', 'DAGS_FOLDER/data_ingest_pipeline.py', '--cfg-path', '/var/folders/5p/201rr1sj03g8gksxm9x48mbh0000gn/T/tmpllsb7lq0']
[2026-09-20T07:45:50.820+0200] {standard_task_runner.py:105} INFO - Job 4762: Subtask wait_for_csv
[2026-09-20T07:45:50.834+0200] {task_command.py:467} INFO - Running <TaskInstance: mini_riskagent_file_ingestion.wait_for_csv scheduled__2026-09-20T05:29:00+00:00 [running]> on host mac.home
[2026-09-20T07:45:50.849+0200] {taskinstance.py:3134} INFO - Exporting env vars: AIRFLOW_CTX_DAG_OWNER='autoquery' AIRFLOW_CTX_DAG_ID='mini_riskagent_file_ingestion' AIRFLOW_CTX_TASK_ID='wait_for_csv' AIRFLOW_CTX_EXECUTION_DATE='2026-09-20T05:29:00+00:00' AIRFLOW_CTX_TRY_NUMBER='1' AIRFLOW_CTX_DAG_RUN_ID='scheduled__2026-09-20T05:29:00+00:00'
[2026-09-20T07:45:50.850+0200] {logging_mixin.py:190} INFO - Task instance is in running state
[2026-09-20T07:45:50.850+0200] {logging_mixin.py:190} INFO -  Previous state of the Task instance: queued
[2026-09-20T07:45:50.850+0200] {logging_mixin.py:190} INFO - Current task name:wait_for_csv state:running start_date:2026-09-20 05:45:50.811459+00:00
[2026-09-20T07:45:50.850+0200] {logging_mixin.py:190} INFO - Dag name:mini_riskagent_file_ingestion and current dag run status:running
[2026-09-20T07:45:50.850+0200] {taskinstance.py:732} INFO - ::endgroup::
[2026-09-20T07:45:50.851+0200] {python.py:75} INFO - Poking callable: <function check_for_csv_files at 0x10a86ab60>
[2026-09-20T07:45:50.855+0200] {taskinstance.py:310} INFO - Rescheduling task, marking task as UP_FOR_RESCHEDULE
[2026-09-20T07:45:50.855+0200] {taskinstance.py:341} INFO - ::group::Post task execution logs
[2026-09-20T07:45:50.879+0200] {local_task_job_runner.py:266} INFO - Task exited with return code 0
[2026-09-20T07:45:50.886+0200] {taskinstance.py:3901} INFO - 0 downstream tasks scheduled from follow-on schedule check
[2026-09-20T07:45:50.887+0200] {local_task_job_runner.py:245} INFO - ::endgroup::
[2026-09-20T08:02:03.392+0200] {local_task_job_runner.py:123} INFO - ::group::Pre task execution logs
[2026-09-20T08:02:03.395+0200] {taskinstance.py:2614} INFO - Dependencies all met for dep_context=non-requeueable deps ti=<TaskInstance: mini_riskagent_file_ingestion.wait_for_csv scheduled__2026-09-20T05:29:00+00:00 [queued]>
[2026-09-20T08:02:03.396+0200] {taskinstance.py:2614} INFO - Dependencies all met for dep_context=requeueable deps ti=<TaskInstance: mini_riskagent_file_ingestion.wait_for_csv scheduled__2026-09-20T05:29:00+00:00 [queued]>
[2026-09-20T08:02:03.396+0200] {taskinstance.py:2867} INFO - Starting attempt 1 of 2
[2026-09-20T08:02:03.399+0200] {taskinstance.py:2890} INFO - Executing <Task(PythonSensor): wait_for_csv> on 2026-09-20 05:29:00+00:00
[2026-09-20T08:02:03.403+0200] {logging_mixin.py:190} WARNING - /Users/swarnalidatta/Desktop/AutoQueryChatbot/.airflow-venv/lib/python3.12/site-packages/airflow/task/task_runner/standard_task_runner.py:70 DeprecationWarning: This process (pid=6171) is multi-threaded, use of fork() may lead to deadlocks in the child.
[2026-09-20T08:02:03.403+0200] {standard_task_runner.py:72} INFO - Started process 6173 to run task
[2026-09-20T08:02:03.403+0200] {standard_task_runner.py:104} INFO - Running: ['airflow', 'tasks', 'run', 'mini_riskagent_file_ingestion', 'wait_for_csv', 'scheduled__2026-09-20T05:29:00+00:00', '--job-id', '4763', '--raw', '--subdir', 'DAGS_FOLDER/data_ingest_pipeline.py', '--cfg-path', '/var/folders/5p/201rr1sj03g8gksxm9x48mbh0000gn/T/tmp215zasz0']
[2026-09-20T08:02:03.403+0200] {standard_task_runner.py:105} INFO - Job 4763: Subtask wait_for_csv
[2026-09-20T08:02:03.419+0200] {task_command.py:467} INFO - Running <TaskInstance: mini_riskagent_file_ingestion.wait_for_csv scheduled__2026-09-20T05:29:00+00:00 [running]> on host mac.home
[2026-09-20T08:02:03.434+0200] {taskinstance.py:3134} INFO - Exporting env vars: AIRFLOW_CTX_DAG_OWNER='autoquery' AIRFLOW_CTX_DAG_ID='mini_riskagent_file_ingestion' AIRFLOW_CTX_TASK_ID='wait_for_csv' AIRFLOW_CTX_EXECUTION_DATE='2026-09-20T05:29:00+00:00' AIRFLOW_CTX_TRY_NUMBER='1' AIRFLOW_CTX_DAG_RUN_ID='scheduled__2026-09-20T05:29:00+00:00'
[2026-09-20T08:02:03.435+0200] {logging_mixin.py:190} INFO - Task instance is in running state
[2026-09-20T08:02:03.435+0200] {logging_mixin.py:190} INFO -  Previous state of the Task instance: queued
[2026-09-20T08:02:03.435+0200] {logging_mixin.py:190} INFO - Current task name:wait_for_csv state:running start_date:2026-09-20 06:02:03.395121+00:00
[2026-09-20T08:02:03.435+0200] {logging_mixin.py:190} INFO - Dag name:mini_riskagent_file_ingestion and current dag run status:running
[2026-09-20T08:02:03.436+0200] {taskinstance.py:732} INFO - ::endgroup::
[2026-09-20T08:02:03.437+0200] {python.py:75} INFO - Poking callable: <function check_for_csv_files at 0x10d1eeb60>
[2026-09-20T08:02:03.440+0200] {taskinstance.py:310} INFO - Rescheduling task, marking task as UP_FOR_RESCHEDULE
[2026-09-20T08:02:03.440+0200] {taskinstance.py:341} INFO - ::group::Post task execution logs
[2026-09-20T08:02:03.462+0200] {local_task_job_runner.py:266} INFO - Task exited with return code 0
[2026-09-20T08:02:03.469+0200] {taskinstance.py:3901} INFO - 0 downstream tasks scheduled from follow-on schedule check
[2026-09-20T08:02:03.469+0200] {local_task_job_runner.py:245} INFO - ::endgroup::
[2026-09-20T08:18:45.611+0200] {local_task_job_runner.py:123} INFO - ::group::Pre task execution logs
[2026-09-20T08:18:45.613+0200] {taskinstance.py:2614} INFO - Dependencies all met for dep_context=non-requeueable deps ti=<TaskInstance: mini_riskagent_file_ingestion.wait_for_csv scheduled__2026-09-20T05:29:00+00:00 [queued]>
[2026-09-20T08:18:45.615+0200] {taskinstance.py:2614} INFO - Dependencies all met for dep_context=requeueable deps ti=<TaskInstance: mini_riskagent_file_ingestion.wait_for_csv scheduled__2026-09-20T05:29:00+00:00 [queued]>
[2026-09-20T08:18:45.615+0200] {taskinstance.py:2867} INFO - Starting attempt 1 of 2
[2026-09-20T08:18:45.618+0200] {taskinstance.py:2890} INFO - Executing <Task(PythonSensor): wait_for_csv> on 2026-09-20 05:29:00+00:00
[2026-09-20T08:18:45.622+0200] {logging_mixin.py:190} WARNING - /Users/swarnalidatta/Desktop/AutoQueryChatbot/.airflow-venv/lib/python3.12/site-packages/airflow/task/task_runner/standard_task_runner.py:70 DeprecationWarning: This process (pid=6193) is multi-threaded, use of fork() may lead to deadlocks in the child.
[2026-09-20T08:18:45.622+0200] {standard_task_runner.py:104} INFO - Running: ['airflow', 'tasks', 'run', 'mini_riskagent_file_ingestion', 'wait_for_csv', 'scheduled__2026-09-20T05:29:00+00:00', '--job-id', '4764', '--raw', '--subdir', 'DAGS_FOLDER/data_ingest_pipeline.py', '--cfg-path', '/var/folders/5p/201rr1sj03g8gksxm9x48mbh0000gn/T/tmpusic6xs5']
[2026-09-20T08:18:45.623+0200] {standard_task_runner.py:72} INFO - Started process 6195 to run task
[2026-09-20T08:18:45.623+0200] {standard_task_runner.py:105} INFO - Job 4764: Subtask wait_for_csv
[2026-09-20T08:18:45.636+0200] {task_command.py:467} INFO - Running <TaskInstance: mini_riskagent_file_ingestion.wait_for_csv scheduled__2026-09-20T05:29:00+00:00 [running]> on host mac.home
[2026-09-20T08:18:45.652+0200] {taskinstance.py:3134} INFO - Exporting env vars: AIRFLOW_CTX_DAG_OWNER='autoquery' AIRFLOW_CTX_DAG_ID='mini_riskagent_file_ingestion' AIRFLOW_CTX_TASK_ID='wait_for_csv' AIRFLOW_CTX_EXECUTION_DATE='2026-09-20T05:29:00+00:00' AIRFLOW_CTX_TRY_NUMBER='1' AIRFLOW_CTX_DAG_RUN_ID='scheduled__2026-09-20T05:29:00+00:00'
[2026-09-20T08:18:45.653+0200] {logging_mixin.py:190} INFO - Task instance is in running state
[2026-09-20T08:18:45.653+0200] {logging_mixin.py:190} INFO -  Previous state of the Task instance: queued
[2026-09-20T08:18:45.653+0200] {logging_mixin.py:190} INFO - Current task name:wait_for_csv state:running start_date:2026-09-20 06:18:45.613715+00:00
[2026-09-20T08:18:45.653+0200] {logging_mixin.py:190} INFO - Dag name:mini_riskagent_file_ingestion and current dag run status:running
[2026-09-20T08:18:45.653+0200] {taskinstance.py:732} INFO - ::endgroup::
[2026-09-20T08:18:45.655+0200] {python.py:75} INFO - Poking callable: <function check_for_csv_files at 0x10a8feb60>
[2026-09-20T08:18:45.658+0200] {taskinstance.py:310} INFO - Rescheduling task, marking task as UP_FOR_RESCHEDULE
[2026-09-20T08:18:45.658+0200] {taskinstance.py:341} INFO - ::group::Post task execution logs
[2026-09-20T08:18:45.682+0200] {local_task_job_runner.py:266} INFO - Task exited with return code 0
[2026-09-20T08:18:45.689+0200] {taskinstance.py:3901} INFO - 0 downstream tasks scheduled from follow-on schedule check
[2026-09-20T08:18:45.689+0200] {local_task_job_runner.py:245} INFO - ::endgroup::
[2026-09-20T08:35:51.241+0200] {local_task_job_runner.py:123} INFO - ::group::Pre task execution logs
[2026-09-20T08:35:51.244+0200] {taskinstance.py:2614} INFO - Dependencies all met for dep_context=non-requeueable deps ti=<TaskInstance: mini_riskagent_file_ingestion.wait_for_csv scheduled__2026-09-20T05:29:00+00:00 [queued]>
[2026-09-20T08:35:51.245+0200] {taskinstance.py:2614} INFO - Dependencies all met for dep_context=requeueable deps ti=<TaskInstance: mini_riskagent_file_ingestion.wait_for_csv scheduled__2026-09-20T05:29:00+00:00 [queued]>
[2026-09-20T08:35:51.245+0200] {taskinstance.py:2867} INFO - Starting attempt 1 of 2
[2026-09-20T08:35:51.248+0200] {taskinstance.py:2890} INFO - Executing <Task(PythonSensor): wait_for_csv> on 2026-09-20 05:29:00+00:00
[2026-09-20T08:35:51.252+0200] {logging_mixin.py:190} WARNING - /Users/swarnalidatta/Desktop/AutoQueryChatbot/.airflow-venv/lib/python3.12/site-packages/airflow/task/task_runner/standard_task_runner.py:70 DeprecationWarning: This process (pid=6227) is multi-threaded, use of fork() may lead to deadlocks in the child.
[2026-09-20T08:35:51.253+0200] {standard_task_runner.py:72} INFO - Started process 6229 to run task
[2026-09-20T08:35:51.252+0200] {standard_task_runner.py:104} INFO - Running: ['airflow', 'tasks', 'run', 'mini_riskagent_file_ingestion', 'wait_for_csv', 'scheduled__2026-09-20T05:29:00+00:00', '--job-id', '4765', '--raw', '--subdir', 'DAGS_FOLDER/data_ingest_pipeline.py', '--cfg-path', '/var/folders/5p/201rr1sj03g8gksxm9x48mbh0000gn/T/tmpb08xavz0']
[2026-09-20T08:35:51.253+0200] {standard_task_runner.py:105} INFO - Job 4765: Subtask wait_for_csv
[2026-09-20T08:35:51.266+0200] {task_command.py:467} INFO - Running <TaskInstance: mini_riskagent_file_ingestion.wait_for_csv scheduled__2026-09-20T05:29:00+00:00 [running]> on host mac.home
[2026-09-20T08:35:51.282+0200] {taskinstance.py:3134} INFO - Exporting env vars: AIRFLOW_CTX_DAG_OWNER='autoquery' AIRFLOW_CTX_DAG_ID='mini_riskagent_file_ingestion' AIRFLOW_CTX_TASK_ID='wait_for_csv' AIRFLOW_CTX_EXECUTION_DATE='2026-09-20T05:29:00+00:00' AIRFLOW_CTX_TRY_NUMBER='1' AIRFLOW_CTX_DAG_RUN_ID='scheduled__2026-09-20T05:29:00+00:00'
[2026-09-20T08:35:51.282+0200] {logging_mixin.py:190} INFO - Task instance is in running state
[2026-09-20T08:35:51.282+0200] {logging_mixin.py:190} INFO -  Previous state of the Task instance: queued
[2026-09-20T08:35:51.283+0200] {logging_mixin.py:190} INFO - Current task name:wait_for_csv state:running start_date:2026-09-20 06:35:51.244373+00:00
[2026-09-20T08:35:51.283+0200] {logging_mixin.py:190} INFO - Dag name:mini_riskagent_file_ingestion and current dag run status:running
[2026-09-20T08:35:51.283+0200] {taskinstance.py:732} INFO - ::endgroup::
[2026-09-20T08:35:51.284+0200] {python.py:75} INFO - Poking callable: <function check_for_csv_files at 0x10d00ab60>
[2026-09-20T08:35:51.288+0200] {taskinstance.py:310} INFO - Rescheduling task, marking task as UP_FOR_RESCHEDULE
[2026-09-20T08:35:51.288+0200] {taskinstance.py:341} INFO - ::group::Post task execution logs
[2026-09-20T08:35:51.312+0200] {local_task_job_runner.py:266} INFO - Task exited with return code 0
[2026-09-20T08:35:51.318+0200] {taskinstance.py:3901} INFO - 0 downstream tasks scheduled from follow-on schedule check
[2026-09-20T08:35:51.318+0200] {local_task_job_runner.py:245} INFO - ::endgroup::
[2026-09-20T08:51:28.312+0200] {local_task_job_runner.py:123} INFO - ::group::Pre task execution logs
[2026-09-20T08:51:28.315+0200] {taskinstance.py:2614} INFO - Dependencies all met for dep_context=non-requeueable deps ti=<TaskInstance: mini_riskagent_file_ingestion.wait_for_csv scheduled__2026-09-20T05:29:00+00:00 [queued]>
[2026-09-20T08:51:28.316+0200] {taskinstance.py:2614} INFO - Dependencies all met for dep_context=requeueable deps ti=<TaskInstance: mini_riskagent_file_ingestion.wait_for_csv scheduled__2026-09-20T05:29:00+00:00 [queued]>
[2026-09-20T08:51:28.316+0200] {taskinstance.py:2867} INFO - Starting attempt 1 of 2
[2026-09-20T08:51:28.319+0200] {taskinstance.py:2890} INFO - Executing <Task(PythonSensor): wait_for_csv> on 2026-09-20 05:29:00+00:00
[2026-09-20T08:51:28.324+0200] {logging_mixin.py:190} WARNING - /Users/swarnalidatta/Desktop/AutoQueryChatbot/.airflow-venv/lib/python3.12/site-packages/airflow/task/task_runner/standard_task_runner.py:70 DeprecationWarning: This process (pid=6242) is multi-threaded, use of fork() may lead to deadlocks in the child.
[2026-09-20T08:51:28.324+0200] {standard_task_runner.py:72} INFO - Started process 6244 to run task
[2026-09-20T08:51:28.324+0200] {standard_task_runner.py:104} INFO - Running: ['airflow', 'tasks', 'run', 'mini_riskagent_file_ingestion', 'wait_for_csv', 'scheduled__2026-09-20T05:29:00+00:00', '--job-id', '4766', '--raw', '--subdir', 'DAGS_FOLDER/data_ingest_pipeline.py', '--cfg-path', '/var/folders/5p/201rr1sj03g8gksxm9x48mbh0000gn/T/tmp1zoeas08']
[2026-09-20T08:51:28.324+0200] {standard_task_runner.py:105} INFO - Job 4766: Subtask wait_for_csv
[2026-09-20T08:51:28.337+0200] {task_command.py:467} INFO - Running <TaskInstance: mini_riskagent_file_ingestion.wait_for_csv scheduled__2026-09-20T05:29:00+00:00 [running]> on host mac.home
[2026-09-20T08:51:28.352+0200] {taskinstance.py:3134} INFO - Exporting env vars: AIRFLOW_CTX_DAG_OWNER='autoquery' AIRFLOW_CTX_DAG_ID='mini_riskagent_file_ingestion' AIRFLOW_CTX_TASK_ID='wait_for_csv' AIRFLOW_CTX_EXECUTION_DATE='2026-09-20T05:29:00+00:00' AIRFLOW_CTX_TRY_NUMBER='1' AIRFLOW_CTX_DAG_RUN_ID='scheduled__2026-09-20T05:29:00+00:00'
[2026-09-20T08:51:28.353+0200] {logging_mixin.py:190} INFO - Task instance is in running state
[2026-09-20T08:51:28.353+0200] {logging_mixin.py:190} INFO -  Previous state of the Task instance: queued
[2026-09-20T08:51:28.353+0200] {logging_mixin.py:190} INFO - Current task name:wait_for_csv state:running start_date:2026-09-20 06:51:28.315533+00:00
[2026-09-20T08:51:28.353+0200] {logging_mixin.py:190} INFO - Dag name:mini_riskagent_file_ingestion and current dag run status:running
[2026-09-20T08:51:28.353+0200] {taskinstance.py:732} INFO - ::endgroup::
[2026-09-20T08:51:28.354+0200] {python.py:75} INFO - Poking callable: <function check_for_csv_files at 0x1094e2b60>
[2026-09-20T08:51:28.355+0200] {taskinstance.py:3313} ERROR - Task failed with exception
Traceback (most recent call last):
  File "/Users/swarnalidatta/Desktop/AutoQueryChatbot/.airflow-venv/lib/python3.12/site-packages/airflow/models/taskinstance.py", line 768, in _execute_task
    result = _execute_callable(context=context, **execute_callable_kwargs)
             ^^^^^^^^^^^^^^^^^^^^^^^^^^^^^^^^^^^^^^^^^^^^^^^^^^^^^^^^^^^^^
  File "/Users/swarnalidatta/Desktop/AutoQueryChatbot/.airflow-venv/lib/python3.12/site-packages/airflow/models/taskinstance.py", line 734, in _execute_callable
    return ExecutionCallableRunner(
           ^^^^^^^^^^^^^^^^^^^^^^^^
  File "/Users/swarnalidatta/Desktop/AutoQueryChatbot/.airflow-venv/lib/python3.12/site-packages/airflow/utils/operator_helpers.py", line 252, in run
    return self.func(*args, **kwargs)
           ^^^^^^^^^^^^^^^^^^^^^^^^^^
  File "/Users/swarnalidatta/Desktop/AutoQueryChatbot/.airflow-venv/lib/python3.12/site-packages/airflow/models/baseoperator.py", line 424, in wrapper
    return func(self, *args, **kwargs)
           ^^^^^^^^^^^^^^^^^^^^^^^^^^^
  File "/Users/swarnalidatta/Desktop/AutoQueryChatbot/.airflow-venv/lib/python3.12/site-packages/airflow/sensors/base.py", line 326, in execute
    raise AirflowSensorTimeout(message)
airflow.exceptions.AirflowSensorTimeout: Sensor has timed out; run duration of 3937.515694 seconds exceeds the specified timeout of 3600.0.
[2026-09-20T08:51:28.356+0200] {logging_mixin.py:190} INFO - Task instance in failure state
[2026-09-20T08:51:28.356+0200] {logging_mixin.py:190} INFO - Task start:2026-09-20 06:51:28.315533+00:00 end:2026-09-20 06:51:28.356657+00:00 duration:0.041124
[2026-09-20T08:51:28.357+0200] {logging_mixin.py:190} INFO - Task:<Task(PythonSensor): wait_for_csv> dag:<DAG: mini_riskagent_file_ingestion> dagrun:<DagRun mini_riskagent_file_ingestion @ 2026-09-20 05:29:00+00:00: scheduled__2026-09-20T05:29:00+00:00, state:running, queued_at: 2026-09-20 05:30:08.207476+00:00. externally triggered: False>
[2026-09-20T08:51:28.357+0200] {logging_mixin.py:190} INFO - Failure caused by Sensor has timed out; run duration of 3937.515694 seconds exceeds the specified timeout of 3600.0.
[2026-09-20T08:51:28.357+0200] {taskinstance.py:1226} INFO - Immediate failure requested. Marking task as FAILED. dag_id=mini_riskagent_file_ingestion, task_id=wait_for_csv, run_id=scheduled__2026-09-20T05:29:00+00:00, execution_date=20260920T052900, start_date=20260920T065128, end_date=20260920T065128
[2026-09-20T08:51:28.361+0200] {taskinstance.py:341} INFO - ::group::Post task execution logs
[2026-09-20T08:51:28.361+0200] {standard_task_runner.py:124} ERROR - Failed to execute job 4766 for task wait_for_csv (Sensor has timed out; run duration of 3937.515694 seconds exceeds the specified timeout of 3600.0.; 6244)
Traceback (most recent call last):
  File "/Users/swarnalidatta/Desktop/AutoQueryChatbot/.airflow-venv/lib/python3.12/site-packages/airflow/task/task_runner/standard_task_runner.py", line 117, in _start_by_fork
    ret = args.func(args, dag=self.dag)
          ^^^^^^^^^^^^^^^^^^^^^^^^^^^^^
  File "/Users/swarnalidatta/Desktop/AutoQueryChatbot/.airflow-venv/lib/python3.12/site-packages/airflow/cli/cli_config.py", line 49, in command
    return func(*args, **kwargs)
           ^^^^^^^^^^^^^^^^^^^^^
  File "/Users/swarnalidatta/Desktop/AutoQueryChatbot/.airflow-venv/lib/python3.12/site-packages/airflow/utils/cli.py", line 116, in wrapper
    return f(*args, **kwargs)
           ^^^^^^^^^^^^^^^^^^
  File "/Users/swarnalidatta/Desktop/AutoQueryChatbot/.airflow-venv/lib/python3.12/site-packages/airflow/cli/commands/task_command.py", line 483, in task_run
    task_return_code = _run_task_by_selected_method(args, _dag, ti)
                       ^^^^^^^^^^^^^^^^^^^^^^^^^^^^^^^^^^^^^^^^^^^^
  File "/Users/swarnalidatta/Desktop/AutoQueryChatbot/.airflow-venv/lib/python3.12/site-packages/airflow/cli/commands/task_command.py", line 256, in _run_task_by_selected_method
    return _run_raw_task(args, ti)
           ^^^^^^^^^^^^^^^^^^^^^^^
  File "/Users/swarnalidatta/Desktop/AutoQueryChatbot/.airflow-venv/lib/python3.12/site-packages/airflow/cli/commands/task_command.py", line 341, in _run_raw_task
    return ti._run_raw_task(
           ^^^^^^^^^^^^^^^^^
  File "/Users/swarnalidatta/Desktop/AutoQueryChatbot/.airflow-venv/lib/python3.12/site-packages/airflow/utils/session.py", line 97, in wrapper
    return func(*args, session=session, **kwargs)
           ^^^^^^^^^^^^^^^^^^^^^^^^^^^^^^^^^^^^^^
  File "/Users/swarnalidatta/Desktop/AutoQueryChatbot/.airflow-venv/lib/python3.12/site-packages/airflow/models/taskinstance.py", line 3006, in _run_raw_task
    return _run_raw_task(
           ^^^^^^^^^^^^^^
  File "/Users/swarnalidatta/Desktop/AutoQueryChatbot/.airflow-venv/lib/python3.12/site-packages/airflow/models/taskinstance.py", line 274, in _run_raw_task
    TaskInstance._execute_task_with_callbacks(
  File "/Users/swarnalidatta/Desktop/AutoQueryChatbot/.airflow-venv/lib/python3.12/site-packages/airflow/models/taskinstance.py", line 3161, in _execute_task_with_callbacks
    result = self._execute_task(context, task_orig)
             ^^^^^^^^^^^^^^^^^^^^^^^^^^^^^^^^^^^^^^
  File "/Users/swarnalidatta/Desktop/AutoQueryChatbot/.airflow-venv/lib/python3.12/site-packages/airflow/models/taskinstance.py", line 3185, in _execute_task
    return _execute_task(self, context, task_orig)
           ^^^^^^^^^^^^^^^^^^^^^^^^^^^^^^^^^^^^^^^
  File "/Users/swarnalidatta/Desktop/AutoQueryChatbot/.airflow-venv/lib/python3.12/site-packages/airflow/models/taskinstance.py", line 768, in _execute_task
    result = _execute_callable(context=context, **execute_callable_kwargs)
             ^^^^^^^^^^^^^^^^^^^^^^^^^^^^^^^^^^^^^^^^^^^^^^^^^^^^^^^^^^^^^
  File "/Users/swarnalidatta/Desktop/AutoQueryChatbot/.airflow-venv/lib/python3.12/site-packages/airflow/models/taskinstance.py", line 734, in _execute_callable
    return ExecutionCallableRunner(
           ^^^^^^^^^^^^^^^^^^^^^^^^
  File "/Users/swarnalidatta/Desktop/AutoQueryChatbot/.airflow-venv/lib/python3.12/site-packages/airflow/utils/operator_helpers.py", line 252, in run
    return self.func(*args, **kwargs)
           ^^^^^^^^^^^^^^^^^^^^^^^^^^
  File "/Users/swarnalidatta/Desktop/AutoQueryChatbot/.airflow-venv/lib/python3.12/site-packages/airflow/models/baseoperator.py", line 424, in wrapper
    return func(self, *args, **kwargs)
           ^^^^^^^^^^^^^^^^^^^^^^^^^^^
  File "/Users/swarnalidatta/Desktop/AutoQueryChatbot/.airflow-venv/lib/python3.12/site-packages/airflow/sensors/base.py", line 326, in execute
    raise AirflowSensorTimeout(message)
airflow.exceptions.AirflowSensorTimeout: Sensor has timed out; run duration of 3937.515694 seconds exceeds the specified timeout of 3600.0.
[2026-09-20T08:51:28.383+0200] {local_task_job_runner.py:266} INFO - Task exited with return code 1
[2026-09-20T08:51:28.390+0200] {taskinstance.py:3901} INFO - 0 downstream tasks scheduled from follow-on schedule check
[2026-09-20T08:51:28.392+0200] {local_task_job_runner.py:245} INFO - ::endgroup::
