[2026-09-19T22:16:01.447+0200] {local_task_job_runner.py:123} INFO - ::group::Pre task execution logs
[2026-09-19T22:16:01.450+0200] {taskinstance.py:2614} INFO - Dependencies all met for dep_context=non-requeueable deps ti=<TaskInstance: mini_riskagent_file_ingestion.wait_for_csv scheduled__2026-09-19T20:14:00+00:00 [queued]>
[2026-09-19T22:16:01.451+0200] {taskinstance.py:2614} INFO - Dependencies all met for dep_context=requeueable deps ti=<TaskInstance: mini_riskagent_file_ingestion.wait_for_csv scheduled__2026-09-19T20:14:00+00:00 [queued]>
[2026-09-19T22:16:01.451+0200] {taskinstance.py:2867} INFO - Starting attempt 1 of 2
[2026-09-19T22:16:01.454+0200] {taskinstance.py:2890} INFO - Executing <Task(PythonSensor): wait_for_csv> on 2026-09-19 20:14:00+00:00
[2026-09-19T22:16:01.459+0200] {logging_mixin.py:190} WARNING - /Users/swarnalidatta/Desktop/AutoQueryChatbot/.airflow-venv/lib/python3.12/site-packages/airflow/task/task_runner/standard_task_runner.py:70 DeprecationWarning: This process (pid=5394) is multi-threaded, use of fork() may lead to deadlocks in the child.
[2026-09-19T22:16:01.459+0200] {standard_task_runner.py:72} INFO - Started process 5396 to run task
[2026-09-19T22:16:01.458+0200] {standard_task_runner.py:104} INFO - Running: ['airflow', 'tasks', 'run', 'mini_riskagent_file_ingestion', 'wait_for_csv', 'scheduled__2026-09-19T20:14:00+00:00', '--job-id', '4725', '--raw', '--subdir', 'DAGS_FOLDER/data_ingest_pipeline.py', '--cfg-path', '/var/folders/5p/201rr1sj03g8gksxm9x48mbh0000gn/T/tmp9agopf0_']
[2026-09-19T22:16:01.459+0200] {standard_task_runner.py:105} INFO - Job 4725: Subtask wait_for_csv
[2026-09-19T22:16:01.473+0200] {task_command.py:467} INFO - Running <TaskInstance: mini_riskagent_file_ingestion.wait_for_csv scheduled__2026-09-19T20:14:00+00:00 [running]> on host mac.home
[2026-09-19T22:16:01.489+0200] {taskinstance.py:3134} INFO - Exporting env vars: AIRFLOW_CTX_DAG_OWNER='autoquery' AIRFLOW_CTX_DAG_ID='mini_riskagent_file_ingestion' AIRFLOW_CTX_TASK_ID='wait_for_csv' AIRFLOW_CTX_EXECUTION_DATE='2026-09-19T20:14:00+00:00' AIRFLOW_CTX_TRY_NUMBER='1' AIRFLOW_CTX_DAG_RUN_ID='scheduled__2026-09-19T20:14:00+00:00'
[2026-09-19T22:16:01.490+0200] {logging_mixin.py:190} INFO - Task instance is in running state
[2026-09-19T22:16:01.490+0200] {logging_mixin.py:190} INFO -  Previous state of the Task instance: queued
[2026-09-19T22:16:01.490+0200] {logging_mixin.py:190} INFO - Current task name:wait_for_csv state:running start_date:2026-09-19 20:16:01.450412+00:00
[2026-09-19T22:16:01.490+0200] {logging_mixin.py:190} INFO - Dag name:mini_riskagent_file_ingestion and current dag run status:running
[2026-09-19T22:16:01.491+0200] {taskinstance.py:732} INFO - ::endgroup::
[2026-09-19T22:16:01.492+0200] {python.py:75} INFO - Poking callable: <function check_for_csv_files at 0x1087aab60>
[2026-09-19T22:16:01.495+0200] {taskinstance.py:310} INFO - Rescheduling task, marking task as UP_FOR_RESCHEDULE
[2026-09-19T22:16:01.495+0200] {taskinstance.py:341} INFO - ::group::Post task execution logs
[2026-09-19T22:16:01.518+0200] {local_task_job_runner.py:266} INFO - Task exited with return code 0
[2026-09-19T22:16:01.525+0200] {taskinstance.py:3901} INFO - 0 downstream tasks scheduled from follow-on schedule check
[2026-09-19T22:16:01.525+0200] {local_task_job_runner.py:245} INFO - ::endgroup::
[2026-09-19T22:32:39.420+0200] {local_task_job_runner.py:123} INFO - ::group::Pre task execution logs
[2026-09-19T22:32:39.422+0200] {taskinstance.py:2614} INFO - Dependencies all met for dep_context=non-requeueable deps ti=<TaskInstance: mini_riskagent_file_ingestion.wait_for_csv scheduled__2026-09-19T20:14:00+00:00 [queued]>
[2026-09-19T22:32:39.424+0200] {taskinstance.py:2614} INFO - Dependencies all met for dep_context=requeueable deps ti=<TaskInstance: mini_riskagent_file_ingestion.wait_for_csv scheduled__2026-09-19T20:14:00+00:00 [queued]>
[2026-09-19T22:32:39.424+0200] {taskinstance.py:2867} INFO - Starting attempt 1 of 2
[2026-09-19T22:32:39.426+0200] {taskinstance.py:2890} INFO - Executing <Task(PythonSensor): wait_for_csv> on 2026-09-19 20:14:00+00:00
[2026-09-19T22:32:39.431+0200] {logging_mixin.py:190} WARNING - /Users/swarnalidatta/Desktop/AutoQueryChatbot/.airflow-venv/lib/python3.12/site-packages/airflow/task/task_runner/standard_task_runner.py:70 DeprecationWarning: This process (pid=5413) is multi-threaded, use of fork() may lead to deadlocks in the child.
[2026-09-19T22:32:39.431+0200] {standard_task_runner.py:72} INFO - Started process 5419 to run task
[2026-09-19T22:32:39.430+0200] {standard_task_runner.py:104} INFO - Running: ['airflow', 'tasks', 'run', 'mini_riskagent_file_ingestion', 'wait_for_csv', 'scheduled__2026-09-19T20:14:00+00:00', '--job-id', '4726', '--raw', '--subdir', 'DAGS_FOLDER/data_ingest_pipeline.py', '--cfg-path', '/var/folders/5p/201rr1sj03g8gksxm9x48mbh0000gn/T/tmp5w8bbcxl']
[2026-09-19T22:32:39.431+0200] {standard_task_runner.py:105} INFO - Job 4726: Subtask wait_for_csv
[2026-09-19T22:32:39.445+0200] {task_command.py:467} INFO - Running <TaskInstance: mini_riskagent_file_ingestion.wait_for_csv scheduled__2026-09-19T20:14:00+00:00 [running]> on host mac.home
[2026-09-19T22:32:39.460+0200] {taskinstance.py:3134} INFO - Exporting env vars: AIRFLOW_CTX_DAG_OWNER='autoquery' AIRFLOW_CTX_DAG_ID='mini_riskagent_file_ingestion' AIRFLOW_CTX_TASK_ID='wait_for_csv' AIRFLOW_CTX_EXECUTION_DATE='2026-09-19T20:14:00+00:00' AIRFLOW_CTX_TRY_NUMBER='1' AIRFLOW_CTX_DAG_RUN_ID='scheduled__2026-09-19T20:14:00+00:00'
[2026-09-19T22:32:39.460+0200] {logging_mixin.py:190} INFO - Task instance is in running state
[2026-09-19T22:32:39.460+0200] {logging_mixin.py:190} INFO -  Previous state of the Task instance: queued
[2026-09-19T22:32:39.460+0200] {logging_mixin.py:190} INFO - Current task name:wait_for_csv state:running start_date:2026-09-19 20:32:39.422755+00:00
[2026-09-19T22:32:39.461+0200] {logging_mixin.py:190} INFO - Dag name:mini_riskagent_file_ingestion and current dag run status:running
[2026-09-19T22:32:39.461+0200] {taskinstance.py:732} INFO - ::endgroup::
[2026-09-19T22:32:39.462+0200] {python.py:75} INFO - Poking callable: <function check_for_csv_files at 0x10d1bab60>
[2026-09-19T22:32:39.465+0200] {taskinstance.py:310} INFO - Rescheduling task, marking task as UP_FOR_RESCHEDULE
[2026-09-19T22:32:39.465+0200] {taskinstance.py:341} INFO - ::group::Post task execution logs
[2026-09-19T22:32:39.490+0200] {local_task_job_runner.py:266} INFO - Task exited with return code 0
[2026-09-19T22:32:39.497+0200] {taskinstance.py:3901} INFO - 0 downstream tasks scheduled from follow-on schedule check
[2026-09-19T22:32:39.497+0200] {local_task_job_runner.py:245} INFO - ::endgroup::
[2026-09-19T22:47:55.543+0200] {local_task_job_runner.py:123} INFO - ::group::Pre task execution logs
[2026-09-19T22:47:55.546+0200] {taskinstance.py:2614} INFO - Dependencies all met for dep_context=non-requeueable deps ti=<TaskInstance: mini_riskagent_file_ingestion.wait_for_csv scheduled__2026-09-19T20:14:00+00:00 [queued]>
[2026-09-19T22:47:55.547+0200] {taskinstance.py:2614} INFO - Dependencies all met for dep_context=requeueable deps ti=<TaskInstance: mini_riskagent_file_ingestion.wait_for_csv scheduled__2026-09-19T20:14:00+00:00 [queued]>
[2026-09-19T22:47:55.547+0200] {taskinstance.py:2867} INFO - Starting attempt 1 of 2
[2026-09-19T22:47:55.550+0200] {taskinstance.py:2890} INFO - Executing <Task(PythonSensor): wait_for_csv> on 2026-09-19 20:14:00+00:00
[2026-09-19T22:47:55.554+0200] {logging_mixin.py:190} WARNING - /Users/swarnalidatta/Desktop/AutoQueryChatbot/.airflow-venv/lib/python3.12/site-packages/airflow/task/task_runner/standard_task_runner.py:70 DeprecationWarning: This process (pid=5427) is multi-threaded, use of fork() may lead to deadlocks in the child.
[2026-09-19T22:47:55.554+0200] {standard_task_runner.py:104} INFO - Running: ['airflow', 'tasks', 'run', 'mini_riskagent_file_ingestion', 'wait_for_csv', 'scheduled__2026-09-19T20:14:00+00:00', '--job-id', '4727', '--raw', '--subdir', 'DAGS_FOLDER/data_ingest_pipeline.py', '--cfg-path', '/var/folders/5p/201rr1sj03g8gksxm9x48mbh0000gn/T/tmpvwx61ozk']
[2026-09-19T22:47:55.555+0200] {standard_task_runner.py:72} INFO - Started process 5433 to run task
[2026-09-19T22:47:55.555+0200] {standard_task_runner.py:105} INFO - Job 4727: Subtask wait_for_csv
[2026-09-19T22:47:55.568+0200] {task_command.py:467} INFO - Running <TaskInstance: mini_riskagent_file_ingestion.wait_for_csv scheduled__2026-09-19T20:14:00+00:00 [running]> on host mac.home
[2026-09-19T22:47:55.583+0200] {taskinstance.py:3134} INFO - Exporting env vars: AIRFLOW_CTX_DAG_OWNER='autoquery' AIRFLOW_CTX_DAG_ID='mini_riskagent_file_ingestion' AIRFLOW_CTX_TASK_ID='wait_for_csv' AIRFLOW_CTX_EXECUTION_DATE='2026-09-19T20:14:00+00:00' AIRFLOW_CTX_TRY_NUMBER='1' AIRFLOW_CTX_DAG_RUN_ID='scheduled__2026-09-19T20:14:00+00:00'
[2026-09-19T22:47:55.584+0200] {logging_mixin.py:190} INFO - Task instance is in running state
[2026-09-19T22:47:55.584+0200] {logging_mixin.py:190} INFO -  Previous state of the Task instance: queued
[2026-09-19T22:47:55.584+0200] {logging_mixin.py:190} INFO - Current task name:wait_for_csv state:running start_date:2026-09-19 20:47:55.546529+00:00
[2026-09-19T22:47:55.584+0200] {logging_mixin.py:190} INFO - Dag name:mini_riskagent_file_ingestion and current dag run status:running
[2026-09-19T22:47:55.584+0200] {taskinstance.py:732} INFO - ::endgroup::
[2026-09-19T22:47:55.586+0200] {python.py:75} INFO - Poking callable: <function check_for_csv_files at 0x112a12b60>
[2026-09-19T22:47:55.589+0200] {taskinstance.py:310} INFO - Rescheduling task, marking task as UP_FOR_RESCHEDULE
[2026-09-19T22:47:55.589+0200] {taskinstance.py:341} INFO - ::group::Post task execution logs
[2026-09-19T22:47:55.613+0200] {local_task_job_runner.py:266} INFO - Task exited with return code 0
[2026-09-19T22:47:55.619+0200] {taskinstance.py:3901} INFO - 0 downstream tasks scheduled from follow-on schedule check
[2026-09-19T22:47:55.620+0200] {local_task_job_runner.py:245} INFO - ::endgroup::
[2026-09-19T23:03:48.943+0200] {local_task_job_runner.py:123} INFO - ::group::Pre task execution logs
[2026-09-19T23:03:48.945+0200] {taskinstance.py:2614} INFO - Dependencies all met for dep_context=non-requeueable deps ti=<TaskInstance: mini_riskagent_file_ingestion.wait_for_csv scheduled__2026-09-19T20:14:00+00:00 [queued]>
[2026-09-19T23:03:48.947+0200] {taskinstance.py:2614} INFO - Dependencies all met for dep_context=requeueable deps ti=<TaskInstance: mini_riskagent_file_ingestion.wait_for_csv scheduled__2026-09-19T20:14:00+00:00 [queued]>
[2026-09-19T23:03:48.947+0200] {taskinstance.py:2867} INFO - Starting attempt 1 of 2
[2026-09-19T23:03:48.950+0200] {taskinstance.py:2890} INFO - Executing <Task(PythonSensor): wait_for_csv> on 2026-09-19 20:14:00+00:00
[2026-09-19T23:03:48.954+0200] {logging_mixin.py:190} WARNING - /Users/swarnalidatta/Desktop/AutoQueryChatbot/.airflow-venv/lib/python3.12/site-packages/airflow/task/task_runner/standard_task_runner.py:70 DeprecationWarning: This process (pid=5446) is multi-threaded, use of fork() may lead to deadlocks in the child.
[2026-09-19T23:03:48.954+0200] {standard_task_runner.py:72} INFO - Started process 5448 to run task
[2026-09-19T23:03:48.954+0200] {standard_task_runner.py:104} INFO - Running: ['airflow', 'tasks', 'run', 'mini_riskagent_file_ingestion', 'wait_for_csv', 'scheduled__2026-09-19T20:14:00+00:00', '--job-id', '4728', '--raw', '--subdir', 'DAGS_FOLDER/data_ingest_pipeline.py', '--cfg-path', '/var/folders/5p/201rr1sj03g8gksxm9x48mbh0000gn/T/tmpio81uelj']
[2026-09-19T23:03:48.955+0200] {standard_task_runner.py:105} INFO - Job 4728: Subtask wait_for_csv
[2026-09-19T23:03:48.967+0200] {task_command.py:467} INFO - Running <TaskInstance: mini_riskagent_file_ingestion.wait_for_csv scheduled__2026-09-19T20:14:00+00:00 [running]> on host mac.home
[2026-09-19T23:03:48.982+0200] {taskinstance.py:3134} INFO - Exporting env vars: AIRFLOW_CTX_DAG_OWNER='autoquery' AIRFLOW_CTX_DAG_ID='mini_riskagent_file_ingestion' AIRFLOW_CTX_TASK_ID='wait_for_csv' AIRFLOW_CTX_EXECUTION_DATE='2026-09-19T20:14:00+00:00' AIRFLOW_CTX_TRY_NUMBER='1' AIRFLOW_CTX_DAG_RUN_ID='scheduled__2026-09-19T20:14:00+00:00'
[2026-09-19T23:03:48.982+0200] {logging_mixin.py:190} INFO - Task instance is in running state
[2026-09-19T23:03:48.983+0200] {logging_mixin.py:190} INFO -  Previous state of the Task instance: queued
[2026-09-19T23:03:48.983+0200] {logging_mixin.py:190} INFO - Current task name:wait_for_csv state:running start_date:2026-09-19 21:03:48.945851+00:00
[2026-09-19T23:03:48.983+0200] {logging_mixin.py:190} INFO - Dag name:mini_riskagent_file_ingestion and current dag run status:running
[2026-09-19T23:03:48.983+0200] {taskinstance.py:732} INFO - ::endgroup::
[2026-09-19T23:03:48.984+0200] {python.py:75} INFO - Poking callable: <function check_for_csv_files at 0x10c226b60>
[2026-09-19T23:03:48.987+0200] {taskinstance.py:310} INFO - Rescheduling task, marking task as UP_FOR_RESCHEDULE
[2026-09-19T23:03:48.988+0200] {taskinstance.py:341} INFO - ::group::Post task execution logs
[2026-09-19T23:03:49.014+0200] {local_task_job_runner.py:266} INFO - Task exited with return code 0
[2026-09-19T23:03:49.020+0200] {taskinstance.py:3901} INFO - 0 downstream tasks scheduled from follow-on schedule check
[2026-09-19T23:03:49.020+0200] {local_task_job_runner.py:245} INFO - ::endgroup::
[2026-09-19T23:16:58.007+0200] {local_task_job_runner.py:123} INFO - ::group::Pre task execution logs
[2026-09-19T23:16:58.009+0200] {taskinstance.py:2614} INFO - Dependencies all met for dep_context=non-requeueable deps ti=<TaskInstance: mini_riskagent_file_ingestion.wait_for_csv scheduled__2026-09-19T20:14:00+00:00 [queued]>
[2026-09-19T23:16:58.011+0200] {taskinstance.py:2614} INFO - Dependencies all met for dep_context=requeueable deps ti=<TaskInstance: mini_riskagent_file_ingestion.wait_for_csv scheduled__2026-09-19T20:14:00+00:00 [queued]>
[2026-09-19T23:16:58.011+0200] {taskinstance.py:2867} INFO - Starting attempt 1 of 2
[2026-09-19T23:16:58.014+0200] {taskinstance.py:2890} INFO - Executing <Task(PythonSensor): wait_for_csv> on 2026-09-19 20:14:00+00:00
[2026-09-19T23:16:58.018+0200] {logging_mixin.py:190} WARNING - /Users/swarnalidatta/Desktop/AutoQueryChatbot/.airflow-venv/lib/python3.12/site-packages/airflow/task/task_runner/standard_task_runner.py:70 DeprecationWarning: This process (pid=5463) is multi-threaded, use of fork() may lead to deadlocks in the child.
[2026-09-19T23:16:58.018+0200] {standard_task_runner.py:72} INFO - Started process 5469 to run task
[2026-09-19T23:16:58.018+0200] {standard_task_runner.py:104} INFO - Running: ['airflow', 'tasks', 'run', 'mini_riskagent_file_ingestion', 'wait_for_csv', 'scheduled__2026-09-19T20:14:00+00:00', '--job-id', '4729', '--raw', '--subdir', 'DAGS_FOLDER/data_ingest_pipeline.py', '--cfg-path', '/var/folders/5p/201rr1sj03g8gksxm9x48mbh0000gn/T/tmp149xxau8']
[2026-09-19T23:16:58.019+0200] {standard_task_runner.py:105} INFO - Job 4729: Subtask wait_for_csv
[2026-09-19T23:16:58.033+0200] {task_command.py:467} INFO - Running <TaskInstance: mini_riskagent_file_ingestion.wait_for_csv scheduled__2026-09-19T20:14:00+00:00 [running]> on host mac.home
[2026-09-19T23:16:58.048+0200] {taskinstance.py:3134} INFO - Exporting env vars: AIRFLOW_CTX_DAG_OWNER='autoquery' AIRFLOW_CTX_DAG_ID='mini_riskagent_file_ingestion' AIRFLOW_CTX_TASK_ID='wait_for_csv' AIRFLOW_CTX_EXECUTION_DATE='2026-09-19T20:14:00+00:00' AIRFLOW_CTX_TRY_NUMBER='1' AIRFLOW_CTX_DAG_RUN_ID='scheduled__2026-09-19T20:14:00+00:00'
[2026-09-19T23:16:58.048+0200] {logging_mixin.py:190} INFO - Task instance is in running state
[2026-09-19T23:16:58.048+0200] {logging_mixin.py:190} INFO -  Previous state of the Task instance: queued
[2026-09-19T23:16:58.048+0200] {logging_mixin.py:190} INFO - Current task name:wait_for_csv state:running start_date:2026-09-19 21:16:58.009963+00:00
[2026-09-19T23:16:58.049+0200] {logging_mixin.py:190} INFO - Dag name:mini_riskagent_file_ingestion and current dag run status:running
[2026-09-19T23:16:58.049+0200] {taskinstance.py:732} INFO - ::endgroup::
[2026-09-19T23:16:58.050+0200] {python.py:75} INFO - Poking callable: <function check_for_csv_files at 0x108c3ab60>
[2026-09-19T23:16:58.050+0200] {taskinstance.py:3313} ERROR - Task failed with exception
Traceback (most recent call last):
  File "/Users/swarnalidatta/Desktop/AutoQueryChatbot/.airflow-venv/lib/python3.12/site-packages/airflow/models/taskinstance.py", line 768, in _execute_task
    result = _execute_callable(context=context, **execute_callable_kwargs)
             ^^^^^^^^^^^^^^^^^^^^^^^^^^^^^^^^^^^^^^^^^^^^^^^^^^^^^^^^^^^^^
  File "/Users/swarnalidatta/Desktop/AutoQueryChatbot/.airflow-venv/lib/python3.12/site-packages/airflow/models/taskinstance.py", line 734, in _execute_callable
    return ExecutionCallableRunner(
           ^^^^^^^^^^^^^^^^^^^^^^^^
  File "/Users/swarnalidatta/Desktop/AutoQueryChatbot/.airflow-venv/lib/python3.12/site-packages/airflow/utils/operator_helpers.py", line 252, in run
    return self.func(*args, **kwargs)
           ^^^^^^^^^^^^^^^^^^^^^^^^^^
  File "/Users/swarnalidatta/Desktop/AutoQueryChatbot/.airflow-venv/lib/python3.12/site-packages/airflow/models/baseoperator.py", line 424, in wrapper
    return func(self, *args, **kwargs)
           ^^^^^^^^^^^^^^^^^^^^^^^^^^^
  File "/Users/swarnalidatta/Desktop/AutoQueryChatbot/.airflow-venv/lib/python3.12/site-packages/airflow/sensors/base.py", line 326, in execute
    raise AirflowSensorTimeout(message)
airflow.exceptions.AirflowSensorTimeout: Sensor has timed out; run duration of 3656.571505 seconds exceeds the specified timeout of 3600.0.
[2026-09-19T23:16:58.052+0200] {logging_mixin.py:190} INFO - Task instance in failure state
[2026-09-19T23:16:58.052+0200] {logging_mixin.py:190} INFO - Task start:2026-09-19 21:16:58.009963+00:00 end:2026-09-19 21:16:58.052257+00:00 duration:0.042294
[2026-09-19T23:16:58.052+0200] {logging_mixin.py:190} INFO - Task:<Task(PythonSensor): wait_for_csv> dag:<DAG: mini_riskagent_file_ingestion> dagrun:<DagRun mini_riskagent_file_ingestion @ 2026-09-19 20:14:00+00:00: scheduled__2026-09-19T20:14:00+00:00, state:running, queued_at: 2026-09-19 20:16:00.570805+00:00. externally triggered: False>
[2026-09-19T23:16:58.052+0200] {logging_mixin.py:190} INFO - Failure caused by Sensor has timed out; run duration of 3656.571505 seconds exceeds the specified timeout of 3600.0.
[2026-09-19T23:16:58.053+0200] {taskinstance.py:1226} INFO - Immediate failure requested. Marking task as FAILED. dag_id=mini_riskagent_file_ingestion, task_id=wait_for_csv, run_id=scheduled__2026-09-19T20:14:00+00:00, execution_date=20260919T201400, start_date=20260919T211658, end_date=20260919T211658
[2026-09-19T23:16:58.056+0200] {taskinstance.py:341} INFO - ::group::Post task execution logs
[2026-09-19T23:16:58.057+0200] {standard_task_runner.py:124} ERROR - Failed to execute job 4729 for task wait_for_csv (Sensor has timed out; run duration of 3656.571505 seconds exceeds the specified timeout of 3600.0.; 5469)
Traceback (most recent call last):
  File "/Users/swarnalidatta/Desktop/AutoQueryChatbot/.airflow-venv/lib/python3.12/site-packages/airflow/task/task_runner/standard_task_runner.py", line 117, in _start_by_fork
    ret = args.func(args, dag=self.dag)
          ^^^^^^^^^^^^^^^^^^^^^^^^^^^^^
  File "/Users/swarnalidatta/Desktop/AutoQueryChatbot/.airflow-venv/lib/python3.12/site-packages/airflow/cli/cli_config.py", line 49, in command
    return func(*args, **kwargs)
           ^^^^^^^^^^^^^^^^^^^^^
  File "/Users/swarnalidatta/Desktop/AutoQueryChatbot/.airflow-venv/lib/python3.12/site-packages/airflow/utils/cli.py", line 116, in wrapper
    return f(*args, **kwargs)
           ^^^^^^^^^^^^^^^^^^
  File "/Users/swarnalidatta/Desktop/AutoQueryChatbot/.airflow-venv/lib/python3.12/site-packages/airflow/cli/commands/task_command.py", line 483, in task_run
    task_return_code = _run_task_by_selected_method(args, _dag, ti)
                       ^^^^^^^^^^^^^^^^^^^^^^^^^^^^^^^^^^^^^^^^^^^^
  File "/Users/swarnalidatta/Desktop/AutoQueryChatbot/.airflow-venv/lib/python3.12/site-packages/airflow/cli/commands/task_command.py", line 256, in _run_task_by_selected_method
    return _run_raw_task(args, ti)
           ^^^^^^^^^^^^^^^^^^^^^^^
  File "/Users/swarnalidatta/Desktop/AutoQueryChatbot/.airflow-venv/lib/python3.12/site-packages/airflow/cli/commands/task_command.py", line 341, in _run_raw_task
    return ti._run_raw_task(
           ^^^^^^^^^^^^^^^^^
  File "/Users/swarnalidatta/Desktop/AutoQueryChatbot/.airflow-venv/lib/python3.12/site-packages/airflow/utils/session.py", line 97, in wrapper
    return func(*args, session=session, **kwargs)
           ^^^^^^^^^^^^^^^^^^^^^^^^^^^^^^^^^^^^^^
  File "/Users/swarnalidatta/Desktop/AutoQueryChatbot/.airflow-venv/lib/python3.12/site-packages/airflow/models/taskinstance.py", line 3006, in _run_raw_task
    return _run_raw_task(
           ^^^^^^^^^^^^^^
  File "/Users/swarnalidatta/Desktop/AutoQueryChatbot/.airflow-venv/lib/python3.12/site-packages/airflow/models/taskinstance.py", line 274, in _run_raw_task
    TaskInstance._execute_task_with_callbacks(
  File "/Users/swarnalidatta/Desktop/AutoQueryChatbot/.airflow-venv/lib/python3.12/site-packages/airflow/models/taskinstance.py", line 3161, in _execute_task_with_callbacks
    result = self._execute_task(context, task_orig)
             ^^^^^^^^^^^^^^^^^^^^^^^^^^^^^^^^^^^^^^
  File "/Users/swarnalidatta/Desktop/AutoQueryChatbot/.airflow-venv/lib/python3.12/site-packages/airflow/models/taskinstance.py", line 3185, in _execute_task
    return _execute_task(self, context, task_orig)
           ^^^^^^^^^^^^^^^^^^^^^^^^^^^^^^^^^^^^^^^
  File "/Users/swarnalidatta/Desktop/AutoQueryChatbot/.airflow-venv/lib/python3.12/site-packages/airflow/models/taskinstance.py", line 768, in _execute_task
    result = _execute_callable(context=context, **execute_callable_kwargs)
             ^^^^^^^^^^^^^^^^^^^^^^^^^^^^^^^^^^^^^^^^^^^^^^^^^^^^^^^^^^^^^
  File "/Users/swarnalidatta/Desktop/AutoQueryChatbot/.airflow-venv/lib/python3.12/site-packages/airflow/models/taskinstance.py", line 734, in _execute_callable
    return ExecutionCallableRunner(
           ^^^^^^^^^^^^^^^^^^^^^^^^
  File "/Users/swarnalidatta/Desktop/AutoQueryChatbot/.airflow-venv/lib/python3.12/site-packages/airflow/utils/operator_helpers.py", line 252, in run
    return self.func(*args, **kwargs)
           ^^^^^^^^^^^^^^^^^^^^^^^^^^
  File "/Users/swarnalidatta/Desktop/AutoQueryChatbot/.airflow-venv/lib/python3.12/site-packages/airflow/models/baseoperator.py", line 424, in wrapper
    return func(self, *args, **kwargs)
           ^^^^^^^^^^^^^^^^^^^^^^^^^^^
  File "/Users/swarnalidatta/Desktop/AutoQueryChatbot/.airflow-venv/lib/python3.12/site-packages/airflow/sensors/base.py", line 326, in execute
    raise AirflowSensorTimeout(message)
airflow.exceptions.AirflowSensorTimeout: Sensor has timed out; run duration of 3656.571505 seconds exceeds the specified timeout of 3600.0.
[2026-09-19T23:16:58.078+0200] {local_task_job_runner.py:266} INFO - Task exited with return code 1
[2026-09-19T23:16:58.084+0200] {taskinstance.py:3901} INFO - 0 downstream tasks scheduled from follow-on schedule check
[2026-09-19T23:16:58.085+0200] {local_task_job_runner.py:245} INFO - ::endgroup::
