[2026-09-19T17:45:32.263+0200] {local_task_job_runner.py:123} INFO - ::group::Pre task execution logs
[2026-09-19T17:45:32.267+0200] {taskinstance.py:2614} INFO - Dependencies all met for dep_context=non-requeueable deps ti=<TaskInstance: mini_riskagent_file_ingestion.wait_for_csv scheduled__2026-09-19T15:26:00+00:00 [queued]>
[2026-09-19T17:45:32.269+0200] {taskinstance.py:2614} INFO - Dependencies all met for dep_context=requeueable deps ti=<TaskInstance: mini_riskagent_file_ingestion.wait_for_csv scheduled__2026-09-19T15:26:00+00:00 [queued]>
[2026-09-19T17:45:32.269+0200] {taskinstance.py:2867} INFO - Starting attempt 1 of 2
[2026-09-19T17:45:32.274+0200] {taskinstance.py:2890} INFO - Executing <Task(PythonSensor): wait_for_csv> on 2026-09-19 15:26:00+00:00
[2026-09-19T17:45:32.281+0200] {logging_mixin.py:190} WARNING - /Users/swarnalidatta/Desktop/AutoQueryChatbot/.airflow-venv/lib/python3.12/site-packages/airflow/task/task_runner/standard_task_runner.py:70 DeprecationWarning: This process (pid=4997) is multi-threaded, use of fork() may lead to deadlocks in the child.
[2026-09-19T17:45:32.282+0200] {standard_task_runner.py:72} INFO - Started process 5002 to run task
[2026-09-19T17:45:32.281+0200] {standard_task_runner.py:104} INFO - Running: ['airflow', 'tasks', 'run', 'mini_riskagent_file_ingestion', 'wait_for_csv', 'scheduled__2026-09-19T15:26:00+00:00', '--job-id', '4707', '--raw', '--subdir', 'DAGS_FOLDER/data_ingest_pipeline.py', '--cfg-path', '/var/folders/5p/201rr1sj03g8gksxm9x48mbh0000gn/T/tmpsrsslktk']
[2026-09-19T17:45:32.284+0200] {standard_task_runner.py:105} INFO - Job 4707: Subtask wait_for_csv
[2026-09-19T17:45:32.304+0200] {task_command.py:467} INFO - Running <TaskInstance: mini_riskagent_file_ingestion.wait_for_csv scheduled__2026-09-19T15:26:00+00:00 [running]> on host mac.home
[2026-09-19T17:45:32.321+0200] {taskinstance.py:3134} INFO - Exporting env vars: AIRFLOW_CTX_DAG_OWNER='autoquery' AIRFLOW_CTX_DAG_ID='mini_riskagent_file_ingestion' AIRFLOW_CTX_TASK_ID='wait_for_csv' AIRFLOW_CTX_EXECUTION_DATE='2026-09-19T15:26:00+00:00' AIRFLOW_CTX_TRY_NUMBER='1' AIRFLOW_CTX_DAG_RUN_ID='scheduled__2026-09-19T15:26:00+00:00'
[2026-09-19T17:45:32.322+0200] {logging_mixin.py:190} INFO - Task instance is in running state
[2026-09-19T17:45:32.322+0200] {logging_mixin.py:190} INFO -  Previous state of the Task instance: queued
[2026-09-19T17:45:32.322+0200] {logging_mixin.py:190} INFO - Current task name:wait_for_csv state:running start_date:2026-09-19 15:45:32.267982+00:00
[2026-09-19T17:45:32.322+0200] {logging_mixin.py:190} INFO - Dag name:mini_riskagent_file_ingestion and current dag run status:running
[2026-09-19T17:45:32.322+0200] {taskinstance.py:732} INFO - ::endgroup::
[2026-09-19T17:45:32.324+0200] {python.py:75} INFO - Poking callable: <function check_for_csv_files at 0x10b0e6b60>
[2026-09-19T17:45:32.328+0200] {taskinstance.py:310} INFO - Rescheduling task, marking task as UP_FOR_RESCHEDULE
[2026-09-19T17:45:32.328+0200] {taskinstance.py:341} INFO - ::group::Post task execution logs
[2026-09-19T17:45:32.342+0200] {local_task_job_runner.py:266} INFO - Task exited with return code 0
[2026-09-19T17:45:32.349+0200] {taskinstance.py:3901} INFO - 0 downstream tasks scheduled from follow-on schedule check
[2026-09-19T17:45:32.350+0200] {local_task_job_runner.py:245} INFO - ::endgroup::
[2026-09-19T18:01:11.711+0200] {local_task_job_runner.py:123} INFO - ::group::Pre task execution logs
[2026-09-19T18:01:11.714+0200] {taskinstance.py:2614} INFO - Dependencies all met for dep_context=non-requeueable deps ti=<TaskInstance: mini_riskagent_file_ingestion.wait_for_csv scheduled__2026-09-19T15:26:00+00:00 [queued]>
[2026-09-19T18:01:11.715+0200] {taskinstance.py:2614} INFO - Dependencies all met for dep_context=requeueable deps ti=<TaskInstance: mini_riskagent_file_ingestion.wait_for_csv scheduled__2026-09-19T15:26:00+00:00 [queued]>
[2026-09-19T18:01:11.715+0200] {taskinstance.py:2867} INFO - Starting attempt 1 of 2
[2026-09-19T18:01:11.718+0200] {taskinstance.py:2890} INFO - Executing <Task(PythonSensor): wait_for_csv> on 2026-09-19 15:26:00+00:00
[2026-09-19T18:01:11.722+0200] {logging_mixin.py:190} WARNING - /Users/swarnalidatta/Desktop/AutoQueryChatbot/.airflow-venv/lib/python3.12/site-packages/airflow/task/task_runner/standard_task_runner.py:70 DeprecationWarning: This process (pid=5038) is multi-threaded, use of fork() may lead to deadlocks in the child.
[2026-09-19T18:01:11.723+0200] {standard_task_runner.py:72} INFO - Started process 5040 to run task
[2026-09-19T18:01:11.722+0200] {standard_task_runner.py:104} INFO - Running: ['airflow', 'tasks', 'run', 'mini_riskagent_file_ingestion', 'wait_for_csv', 'scheduled__2026-09-19T15:26:00+00:00', '--job-id', '4708', '--raw', '--subdir', 'DAGS_FOLDER/data_ingest_pipeline.py', '--cfg-path', '/var/folders/5p/201rr1sj03g8gksxm9x48mbh0000gn/T/tmpvbtc3tyo']
[2026-09-19T18:01:11.723+0200] {standard_task_runner.py:105} INFO - Job 4708: Subtask wait_for_csv
[2026-09-19T18:01:11.737+0200] {task_command.py:467} INFO - Running <TaskInstance: mini_riskagent_file_ingestion.wait_for_csv scheduled__2026-09-19T15:26:00+00:00 [running]> on host mac.home
[2026-09-19T18:01:11.752+0200] {taskinstance.py:3134} INFO - Exporting env vars: AIRFLOW_CTX_DAG_OWNER='autoquery' AIRFLOW_CTX_DAG_ID='mini_riskagent_file_ingestion' AIRFLOW_CTX_TASK_ID='wait_for_csv' AIRFLOW_CTX_EXECUTION_DATE='2026-09-19T15:26:00+00:00' AIRFLOW_CTX_TRY_NUMBER='1' AIRFLOW_CTX_DAG_RUN_ID='scheduled__2026-09-19T15:26:00+00:00'
[2026-09-19T18:01:11.753+0200] {logging_mixin.py:190} INFO - Task instance is in running state
[2026-09-19T18:01:11.753+0200] {logging_mixin.py:190} INFO -  Previous state of the Task instance: queued
[2026-09-19T18:01:11.753+0200] {logging_mixin.py:190} INFO - Current task name:wait_for_csv state:running start_date:2026-09-19 16:01:11.714512+00:00
[2026-09-19T18:01:11.753+0200] {logging_mixin.py:190} INFO - Dag name:mini_riskagent_file_ingestion and current dag run status:running
[2026-09-19T18:01:11.753+0200] {taskinstance.py:732} INFO - ::endgroup::
[2026-09-19T18:01:11.755+0200] {python.py:75} INFO - Poking callable: <function check_for_csv_files at 0x10d096b60>
[2026-09-19T18:01:11.758+0200] {taskinstance.py:310} INFO - Rescheduling task, marking task as UP_FOR_RESCHEDULE
[2026-09-19T18:01:11.758+0200] {taskinstance.py:341} INFO - ::group::Post task execution logs
[2026-09-19T18:01:11.782+0200] {local_task_job_runner.py:266} INFO - Task exited with return code 0
[2026-09-19T18:01:11.789+0200] {taskinstance.py:3901} INFO - 0 downstream tasks scheduled from follow-on schedule check
[2026-09-19T18:01:11.789+0200] {local_task_job_runner.py:245} INFO - ::endgroup::
[2026-09-19T18:08:10.687+0200] {local_task_job_runner.py:123} INFO - ::group::Pre task execution logs
[2026-09-19T18:08:10.690+0200] {taskinstance.py:2614} INFO - Dependencies all met for dep_context=non-requeueable deps ti=<TaskInstance: mini_riskagent_file_ingestion.wait_for_csv scheduled__2026-09-19T15:26:00+00:00 [queued]>
[2026-09-19T18:08:10.691+0200] {taskinstance.py:2614} INFO - Dependencies all met for dep_context=requeueable deps ti=<TaskInstance: mini_riskagent_file_ingestion.wait_for_csv scheduled__2026-09-19T15:26:00+00:00 [queued]>
[2026-09-19T18:08:10.691+0200] {taskinstance.py:2867} INFO - Starting attempt 1 of 2
[2026-09-19T18:08:10.694+0200] {taskinstance.py:2890} INFO - Executing <Task(PythonSensor): wait_for_csv> on 2026-09-19 15:26:00+00:00
[2026-09-19T18:08:10.699+0200] {logging_mixin.py:190} WARNING - /Users/swarnalidatta/Desktop/AutoQueryChatbot/.airflow-venv/lib/python3.12/site-packages/airflow/task/task_runner/standard_task_runner.py:70 DeprecationWarning: This process (pid=5052) is multi-threaded, use of fork() may lead to deadlocks in the child.
[2026-09-19T18:08:10.699+0200] {standard_task_runner.py:72} INFO - Started process 5054 to run task
[2026-09-19T18:08:10.698+0200] {standard_task_runner.py:104} INFO - Running: ['airflow', 'tasks', 'run', 'mini_riskagent_file_ingestion', 'wait_for_csv', 'scheduled__2026-09-19T15:26:00+00:00', '--job-id', '4709', '--raw', '--subdir', 'DAGS_FOLDER/data_ingest_pipeline.py', '--cfg-path', '/var/folders/5p/201rr1sj03g8gksxm9x48mbh0000gn/T/tmp36cpe5xq']
[2026-09-19T18:08:10.699+0200] {standard_task_runner.py:105} INFO - Job 4709: Subtask wait_for_csv
[2026-09-19T18:08:10.713+0200] {task_command.py:467} INFO - Running <TaskInstance: mini_riskagent_file_ingestion.wait_for_csv scheduled__2026-09-19T15:26:00+00:00 [running]> on host mac.home
[2026-09-19T18:08:10.728+0200] {taskinstance.py:3134} INFO - Exporting env vars: AIRFLOW_CTX_DAG_OWNER='autoquery' AIRFLOW_CTX_DAG_ID='mini_riskagent_file_ingestion' AIRFLOW_CTX_TASK_ID='wait_for_csv' AIRFLOW_CTX_EXECUTION_DATE='2026-09-19T15:26:00+00:00' AIRFLOW_CTX_TRY_NUMBER='1' AIRFLOW_CTX_DAG_RUN_ID='scheduled__2026-09-19T15:26:00+00:00'
[2026-09-19T18:08:10.728+0200] {logging_mixin.py:190} INFO - Task instance is in running state
[2026-09-19T18:08:10.729+0200] {logging_mixin.py:190} INFO -  Previous state of the Task instance: queued
[2026-09-19T18:08:10.729+0200] {logging_mixin.py:190} INFO - Current task name:wait_for_csv state:running start_date:2026-09-19 16:08:10.690632+00:00
[2026-09-19T18:08:10.729+0200] {logging_mixin.py:190} INFO - Dag name:mini_riskagent_file_ingestion and current dag run status:running
[2026-09-19T18:08:10.729+0200] {taskinstance.py:732} INFO - ::endgroup::
[2026-09-19T18:08:10.730+0200] {python.py:75} INFO - Poking callable: <function check_for_csv_files at 0x108d3ab60>
[2026-09-19T18:08:10.733+0200] {taskinstance.py:310} INFO - Rescheduling task, marking task as UP_FOR_RESCHEDULE
[2026-09-19T18:08:10.734+0200] {taskinstance.py:341} INFO - ::group::Post task execution logs
[2026-09-19T18:08:10.758+0200] {local_task_job_runner.py:266} INFO - Task exited with return code 0
[2026-09-19T18:08:10.765+0200] {taskinstance.py:3901} INFO - 0 downstream tasks scheduled from follow-on schedule check
[2026-09-19T18:08:10.765+0200] {local_task_job_runner.py:245} INFO - ::endgroup::
[2026-09-19T18:11:58.376+0200] {local_task_job_runner.py:123} INFO - ::group::Pre task execution logs
[2026-09-19T18:11:58.379+0200] {taskinstance.py:2614} INFO - Dependencies all met for dep_context=non-requeueable deps ti=<TaskInstance: mini_riskagent_file_ingestion.wait_for_csv scheduled__2026-09-19T15:26:00+00:00 [queued]>
[2026-09-19T18:11:58.380+0200] {taskinstance.py:2614} INFO - Dependencies all met for dep_context=requeueable deps ti=<TaskInstance: mini_riskagent_file_ingestion.wait_for_csv scheduled__2026-09-19T15:26:00+00:00 [queued]>
[2026-09-19T18:11:58.380+0200] {taskinstance.py:2867} INFO - Starting attempt 1 of 2
[2026-09-19T18:11:58.383+0200] {taskinstance.py:2890} INFO - Executing <Task(PythonSensor): wait_for_csv> on 2026-09-19 15:26:00+00:00
[2026-09-19T18:11:58.387+0200] {logging_mixin.py:190} WARNING - /Users/swarnalidatta/Desktop/AutoQueryChatbot/.airflow-venv/lib/python3.12/site-packages/airflow/task/task_runner/standard_task_runner.py:70 DeprecationWarning: This process (pid=5085) is multi-threaded, use of fork() may lead to deadlocks in the child.
[2026-09-19T18:11:58.387+0200] {standard_task_runner.py:72} INFO - Started process 5087 to run task
[2026-09-19T18:11:58.387+0200] {standard_task_runner.py:104} INFO - Running: ['airflow', 'tasks', 'run', 'mini_riskagent_file_ingestion', 'wait_for_csv', 'scheduled__2026-09-19T15:26:00+00:00', '--job-id', '4710', '--raw', '--subdir', 'DAGS_FOLDER/data_ingest_pipeline.py', '--cfg-path', '/var/folders/5p/201rr1sj03g8gksxm9x48mbh0000gn/T/tmpwyqbpqgo']
[2026-09-19T18:11:58.388+0200] {standard_task_runner.py:105} INFO - Job 4710: Subtask wait_for_csv
[2026-09-19T18:11:58.401+0200] {task_command.py:467} INFO - Running <TaskInstance: mini_riskagent_file_ingestion.wait_for_csv scheduled__2026-09-19T15:26:00+00:00 [running]> on host mac.home
[2026-09-19T18:11:58.416+0200] {taskinstance.py:3134} INFO - Exporting env vars: AIRFLOW_CTX_DAG_OWNER='autoquery' AIRFLOW_CTX_DAG_ID='mini_riskagent_file_ingestion' AIRFLOW_CTX_TASK_ID='wait_for_csv' AIRFLOW_CTX_EXECUTION_DATE='2026-09-19T15:26:00+00:00' AIRFLOW_CTX_TRY_NUMBER='1' AIRFLOW_CTX_DAG_RUN_ID='scheduled__2026-09-19T15:26:00+00:00'
[2026-09-19T18:11:58.417+0200] {logging_mixin.py:190} INFO - Task instance is in running state
[2026-09-19T18:11:58.417+0200] {logging_mixin.py:190} INFO -  Previous state of the Task instance: queued
[2026-09-19T18:11:58.417+0200] {logging_mixin.py:190} INFO - Current task name:wait_for_csv state:running start_date:2026-09-19 16:11:58.379199+00:00
[2026-09-19T18:11:58.417+0200] {logging_mixin.py:190} INFO - Dag name:mini_riskagent_file_ingestion and current dag run status:running
[2026-09-19T18:11:58.417+0200] {taskinstance.py:732} INFO - ::endgroup::
[2026-09-19T18:11:58.418+0200] {python.py:75} INFO - Poking callable: <function check_for_csv_files at 0x10b332b60>
[2026-09-19T18:11:58.422+0200] {taskinstance.py:310} INFO - Rescheduling task, marking task as UP_FOR_RESCHEDULE
[2026-09-19T18:11:58.422+0200] {taskinstance.py:341} INFO - ::group::Post task execution logs
[2026-09-19T18:11:58.446+0200] {local_task_job_runner.py:266} INFO - Task exited with return code 0
[2026-09-19T18:11:58.453+0200] {taskinstance.py:3901} INFO - 0 downstream tasks scheduled from follow-on schedule check
[2026-09-19T18:11:58.453+0200] {local_task_job_runner.py:245} INFO - ::endgroup::
[2026-09-19T18:28:39.837+0200] {local_task_job_runner.py:123} INFO - ::group::Pre task execution logs
[2026-09-19T18:28:39.839+0200] {taskinstance.py:2614} INFO - Dependencies all met for dep_context=non-requeueable deps ti=<TaskInstance: mini_riskagent_file_ingestion.wait_for_csv scheduled__2026-09-19T15:26:00+00:00 [queued]>
[2026-09-19T18:28:39.840+0200] {taskinstance.py:2614} INFO - Dependencies all met for dep_context=requeueable deps ti=<TaskInstance: mini_riskagent_file_ingestion.wait_for_csv scheduled__2026-09-19T15:26:00+00:00 [queued]>
[2026-09-19T18:28:39.840+0200] {taskinstance.py:2867} INFO - Starting attempt 1 of 2
[2026-09-19T18:28:39.843+0200] {taskinstance.py:2890} INFO - Executing <Task(PythonSensor): wait_for_csv> on 2026-09-19 15:26:00+00:00
[2026-09-19T18:28:39.848+0200] {logging_mixin.py:190} WARNING - /Users/swarnalidatta/Desktop/AutoQueryChatbot/.airflow-venv/lib/python3.12/site-packages/airflow/task/task_runner/standard_task_runner.py:70 DeprecationWarning: This process (pid=5105) is multi-threaded, use of fork() may lead to deadlocks in the child.
[2026-09-19T18:28:39.848+0200] {standard_task_runner.py:72} INFO - Started process 5110 to run task
[2026-09-19T18:28:39.847+0200] {standard_task_runner.py:104} INFO - Running: ['airflow', 'tasks', 'run', 'mini_riskagent_file_ingestion', 'wait_for_csv', 'scheduled__2026-09-19T15:26:00+00:00', '--job-id', '4711', '--raw', '--subdir', 'DAGS_FOLDER/data_ingest_pipeline.py', '--cfg-path', '/var/folders/5p/201rr1sj03g8gksxm9x48mbh0000gn/T/tmpjo1ui6j2']
[2026-09-19T18:28:39.848+0200] {standard_task_runner.py:105} INFO - Job 4711: Subtask wait_for_csv
[2026-09-19T18:28:39.862+0200] {task_command.py:467} INFO - Running <TaskInstance: mini_riskagent_file_ingestion.wait_for_csv scheduled__2026-09-19T15:26:00+00:00 [running]> on host mac.home
[2026-09-19T18:28:39.876+0200] {taskinstance.py:3134} INFO - Exporting env vars: AIRFLOW_CTX_DAG_OWNER='autoquery' AIRFLOW_CTX_DAG_ID='mini_riskagent_file_ingestion' AIRFLOW_CTX_TASK_ID='wait_for_csv' AIRFLOW_CTX_EXECUTION_DATE='2026-09-19T15:26:00+00:00' AIRFLOW_CTX_TRY_NUMBER='1' AIRFLOW_CTX_DAG_RUN_ID='scheduled__2026-09-19T15:26:00+00:00'
[2026-09-19T18:28:39.877+0200] {logging_mixin.py:190} INFO - Task instance is in running state
[2026-09-19T18:28:39.877+0200] {logging_mixin.py:190} INFO -  Previous state of the Task instance: queued
[2026-09-19T18:28:39.877+0200] {logging_mixin.py:190} INFO - Current task name:wait_for_csv state:running start_date:2026-09-19 16:28:39.839643+00:00
[2026-09-19T18:28:39.878+0200] {logging_mixin.py:190} INFO - Dag name:mini_riskagent_file_ingestion and current dag run status:running
[2026-09-19T18:28:39.878+0200] {taskinstance.py:732} INFO - ::endgroup::
[2026-09-19T18:28:39.879+0200] {python.py:75} INFO - Poking callable: <function check_for_csv_files at 0x10d062b60>
[2026-09-19T18:28:39.882+0200] {taskinstance.py:310} INFO - Rescheduling task, marking task as UP_FOR_RESCHEDULE
[2026-09-19T18:28:39.882+0200] {taskinstance.py:341} INFO - ::group::Post task execution logs
[2026-09-19T18:28:39.907+0200] {local_task_job_runner.py:266} INFO - Task exited with return code 0
[2026-09-19T18:28:39.914+0200] {taskinstance.py:3901} INFO - 0 downstream tasks scheduled from follow-on schedule check
[2026-09-19T18:28:39.914+0200] {local_task_job_runner.py:245} INFO - ::endgroup::
[2026-09-19T18:44:18.836+0200] {local_task_job_runner.py:123} INFO - ::group::Pre task execution logs
[2026-09-19T18:44:18.838+0200] {taskinstance.py:2614} INFO - Dependencies all met for dep_context=non-requeueable deps ti=<TaskInstance: mini_riskagent_file_ingestion.wait_for_csv scheduled__2026-09-19T15:26:00+00:00 [queued]>
[2026-09-19T18:44:18.840+0200] {taskinstance.py:2614} INFO - Dependencies all met for dep_context=requeueable deps ti=<TaskInstance: mini_riskagent_file_ingestion.wait_for_csv scheduled__2026-09-19T15:26:00+00:00 [queued]>
[2026-09-19T18:44:18.840+0200] {taskinstance.py:2867} INFO - Starting attempt 1 of 2
[2026-09-19T18:44:18.843+0200] {taskinstance.py:2890} INFO - Executing <Task(PythonSensor): wait_for_csv> on 2026-09-19 15:26:00+00:00
[2026-09-19T18:44:18.847+0200] {logging_mixin.py:190} WARNING - /Users/swarnalidatta/Desktop/AutoQueryChatbot/.airflow-venv/lib/python3.12/site-packages/airflow/task/task_runner/standard_task_runner.py:70 DeprecationWarning: This process (pid=5125) is multi-threaded, use of fork() may lead to deadlocks in the child.
[2026-09-19T18:44:18.847+0200] {standard_task_runner.py:104} INFO - Running: ['airflow', 'tasks', 'run', 'mini_riskagent_file_ingestion', 'wait_for_csv', 'scheduled__2026-09-19T15:26:00+00:00', '--job-id', '4712', '--raw', '--subdir', 'DAGS_FOLDER/data_ingest_pipeline.py', '--cfg-path', '/var/folders/5p/201rr1sj03g8gksxm9x48mbh0000gn/T/tmpgrf4y2go']
[2026-09-19T18:44:18.848+0200] {standard_task_runner.py:72} INFO - Started process 5136 to run task
[2026-09-19T18:44:18.848+0200] {standard_task_runner.py:105} INFO - Job 4712: Subtask wait_for_csv
[2026-09-19T18:44:18.860+0200] {task_command.py:467} INFO - Running <TaskInstance: mini_riskagent_file_ingestion.wait_for_csv scheduled__2026-09-19T15:26:00+00:00 [running]> on host mac.home
[2026-09-19T18:44:18.876+0200] {taskinstance.py:3134} INFO - Exporting env vars: AIRFLOW_CTX_DAG_OWNER='autoquery' AIRFLOW_CTX_DAG_ID='mini_riskagent_file_ingestion' AIRFLOW_CTX_TASK_ID='wait_for_csv' AIRFLOW_CTX_EXECUTION_DATE='2026-09-19T15:26:00+00:00' AIRFLOW_CTX_TRY_NUMBER='1' AIRFLOW_CTX_DAG_RUN_ID='scheduled__2026-09-19T15:26:00+00:00'
[2026-09-19T18:44:18.876+0200] {logging_mixin.py:190} INFO - Task instance is in running state
[2026-09-19T18:44:18.876+0200] {logging_mixin.py:190} INFO -  Previous state of the Task instance: queued
[2026-09-19T18:44:18.877+0200] {logging_mixin.py:190} INFO - Current task name:wait_for_csv state:running start_date:2026-09-19 16:44:18.838751+00:00
[2026-09-19T18:44:18.877+0200] {logging_mixin.py:190} INFO - Dag name:mini_riskagent_file_ingestion and current dag run status:running
[2026-09-19T18:44:18.877+0200] {taskinstance.py:732} INFO - ::endgroup::
[2026-09-19T18:44:18.878+0200] {python.py:75} INFO - Poking callable: <function check_for_csv_files at 0x10c912b60>
[2026-09-19T18:44:18.881+0200] {taskinstance.py:310} INFO - Rescheduling task, marking task as UP_FOR_RESCHEDULE
[2026-09-19T18:44:18.882+0200] {taskinstance.py:341} INFO - ::group::Post task execution logs
[2026-09-19T18:44:18.907+0200] {local_task_job_runner.py:266} INFO - Task exited with return code 0
[2026-09-19T18:44:18.914+0200] {taskinstance.py:3901} INFO - 0 downstream tasks scheduled from follow-on schedule check
[2026-09-19T18:44:18.914+0200] {local_task_job_runner.py:245} INFO - ::endgroup::
[2026-09-19T19:02:17.950+0200] {local_task_job_runner.py:123} INFO - ::group::Pre task execution logs
[2026-09-19T19:02:17.953+0200] {taskinstance.py:2614} INFO - Dependencies all met for dep_context=non-requeueable deps ti=<TaskInstance: mini_riskagent_file_ingestion.wait_for_csv scheduled__2026-09-19T15:26:00+00:00 [queued]>
[2026-09-19T19:02:17.954+0200] {taskinstance.py:2614} INFO - Dependencies all met for dep_context=requeueable deps ti=<TaskInstance: mini_riskagent_file_ingestion.wait_for_csv scheduled__2026-09-19T15:26:00+00:00 [queued]>
[2026-09-19T19:02:17.954+0200] {taskinstance.py:2867} INFO - Starting attempt 1 of 2
[2026-09-19T19:02:17.957+0200] {taskinstance.py:2890} INFO - Executing <Task(PythonSensor): wait_for_csv> on 2026-09-19 15:26:00+00:00
[2026-09-19T19:02:17.962+0200] {logging_mixin.py:190} WARNING - /Users/swarnalidatta/Desktop/AutoQueryChatbot/.airflow-venv/lib/python3.12/site-packages/airflow/task/task_runner/standard_task_runner.py:70 DeprecationWarning: This process (pid=5147) is multi-threaded, use of fork() may lead to deadlocks in the child.
[2026-09-19T19:02:17.962+0200] {standard_task_runner.py:72} INFO - Started process 5149 to run task
[2026-09-19T19:02:17.961+0200] {standard_task_runner.py:104} INFO - Running: ['airflow', 'tasks', 'run', 'mini_riskagent_file_ingestion', 'wait_for_csv', 'scheduled__2026-09-19T15:26:00+00:00', '--job-id', '4713', '--raw', '--subdir', 'DAGS_FOLDER/data_ingest_pipeline.py', '--cfg-path', '/var/folders/5p/201rr1sj03g8gksxm9x48mbh0000gn/T/tmp2i7pr_16']
[2026-09-19T19:02:17.962+0200] {standard_task_runner.py:105} INFO - Job 4713: Subtask wait_for_csv
[2026-09-19T19:02:17.975+0200] {task_command.py:467} INFO - Running <TaskInstance: mini_riskagent_file_ingestion.wait_for_csv scheduled__2026-09-19T15:26:00+00:00 [running]> on host mac.home
[2026-09-19T19:02:17.990+0200] {taskinstance.py:3134} INFO - Exporting env vars: AIRFLOW_CTX_DAG_OWNER='autoquery' AIRFLOW_CTX_DAG_ID='mini_riskagent_file_ingestion' AIRFLOW_CTX_TASK_ID='wait_for_csv' AIRFLOW_CTX_EXECUTION_DATE='2026-09-19T15:26:00+00:00' AIRFLOW_CTX_TRY_NUMBER='1' AIRFLOW_CTX_DAG_RUN_ID='scheduled__2026-09-19T15:26:00+00:00'
[2026-09-19T19:02:17.990+0200] {logging_mixin.py:190} INFO - Task instance is in running state
[2026-09-19T19:02:17.990+0200] {logging_mixin.py:190} INFO -  Previous state of the Task instance: queued
[2026-09-19T19:02:17.991+0200] {logging_mixin.py:190} INFO - Current task name:wait_for_csv state:running start_date:2026-09-19 17:02:17.953483+00:00
[2026-09-19T19:02:17.991+0200] {logging_mixin.py:190} INFO - Dag name:mini_riskagent_file_ingestion and current dag run status:running
[2026-09-19T19:02:17.991+0200] {taskinstance.py:732} INFO - ::endgroup::
[2026-09-19T19:02:17.992+0200] {python.py:75} INFO - Poking callable: <function check_for_csv_files at 0x10943ab60>
[2026-09-19T19:02:17.993+0200] {taskinstance.py:3313} ERROR - Task failed with exception
Traceback (most recent call last):
  File "/Users/swarnalidatta/Desktop/AutoQueryChatbot/.airflow-venv/lib/python3.12/site-packages/airflow/models/taskinstance.py", line 768, in _execute_task
    result = _execute_callable(context=context, **execute_callable_kwargs)
             ^^^^^^^^^^^^^^^^^^^^^^^^^^^^^^^^^^^^^^^^^^^^^^^^^^^^^^^^^^^^^
  File "/Users/swarnalidatta/Desktop/AutoQueryChatbot/.airflow-venv/lib/python3.12/site-packages/airflow/models/taskinstance.py", line 734, in _execute_callable
    return ExecutionCallableRunner(
           ^^^^^^^^^^^^^^^^^^^^^^^^
  File "/Users/swarnalidatta/Desktop/AutoQueryChatbot/.airflow-venv/lib/python3.12/site-packages/airflow/utils/operator_helpers.py", line 252, in run
    return self.func(*args, **kwargs)
           ^^^^^^^^^^^^^^^^^^^^^^^^^^
  File "/Users/swarnalidatta/Desktop/AutoQueryChatbot/.airflow-venv/lib/python3.12/site-packages/airflow/models/baseoperator.py", line 424, in wrapper
    return func(self, *args, **kwargs)
           ^^^^^^^^^^^^^^^^^^^^^^^^^^^
  File "/Users/swarnalidatta/Desktop/AutoQueryChatbot/.airflow-venv/lib/python3.12/site-packages/airflow/sensors/base.py", line 326, in execute
    raise AirflowSensorTimeout(message)
airflow.exceptions.AirflowSensorTimeout: Sensor has timed out; run duration of 4605.681996 seconds exceeds the specified timeout of 3600.0.
[2026-09-19T19:02:17.994+0200] {logging_mixin.py:190} INFO - Task instance in failure state
[2026-09-19T19:02:17.994+0200] {logging_mixin.py:190} INFO - Task start:2026-09-19 17:02:17.953483+00:00 end:2026-09-19 17:02:17.994536+00:00 duration:0.041053
[2026-09-19T19:02:17.994+0200] {logging_mixin.py:190} INFO - Task:<Task(PythonSensor): wait_for_csv> dag:<DAG: mini_riskagent_file_ingestion> dagrun:<DagRun mini_riskagent_file_ingestion @ 2026-09-19 15:26:00+00:00: scheduled__2026-09-19T15:26:00+00:00, state:running, queued_at: 2026-09-19 15:27:48.268126+00:00. externally triggered: False>
[2026-09-19T19:02:17.995+0200] {logging_mixin.py:190} INFO - Failure caused by Sensor has timed out; run duration of 4605.681996 seconds exceeds the specified timeout of 3600.0.
[2026-09-19T19:02:17.995+0200] {taskinstance.py:1226} INFO - Immediate failure requested. Marking task as FAILED. dag_id=mini_riskagent_file_ingestion, task_id=wait_for_csv, run_id=scheduled__2026-09-19T15:26:00+00:00, execution_date=20260919T152600, start_date=20260919T170217, end_date=20260919T170217
[2026-09-19T19:02:17.999+0200] {taskinstance.py:341} INFO - ::group::Post task execution logs
[2026-09-19T19:02:17.999+0200] {standard_task_runner.py:124} ERROR - Failed to execute job 4713 for task wait_for_csv (Sensor has timed out; run duration of 4605.681996 seconds exceeds the specified timeout of 3600.0.; 5149)
Traceback (most recent call last):
  File "/Users/swarnalidatta/Desktop/AutoQueryChatbot/.airflow-venv/lib/python3.12/site-packages/airflow/task/task_runner/standard_task_runner.py", line 117, in _start_by_fork
    ret = args.func(args, dag=self.dag)
          ^^^^^^^^^^^^^^^^^^^^^^^^^^^^^
  File "/Users/swarnalidatta/Desktop/AutoQueryChatbot/.airflow-venv/lib/python3.12/site-packages/airflow/cli/cli_config.py", line 49, in command
    return func(*args, **kwargs)
           ^^^^^^^^^^^^^^^^^^^^^
  File "/Users/swarnalidatta/Desktop/AutoQueryChatbot/.airflow-venv/lib/python3.12/site-packages/airflow/utils/cli.py", line 116, in wrapper
    return f(*args, **kwargs)
           ^^^^^^^^^^^^^^^^^^
  File "/Users/swarnalidatta/Desktop/AutoQueryChatbot/.airflow-venv/lib/python3.12/site-packages/airflow/cli/commands/task_command.py", line 483, in task_run
    task_return_code = _run_task_by_selected_method(args, _dag, ti)
                       ^^^^^^^^^^^^^^^^^^^^^^^^^^^^^^^^^^^^^^^^^^^^
  File "/Users/swarnalidatta/Desktop/AutoQueryChatbot/.airflow-venv/lib/python3.12/site-packages/airflow/cli/commands/task_command.py", line 256, in _run_task_by_selected_method
    return _run_raw_task(args, ti)
           ^^^^^^^^^^^^^^^^^^^^^^^
  File "/Users/swarnalidatta/Desktop/AutoQueryChatbot/.airflow-venv/lib/python3.12/site-packages/airflow/cli/commands/task_command.py", line 341, in _run_raw_task
    return ti._run_raw_task(
           ^^^^^^^^^^^^^^^^^
  File "/Users/swarnalidatta/Desktop/AutoQueryChatbot/.airflow-venv/lib/python3.12/site-packages/airflow/utils/session.py", line 97, in wrapper
    return func(*args, session=session, **kwargs)
           ^^^^^^^^^^^^^^^^^^^^^^^^^^^^^^^^^^^^^^
  File "/Users/swarnalidatta/Desktop/AutoQueryChatbot/.airflow-venv/lib/python3.12/site-packages/airflow/models/taskinstance.py", line 3006, in _run_raw_task
    return _run_raw_task(
           ^^^^^^^^^^^^^^
  File "/Users/swarnalidatta/Desktop/AutoQueryChatbot/.airflow-venv/lib/python3.12/site-packages/airflow/models/taskinstance.py", line 274, in _run_raw_task
    TaskInstance._execute_task_with_callbacks(
  File "/Users/swarnalidatta/Desktop/AutoQueryChatbot/.airflow-venv/lib/python3.12/site-packages/airflow/models/taskinstance.py", line 3161, in _execute_task_with_callbacks
    result = self._execute_task(context, task_orig)
             ^^^^^^^^^^^^^^^^^^^^^^^^^^^^^^^^^^^^^^
  File "/Users/swarnalidatta/Desktop/AutoQueryChatbot/.airflow-venv/lib/python3.12/site-packages/airflow/models/taskinstance.py", line 3185, in _execute_task
    return _execute_task(self, context, task_orig)
           ^^^^^^^^^^^^^^^^^^^^^^^^^^^^^^^^^^^^^^^
  File "/Users/swarnalidatta/Desktop/AutoQueryChatbot/.airflow-venv/lib/python3.12/site-packages/airflow/models/taskinstance.py", line 768, in _execute_task
    result = _execute_callable(context=context, **execute_callable_kwargs)
             ^^^^^^^^^^^^^^^^^^^^^^^^^^^^^^^^^^^^^^^^^^^^^^^^^^^^^^^^^^^^^
  File "/Users/swarnalidatta/Desktop/AutoQueryChatbot/.airflow-venv/lib/python3.12/site-packages/airflow/models/taskinstance.py", line 734, in _execute_callable
    return ExecutionCallableRunner(
           ^^^^^^^^^^^^^^^^^^^^^^^^
  File "/Users/swarnalidatta/Desktop/AutoQueryChatbot/.airflow-venv/lib/python3.12/site-packages/airflow/utils/operator_helpers.py", line 252, in run
    return self.func(*args, **kwargs)
           ^^^^^^^^^^^^^^^^^^^^^^^^^^
  File "/Users/swarnalidatta/Desktop/AutoQueryChatbot/.airflow-venv/lib/python3.12/site-packages/airflow/models/baseoperator.py", line 424, in wrapper
    return func(self, *args, **kwargs)
           ^^^^^^^^^^^^^^^^^^^^^^^^^^^
  File "/Users/swarnalidatta/Desktop/AutoQueryChatbot/.airflow-venv/lib/python3.12/site-packages/airflow/sensors/base.py", line 326, in execute
    raise AirflowSensorTimeout(message)
airflow.exceptions.AirflowSensorTimeout: Sensor has timed out; run duration of 4605.681996 seconds exceeds the specified timeout of 3600.0.
[2026-09-19T19:02:18.020+0200] {local_task_job_runner.py:266} INFO - Task exited with return code 1
[2026-09-19T19:02:18.027+0200] {taskinstance.py:3901} INFO - 0 downstream tasks scheduled from follow-on schedule check
[2026-09-19T19:02:18.028+0200] {local_task_job_runner.py:245} INFO - ::endgroup::
