[2026-09-17T19:36:03.446+0200] {local_task_job_runner.py:123} INFO - ::group::Pre task execution logs
[2026-09-17T19:36:03.449+0200] {taskinstance.py:2614} INFO - Dependencies all met for dep_context=non-requeueable deps ti=<TaskInstance: mini_riskagent_file_ingestion.wait_for_csv scheduled__2026-09-17T17:35:00+00:00 [queued]>
[2026-09-17T19:36:03.450+0200] {taskinstance.py:2614} INFO - Dependencies all met for dep_context=requeueable deps ti=<TaskInstance: mini_riskagent_file_ingestion.wait_for_csv scheduled__2026-09-17T17:35:00+00:00 [queued]>
[2026-09-17T19:36:03.450+0200] {taskinstance.py:2867} INFO - Starting attempt 1 of 2
[2026-09-17T19:36:03.453+0200] {taskinstance.py:2890} INFO - Executing <Task(PythonSensor): wait_for_csv> on 2026-09-17 17:35:00+00:00
[2026-09-17T19:36:03.458+0200] {logging_mixin.py:190} WARNING - /Users/swarnalidatta/Desktop/AutoQueryChatbot/.airflow-venv/lib/python3.12/site-packages/airflow/task/task_runner/standard_task_runner.py:70 DeprecationWarning: This process (pid=76666) is multi-threaded, use of fork() may lead to deadlocks in the child.
[2026-09-17T19:36:03.458+0200] {standard_task_runner.py:72} INFO - Started process 76668 to run task
[2026-09-17T19:36:03.457+0200] {standard_task_runner.py:104} INFO - Running: ['airflow', 'tasks', 'run', 'mini_riskagent_file_ingestion', 'wait_for_csv', 'scheduled__2026-09-17T17:35:00+00:00', '--job-id', '3432', '--raw', '--subdir', 'DAGS_FOLDER/data_ingest_pipeline.py', '--cfg-path', '/var/folders/5p/201rr1sj03g8gksxm9x48mbh0000gn/T/tmpyz3zdw4x']
[2026-09-17T19:36:03.458+0200] {standard_task_runner.py:105} INFO - Job 3432: Subtask wait_for_csv
[2026-09-17T19:36:03.472+0200] {task_command.py:467} INFO - Running <TaskInstance: mini_riskagent_file_ingestion.wait_for_csv scheduled__2026-09-17T17:35:00+00:00 [running]> on host mac.home
[2026-09-17T19:36:03.490+0200] {taskinstance.py:3134} INFO - Exporting env vars: AIRFLOW_CTX_DAG_OWNER='autoquery' AIRFLOW_CTX_DAG_ID='mini_riskagent_file_ingestion' AIRFLOW_CTX_TASK_ID='wait_for_csv' AIRFLOW_CTX_EXECUTION_DATE='2026-09-17T17:35:00+00:00' AIRFLOW_CTX_TRY_NUMBER='1' AIRFLOW_CTX_DAG_RUN_ID='scheduled__2026-09-17T17:35:00+00:00'
[2026-09-17T19:36:03.490+0200] {logging_mixin.py:190} INFO - Task instance is in running state
[2026-09-17T19:36:03.490+0200] {logging_mixin.py:190} INFO -  Previous state of the Task instance: queued
[2026-09-17T19:36:03.490+0200] {logging_mixin.py:190} INFO - Current task name:wait_for_csv state:running start_date:2026-09-17 17:36:03.449232+00:00
[2026-09-17T19:36:03.491+0200] {logging_mixin.py:190} INFO - Dag name:mini_riskagent_file_ingestion and current dag run status:running
[2026-09-17T19:36:03.491+0200] {taskinstance.py:732} INFO - ::endgroup::
[2026-09-17T19:36:03.492+0200] {python.py:75} INFO - Poking callable: <function check_for_csv_files at 0x10d022b60>
[2026-09-17T19:36:03.496+0200] {taskinstance.py:310} INFO - Rescheduling task, marking task as UP_FOR_RESCHEDULE
[2026-09-17T19:36:03.496+0200] {taskinstance.py:341} INFO - ::group::Post task execution logs
[2026-09-17T19:36:03.513+0200] {local_task_job_runner.py:266} INFO - Task exited with return code 0
[2026-09-17T19:36:03.520+0200] {taskinstance.py:3901} INFO - 0 downstream tasks scheduled from follow-on schedule check
[2026-09-17T19:36:03.520+0200] {local_task_job_runner.py:245} INFO - ::endgroup::
[2026-09-17T19:36:35.314+0200] {local_task_job_runner.py:123} INFO - ::group::Pre task execution logs
[2026-09-17T19:36:35.316+0200] {taskinstance.py:2614} INFO - Dependencies all met for dep_context=non-requeueable deps ti=<TaskInstance: mini_riskagent_file_ingestion.wait_for_csv scheduled__2026-09-17T17:35:00+00:00 [queued]>
[2026-09-17T19:36:35.318+0200] {taskinstance.py:2614} INFO - Dependencies all met for dep_context=requeueable deps ti=<TaskInstance: mini_riskagent_file_ingestion.wait_for_csv scheduled__2026-09-17T17:35:00+00:00 [queued]>
[2026-09-17T19:36:35.318+0200] {taskinstance.py:2867} INFO - Starting attempt 1 of 2
[2026-09-17T19:36:35.321+0200] {taskinstance.py:2890} INFO - Executing <Task(PythonSensor): wait_for_csv> on 2026-09-17 17:35:00+00:00
[2026-09-17T19:36:35.326+0200] {logging_mixin.py:190} WARNING - /Users/swarnalidatta/Desktop/AutoQueryChatbot/.airflow-venv/lib/python3.12/site-packages/airflow/task/task_runner/standard_task_runner.py:70 DeprecationWarning: This process (pid=76777) is multi-threaded, use of fork() may lead to deadlocks in the child.
[2026-09-17T19:36:35.326+0200] {standard_task_runner.py:72} INFO - Started process 76783 to run task
[2026-09-17T19:36:35.325+0200] {standard_task_runner.py:104} INFO - Running: ['airflow', 'tasks', 'run', 'mini_riskagent_file_ingestion', 'wait_for_csv', 'scheduled__2026-09-17T17:35:00+00:00', '--job-id', '3447', '--raw', '--subdir', 'DAGS_FOLDER/data_ingest_pipeline.py', '--cfg-path', '/var/folders/5p/201rr1sj03g8gksxm9x48mbh0000gn/T/tmpmfqv7an9']
[2026-09-17T19:36:35.326+0200] {standard_task_runner.py:105} INFO - Job 3447: Subtask wait_for_csv
[2026-09-17T19:36:35.340+0200] {task_command.py:467} INFO - Running <TaskInstance: mini_riskagent_file_ingestion.wait_for_csv scheduled__2026-09-17T17:35:00+00:00 [running]> on host mac.home
[2026-09-17T19:36:35.357+0200] {taskinstance.py:3134} INFO - Exporting env vars: AIRFLOW_CTX_DAG_OWNER='autoquery' AIRFLOW_CTX_DAG_ID='mini_riskagent_file_ingestion' AIRFLOW_CTX_TASK_ID='wait_for_csv' AIRFLOW_CTX_EXECUTION_DATE='2026-09-17T17:35:00+00:00' AIRFLOW_CTX_TRY_NUMBER='1' AIRFLOW_CTX_DAG_RUN_ID='scheduled__2026-09-17T17:35:00+00:00'
[2026-09-17T19:36:35.357+0200] {logging_mixin.py:190} INFO - Task instance is in running state
[2026-09-17T19:36:35.357+0200] {logging_mixin.py:190} INFO -  Previous state of the Task instance: queued
[2026-09-17T19:36:35.357+0200] {logging_mixin.py:190} INFO - Current task name:wait_for_csv state:running start_date:2026-09-17 17:36:35.317006+00:00
[2026-09-17T19:36:35.358+0200] {logging_mixin.py:190} INFO - Dag name:mini_riskagent_file_ingestion and current dag run status:running
[2026-09-17T19:36:35.358+0200] {taskinstance.py:732} INFO - ::endgroup::
[2026-09-17T19:36:35.359+0200] {python.py:75} INFO - Poking callable: <function check_for_csv_files at 0x10b712b60>
[2026-09-17T19:36:35.362+0200] {taskinstance.py:310} INFO - Rescheduling task, marking task as UP_FOR_RESCHEDULE
[2026-09-17T19:36:35.363+0200] {taskinstance.py:341} INFO - ::group::Post task execution logs
[2026-09-17T19:36:35.382+0200] {local_task_job_runner.py:266} INFO - Task exited with return code 0
[2026-09-17T19:36:35.388+0200] {taskinstance.py:3901} INFO - 0 downstream tasks scheduled from follow-on schedule check
[2026-09-17T19:36:35.388+0200] {local_task_job_runner.py:245} INFO - ::endgroup::
[2026-09-17T19:37:07.203+0200] {local_task_job_runner.py:123} INFO - ::group::Pre task execution logs
[2026-09-17T19:37:07.206+0200] {taskinstance.py:2614} INFO - Dependencies all met for dep_context=non-requeueable deps ti=<TaskInstance: mini_riskagent_file_ingestion.wait_for_csv scheduled__2026-09-17T17:35:00+00:00 [queued]>
[2026-09-17T19:37:07.208+0200] {taskinstance.py:2614} INFO - Dependencies all met for dep_context=requeueable deps ti=<TaskInstance: mini_riskagent_file_ingestion.wait_for_csv scheduled__2026-09-17T17:35:00+00:00 [queued]>
[2026-09-17T19:37:07.208+0200] {taskinstance.py:2867} INFO - Starting attempt 1 of 2
[2026-09-17T19:37:07.211+0200] {taskinstance.py:2890} INFO - Executing <Task(PythonSensor): wait_for_csv> on 2026-09-17 17:35:00+00:00
[2026-09-17T19:37:07.215+0200] {logging_mixin.py:190} WARNING - /Users/swarnalidatta/Desktop/AutoQueryChatbot/.airflow-venv/lib/python3.12/site-packages/airflow/task/task_runner/standard_task_runner.py:70 DeprecationWarning: This process (pid=76890) is multi-threaded, use of fork() may lead to deadlocks in the child.
[2026-09-17T19:37:07.215+0200] {standard_task_runner.py:72} INFO - Started process 76893 to run task
[2026-09-17T19:37:07.215+0200] {standard_task_runner.py:104} INFO - Running: ['airflow', 'tasks', 'run', 'mini_riskagent_file_ingestion', 'wait_for_csv', 'scheduled__2026-09-17T17:35:00+00:00', '--job-id', '3463', '--raw', '--subdir', 'DAGS_FOLDER/data_ingest_pipeline.py', '--cfg-path', '/var/folders/5p/201rr1sj03g8gksxm9x48mbh0000gn/T/tmpl4byr1_c']
[2026-09-17T19:37:07.216+0200] {standard_task_runner.py:105} INFO - Job 3463: Subtask wait_for_csv
[2026-09-17T19:37:07.230+0200] {task_command.py:467} INFO - Running <TaskInstance: mini_riskagent_file_ingestion.wait_for_csv scheduled__2026-09-17T17:35:00+00:00 [running]> on host mac.home
[2026-09-17T19:37:07.246+0200] {taskinstance.py:3134} INFO - Exporting env vars: AIRFLOW_CTX_DAG_OWNER='autoquery' AIRFLOW_CTX_DAG_ID='mini_riskagent_file_ingestion' AIRFLOW_CTX_TASK_ID='wait_for_csv' AIRFLOW_CTX_EXECUTION_DATE='2026-09-17T17:35:00+00:00' AIRFLOW_CTX_TRY_NUMBER='1' AIRFLOW_CTX_DAG_RUN_ID='scheduled__2026-09-17T17:35:00+00:00'
[2026-09-17T19:37:07.247+0200] {logging_mixin.py:190} INFO - Task instance is in running state
[2026-09-17T19:37:07.247+0200] {logging_mixin.py:190} INFO -  Previous state of the Task instance: queued
[2026-09-17T19:37:07.247+0200] {logging_mixin.py:190} INFO - Current task name:wait_for_csv state:running start_date:2026-09-17 17:37:07.206665+00:00
[2026-09-17T19:37:07.247+0200] {logging_mixin.py:190} INFO - Dag name:mini_riskagent_file_ingestion and current dag run status:running
[2026-09-17T19:37:07.247+0200] {taskinstance.py:732} INFO - ::endgroup::
[2026-09-17T19:37:07.249+0200] {python.py:75} INFO - Poking callable: <function check_for_csv_files at 0x109102b60>
[2026-09-17T19:37:07.252+0200] {taskinstance.py:310} INFO - Rescheduling task, marking task as UP_FOR_RESCHEDULE
[2026-09-17T19:37:07.252+0200] {taskinstance.py:341} INFO - ::group::Post task execution logs
[2026-09-17T19:37:07.270+0200] {local_task_job_runner.py:266} INFO - Task exited with return code 0
[2026-09-17T19:37:07.277+0200] {taskinstance.py:3901} INFO - 0 downstream tasks scheduled from follow-on schedule check
[2026-09-17T19:37:07.277+0200] {local_task_job_runner.py:245} INFO - ::endgroup::
[2026-09-17T19:37:39.340+0200] {local_task_job_runner.py:123} INFO - ::group::Pre task execution logs
[2026-09-17T19:37:39.343+0200] {taskinstance.py:2614} INFO - Dependencies all met for dep_context=non-requeueable deps ti=<TaskInstance: mini_riskagent_file_ingestion.wait_for_csv scheduled__2026-09-17T17:35:00+00:00 [queued]>
[2026-09-17T19:37:39.344+0200] {taskinstance.py:2614} INFO - Dependencies all met for dep_context=requeueable deps ti=<TaskInstance: mini_riskagent_file_ingestion.wait_for_csv scheduled__2026-09-17T17:35:00+00:00 [queued]>
[2026-09-17T19:37:39.345+0200] {taskinstance.py:2867} INFO - Starting attempt 1 of 2
[2026-09-17T19:37:39.348+0200] {taskinstance.py:2890} INFO - Executing <Task(PythonSensor): wait_for_csv> on 2026-09-17 17:35:00+00:00
[2026-09-17T19:37:39.352+0200] {logging_mixin.py:190} WARNING - /Users/swarnalidatta/Desktop/AutoQueryChatbot/.airflow-venv/lib/python3.12/site-packages/airflow/task/task_runner/standard_task_runner.py:70 DeprecationWarning: This process (pid=77000) is multi-threaded, use of fork() may lead to deadlocks in the child.
[2026-09-17T19:37:39.352+0200] {standard_task_runner.py:72} INFO - Started process 77002 to run task
[2026-09-17T19:37:39.352+0200] {standard_task_runner.py:104} INFO - Running: ['airflow', 'tasks', 'run', 'mini_riskagent_file_ingestion', 'wait_for_csv', 'scheduled__2026-09-17T17:35:00+00:00', '--job-id', '3479', '--raw', '--subdir', 'DAGS_FOLDER/data_ingest_pipeline.py', '--cfg-path', '/var/folders/5p/201rr1sj03g8gksxm9x48mbh0000gn/T/tmpxq24qt51']
[2026-09-17T19:37:39.352+0200] {standard_task_runner.py:105} INFO - Job 3479: Subtask wait_for_csv
[2026-09-17T19:37:39.366+0200] {task_command.py:467} INFO - Running <TaskInstance: mini_riskagent_file_ingestion.wait_for_csv scheduled__2026-09-17T17:35:00+00:00 [running]> on host mac.home
[2026-09-17T19:37:39.383+0200] {taskinstance.py:3134} INFO - Exporting env vars: AIRFLOW_CTX_DAG_OWNER='autoquery' AIRFLOW_CTX_DAG_ID='mini_riskagent_file_ingestion' AIRFLOW_CTX_TASK_ID='wait_for_csv' AIRFLOW_CTX_EXECUTION_DATE='2026-09-17T17:35:00+00:00' AIRFLOW_CTX_TRY_NUMBER='1' AIRFLOW_CTX_DAG_RUN_ID='scheduled__2026-09-17T17:35:00+00:00'
[2026-09-17T19:37:39.383+0200] {logging_mixin.py:190} INFO - Task instance is in running state
[2026-09-17T19:37:39.383+0200] {logging_mixin.py:190} INFO -  Previous state of the Task instance: queued
[2026-09-17T19:37:39.383+0200] {logging_mixin.py:190} INFO - Current task name:wait_for_csv state:running start_date:2026-09-17 17:37:39.343632+00:00
[2026-09-17T19:37:39.384+0200] {logging_mixin.py:190} INFO - Dag name:mini_riskagent_file_ingestion and current dag run status:running
[2026-09-17T19:37:39.384+0200] {taskinstance.py:732} INFO - ::endgroup::
[2026-09-17T19:37:39.385+0200] {python.py:75} INFO - Poking callable: <function check_for_csv_files at 0x10cc6ab60>
[2026-09-17T19:37:39.388+0200] {taskinstance.py:310} INFO - Rescheduling task, marking task as UP_FOR_RESCHEDULE
[2026-09-17T19:37:39.389+0200] {taskinstance.py:341} INFO - ::group::Post task execution logs
[2026-09-17T19:37:39.408+0200] {local_task_job_runner.py:266} INFO - Task exited with return code 0
[2026-09-17T19:37:39.414+0200] {taskinstance.py:3901} INFO - 0 downstream tasks scheduled from follow-on schedule check
[2026-09-17T19:37:39.415+0200] {local_task_job_runner.py:245} INFO - ::endgroup::
[2026-09-17T19:38:11.911+0200] {local_task_job_runner.py:123} INFO - ::group::Pre task execution logs
[2026-09-17T19:38:11.913+0200] {taskinstance.py:2614} INFO - Dependencies all met for dep_context=non-requeueable deps ti=<TaskInstance: mini_riskagent_file_ingestion.wait_for_csv scheduled__2026-09-17T17:35:00+00:00 [queued]>
[2026-09-17T19:38:11.915+0200] {taskinstance.py:2614} INFO - Dependencies all met for dep_context=requeueable deps ti=<TaskInstance: mini_riskagent_file_ingestion.wait_for_csv scheduled__2026-09-17T17:35:00+00:00 [queued]>
[2026-09-17T19:38:11.915+0200] {taskinstance.py:2867} INFO - Starting attempt 1 of 2
[2026-09-17T19:38:11.918+0200] {taskinstance.py:2890} INFO - Executing <Task(PythonSensor): wait_for_csv> on 2026-09-17 17:35:00+00:00
[2026-09-17T19:38:11.922+0200] {logging_mixin.py:190} WARNING - /Users/swarnalidatta/Desktop/AutoQueryChatbot/.airflow-venv/lib/python3.12/site-packages/airflow/task/task_runner/standard_task_runner.py:70 DeprecationWarning: This process (pid=77123) is multi-threaded, use of fork() may lead to deadlocks in the child.
[2026-09-17T19:38:11.923+0200] {standard_task_runner.py:72} INFO - Started process 77129 to run task
[2026-09-17T19:38:11.922+0200] {standard_task_runner.py:104} INFO - Running: ['airflow', 'tasks', 'run', 'mini_riskagent_file_ingestion', 'wait_for_csv', 'scheduled__2026-09-17T17:35:00+00:00', '--job-id', '3495', '--raw', '--subdir', 'DAGS_FOLDER/data_ingest_pipeline.py', '--cfg-path', '/var/folders/5p/201rr1sj03g8gksxm9x48mbh0000gn/T/tmpxtykqes3']
[2026-09-17T19:38:11.923+0200] {standard_task_runner.py:105} INFO - Job 3495: Subtask wait_for_csv
[2026-09-17T19:38:11.937+0200] {task_command.py:467} INFO - Running <TaskInstance: mini_riskagent_file_ingestion.wait_for_csv scheduled__2026-09-17T17:35:00+00:00 [running]> on host mac.home
[2026-09-17T19:38:11.953+0200] {taskinstance.py:3134} INFO - Exporting env vars: AIRFLOW_CTX_DAG_OWNER='autoquery' AIRFLOW_CTX_DAG_ID='mini_riskagent_file_ingestion' AIRFLOW_CTX_TASK_ID='wait_for_csv' AIRFLOW_CTX_EXECUTION_DATE='2026-09-17T17:35:00+00:00' AIRFLOW_CTX_TRY_NUMBER='1' AIRFLOW_CTX_DAG_RUN_ID='scheduled__2026-09-17T17:35:00+00:00'
[2026-09-17T19:38:11.953+0200] {logging_mixin.py:190} INFO - Task instance is in running state
[2026-09-17T19:38:11.954+0200] {logging_mixin.py:190} INFO -  Previous state of the Task instance: queued
[2026-09-17T19:38:11.954+0200] {logging_mixin.py:190} INFO - Current task name:wait_for_csv state:running start_date:2026-09-17 17:38:11.913915+00:00
[2026-09-17T19:38:11.954+0200] {logging_mixin.py:190} INFO - Dag name:mini_riskagent_file_ingestion and current dag run status:running
[2026-09-17T19:38:11.954+0200] {taskinstance.py:732} INFO - ::endgroup::
[2026-09-17T19:38:11.955+0200] {python.py:75} INFO - Poking callable: <function check_for_csv_files at 0x10d296b60>
[2026-09-17T19:38:11.959+0200] {taskinstance.py:310} INFO - Rescheduling task, marking task as UP_FOR_RESCHEDULE
[2026-09-17T19:38:11.959+0200] {taskinstance.py:341} INFO - ::group::Post task execution logs
[2026-09-17T19:38:11.978+0200] {local_task_job_runner.py:266} INFO - Task exited with return code 0
[2026-09-17T19:38:11.984+0200] {taskinstance.py:3901} INFO - 0 downstream tasks scheduled from follow-on schedule check
[2026-09-17T19:38:11.984+0200] {local_task_job_runner.py:245} INFO - ::endgroup::
[2026-09-17T19:38:43.273+0200] {local_task_job_runner.py:123} INFO - ::group::Pre task execution logs
[2026-09-17T19:38:43.275+0200] {taskinstance.py:2614} INFO - Dependencies all met for dep_context=non-requeueable deps ti=<TaskInstance: mini_riskagent_file_ingestion.wait_for_csv scheduled__2026-09-17T17:35:00+00:00 [queued]>
[2026-09-17T19:38:43.277+0200] {taskinstance.py:2614} INFO - Dependencies all met for dep_context=requeueable deps ti=<TaskInstance: mini_riskagent_file_ingestion.wait_for_csv scheduled__2026-09-17T17:35:00+00:00 [queued]>
[2026-09-17T19:38:43.277+0200] {taskinstance.py:2867} INFO - Starting attempt 1 of 2
[2026-09-17T19:38:43.280+0200] {taskinstance.py:2890} INFO - Executing <Task(PythonSensor): wait_for_csv> on 2026-09-17 17:35:00+00:00
[2026-09-17T19:38:43.284+0200] {logging_mixin.py:190} WARNING - /Users/swarnalidatta/Desktop/AutoQueryChatbot/.airflow-venv/lib/python3.12/site-packages/airflow/task/task_runner/standard_task_runner.py:70 DeprecationWarning: This process (pid=77237) is multi-threaded, use of fork() may lead to deadlocks in the child.
[2026-09-17T19:38:43.285+0200] {standard_task_runner.py:72} INFO - Started process 77239 to run task
[2026-09-17T19:38:43.284+0200] {standard_task_runner.py:104} INFO - Running: ['airflow', 'tasks', 'run', 'mini_riskagent_file_ingestion', 'wait_for_csv', 'scheduled__2026-09-17T17:35:00+00:00', '--job-id', '3511', '--raw', '--subdir', 'DAGS_FOLDER/data_ingest_pipeline.py', '--cfg-path', '/var/folders/5p/201rr1sj03g8gksxm9x48mbh0000gn/T/tmpgoq146j4']
[2026-09-17T19:38:43.285+0200] {standard_task_runner.py:105} INFO - Job 3511: Subtask wait_for_csv
[2026-09-17T19:38:43.300+0200] {task_command.py:467} INFO - Running <TaskInstance: mini_riskagent_file_ingestion.wait_for_csv scheduled__2026-09-17T17:35:00+00:00 [running]> on host mac.home
[2026-09-17T19:38:43.316+0200] {taskinstance.py:3134} INFO - Exporting env vars: AIRFLOW_CTX_DAG_OWNER='autoquery' AIRFLOW_CTX_DAG_ID='mini_riskagent_file_ingestion' AIRFLOW_CTX_TASK_ID='wait_for_csv' AIRFLOW_CTX_EXECUTION_DATE='2026-09-17T17:35:00+00:00' AIRFLOW_CTX_TRY_NUMBER='1' AIRFLOW_CTX_DAG_RUN_ID='scheduled__2026-09-17T17:35:00+00:00'
[2026-09-17T19:38:43.317+0200] {logging_mixin.py:190} INFO - Task instance is in running state
[2026-09-17T19:38:43.317+0200] {logging_mixin.py:190} INFO -  Previous state of the Task instance: queued
[2026-09-17T19:38:43.317+0200] {logging_mixin.py:190} INFO - Current task name:wait_for_csv state:running start_date:2026-09-17 17:38:43.276057+00:00
[2026-09-17T19:38:43.317+0200] {logging_mixin.py:190} INFO - Dag name:mini_riskagent_file_ingestion and current dag run status:running
[2026-09-17T19:38:43.317+0200] {taskinstance.py:732} INFO - ::endgroup::
[2026-09-17T19:38:43.319+0200] {python.py:75} INFO - Poking callable: <function check_for_csv_files at 0x1092deb60>
[2026-09-17T19:38:43.322+0200] {taskinstance.py:310} INFO - Rescheduling task, marking task as UP_FOR_RESCHEDULE
[2026-09-17T19:38:43.322+0200] {taskinstance.py:341} INFO - ::group::Post task execution logs
[2026-09-17T19:38:43.340+0200] {local_task_job_runner.py:266} INFO - Task exited with return code 0
[2026-09-17T19:38:43.347+0200] {taskinstance.py:3901} INFO - 0 downstream tasks scheduled from follow-on schedule check
[2026-09-17T19:38:43.347+0200] {local_task_job_runner.py:245} INFO - ::endgroup::
[2026-09-17T19:39:15.250+0200] {local_task_job_runner.py:123} INFO - ::group::Pre task execution logs
[2026-09-17T19:39:15.253+0200] {taskinstance.py:2614} INFO - Dependencies all met for dep_context=non-requeueable deps ti=<TaskInstance: mini_riskagent_file_ingestion.wait_for_csv scheduled__2026-09-17T17:35:00+00:00 [queued]>
[2026-09-17T19:39:15.254+0200] {taskinstance.py:2614} INFO - Dependencies all met for dep_context=requeueable deps ti=<TaskInstance: mini_riskagent_file_ingestion.wait_for_csv scheduled__2026-09-17T17:35:00+00:00 [queued]>
[2026-09-17T19:39:15.255+0200] {taskinstance.py:2867} INFO - Starting attempt 1 of 2
[2026-09-17T19:39:15.258+0200] {taskinstance.py:2890} INFO - Executing <Task(PythonSensor): wait_for_csv> on 2026-09-17 17:35:00+00:00
[2026-09-17T19:39:15.262+0200] {logging_mixin.py:190} WARNING - /Users/swarnalidatta/Desktop/AutoQueryChatbot/.airflow-venv/lib/python3.12/site-packages/airflow/task/task_runner/standard_task_runner.py:70 DeprecationWarning: This process (pid=77347) is multi-threaded, use of fork() may lead to deadlocks in the child.
[2026-09-17T19:39:15.262+0200] {standard_task_runner.py:72} INFO - Started process 77349 to run task
[2026-09-17T19:39:15.262+0200] {standard_task_runner.py:104} INFO - Running: ['airflow', 'tasks', 'run', 'mini_riskagent_file_ingestion', 'wait_for_csv', 'scheduled__2026-09-17T17:35:00+00:00', '--job-id', '3527', '--raw', '--subdir', 'DAGS_FOLDER/data_ingest_pipeline.py', '--cfg-path', '/var/folders/5p/201rr1sj03g8gksxm9x48mbh0000gn/T/tmpqjdfgsb1']
[2026-09-17T19:39:15.262+0200] {standard_task_runner.py:105} INFO - Job 3527: Subtask wait_for_csv
[2026-09-17T19:39:15.277+0200] {task_command.py:467} INFO - Running <TaskInstance: mini_riskagent_file_ingestion.wait_for_csv scheduled__2026-09-17T17:35:00+00:00 [running]> on host mac.home
[2026-09-17T19:39:15.293+0200] {taskinstance.py:3134} INFO - Exporting env vars: AIRFLOW_CTX_DAG_OWNER='autoquery' AIRFLOW_CTX_DAG_ID='mini_riskagent_file_ingestion' AIRFLOW_CTX_TASK_ID='wait_for_csv' AIRFLOW_CTX_EXECUTION_DATE='2026-09-17T17:35:00+00:00' AIRFLOW_CTX_TRY_NUMBER='1' AIRFLOW_CTX_DAG_RUN_ID='scheduled__2026-09-17T17:35:00+00:00'
[2026-09-17T19:39:15.294+0200] {logging_mixin.py:190} INFO - Task instance is in running state
[2026-09-17T19:39:15.294+0200] {logging_mixin.py:190} INFO -  Previous state of the Task instance: queued
[2026-09-17T19:39:15.294+0200] {logging_mixin.py:190} INFO - Current task name:wait_for_csv state:running start_date:2026-09-17 17:39:15.253610+00:00
[2026-09-17T19:39:15.294+0200] {logging_mixin.py:190} INFO - Dag name:mini_riskagent_file_ingestion and current dag run status:running
[2026-09-17T19:39:15.295+0200] {taskinstance.py:732} INFO - ::endgroup::
[2026-09-17T19:39:15.296+0200] {python.py:75} INFO - Poking callable: <function check_for_csv_files at 0x10cd02b60>
[2026-09-17T19:39:15.299+0200] {taskinstance.py:310} INFO - Rescheduling task, marking task as UP_FOR_RESCHEDULE
[2026-09-17T19:39:15.300+0200] {taskinstance.py:341} INFO - ::group::Post task execution logs
[2026-09-17T19:39:15.318+0200] {local_task_job_runner.py:266} INFO - Task exited with return code 0
[2026-09-17T19:39:15.324+0200] {taskinstance.py:3901} INFO - 0 downstream tasks scheduled from follow-on schedule check
[2026-09-17T19:39:15.324+0200] {local_task_job_runner.py:245} INFO - ::endgroup::
[2026-09-17T19:39:47.709+0200] {local_task_job_runner.py:123} INFO - ::group::Pre task execution logs
[2026-09-17T19:39:47.712+0200] {taskinstance.py:2614} INFO - Dependencies all met for dep_context=non-requeueable deps ti=<TaskInstance: mini_riskagent_file_ingestion.wait_for_csv scheduled__2026-09-17T17:35:00+00:00 [queued]>
[2026-09-17T19:39:47.713+0200] {taskinstance.py:2614} INFO - Dependencies all met for dep_context=requeueable deps ti=<TaskInstance: mini_riskagent_file_ingestion.wait_for_csv scheduled__2026-09-17T17:35:00+00:00 [queued]>
[2026-09-17T19:39:47.713+0200] {taskinstance.py:2867} INFO - Starting attempt 1 of 2
[2026-09-17T19:39:47.717+0200] {taskinstance.py:2890} INFO - Executing <Task(PythonSensor): wait_for_csv> on 2026-09-17 17:35:00+00:00
[2026-09-17T19:39:47.721+0200] {logging_mixin.py:190} WARNING - /Users/swarnalidatta/Desktop/AutoQueryChatbot/.airflow-venv/lib/python3.12/site-packages/airflow/task/task_runner/standard_task_runner.py:70 DeprecationWarning: This process (pid=77458) is multi-threaded, use of fork() may lead to deadlocks in the child.
[2026-09-17T19:39:47.721+0200] {standard_task_runner.py:72} INFO - Started process 77460 to run task
[2026-09-17T19:39:47.721+0200] {standard_task_runner.py:104} INFO - Running: ['airflow', 'tasks', 'run', 'mini_riskagent_file_ingestion', 'wait_for_csv', 'scheduled__2026-09-17T17:35:00+00:00', '--job-id', '3543', '--raw', '--subdir', 'DAGS_FOLDER/data_ingest_pipeline.py', '--cfg-path', '/var/folders/5p/201rr1sj03g8gksxm9x48mbh0000gn/T/tmp2cu5ken7']
[2026-09-17T19:39:47.721+0200] {standard_task_runner.py:105} INFO - Job 3543: Subtask wait_for_csv
[2026-09-17T19:39:47.735+0200] {task_command.py:467} INFO - Running <TaskInstance: mini_riskagent_file_ingestion.wait_for_csv scheduled__2026-09-17T17:35:00+00:00 [running]> on host mac.home
[2026-09-17T19:39:47.753+0200] {taskinstance.py:3134} INFO - Exporting env vars: AIRFLOW_CTX_DAG_OWNER='autoquery' AIRFLOW_CTX_DAG_ID='mini_riskagent_file_ingestion' AIRFLOW_CTX_TASK_ID='wait_for_csv' AIRFLOW_CTX_EXECUTION_DATE='2026-09-17T17:35:00+00:00' AIRFLOW_CTX_TRY_NUMBER='1' AIRFLOW_CTX_DAG_RUN_ID='scheduled__2026-09-17T17:35:00+00:00'
[2026-09-17T19:39:47.753+0200] {logging_mixin.py:190} INFO - Task instance is in running state
[2026-09-17T19:39:47.753+0200] {logging_mixin.py:190} INFO -  Previous state of the Task instance: queued
[2026-09-17T19:39:47.754+0200] {logging_mixin.py:190} INFO - Current task name:wait_for_csv state:running start_date:2026-09-17 17:39:47.712537+00:00
[2026-09-17T19:39:47.754+0200] {logging_mixin.py:190} INFO - Dag name:mini_riskagent_file_ingestion and current dag run status:running
[2026-09-17T19:39:47.754+0200] {taskinstance.py:732} INFO - ::endgroup::
[2026-09-17T19:39:47.755+0200] {python.py:75} INFO - Poking callable: <function check_for_csv_files at 0x1086c6b60>
[2026-09-17T19:39:47.759+0200] {taskinstance.py:310} INFO - Rescheduling task, marking task as UP_FOR_RESCHEDULE
[2026-09-17T19:39:47.759+0200] {taskinstance.py:341} INFO - ::group::Post task execution logs
[2026-09-17T19:39:47.777+0200] {local_task_job_runner.py:266} INFO - Task exited with return code 0
[2026-09-17T19:39:47.783+0200] {taskinstance.py:3901} INFO - 0 downstream tasks scheduled from follow-on schedule check
[2026-09-17T19:39:47.783+0200] {local_task_job_runner.py:245} INFO - ::endgroup::
[2026-09-17T19:40:19.552+0200] {local_task_job_runner.py:123} INFO - ::group::Pre task execution logs
[2026-09-17T19:40:19.555+0200] {taskinstance.py:2614} INFO - Dependencies all met for dep_context=non-requeueable deps ti=<TaskInstance: mini_riskagent_file_ingestion.wait_for_csv scheduled__2026-09-17T17:35:00+00:00 [queued]>
[2026-09-17T19:40:19.556+0200] {taskinstance.py:2614} INFO - Dependencies all met for dep_context=requeueable deps ti=<TaskInstance: mini_riskagent_file_ingestion.wait_for_csv scheduled__2026-09-17T17:35:00+00:00 [queued]>
[2026-09-17T19:40:19.556+0200] {taskinstance.py:2867} INFO - Starting attempt 1 of 2
[2026-09-17T19:40:19.560+0200] {taskinstance.py:2890} INFO - Executing <Task(PythonSensor): wait_for_csv> on 2026-09-17 17:35:00+00:00
[2026-09-17T19:40:19.564+0200] {logging_mixin.py:190} WARNING - /Users/swarnalidatta/Desktop/AutoQueryChatbot/.airflow-venv/lib/python3.12/site-packages/airflow/task/task_runner/standard_task_runner.py:70 DeprecationWarning: This process (pid=77575) is multi-threaded, use of fork() may lead to deadlocks in the child.
[2026-09-17T19:40:19.564+0200] {standard_task_runner.py:72} INFO - Started process 77578 to run task
[2026-09-17T19:40:19.564+0200] {standard_task_runner.py:104} INFO - Running: ['airflow', 'tasks', 'run', 'mini_riskagent_file_ingestion', 'wait_for_csv', 'scheduled__2026-09-17T17:35:00+00:00', '--job-id', '3559', '--raw', '--subdir', 'DAGS_FOLDER/data_ingest_pipeline.py', '--cfg-path', '/var/folders/5p/201rr1sj03g8gksxm9x48mbh0000gn/T/tmpqg54ugmu']
[2026-09-17T19:40:19.565+0200] {standard_task_runner.py:105} INFO - Job 3559: Subtask wait_for_csv
[2026-09-17T19:40:19.578+0200] {task_command.py:467} INFO - Running <TaskInstance: mini_riskagent_file_ingestion.wait_for_csv scheduled__2026-09-17T17:35:00+00:00 [running]> on host mac.home
[2026-09-17T19:40:19.596+0200] {taskinstance.py:3134} INFO - Exporting env vars: AIRFLOW_CTX_DAG_OWNER='autoquery' AIRFLOW_CTX_DAG_ID='mini_riskagent_file_ingestion' AIRFLOW_CTX_TASK_ID='wait_for_csv' AIRFLOW_CTX_EXECUTION_DATE='2026-09-17T17:35:00+00:00' AIRFLOW_CTX_TRY_NUMBER='1' AIRFLOW_CTX_DAG_RUN_ID='scheduled__2026-09-17T17:35:00+00:00'
[2026-09-17T19:40:19.596+0200] {logging_mixin.py:190} INFO - Task instance is in running state
[2026-09-17T19:40:19.596+0200] {logging_mixin.py:190} INFO -  Previous state of the Task instance: queued
[2026-09-17T19:40:19.596+0200] {logging_mixin.py:190} INFO - Current task name:wait_for_csv state:running start_date:2026-09-17 17:40:19.555516+00:00
[2026-09-17T19:40:19.597+0200] {logging_mixin.py:190} INFO - Dag name:mini_riskagent_file_ingestion and current dag run status:running
[2026-09-17T19:40:19.597+0200] {taskinstance.py:732} INFO - ::endgroup::
[2026-09-17T19:40:19.598+0200] {python.py:75} INFO - Poking callable: <function check_for_csv_files at 0x10af1eb60>
[2026-09-17T19:40:19.602+0200] {taskinstance.py:310} INFO - Rescheduling task, marking task as UP_FOR_RESCHEDULE
[2026-09-17T19:40:19.602+0200] {taskinstance.py:341} INFO - ::group::Post task execution logs
[2026-09-17T19:40:19.620+0200] {local_task_job_runner.py:266} INFO - Task exited with return code 0
[2026-09-17T19:40:19.627+0200] {taskinstance.py:3901} INFO - 0 downstream tasks scheduled from follow-on schedule check
[2026-09-17T19:40:19.627+0200] {local_task_job_runner.py:245} INFO - ::endgroup::
[2026-09-17T19:40:51.249+0200] {local_task_job_runner.py:123} INFO - ::group::Pre task execution logs
[2026-09-17T19:40:51.252+0200] {taskinstance.py:2614} INFO - Dependencies all met for dep_context=non-requeueable deps ti=<TaskInstance: mini_riskagent_file_ingestion.wait_for_csv scheduled__2026-09-17T17:35:00+00:00 [queued]>
[2026-09-17T19:40:51.253+0200] {taskinstance.py:2614} INFO - Dependencies all met for dep_context=requeueable deps ti=<TaskInstance: mini_riskagent_file_ingestion.wait_for_csv scheduled__2026-09-17T17:35:00+00:00 [queued]>
[2026-09-17T19:40:51.253+0200] {taskinstance.py:2867} INFO - Starting attempt 1 of 2
[2026-09-17T19:40:51.256+0200] {taskinstance.py:2890} INFO - Executing <Task(PythonSensor): wait_for_csv> on 2026-09-17 17:35:00+00:00
[2026-09-17T19:40:51.261+0200] {logging_mixin.py:190} WARNING - /Users/swarnalidatta/Desktop/AutoQueryChatbot/.airflow-venv/lib/python3.12/site-packages/airflow/task/task_runner/standard_task_runner.py:70 DeprecationWarning: This process (pid=77689) is multi-threaded, use of fork() may lead to deadlocks in the child.
[2026-09-17T19:40:51.261+0200] {standard_task_runner.py:72} INFO - Started process 77691 to run task
[2026-09-17T19:40:51.261+0200] {standard_task_runner.py:104} INFO - Running: ['airflow', 'tasks', 'run', 'mini_riskagent_file_ingestion', 'wait_for_csv', 'scheduled__2026-09-17T17:35:00+00:00', '--job-id', '3575', '--raw', '--subdir', 'DAGS_FOLDER/data_ingest_pipeline.py', '--cfg-path', '/var/folders/5p/201rr1sj03g8gksxm9x48mbh0000gn/T/tmpguf17fy9']
[2026-09-17T19:40:51.261+0200] {standard_task_runner.py:105} INFO - Job 3575: Subtask wait_for_csv
[2026-09-17T19:40:51.276+0200] {task_command.py:467} INFO - Running <TaskInstance: mini_riskagent_file_ingestion.wait_for_csv scheduled__2026-09-17T17:35:00+00:00 [running]> on host mac.home
[2026-09-17T19:40:51.292+0200] {taskinstance.py:3134} INFO - Exporting env vars: AIRFLOW_CTX_DAG_OWNER='autoquery' AIRFLOW_CTX_DAG_ID='mini_riskagent_file_ingestion' AIRFLOW_CTX_TASK_ID='wait_for_csv' AIRFLOW_CTX_EXECUTION_DATE='2026-09-17T17:35:00+00:00' AIRFLOW_CTX_TRY_NUMBER='1' AIRFLOW_CTX_DAG_RUN_ID='scheduled__2026-09-17T17:35:00+00:00'
[2026-09-17T19:40:51.292+0200] {logging_mixin.py:190} INFO - Task instance is in running state
[2026-09-17T19:40:51.292+0200] {logging_mixin.py:190} INFO -  Previous state of the Task instance: queued
[2026-09-17T19:40:51.293+0200] {logging_mixin.py:190} INFO - Current task name:wait_for_csv state:running start_date:2026-09-17 17:40:51.252424+00:00
[2026-09-17T19:40:51.293+0200] {logging_mixin.py:190} INFO - Dag name:mini_riskagent_file_ingestion and current dag run status:running
[2026-09-17T19:40:51.293+0200] {taskinstance.py:732} INFO - ::endgroup::
[2026-09-17T19:40:51.294+0200] {python.py:75} INFO - Poking callable: <function check_for_csv_files at 0x10d00ab60>
[2026-09-17T19:40:51.298+0200] {taskinstance.py:310} INFO - Rescheduling task, marking task as UP_FOR_RESCHEDULE
[2026-09-17T19:40:51.298+0200] {taskinstance.py:341} INFO - ::group::Post task execution logs
[2026-09-17T19:40:51.317+0200] {local_task_job_runner.py:266} INFO - Task exited with return code 0
[2026-09-17T19:40:51.323+0200] {taskinstance.py:3901} INFO - 0 downstream tasks scheduled from follow-on schedule check
[2026-09-17T19:40:51.323+0200] {local_task_job_runner.py:245} INFO - ::endgroup::
[2026-09-17T19:41:23.573+0200] {local_task_job_runner.py:123} INFO - ::group::Pre task execution logs
[2026-09-17T19:41:23.576+0200] {taskinstance.py:2614} INFO - Dependencies all met for dep_context=non-requeueable deps ti=<TaskInstance: mini_riskagent_file_ingestion.wait_for_csv scheduled__2026-09-17T17:35:00+00:00 [queued]>
[2026-09-17T19:41:23.577+0200] {taskinstance.py:2614} INFO - Dependencies all met for dep_context=requeueable deps ti=<TaskInstance: mini_riskagent_file_ingestion.wait_for_csv scheduled__2026-09-17T17:35:00+00:00 [queued]>
[2026-09-17T19:41:23.577+0200] {taskinstance.py:2867} INFO - Starting attempt 1 of 2
[2026-09-17T19:41:23.580+0200] {taskinstance.py:2890} INFO - Executing <Task(PythonSensor): wait_for_csv> on 2026-09-17 17:35:00+00:00
[2026-09-17T19:41:23.585+0200] {logging_mixin.py:190} WARNING - /Users/swarnalidatta/Desktop/AutoQueryChatbot/.airflow-venv/lib/python3.12/site-packages/airflow/task/task_runner/standard_task_runner.py:70 DeprecationWarning: This process (pid=77801) is multi-threaded, use of fork() may lead to deadlocks in the child.
[2026-09-17T19:41:23.585+0200] {standard_task_runner.py:104} INFO - Running: ['airflow', 'tasks', 'run', 'mini_riskagent_file_ingestion', 'wait_for_csv', 'scheduled__2026-09-17T17:35:00+00:00', '--job-id', '3591', '--raw', '--subdir', 'DAGS_FOLDER/data_ingest_pipeline.py', '--cfg-path', '/var/folders/5p/201rr1sj03g8gksxm9x48mbh0000gn/T/tmp7is7q4j2']
[2026-09-17T19:41:23.586+0200] {standard_task_runner.py:72} INFO - Started process 77803 to run task
[2026-09-17T19:41:23.586+0200] {standard_task_runner.py:105} INFO - Job 3591: Subtask wait_for_csv
[2026-09-17T19:41:23.600+0200] {task_command.py:467} INFO - Running <TaskInstance: mini_riskagent_file_ingestion.wait_for_csv scheduled__2026-09-17T17:35:00+00:00 [running]> on host mac.home
[2026-09-17T19:41:23.616+0200] {taskinstance.py:3134} INFO - Exporting env vars: AIRFLOW_CTX_DAG_OWNER='autoquery' AIRFLOW_CTX_DAG_ID='mini_riskagent_file_ingestion' AIRFLOW_CTX_TASK_ID='wait_for_csv' AIRFLOW_CTX_EXECUTION_DATE='2026-09-17T17:35:00+00:00' AIRFLOW_CTX_TRY_NUMBER='1' AIRFLOW_CTX_DAG_RUN_ID='scheduled__2026-09-17T17:35:00+00:00'
[2026-09-17T19:41:23.617+0200] {logging_mixin.py:190} INFO - Task instance is in running state
[2026-09-17T19:41:23.617+0200] {logging_mixin.py:190} INFO -  Previous state of the Task instance: queued
[2026-09-17T19:41:23.617+0200] {logging_mixin.py:190} INFO - Current task name:wait_for_csv state:running start_date:2026-09-17 17:41:23.576414+00:00
[2026-09-17T19:41:23.617+0200] {logging_mixin.py:190} INFO - Dag name:mini_riskagent_file_ingestion and current dag run status:running
[2026-09-17T19:41:23.617+0200] {taskinstance.py:732} INFO - ::endgroup::
[2026-09-17T19:41:23.619+0200] {python.py:75} INFO - Poking callable: <function check_for_csv_files at 0x112c96b60>
[2026-09-17T19:41:23.622+0200] {taskinstance.py:310} INFO - Rescheduling task, marking task as UP_FOR_RESCHEDULE
[2026-09-17T19:41:23.622+0200] {taskinstance.py:341} INFO - ::group::Post task execution logs
[2026-09-17T19:41:23.641+0200] {local_task_job_runner.py:266} INFO - Task exited with return code 0
[2026-09-17T19:41:23.648+0200] {taskinstance.py:3901} INFO - 0 downstream tasks scheduled from follow-on schedule check
[2026-09-17T19:41:23.648+0200] {local_task_job_runner.py:245} INFO - ::endgroup::
[2026-09-17T19:41:55.319+0200] {local_task_job_runner.py:123} INFO - ::group::Pre task execution logs
[2026-09-17T19:41:55.322+0200] {taskinstance.py:2614} INFO - Dependencies all met for dep_context=non-requeueable deps ti=<TaskInstance: mini_riskagent_file_ingestion.wait_for_csv scheduled__2026-09-17T17:35:00+00:00 [queued]>
[2026-09-17T19:41:55.323+0200] {taskinstance.py:2614} INFO - Dependencies all met for dep_context=requeueable deps ti=<TaskInstance: mini_riskagent_file_ingestion.wait_for_csv scheduled__2026-09-17T17:35:00+00:00 [queued]>
[2026-09-17T19:41:55.323+0200] {taskinstance.py:2867} INFO - Starting attempt 1 of 2
[2026-09-17T19:41:55.326+0200] {taskinstance.py:2890} INFO - Executing <Task(PythonSensor): wait_for_csv> on 2026-09-17 17:35:00+00:00
[2026-09-17T19:41:55.331+0200] {logging_mixin.py:190} WARNING - /Users/swarnalidatta/Desktop/AutoQueryChatbot/.airflow-venv/lib/python3.12/site-packages/airflow/task/task_runner/standard_task_runner.py:70 DeprecationWarning: This process (pid=77911) is multi-threaded, use of fork() may lead to deadlocks in the child.
[2026-09-17T19:41:55.331+0200] {standard_task_runner.py:72} INFO - Started process 77917 to run task
[2026-09-17T19:41:55.331+0200] {standard_task_runner.py:104} INFO - Running: ['airflow', 'tasks', 'run', 'mini_riskagent_file_ingestion', 'wait_for_csv', 'scheduled__2026-09-17T17:35:00+00:00', '--job-id', '3607', '--raw', '--subdir', 'DAGS_FOLDER/data_ingest_pipeline.py', '--cfg-path', '/var/folders/5p/201rr1sj03g8gksxm9x48mbh0000gn/T/tmpb1ccw9f5']
[2026-09-17T19:41:55.332+0200] {standard_task_runner.py:105} INFO - Job 3607: Subtask wait_for_csv
[2026-09-17T19:41:55.346+0200] {task_command.py:467} INFO - Running <TaskInstance: mini_riskagent_file_ingestion.wait_for_csv scheduled__2026-09-17T17:35:00+00:00 [running]> on host mac.home
[2026-09-17T19:41:55.362+0200] {taskinstance.py:3134} INFO - Exporting env vars: AIRFLOW_CTX_DAG_OWNER='autoquery' AIRFLOW_CTX_DAG_ID='mini_riskagent_file_ingestion' AIRFLOW_CTX_TASK_ID='wait_for_csv' AIRFLOW_CTX_EXECUTION_DATE='2026-09-17T17:35:00+00:00' AIRFLOW_CTX_TRY_NUMBER='1' AIRFLOW_CTX_DAG_RUN_ID='scheduled__2026-09-17T17:35:00+00:00'
[2026-09-17T19:41:55.363+0200] {logging_mixin.py:190} INFO - Task instance is in running state
[2026-09-17T19:41:55.363+0200] {logging_mixin.py:190} INFO -  Previous state of the Task instance: queued
[2026-09-17T19:41:55.363+0200] {logging_mixin.py:190} INFO - Current task name:wait_for_csv state:running start_date:2026-09-17 17:41:55.322091+00:00
[2026-09-17T19:41:55.363+0200] {logging_mixin.py:190} INFO - Dag name:mini_riskagent_file_ingestion and current dag run status:running
[2026-09-17T19:41:55.363+0200] {taskinstance.py:732} INFO - ::endgroup::
[2026-09-17T19:41:55.365+0200] {python.py:75} INFO - Poking callable: <function check_for_csv_files at 0x10b1eab60>
[2026-09-17T19:41:55.368+0200] {taskinstance.py:310} INFO - Rescheduling task, marking task as UP_FOR_RESCHEDULE
[2026-09-17T19:41:55.368+0200] {taskinstance.py:341} INFO - ::group::Post task execution logs
[2026-09-17T19:41:55.387+0200] {local_task_job_runner.py:266} INFO - Task exited with return code 0
[2026-09-17T19:41:55.394+0200] {taskinstance.py:3901} INFO - 0 downstream tasks scheduled from follow-on schedule check
[2026-09-17T19:41:55.394+0200] {local_task_job_runner.py:245} INFO - ::endgroup::
[2026-09-17T19:42:29.640+0200] {local_task_job_runner.py:123} INFO - ::group::Pre task execution logs
[2026-09-17T19:42:29.642+0200] {taskinstance.py:2614} INFO - Dependencies all met for dep_context=non-requeueable deps ti=<TaskInstance: mini_riskagent_file_ingestion.wait_for_csv scheduled__2026-09-17T17:35:00+00:00 [queued]>
[2026-09-17T19:42:29.644+0200] {taskinstance.py:2614} INFO - Dependencies all met for dep_context=requeueable deps ti=<TaskInstance: mini_riskagent_file_ingestion.wait_for_csv scheduled__2026-09-17T17:35:00+00:00 [queued]>
[2026-09-17T19:42:29.644+0200] {taskinstance.py:2867} INFO - Starting attempt 1 of 2
[2026-09-17T19:42:29.647+0200] {taskinstance.py:2890} INFO - Executing <Task(PythonSensor): wait_for_csv> on 2026-09-17 17:35:00+00:00
[2026-09-17T19:42:29.652+0200] {logging_mixin.py:190} WARNING - /Users/swarnalidatta/Desktop/AutoQueryChatbot/.airflow-venv/lib/python3.12/site-packages/airflow/task/task_runner/standard_task_runner.py:70 DeprecationWarning: This process (pid=78035) is multi-threaded, use of fork() may lead to deadlocks in the child.
[2026-09-17T19:42:29.651+0200] {standard_task_runner.py:104} INFO - Running: ['airflow', 'tasks', 'run', 'mini_riskagent_file_ingestion', 'wait_for_csv', 'scheduled__2026-09-17T17:35:00+00:00', '--job-id', '3632', '--raw', '--subdir', 'DAGS_FOLDER/data_ingest_pipeline.py', '--cfg-path', '/var/folders/5p/201rr1sj03g8gksxm9x48mbh0000gn/T/tmpuxi0y_cb']
[2026-09-17T19:42:29.652+0200] {standard_task_runner.py:72} INFO - Started process 78037 to run task
[2026-09-17T19:42:29.652+0200] {standard_task_runner.py:105} INFO - Job 3632: Subtask wait_for_csv
[2026-09-17T19:42:29.665+0200] {task_command.py:467} INFO - Running <TaskInstance: mini_riskagent_file_ingestion.wait_for_csv scheduled__2026-09-17T17:35:00+00:00 [running]> on host mac.home
[2026-09-17T19:42:29.682+0200] {taskinstance.py:3134} INFO - Exporting env vars: AIRFLOW_CTX_DAG_OWNER='autoquery' AIRFLOW_CTX_DAG_ID='mini_riskagent_file_ingestion' AIRFLOW_CTX_TASK_ID='wait_for_csv' AIRFLOW_CTX_EXECUTION_DATE='2026-09-17T17:35:00+00:00' AIRFLOW_CTX_TRY_NUMBER='1' AIRFLOW_CTX_DAG_RUN_ID='scheduled__2026-09-17T17:35:00+00:00'
[2026-09-17T19:42:29.682+0200] {logging_mixin.py:190} INFO - Task instance is in running state
[2026-09-17T19:42:29.683+0200] {logging_mixin.py:190} INFO -  Previous state of the Task instance: queued
[2026-09-17T19:42:29.683+0200] {logging_mixin.py:190} INFO - Current task name:wait_for_csv state:running start_date:2026-09-17 17:42:29.642955+00:00
[2026-09-17T19:42:29.683+0200] {logging_mixin.py:190} INFO - Dag name:mini_riskagent_file_ingestion and current dag run status:running
[2026-09-17T19:42:29.683+0200] {taskinstance.py:732} INFO - ::endgroup::
[2026-09-17T19:42:29.684+0200] {python.py:75} INFO - Poking callable: <function check_for_csv_files at 0x10ad7ab60>
[2026-09-17T19:42:29.685+0200] {base.py:339} INFO - Success criteria met. Exiting.
[2026-09-17T19:42:29.686+0200] {taskinstance.py:341} INFO - ::group::Post task execution logs
[2026-09-17T19:42:29.687+0200] {taskinstance.py:353} INFO - Marking task as SUCCESS. dag_id=mini_riskagent_file_ingestion, task_id=wait_for_csv, run_id=scheduled__2026-09-17T17:35:00+00:00, execution_date=20260917T173500, start_date=20260917T174229, end_date=20260917T174229
[2026-09-17T19:42:29.691+0200] {logging_mixin.py:190} INFO - Task instance in success state
[2026-09-17T19:42:29.691+0200] {logging_mixin.py:190} INFO -  Previous state of the Task instance: running
[2026-09-17T19:42:29.692+0200] {logging_mixin.py:190} INFO - Dag name:mini_riskagent_file_ingestion queued_at:2026-09-17 17:36:01.429849+00:00
[2026-09-17T19:42:29.692+0200] {logging_mixin.py:190} INFO - Task hostname:mac.home operator:PythonSensor
[2026-09-17T19:42:29.708+0200] {local_task_job_runner.py:266} INFO - Task exited with return code 0
[2026-09-17T19:42:29.716+0200] {taskinstance.py:3901} INFO - 1 downstream tasks scheduled from follow-on schedule check
[2026-09-17T19:42:29.716+0200] {local_task_job_runner.py:245} INFO - ::endgroup::
