[2026-09-17T20:05:00.528+0200] {local_task_job_runner.py:123} INFO - ::group::Pre task execution logs
[2026-09-17T20:05:00.531+0200] {taskinstance.py:2614} INFO - Dependencies all met for dep_context=non-requeueable deps ti=<TaskInstance: mini_riskagent_file_ingestion.wait_for_csv scheduled__2026-09-17T17:55:00+00:00 [queued]>
[2026-09-17T20:05:00.532+0200] {taskinstance.py:2614} INFO - Dependencies all met for dep_context=requeueable deps ti=<TaskInstance: mini_riskagent_file_ingestion.wait_for_csv scheduled__2026-09-17T17:55:00+00:00 [queued]>
[2026-09-17T20:05:00.532+0200] {taskinstance.py:2867} INFO - Starting attempt 1 of 2
[2026-09-17T20:05:00.535+0200] {taskinstance.py:2890} INFO - Executing <Task(PythonSensor): wait_for_csv> on 2026-09-17 17:55:00+00:00
[2026-09-17T20:05:00.539+0200] {logging_mixin.py:190} WARNING - /Users/swarnalidatta/Desktop/AutoQueryChatbot/.airflow-venv/lib/python3.12/site-packages/airflow/task/task_runner/standard_task_runner.py:70 DeprecationWarning: This process (pid=80199) is multi-threaded, use of fork() may lead to deadlocks in the child.
[2026-09-17T20:05:00.540+0200] {standard_task_runner.py:72} INFO - Started process 80201 to run task
[2026-09-17T20:05:00.539+0200] {standard_task_runner.py:104} INFO - Running: ['airflow', 'tasks', 'run', 'mini_riskagent_file_ingestion', 'wait_for_csv', 'scheduled__2026-09-17T17:55:00+00:00', '--job-id', '3786', '--raw', '--subdir', 'DAGS_FOLDER/data_ingest_pipeline.py', '--cfg-path', '/var/folders/5p/201rr1sj03g8gksxm9x48mbh0000gn/T/tmpgjxdvjbv']
[2026-09-17T20:05:00.540+0200] {standard_task_runner.py:105} INFO - Job 3786: Subtask wait_for_csv
[2026-09-17T20:05:00.553+0200] {task_command.py:467} INFO - Running <TaskInstance: mini_riskagent_file_ingestion.wait_for_csv scheduled__2026-09-17T17:55:00+00:00 [running]> on host mac.home
[2026-09-17T20:05:00.569+0200] {taskinstance.py:3134} INFO - Exporting env vars: AIRFLOW_CTX_DAG_OWNER='autoquery' AIRFLOW_CTX_DAG_ID='mini_riskagent_file_ingestion' AIRFLOW_CTX_TASK_ID='wait_for_csv' AIRFLOW_CTX_EXECUTION_DATE='2026-09-17T17:55:00+00:00' AIRFLOW_CTX_TRY_NUMBER='1' AIRFLOW_CTX_DAG_RUN_ID='scheduled__2026-09-17T17:55:00+00:00'
[2026-09-17T20:05:00.569+0200] {logging_mixin.py:190} INFO - Task instance is in running state
[2026-09-17T20:05:00.570+0200] {logging_mixin.py:190} INFO -  Previous state of the Task instance: queued
[2026-09-17T20:05:00.570+0200] {logging_mixin.py:190} INFO - Current task name:wait_for_csv state:running start_date:2026-09-17 18:05:00.531117+00:00
[2026-09-17T20:05:00.570+0200] {logging_mixin.py:190} INFO - Dag name:mini_riskagent_file_ingestion and current dag run status:running
[2026-09-17T20:05:00.570+0200] {taskinstance.py:732} INFO - ::endgroup::
[2026-09-17T20:05:00.571+0200] {python.py:75} INFO - Poking callable: <function check_for_csv_files at 0x10b242b60>
[2026-09-17T20:05:00.574+0200] {taskinstance.py:310} INFO - Rescheduling task, marking task as UP_FOR_RESCHEDULE
[2026-09-17T20:05:00.575+0200] {taskinstance.py:341} INFO - ::group::Post task execution logs
[2026-09-17T20:05:00.595+0200] {local_task_job_runner.py:266} INFO - Task exited with return code 0
[2026-09-17T20:05:00.602+0200] {taskinstance.py:3901} INFO - 0 downstream tasks scheduled from follow-on schedule check
[2026-09-17T20:05:00.602+0200] {local_task_job_runner.py:245} INFO - ::endgroup::
[2026-09-17T20:05:33.866+0200] {local_task_job_runner.py:123} INFO - ::group::Pre task execution logs
[2026-09-17T20:05:33.868+0200] {taskinstance.py:2614} INFO - Dependencies all met for dep_context=non-requeueable deps ti=<TaskInstance: mini_riskagent_file_ingestion.wait_for_csv scheduled__2026-09-17T17:55:00+00:00 [queued]>
[2026-09-17T20:05:33.870+0200] {taskinstance.py:2614} INFO - Dependencies all met for dep_context=requeueable deps ti=<TaskInstance: mini_riskagent_file_ingestion.wait_for_csv scheduled__2026-09-17T17:55:00+00:00 [queued]>
[2026-09-17T20:05:33.870+0200] {taskinstance.py:2867} INFO - Starting attempt 1 of 2
[2026-09-17T20:05:33.872+0200] {taskinstance.py:2890} INFO - Executing <Task(PythonSensor): wait_for_csv> on 2026-09-17 17:55:00+00:00
[2026-09-17T20:05:33.876+0200] {standard_task_runner.py:104} INFO - Running: ['airflow', 'tasks', 'run', 'mini_riskagent_file_ingestion', 'wait_for_csv', 'scheduled__2026-09-17T17:55:00+00:00', '--job-id', '3800', '--raw', '--subdir', 'DAGS_FOLDER/data_ingest_pipeline.py', '--cfg-path', '/var/folders/5p/201rr1sj03g8gksxm9x48mbh0000gn/T/tmp69_5pqzo']
[2026-09-17T20:05:33.877+0200] {logging_mixin.py:190} WARNING - /Users/swarnalidatta/Desktop/AutoQueryChatbot/.airflow-venv/lib/python3.12/site-packages/airflow/task/task_runner/standard_task_runner.py:70 DeprecationWarning: This process (pid=80296) is multi-threaded, use of fork() may lead to deadlocks in the child.
[2026-09-17T20:05:33.877+0200] {standard_task_runner.py:72} INFO - Started process 80302 to run task
[2026-09-17T20:05:33.877+0200] {standard_task_runner.py:105} INFO - Job 3800: Subtask wait_for_csv
[2026-09-17T20:05:33.891+0200] {task_command.py:467} INFO - Running <TaskInstance: mini_riskagent_file_ingestion.wait_for_csv scheduled__2026-09-17T17:55:00+00:00 [running]> on host mac.home
[2026-09-17T20:05:33.907+0200] {taskinstance.py:3134} INFO - Exporting env vars: AIRFLOW_CTX_DAG_OWNER='autoquery' AIRFLOW_CTX_DAG_ID='mini_riskagent_file_ingestion' AIRFLOW_CTX_TASK_ID='wait_for_csv' AIRFLOW_CTX_EXECUTION_DATE='2026-09-17T17:55:00+00:00' AIRFLOW_CTX_TRY_NUMBER='1' AIRFLOW_CTX_DAG_RUN_ID='scheduled__2026-09-17T17:55:00+00:00'
[2026-09-17T20:05:33.908+0200] {logging_mixin.py:190} INFO - Task instance is in running state
[2026-09-17T20:05:33.908+0200] {logging_mixin.py:190} INFO -  Previous state of the Task instance: queued
[2026-09-17T20:05:33.908+0200] {logging_mixin.py:190} INFO - Current task name:wait_for_csv state:running start_date:2026-09-17 18:05:33.868811+00:00
[2026-09-17T20:05:33.908+0200] {logging_mixin.py:190} INFO - Dag name:mini_riskagent_file_ingestion and current dag run status:running
[2026-09-17T20:05:33.909+0200] {taskinstance.py:732} INFO - ::endgroup::
[2026-09-17T20:05:33.910+0200] {python.py:75} INFO - Poking callable: <function check_for_csv_files at 0x108c5eb60>
[2026-09-17T20:05:33.913+0200] {taskinstance.py:310} INFO - Rescheduling task, marking task as UP_FOR_RESCHEDULE
[2026-09-17T20:05:33.914+0200] {taskinstance.py:341} INFO - ::group::Post task execution logs
[2026-09-17T20:05:33.933+0200] {local_task_job_runner.py:266} INFO - Task exited with return code 0
[2026-09-17T20:05:33.939+0200] {taskinstance.py:3901} INFO - 0 downstream tasks scheduled from follow-on schedule check
[2026-09-17T20:05:33.939+0200] {local_task_job_runner.py:245} INFO - ::endgroup::
[2026-09-17T20:06:06.934+0200] {local_task_job_runner.py:123} INFO - ::group::Pre task execution logs
[2026-09-17T20:06:06.937+0200] {taskinstance.py:2614} INFO - Dependencies all met for dep_context=non-requeueable deps ti=<TaskInstance: mini_riskagent_file_ingestion.wait_for_csv scheduled__2026-09-17T17:55:00+00:00 [queued]>
[2026-09-17T20:06:06.938+0200] {taskinstance.py:2614} INFO - Dependencies all met for dep_context=requeueable deps ti=<TaskInstance: mini_riskagent_file_ingestion.wait_for_csv scheduled__2026-09-17T17:55:00+00:00 [queued]>
[2026-09-17T20:06:06.938+0200] {taskinstance.py:2867} INFO - Starting attempt 1 of 2
[2026-09-17T20:06:06.941+0200] {taskinstance.py:2890} INFO - Executing <Task(PythonSensor): wait_for_csv> on 2026-09-17 17:55:00+00:00
[2026-09-17T20:06:06.946+0200] {logging_mixin.py:190} WARNING - /Users/swarnalidatta/Desktop/AutoQueryChatbot/.airflow-venv/lib/python3.12/site-packages/airflow/task/task_runner/standard_task_runner.py:70 DeprecationWarning: This process (pid=80402) is multi-threaded, use of fork() may lead to deadlocks in the child.
[2026-09-17T20:06:06.946+0200] {standard_task_runner.py:72} INFO - Started process 80404 to run task
[2026-09-17T20:06:06.945+0200] {standard_task_runner.py:104} INFO - Running: ['airflow', 'tasks', 'run', 'mini_riskagent_file_ingestion', 'wait_for_csv', 'scheduled__2026-09-17T17:55:00+00:00', '--job-id', '3815', '--raw', '--subdir', 'DAGS_FOLDER/data_ingest_pipeline.py', '--cfg-path', '/var/folders/5p/201rr1sj03g8gksxm9x48mbh0000gn/T/tmp9o4mf5kg']
[2026-09-17T20:06:06.946+0200] {standard_task_runner.py:105} INFO - Job 3815: Subtask wait_for_csv
[2026-09-17T20:06:06.959+0200] {task_command.py:467} INFO - Running <TaskInstance: mini_riskagent_file_ingestion.wait_for_csv scheduled__2026-09-17T17:55:00+00:00 [running]> on host mac.home
[2026-09-17T20:06:06.976+0200] {taskinstance.py:3134} INFO - Exporting env vars: AIRFLOW_CTX_DAG_OWNER='autoquery' AIRFLOW_CTX_DAG_ID='mini_riskagent_file_ingestion' AIRFLOW_CTX_TASK_ID='wait_for_csv' AIRFLOW_CTX_EXECUTION_DATE='2026-09-17T17:55:00+00:00' AIRFLOW_CTX_TRY_NUMBER='1' AIRFLOW_CTX_DAG_RUN_ID='scheduled__2026-09-17T17:55:00+00:00'
[2026-09-17T20:06:06.976+0200] {logging_mixin.py:190} INFO - Task instance is in running state
[2026-09-17T20:06:06.976+0200] {logging_mixin.py:190} INFO -  Previous state of the Task instance: queued
[2026-09-17T20:06:06.977+0200] {logging_mixin.py:190} INFO - Current task name:wait_for_csv state:running start_date:2026-09-17 18:06:06.937454+00:00
[2026-09-17T20:06:06.977+0200] {logging_mixin.py:190} INFO - Dag name:mini_riskagent_file_ingestion and current dag run status:running
[2026-09-17T20:06:06.977+0200] {taskinstance.py:732} INFO - ::endgroup::
[2026-09-17T20:06:06.978+0200] {python.py:75} INFO - Poking callable: <function check_for_csv_files at 0x10a7e2b60>
[2026-09-17T20:06:06.982+0200] {taskinstance.py:310} INFO - Rescheduling task, marking task as UP_FOR_RESCHEDULE
[2026-09-17T20:06:06.982+0200] {taskinstance.py:341} INFO - ::group::Post task execution logs
[2026-09-17T20:06:07.005+0200] {local_task_job_runner.py:266} INFO - Task exited with return code 0
[2026-09-17T20:06:07.012+0200] {taskinstance.py:3901} INFO - 0 downstream tasks scheduled from follow-on schedule check
[2026-09-17T20:06:07.012+0200] {local_task_job_runner.py:245} INFO - ::endgroup::
[2026-09-17T20:06:39.681+0200] {local_task_job_runner.py:123} INFO - ::group::Pre task execution logs
[2026-09-17T20:06:39.684+0200] {taskinstance.py:2614} INFO - Dependencies all met for dep_context=non-requeueable deps ti=<TaskInstance: mini_riskagent_file_ingestion.wait_for_csv scheduled__2026-09-17T17:55:00+00:00 [queued]>
[2026-09-17T20:06:39.685+0200] {taskinstance.py:2614} INFO - Dependencies all met for dep_context=requeueable deps ti=<TaskInstance: mini_riskagent_file_ingestion.wait_for_csv scheduled__2026-09-17T17:55:00+00:00 [queued]>
[2026-09-17T20:06:39.685+0200] {taskinstance.py:2867} INFO - Starting attempt 1 of 2
[2026-09-17T20:06:39.688+0200] {taskinstance.py:2890} INFO - Executing <Task(PythonSensor): wait_for_csv> on 2026-09-17 17:55:00+00:00
[2026-09-17T20:06:39.693+0200] {logging_mixin.py:190} WARNING - /Users/swarnalidatta/Desktop/AutoQueryChatbot/.airflow-venv/lib/python3.12/site-packages/airflow/task/task_runner/standard_task_runner.py:70 DeprecationWarning: This process (pid=80481) is multi-threaded, use of fork() may lead to deadlocks in the child.
[2026-09-17T20:06:39.693+0200] {standard_task_runner.py:72} INFO - Started process 80483 to run task
[2026-09-17T20:06:39.692+0200] {standard_task_runner.py:104} INFO - Running: ['airflow', 'tasks', 'run', 'mini_riskagent_file_ingestion', 'wait_for_csv', 'scheduled__2026-09-17T17:55:00+00:00', '--job-id', '3830', '--raw', '--subdir', 'DAGS_FOLDER/data_ingest_pipeline.py', '--cfg-path', '/var/folders/5p/201rr1sj03g8gksxm9x48mbh0000gn/T/tmpdyyr2r8q']
[2026-09-17T20:06:39.693+0200] {standard_task_runner.py:105} INFO - Job 3830: Subtask wait_for_csv
[2026-09-17T20:06:39.706+0200] {task_command.py:467} INFO - Running <TaskInstance: mini_riskagent_file_ingestion.wait_for_csv scheduled__2026-09-17T17:55:00+00:00 [running]> on host mac.home
[2026-09-17T20:06:39.723+0200] {taskinstance.py:3134} INFO - Exporting env vars: AIRFLOW_CTX_DAG_OWNER='autoquery' AIRFLOW_CTX_DAG_ID='mini_riskagent_file_ingestion' AIRFLOW_CTX_TASK_ID='wait_for_csv' AIRFLOW_CTX_EXECUTION_DATE='2026-09-17T17:55:00+00:00' AIRFLOW_CTX_TRY_NUMBER='1' AIRFLOW_CTX_DAG_RUN_ID='scheduled__2026-09-17T17:55:00+00:00'
[2026-09-17T20:06:39.723+0200] {logging_mixin.py:190} INFO - Task instance is in running state
[2026-09-17T20:06:39.723+0200] {logging_mixin.py:190} INFO -  Previous state of the Task instance: queued
[2026-09-17T20:06:39.724+0200] {logging_mixin.py:190} INFO - Current task name:wait_for_csv state:running start_date:2026-09-17 18:06:39.684315+00:00
[2026-09-17T20:06:39.724+0200] {logging_mixin.py:190} INFO - Dag name:mini_riskagent_file_ingestion and current dag run status:running
[2026-09-17T20:06:39.724+0200] {taskinstance.py:732} INFO - ::endgroup::
[2026-09-17T20:06:39.725+0200] {python.py:75} INFO - Poking callable: <function check_for_csv_files at 0x10e126b60>
[2026-09-17T20:06:39.729+0200] {taskinstance.py:310} INFO - Rescheduling task, marking task as UP_FOR_RESCHEDULE
[2026-09-17T20:06:39.729+0200] {taskinstance.py:341} INFO - ::group::Post task execution logs
[2026-09-17T20:06:39.749+0200] {local_task_job_runner.py:266} INFO - Task exited with return code 0
[2026-09-17T20:06:39.755+0200] {taskinstance.py:3901} INFO - 0 downstream tasks scheduled from follow-on schedule check
[2026-09-17T20:06:39.755+0200] {local_task_job_runner.py:245} INFO - ::endgroup::
[2026-09-17T20:07:13.543+0200] {local_task_job_runner.py:123} INFO - ::group::Pre task execution logs
[2026-09-17T20:07:13.546+0200] {taskinstance.py:2614} INFO - Dependencies all met for dep_context=non-requeueable deps ti=<TaskInstance: mini_riskagent_file_ingestion.wait_for_csv scheduled__2026-09-17T17:55:00+00:00 [queued]>
[2026-09-17T20:07:13.547+0200] {taskinstance.py:2614} INFO - Dependencies all met for dep_context=requeueable deps ti=<TaskInstance: mini_riskagent_file_ingestion.wait_for_csv scheduled__2026-09-17T17:55:00+00:00 [queued]>
[2026-09-17T20:07:13.548+0200] {taskinstance.py:2867} INFO - Starting attempt 1 of 2
[2026-09-17T20:07:13.551+0200] {taskinstance.py:2890} INFO - Executing <Task(PythonSensor): wait_for_csv> on 2026-09-17 17:55:00+00:00
[2026-09-17T20:07:13.555+0200] {logging_mixin.py:190} WARNING - /Users/swarnalidatta/Desktop/AutoQueryChatbot/.airflow-venv/lib/python3.12/site-packages/airflow/task/task_runner/standard_task_runner.py:70 DeprecationWarning: This process (pid=80786) is multi-threaded, use of fork() may lead to deadlocks in the child.
[2026-09-17T20:07:13.555+0200] {standard_task_runner.py:72} INFO - Started process 80788 to run task
[2026-09-17T20:07:13.555+0200] {standard_task_runner.py:104} INFO - Running: ['airflow', 'tasks', 'run', 'mini_riskagent_file_ingestion', 'wait_for_csv', 'scheduled__2026-09-17T17:55:00+00:00', '--job-id', '3846', '--raw', '--subdir', 'DAGS_FOLDER/data_ingest_pipeline.py', '--cfg-path', '/var/folders/5p/201rr1sj03g8gksxm9x48mbh0000gn/T/tmpny3ur2ov']
[2026-09-17T20:07:13.555+0200] {standard_task_runner.py:105} INFO - Job 3846: Subtask wait_for_csv
[2026-09-17T20:07:13.569+0200] {task_command.py:467} INFO - Running <TaskInstance: mini_riskagent_file_ingestion.wait_for_csv scheduled__2026-09-17T17:55:00+00:00 [running]> on host mac.home
[2026-09-17T20:07:13.586+0200] {taskinstance.py:3134} INFO - Exporting env vars: AIRFLOW_CTX_DAG_OWNER='autoquery' AIRFLOW_CTX_DAG_ID='mini_riskagent_file_ingestion' AIRFLOW_CTX_TASK_ID='wait_for_csv' AIRFLOW_CTX_EXECUTION_DATE='2026-09-17T17:55:00+00:00' AIRFLOW_CTX_TRY_NUMBER='1' AIRFLOW_CTX_DAG_RUN_ID='scheduled__2026-09-17T17:55:00+00:00'
[2026-09-17T20:07:13.586+0200] {logging_mixin.py:190} INFO - Task instance is in running state
[2026-09-17T20:07:13.586+0200] {logging_mixin.py:190} INFO -  Previous state of the Task instance: queued
[2026-09-17T20:07:13.587+0200] {logging_mixin.py:190} INFO - Current task name:wait_for_csv state:running start_date:2026-09-17 18:07:13.546618+00:00
[2026-09-17T20:07:13.587+0200] {logging_mixin.py:190} INFO - Dag name:mini_riskagent_file_ingestion and current dag run status:running
[2026-09-17T20:07:13.587+0200] {taskinstance.py:732} INFO - ::endgroup::
[2026-09-17T20:07:13.588+0200] {python.py:75} INFO - Poking callable: <function check_for_csv_files at 0x10c836b60>
[2026-09-17T20:07:13.592+0200] {taskinstance.py:310} INFO - Rescheduling task, marking task as UP_FOR_RESCHEDULE
[2026-09-17T20:07:13.592+0200] {taskinstance.py:341} INFO - ::group::Post task execution logs
[2026-09-17T20:07:13.611+0200] {local_task_job_runner.py:266} INFO - Task exited with return code 0
[2026-09-17T20:07:13.617+0200] {taskinstance.py:3901} INFO - 0 downstream tasks scheduled from follow-on schedule check
[2026-09-17T20:07:13.617+0200] {local_task_job_runner.py:245} INFO - ::endgroup::
[2026-09-17T20:07:46.720+0200] {local_task_job_runner.py:123} INFO - ::group::Pre task execution logs
[2026-09-17T20:07:46.723+0200] {taskinstance.py:2614} INFO - Dependencies all met for dep_context=non-requeueable deps ti=<TaskInstance: mini_riskagent_file_ingestion.wait_for_csv scheduled__2026-09-17T17:55:00+00:00 [queued]>
[2026-09-17T20:07:46.724+0200] {taskinstance.py:2614} INFO - Dependencies all met for dep_context=requeueable deps ti=<TaskInstance: mini_riskagent_file_ingestion.wait_for_csv scheduled__2026-09-17T17:55:00+00:00 [queued]>
[2026-09-17T20:07:46.724+0200] {taskinstance.py:2867} INFO - Starting attempt 1 of 2
[2026-09-17T20:07:46.727+0200] {taskinstance.py:2890} INFO - Executing <Task(PythonSensor): wait_for_csv> on 2026-09-17 17:55:00+00:00
[2026-09-17T20:07:46.732+0200] {logging_mixin.py:190} WARNING - /Users/swarnalidatta/Desktop/AutoQueryChatbot/.airflow-venv/lib/python3.12/site-packages/airflow/task/task_runner/standard_task_runner.py:70 DeprecationWarning: This process (pid=80895) is multi-threaded, use of fork() may lead to deadlocks in the child.
[2026-09-17T20:07:46.732+0200] {standard_task_runner.py:72} INFO - Started process 80898 to run task
[2026-09-17T20:07:46.731+0200] {standard_task_runner.py:104} INFO - Running: ['airflow', 'tasks', 'run', 'mini_riskagent_file_ingestion', 'wait_for_csv', 'scheduled__2026-09-17T17:55:00+00:00', '--job-id', '3862', '--raw', '--subdir', 'DAGS_FOLDER/data_ingest_pipeline.py', '--cfg-path', '/var/folders/5p/201rr1sj03g8gksxm9x48mbh0000gn/T/tmpmdfj8jee']
[2026-09-17T20:07:46.732+0200] {standard_task_runner.py:105} INFO - Job 3862: Subtask wait_for_csv
[2026-09-17T20:07:46.746+0200] {task_command.py:467} INFO - Running <TaskInstance: mini_riskagent_file_ingestion.wait_for_csv scheduled__2026-09-17T17:55:00+00:00 [running]> on host mac.home
[2026-09-17T20:07:46.762+0200] {taskinstance.py:3134} INFO - Exporting env vars: AIRFLOW_CTX_DAG_OWNER='autoquery' AIRFLOW_CTX_DAG_ID='mini_riskagent_file_ingestion' AIRFLOW_CTX_TASK_ID='wait_for_csv' AIRFLOW_CTX_EXECUTION_DATE='2026-09-17T17:55:00+00:00' AIRFLOW_CTX_TRY_NUMBER='1' AIRFLOW_CTX_DAG_RUN_ID='scheduled__2026-09-17T17:55:00+00:00'
[2026-09-17T20:07:46.763+0200] {logging_mixin.py:190} INFO - Task instance is in running state
[2026-09-17T20:07:46.763+0200] {logging_mixin.py:190} INFO -  Previous state of the Task instance: queued
[2026-09-17T20:07:46.763+0200] {logging_mixin.py:190} INFO - Current task name:wait_for_csv state:running start_date:2026-09-17 18:07:46.723264+00:00
[2026-09-17T20:07:46.763+0200] {logging_mixin.py:190} INFO - Dag name:mini_riskagent_file_ingestion and current dag run status:running
[2026-09-17T20:07:46.763+0200] {taskinstance.py:732} INFO - ::endgroup::
[2026-09-17T20:07:46.765+0200] {python.py:75} INFO - Poking callable: <function check_for_csv_files at 0x10dd12b60>
[2026-09-17T20:07:46.768+0200] {taskinstance.py:310} INFO - Rescheduling task, marking task as UP_FOR_RESCHEDULE
[2026-09-17T20:07:46.768+0200] {taskinstance.py:341} INFO - ::group::Post task execution logs
[2026-09-17T20:07:46.788+0200] {local_task_job_runner.py:266} INFO - Task exited with return code 0
[2026-09-17T20:07:46.794+0200] {taskinstance.py:3901} INFO - 0 downstream tasks scheduled from follow-on schedule check
[2026-09-17T20:07:46.794+0200] {local_task_job_runner.py:245} INFO - ::endgroup::
[2026-09-17T20:08:20.274+0200] {local_task_job_runner.py:123} INFO - ::group::Pre task execution logs
[2026-09-17T20:08:20.276+0200] {taskinstance.py:2614} INFO - Dependencies all met for dep_context=non-requeueable deps ti=<TaskInstance: mini_riskagent_file_ingestion.wait_for_csv scheduled__2026-09-17T17:55:00+00:00 [queued]>
[2026-09-17T20:08:20.278+0200] {taskinstance.py:2614} INFO - Dependencies all met for dep_context=requeueable deps ti=<TaskInstance: mini_riskagent_file_ingestion.wait_for_csv scheduled__2026-09-17T17:55:00+00:00 [queued]>
[2026-09-17T20:08:20.278+0200] {taskinstance.py:2867} INFO - Starting attempt 1 of 2
[2026-09-17T20:08:20.281+0200] {taskinstance.py:2890} INFO - Executing <Task(PythonSensor): wait_for_csv> on 2026-09-17 17:55:00+00:00
[2026-09-17T20:08:20.285+0200] {logging_mixin.py:190} WARNING - /Users/swarnalidatta/Desktop/AutoQueryChatbot/.airflow-venv/lib/python3.12/site-packages/airflow/task/task_runner/standard_task_runner.py:70 DeprecationWarning: This process (pid=81015) is multi-threaded, use of fork() may lead to deadlocks in the child.
[2026-09-17T20:08:20.286+0200] {standard_task_runner.py:72} INFO - Started process 81017 to run task
[2026-09-17T20:08:20.285+0200] {standard_task_runner.py:104} INFO - Running: ['airflow', 'tasks', 'run', 'mini_riskagent_file_ingestion', 'wait_for_csv', 'scheduled__2026-09-17T17:55:00+00:00', '--job-id', '3878', '--raw', '--subdir', 'DAGS_FOLDER/data_ingest_pipeline.py', '--cfg-path', '/var/folders/5p/201rr1sj03g8gksxm9x48mbh0000gn/T/tmpzdst5lgg']
[2026-09-17T20:08:20.286+0200] {standard_task_runner.py:105} INFO - Job 3878: Subtask wait_for_csv
[2026-09-17T20:08:20.300+0200] {task_command.py:467} INFO - Running <TaskInstance: mini_riskagent_file_ingestion.wait_for_csv scheduled__2026-09-17T17:55:00+00:00 [running]> on host mac.home
[2026-09-17T20:08:20.316+0200] {taskinstance.py:3134} INFO - Exporting env vars: AIRFLOW_CTX_DAG_OWNER='autoquery' AIRFLOW_CTX_DAG_ID='mini_riskagent_file_ingestion' AIRFLOW_CTX_TASK_ID='wait_for_csv' AIRFLOW_CTX_EXECUTION_DATE='2026-09-17T17:55:00+00:00' AIRFLOW_CTX_TRY_NUMBER='1' AIRFLOW_CTX_DAG_RUN_ID='scheduled__2026-09-17T17:55:00+00:00'
[2026-09-17T20:08:20.316+0200] {logging_mixin.py:190} INFO - Task instance is in running state
[2026-09-17T20:08:20.317+0200] {logging_mixin.py:190} INFO -  Previous state of the Task instance: queued
[2026-09-17T20:08:20.317+0200] {logging_mixin.py:190} INFO - Current task name:wait_for_csv state:running start_date:2026-09-17 18:08:20.276976+00:00
[2026-09-17T20:08:20.317+0200] {logging_mixin.py:190} INFO - Dag name:mini_riskagent_file_ingestion and current dag run status:running
[2026-09-17T20:08:20.317+0200] {taskinstance.py:732} INFO - ::endgroup::
[2026-09-17T20:08:20.319+0200] {python.py:75} INFO - Poking callable: <function check_for_csv_files at 0x10c996b60>
[2026-09-17T20:08:20.322+0200] {taskinstance.py:310} INFO - Rescheduling task, marking task as UP_FOR_RESCHEDULE
[2026-09-17T20:08:20.322+0200] {taskinstance.py:341} INFO - ::group::Post task execution logs
[2026-09-17T20:08:20.341+0200] {local_task_job_runner.py:266} INFO - Task exited with return code 0
[2026-09-17T20:08:20.348+0200] {taskinstance.py:3901} INFO - 0 downstream tasks scheduled from follow-on schedule check
[2026-09-17T20:08:20.348+0200] {local_task_job_runner.py:245} INFO - ::endgroup::
[2026-09-17T20:08:52.916+0200] {local_task_job_runner.py:123} INFO - ::group::Pre task execution logs
[2026-09-17T20:08:52.919+0200] {taskinstance.py:2614} INFO - Dependencies all met for dep_context=non-requeueable deps ti=<TaskInstance: mini_riskagent_file_ingestion.wait_for_csv scheduled__2026-09-17T17:55:00+00:00 [queued]>
[2026-09-17T20:08:52.920+0200] {taskinstance.py:2614} INFO - Dependencies all met for dep_context=requeueable deps ti=<TaskInstance: mini_riskagent_file_ingestion.wait_for_csv scheduled__2026-09-17T17:55:00+00:00 [queued]>
[2026-09-17T20:08:52.920+0200] {taskinstance.py:2867} INFO - Starting attempt 1 of 2
[2026-09-17T20:08:52.923+0200] {taskinstance.py:2890} INFO - Executing <Task(PythonSensor): wait_for_csv> on 2026-09-17 17:55:00+00:00
[2026-09-17T20:08:52.927+0200] {logging_mixin.py:190} WARNING - /Users/swarnalidatta/Desktop/AutoQueryChatbot/.airflow-venv/lib/python3.12/site-packages/airflow/task/task_runner/standard_task_runner.py:70 DeprecationWarning: This process (pid=81324) is multi-threaded, use of fork() may lead to deadlocks in the child.
[2026-09-17T20:08:52.928+0200] {standard_task_runner.py:72} INFO - Started process 81326 to run task
[2026-09-17T20:08:52.927+0200] {standard_task_runner.py:104} INFO - Running: ['airflow', 'tasks', 'run', 'mini_riskagent_file_ingestion', 'wait_for_csv', 'scheduled__2026-09-17T17:55:00+00:00', '--job-id', '3894', '--raw', '--subdir', 'DAGS_FOLDER/data_ingest_pipeline.py', '--cfg-path', '/var/folders/5p/201rr1sj03g8gksxm9x48mbh0000gn/T/tmpo1f86v5o']
[2026-09-17T20:08:52.928+0200] {standard_task_runner.py:105} INFO - Job 3894: Subtask wait_for_csv
[2026-09-17T20:08:52.942+0200] {task_command.py:467} INFO - Running <TaskInstance: mini_riskagent_file_ingestion.wait_for_csv scheduled__2026-09-17T17:55:00+00:00 [running]> on host mac.home
[2026-09-17T20:08:52.958+0200] {taskinstance.py:3134} INFO - Exporting env vars: AIRFLOW_CTX_DAG_OWNER='autoquery' AIRFLOW_CTX_DAG_ID='mini_riskagent_file_ingestion' AIRFLOW_CTX_TASK_ID='wait_for_csv' AIRFLOW_CTX_EXECUTION_DATE='2026-09-17T17:55:00+00:00' AIRFLOW_CTX_TRY_NUMBER='1' AIRFLOW_CTX_DAG_RUN_ID='scheduled__2026-09-17T17:55:00+00:00'
[2026-09-17T20:08:52.959+0200] {logging_mixin.py:190} INFO - Task instance is in running state
[2026-09-17T20:08:52.959+0200] {logging_mixin.py:190} INFO -  Previous state of the Task instance: queued
[2026-09-17T20:08:52.959+0200] {logging_mixin.py:190} INFO - Current task name:wait_for_csv state:running start_date:2026-09-17 18:08:52.919106+00:00
[2026-09-17T20:08:52.959+0200] {logging_mixin.py:190} INFO - Dag name:mini_riskagent_file_ingestion and current dag run status:running
[2026-09-17T20:08:52.960+0200] {taskinstance.py:732} INFO - ::endgroup::
[2026-09-17T20:08:52.961+0200] {python.py:75} INFO - Poking callable: <function check_for_csv_files at 0x108b76b60>
[2026-09-17T20:08:52.964+0200] {taskinstance.py:310} INFO - Rescheduling task, marking task as UP_FOR_RESCHEDULE
[2026-09-17T20:08:52.964+0200] {taskinstance.py:341} INFO - ::group::Post task execution logs
[2026-09-17T20:08:52.983+0200] {local_task_job_runner.py:266} INFO - Task exited with return code 0
[2026-09-17T20:08:52.990+0200] {taskinstance.py:3901} INFO - 0 downstream tasks scheduled from follow-on schedule check
[2026-09-17T20:08:52.990+0200] {local_task_job_runner.py:245} INFO - ::endgroup::
[2026-09-17T20:09:25.171+0200] {local_task_job_runner.py:123} INFO - ::group::Pre task execution logs
[2026-09-17T20:09:25.173+0200] {taskinstance.py:2614} INFO - Dependencies all met for dep_context=non-requeueable deps ti=<TaskInstance: mini_riskagent_file_ingestion.wait_for_csv scheduled__2026-09-17T17:55:00+00:00 [queued]>
[2026-09-17T20:09:25.175+0200] {taskinstance.py:2614} INFO - Dependencies all met for dep_context=requeueable deps ti=<TaskInstance: mini_riskagent_file_ingestion.wait_for_csv scheduled__2026-09-17T17:55:00+00:00 [queued]>
[2026-09-17T20:09:25.175+0200] {taskinstance.py:2867} INFO - Starting attempt 1 of 2
[2026-09-17T20:09:25.178+0200] {taskinstance.py:2890} INFO - Executing <Task(PythonSensor): wait_for_csv> on 2026-09-17 17:55:00+00:00
[2026-09-17T20:09:25.183+0200] {logging_mixin.py:190} WARNING - /Users/swarnalidatta/Desktop/AutoQueryChatbot/.airflow-venv/lib/python3.12/site-packages/airflow/task/task_runner/standard_task_runner.py:70 DeprecationWarning: This process (pid=81437) is multi-threaded, use of fork() may lead to deadlocks in the child.
[2026-09-17T20:09:25.182+0200] {standard_task_runner.py:104} INFO - Running: ['airflow', 'tasks', 'run', 'mini_riskagent_file_ingestion', 'wait_for_csv', 'scheduled__2026-09-17T17:55:00+00:00', '--job-id', '3910', '--raw', '--subdir', 'DAGS_FOLDER/data_ingest_pipeline.py', '--cfg-path', '/var/folders/5p/201rr1sj03g8gksxm9x48mbh0000gn/T/tmpadg6l8eb']
[2026-09-17T20:09:25.183+0200] {standard_task_runner.py:72} INFO - Started process 81439 to run task
[2026-09-17T20:09:25.183+0200] {standard_task_runner.py:105} INFO - Job 3910: Subtask wait_for_csv
[2026-09-17T20:09:25.197+0200] {task_command.py:467} INFO - Running <TaskInstance: mini_riskagent_file_ingestion.wait_for_csv scheduled__2026-09-17T17:55:00+00:00 [running]> on host mac.home
[2026-09-17T20:09:25.213+0200] {taskinstance.py:3134} INFO - Exporting env vars: AIRFLOW_CTX_DAG_OWNER='autoquery' AIRFLOW_CTX_DAG_ID='mini_riskagent_file_ingestion' AIRFLOW_CTX_TASK_ID='wait_for_csv' AIRFLOW_CTX_EXECUTION_DATE='2026-09-17T17:55:00+00:00' AIRFLOW_CTX_TRY_NUMBER='1' AIRFLOW_CTX_DAG_RUN_ID='scheduled__2026-09-17T17:55:00+00:00'
[2026-09-17T20:09:25.213+0200] {logging_mixin.py:190} INFO - Task instance is in running state
[2026-09-17T20:09:25.214+0200] {logging_mixin.py:190} INFO -  Previous state of the Task instance: queued
[2026-09-17T20:09:25.214+0200] {logging_mixin.py:190} INFO - Current task name:wait_for_csv state:running start_date:2026-09-17 18:09:25.174053+00:00
[2026-09-17T20:09:25.214+0200] {logging_mixin.py:190} INFO - Dag name:mini_riskagent_file_ingestion and current dag run status:running
[2026-09-17T20:09:25.214+0200] {taskinstance.py:732} INFO - ::endgroup::
[2026-09-17T20:09:25.216+0200] {python.py:75} INFO - Poking callable: <function check_for_csv_files at 0x10af7ab60>
[2026-09-17T20:09:25.219+0200] {taskinstance.py:310} INFO - Rescheduling task, marking task as UP_FOR_RESCHEDULE
[2026-09-17T20:09:25.219+0200] {taskinstance.py:341} INFO - ::group::Post task execution logs
[2026-09-17T20:09:25.239+0200] {local_task_job_runner.py:266} INFO - Task exited with return code 0
[2026-09-17T20:09:25.245+0200] {taskinstance.py:3901} INFO - 0 downstream tasks scheduled from follow-on schedule check
[2026-09-17T20:09:25.246+0200] {local_task_job_runner.py:245} INFO - ::endgroup::
[2026-09-17T20:09:56.144+0200] {local_task_job_runner.py:123} INFO - ::group::Pre task execution logs
[2026-09-17T20:09:56.146+0200] {taskinstance.py:2614} INFO - Dependencies all met for dep_context=non-requeueable deps ti=<TaskInstance: mini_riskagent_file_ingestion.wait_for_csv scheduled__2026-09-17T17:55:00+00:00 [queued]>
[2026-09-17T20:09:56.148+0200] {taskinstance.py:2614} INFO - Dependencies all met for dep_context=requeueable deps ti=<TaskInstance: mini_riskagent_file_ingestion.wait_for_csv scheduled__2026-09-17T17:55:00+00:00 [queued]>
[2026-09-17T20:09:56.148+0200] {taskinstance.py:2867} INFO - Starting attempt 1 of 2
[2026-09-17T20:09:56.151+0200] {taskinstance.py:2890} INFO - Executing <Task(PythonSensor): wait_for_csv> on 2026-09-17 17:55:00+00:00
[2026-09-17T20:09:56.155+0200] {logging_mixin.py:190} WARNING - /Users/swarnalidatta/Desktop/AutoQueryChatbot/.airflow-venv/lib/python3.12/site-packages/airflow/task/task_runner/standard_task_runner.py:70 DeprecationWarning: This process (pid=81548) is multi-threaded, use of fork() may lead to deadlocks in the child.
[2026-09-17T20:09:56.156+0200] {standard_task_runner.py:72} INFO - Started process 81550 to run task
[2026-09-17T20:09:56.155+0200] {standard_task_runner.py:104} INFO - Running: ['airflow', 'tasks', 'run', 'mini_riskagent_file_ingestion', 'wait_for_csv', 'scheduled__2026-09-17T17:55:00+00:00', '--job-id', '3925', '--raw', '--subdir', 'DAGS_FOLDER/data_ingest_pipeline.py', '--cfg-path', '/var/folders/5p/201rr1sj03g8gksxm9x48mbh0000gn/T/tmpoghq7ya5']
[2026-09-17T20:09:56.156+0200] {standard_task_runner.py:105} INFO - Job 3925: Subtask wait_for_csv
[2026-09-17T20:09:56.170+0200] {task_command.py:467} INFO - Running <TaskInstance: mini_riskagent_file_ingestion.wait_for_csv scheduled__2026-09-17T17:55:00+00:00 [running]> on host mac.home
[2026-09-17T20:09:56.186+0200] {taskinstance.py:3134} INFO - Exporting env vars: AIRFLOW_CTX_DAG_OWNER='autoquery' AIRFLOW_CTX_DAG_ID='mini_riskagent_file_ingestion' AIRFLOW_CTX_TASK_ID='wait_for_csv' AIRFLOW_CTX_EXECUTION_DATE='2026-09-17T17:55:00+00:00' AIRFLOW_CTX_TRY_NUMBER='1' AIRFLOW_CTX_DAG_RUN_ID='scheduled__2026-09-17T17:55:00+00:00'
[2026-09-17T20:09:56.187+0200] {logging_mixin.py:190} INFO - Task instance is in running state
[2026-09-17T20:09:56.187+0200] {logging_mixin.py:190} INFO -  Previous state of the Task instance: queued
[2026-09-17T20:09:56.187+0200] {logging_mixin.py:190} INFO - Current task name:wait_for_csv state:running start_date:2026-09-17 18:09:56.147051+00:00
[2026-09-17T20:09:56.187+0200] {logging_mixin.py:190} INFO - Dag name:mini_riskagent_file_ingestion and current dag run status:running
[2026-09-17T20:09:56.188+0200] {taskinstance.py:732} INFO - ::endgroup::
[2026-09-17T20:09:56.189+0200] {python.py:75} INFO - Poking callable: <function check_for_csv_files at 0x10d312b60>
[2026-09-17T20:09:56.192+0200] {taskinstance.py:310} INFO - Rescheduling task, marking task as UP_FOR_RESCHEDULE
[2026-09-17T20:09:56.193+0200] {taskinstance.py:341} INFO - ::group::Post task execution logs
[2026-09-17T20:09:56.211+0200] {local_task_job_runner.py:266} INFO - Task exited with return code 0
[2026-09-17T20:09:56.218+0200] {taskinstance.py:3901} INFO - 0 downstream tasks scheduled from follow-on schedule check
[2026-09-17T20:09:56.218+0200] {local_task_job_runner.py:245} INFO - ::endgroup::
[2026-09-17T20:10:28.397+0200] {local_task_job_runner.py:123} INFO - ::group::Pre task execution logs
[2026-09-17T20:10:28.400+0200] {taskinstance.py:2614} INFO - Dependencies all met for dep_context=non-requeueable deps ti=<TaskInstance: mini_riskagent_file_ingestion.wait_for_csv scheduled__2026-09-17T17:55:00+00:00 [queued]>
[2026-09-17T20:10:28.401+0200] {taskinstance.py:2614} INFO - Dependencies all met for dep_context=requeueable deps ti=<TaskInstance: mini_riskagent_file_ingestion.wait_for_csv scheduled__2026-09-17T17:55:00+00:00 [queued]>
[2026-09-17T20:10:28.401+0200] {taskinstance.py:2867} INFO - Starting attempt 1 of 2
[2026-09-17T20:10:28.404+0200] {taskinstance.py:2890} INFO - Executing <Task(PythonSensor): wait_for_csv> on 2026-09-17 17:55:00+00:00
[2026-09-17T20:10:28.409+0200] {logging_mixin.py:190} WARNING - /Users/swarnalidatta/Desktop/AutoQueryChatbot/.airflow-venv/lib/python3.12/site-packages/airflow/task/task_runner/standard_task_runner.py:70 DeprecationWarning: This process (pid=81666) is multi-threaded, use of fork() may lead to deadlocks in the child.
[2026-09-17T20:10:28.409+0200] {standard_task_runner.py:72} INFO - Started process 81825 to run task
[2026-09-17T20:10:28.409+0200] {standard_task_runner.py:104} INFO - Running: ['airflow', 'tasks', 'run', 'mini_riskagent_file_ingestion', 'wait_for_csv', 'scheduled__2026-09-17T17:55:00+00:00', '--job-id', '3941', '--raw', '--subdir', 'DAGS_FOLDER/data_ingest_pipeline.py', '--cfg-path', '/var/folders/5p/201rr1sj03g8gksxm9x48mbh0000gn/T/tmp2lvoz79v']
[2026-09-17T20:10:28.410+0200] {standard_task_runner.py:105} INFO - Job 3941: Subtask wait_for_csv
[2026-09-17T20:10:28.424+0200] {task_command.py:467} INFO - Running <TaskInstance: mini_riskagent_file_ingestion.wait_for_csv scheduled__2026-09-17T17:55:00+00:00 [running]> on host mac.home
[2026-09-17T20:10:28.440+0200] {taskinstance.py:3134} INFO - Exporting env vars: AIRFLOW_CTX_DAG_OWNER='autoquery' AIRFLOW_CTX_DAG_ID='mini_riskagent_file_ingestion' AIRFLOW_CTX_TASK_ID='wait_for_csv' AIRFLOW_CTX_EXECUTION_DATE='2026-09-17T17:55:00+00:00' AIRFLOW_CTX_TRY_NUMBER='1' AIRFLOW_CTX_DAG_RUN_ID='scheduled__2026-09-17T17:55:00+00:00'
[2026-09-17T20:10:28.441+0200] {logging_mixin.py:190} INFO - Task instance is in running state
[2026-09-17T20:10:28.441+0200] {logging_mixin.py:190} INFO -  Previous state of the Task instance: queued
[2026-09-17T20:10:28.441+0200] {logging_mixin.py:190} INFO - Current task name:wait_for_csv state:running start_date:2026-09-17 18:10:28.400461+00:00
[2026-09-17T20:10:28.441+0200] {logging_mixin.py:190} INFO - Dag name:mini_riskagent_file_ingestion and current dag run status:running
[2026-09-17T20:10:28.441+0200] {taskinstance.py:732} INFO - ::endgroup::
[2026-09-17T20:10:28.443+0200] {python.py:75} INFO - Poking callable: <function check_for_csv_files at 0x110112b60>
[2026-09-17T20:10:28.446+0200] {taskinstance.py:310} INFO - Rescheduling task, marking task as UP_FOR_RESCHEDULE
[2026-09-17T20:10:28.446+0200] {taskinstance.py:341} INFO - ::group::Post task execution logs
[2026-09-17T20:10:28.465+0200] {local_task_job_runner.py:266} INFO - Task exited with return code 0
[2026-09-17T20:10:28.469+0200] {dagrun.py:977} ERROR - Failed to get task for ti <TaskInstance: mini_riskagent_file_ingestion.run_dbt_staging scheduled__2026-09-17T17:55:00+00:00 [None]>. Marking it as removed.
[2026-09-17T20:10:28.472+0200] {taskinstance.py:3901} INFO - 0 downstream tasks scheduled from follow-on schedule check
[2026-09-17T20:10:28.473+0200] {local_task_job_runner.py:245} INFO - ::endgroup::
[2026-09-17T20:11:00.818+0200] {local_task_job_runner.py:123} INFO - ::group::Pre task execution logs
[2026-09-17T20:11:00.820+0200] {taskinstance.py:2614} INFO - Dependencies all met for dep_context=non-requeueable deps ti=<TaskInstance: mini_riskagent_file_ingestion.wait_for_csv scheduled__2026-09-17T17:55:00+00:00 [queued]>
[2026-09-17T20:11:00.822+0200] {taskinstance.py:2614} INFO - Dependencies all met for dep_context=requeueable deps ti=<TaskInstance: mini_riskagent_file_ingestion.wait_for_csv scheduled__2026-09-17T17:55:00+00:00 [queued]>
[2026-09-17T20:11:00.822+0200] {taskinstance.py:2867} INFO - Starting attempt 1 of 2
[2026-09-17T20:11:00.825+0200] {taskinstance.py:2890} INFO - Executing <Task(PythonSensor): wait_for_csv> on 2026-09-17 17:55:00+00:00
[2026-09-17T20:11:00.830+0200] {logging_mixin.py:190} WARNING - /Users/swarnalidatta/Desktop/AutoQueryChatbot/.airflow-venv/lib/python3.12/site-packages/airflow/task/task_runner/standard_task_runner.py:70 DeprecationWarning: This process (pid=82140) is multi-threaded, use of fork() may lead to deadlocks in the child.
[2026-09-17T20:11:00.831+0200] {standard_task_runner.py:72} INFO - Started process 82146 to run task
[2026-09-17T20:11:00.830+0200] {standard_task_runner.py:104} INFO - Running: ['airflow', 'tasks', 'run', 'mini_riskagent_file_ingestion', 'wait_for_csv', 'scheduled__2026-09-17T17:55:00+00:00', '--job-id', '3957', '--raw', '--subdir', 'DAGS_FOLDER/data_ingest_pipeline.py', '--cfg-path', '/var/folders/5p/201rr1sj03g8gksxm9x48mbh0000gn/T/tmpmwvk2r7b']
[2026-09-17T20:11:00.831+0200] {standard_task_runner.py:105} INFO - Job 3957: Subtask wait_for_csv
[2026-09-17T20:11:00.845+0200] {task_command.py:467} INFO - Running <TaskInstance: mini_riskagent_file_ingestion.wait_for_csv scheduled__2026-09-17T17:55:00+00:00 [running]> on host mac.home
[2026-09-17T20:11:00.864+0200] {taskinstance.py:3134} INFO - Exporting env vars: AIRFLOW_CTX_DAG_OWNER='autoquery' AIRFLOW_CTX_DAG_ID='mini_riskagent_file_ingestion' AIRFLOW_CTX_TASK_ID='wait_for_csv' AIRFLOW_CTX_EXECUTION_DATE='2026-09-17T17:55:00+00:00' AIRFLOW_CTX_TRY_NUMBER='1' AIRFLOW_CTX_DAG_RUN_ID='scheduled__2026-09-17T17:55:00+00:00'
[2026-09-17T20:11:00.864+0200] {logging_mixin.py:190} INFO - Task instance is in running state
[2026-09-17T20:11:00.864+0200] {logging_mixin.py:190} INFO -  Previous state of the Task instance: queued
[2026-09-17T20:11:00.865+0200] {logging_mixin.py:190} INFO - Current task name:wait_for_csv state:running start_date:2026-09-17 18:11:00.820972+00:00
[2026-09-17T20:11:00.865+0200] {logging_mixin.py:190} INFO - Dag name:mini_riskagent_file_ingestion and current dag run status:running
[2026-09-17T20:11:00.865+0200] {taskinstance.py:732} INFO - ::endgroup::
[2026-09-17T20:11:00.866+0200] {python.py:75} INFO - Poking callable: <function check_for_csv_files at 0x10b28ab60>
[2026-09-17T20:11:00.870+0200] {taskinstance.py:310} INFO - Rescheduling task, marking task as UP_FOR_RESCHEDULE
[2026-09-17T20:11:00.870+0200] {taskinstance.py:341} INFO - ::group::Post task execution logs
[2026-09-17T20:11:00.886+0200] {local_task_job_runner.py:266} INFO - Task exited with return code 0
[2026-09-17T20:11:00.893+0200] {taskinstance.py:3901} INFO - 0 downstream tasks scheduled from follow-on schedule check
[2026-09-17T20:11:00.893+0200] {local_task_job_runner.py:245} INFO - ::endgroup::
[2026-09-17T20:11:47.101+0200] {local_task_job_runner.py:123} INFO - ::group::Pre task execution logs
[2026-09-17T20:11:47.104+0200] {taskinstance.py:2614} INFO - Dependencies all met for dep_context=non-requeueable deps ti=<TaskInstance: mini_riskagent_file_ingestion.wait_for_csv scheduled__2026-09-17T17:55:00+00:00 [queued]>
[2026-09-17T20:11:47.106+0200] {taskinstance.py:2614} INFO - Dependencies all met for dep_context=requeueable deps ti=<TaskInstance: mini_riskagent_file_ingestion.wait_for_csv scheduled__2026-09-17T17:55:00+00:00 [queued]>
[2026-09-17T20:11:47.106+0200] {taskinstance.py:2867} INFO - Starting attempt 1 of 2
[2026-09-17T20:11:47.109+0200] {taskinstance.py:2890} INFO - Executing <Task(PythonSensor): wait_for_csv> on 2026-09-17 17:55:00+00:00
[2026-09-17T20:11:47.114+0200] {logging_mixin.py:190} WARNING - /Users/swarnalidatta/Desktop/AutoQueryChatbot/.airflow-venv/lib/python3.12/site-packages/airflow/task/task_runner/standard_task_runner.py:70 DeprecationWarning: This process (pid=82315) is multi-threaded, use of fork() may lead to deadlocks in the child.
[2026-09-17T20:11:47.115+0200] {standard_task_runner.py:72} INFO - Started process 82317 to run task
[2026-09-17T20:11:47.114+0200] {standard_task_runner.py:104} INFO - Running: ['airflow', 'tasks', 'run', 'mini_riskagent_file_ingestion', 'wait_for_csv', 'scheduled__2026-09-17T17:55:00+00:00', '--job-id', '3975', '--raw', '--subdir', 'DAGS_FOLDER/data_ingest_pipeline.py', '--cfg-path', '/var/folders/5p/201rr1sj03g8gksxm9x48mbh0000gn/T/tmpj2ao5zqv']
[2026-09-17T20:11:47.115+0200] {standard_task_runner.py:105} INFO - Job 3975: Subtask wait_for_csv
[2026-09-17T20:11:47.129+0200] {task_command.py:467} INFO - Running <TaskInstance: mini_riskagent_file_ingestion.wait_for_csv scheduled__2026-09-17T17:55:00+00:00 [running]> on host mac.home
[2026-09-17T20:11:47.145+0200] {taskinstance.py:3134} INFO - Exporting env vars: AIRFLOW_CTX_DAG_OWNER='autoquery' AIRFLOW_CTX_DAG_ID='mini_riskagent_file_ingestion' AIRFLOW_CTX_TASK_ID='wait_for_csv' AIRFLOW_CTX_EXECUTION_DATE='2026-09-17T17:55:00+00:00' AIRFLOW_CTX_TRY_NUMBER='1' AIRFLOW_CTX_DAG_RUN_ID='scheduled__2026-09-17T17:55:00+00:00'
[2026-09-17T20:11:47.146+0200] {logging_mixin.py:190} INFO - Task instance is in running state
[2026-09-17T20:11:47.146+0200] {logging_mixin.py:190} INFO -  Previous state of the Task instance: queued
[2026-09-17T20:11:47.146+0200] {logging_mixin.py:190} INFO - Current task name:wait_for_csv state:running start_date:2026-09-17 18:11:47.105001+00:00
[2026-09-17T20:11:47.147+0200] {logging_mixin.py:190} INFO - Dag name:mini_riskagent_file_ingestion and current dag run status:running
[2026-09-17T20:11:47.147+0200] {taskinstance.py:732} INFO - ::endgroup::
[2026-09-17T20:11:47.148+0200] {python.py:75} INFO - Poking callable: <function check_for_csv_files at 0x108a96b60>
[2026-09-17T20:11:47.151+0200] {taskinstance.py:310} INFO - Rescheduling task, marking task as UP_FOR_RESCHEDULE
[2026-09-17T20:11:47.152+0200] {taskinstance.py:341} INFO - ::group::Post task execution logs
[2026-09-17T20:11:47.170+0200] {local_task_job_runner.py:266} INFO - Task exited with return code 0
[2026-09-17T20:11:47.177+0200] {taskinstance.py:3901} INFO - 0 downstream tasks scheduled from follow-on schedule check
[2026-09-17T20:11:47.178+0200] {local_task_job_runner.py:245} INFO - ::endgroup::
[2026-09-17T20:12:20.402+0200] {local_task_job_runner.py:123} INFO - ::group::Pre task execution logs
[2026-09-17T20:12:20.404+0200] {taskinstance.py:2614} INFO - Dependencies all met for dep_context=non-requeueable deps ti=<TaskInstance: mini_riskagent_file_ingestion.wait_for_csv scheduled__2026-09-17T17:55:00+00:00 [queued]>
[2026-09-17T20:12:20.406+0200] {taskinstance.py:2614} INFO - Dependencies all met for dep_context=requeueable deps ti=<TaskInstance: mini_riskagent_file_ingestion.wait_for_csv scheduled__2026-09-17T17:55:00+00:00 [queued]>
[2026-09-17T20:12:20.406+0200] {taskinstance.py:2867} INFO - Starting attempt 1 of 2
[2026-09-17T20:12:20.409+0200] {taskinstance.py:2890} INFO - Executing <Task(PythonSensor): wait_for_csv> on 2026-09-17 17:55:00+00:00
[2026-09-17T20:12:20.414+0200] {logging_mixin.py:190} WARNING - /Users/swarnalidatta/Desktop/AutoQueryChatbot/.airflow-venv/lib/python3.12/site-packages/airflow/task/task_runner/standard_task_runner.py:70 DeprecationWarning: This process (pid=82417) is multi-threaded, use of fork() may lead to deadlocks in the child.
[2026-09-17T20:12:20.414+0200] {standard_task_runner.py:72} INFO - Started process 82420 to run task
[2026-09-17T20:12:20.413+0200] {standard_task_runner.py:104} INFO - Running: ['airflow', 'tasks', 'run', 'mini_riskagent_file_ingestion', 'wait_for_csv', 'scheduled__2026-09-17T17:55:00+00:00', '--job-id', '3991', '--raw', '--subdir', 'DAGS_FOLDER/data_ingest_pipeline.py', '--cfg-path', '/var/folders/5p/201rr1sj03g8gksxm9x48mbh0000gn/T/tmpepfqnftk']
[2026-09-17T20:12:20.414+0200] {standard_task_runner.py:105} INFO - Job 3991: Subtask wait_for_csv
[2026-09-17T20:12:20.428+0200] {task_command.py:467} INFO - Running <TaskInstance: mini_riskagent_file_ingestion.wait_for_csv scheduled__2026-09-17T17:55:00+00:00 [running]> on host mac.home
[2026-09-17T20:12:20.444+0200] {taskinstance.py:3134} INFO - Exporting env vars: AIRFLOW_CTX_DAG_OWNER='autoquery' AIRFLOW_CTX_DAG_ID='mini_riskagent_file_ingestion' AIRFLOW_CTX_TASK_ID='wait_for_csv' AIRFLOW_CTX_EXECUTION_DATE='2026-09-17T17:55:00+00:00' AIRFLOW_CTX_TRY_NUMBER='1' AIRFLOW_CTX_DAG_RUN_ID='scheduled__2026-09-17T17:55:00+00:00'
[2026-09-17T20:12:20.445+0200] {logging_mixin.py:190} INFO - Task instance is in running state
[2026-09-17T20:12:20.445+0200] {logging_mixin.py:190} INFO -  Previous state of the Task instance: queued
[2026-09-17T20:12:20.445+0200] {logging_mixin.py:190} INFO - Current task name:wait_for_csv state:running start_date:2026-09-17 18:12:20.404932+00:00
[2026-09-17T20:12:20.445+0200] {logging_mixin.py:190} INFO - Dag name:mini_riskagent_file_ingestion and current dag run status:running
[2026-09-17T20:12:20.446+0200] {taskinstance.py:732} INFO - ::endgroup::
[2026-09-17T20:12:20.447+0200] {python.py:75} INFO - Poking callable: <function check_for_csv_files at 0x108c9ab60>
[2026-09-17T20:12:20.450+0200] {taskinstance.py:310} INFO - Rescheduling task, marking task as UP_FOR_RESCHEDULE
[2026-09-17T20:12:20.450+0200] {taskinstance.py:341} INFO - ::group::Post task execution logs
[2026-09-17T20:12:20.470+0200] {local_task_job_runner.py:266} INFO - Task exited with return code 0
[2026-09-17T20:12:20.476+0200] {taskinstance.py:3901} INFO - 0 downstream tasks scheduled from follow-on schedule check
[2026-09-17T20:12:20.476+0200] {local_task_job_runner.py:245} INFO - ::endgroup::
[2026-09-17T20:12:52.930+0200] {local_task_job_runner.py:123} INFO - ::group::Pre task execution logs
[2026-09-17T20:12:52.932+0200] {taskinstance.py:2614} INFO - Dependencies all met for dep_context=non-requeueable deps ti=<TaskInstance: mini_riskagent_file_ingestion.wait_for_csv scheduled__2026-09-17T17:55:00+00:00 [queued]>
[2026-09-17T20:12:52.934+0200] {taskinstance.py:2614} INFO - Dependencies all met for dep_context=requeueable deps ti=<TaskInstance: mini_riskagent_file_ingestion.wait_for_csv scheduled__2026-09-17T17:55:00+00:00 [queued]>
[2026-09-17T20:12:52.934+0200] {taskinstance.py:2867} INFO - Starting attempt 1 of 2
[2026-09-17T20:12:52.937+0200] {taskinstance.py:2890} INFO - Executing <Task(PythonSensor): wait_for_csv> on 2026-09-17 17:55:00+00:00
[2026-09-17T20:12:52.942+0200] {logging_mixin.py:190} WARNING - /Users/swarnalidatta/Desktop/AutoQueryChatbot/.airflow-venv/lib/python3.12/site-packages/airflow/task/task_runner/standard_task_runner.py:70 DeprecationWarning: This process (pid=82525) is multi-threaded, use of fork() may lead to deadlocks in the child.
[2026-09-17T20:12:52.941+0200] {standard_task_runner.py:104} INFO - Running: ['airflow', 'tasks', 'run', 'mini_riskagent_file_ingestion', 'wait_for_csv', 'scheduled__2026-09-17T17:55:00+00:00', '--job-id', '4007', '--raw', '--subdir', 'DAGS_FOLDER/data_ingest_pipeline.py', '--cfg-path', '/var/folders/5p/201rr1sj03g8gksxm9x48mbh0000gn/T/tmpr8bcr8wi']
[2026-09-17T20:12:52.942+0200] {standard_task_runner.py:72} INFO - Started process 82527 to run task
[2026-09-17T20:12:52.942+0200] {standard_task_runner.py:105} INFO - Job 4007: Subtask wait_for_csv
[2026-09-17T20:12:52.956+0200] {task_command.py:467} INFO - Running <TaskInstance: mini_riskagent_file_ingestion.wait_for_csv scheduled__2026-09-17T17:55:00+00:00 [running]> on host mac.home
[2026-09-17T20:12:52.972+0200] {taskinstance.py:3134} INFO - Exporting env vars: AIRFLOW_CTX_DAG_OWNER='autoquery' AIRFLOW_CTX_DAG_ID='mini_riskagent_file_ingestion' AIRFLOW_CTX_TASK_ID='wait_for_csv' AIRFLOW_CTX_EXECUTION_DATE='2026-09-17T17:55:00+00:00' AIRFLOW_CTX_TRY_NUMBER='1' AIRFLOW_CTX_DAG_RUN_ID='scheduled__2026-09-17T17:55:00+00:00'
[2026-09-17T20:12:52.973+0200] {logging_mixin.py:190} INFO - Task instance is in running state
[2026-09-17T20:12:52.973+0200] {logging_mixin.py:190} INFO -  Previous state of the Task instance: queued
[2026-09-17T20:12:52.973+0200] {logging_mixin.py:190} INFO - Current task name:wait_for_csv state:running start_date:2026-09-17 18:12:52.932964+00:00
[2026-09-17T20:12:52.973+0200] {logging_mixin.py:190} INFO - Dag name:mini_riskagent_file_ingestion and current dag run status:running
[2026-09-17T20:12:52.973+0200] {taskinstance.py:732} INFO - ::endgroup::
[2026-09-17T20:12:52.975+0200] {python.py:75} INFO - Poking callable: <function check_for_csv_files at 0x108a96b60>
[2026-09-17T20:12:52.978+0200] {taskinstance.py:310} INFO - Rescheduling task, marking task as UP_FOR_RESCHEDULE
[2026-09-17T20:12:52.979+0200] {taskinstance.py:341} INFO - ::group::Post task execution logs
[2026-09-17T20:12:52.998+0200] {local_task_job_runner.py:266} INFO - Task exited with return code 0
[2026-09-17T20:12:53.005+0200] {taskinstance.py:3901} INFO - 0 downstream tasks scheduled from follow-on schedule check
[2026-09-17T20:12:53.005+0200] {local_task_job_runner.py:245} INFO - ::endgroup::
[2026-09-17T20:13:26.014+0200] {local_task_job_runner.py:123} INFO - ::group::Pre task execution logs
[2026-09-17T20:13:26.018+0200] {taskinstance.py:2614} INFO - Dependencies all met for dep_context=non-requeueable deps ti=<TaskInstance: mini_riskagent_file_ingestion.wait_for_csv scheduled__2026-09-17T17:55:00+00:00 [queued]>
[2026-09-17T20:13:26.019+0200] {taskinstance.py:2614} INFO - Dependencies all met for dep_context=requeueable deps ti=<TaskInstance: mini_riskagent_file_ingestion.wait_for_csv scheduled__2026-09-17T17:55:00+00:00 [queued]>
[2026-09-17T20:13:26.019+0200] {taskinstance.py:2867} INFO - Starting attempt 1 of 2
[2026-09-17T20:13:26.023+0200] {taskinstance.py:2890} INFO - Executing <Task(PythonSensor): wait_for_csv> on 2026-09-17 17:55:00+00:00
[2026-09-17T20:13:26.028+0200] {logging_mixin.py:190} WARNING - /Users/swarnalidatta/Desktop/AutoQueryChatbot/.airflow-venv/lib/python3.12/site-packages/airflow/task/task_runner/standard_task_runner.py:70 DeprecationWarning: This process (pid=82639) is multi-threaded, use of fork() may lead to deadlocks in the child.
[2026-09-17T20:13:26.028+0200] {standard_task_runner.py:72} INFO - Started process 82641 to run task
[2026-09-17T20:13:26.028+0200] {standard_task_runner.py:104} INFO - Running: ['airflow', 'tasks', 'run', 'mini_riskagent_file_ingestion', 'wait_for_csv', 'scheduled__2026-09-17T17:55:00+00:00', '--job-id', '4023', '--raw', '--subdir', 'DAGS_FOLDER/data_ingest_pipeline.py', '--cfg-path', '/var/folders/5p/201rr1sj03g8gksxm9x48mbh0000gn/T/tmpsgxxkckj']
[2026-09-17T20:13:26.029+0200] {standard_task_runner.py:105} INFO - Job 4023: Subtask wait_for_csv
[2026-09-17T20:13:26.044+0200] {task_command.py:467} INFO - Running <TaskInstance: mini_riskagent_file_ingestion.wait_for_csv scheduled__2026-09-17T17:55:00+00:00 [running]> on host mac.home
[2026-09-17T20:13:26.061+0200] {taskinstance.py:3134} INFO - Exporting env vars: AIRFLOW_CTX_DAG_OWNER='autoquery' AIRFLOW_CTX_DAG_ID='mini_riskagent_file_ingestion' AIRFLOW_CTX_TASK_ID='wait_for_csv' AIRFLOW_CTX_EXECUTION_DATE='2026-09-17T17:55:00+00:00' AIRFLOW_CTX_TRY_NUMBER='1' AIRFLOW_CTX_DAG_RUN_ID='scheduled__2026-09-17T17:55:00+00:00'
[2026-09-17T20:13:26.061+0200] {logging_mixin.py:190} INFO - Task instance is in running state
[2026-09-17T20:13:26.061+0200] {logging_mixin.py:190} INFO -  Previous state of the Task instance: queued
[2026-09-17T20:13:26.062+0200] {logging_mixin.py:190} INFO - Current task name:wait_for_csv state:running start_date:2026-09-17 18:13:26.018297+00:00
[2026-09-17T20:13:26.062+0200] {logging_mixin.py:190} INFO - Dag name:mini_riskagent_file_ingestion and current dag run status:running
[2026-09-17T20:13:26.062+0200] {taskinstance.py:732} INFO - ::endgroup::
[2026-09-17T20:13:26.063+0200] {python.py:75} INFO - Poking callable: <function check_for_csv_files at 0x108a5eb60>
[2026-09-17T20:13:26.067+0200] {taskinstance.py:310} INFO - Rescheduling task, marking task as UP_FOR_RESCHEDULE
[2026-09-17T20:13:26.067+0200] {taskinstance.py:341} INFO - ::group::Post task execution logs
[2026-09-17T20:13:26.084+0200] {local_task_job_runner.py:266} INFO - Task exited with return code 0
[2026-09-17T20:13:26.091+0200] {taskinstance.py:3901} INFO - 0 downstream tasks scheduled from follow-on schedule check
[2026-09-17T20:13:26.091+0200] {local_task_job_runner.py:245} INFO - ::endgroup::
[2026-09-17T20:13:58.719+0200] {local_task_job_runner.py:123} INFO - ::group::Pre task execution logs
[2026-09-17T20:13:58.722+0200] {taskinstance.py:2614} INFO - Dependencies all met for dep_context=non-requeueable deps ti=<TaskInstance: mini_riskagent_file_ingestion.wait_for_csv scheduled__2026-09-17T17:55:00+00:00 [queued]>
[2026-09-17T20:13:58.723+0200] {taskinstance.py:2614} INFO - Dependencies all met for dep_context=requeueable deps ti=<TaskInstance: mini_riskagent_file_ingestion.wait_for_csv scheduled__2026-09-17T17:55:00+00:00 [queued]>
[2026-09-17T20:13:58.723+0200] {taskinstance.py:2867} INFO - Starting attempt 1 of 2
[2026-09-17T20:13:58.726+0200] {taskinstance.py:2890} INFO - Executing <Task(PythonSensor): wait_for_csv> on 2026-09-17 17:55:00+00:00
[2026-09-17T20:13:58.731+0200] {logging_mixin.py:190} WARNING - /Users/swarnalidatta/Desktop/AutoQueryChatbot/.airflow-venv/lib/python3.12/site-packages/airflow/task/task_runner/standard_task_runner.py:70 DeprecationWarning: This process (pid=82754) is multi-threaded, use of fork() may lead to deadlocks in the child.
[2026-09-17T20:13:58.731+0200] {standard_task_runner.py:104} INFO - Running: ['airflow', 'tasks', 'run', 'mini_riskagent_file_ingestion', 'wait_for_csv', 'scheduled__2026-09-17T17:55:00+00:00', '--job-id', '4039', '--raw', '--subdir', 'DAGS_FOLDER/data_ingest_pipeline.py', '--cfg-path', '/var/folders/5p/201rr1sj03g8gksxm9x48mbh0000gn/T/tmpurt_y1k0']
[2026-09-17T20:13:58.731+0200] {standard_task_runner.py:72} INFO - Started process 82756 to run task
[2026-09-17T20:13:58.731+0200] {standard_task_runner.py:105} INFO - Job 4039: Subtask wait_for_csv
[2026-09-17T20:13:58.746+0200] {task_command.py:467} INFO - Running <TaskInstance: mini_riskagent_file_ingestion.wait_for_csv scheduled__2026-09-17T17:55:00+00:00 [running]> on host mac.home
[2026-09-17T20:13:58.762+0200] {taskinstance.py:3134} INFO - Exporting env vars: AIRFLOW_CTX_DAG_OWNER='autoquery' AIRFLOW_CTX_DAG_ID='mini_riskagent_file_ingestion' AIRFLOW_CTX_TASK_ID='wait_for_csv' AIRFLOW_CTX_EXECUTION_DATE='2026-09-17T17:55:00+00:00' AIRFLOW_CTX_TRY_NUMBER='1' AIRFLOW_CTX_DAG_RUN_ID='scheduled__2026-09-17T17:55:00+00:00'
[2026-09-17T20:13:58.763+0200] {logging_mixin.py:190} INFO - Task instance is in running state
[2026-09-17T20:13:58.763+0200] {logging_mixin.py:190} INFO -  Previous state of the Task instance: queued
[2026-09-17T20:13:58.763+0200] {logging_mixin.py:190} INFO - Current task name:wait_for_csv state:running start_date:2026-09-17 18:13:58.722402+00:00
[2026-09-17T20:13:58.764+0200] {logging_mixin.py:190} INFO - Dag name:mini_riskagent_file_ingestion and current dag run status:running
[2026-09-17T20:13:58.764+0200] {taskinstance.py:732} INFO - ::endgroup::
[2026-09-17T20:13:58.765+0200] {python.py:75} INFO - Poking callable: <function check_for_csv_files at 0x10d912b60>
[2026-09-17T20:13:58.768+0200] {taskinstance.py:310} INFO - Rescheduling task, marking task as UP_FOR_RESCHEDULE
[2026-09-17T20:13:58.769+0200] {taskinstance.py:341} INFO - ::group::Post task execution logs
[2026-09-17T20:13:58.787+0200] {local_task_job_runner.py:266} INFO - Task exited with return code 0
[2026-09-17T20:13:58.794+0200] {taskinstance.py:3901} INFO - 0 downstream tasks scheduled from follow-on schedule check
[2026-09-17T20:13:58.794+0200] {local_task_job_runner.py:245} INFO - ::endgroup::
[2026-09-17T20:14:30.513+0200] {local_task_job_runner.py:123} INFO - ::group::Pre task execution logs
[2026-09-17T20:14:30.516+0200] {taskinstance.py:2614} INFO - Dependencies all met for dep_context=non-requeueable deps ti=<TaskInstance: mini_riskagent_file_ingestion.wait_for_csv scheduled__2026-09-17T17:55:00+00:00 [queued]>
[2026-09-17T20:14:30.517+0200] {taskinstance.py:2614} INFO - Dependencies all met for dep_context=requeueable deps ti=<TaskInstance: mini_riskagent_file_ingestion.wait_for_csv scheduled__2026-09-17T17:55:00+00:00 [queued]>
[2026-09-17T20:14:30.517+0200] {taskinstance.py:2867} INFO - Starting attempt 1 of 2
[2026-09-17T20:14:30.520+0200] {taskinstance.py:2890} INFO - Executing <Task(PythonSensor): wait_for_csv> on 2026-09-17 17:55:00+00:00
[2026-09-17T20:14:30.525+0200] {logging_mixin.py:190} WARNING - /Users/swarnalidatta/Desktop/AutoQueryChatbot/.airflow-venv/lib/python3.12/site-packages/airflow/task/task_runner/standard_task_runner.py:70 DeprecationWarning: This process (pid=82861) is multi-threaded, use of fork() may lead to deadlocks in the child.
[2026-09-17T20:14:30.524+0200] {standard_task_runner.py:104} INFO - Running: ['airflow', 'tasks', 'run', 'mini_riskagent_file_ingestion', 'wait_for_csv', 'scheduled__2026-09-17T17:55:00+00:00', '--job-id', '4055', '--raw', '--subdir', 'DAGS_FOLDER/data_ingest_pipeline.py', '--cfg-path', '/var/folders/5p/201rr1sj03g8gksxm9x48mbh0000gn/T/tmpqxnfcaa3']
[2026-09-17T20:14:30.525+0200] {standard_task_runner.py:72} INFO - Started process 82863 to run task
[2026-09-17T20:14:30.525+0200] {standard_task_runner.py:105} INFO - Job 4055: Subtask wait_for_csv
[2026-09-17T20:14:30.539+0200] {task_command.py:467} INFO - Running <TaskInstance: mini_riskagent_file_ingestion.wait_for_csv scheduled__2026-09-17T17:55:00+00:00 [running]> on host mac.home
[2026-09-17T20:14:30.555+0200] {taskinstance.py:3134} INFO - Exporting env vars: AIRFLOW_CTX_DAG_OWNER='autoquery' AIRFLOW_CTX_DAG_ID='mini_riskagent_file_ingestion' AIRFLOW_CTX_TASK_ID='wait_for_csv' AIRFLOW_CTX_EXECUTION_DATE='2026-09-17T17:55:00+00:00' AIRFLOW_CTX_TRY_NUMBER='1' AIRFLOW_CTX_DAG_RUN_ID='scheduled__2026-09-17T17:55:00+00:00'
[2026-09-17T20:14:30.555+0200] {logging_mixin.py:190} INFO - Task instance is in running state
[2026-09-17T20:14:30.556+0200] {logging_mixin.py:190} INFO -  Previous state of the Task instance: queued
[2026-09-17T20:14:30.556+0200] {logging_mixin.py:190} INFO - Current task name:wait_for_csv state:running start_date:2026-09-17 18:14:30.516087+00:00
[2026-09-17T20:14:30.556+0200] {logging_mixin.py:190} INFO - Dag name:mini_riskagent_file_ingestion and current dag run status:running
[2026-09-17T20:14:30.556+0200] {taskinstance.py:732} INFO - ::endgroup::
[2026-09-17T20:14:30.558+0200] {python.py:75} INFO - Poking callable: <function check_for_csv_files at 0x1092fab60>
[2026-09-17T20:14:30.561+0200] {taskinstance.py:310} INFO - Rescheduling task, marking task as UP_FOR_RESCHEDULE
[2026-09-17T20:14:30.561+0200] {taskinstance.py:341} INFO - ::group::Post task execution logs
[2026-09-17T20:14:30.581+0200] {local_task_job_runner.py:266} INFO - Task exited with return code 0
[2026-09-17T20:14:30.587+0200] {taskinstance.py:3901} INFO - 0 downstream tasks scheduled from follow-on schedule check
[2026-09-17T20:14:30.588+0200] {local_task_job_runner.py:245} INFO - ::endgroup::
[2026-09-17T20:15:01.886+0200] {local_task_job_runner.py:123} INFO - ::group::Pre task execution logs
[2026-09-17T20:15:01.889+0200] {taskinstance.py:2614} INFO - Dependencies all met for dep_context=non-requeueable deps ti=<TaskInstance: mini_riskagent_file_ingestion.wait_for_csv scheduled__2026-09-17T17:55:00+00:00 [queued]>
[2026-09-17T20:15:01.891+0200] {taskinstance.py:2614} INFO - Dependencies all met for dep_context=requeueable deps ti=<TaskInstance: mini_riskagent_file_ingestion.wait_for_csv scheduled__2026-09-17T17:55:00+00:00 [queued]>
[2026-09-17T20:15:01.891+0200] {taskinstance.py:2867} INFO - Starting attempt 1 of 2
[2026-09-17T20:15:01.894+0200] {taskinstance.py:2890} INFO - Executing <Task(PythonSensor): wait_for_csv> on 2026-09-17 17:55:00+00:00
[2026-09-17T20:15:01.899+0200] {logging_mixin.py:190} WARNING - /Users/swarnalidatta/Desktop/AutoQueryChatbot/.airflow-venv/lib/python3.12/site-packages/airflow/task/task_runner/standard_task_runner.py:70 DeprecationWarning: This process (pid=82967) is multi-threaded, use of fork() may lead to deadlocks in the child.
[2026-09-17T20:15:01.900+0200] {standard_task_runner.py:72} INFO - Started process 82970 to run task
[2026-09-17T20:15:01.900+0200] {standard_task_runner.py:104} INFO - Running: ['airflow', 'tasks', 'run', 'mini_riskagent_file_ingestion', 'wait_for_csv', 'scheduled__2026-09-17T17:55:00+00:00', '--job-id', '4071', '--raw', '--subdir', 'DAGS_FOLDER/data_ingest_pipeline.py', '--cfg-path', '/var/folders/5p/201rr1sj03g8gksxm9x48mbh0000gn/T/tmpgif2u56k']
[2026-09-17T20:15:01.901+0200] {standard_task_runner.py:105} INFO - Job 4071: Subtask wait_for_csv
[2026-09-17T20:15:01.916+0200] {task_command.py:467} INFO - Running <TaskInstance: mini_riskagent_file_ingestion.wait_for_csv scheduled__2026-09-17T17:55:00+00:00 [running]> on host mac.home
[2026-09-17T20:15:01.933+0200] {taskinstance.py:3134} INFO - Exporting env vars: AIRFLOW_CTX_DAG_OWNER='autoquery' AIRFLOW_CTX_DAG_ID='mini_riskagent_file_ingestion' AIRFLOW_CTX_TASK_ID='wait_for_csv' AIRFLOW_CTX_EXECUTION_DATE='2026-09-17T17:55:00+00:00' AIRFLOW_CTX_TRY_NUMBER='1' AIRFLOW_CTX_DAG_RUN_ID='scheduled__2026-09-17T17:55:00+00:00'
[2026-09-17T20:15:01.933+0200] {logging_mixin.py:190} INFO - Task instance is in running state
[2026-09-17T20:15:01.934+0200] {logging_mixin.py:190} INFO -  Previous state of the Task instance: queued
[2026-09-17T20:15:01.934+0200] {logging_mixin.py:190} INFO - Current task name:wait_for_csv state:running start_date:2026-09-17 18:15:01.889678+00:00
[2026-09-17T20:15:01.934+0200] {logging_mixin.py:190} INFO - Dag name:mini_riskagent_file_ingestion and current dag run status:running
[2026-09-17T20:15:01.934+0200] {taskinstance.py:732} INFO - ::endgroup::
[2026-09-17T20:15:01.936+0200] {python.py:75} INFO - Poking callable: <function check_for_csv_files at 0x10c552b60>
[2026-09-17T20:15:01.939+0200] {taskinstance.py:310} INFO - Rescheduling task, marking task as UP_FOR_RESCHEDULE
[2026-09-17T20:15:01.939+0200] {taskinstance.py:341} INFO - ::group::Post task execution logs
[2026-09-17T20:15:01.956+0200] {local_task_job_runner.py:266} INFO - Task exited with return code 0
[2026-09-17T20:15:01.963+0200] {taskinstance.py:3901} INFO - 0 downstream tasks scheduled from follow-on schedule check
[2026-09-17T20:15:01.963+0200] {local_task_job_runner.py:245} INFO - ::endgroup::
[2026-09-17T20:15:34.623+0200] {local_task_job_runner.py:123} INFO - ::group::Pre task execution logs
[2026-09-17T20:15:34.626+0200] {taskinstance.py:2614} INFO - Dependencies all met for dep_context=non-requeueable deps ti=<TaskInstance: mini_riskagent_file_ingestion.wait_for_csv scheduled__2026-09-17T17:55:00+00:00 [queued]>
[2026-09-17T20:15:34.627+0200] {taskinstance.py:2614} INFO - Dependencies all met for dep_context=requeueable deps ti=<TaskInstance: mini_riskagent_file_ingestion.wait_for_csv scheduled__2026-09-17T17:55:00+00:00 [queued]>
[2026-09-17T20:15:34.627+0200] {taskinstance.py:2867} INFO - Starting attempt 1 of 2
[2026-09-17T20:15:34.630+0200] {taskinstance.py:2890} INFO - Executing <Task(PythonSensor): wait_for_csv> on 2026-09-17 17:55:00+00:00
[2026-09-17T20:15:34.635+0200] {standard_task_runner.py:104} INFO - Running: ['airflow', 'tasks', 'run', 'mini_riskagent_file_ingestion', 'wait_for_csv', 'scheduled__2026-09-17T17:55:00+00:00', '--job-id', '4087', '--raw', '--subdir', 'DAGS_FOLDER/data_ingest_pipeline.py', '--cfg-path', '/var/folders/5p/201rr1sj03g8gksxm9x48mbh0000gn/T/tmpidkzgons']
[2026-09-17T20:15:34.635+0200] {logging_mixin.py:190} WARNING - /Users/swarnalidatta/Desktop/AutoQueryChatbot/.airflow-venv/lib/python3.12/site-packages/airflow/task/task_runner/standard_task_runner.py:70 DeprecationWarning: This process (pid=83087) is multi-threaded, use of fork() may lead to deadlocks in the child.
[2026-09-17T20:15:34.636+0200] {standard_task_runner.py:72} INFO - Started process 83093 to run task
[2026-09-17T20:15:34.636+0200] {standard_task_runner.py:105} INFO - Job 4087: Subtask wait_for_csv
[2026-09-17T20:15:34.650+0200] {task_command.py:467} INFO - Running <TaskInstance: mini_riskagent_file_ingestion.wait_for_csv scheduled__2026-09-17T17:55:00+00:00 [running]> on host mac.home
[2026-09-17T20:15:34.667+0200] {taskinstance.py:3134} INFO - Exporting env vars: AIRFLOW_CTX_DAG_OWNER='autoquery' AIRFLOW_CTX_DAG_ID='mini_riskagent_file_ingestion' AIRFLOW_CTX_TASK_ID='wait_for_csv' AIRFLOW_CTX_EXECUTION_DATE='2026-09-17T17:55:00+00:00' AIRFLOW_CTX_TRY_NUMBER='1' AIRFLOW_CTX_DAG_RUN_ID='scheduled__2026-09-17T17:55:00+00:00'
[2026-09-17T20:15:34.667+0200] {logging_mixin.py:190} INFO - Task instance is in running state
[2026-09-17T20:15:34.667+0200] {logging_mixin.py:190} INFO -  Previous state of the Task instance: queued
[2026-09-17T20:15:34.667+0200] {logging_mixin.py:190} INFO - Current task name:wait_for_csv state:running start_date:2026-09-17 18:15:34.626412+00:00
[2026-09-17T20:15:34.668+0200] {logging_mixin.py:190} INFO - Dag name:mini_riskagent_file_ingestion and current dag run status:running
[2026-09-17T20:15:34.668+0200] {taskinstance.py:732} INFO - ::endgroup::
[2026-09-17T20:15:34.669+0200] {python.py:75} INFO - Poking callable: <function check_for_csv_files at 0x10d1e2b60>
[2026-09-17T20:15:34.672+0200] {taskinstance.py:310} INFO - Rescheduling task, marking task as UP_FOR_RESCHEDULE
[2026-09-17T20:15:34.673+0200] {taskinstance.py:341} INFO - ::group::Post task execution logs
[2026-09-17T20:15:34.691+0200] {local_task_job_runner.py:266} INFO - Task exited with return code 0
[2026-09-17T20:15:34.698+0200] {taskinstance.py:3901} INFO - 0 downstream tasks scheduled from follow-on schedule check
[2026-09-17T20:15:34.698+0200] {local_task_job_runner.py:245} INFO - ::endgroup::
[2026-09-17T20:16:06.430+0200] {local_task_job_runner.py:123} INFO - ::group::Pre task execution logs
[2026-09-17T20:16:06.432+0200] {taskinstance.py:2614} INFO - Dependencies all met for dep_context=non-requeueable deps ti=<TaskInstance: mini_riskagent_file_ingestion.wait_for_csv scheduled__2026-09-17T17:55:00+00:00 [queued]>
[2026-09-17T20:16:06.434+0200] {taskinstance.py:2614} INFO - Dependencies all met for dep_context=requeueable deps ti=<TaskInstance: mini_riskagent_file_ingestion.wait_for_csv scheduled__2026-09-17T17:55:00+00:00 [queued]>
[2026-09-17T20:16:06.434+0200] {taskinstance.py:2867} INFO - Starting attempt 1 of 2
[2026-09-17T20:16:06.437+0200] {taskinstance.py:2890} INFO - Executing <Task(PythonSensor): wait_for_csv> on 2026-09-17 17:55:00+00:00
[2026-09-17T20:16:06.442+0200] {logging_mixin.py:190} WARNING - /Users/swarnalidatta/Desktop/AutoQueryChatbot/.airflow-venv/lib/python3.12/site-packages/airflow/task/task_runner/standard_task_runner.py:70 DeprecationWarning: This process (pid=83200) is multi-threaded, use of fork() may lead to deadlocks in the child.
[2026-09-17T20:16:06.442+0200] {standard_task_runner.py:72} INFO - Started process 83202 to run task
[2026-09-17T20:16:06.441+0200] {standard_task_runner.py:104} INFO - Running: ['airflow', 'tasks', 'run', 'mini_riskagent_file_ingestion', 'wait_for_csv', 'scheduled__2026-09-17T17:55:00+00:00', '--job-id', '4103', '--raw', '--subdir', 'DAGS_FOLDER/data_ingest_pipeline.py', '--cfg-path', '/var/folders/5p/201rr1sj03g8gksxm9x48mbh0000gn/T/tmpc3u9tj1j']
[2026-09-17T20:16:06.442+0200] {standard_task_runner.py:105} INFO - Job 4103: Subtask wait_for_csv
[2026-09-17T20:16:06.457+0200] {task_command.py:467} INFO - Running <TaskInstance: mini_riskagent_file_ingestion.wait_for_csv scheduled__2026-09-17T17:55:00+00:00 [running]> on host mac.home
[2026-09-17T20:16:06.474+0200] {taskinstance.py:3134} INFO - Exporting env vars: AIRFLOW_CTX_DAG_OWNER='autoquery' AIRFLOW_CTX_DAG_ID='mini_riskagent_file_ingestion' AIRFLOW_CTX_TASK_ID='wait_for_csv' AIRFLOW_CTX_EXECUTION_DATE='2026-09-17T17:55:00+00:00' AIRFLOW_CTX_TRY_NUMBER='1' AIRFLOW_CTX_DAG_RUN_ID='scheduled__2026-09-17T17:55:00+00:00'
[2026-09-17T20:16:06.474+0200] {logging_mixin.py:190} INFO - Task instance is in running state
[2026-09-17T20:16:06.474+0200] {logging_mixin.py:190} INFO -  Previous state of the Task instance: queued
[2026-09-17T20:16:06.475+0200] {logging_mixin.py:190} INFO - Current task name:wait_for_csv state:running start_date:2026-09-17 18:16:06.433013+00:00
[2026-09-17T20:16:06.475+0200] {logging_mixin.py:190} INFO - Dag name:mini_riskagent_file_ingestion and current dag run status:running
[2026-09-17T20:16:06.475+0200] {taskinstance.py:732} INFO - ::endgroup::
[2026-09-17T20:16:06.476+0200] {python.py:75} INFO - Poking callable: <function check_for_csv_files at 0x10a692b60>
[2026-09-17T20:16:06.480+0200] {taskinstance.py:310} INFO - Rescheduling task, marking task as UP_FOR_RESCHEDULE
[2026-09-17T20:16:06.480+0200] {taskinstance.py:341} INFO - ::group::Post task execution logs
[2026-09-17T20:16:06.497+0200] {local_task_job_runner.py:266} INFO - Task exited with return code 0
[2026-09-17T20:16:06.504+0200] {taskinstance.py:3901} INFO - 0 downstream tasks scheduled from follow-on schedule check
[2026-09-17T20:16:06.504+0200] {local_task_job_runner.py:245} INFO - ::endgroup::
[2026-09-17T20:16:39.431+0200] {local_task_job_runner.py:123} INFO - ::group::Pre task execution logs
[2026-09-17T20:16:39.433+0200] {taskinstance.py:2614} INFO - Dependencies all met for dep_context=non-requeueable deps ti=<TaskInstance: mini_riskagent_file_ingestion.wait_for_csv scheduled__2026-09-17T17:55:00+00:00 [queued]>
[2026-09-17T20:16:39.435+0200] {taskinstance.py:2614} INFO - Dependencies all met for dep_context=requeueable deps ti=<TaskInstance: mini_riskagent_file_ingestion.wait_for_csv scheduled__2026-09-17T17:55:00+00:00 [queued]>
[2026-09-17T20:16:39.435+0200] {taskinstance.py:2867} INFO - Starting attempt 1 of 2
[2026-09-17T20:16:39.438+0200] {taskinstance.py:2890} INFO - Executing <Task(PythonSensor): wait_for_csv> on 2026-09-17 17:55:00+00:00
[2026-09-17T20:16:39.443+0200] {logging_mixin.py:190} WARNING - /Users/swarnalidatta/Desktop/AutoQueryChatbot/.airflow-venv/lib/python3.12/site-packages/airflow/task/task_runner/standard_task_runner.py:70 DeprecationWarning: This process (pid=83322) is multi-threaded, use of fork() may lead to deadlocks in the child.
[2026-09-17T20:16:39.442+0200] {standard_task_runner.py:104} INFO - Running: ['airflow', 'tasks', 'run', 'mini_riskagent_file_ingestion', 'wait_for_csv', 'scheduled__2026-09-17T17:55:00+00:00', '--job-id', '4122', '--raw', '--subdir', 'DAGS_FOLDER/data_ingest_pipeline.py', '--cfg-path', '/var/folders/5p/201rr1sj03g8gksxm9x48mbh0000gn/T/tmp0ss4q6o0']
[2026-09-17T20:16:39.443+0200] {standard_task_runner.py:72} INFO - Started process 83324 to run task
[2026-09-17T20:16:39.443+0200] {standard_task_runner.py:105} INFO - Job 4122: Subtask wait_for_csv
[2026-09-17T20:16:39.458+0200] {task_command.py:467} INFO - Running <TaskInstance: mini_riskagent_file_ingestion.wait_for_csv scheduled__2026-09-17T17:55:00+00:00 [running]> on host mac.home
[2026-09-17T20:16:39.476+0200] {taskinstance.py:3134} INFO - Exporting env vars: AIRFLOW_CTX_DAG_OWNER='autoquery' AIRFLOW_CTX_DAG_ID='mini_riskagent_file_ingestion' AIRFLOW_CTX_TASK_ID='wait_for_csv' AIRFLOW_CTX_EXECUTION_DATE='2026-09-17T17:55:00+00:00' AIRFLOW_CTX_TRY_NUMBER='1' AIRFLOW_CTX_DAG_RUN_ID='scheduled__2026-09-17T17:55:00+00:00'
[2026-09-17T20:16:39.476+0200] {logging_mixin.py:190} INFO - Task instance is in running state
[2026-09-17T20:16:39.476+0200] {logging_mixin.py:190} INFO -  Previous state of the Task instance: queued
[2026-09-17T20:16:39.476+0200] {logging_mixin.py:190} INFO - Current task name:wait_for_csv state:running start_date:2026-09-17 18:16:39.433885+00:00
[2026-09-17T20:16:39.477+0200] {logging_mixin.py:190} INFO - Dag name:mini_riskagent_file_ingestion and current dag run status:running
[2026-09-17T20:16:39.477+0200] {taskinstance.py:732} INFO - ::endgroup::
[2026-09-17T20:16:39.478+0200] {python.py:75} INFO - Poking callable: <function check_for_csv_files at 0x10883eb60>
[2026-09-17T20:16:39.482+0200] {taskinstance.py:310} INFO - Rescheduling task, marking task as UP_FOR_RESCHEDULE
[2026-09-17T20:16:39.482+0200] {taskinstance.py:341} INFO - ::group::Post task execution logs
[2026-09-17T20:16:39.499+0200] {local_task_job_runner.py:266} INFO - Task exited with return code 0
[2026-09-17T20:16:39.506+0200] {taskinstance.py:3901} INFO - 0 downstream tasks scheduled from follow-on schedule check
[2026-09-17T20:16:39.506+0200] {local_task_job_runner.py:245} INFO - ::endgroup::
[2026-09-17T20:17:12.622+0200] {local_task_job_runner.py:123} INFO - ::group::Pre task execution logs
[2026-09-17T20:17:12.625+0200] {taskinstance.py:2614} INFO - Dependencies all met for dep_context=non-requeueable deps ti=<TaskInstance: mini_riskagent_file_ingestion.wait_for_csv scheduled__2026-09-17T17:55:00+00:00 [queued]>
[2026-09-17T20:17:12.626+0200] {taskinstance.py:2614} INFO - Dependencies all met for dep_context=requeueable deps ti=<TaskInstance: mini_riskagent_file_ingestion.wait_for_csv scheduled__2026-09-17T17:55:00+00:00 [queued]>
[2026-09-17T20:17:12.626+0200] {taskinstance.py:2867} INFO - Starting attempt 1 of 2
[2026-09-17T20:17:12.629+0200] {taskinstance.py:2890} INFO - Executing <Task(PythonSensor): wait_for_csv> on 2026-09-17 17:55:00+00:00
[2026-09-17T20:17:12.634+0200] {logging_mixin.py:190} WARNING - /Users/swarnalidatta/Desktop/AutoQueryChatbot/.airflow-venv/lib/python3.12/site-packages/airflow/task/task_runner/standard_task_runner.py:70 DeprecationWarning: This process (pid=83433) is multi-threaded, use of fork() may lead to deadlocks in the child.
[2026-09-17T20:17:12.634+0200] {standard_task_runner.py:72} INFO - Started process 83435 to run task
[2026-09-17T20:17:12.633+0200] {standard_task_runner.py:104} INFO - Running: ['airflow', 'tasks', 'run', 'mini_riskagent_file_ingestion', 'wait_for_csv', 'scheduled__2026-09-17T17:55:00+00:00', '--job-id', '4138', '--raw', '--subdir', 'DAGS_FOLDER/data_ingest_pipeline.py', '--cfg-path', '/var/folders/5p/201rr1sj03g8gksxm9x48mbh0000gn/T/tmp1mi30_op']
[2026-09-17T20:17:12.634+0200] {standard_task_runner.py:105} INFO - Job 4138: Subtask wait_for_csv
[2026-09-17T20:17:12.648+0200] {task_command.py:467} INFO - Running <TaskInstance: mini_riskagent_file_ingestion.wait_for_csv scheduled__2026-09-17T17:55:00+00:00 [running]> on host mac.home
[2026-09-17T20:17:12.665+0200] {taskinstance.py:3134} INFO - Exporting env vars: AIRFLOW_CTX_DAG_OWNER='autoquery' AIRFLOW_CTX_DAG_ID='mini_riskagent_file_ingestion' AIRFLOW_CTX_TASK_ID='wait_for_csv' AIRFLOW_CTX_EXECUTION_DATE='2026-09-17T17:55:00+00:00' AIRFLOW_CTX_TRY_NUMBER='1' AIRFLOW_CTX_DAG_RUN_ID='scheduled__2026-09-17T17:55:00+00:00'
[2026-09-17T20:17:12.665+0200] {logging_mixin.py:190} INFO - Task instance is in running state
[2026-09-17T20:17:12.665+0200] {logging_mixin.py:190} INFO -  Previous state of the Task instance: queued
[2026-09-17T20:17:12.665+0200] {logging_mixin.py:190} INFO - Current task name:wait_for_csv state:running start_date:2026-09-17 18:17:12.625222+00:00
[2026-09-17T20:17:12.666+0200] {logging_mixin.py:190} INFO - Dag name:mini_riskagent_file_ingestion and current dag run status:running
[2026-09-17T20:17:12.666+0200] {taskinstance.py:732} INFO - ::endgroup::
[2026-09-17T20:17:12.667+0200] {python.py:75} INFO - Poking callable: <function check_for_csv_files at 0x10e026b60>
[2026-09-17T20:17:12.670+0200] {taskinstance.py:310} INFO - Rescheduling task, marking task as UP_FOR_RESCHEDULE
[2026-09-17T20:17:12.671+0200] {taskinstance.py:341} INFO - ::group::Post task execution logs
[2026-09-17T20:17:12.690+0200] {local_task_job_runner.py:266} INFO - Task exited with return code 0
[2026-09-17T20:17:12.697+0200] {taskinstance.py:3901} INFO - 0 downstream tasks scheduled from follow-on schedule check
[2026-09-17T20:17:12.697+0200] {local_task_job_runner.py:245} INFO - ::endgroup::
[2026-09-17T20:17:44.944+0200] {local_task_job_runner.py:123} INFO - ::group::Pre task execution logs
[2026-09-17T20:17:44.947+0200] {taskinstance.py:2614} INFO - Dependencies all met for dep_context=non-requeueable deps ti=<TaskInstance: mini_riskagent_file_ingestion.wait_for_csv scheduled__2026-09-17T17:55:00+00:00 [queued]>
[2026-09-17T20:17:44.949+0200] {taskinstance.py:2614} INFO - Dependencies all met for dep_context=requeueable deps ti=<TaskInstance: mini_riskagent_file_ingestion.wait_for_csv scheduled__2026-09-17T17:55:00+00:00 [queued]>
[2026-09-17T20:17:44.950+0200] {taskinstance.py:2867} INFO - Starting attempt 1 of 2
[2026-09-17T20:17:44.954+0200] {taskinstance.py:2890} INFO - Executing <Task(PythonSensor): wait_for_csv> on 2026-09-17 17:55:00+00:00
[2026-09-17T20:17:44.960+0200] {logging_mixin.py:190} WARNING - /Users/swarnalidatta/Desktop/AutoQueryChatbot/.airflow-venv/lib/python3.12/site-packages/airflow/task/task_runner/standard_task_runner.py:70 DeprecationWarning: This process (pid=83539) is multi-threaded, use of fork() may lead to deadlocks in the child.
[2026-09-17T20:17:44.960+0200] {standard_task_runner.py:72} INFO - Started process 83541 to run task
[2026-09-17T20:17:44.960+0200] {standard_task_runner.py:104} INFO - Running: ['airflow', 'tasks', 'run', 'mini_riskagent_file_ingestion', 'wait_for_csv', 'scheduled__2026-09-17T17:55:00+00:00', '--job-id', '4154', '--raw', '--subdir', 'DAGS_FOLDER/data_ingest_pipeline.py', '--cfg-path', '/var/folders/5p/201rr1sj03g8gksxm9x48mbh0000gn/T/tmp5dn6aes9']
[2026-09-17T20:17:44.961+0200] {standard_task_runner.py:105} INFO - Job 4154: Subtask wait_for_csv
[2026-09-17T20:17:44.976+0200] {task_command.py:467} INFO - Running <TaskInstance: mini_riskagent_file_ingestion.wait_for_csv scheduled__2026-09-17T17:55:00+00:00 [running]> on host mac.home
[2026-09-17T20:17:44.993+0200] {taskinstance.py:3134} INFO - Exporting env vars: AIRFLOW_CTX_DAG_OWNER='autoquery' AIRFLOW_CTX_DAG_ID='mini_riskagent_file_ingestion' AIRFLOW_CTX_TASK_ID='wait_for_csv' AIRFLOW_CTX_EXECUTION_DATE='2026-09-17T17:55:00+00:00' AIRFLOW_CTX_TRY_NUMBER='1' AIRFLOW_CTX_DAG_RUN_ID='scheduled__2026-09-17T17:55:00+00:00'
[2026-09-17T20:17:44.993+0200] {logging_mixin.py:190} INFO - Task instance is in running state
[2026-09-17T20:17:44.993+0200] {logging_mixin.py:190} INFO -  Previous state of the Task instance: queued
[2026-09-17T20:17:44.994+0200] {logging_mixin.py:190} INFO - Current task name:wait_for_csv state:running start_date:2026-09-17 18:17:44.948154+00:00
[2026-09-17T20:17:44.994+0200] {logging_mixin.py:190} INFO - Dag name:mini_riskagent_file_ingestion and current dag run status:running
[2026-09-17T20:17:44.994+0200] {taskinstance.py:732} INFO - ::endgroup::
[2026-09-17T20:17:44.995+0200] {python.py:75} INFO - Poking callable: <function check_for_csv_files at 0x10948ab60>
[2026-09-17T20:17:44.999+0200] {taskinstance.py:310} INFO - Rescheduling task, marking task as UP_FOR_RESCHEDULE
[2026-09-17T20:17:44.999+0200] {taskinstance.py:341} INFO - ::group::Post task execution logs
[2026-09-17T20:17:45.016+0200] {local_task_job_runner.py:266} INFO - Task exited with return code 0
[2026-09-17T20:17:45.023+0200] {taskinstance.py:3901} INFO - 0 downstream tasks scheduled from follow-on schedule check
[2026-09-17T20:17:45.023+0200] {local_task_job_runner.py:245} INFO - ::endgroup::
[2026-09-17T20:18:17.893+0200] {local_task_job_runner.py:123} INFO - ::group::Pre task execution logs
[2026-09-17T20:18:17.896+0200] {taskinstance.py:2614} INFO - Dependencies all met for dep_context=non-requeueable deps ti=<TaskInstance: mini_riskagent_file_ingestion.wait_for_csv scheduled__2026-09-17T17:55:00+00:00 [queued]>
[2026-09-17T20:18:17.897+0200] {taskinstance.py:2614} INFO - Dependencies all met for dep_context=requeueable deps ti=<TaskInstance: mini_riskagent_file_ingestion.wait_for_csv scheduled__2026-09-17T17:55:00+00:00 [queued]>
[2026-09-17T20:18:17.897+0200] {taskinstance.py:2867} INFO - Starting attempt 1 of 2
[2026-09-17T20:18:17.900+0200] {taskinstance.py:2890} INFO - Executing <Task(PythonSensor): wait_for_csv> on 2026-09-17 17:55:00+00:00
[2026-09-17T20:18:17.905+0200] {logging_mixin.py:190} WARNING - /Users/swarnalidatta/Desktop/AutoQueryChatbot/.airflow-venv/lib/python3.12/site-packages/airflow/task/task_runner/standard_task_runner.py:70 DeprecationWarning: This process (pid=83663) is multi-threaded, use of fork() may lead to deadlocks in the child.
[2026-09-17T20:18:17.905+0200] {standard_task_runner.py:72} INFO - Started process 83665 to run task
[2026-09-17T20:18:17.905+0200] {standard_task_runner.py:104} INFO - Running: ['airflow', 'tasks', 'run', 'mini_riskagent_file_ingestion', 'wait_for_csv', 'scheduled__2026-09-17T17:55:00+00:00', '--job-id', '4170', '--raw', '--subdir', 'DAGS_FOLDER/data_ingest_pipeline.py', '--cfg-path', '/var/folders/5p/201rr1sj03g8gksxm9x48mbh0000gn/T/tmp8m913zsb']
[2026-09-17T20:18:17.906+0200] {standard_task_runner.py:105} INFO - Job 4170: Subtask wait_for_csv
[2026-09-17T20:18:17.921+0200] {task_command.py:467} INFO - Running <TaskInstance: mini_riskagent_file_ingestion.wait_for_csv scheduled__2026-09-17T17:55:00+00:00 [running]> on host mac.home
[2026-09-17T20:18:17.937+0200] {taskinstance.py:3134} INFO - Exporting env vars: AIRFLOW_CTX_DAG_OWNER='autoquery' AIRFLOW_CTX_DAG_ID='mini_riskagent_file_ingestion' AIRFLOW_CTX_TASK_ID='wait_for_csv' AIRFLOW_CTX_EXECUTION_DATE='2026-09-17T17:55:00+00:00' AIRFLOW_CTX_TRY_NUMBER='1' AIRFLOW_CTX_DAG_RUN_ID='scheduled__2026-09-17T17:55:00+00:00'
[2026-09-17T20:18:17.938+0200] {logging_mixin.py:190} INFO - Task instance is in running state
[2026-09-17T20:18:17.938+0200] {logging_mixin.py:190} INFO -  Previous state of the Task instance: queued
[2026-09-17T20:18:17.938+0200] {logging_mixin.py:190} INFO - Current task name:wait_for_csv state:running start_date:2026-09-17 18:18:17.896320+00:00
[2026-09-17T20:18:17.938+0200] {logging_mixin.py:190} INFO - Dag name:mini_riskagent_file_ingestion and current dag run status:running
[2026-09-17T20:18:17.939+0200] {taskinstance.py:732} INFO - ::endgroup::
[2026-09-17T20:18:17.940+0200] {python.py:75} INFO - Poking callable: <function check_for_csv_files at 0x112026b60>
[2026-09-17T20:18:17.943+0200] {taskinstance.py:310} INFO - Rescheduling task, marking task as UP_FOR_RESCHEDULE
[2026-09-17T20:18:17.943+0200] {taskinstance.py:341} INFO - ::group::Post task execution logs
[2026-09-17T20:18:17.961+0200] {local_task_job_runner.py:266} INFO - Task exited with return code 0
[2026-09-17T20:18:17.967+0200] {taskinstance.py:3901} INFO - 0 downstream tasks scheduled from follow-on schedule check
[2026-09-17T20:18:17.967+0200] {local_task_job_runner.py:245} INFO - ::endgroup::
[2026-09-17T20:18:50.261+0200] {local_task_job_runner.py:123} INFO - ::group::Pre task execution logs
[2026-09-17T20:18:50.264+0200] {taskinstance.py:2614} INFO - Dependencies all met for dep_context=non-requeueable deps ti=<TaskInstance: mini_riskagent_file_ingestion.wait_for_csv scheduled__2026-09-17T17:55:00+00:00 [queued]>
[2026-09-17T20:18:50.265+0200] {taskinstance.py:2614} INFO - Dependencies all met for dep_context=requeueable deps ti=<TaskInstance: mini_riskagent_file_ingestion.wait_for_csv scheduled__2026-09-17T17:55:00+00:00 [queued]>
[2026-09-17T20:18:50.265+0200] {taskinstance.py:2867} INFO - Starting attempt 1 of 2
[2026-09-17T20:18:50.269+0200] {taskinstance.py:2890} INFO - Executing <Task(PythonSensor): wait_for_csv> on 2026-09-17 17:55:00+00:00
[2026-09-17T20:18:50.273+0200] {logging_mixin.py:190} WARNING - /Users/swarnalidatta/Desktop/AutoQueryChatbot/.airflow-venv/lib/python3.12/site-packages/airflow/task/task_runner/standard_task_runner.py:70 DeprecationWarning: This process (pid=83783) is multi-threaded, use of fork() may lead to deadlocks in the child.
[2026-09-17T20:18:50.273+0200] {standard_task_runner.py:104} INFO - Running: ['airflow', 'tasks', 'run', 'mini_riskagent_file_ingestion', 'wait_for_csv', 'scheduled__2026-09-17T17:55:00+00:00', '--job-id', '4186', '--raw', '--subdir', 'DAGS_FOLDER/data_ingest_pipeline.py', '--cfg-path', '/var/folders/5p/201rr1sj03g8gksxm9x48mbh0000gn/T/tmpthnis4xf']
[2026-09-17T20:18:50.273+0200] {standard_task_runner.py:72} INFO - Started process 83785 to run task
[2026-09-17T20:18:50.273+0200] {standard_task_runner.py:105} INFO - Job 4186: Subtask wait_for_csv
[2026-09-17T20:18:50.288+0200] {task_command.py:467} INFO - Running <TaskInstance: mini_riskagent_file_ingestion.wait_for_csv scheduled__2026-09-17T17:55:00+00:00 [running]> on host mac.home
[2026-09-17T20:18:50.304+0200] {taskinstance.py:3134} INFO - Exporting env vars: AIRFLOW_CTX_DAG_OWNER='autoquery' AIRFLOW_CTX_DAG_ID='mini_riskagent_file_ingestion' AIRFLOW_CTX_TASK_ID='wait_for_csv' AIRFLOW_CTX_EXECUTION_DATE='2026-09-17T17:55:00+00:00' AIRFLOW_CTX_TRY_NUMBER='1' AIRFLOW_CTX_DAG_RUN_ID='scheduled__2026-09-17T17:55:00+00:00'
[2026-09-17T20:18:50.305+0200] {logging_mixin.py:190} INFO - Task instance is in running state
[2026-09-17T20:18:50.305+0200] {logging_mixin.py:190} INFO -  Previous state of the Task instance: queued
[2026-09-17T20:18:50.305+0200] {logging_mixin.py:190} INFO - Current task name:wait_for_csv state:running start_date:2026-09-17 18:18:50.264458+00:00
[2026-09-17T20:18:50.305+0200] {logging_mixin.py:190} INFO - Dag name:mini_riskagent_file_ingestion and current dag run status:running
[2026-09-17T20:18:50.305+0200] {taskinstance.py:732} INFO - ::endgroup::
[2026-09-17T20:18:50.307+0200] {python.py:75} INFO - Poking callable: <function check_for_csv_files at 0x108d16b60>
[2026-09-17T20:18:50.310+0200] {taskinstance.py:310} INFO - Rescheduling task, marking task as UP_FOR_RESCHEDULE
[2026-09-17T20:18:50.310+0200] {taskinstance.py:341} INFO - ::group::Post task execution logs
[2026-09-17T20:18:50.329+0200] {local_task_job_runner.py:266} INFO - Task exited with return code 0
[2026-09-17T20:18:50.335+0200] {taskinstance.py:3901} INFO - 0 downstream tasks scheduled from follow-on schedule check
[2026-09-17T20:18:50.336+0200] {local_task_job_runner.py:245} INFO - ::endgroup::
[2026-09-17T20:19:26.027+0200] {local_task_job_runner.py:123} INFO - ::group::Pre task execution logs
[2026-09-17T20:19:26.029+0200] {taskinstance.py:2614} INFO - Dependencies all met for dep_context=non-requeueable deps ti=<TaskInstance: mini_riskagent_file_ingestion.wait_for_csv scheduled__2026-09-17T17:55:00+00:00 [queued]>
[2026-09-17T20:19:26.031+0200] {taskinstance.py:2614} INFO - Dependencies all met for dep_context=requeueable deps ti=<TaskInstance: mini_riskagent_file_ingestion.wait_for_csv scheduled__2026-09-17T17:55:00+00:00 [queued]>
[2026-09-17T20:19:26.031+0200] {taskinstance.py:2867} INFO - Starting attempt 1 of 2
[2026-09-17T20:19:26.034+0200] {taskinstance.py:2890} INFO - Executing <Task(PythonSensor): wait_for_csv> on 2026-09-17 17:55:00+00:00
[2026-09-17T20:19:26.038+0200] {logging_mixin.py:190} WARNING - /Users/swarnalidatta/Desktop/AutoQueryChatbot/.airflow-venv/lib/python3.12/site-packages/airflow/task/task_runner/standard_task_runner.py:70 DeprecationWarning: This process (pid=83914) is multi-threaded, use of fork() may lead to deadlocks in the child.
[2026-09-17T20:19:26.039+0200] {standard_task_runner.py:72} INFO - Started process 83916 to run task
[2026-09-17T20:19:26.038+0200] {standard_task_runner.py:104} INFO - Running: ['airflow', 'tasks', 'run', 'mini_riskagent_file_ingestion', 'wait_for_csv', 'scheduled__2026-09-17T17:55:00+00:00', '--job-id', '4211', '--raw', '--subdir', 'DAGS_FOLDER/data_ingest_pipeline.py', '--cfg-path', '/var/folders/5p/201rr1sj03g8gksxm9x48mbh0000gn/T/tmp70z8q8ta']
[2026-09-17T20:19:26.039+0200] {standard_task_runner.py:105} INFO - Job 4211: Subtask wait_for_csv
[2026-09-17T20:19:26.052+0200] {task_command.py:467} INFO - Running <TaskInstance: mini_riskagent_file_ingestion.wait_for_csv scheduled__2026-09-17T17:55:00+00:00 [running]> on host mac.home
[2026-09-17T20:19:26.069+0200] {taskinstance.py:3134} INFO - Exporting env vars: AIRFLOW_CTX_DAG_OWNER='autoquery' AIRFLOW_CTX_DAG_ID='mini_riskagent_file_ingestion' AIRFLOW_CTX_TASK_ID='wait_for_csv' AIRFLOW_CTX_EXECUTION_DATE='2026-09-17T17:55:00+00:00' AIRFLOW_CTX_TRY_NUMBER='1' AIRFLOW_CTX_DAG_RUN_ID='scheduled__2026-09-17T17:55:00+00:00'
[2026-09-17T20:19:26.069+0200] {logging_mixin.py:190} INFO - Task instance is in running state
[2026-09-17T20:19:26.069+0200] {logging_mixin.py:190} INFO -  Previous state of the Task instance: queued
[2026-09-17T20:19:26.070+0200] {logging_mixin.py:190} INFO - Current task name:wait_for_csv state:running start_date:2026-09-17 18:19:26.030010+00:00
[2026-09-17T20:19:26.070+0200] {logging_mixin.py:190} INFO - Dag name:mini_riskagent_file_ingestion and current dag run status:running
[2026-09-17T20:19:26.070+0200] {taskinstance.py:732} INFO - ::endgroup::
[2026-09-17T20:19:26.071+0200] {python.py:75} INFO - Poking callable: <function check_for_csv_files at 0x108d7ab60>
[2026-09-17T20:19:26.072+0200] {base.py:339} INFO - Success criteria met. Exiting.
[2026-09-17T20:19:26.073+0200] {taskinstance.py:341} INFO - ::group::Post task execution logs
[2026-09-17T20:19:26.073+0200] {taskinstance.py:353} INFO - Marking task as SUCCESS. dag_id=mini_riskagent_file_ingestion, task_id=wait_for_csv, run_id=scheduled__2026-09-17T17:55:00+00:00, execution_date=20260917T175500, start_date=20260917T181926, end_date=20260917T181926
[2026-09-17T20:19:26.078+0200] {logging_mixin.py:190} INFO - Task instance in success state
[2026-09-17T20:19:26.078+0200] {logging_mixin.py:190} INFO -  Previous state of the Task instance: running
[2026-09-17T20:19:26.078+0200] {logging_mixin.py:190} INFO - Dag name:mini_riskagent_file_ingestion queued_at:2026-09-17 17:56:19.490227+00:00
[2026-09-17T20:19:26.078+0200] {logging_mixin.py:190} INFO - Task hostname:mac.home operator:PythonSensor
[2026-09-17T20:19:26.094+0200] {local_task_job_runner.py:266} INFO - Task exited with return code 0
[2026-09-17T20:19:26.102+0200] {taskinstance.py:3901} INFO - 1 downstream tasks scheduled from follow-on schedule check
[2026-09-17T20:19:26.103+0200] {local_task_job_runner.py:245} INFO - ::endgroup::
