[2026-09-05T17:45:04.827+0200] {local_task_job_runner.py:123} INFO - ::group::Pre task execution logs
[2026-09-05T17:45:04.830+0200] {taskinstance.py:2614} INFO - Dependencies all met for dep_context=non-requeueable deps ti=<TaskInstance: mini_riskagent_file_ingestion.wait_for_csv scheduled__2026-09-05T15:44:00+00:00 [queued]>
[2026-09-05T17:45:04.831+0200] {taskinstance.py:2614} INFO - Dependencies all met for dep_context=requeueable deps ti=<TaskInstance: mini_riskagent_file_ingestion.wait_for_csv scheduled__2026-09-05T15:44:00+00:00 [queued]>
[2026-09-05T17:45:04.831+0200] {taskinstance.py:2867} INFO - Starting attempt 1 of 2
[2026-09-05T17:45:04.835+0200] {taskinstance.py:2890} INFO - Executing <Task(PythonSensor): wait_for_csv> on 2026-09-05 15:44:00+00:00
[2026-09-05T17:45:04.839+0200] {standard_task_runner.py:104} INFO - Running: ['airflow', 'tasks', 'run', 'mini_riskagent_file_ingestion', 'wait_for_csv', 'scheduled__2026-09-05T15:44:00+00:00', '--job-id', '342', '--raw', '--subdir', 'DAGS_FOLDER/data_ingest_pipeline.py', '--cfg-path', '/var/folders/5p/201rr1sj03g8gksxm9x48mbh0000gn/T/tmp4l72pgmj']
[2026-09-05T17:45:04.840+0200] {standard_task_runner.py:105} INFO - Job 342: Subtask wait_for_csv
[2026-09-05T17:45:04.891+0200] {logging_mixin.py:190} WARNING - /Users/swarnalidatta/Desktop/AutoQueryChatbot/.airflow-venv/lib/python3.12/site-packages/airflow/task/task_runner/standard_task_runner.py:70 DeprecationWarning: This process (pid=20064) is multi-threaded, use of fork() may lead to deadlocks in the child.
[2026-09-05T17:45:04.891+0200] {standard_task_runner.py:72} INFO - Started process 20066 to run task
[2026-09-05T17:45:04.902+0200] {task_command.py:467} INFO - Running <TaskInstance: mini_riskagent_file_ingestion.wait_for_csv scheduled__2026-09-05T15:44:00+00:00 [running]> on host mac.home
[2026-09-05T17:45:04.917+0200] {taskinstance.py:3134} INFO - Exporting env vars: AIRFLOW_CTX_DAG_OWNER='autoquery' AIRFLOW_CTX_DAG_ID='mini_riskagent_file_ingestion' AIRFLOW_CTX_TASK_ID='wait_for_csv' AIRFLOW_CTX_EXECUTION_DATE='2026-09-05T15:44:00+00:00' AIRFLOW_CTX_TRY_NUMBER='1' AIRFLOW_CTX_DAG_RUN_ID='scheduled__2026-09-05T15:44:00+00:00'
[2026-09-05T17:45:04.917+0200] {logging_mixin.py:190} INFO - Task instance is in running state
[2026-09-05T17:45:04.917+0200] {logging_mixin.py:190} INFO -  Previous state of the Task instance: queued
[2026-09-05T17:45:04.918+0200] {logging_mixin.py:190} INFO - Current task name:wait_for_csv state:running start_date:2026-09-05 15:45:04.830107+00:00
[2026-09-05T17:45:04.918+0200] {logging_mixin.py:190} INFO - Dag name:mini_riskagent_file_ingestion and current dag run status:running
[2026-09-05T17:45:04.918+0200] {taskinstance.py:732} INFO - ::endgroup::
[2026-09-05T17:45:04.919+0200] {python.py:75} INFO - Poking callable: <function check_for_csv_files at 0x10d8e4c20>
[2026-09-05T17:45:04.922+0200] {taskinstance.py:310} INFO - Rescheduling task, marking task as UP_FOR_RESCHEDULE
[2026-09-05T17:45:04.923+0200] {taskinstance.py:341} INFO - ::group::Post task execution logs
[2026-09-05T17:45:04.947+0200] {local_task_job_runner.py:266} INFO - Task exited with return code 0
[2026-09-05T17:45:04.952+0200] {taskinstance.py:3901} INFO - 0 downstream tasks scheduled from follow-on schedule check
[2026-09-05T17:45:04.952+0200] {local_task_job_runner.py:245} INFO - ::endgroup::
[2026-09-05T17:45:38.659+0200] {local_task_job_runner.py:123} INFO - ::group::Pre task execution logs
[2026-09-05T17:45:38.661+0200] {taskinstance.py:2614} INFO - Dependencies all met for dep_context=non-requeueable deps ti=<TaskInstance: mini_riskagent_file_ingestion.wait_for_csv scheduled__2026-09-05T15:44:00+00:00 [queued]>
[2026-09-05T17:45:38.663+0200] {taskinstance.py:2614} INFO - Dependencies all met for dep_context=requeueable deps ti=<TaskInstance: mini_riskagent_file_ingestion.wait_for_csv scheduled__2026-09-05T15:44:00+00:00 [queued]>
[2026-09-05T17:45:38.663+0200] {taskinstance.py:2867} INFO - Starting attempt 1 of 2
[2026-09-05T17:45:38.667+0200] {taskinstance.py:2890} INFO - Executing <Task(PythonSensor): wait_for_csv> on 2026-09-05 15:44:00+00:00
[2026-09-05T17:45:38.671+0200] {standard_task_runner.py:104} INFO - Running: ['airflow', 'tasks', 'run', 'mini_riskagent_file_ingestion', 'wait_for_csv', 'scheduled__2026-09-05T15:44:00+00:00', '--job-id', '359', '--raw', '--subdir', 'DAGS_FOLDER/data_ingest_pipeline.py', '--cfg-path', '/var/folders/5p/201rr1sj03g8gksxm9x48mbh0000gn/T/tmpi3gmtxp4']
[2026-09-05T17:45:38.672+0200] {standard_task_runner.py:105} INFO - Job 359: Subtask wait_for_csv
[2026-09-05T17:45:38.725+0200] {logging_mixin.py:190} WARNING - /Users/swarnalidatta/Desktop/AutoQueryChatbot/.airflow-venv/lib/python3.12/site-packages/airflow/task/task_runner/standard_task_runner.py:70 DeprecationWarning: This process (pid=20175) is multi-threaded, use of fork() may lead to deadlocks in the child.
[2026-09-05T17:45:38.725+0200] {standard_task_runner.py:72} INFO - Started process 20177 to run task
[2026-09-05T17:45:38.735+0200] {task_command.py:467} INFO - Running <TaskInstance: mini_riskagent_file_ingestion.wait_for_csv scheduled__2026-09-05T15:44:00+00:00 [running]> on host mac.home
[2026-09-05T17:45:38.752+0200] {taskinstance.py:3134} INFO - Exporting env vars: AIRFLOW_CTX_DAG_OWNER='autoquery' AIRFLOW_CTX_DAG_ID='mini_riskagent_file_ingestion' AIRFLOW_CTX_TASK_ID='wait_for_csv' AIRFLOW_CTX_EXECUTION_DATE='2026-09-05T15:44:00+00:00' AIRFLOW_CTX_TRY_NUMBER='1' AIRFLOW_CTX_DAG_RUN_ID='scheduled__2026-09-05T15:44:00+00:00'
[2026-09-05T17:45:38.752+0200] {logging_mixin.py:190} INFO - Task instance is in running state
[2026-09-05T17:45:38.752+0200] {logging_mixin.py:190} INFO -  Previous state of the Task instance: queued
[2026-09-05T17:45:38.753+0200] {logging_mixin.py:190} INFO - Current task name:wait_for_csv state:running start_date:2026-09-05 15:45:38.661970+00:00
[2026-09-05T17:45:38.753+0200] {logging_mixin.py:190} INFO - Dag name:mini_riskagent_file_ingestion and current dag run status:running
[2026-09-05T17:45:38.753+0200] {taskinstance.py:732} INFO - ::endgroup::
[2026-09-05T17:45:38.754+0200] {python.py:75} INFO - Poking callable: <function check_for_csv_files at 0x10ca50c20>
[2026-09-05T17:45:38.758+0200] {taskinstance.py:310} INFO - Rescheduling task, marking task as UP_FOR_RESCHEDULE
[2026-09-05T17:45:38.758+0200] {taskinstance.py:341} INFO - ::group::Post task execution logs
[2026-09-05T17:45:38.780+0200] {local_task_job_runner.py:266} INFO - Task exited with return code 0
[2026-09-05T17:45:38.785+0200] {taskinstance.py:3901} INFO - 0 downstream tasks scheduled from follow-on schedule check
[2026-09-05T17:45:38.785+0200] {local_task_job_runner.py:245} INFO - ::endgroup::
[2026-09-05T17:46:11.222+0200] {local_task_job_runner.py:123} INFO - ::group::Pre task execution logs
[2026-09-05T17:46:11.225+0200] {taskinstance.py:2614} INFO - Dependencies all met for dep_context=non-requeueable deps ti=<TaskInstance: mini_riskagent_file_ingestion.wait_for_csv scheduled__2026-09-05T15:44:00+00:00 [queued]>
[2026-09-05T17:46:11.226+0200] {taskinstance.py:2614} INFO - Dependencies all met for dep_context=requeueable deps ti=<TaskInstance: mini_riskagent_file_ingestion.wait_for_csv scheduled__2026-09-05T15:44:00+00:00 [queued]>
[2026-09-05T17:46:11.226+0200] {taskinstance.py:2867} INFO - Starting attempt 1 of 2
[2026-09-05T17:46:11.230+0200] {taskinstance.py:2890} INFO - Executing <Task(PythonSensor): wait_for_csv> on 2026-09-05 15:44:00+00:00
[2026-09-05T17:46:11.234+0200] {standard_task_runner.py:104} INFO - Running: ['airflow', 'tasks', 'run', 'mini_riskagent_file_ingestion', 'wait_for_csv', 'scheduled__2026-09-05T15:44:00+00:00', '--job-id', '375', '--raw', '--subdir', 'DAGS_FOLDER/data_ingest_pipeline.py', '--cfg-path', '/var/folders/5p/201rr1sj03g8gksxm9x48mbh0000gn/T/tmpwtrz_vqo']
[2026-09-05T17:46:11.235+0200] {standard_task_runner.py:105} INFO - Job 375: Subtask wait_for_csv
[2026-09-05T17:46:11.285+0200] {logging_mixin.py:190} WARNING - /Users/swarnalidatta/Desktop/AutoQueryChatbot/.airflow-venv/lib/python3.12/site-packages/airflow/task/task_runner/standard_task_runner.py:70 DeprecationWarning: This process (pid=20281) is multi-threaded, use of fork() may lead to deadlocks in the child.
[2026-09-05T17:46:11.285+0200] {standard_task_runner.py:72} INFO - Started process 20287 to run task
[2026-09-05T17:46:11.297+0200] {task_command.py:467} INFO - Running <TaskInstance: mini_riskagent_file_ingestion.wait_for_csv scheduled__2026-09-05T15:44:00+00:00 [running]> on host mac.home
[2026-09-05T17:46:11.313+0200] {taskinstance.py:3134} INFO - Exporting env vars: AIRFLOW_CTX_DAG_OWNER='autoquery' AIRFLOW_CTX_DAG_ID='mini_riskagent_file_ingestion' AIRFLOW_CTX_TASK_ID='wait_for_csv' AIRFLOW_CTX_EXECUTION_DATE='2026-09-05T15:44:00+00:00' AIRFLOW_CTX_TRY_NUMBER='1' AIRFLOW_CTX_DAG_RUN_ID='scheduled__2026-09-05T15:44:00+00:00'
[2026-09-05T17:46:11.314+0200] {logging_mixin.py:190} INFO - Task instance is in running state
[2026-09-05T17:46:11.314+0200] {logging_mixin.py:190} INFO -  Previous state of the Task instance: queued
[2026-09-05T17:46:11.314+0200] {logging_mixin.py:190} INFO - Current task name:wait_for_csv state:running start_date:2026-09-05 15:46:11.225291+00:00
[2026-09-05T17:46:11.314+0200] {logging_mixin.py:190} INFO - Dag name:mini_riskagent_file_ingestion and current dag run status:running
[2026-09-05T17:46:11.314+0200] {taskinstance.py:732} INFO - ::endgroup::
[2026-09-05T17:46:11.316+0200] {python.py:75} INFO - Poking callable: <function check_for_csv_files at 0x108354c20>
[2026-09-05T17:46:11.319+0200] {taskinstance.py:310} INFO - Rescheduling task, marking task as UP_FOR_RESCHEDULE
[2026-09-05T17:46:11.319+0200] {taskinstance.py:341} INFO - ::group::Post task execution logs
[2026-09-05T17:46:11.340+0200] {local_task_job_runner.py:266} INFO - Task exited with return code 0
[2026-09-05T17:46:11.345+0200] {taskinstance.py:3901} INFO - 0 downstream tasks scheduled from follow-on schedule check
[2026-09-05T17:46:11.345+0200] {local_task_job_runner.py:245} INFO - ::endgroup::
[2026-09-05T17:46:43.566+0200] {local_task_job_runner.py:123} INFO - ::group::Pre task execution logs
[2026-09-05T17:46:43.569+0200] {taskinstance.py:2614} INFO - Dependencies all met for dep_context=non-requeueable deps ti=<TaskInstance: mini_riskagent_file_ingestion.wait_for_csv scheduled__2026-09-05T15:44:00+00:00 [queued]>
[2026-09-05T17:46:43.570+0200] {taskinstance.py:2614} INFO - Dependencies all met for dep_context=requeueable deps ti=<TaskInstance: mini_riskagent_file_ingestion.wait_for_csv scheduled__2026-09-05T15:44:00+00:00 [queued]>
[2026-09-05T17:46:43.570+0200] {taskinstance.py:2867} INFO - Starting attempt 1 of 2
[2026-09-05T17:46:43.574+0200] {taskinstance.py:2890} INFO - Executing <Task(PythonSensor): wait_for_csv> on 2026-09-05 15:44:00+00:00
[2026-09-05T17:46:43.578+0200] {standard_task_runner.py:104} INFO - Running: ['airflow', 'tasks', 'run', 'mini_riskagent_file_ingestion', 'wait_for_csv', 'scheduled__2026-09-05T15:44:00+00:00', '--job-id', '391', '--raw', '--subdir', 'DAGS_FOLDER/data_ingest_pipeline.py', '--cfg-path', '/var/folders/5p/201rr1sj03g8gksxm9x48mbh0000gn/T/tmpix5sspa4']
[2026-09-05T17:46:43.579+0200] {standard_task_runner.py:105} INFO - Job 391: Subtask wait_for_csv
[2026-09-05T17:46:43.629+0200] {logging_mixin.py:190} WARNING - /Users/swarnalidatta/Desktop/AutoQueryChatbot/.airflow-venv/lib/python3.12/site-packages/airflow/task/task_runner/standard_task_runner.py:70 DeprecationWarning: This process (pid=20391) is multi-threaded, use of fork() may lead to deadlocks in the child.
[2026-09-05T17:46:43.629+0200] {standard_task_runner.py:72} INFO - Started process 20393 to run task
[2026-09-05T17:46:43.640+0200] {task_command.py:467} INFO - Running <TaskInstance: mini_riskagent_file_ingestion.wait_for_csv scheduled__2026-09-05T15:44:00+00:00 [running]> on host mac.home
[2026-09-05T17:46:43.655+0200] {taskinstance.py:3134} INFO - Exporting env vars: AIRFLOW_CTX_DAG_OWNER='autoquery' AIRFLOW_CTX_DAG_ID='mini_riskagent_file_ingestion' AIRFLOW_CTX_TASK_ID='wait_for_csv' AIRFLOW_CTX_EXECUTION_DATE='2026-09-05T15:44:00+00:00' AIRFLOW_CTX_TRY_NUMBER='1' AIRFLOW_CTX_DAG_RUN_ID='scheduled__2026-09-05T15:44:00+00:00'
[2026-09-05T17:46:43.655+0200] {logging_mixin.py:190} INFO - Task instance is in running state
[2026-09-05T17:46:43.656+0200] {logging_mixin.py:190} INFO -  Previous state of the Task instance: queued
[2026-09-05T17:46:43.656+0200] {logging_mixin.py:190} INFO - Current task name:wait_for_csv state:running start_date:2026-09-05 15:46:43.569160+00:00
[2026-09-05T17:46:43.656+0200] {logging_mixin.py:190} INFO - Dag name:mini_riskagent_file_ingestion and current dag run status:running
[2026-09-05T17:46:43.656+0200] {taskinstance.py:732} INFO - ::endgroup::
[2026-09-05T17:46:43.657+0200] {python.py:75} INFO - Poking callable: <function check_for_csv_files at 0x10c0bcc20>
[2026-09-05T17:46:43.661+0200] {taskinstance.py:310} INFO - Rescheduling task, marking task as UP_FOR_RESCHEDULE
[2026-09-05T17:46:43.661+0200] {taskinstance.py:341} INFO - ::group::Post task execution logs
[2026-09-05T17:46:43.685+0200] {local_task_job_runner.py:266} INFO - Task exited with return code 0
[2026-09-05T17:46:43.690+0200] {taskinstance.py:3901} INFO - 0 downstream tasks scheduled from follow-on schedule check
[2026-09-05T17:46:43.690+0200] {local_task_job_runner.py:245} INFO - ::endgroup::
[2026-09-05T17:47:15.883+0200] {local_task_job_runner.py:123} INFO - ::group::Pre task execution logs
[2026-09-05T17:47:15.885+0200] {taskinstance.py:2614} INFO - Dependencies all met for dep_context=non-requeueable deps ti=<TaskInstance: mini_riskagent_file_ingestion.wait_for_csv scheduled__2026-09-05T15:44:00+00:00 [queued]>
[2026-09-05T17:47:15.887+0200] {taskinstance.py:2614} INFO - Dependencies all met for dep_context=requeueable deps ti=<TaskInstance: mini_riskagent_file_ingestion.wait_for_csv scheduled__2026-09-05T15:44:00+00:00 [queued]>
[2026-09-05T17:47:15.887+0200] {taskinstance.py:2867} INFO - Starting attempt 1 of 2
[2026-09-05T17:47:15.890+0200] {taskinstance.py:2890} INFO - Executing <Task(PythonSensor): wait_for_csv> on 2026-09-05 15:44:00+00:00
[2026-09-05T17:47:15.894+0200] {standard_task_runner.py:104} INFO - Running: ['airflow', 'tasks', 'run', 'mini_riskagent_file_ingestion', 'wait_for_csv', 'scheduled__2026-09-05T15:44:00+00:00', '--job-id', '407', '--raw', '--subdir', 'DAGS_FOLDER/data_ingest_pipeline.py', '--cfg-path', '/var/folders/5p/201rr1sj03g8gksxm9x48mbh0000gn/T/tmpvep32n0h']
[2026-09-05T17:47:15.895+0200] {standard_task_runner.py:105} INFO - Job 407: Subtask wait_for_csv
[2026-09-05T17:47:15.946+0200] {logging_mixin.py:190} WARNING - /Users/swarnalidatta/Desktop/AutoQueryChatbot/.airflow-venv/lib/python3.12/site-packages/airflow/task/task_runner/standard_task_runner.py:70 DeprecationWarning: This process (pid=20498) is multi-threaded, use of fork() may lead to deadlocks in the child.
[2026-09-05T17:47:15.946+0200] {standard_task_runner.py:72} INFO - Started process 20500 to run task
[2026-09-05T17:47:15.957+0200] {task_command.py:467} INFO - Running <TaskInstance: mini_riskagent_file_ingestion.wait_for_csv scheduled__2026-09-05T15:44:00+00:00 [running]> on host mac.home
[2026-09-05T17:47:15.972+0200] {taskinstance.py:3134} INFO - Exporting env vars: AIRFLOW_CTX_DAG_OWNER='autoquery' AIRFLOW_CTX_DAG_ID='mini_riskagent_file_ingestion' AIRFLOW_CTX_TASK_ID='wait_for_csv' AIRFLOW_CTX_EXECUTION_DATE='2026-09-05T15:44:00+00:00' AIRFLOW_CTX_TRY_NUMBER='1' AIRFLOW_CTX_DAG_RUN_ID='scheduled__2026-09-05T15:44:00+00:00'
[2026-09-05T17:47:15.972+0200] {logging_mixin.py:190} INFO - Task instance is in running state
[2026-09-05T17:47:15.972+0200] {logging_mixin.py:190} INFO -  Previous state of the Task instance: queued
[2026-09-05T17:47:15.973+0200] {logging_mixin.py:190} INFO - Current task name:wait_for_csv state:running start_date:2026-09-05 15:47:15.885850+00:00
[2026-09-05T17:47:15.973+0200] {logging_mixin.py:190} INFO - Dag name:mini_riskagent_file_ingestion and current dag run status:running
[2026-09-05T17:47:15.973+0200] {taskinstance.py:732} INFO - ::endgroup::
[2026-09-05T17:47:15.974+0200] {python.py:75} INFO - Poking callable: <function check_for_csv_files at 0x10acf0c20>
[2026-09-05T17:47:15.977+0200] {taskinstance.py:310} INFO - Rescheduling task, marking task as UP_FOR_RESCHEDULE
[2026-09-05T17:47:15.978+0200] {taskinstance.py:341} INFO - ::group::Post task execution logs
[2026-09-05T17:47:16.001+0200] {local_task_job_runner.py:266} INFO - Task exited with return code 0
[2026-09-05T17:47:16.006+0200] {taskinstance.py:3901} INFO - 0 downstream tasks scheduled from follow-on schedule check
[2026-09-05T17:47:16.007+0200] {local_task_job_runner.py:245} INFO - ::endgroup::
[2026-09-05T17:47:49.931+0200] {local_task_job_runner.py:123} INFO - ::group::Pre task execution logs
[2026-09-05T17:47:49.933+0200] {taskinstance.py:2614} INFO - Dependencies all met for dep_context=non-requeueable deps ti=<TaskInstance: mini_riskagent_file_ingestion.wait_for_csv scheduled__2026-09-05T15:44:00+00:00 [queued]>
[2026-09-05T17:47:49.935+0200] {taskinstance.py:2614} INFO - Dependencies all met for dep_context=requeueable deps ti=<TaskInstance: mini_riskagent_file_ingestion.wait_for_csv scheduled__2026-09-05T15:44:00+00:00 [queued]>
[2026-09-05T17:47:49.935+0200] {taskinstance.py:2867} INFO - Starting attempt 1 of 2
[2026-09-05T17:47:49.939+0200] {taskinstance.py:2890} INFO - Executing <Task(PythonSensor): wait_for_csv> on 2026-09-05 15:44:00+00:00
[2026-09-05T17:47:49.943+0200] {standard_task_runner.py:104} INFO - Running: ['airflow', 'tasks', 'run', 'mini_riskagent_file_ingestion', 'wait_for_csv', 'scheduled__2026-09-05T15:44:00+00:00', '--job-id', '424', '--raw', '--subdir', 'DAGS_FOLDER/data_ingest_pipeline.py', '--cfg-path', '/var/folders/5p/201rr1sj03g8gksxm9x48mbh0000gn/T/tmp7_bgtqd0']
[2026-09-05T17:47:49.943+0200] {standard_task_runner.py:105} INFO - Job 424: Subtask wait_for_csv
[2026-09-05T17:47:49.994+0200] {logging_mixin.py:190} WARNING - /Users/swarnalidatta/Desktop/AutoQueryChatbot/.airflow-venv/lib/python3.12/site-packages/airflow/task/task_runner/standard_task_runner.py:70 DeprecationWarning: This process (pid=20618) is multi-threaded, use of fork() may lead to deadlocks in the child.
[2026-09-05T17:47:49.995+0200] {standard_task_runner.py:72} INFO - Started process 20620 to run task
[2026-09-05T17:47:50.005+0200] {task_command.py:467} INFO - Running <TaskInstance: mini_riskagent_file_ingestion.wait_for_csv scheduled__2026-09-05T15:44:00+00:00 [running]> on host mac.home
[2026-09-05T17:47:50.020+0200] {taskinstance.py:3134} INFO - Exporting env vars: AIRFLOW_CTX_DAG_OWNER='autoquery' AIRFLOW_CTX_DAG_ID='mini_riskagent_file_ingestion' AIRFLOW_CTX_TASK_ID='wait_for_csv' AIRFLOW_CTX_EXECUTION_DATE='2026-09-05T15:44:00+00:00' AIRFLOW_CTX_TRY_NUMBER='1' AIRFLOW_CTX_DAG_RUN_ID='scheduled__2026-09-05T15:44:00+00:00'
[2026-09-05T17:47:50.021+0200] {logging_mixin.py:190} INFO - Task instance is in running state
[2026-09-05T17:47:50.021+0200] {logging_mixin.py:190} INFO -  Previous state of the Task instance: queued
[2026-09-05T17:47:50.021+0200] {logging_mixin.py:190} INFO - Current task name:wait_for_csv state:running start_date:2026-09-05 15:47:49.933988+00:00
[2026-09-05T17:47:50.021+0200] {logging_mixin.py:190} INFO - Dag name:mini_riskagent_file_ingestion and current dag run status:running
[2026-09-05T17:47:50.021+0200] {taskinstance.py:732} INFO - ::endgroup::
[2026-09-05T17:47:50.023+0200] {python.py:75} INFO - Poking callable: <function check_for_csv_files at 0x10a03cc20>
[2026-09-05T17:47:50.026+0200] {taskinstance.py:310} INFO - Rescheduling task, marking task as UP_FOR_RESCHEDULE
[2026-09-05T17:47:50.026+0200] {taskinstance.py:341} INFO - ::group::Post task execution logs
[2026-09-05T17:47:50.050+0200] {local_task_job_runner.py:266} INFO - Task exited with return code 0
[2026-09-05T17:47:50.055+0200] {taskinstance.py:3901} INFO - 0 downstream tasks scheduled from follow-on schedule check
[2026-09-05T17:47:50.055+0200] {local_task_job_runner.py:245} INFO - ::endgroup::
[2026-09-05T17:48:22.444+0200] {local_task_job_runner.py:123} INFO - ::group::Pre task execution logs
[2026-09-05T17:48:22.447+0200] {taskinstance.py:2614} INFO - Dependencies all met for dep_context=non-requeueable deps ti=<TaskInstance: mini_riskagent_file_ingestion.wait_for_csv scheduled__2026-09-05T15:44:00+00:00 [queued]>
[2026-09-05T17:48:22.448+0200] {taskinstance.py:2614} INFO - Dependencies all met for dep_context=requeueable deps ti=<TaskInstance: mini_riskagent_file_ingestion.wait_for_csv scheduled__2026-09-05T15:44:00+00:00 [queued]>
[2026-09-05T17:48:22.449+0200] {taskinstance.py:2867} INFO - Starting attempt 1 of 2
[2026-09-05T17:48:22.452+0200] {taskinstance.py:2890} INFO - Executing <Task(PythonSensor): wait_for_csv> on 2026-09-05 15:44:00+00:00
[2026-09-05T17:48:22.457+0200] {standard_task_runner.py:104} INFO - Running: ['airflow', 'tasks', 'run', 'mini_riskagent_file_ingestion', 'wait_for_csv', 'scheduled__2026-09-05T15:44:00+00:00', '--job-id', '440', '--raw', '--subdir', 'DAGS_FOLDER/data_ingest_pipeline.py', '--cfg-path', '/var/folders/5p/201rr1sj03g8gksxm9x48mbh0000gn/T/tmpul37e7fe']
[2026-09-05T17:48:22.458+0200] {standard_task_runner.py:105} INFO - Job 440: Subtask wait_for_csv
[2026-09-05T17:48:22.507+0200] {logging_mixin.py:190} WARNING - /Users/swarnalidatta/Desktop/AutoQueryChatbot/.airflow-venv/lib/python3.12/site-packages/airflow/task/task_runner/standard_task_runner.py:70 DeprecationWarning: This process (pid=20725) is multi-threaded, use of fork() may lead to deadlocks in the child.
[2026-09-05T17:48:22.507+0200] {standard_task_runner.py:72} INFO - Started process 20727 to run task
[2026-09-05T17:48:22.520+0200] {task_command.py:467} INFO - Running <TaskInstance: mini_riskagent_file_ingestion.wait_for_csv scheduled__2026-09-05T15:44:00+00:00 [running]> on host mac.home
[2026-09-05T17:48:22.536+0200] {taskinstance.py:3134} INFO - Exporting env vars: AIRFLOW_CTX_DAG_OWNER='autoquery' AIRFLOW_CTX_DAG_ID='mini_riskagent_file_ingestion' AIRFLOW_CTX_TASK_ID='wait_for_csv' AIRFLOW_CTX_EXECUTION_DATE='2026-09-05T15:44:00+00:00' AIRFLOW_CTX_TRY_NUMBER='1' AIRFLOW_CTX_DAG_RUN_ID='scheduled__2026-09-05T15:44:00+00:00'
[2026-09-05T17:48:22.536+0200] {logging_mixin.py:190} INFO - Task instance is in running state
[2026-09-05T17:48:22.536+0200] {logging_mixin.py:190} INFO -  Previous state of the Task instance: queued
[2026-09-05T17:48:22.537+0200] {logging_mixin.py:190} INFO - Current task name:wait_for_csv state:running start_date:2026-09-05 15:48:22.447620+00:00
[2026-09-05T17:48:22.537+0200] {logging_mixin.py:190} INFO - Dag name:mini_riskagent_file_ingestion and current dag run status:running
[2026-09-05T17:48:22.537+0200] {taskinstance.py:732} INFO - ::endgroup::
[2026-09-05T17:48:22.538+0200] {python.py:75} INFO - Poking callable: <function check_for_csv_files at 0x10cb0cc20>
[2026-09-05T17:48:22.541+0200] {taskinstance.py:310} INFO - Rescheduling task, marking task as UP_FOR_RESCHEDULE
[2026-09-05T17:48:22.542+0200] {taskinstance.py:341} INFO - ::group::Post task execution logs
[2026-09-05T17:48:22.562+0200] {local_task_job_runner.py:266} INFO - Task exited with return code 0
[2026-09-05T17:48:22.567+0200] {taskinstance.py:3901} INFO - 0 downstream tasks scheduled from follow-on schedule check
[2026-09-05T17:48:22.567+0200] {local_task_job_runner.py:245} INFO - ::endgroup::
[2026-09-05T17:48:54.555+0200] {local_task_job_runner.py:123} INFO - ::group::Pre task execution logs
[2026-09-05T17:48:54.558+0200] {taskinstance.py:2614} INFO - Dependencies all met for dep_context=non-requeueable deps ti=<TaskInstance: mini_riskagent_file_ingestion.wait_for_csv scheduled__2026-09-05T15:44:00+00:00 [queued]>
[2026-09-05T17:48:54.559+0200] {taskinstance.py:2614} INFO - Dependencies all met for dep_context=requeueable deps ti=<TaskInstance: mini_riskagent_file_ingestion.wait_for_csv scheduled__2026-09-05T15:44:00+00:00 [queued]>
[2026-09-05T17:48:54.559+0200] {taskinstance.py:2867} INFO - Starting attempt 1 of 2
[2026-09-05T17:48:54.563+0200] {taskinstance.py:2890} INFO - Executing <Task(PythonSensor): wait_for_csv> on 2026-09-05 15:44:00+00:00
[2026-09-05T17:48:54.567+0200] {standard_task_runner.py:104} INFO - Running: ['airflow', 'tasks', 'run', 'mini_riskagent_file_ingestion', 'wait_for_csv', 'scheduled__2026-09-05T15:44:00+00:00', '--job-id', '456', '--raw', '--subdir', 'DAGS_FOLDER/data_ingest_pipeline.py', '--cfg-path', '/var/folders/5p/201rr1sj03g8gksxm9x48mbh0000gn/T/tmp277msyp8']
[2026-09-05T17:48:54.568+0200] {standard_task_runner.py:105} INFO - Job 456: Subtask wait_for_csv
[2026-09-05T17:48:54.617+0200] {logging_mixin.py:190} WARNING - /Users/swarnalidatta/Desktop/AutoQueryChatbot/.airflow-venv/lib/python3.12/site-packages/airflow/task/task_runner/standard_task_runner.py:70 DeprecationWarning: This process (pid=20838) is multi-threaded, use of fork() may lead to deadlocks in the child.
[2026-09-05T17:48:54.618+0200] {standard_task_runner.py:72} INFO - Started process 20840 to run task
[2026-09-05T17:48:54.631+0200] {task_command.py:467} INFO - Running <TaskInstance: mini_riskagent_file_ingestion.wait_for_csv scheduled__2026-09-05T15:44:00+00:00 [running]> on host mac.home
[2026-09-05T17:48:54.646+0200] {taskinstance.py:3134} INFO - Exporting env vars: AIRFLOW_CTX_DAG_OWNER='autoquery' AIRFLOW_CTX_DAG_ID='mini_riskagent_file_ingestion' AIRFLOW_CTX_TASK_ID='wait_for_csv' AIRFLOW_CTX_EXECUTION_DATE='2026-09-05T15:44:00+00:00' AIRFLOW_CTX_TRY_NUMBER='1' AIRFLOW_CTX_DAG_RUN_ID='scheduled__2026-09-05T15:44:00+00:00'
[2026-09-05T17:48:54.647+0200] {logging_mixin.py:190} INFO - Task instance is in running state
[2026-09-05T17:48:54.647+0200] {logging_mixin.py:190} INFO -  Previous state of the Task instance: queued
[2026-09-05T17:48:54.647+0200] {logging_mixin.py:190} INFO - Current task name:wait_for_csv state:running start_date:2026-09-05 15:48:54.558141+00:00
[2026-09-05T17:48:54.647+0200] {logging_mixin.py:190} INFO - Dag name:mini_riskagent_file_ingestion and current dag run status:running
[2026-09-05T17:48:54.647+0200] {taskinstance.py:732} INFO - ::endgroup::
[2026-09-05T17:48:54.649+0200] {python.py:75} INFO - Poking callable: <function check_for_csv_files at 0x10a1a8c20>
[2026-09-05T17:48:54.652+0200] {taskinstance.py:310} INFO - Rescheduling task, marking task as UP_FOR_RESCHEDULE
[2026-09-05T17:48:54.652+0200] {taskinstance.py:341} INFO - ::group::Post task execution logs
[2026-09-05T17:48:54.673+0200] {local_task_job_runner.py:266} INFO - Task exited with return code 0
[2026-09-05T17:48:54.678+0200] {taskinstance.py:3901} INFO - 0 downstream tasks scheduled from follow-on schedule check
[2026-09-05T17:48:54.678+0200] {local_task_job_runner.py:245} INFO - ::endgroup::
