[2026-09-19T03:50:46.920+0200] {local_task_job_runner.py:123} INFO - ::group::Pre task execution logs
[2026-09-19T03:50:46.924+0200] {taskinstance.py:2614} INFO - Dependencies all met for dep_context=non-requeueable deps ti=<TaskInstance: mini_riskagent_file_ingestion.wait_for_csv scheduled__2026-09-19T01:32:00+00:00 [queued]>
[2026-09-19T03:50:46.926+0200] {taskinstance.py:2614} INFO - Dependencies all met for dep_context=requeueable deps ti=<TaskInstance: mini_riskagent_file_ingestion.wait_for_csv scheduled__2026-09-19T01:32:00+00:00 [queued]>
[2026-09-19T03:50:46.926+0200] {taskinstance.py:2867} INFO - Starting attempt 1 of 2
[2026-09-19T03:50:46.930+0200] {taskinstance.py:2890} INFO - Executing <Task(PythonSensor): wait_for_csv> on 2026-09-19 01:32:00+00:00
[2026-09-19T03:50:46.936+0200] {logging_mixin.py:190} WARNING - /Users/swarnalidatta/Desktop/AutoQueryChatbot/.airflow-venv/lib/python3.12/site-packages/airflow/task/task_runner/standard_task_runner.py:70 DeprecationWarning: This process (pid=3648) is multi-threaded, use of fork() may lead to deadlocks in the child.
[2026-09-19T03:50:46.937+0200] {standard_task_runner.py:72} INFO - Started process 3657 to run task
[2026-09-19T03:50:46.936+0200] {standard_task_runner.py:104} INFO - Running: ['airflow', 'tasks', 'run', 'mini_riskagent_file_ingestion', 'wait_for_csv', 'scheduled__2026-09-19T01:32:00+00:00', '--job-id', '4650', '--raw', '--subdir', 'DAGS_FOLDER/data_ingest_pipeline.py', '--cfg-path', '/var/folders/5p/201rr1sj03g8gksxm9x48mbh0000gn/T/tmph2qa6cgf']
[2026-09-19T03:50:46.937+0200] {standard_task_runner.py:105} INFO - Job 4650: Subtask wait_for_csv
[2026-09-19T03:50:46.954+0200] {task_command.py:467} INFO - Running <TaskInstance: mini_riskagent_file_ingestion.wait_for_csv scheduled__2026-09-19T01:32:00+00:00 [running]> on host mac.home
[2026-09-19T03:50:46.971+0200] {taskinstance.py:3134} INFO - Exporting env vars: AIRFLOW_CTX_DAG_OWNER='autoquery' AIRFLOW_CTX_DAG_ID='mini_riskagent_file_ingestion' AIRFLOW_CTX_TASK_ID='wait_for_csv' AIRFLOW_CTX_EXECUTION_DATE='2026-09-19T01:32:00+00:00' AIRFLOW_CTX_TRY_NUMBER='1' AIRFLOW_CTX_DAG_RUN_ID='scheduled__2026-09-19T01:32:00+00:00'
[2026-09-19T03:50:46.972+0200] {logging_mixin.py:190} INFO - Task instance is in running state
[2026-09-19T03:50:46.972+0200] {logging_mixin.py:190} INFO -  Previous state of the Task instance: queued
[2026-09-19T03:50:46.972+0200] {logging_mixin.py:190} INFO - Current task name:wait_for_csv state:running start_date:2026-09-19 01:50:46.924368+00:00
[2026-09-19T03:50:46.972+0200] {logging_mixin.py:190} INFO - Dag name:mini_riskagent_file_ingestion and current dag run status:running
[2026-09-19T03:50:46.973+0200] {taskinstance.py:732} INFO - ::endgroup::
[2026-09-19T03:50:46.974+0200] {python.py:75} INFO - Poking callable: <function check_for_csv_files at 0x10912eb60>
[2026-09-19T03:50:46.979+0200] {taskinstance.py:310} INFO - Rescheduling task, marking task as UP_FOR_RESCHEDULE
[2026-09-19T03:50:46.979+0200] {taskinstance.py:341} INFO - ::group::Post task execution logs
[2026-09-19T03:50:46.996+0200] {local_task_job_runner.py:266} INFO - Task exited with return code 0
[2026-09-19T03:50:47.004+0200] {taskinstance.py:3901} INFO - 0 downstream tasks scheduled from follow-on schedule check
[2026-09-19T03:50:47.004+0200] {local_task_job_runner.py:245} INFO - ::endgroup::
[2026-09-19T04:08:44.693+0200] {local_task_job_runner.py:123} INFO - ::group::Pre task execution logs
[2026-09-19T04:08:44.696+0200] {taskinstance.py:2614} INFO - Dependencies all met for dep_context=non-requeueable deps ti=<TaskInstance: mini_riskagent_file_ingestion.wait_for_csv scheduled__2026-09-19T01:32:00+00:00 [queued]>
[2026-09-19T04:08:44.698+0200] {taskinstance.py:2614} INFO - Dependencies all met for dep_context=requeueable deps ti=<TaskInstance: mini_riskagent_file_ingestion.wait_for_csv scheduled__2026-09-19T01:32:00+00:00 [queued]>
[2026-09-19T04:08:44.698+0200] {taskinstance.py:2867} INFO - Starting attempt 1 of 2
[2026-09-19T04:08:44.701+0200] {taskinstance.py:2890} INFO - Executing <Task(PythonSensor): wait_for_csv> on 2026-09-19 01:32:00+00:00
[2026-09-19T04:08:44.705+0200] {logging_mixin.py:190} WARNING - /Users/swarnalidatta/Desktop/AutoQueryChatbot/.airflow-venv/lib/python3.12/site-packages/airflow/task/task_runner/standard_task_runner.py:70 DeprecationWarning: This process (pid=3679) is multi-threaded, use of fork() may lead to deadlocks in the child.
[2026-09-19T04:08:44.706+0200] {standard_task_runner.py:72} INFO - Started process 3681 to run task
[2026-09-19T04:08:44.705+0200] {standard_task_runner.py:104} INFO - Running: ['airflow', 'tasks', 'run', 'mini_riskagent_file_ingestion', 'wait_for_csv', 'scheduled__2026-09-19T01:32:00+00:00', '--job-id', '4651', '--raw', '--subdir', 'DAGS_FOLDER/data_ingest_pipeline.py', '--cfg-path', '/var/folders/5p/201rr1sj03g8gksxm9x48mbh0000gn/T/tmpsb6bqmhe']
[2026-09-19T04:08:44.706+0200] {standard_task_runner.py:105} INFO - Job 4651: Subtask wait_for_csv
[2026-09-19T04:08:44.720+0200] {task_command.py:467} INFO - Running <TaskInstance: mini_riskagent_file_ingestion.wait_for_csv scheduled__2026-09-19T01:32:00+00:00 [running]> on host mac.home
[2026-09-19T04:08:44.735+0200] {taskinstance.py:3134} INFO - Exporting env vars: AIRFLOW_CTX_DAG_OWNER='autoquery' AIRFLOW_CTX_DAG_ID='mini_riskagent_file_ingestion' AIRFLOW_CTX_TASK_ID='wait_for_csv' AIRFLOW_CTX_EXECUTION_DATE='2026-09-19T01:32:00+00:00' AIRFLOW_CTX_TRY_NUMBER='1' AIRFLOW_CTX_DAG_RUN_ID='scheduled__2026-09-19T01:32:00+00:00'
[2026-09-19T04:08:44.735+0200] {logging_mixin.py:190} INFO - Task instance is in running state
[2026-09-19T04:08:44.735+0200] {logging_mixin.py:190} INFO -  Previous state of the Task instance: queued
[2026-09-19T04:08:44.735+0200] {logging_mixin.py:190} INFO - Current task name:wait_for_csv state:running start_date:2026-09-19 02:08:44.696147+00:00
[2026-09-19T04:08:44.736+0200] {logging_mixin.py:190} INFO - Dag name:mini_riskagent_file_ingestion and current dag run status:running
[2026-09-19T04:08:44.736+0200] {taskinstance.py:732} INFO - ::endgroup::
[2026-09-19T04:08:44.737+0200] {python.py:75} INFO - Poking callable: <function check_for_csv_files at 0x10937ab60>
[2026-09-19T04:08:44.740+0200] {taskinstance.py:310} INFO - Rescheduling task, marking task as UP_FOR_RESCHEDULE
[2026-09-19T04:08:44.740+0200] {taskinstance.py:341} INFO - ::group::Post task execution logs
[2026-09-19T04:08:44.765+0200] {local_task_job_runner.py:266} INFO - Task exited with return code 0
[2026-09-19T04:08:44.772+0200] {taskinstance.py:3901} INFO - 0 downstream tasks scheduled from follow-on schedule check
[2026-09-19T04:08:44.772+0200] {local_task_job_runner.py:245} INFO - ::endgroup::
[2026-09-19T04:26:45.299+0200] {local_task_job_runner.py:123} INFO - ::group::Pre task execution logs
[2026-09-19T04:26:45.302+0200] {taskinstance.py:2614} INFO - Dependencies all met for dep_context=non-requeueable deps ti=<TaskInstance: mini_riskagent_file_ingestion.wait_for_csv scheduled__2026-09-19T01:32:00+00:00 [queued]>
[2026-09-19T04:26:45.303+0200] {taskinstance.py:2614} INFO - Dependencies all met for dep_context=requeueable deps ti=<TaskInstance: mini_riskagent_file_ingestion.wait_for_csv scheduled__2026-09-19T01:32:00+00:00 [queued]>
[2026-09-19T04:26:45.303+0200] {taskinstance.py:2867} INFO - Starting attempt 1 of 2
[2026-09-19T04:26:45.306+0200] {taskinstance.py:2890} INFO - Executing <Task(PythonSensor): wait_for_csv> on 2026-09-19 01:32:00+00:00
[2026-09-19T04:26:45.310+0200] {logging_mixin.py:190} WARNING - /Users/swarnalidatta/Desktop/AutoQueryChatbot/.airflow-venv/lib/python3.12/site-packages/airflow/task/task_runner/standard_task_runner.py:70 DeprecationWarning: This process (pid=3693) is multi-threaded, use of fork() may lead to deadlocks in the child.
[2026-09-19T04:26:45.311+0200] {standard_task_runner.py:72} INFO - Started process 3695 to run task
[2026-09-19T04:26:45.310+0200] {standard_task_runner.py:104} INFO - Running: ['airflow', 'tasks', 'run', 'mini_riskagent_file_ingestion', 'wait_for_csv', 'scheduled__2026-09-19T01:32:00+00:00', '--job-id', '4652', '--raw', '--subdir', 'DAGS_FOLDER/data_ingest_pipeline.py', '--cfg-path', '/var/folders/5p/201rr1sj03g8gksxm9x48mbh0000gn/T/tmprfa2ib2s']
[2026-09-19T04:26:45.311+0200] {standard_task_runner.py:105} INFO - Job 4652: Subtask wait_for_csv
[2026-09-19T04:26:45.324+0200] {task_command.py:467} INFO - Running <TaskInstance: mini_riskagent_file_ingestion.wait_for_csv scheduled__2026-09-19T01:32:00+00:00 [running]> on host mac.home
[2026-09-19T04:26:45.339+0200] {taskinstance.py:3134} INFO - Exporting env vars: AIRFLOW_CTX_DAG_OWNER='autoquery' AIRFLOW_CTX_DAG_ID='mini_riskagent_file_ingestion' AIRFLOW_CTX_TASK_ID='wait_for_csv' AIRFLOW_CTX_EXECUTION_DATE='2026-09-19T01:32:00+00:00' AIRFLOW_CTX_TRY_NUMBER='1' AIRFLOW_CTX_DAG_RUN_ID='scheduled__2026-09-19T01:32:00+00:00'
[2026-09-19T04:26:45.340+0200] {logging_mixin.py:190} INFO - Task instance is in running state
[2026-09-19T04:26:45.340+0200] {logging_mixin.py:190} INFO -  Previous state of the Task instance: queued
[2026-09-19T04:26:45.340+0200] {logging_mixin.py:190} INFO - Current task name:wait_for_csv state:running start_date:2026-09-19 02:26:45.302258+00:00
[2026-09-19T04:26:45.340+0200] {logging_mixin.py:190} INFO - Dag name:mini_riskagent_file_ingestion and current dag run status:running
[2026-09-19T04:26:45.341+0200] {taskinstance.py:732} INFO - ::endgroup::
[2026-09-19T04:26:45.342+0200] {python.py:75} INFO - Poking callable: <function check_for_csv_files at 0x10a6c6b60>
[2026-09-19T04:26:45.345+0200] {taskinstance.py:310} INFO - Rescheduling task, marking task as UP_FOR_RESCHEDULE
[2026-09-19T04:26:45.345+0200] {taskinstance.py:341} INFO - ::group::Post task execution logs
[2026-09-19T04:26:45.370+0200] {local_task_job_runner.py:266} INFO - Task exited with return code 0
[2026-09-19T04:26:45.376+0200] {taskinstance.py:3901} INFO - 0 downstream tasks scheduled from follow-on schedule check
[2026-09-19T04:26:45.376+0200] {local_task_job_runner.py:245} INFO - ::endgroup::
[2026-09-19T04:44:33.118+0200] {local_task_job_runner.py:123} INFO - ::group::Pre task execution logs
[2026-09-19T04:44:33.120+0200] {taskinstance.py:2614} INFO - Dependencies all met for dep_context=non-requeueable deps ti=<TaskInstance: mini_riskagent_file_ingestion.wait_for_csv scheduled__2026-09-19T01:32:00+00:00 [queued]>
[2026-09-19T04:44:33.121+0200] {taskinstance.py:2614} INFO - Dependencies all met for dep_context=requeueable deps ti=<TaskInstance: mini_riskagent_file_ingestion.wait_for_csv scheduled__2026-09-19T01:32:00+00:00 [queued]>
[2026-09-19T04:44:33.122+0200] {taskinstance.py:2867} INFO - Starting attempt 1 of 2
[2026-09-19T04:44:33.124+0200] {taskinstance.py:2890} INFO - Executing <Task(PythonSensor): wait_for_csv> on 2026-09-19 01:32:00+00:00
[2026-09-19T04:44:33.129+0200] {standard_task_runner.py:104} INFO - Running: ['airflow', 'tasks', 'run', 'mini_riskagent_file_ingestion', 'wait_for_csv', 'scheduled__2026-09-19T01:32:00+00:00', '--job-id', '4653', '--raw', '--subdir', 'DAGS_FOLDER/data_ingest_pipeline.py', '--cfg-path', '/var/folders/5p/201rr1sj03g8gksxm9x48mbh0000gn/T/tmpxj24xneo']
[2026-09-19T04:44:33.129+0200] {logging_mixin.py:190} WARNING - /Users/swarnalidatta/Desktop/AutoQueryChatbot/.airflow-venv/lib/python3.12/site-packages/airflow/task/task_runner/standard_task_runner.py:70 DeprecationWarning: This process (pid=3709) is multi-threaded, use of fork() may lead to deadlocks in the child.
[2026-09-19T04:44:33.129+0200] {standard_task_runner.py:72} INFO - Started process 3711 to run task
[2026-09-19T04:44:33.129+0200] {standard_task_runner.py:105} INFO - Job 4653: Subtask wait_for_csv
[2026-09-19T04:44:33.143+0200] {task_command.py:467} INFO - Running <TaskInstance: mini_riskagent_file_ingestion.wait_for_csv scheduled__2026-09-19T01:32:00+00:00 [running]> on host mac.home
[2026-09-19T04:44:33.159+0200] {taskinstance.py:3134} INFO - Exporting env vars: AIRFLOW_CTX_DAG_OWNER='autoquery' AIRFLOW_CTX_DAG_ID='mini_riskagent_file_ingestion' AIRFLOW_CTX_TASK_ID='wait_for_csv' AIRFLOW_CTX_EXECUTION_DATE='2026-09-19T01:32:00+00:00' AIRFLOW_CTX_TRY_NUMBER='1' AIRFLOW_CTX_DAG_RUN_ID='scheduled__2026-09-19T01:32:00+00:00'
[2026-09-19T04:44:33.160+0200] {logging_mixin.py:190} INFO - Task instance is in running state
[2026-09-19T04:44:33.160+0200] {logging_mixin.py:190} INFO -  Previous state of the Task instance: queued
[2026-09-19T04:44:33.160+0200] {logging_mixin.py:190} INFO - Current task name:wait_for_csv state:running start_date:2026-09-19 02:44:33.120677+00:00
[2026-09-19T04:44:33.160+0200] {logging_mixin.py:190} INFO - Dag name:mini_riskagent_file_ingestion and current dag run status:running
[2026-09-19T04:44:33.160+0200] {taskinstance.py:732} INFO - ::endgroup::
[2026-09-19T04:44:33.162+0200] {python.py:75} INFO - Poking callable: <function check_for_csv_files at 0x10d38eb60>
[2026-09-19T04:44:33.165+0200] {taskinstance.py:310} INFO - Rescheduling task, marking task as UP_FOR_RESCHEDULE
[2026-09-19T04:44:33.165+0200] {taskinstance.py:341} INFO - ::group::Post task execution logs
[2026-09-19T04:44:33.189+0200] {local_task_job_runner.py:266} INFO - Task exited with return code 0
[2026-09-19T04:44:33.195+0200] {taskinstance.py:3901} INFO - 0 downstream tasks scheduled from follow-on schedule check
[2026-09-19T04:44:33.195+0200] {local_task_job_runner.py:245} INFO - ::endgroup::
[2026-09-19T05:01:41.156+0200] {local_task_job_runner.py:123} INFO - ::group::Pre task execution logs
[2026-09-19T05:01:41.158+0200] {taskinstance.py:2614} INFO - Dependencies all met for dep_context=non-requeueable deps ti=<TaskInstance: mini_riskagent_file_ingestion.wait_for_csv scheduled__2026-09-19T01:32:00+00:00 [queued]>
[2026-09-19T05:01:41.159+0200] {taskinstance.py:2614} INFO - Dependencies all met for dep_context=requeueable deps ti=<TaskInstance: mini_riskagent_file_ingestion.wait_for_csv scheduled__2026-09-19T01:32:00+00:00 [queued]>
[2026-09-19T05:01:41.160+0200] {taskinstance.py:2867} INFO - Starting attempt 1 of 2
[2026-09-19T05:01:41.162+0200] {taskinstance.py:2890} INFO - Executing <Task(PythonSensor): wait_for_csv> on 2026-09-19 01:32:00+00:00
[2026-09-19T05:01:41.166+0200] {logging_mixin.py:190} WARNING - /Users/swarnalidatta/Desktop/AutoQueryChatbot/.airflow-venv/lib/python3.12/site-packages/airflow/task/task_runner/standard_task_runner.py:70 DeprecationWarning: This process (pid=3723) is multi-threaded, use of fork() may lead to deadlocks in the child.
[2026-09-19T05:01:41.167+0200] {standard_task_runner.py:72} INFO - Started process 3725 to run task
[2026-09-19T05:01:41.166+0200] {standard_task_runner.py:104} INFO - Running: ['airflow', 'tasks', 'run', 'mini_riskagent_file_ingestion', 'wait_for_csv', 'scheduled__2026-09-19T01:32:00+00:00', '--job-id', '4654', '--raw', '--subdir', 'DAGS_FOLDER/data_ingest_pipeline.py', '--cfg-path', '/var/folders/5p/201rr1sj03g8gksxm9x48mbh0000gn/T/tmp17lv_xpt']
[2026-09-19T05:01:41.167+0200] {standard_task_runner.py:105} INFO - Job 4654: Subtask wait_for_csv
[2026-09-19T05:01:41.180+0200] {task_command.py:467} INFO - Running <TaskInstance: mini_riskagent_file_ingestion.wait_for_csv scheduled__2026-09-19T01:32:00+00:00 [running]> on host mac.home
[2026-09-19T05:01:41.195+0200] {taskinstance.py:3134} INFO - Exporting env vars: AIRFLOW_CTX_DAG_OWNER='autoquery' AIRFLOW_CTX_DAG_ID='mini_riskagent_file_ingestion' AIRFLOW_CTX_TASK_ID='wait_for_csv' AIRFLOW_CTX_EXECUTION_DATE='2026-09-19T01:32:00+00:00' AIRFLOW_CTX_TRY_NUMBER='1' AIRFLOW_CTX_DAG_RUN_ID='scheduled__2026-09-19T01:32:00+00:00'
[2026-09-19T05:01:41.196+0200] {logging_mixin.py:190} INFO - Task instance is in running state
[2026-09-19T05:01:41.196+0200] {logging_mixin.py:190} INFO -  Previous state of the Task instance: queued
[2026-09-19T05:01:41.196+0200] {logging_mixin.py:190} INFO - Current task name:wait_for_csv state:running start_date:2026-09-19 03:01:41.158753+00:00
[2026-09-19T05:01:41.196+0200] {logging_mixin.py:190} INFO - Dag name:mini_riskagent_file_ingestion and current dag run status:running
[2026-09-19T05:01:41.197+0200] {taskinstance.py:732} INFO - ::endgroup::
[2026-09-19T05:01:41.198+0200] {python.py:75} INFO - Poking callable: <function check_for_csv_files at 0x10d11ab60>
[2026-09-19T05:01:41.198+0200] {taskinstance.py:3313} ERROR - Task failed with exception
Traceback (most recent call last):
  File "/Users/swarnalidatta/Desktop/AutoQueryChatbot/.airflow-venv/lib/python3.12/site-packages/airflow/models/taskinstance.py", line 768, in _execute_task
    result = _execute_callable(context=context, **execute_callable_kwargs)
             ^^^^^^^^^^^^^^^^^^^^^^^^^^^^^^^^^^^^^^^^^^^^^^^^^^^^^^^^^^^^^
  File "/Users/swarnalidatta/Desktop/AutoQueryChatbot/.airflow-venv/lib/python3.12/site-packages/airflow/models/taskinstance.py", line 734, in _execute_callable
    return ExecutionCallableRunner(
           ^^^^^^^^^^^^^^^^^^^^^^^^
  File "/Users/swarnalidatta/Desktop/AutoQueryChatbot/.airflow-venv/lib/python3.12/site-packages/airflow/utils/operator_helpers.py", line 252, in run
    return self.func(*args, **kwargs)
           ^^^^^^^^^^^^^^^^^^^^^^^^^^
  File "/Users/swarnalidatta/Desktop/AutoQueryChatbot/.airflow-venv/lib/python3.12/site-packages/airflow/models/baseoperator.py", line 424, in wrapper
    return func(self, *args, **kwargs)
           ^^^^^^^^^^^^^^^^^^^^^^^^^^^
  File "/Users/swarnalidatta/Desktop/AutoQueryChatbot/.airflow-venv/lib/python3.12/site-packages/airflow/sensors/base.py", line 326, in execute
    raise AirflowSensorTimeout(message)
airflow.exceptions.AirflowSensorTimeout: Sensor has timed out; run duration of 4254.237355 seconds exceeds the specified timeout of 3600.0.
[2026-09-19T05:01:41.200+0200] {logging_mixin.py:190} INFO - Task instance in failure state
[2026-09-19T05:01:41.200+0200] {logging_mixin.py:190} INFO - Task start:2026-09-19 03:01:41.158753+00:00 end:2026-09-19 03:01:41.200053+00:00 duration:0.0413
[2026-09-19T05:01:41.200+0200] {logging_mixin.py:190} INFO - Task:<Task(PythonSensor): wait_for_csv> dag:<DAG: mini_riskagent_file_ingestion> dagrun:<DagRun mini_riskagent_file_ingestion @ 2026-09-19 01:32:00+00:00: scheduled__2026-09-19T01:32:00+00:00, state:running, queued_at: 2026-09-19 01:33:10.021290+00:00. externally triggered: False>
[2026-09-19T05:01:41.200+0200] {logging_mixin.py:190} INFO - Failure caused by Sensor has timed out; run duration of 4254.237355 seconds exceeds the specified timeout of 3600.0.
[2026-09-19T05:01:41.200+0200] {taskinstance.py:1226} INFO - Immediate failure requested. Marking task as FAILED. dag_id=mini_riskagent_file_ingestion, task_id=wait_for_csv, run_id=scheduled__2026-09-19T01:32:00+00:00, execution_date=20260919T013200, start_date=20260919T030141, end_date=20260919T030141
[2026-09-19T05:01:41.204+0200] {taskinstance.py:341} INFO - ::group::Post task execution logs
[2026-09-19T05:01:41.204+0200] {standard_task_runner.py:124} ERROR - Failed to execute job 4654 for task wait_for_csv (Sensor has timed out; run duration of 4254.237355 seconds exceeds the specified timeout of 3600.0.; 3725)
Traceback (most recent call last):
  File "/Users/swarnalidatta/Desktop/AutoQueryChatbot/.airflow-venv/lib/python3.12/site-packages/airflow/task/task_runner/standard_task_runner.py", line 117, in _start_by_fork
    ret = args.func(args, dag=self.dag)
          ^^^^^^^^^^^^^^^^^^^^^^^^^^^^^
  File "/Users/swarnalidatta/Desktop/AutoQueryChatbot/.airflow-venv/lib/python3.12/site-packages/airflow/cli/cli_config.py", line 49, in command
    return func(*args, **kwargs)
           ^^^^^^^^^^^^^^^^^^^^^
  File "/Users/swarnalidatta/Desktop/AutoQueryChatbot/.airflow-venv/lib/python3.12/site-packages/airflow/utils/cli.py", line 116, in wrapper
    return f(*args, **kwargs)
           ^^^^^^^^^^^^^^^^^^
  File "/Users/swarnalidatta/Desktop/AutoQueryChatbot/.airflow-venv/lib/python3.12/site-packages/airflow/cli/commands/task_command.py", line 483, in task_run
    task_return_code = _run_task_by_selected_method(args, _dag, ti)
                       ^^^^^^^^^^^^^^^^^^^^^^^^^^^^^^^^^^^^^^^^^^^^
  File "/Users/swarnalidatta/Desktop/AutoQueryChatbot/.airflow-venv/lib/python3.12/site-packages/airflow/cli/commands/task_command.py", line 256, in _run_task_by_selected_method
    return _run_raw_task(args, ti)
           ^^^^^^^^^^^^^^^^^^^^^^^
  File "/Users/swarnalidatta/Desktop/AutoQueryChatbot/.airflow-venv/lib/python3.12/site-packages/airflow/cli/commands/task_command.py", line 341, in _run_raw_task
    return ti._run_raw_task(
           ^^^^^^^^^^^^^^^^^
  File "/Users/swarnalidatta/Desktop/AutoQueryChatbot/.airflow-venv/lib/python3.12/site-packages/airflow/utils/session.py", line 97, in wrapper
    return func(*args, session=session, **kwargs)
           ^^^^^^^^^^^^^^^^^^^^^^^^^^^^^^^^^^^^^^
  File "/Users/swarnalidatta/Desktop/AutoQueryChatbot/.airflow-venv/lib/python3.12/site-packages/airflow/models/taskinstance.py", line 3006, in _run_raw_task
    return _run_raw_task(
           ^^^^^^^^^^^^^^
  File "/Users/swarnalidatta/Desktop/AutoQueryChatbot/.airflow-venv/lib/python3.12/site-packages/airflow/models/taskinstance.py", line 274, in _run_raw_task
    TaskInstance._execute_task_with_callbacks(
  File "/Users/swarnalidatta/Desktop/AutoQueryChatbot/.airflow-venv/lib/python3.12/site-packages/airflow/models/taskinstance.py", line 3161, in _execute_task_with_callbacks
    result = self._execute_task(context, task_orig)
             ^^^^^^^^^^^^^^^^^^^^^^^^^^^^^^^^^^^^^^
  File "/Users/swarnalidatta/Desktop/AutoQueryChatbot/.airflow-venv/lib/python3.12/site-packages/airflow/models/taskinstance.py", line 3185, in _execute_task
    return _execute_task(self, context, task_orig)
           ^^^^^^^^^^^^^^^^^^^^^^^^^^^^^^^^^^^^^^^
  File "/Users/swarnalidatta/Desktop/AutoQueryChatbot/.airflow-venv/lib/python3.12/site-packages/airflow/models/taskinstance.py", line 768, in _execute_task
    result = _execute_callable(context=context, **execute_callable_kwargs)
             ^^^^^^^^^^^^^^^^^^^^^^^^^^^^^^^^^^^^^^^^^^^^^^^^^^^^^^^^^^^^^
  File "/Users/swarnalidatta/Desktop/AutoQueryChatbot/.airflow-venv/lib/python3.12/site-packages/airflow/models/taskinstance.py", line 734, in _execute_callable
    return ExecutionCallableRunner(
           ^^^^^^^^^^^^^^^^^^^^^^^^
  File "/Users/swarnalidatta/Desktop/AutoQueryChatbot/.airflow-venv/lib/python3.12/site-packages/airflow/utils/operator_helpers.py", line 252, in run
    return self.func(*args, **kwargs)
           ^^^^^^^^^^^^^^^^^^^^^^^^^^
  File "/Users/swarnalidatta/Desktop/AutoQueryChatbot/.airflow-venv/lib/python3.12/site-packages/airflow/models/baseoperator.py", line 424, in wrapper
    return func(self, *args, **kwargs)
           ^^^^^^^^^^^^^^^^^^^^^^^^^^^
  File "/Users/swarnalidatta/Desktop/AutoQueryChatbot/.airflow-venv/lib/python3.12/site-packages/airflow/sensors/base.py", line 326, in execute
    raise AirflowSensorTimeout(message)
airflow.exceptions.AirflowSensorTimeout: Sensor has timed out; run duration of 4254.237355 seconds exceeds the specified timeout of 3600.0.
[2026-09-19T05:01:41.226+0200] {local_task_job_runner.py:266} INFO - Task exited with return code 1
[2026-09-19T05:01:41.233+0200] {taskinstance.py:3901} INFO - 0 downstream tasks scheduled from follow-on schedule check
[2026-09-19T05:01:41.234+0200] {local_task_job_runner.py:245} INFO - ::endgroup::
