[2026-09-20T04:25:32.779+0200] {local_task_job_runner.py:123} INFO - ::group::Pre task execution logs
[2026-09-20T04:25:32.782+0200] {taskinstance.py:2614} INFO - Dependencies all met for dep_context=non-requeueable deps ti=<TaskInstance: mini_riskagent_file_ingestion.wait_for_csv scheduled__2026-09-20T02:07:00+00:00 [queued]>
[2026-09-20T04:25:32.783+0200] {taskinstance.py:2614} INFO - Dependencies all met for dep_context=requeueable deps ti=<TaskInstance: mini_riskagent_file_ingestion.wait_for_csv scheduled__2026-09-20T02:07:00+00:00 [queued]>
[2026-09-20T04:25:32.784+0200] {taskinstance.py:2867} INFO - Starting attempt 1 of 2
[2026-09-20T04:25:32.787+0200] {taskinstance.py:2890} INFO - Executing <Task(PythonSensor): wait_for_csv> on 2026-09-20 02:07:00+00:00
[2026-09-20T04:25:32.791+0200] {logging_mixin.py:190} WARNING - /Users/swarnalidatta/Desktop/AutoQueryChatbot/.airflow-venv/lib/python3.12/site-packages/airflow/task/task_runner/standard_task_runner.py:70 DeprecationWarning: This process (pid=5914) is multi-threaded, use of fork() may lead to deadlocks in the child.
[2026-09-20T04:25:32.792+0200] {standard_task_runner.py:72} INFO - Started process 5916 to run task
[2026-09-20T04:25:32.791+0200] {standard_task_runner.py:104} INFO - Running: ['airflow', 'tasks', 'run', 'mini_riskagent_file_ingestion', 'wait_for_csv', 'scheduled__2026-09-20T02:07:00+00:00', '--job-id', '4751', '--raw', '--subdir', 'DAGS_FOLDER/data_ingest_pipeline.py', '--cfg-path', '/var/folders/5p/201rr1sj03g8gksxm9x48mbh0000gn/T/tmp1eehk89g']
[2026-09-20T04:25:32.792+0200] {standard_task_runner.py:105} INFO - Job 4751: Subtask wait_for_csv
[2026-09-20T04:25:32.804+0200] {task_command.py:467} INFO - Running <TaskInstance: mini_riskagent_file_ingestion.wait_for_csv scheduled__2026-09-20T02:07:00+00:00 [running]> on host mac.home
[2026-09-20T04:25:32.821+0200] {taskinstance.py:3134} INFO - Exporting env vars: AIRFLOW_CTX_DAG_OWNER='autoquery' AIRFLOW_CTX_DAG_ID='mini_riskagent_file_ingestion' AIRFLOW_CTX_TASK_ID='wait_for_csv' AIRFLOW_CTX_EXECUTION_DATE='2026-09-20T02:07:00+00:00' AIRFLOW_CTX_TRY_NUMBER='1' AIRFLOW_CTX_DAG_RUN_ID='scheduled__2026-09-20T02:07:00+00:00'
[2026-09-20T04:25:32.821+0200] {logging_mixin.py:190} INFO - Task instance is in running state
[2026-09-20T04:25:32.821+0200] {logging_mixin.py:190} INFO -  Previous state of the Task instance: queued
[2026-09-20T04:25:32.822+0200] {logging_mixin.py:190} INFO - Current task name:wait_for_csv state:running start_date:2026-09-20 02:25:32.782651+00:00
[2026-09-20T04:25:32.822+0200] {logging_mixin.py:190} INFO - Dag name:mini_riskagent_file_ingestion and current dag run status:running
[2026-09-20T04:25:32.822+0200] {taskinstance.py:732} INFO - ::endgroup::
[2026-09-20T04:25:32.823+0200] {python.py:75} INFO - Poking callable: <function check_for_csv_files at 0x117112b60>
[2026-09-20T04:25:32.826+0200] {taskinstance.py:310} INFO - Rescheduling task, marking task as UP_FOR_RESCHEDULE
[2026-09-20T04:25:32.826+0200] {taskinstance.py:341} INFO - ::group::Post task execution logs
[2026-09-20T04:25:32.851+0200] {local_task_job_runner.py:266} INFO - Task exited with return code 0
[2026-09-20T04:25:32.857+0200] {taskinstance.py:3901} INFO - 0 downstream tasks scheduled from follow-on schedule check
[2026-09-20T04:25:32.858+0200] {local_task_job_runner.py:245} INFO - ::endgroup::
[2026-09-20T04:40:47.182+0200] {local_task_job_runner.py:123} INFO - ::group::Pre task execution logs
[2026-09-20T04:40:47.184+0200] {taskinstance.py:2614} INFO - Dependencies all met for dep_context=non-requeueable deps ti=<TaskInstance: mini_riskagent_file_ingestion.wait_for_csv scheduled__2026-09-20T02:07:00+00:00 [queued]>
[2026-09-20T04:40:47.185+0200] {taskinstance.py:2614} INFO - Dependencies all met for dep_context=requeueable deps ti=<TaskInstance: mini_riskagent_file_ingestion.wait_for_csv scheduled__2026-09-20T02:07:00+00:00 [queued]>
[2026-09-20T04:40:47.186+0200] {taskinstance.py:2867} INFO - Starting attempt 1 of 2
[2026-09-20T04:40:47.188+0200] {taskinstance.py:2890} INFO - Executing <Task(PythonSensor): wait_for_csv> on 2026-09-20 02:07:00+00:00
[2026-09-20T04:40:47.193+0200] {logging_mixin.py:190} WARNING - /Users/swarnalidatta/Desktop/AutoQueryChatbot/.airflow-venv/lib/python3.12/site-packages/airflow/task/task_runner/standard_task_runner.py:70 DeprecationWarning: This process (pid=5929) is multi-threaded, use of fork() may lead to deadlocks in the child.
[2026-09-20T04:40:47.193+0200] {standard_task_runner.py:72} INFO - Started process 5931 to run task
[2026-09-20T04:40:47.193+0200] {standard_task_runner.py:104} INFO - Running: ['airflow', 'tasks', 'run', 'mini_riskagent_file_ingestion', 'wait_for_csv', 'scheduled__2026-09-20T02:07:00+00:00', '--job-id', '4752', '--raw', '--subdir', 'DAGS_FOLDER/data_ingest_pipeline.py', '--cfg-path', '/var/folders/5p/201rr1sj03g8gksxm9x48mbh0000gn/T/tmpql4mkilk']
[2026-09-20T04:40:47.193+0200] {standard_task_runner.py:105} INFO - Job 4752: Subtask wait_for_csv
[2026-09-20T04:40:47.206+0200] {task_command.py:467} INFO - Running <TaskInstance: mini_riskagent_file_ingestion.wait_for_csv scheduled__2026-09-20T02:07:00+00:00 [running]> on host mac.home
[2026-09-20T04:40:47.222+0200] {taskinstance.py:3134} INFO - Exporting env vars: AIRFLOW_CTX_DAG_OWNER='autoquery' AIRFLOW_CTX_DAG_ID='mini_riskagent_file_ingestion' AIRFLOW_CTX_TASK_ID='wait_for_csv' AIRFLOW_CTX_EXECUTION_DATE='2026-09-20T02:07:00+00:00' AIRFLOW_CTX_TRY_NUMBER='1' AIRFLOW_CTX_DAG_RUN_ID='scheduled__2026-09-20T02:07:00+00:00'
[2026-09-20T04:40:47.223+0200] {logging_mixin.py:190} INFO - Task instance is in running state
[2026-09-20T04:40:47.223+0200] {logging_mixin.py:190} INFO -  Previous state of the Task instance: queued
[2026-09-20T04:40:47.223+0200] {logging_mixin.py:190} INFO - Current task name:wait_for_csv state:running start_date:2026-09-20 02:40:47.184693+00:00
[2026-09-20T04:40:47.223+0200] {logging_mixin.py:190} INFO - Dag name:mini_riskagent_file_ingestion and current dag run status:running
[2026-09-20T04:40:47.223+0200] {taskinstance.py:732} INFO - ::endgroup::
[2026-09-20T04:40:47.225+0200] {python.py:75} INFO - Poking callable: <function check_for_csv_files at 0x10c6a2b60>
[2026-09-20T04:40:47.228+0200] {taskinstance.py:310} INFO - Rescheduling task, marking task as UP_FOR_RESCHEDULE
[2026-09-20T04:40:47.228+0200] {taskinstance.py:341} INFO - ::group::Post task execution logs
[2026-09-20T04:40:47.252+0200] {local_task_job_runner.py:266} INFO - Task exited with return code 0
[2026-09-20T04:40:47.259+0200] {taskinstance.py:3901} INFO - 0 downstream tasks scheduled from follow-on schedule check
[2026-09-20T04:40:47.259+0200] {local_task_job_runner.py:245} INFO - ::endgroup::
[2026-09-20T04:58:42.344+0200] {local_task_job_runner.py:123} INFO - ::group::Pre task execution logs
[2026-09-20T04:58:42.346+0200] {taskinstance.py:2614} INFO - Dependencies all met for dep_context=non-requeueable deps ti=<TaskInstance: mini_riskagent_file_ingestion.wait_for_csv scheduled__2026-09-20T02:07:00+00:00 [queued]>
[2026-09-20T04:58:42.348+0200] {taskinstance.py:2614} INFO - Dependencies all met for dep_context=requeueable deps ti=<TaskInstance: mini_riskagent_file_ingestion.wait_for_csv scheduled__2026-09-20T02:07:00+00:00 [queued]>
[2026-09-20T04:58:42.348+0200] {taskinstance.py:2867} INFO - Starting attempt 1 of 2
[2026-09-20T04:58:42.351+0200] {taskinstance.py:2890} INFO - Executing <Task(PythonSensor): wait_for_csv> on 2026-09-20 02:07:00+00:00
[2026-09-20T04:58:42.355+0200] {logging_mixin.py:190} WARNING - /Users/swarnalidatta/Desktop/AutoQueryChatbot/.airflow-venv/lib/python3.12/site-packages/airflow/task/task_runner/standard_task_runner.py:70 DeprecationWarning: This process (pid=5944) is multi-threaded, use of fork() may lead to deadlocks in the child.
[2026-09-20T04:58:42.355+0200] {standard_task_runner.py:72} INFO - Started process 5946 to run task
[2026-09-20T04:58:42.355+0200] {standard_task_runner.py:104} INFO - Running: ['airflow', 'tasks', 'run', 'mini_riskagent_file_ingestion', 'wait_for_csv', 'scheduled__2026-09-20T02:07:00+00:00', '--job-id', '4753', '--raw', '--subdir', 'DAGS_FOLDER/data_ingest_pipeline.py', '--cfg-path', '/var/folders/5p/201rr1sj03g8gksxm9x48mbh0000gn/T/tmpuse3ww4i']
[2026-09-20T04:58:42.356+0200] {standard_task_runner.py:105} INFO - Job 4753: Subtask wait_for_csv
[2026-09-20T04:58:42.369+0200] {task_command.py:467} INFO - Running <TaskInstance: mini_riskagent_file_ingestion.wait_for_csv scheduled__2026-09-20T02:07:00+00:00 [running]> on host mac.home
[2026-09-20T04:58:42.384+0200] {taskinstance.py:3134} INFO - Exporting env vars: AIRFLOW_CTX_DAG_OWNER='autoquery' AIRFLOW_CTX_DAG_ID='mini_riskagent_file_ingestion' AIRFLOW_CTX_TASK_ID='wait_for_csv' AIRFLOW_CTX_EXECUTION_DATE='2026-09-20T02:07:00+00:00' AIRFLOW_CTX_TRY_NUMBER='1' AIRFLOW_CTX_DAG_RUN_ID='scheduled__2026-09-20T02:07:00+00:00'
[2026-09-20T04:58:42.385+0200] {logging_mixin.py:190} INFO - Task instance is in running state
[2026-09-20T04:58:42.385+0200] {logging_mixin.py:190} INFO -  Previous state of the Task instance: queued
[2026-09-20T04:58:42.385+0200] {logging_mixin.py:190} INFO - Current task name:wait_for_csv state:running start_date:2026-09-20 02:58:42.346989+00:00
[2026-09-20T04:58:42.385+0200] {logging_mixin.py:190} INFO - Dag name:mini_riskagent_file_ingestion and current dag run status:running
[2026-09-20T04:58:42.385+0200] {taskinstance.py:732} INFO - ::endgroup::
[2026-09-20T04:58:42.387+0200] {python.py:75} INFO - Poking callable: <function check_for_csv_files at 0x10917eb60>
[2026-09-20T04:58:42.390+0200] {taskinstance.py:310} INFO - Rescheduling task, marking task as UP_FOR_RESCHEDULE
[2026-09-20T04:58:42.390+0200] {taskinstance.py:341} INFO - ::group::Post task execution logs
[2026-09-20T04:58:42.415+0200] {local_task_job_runner.py:266} INFO - Task exited with return code 0
[2026-09-20T04:58:42.421+0200] {taskinstance.py:3901} INFO - 0 downstream tasks scheduled from follow-on schedule check
[2026-09-20T04:58:42.421+0200] {local_task_job_runner.py:245} INFO - ::endgroup::
[2026-09-20T05:15:25.207+0200] {local_task_job_runner.py:123} INFO - ::group::Pre task execution logs
[2026-09-20T05:15:25.210+0200] {taskinstance.py:2614} INFO - Dependencies all met for dep_context=non-requeueable deps ti=<TaskInstance: mini_riskagent_file_ingestion.wait_for_csv scheduled__2026-09-20T02:07:00+00:00 [queued]>
[2026-09-20T05:15:25.211+0200] {taskinstance.py:2614} INFO - Dependencies all met for dep_context=requeueable deps ti=<TaskInstance: mini_riskagent_file_ingestion.wait_for_csv scheduled__2026-09-20T02:07:00+00:00 [queued]>
[2026-09-20T05:15:25.211+0200] {taskinstance.py:2867} INFO - Starting attempt 1 of 2
[2026-09-20T05:15:25.214+0200] {taskinstance.py:2890} INFO - Executing <Task(PythonSensor): wait_for_csv> on 2026-09-20 02:07:00+00:00
[2026-09-20T05:15:25.219+0200] {logging_mixin.py:190} WARNING - /Users/swarnalidatta/Desktop/AutoQueryChatbot/.airflow-venv/lib/python3.12/site-packages/airflow/task/task_runner/standard_task_runner.py:70 DeprecationWarning: This process (pid=5959) is multi-threaded, use of fork() may lead to deadlocks in the child.
[2026-09-20T05:15:25.219+0200] {standard_task_runner.py:72} INFO - Started process 5964 to run task
[2026-09-20T05:15:25.218+0200] {standard_task_runner.py:104} INFO - Running: ['airflow', 'tasks', 'run', 'mini_riskagent_file_ingestion', 'wait_for_csv', 'scheduled__2026-09-20T02:07:00+00:00', '--job-id', '4754', '--raw', '--subdir', 'DAGS_FOLDER/data_ingest_pipeline.py', '--cfg-path', '/var/folders/5p/201rr1sj03g8gksxm9x48mbh0000gn/T/tmp_juagwub']
[2026-09-20T05:15:25.219+0200] {standard_task_runner.py:105} INFO - Job 4754: Subtask wait_for_csv
[2026-09-20T05:15:25.233+0200] {task_command.py:467} INFO - Running <TaskInstance: mini_riskagent_file_ingestion.wait_for_csv scheduled__2026-09-20T02:07:00+00:00 [running]> on host mac.home
[2026-09-20T05:15:25.249+0200] {taskinstance.py:3134} INFO - Exporting env vars: AIRFLOW_CTX_DAG_OWNER='autoquery' AIRFLOW_CTX_DAG_ID='mini_riskagent_file_ingestion' AIRFLOW_CTX_TASK_ID='wait_for_csv' AIRFLOW_CTX_EXECUTION_DATE='2026-09-20T02:07:00+00:00' AIRFLOW_CTX_TRY_NUMBER='1' AIRFLOW_CTX_DAG_RUN_ID='scheduled__2026-09-20T02:07:00+00:00'
[2026-09-20T05:15:25.249+0200] {logging_mixin.py:190} INFO - Task instance is in running state
[2026-09-20T05:15:25.249+0200] {logging_mixin.py:190} INFO -  Previous state of the Task instance: queued
[2026-09-20T05:15:25.250+0200] {logging_mixin.py:190} INFO - Current task name:wait_for_csv state:running start_date:2026-09-20 03:15:25.210416+00:00
[2026-09-20T05:15:25.250+0200] {logging_mixin.py:190} INFO - Dag name:mini_riskagent_file_ingestion and current dag run status:running
[2026-09-20T05:15:25.250+0200] {taskinstance.py:732} INFO - ::endgroup::
[2026-09-20T05:15:25.251+0200] {python.py:75} INFO - Poking callable: <function check_for_csv_files at 0x10b596b60>
[2026-09-20T05:15:25.254+0200] {taskinstance.py:310} INFO - Rescheduling task, marking task as UP_FOR_RESCHEDULE
[2026-09-20T05:15:25.254+0200] {taskinstance.py:341} INFO - ::group::Post task execution logs
[2026-09-20T05:15:25.275+0200] {local_task_job_runner.py:266} INFO - Task exited with return code 0
[2026-09-20T05:15:25.282+0200] {taskinstance.py:3901} INFO - 0 downstream tasks scheduled from follow-on schedule check
[2026-09-20T05:15:25.282+0200] {local_task_job_runner.py:245} INFO - ::endgroup::
[2026-09-20T05:33:23.108+0200] {local_task_job_runner.py:123} INFO - ::group::Pre task execution logs
[2026-09-20T05:33:23.110+0200] {taskinstance.py:2614} INFO - Dependencies all met for dep_context=non-requeueable deps ti=<TaskInstance: mini_riskagent_file_ingestion.wait_for_csv scheduled__2026-09-20T02:07:00+00:00 [queued]>
[2026-09-20T05:33:23.112+0200] {taskinstance.py:2614} INFO - Dependencies all met for dep_context=requeueable deps ti=<TaskInstance: mini_riskagent_file_ingestion.wait_for_csv scheduled__2026-09-20T02:07:00+00:00 [queued]>
[2026-09-20T05:33:23.112+0200] {taskinstance.py:2867} INFO - Starting attempt 1 of 2
[2026-09-20T05:33:23.115+0200] {taskinstance.py:2890} INFO - Executing <Task(PythonSensor): wait_for_csv> on 2026-09-20 02:07:00+00:00
[2026-09-20T05:33:23.119+0200] {logging_mixin.py:190} WARNING - /Users/swarnalidatta/Desktop/AutoQueryChatbot/.airflow-venv/lib/python3.12/site-packages/airflow/task/task_runner/standard_task_runner.py:70 DeprecationWarning: This process (pid=5975) is multi-threaded, use of fork() may lead to deadlocks in the child.
[2026-09-20T05:33:23.120+0200] {standard_task_runner.py:72} INFO - Started process 5981 to run task
[2026-09-20T05:33:23.119+0200] {standard_task_runner.py:104} INFO - Running: ['airflow', 'tasks', 'run', 'mini_riskagent_file_ingestion', 'wait_for_csv', 'scheduled__2026-09-20T02:07:00+00:00', '--job-id', '4755', '--raw', '--subdir', 'DAGS_FOLDER/data_ingest_pipeline.py', '--cfg-path', '/var/folders/5p/201rr1sj03g8gksxm9x48mbh0000gn/T/tmp_yrerizu']
[2026-09-20T05:33:23.120+0200] {standard_task_runner.py:105} INFO - Job 4755: Subtask wait_for_csv
[2026-09-20T05:33:23.134+0200] {task_command.py:467} INFO - Running <TaskInstance: mini_riskagent_file_ingestion.wait_for_csv scheduled__2026-09-20T02:07:00+00:00 [running]> on host mac.home
[2026-09-20T05:33:23.149+0200] {taskinstance.py:3134} INFO - Exporting env vars: AIRFLOW_CTX_DAG_OWNER='autoquery' AIRFLOW_CTX_DAG_ID='mini_riskagent_file_ingestion' AIRFLOW_CTX_TASK_ID='wait_for_csv' AIRFLOW_CTX_EXECUTION_DATE='2026-09-20T02:07:00+00:00' AIRFLOW_CTX_TRY_NUMBER='1' AIRFLOW_CTX_DAG_RUN_ID='scheduled__2026-09-20T02:07:00+00:00'
[2026-09-20T05:33:23.149+0200] {logging_mixin.py:190} INFO - Task instance is in running state
[2026-09-20T05:33:23.150+0200] {logging_mixin.py:190} INFO -  Previous state of the Task instance: queued
[2026-09-20T05:33:23.150+0200] {logging_mixin.py:190} INFO - Current task name:wait_for_csv state:running start_date:2026-09-20 03:33:23.110825+00:00
[2026-09-20T05:33:23.150+0200] {logging_mixin.py:190} INFO - Dag name:mini_riskagent_file_ingestion and current dag run status:running
[2026-09-20T05:33:23.150+0200] {taskinstance.py:732} INFO - ::endgroup::
[2026-09-20T05:33:23.151+0200] {python.py:75} INFO - Poking callable: <function check_for_csv_files at 0x10d432b60>
[2026-09-20T05:33:23.152+0200] {taskinstance.py:3313} ERROR - Task failed with exception
Traceback (most recent call last):
  File "/Users/swarnalidatta/Desktop/AutoQueryChatbot/.airflow-venv/lib/python3.12/site-packages/airflow/models/taskinstance.py", line 768, in _execute_task
    result = _execute_callable(context=context, **execute_callable_kwargs)
             ^^^^^^^^^^^^^^^^^^^^^^^^^^^^^^^^^^^^^^^^^^^^^^^^^^^^^^^^^^^^^
  File "/Users/swarnalidatta/Desktop/AutoQueryChatbot/.airflow-venv/lib/python3.12/site-packages/airflow/models/taskinstance.py", line 734, in _execute_callable
    return ExecutionCallableRunner(
           ^^^^^^^^^^^^^^^^^^^^^^^^
  File "/Users/swarnalidatta/Desktop/AutoQueryChatbot/.airflow-venv/lib/python3.12/site-packages/airflow/utils/operator_helpers.py", line 252, in run
    return self.func(*args, **kwargs)
           ^^^^^^^^^^^^^^^^^^^^^^^^^^
  File "/Users/swarnalidatta/Desktop/AutoQueryChatbot/.airflow-venv/lib/python3.12/site-packages/airflow/models/baseoperator.py", line 424, in wrapper
    return func(self, *args, **kwargs)
           ^^^^^^^^^^^^^^^^^^^^^^^^^^^
  File "/Users/swarnalidatta/Desktop/AutoQueryChatbot/.airflow-venv/lib/python3.12/site-packages/airflow/sensors/base.py", line 326, in execute
    raise AirflowSensorTimeout(message)
airflow.exceptions.AirflowSensorTimeout: Sensor has timed out; run duration of 4070.342137 seconds exceeds the specified timeout of 3600.0.
[2026-09-20T05:33:23.153+0200] {logging_mixin.py:190} INFO - Task instance in failure state
[2026-09-20T05:33:23.153+0200] {logging_mixin.py:190} INFO - Task start:2026-09-20 03:33:23.110825+00:00 end:2026-09-20 03:33:23.153688+00:00 duration:0.042863
[2026-09-20T05:33:23.154+0200] {logging_mixin.py:190} INFO - Task:<Task(PythonSensor): wait_for_csv> dag:<DAG: mini_riskagent_file_ingestion> dagrun:<DagRun mini_riskagent_file_ingestion @ 2026-09-20 02:07:00+00:00: scheduled__2026-09-20T02:07:00+00:00, state:running, queued_at: 2026-09-20 02:08:57.076114+00:00. externally triggered: False>
[2026-09-20T05:33:23.154+0200] {logging_mixin.py:190} INFO - Failure caused by Sensor has timed out; run duration of 4070.342137 seconds exceeds the specified timeout of 3600.0.
[2026-09-20T05:33:23.154+0200] {taskinstance.py:1226} INFO - Immediate failure requested. Marking task as FAILED. dag_id=mini_riskagent_file_ingestion, task_id=wait_for_csv, run_id=scheduled__2026-09-20T02:07:00+00:00, execution_date=20260920T020700, start_date=20260920T033323, end_date=20260920T033323
[2026-09-20T05:33:23.159+0200] {taskinstance.py:341} INFO - ::group::Post task execution logs
[2026-09-20T05:33:23.159+0200] {standard_task_runner.py:124} ERROR - Failed to execute job 4755 for task wait_for_csv (Sensor has timed out; run duration of 4070.342137 seconds exceeds the specified timeout of 3600.0.; 5981)
Traceback (most recent call last):
  File "/Users/swarnalidatta/Desktop/AutoQueryChatbot/.airflow-venv/lib/python3.12/site-packages/airflow/task/task_runner/standard_task_runner.py", line 117, in _start_by_fork
    ret = args.func(args, dag=self.dag)
          ^^^^^^^^^^^^^^^^^^^^^^^^^^^^^
  File "/Users/swarnalidatta/Desktop/AutoQueryChatbot/.airflow-venv/lib/python3.12/site-packages/airflow/cli/cli_config.py", line 49, in command
    return func(*args, **kwargs)
           ^^^^^^^^^^^^^^^^^^^^^
  File "/Users/swarnalidatta/Desktop/AutoQueryChatbot/.airflow-venv/lib/python3.12/site-packages/airflow/utils/cli.py", line 116, in wrapper
    return f(*args, **kwargs)
           ^^^^^^^^^^^^^^^^^^
  File "/Users/swarnalidatta/Desktop/AutoQueryChatbot/.airflow-venv/lib/python3.12/site-packages/airflow/cli/commands/task_command.py", line 483, in task_run
    task_return_code = _run_task_by_selected_method(args, _dag, ti)
                       ^^^^^^^^^^^^^^^^^^^^^^^^^^^^^^^^^^^^^^^^^^^^
  File "/Users/swarnalidatta/Desktop/AutoQueryChatbot/.airflow-venv/lib/python3.12/site-packages/airflow/cli/commands/task_command.py", line 256, in _run_task_by_selected_method
    return _run_raw_task(args, ti)
           ^^^^^^^^^^^^^^^^^^^^^^^
  File "/Users/swarnalidatta/Desktop/AutoQueryChatbot/.airflow-venv/lib/python3.12/site-packages/airflow/cli/commands/task_command.py", line 341, in _run_raw_task
    return ti._run_raw_task(
           ^^^^^^^^^^^^^^^^^
  File "/Users/swarnalidatta/Desktop/AutoQueryChatbot/.airflow-venv/lib/python3.12/site-packages/airflow/utils/session.py", line 97, in wrapper
    return func(*args, session=session, **kwargs)
           ^^^^^^^^^^^^^^^^^^^^^^^^^^^^^^^^^^^^^^
  File "/Users/swarnalidatta/Desktop/AutoQueryChatbot/.airflow-venv/lib/python3.12/site-packages/airflow/models/taskinstance.py", line 3006, in _run_raw_task
    return _run_raw_task(
           ^^^^^^^^^^^^^^
  File "/Users/swarnalidatta/Desktop/AutoQueryChatbot/.airflow-venv/lib/python3.12/site-packages/airflow/models/taskinstance.py", line 274, in _run_raw_task
    TaskInstance._execute_task_with_callbacks(
  File "/Users/swarnalidatta/Desktop/AutoQueryChatbot/.airflow-venv/lib/python3.12/site-packages/airflow/models/taskinstance.py", line 3161, in _execute_task_with_callbacks
    result = self._execute_task(context, task_orig)
             ^^^^^^^^^^^^^^^^^^^^^^^^^^^^^^^^^^^^^^
  File "/Users/swarnalidatta/Desktop/AutoQueryChatbot/.airflow-venv/lib/python3.12/site-packages/airflow/models/taskinstance.py", line 3185, in _execute_task
    return _execute_task(self, context, task_orig)
           ^^^^^^^^^^^^^^^^^^^^^^^^^^^^^^^^^^^^^^^
  File "/Users/swarnalidatta/Desktop/AutoQueryChatbot/.airflow-venv/lib/python3.12/site-packages/airflow/models/taskinstance.py", line 768, in _execute_task
    result = _execute_callable(context=context, **execute_callable_kwargs)
             ^^^^^^^^^^^^^^^^^^^^^^^^^^^^^^^^^^^^^^^^^^^^^^^^^^^^^^^^^^^^^
  File "/Users/swarnalidatta/Desktop/AutoQueryChatbot/.airflow-venv/lib/python3.12/site-packages/airflow/models/taskinstance.py", line 734, in _execute_callable
    return ExecutionCallableRunner(
           ^^^^^^^^^^^^^^^^^^^^^^^^
  File "/Users/swarnalidatta/Desktop/AutoQueryChatbot/.airflow-venv/lib/python3.12/site-packages/airflow/utils/operator_helpers.py", line 252, in run
    return self.func(*args, **kwargs)
           ^^^^^^^^^^^^^^^^^^^^^^^^^^
  File "/Users/swarnalidatta/Desktop/AutoQueryChatbot/.airflow-venv/lib/python3.12/site-packages/airflow/models/baseoperator.py", line 424, in wrapper
    return func(self, *args, **kwargs)
           ^^^^^^^^^^^^^^^^^^^^^^^^^^^
  File "/Users/swarnalidatta/Desktop/AutoQueryChatbot/.airflow-venv/lib/python3.12/site-packages/airflow/sensors/base.py", line 326, in execute
    raise AirflowSensorTimeout(message)
airflow.exceptions.AirflowSensorTimeout: Sensor has timed out; run duration of 4070.342137 seconds exceeds the specified timeout of 3600.0.
[2026-09-20T05:33:23.179+0200] {local_task_job_runner.py:266} INFO - Task exited with return code 1
[2026-09-20T05:33:23.186+0200] {taskinstance.py:3901} INFO - 0 downstream tasks scheduled from follow-on schedule check
[2026-09-20T05:33:23.187+0200] {local_task_job_runner.py:245} INFO - ::endgroup::
