[2026-09-05T21:48:05.900+0200] {local_task_job_runner.py:123} INFO - ::group::Pre task execution logs
[2026-09-05T21:48:05.902+0200] {taskinstance.py:2614} INFO - Dependencies all met for dep_context=non-requeueable deps ti=<TaskInstance: mini_riskagent_file_ingestion.wait_for_csv scheduled__2026-09-05T19:47:00+00:00 [queued]>
[2026-09-05T21:48:05.904+0200] {taskinstance.py:2614} INFO - Dependencies all met for dep_context=requeueable deps ti=<TaskInstance: mini_riskagent_file_ingestion.wait_for_csv scheduled__2026-09-05T19:47:00+00:00 [queued]>
[2026-09-05T21:48:05.904+0200] {taskinstance.py:2867} INFO - Starting attempt 1 of 2
[2026-09-05T21:48:05.907+0200] {taskinstance.py:2890} INFO - Executing <Task(PythonSensor): wait_for_csv> on 2026-09-05 19:47:00+00:00
[2026-09-05T21:48:05.912+0200] {logging_mixin.py:190} WARNING - /Users/swarnalidatta/Desktop/AutoQueryChatbot/.airflow-venv/lib/python3.12/site-packages/airflow/task/task_runner/standard_task_runner.py:70 DeprecationWarning: This process (pid=49388) is multi-threaded, use of fork() may lead to deadlocks in the child.
[2026-09-05T21:48:05.912+0200] {standard_task_runner.py:72} INFO - Started process 49390 to run task
[2026-09-05T21:48:05.912+0200] {standard_task_runner.py:104} INFO - Running: ['airflow', 'tasks', 'run', 'mini_riskagent_file_ingestion', 'wait_for_csv', 'scheduled__2026-09-05T19:47:00+00:00', '--job-id', '2918', '--raw', '--subdir', 'DAGS_FOLDER/data_ingest_pipeline.py', '--cfg-path', '/var/folders/5p/201rr1sj03g8gksxm9x48mbh0000gn/T/tmptpi3p8a9']
[2026-09-05T21:48:05.913+0200] {standard_task_runner.py:105} INFO - Job 2918: Subtask wait_for_csv
[2026-09-05T21:48:05.926+0200] {task_command.py:467} INFO - Running <TaskInstance: mini_riskagent_file_ingestion.wait_for_csv scheduled__2026-09-05T19:47:00+00:00 [running]> on host mac.home
[2026-09-05T21:48:05.944+0200] {taskinstance.py:3134} INFO - Exporting env vars: AIRFLOW_CTX_DAG_OWNER='autoquery' AIRFLOW_CTX_DAG_ID='mini_riskagent_file_ingestion' AIRFLOW_CTX_TASK_ID='wait_for_csv' AIRFLOW_CTX_EXECUTION_DATE='2026-09-05T19:47:00+00:00' AIRFLOW_CTX_TRY_NUMBER='1' AIRFLOW_CTX_DAG_RUN_ID='scheduled__2026-09-05T19:47:00+00:00'
[2026-09-05T21:48:05.944+0200] {logging_mixin.py:190} INFO - Task instance is in running state
[2026-09-05T21:48:05.944+0200] {logging_mixin.py:190} INFO -  Previous state of the Task instance: queued
[2026-09-05T21:48:05.944+0200] {logging_mixin.py:190} INFO - Current task name:wait_for_csv state:running start_date:2026-09-05 19:48:05.902989+00:00
[2026-09-05T21:48:05.945+0200] {logging_mixin.py:190} INFO - Dag name:mini_riskagent_file_ingestion and current dag run status:running
[2026-09-05T21:48:05.945+0200] {taskinstance.py:732} INFO - ::endgroup::
[2026-09-05T21:48:05.946+0200] {python.py:75} INFO - Poking callable: <function check_for_csv_files at 0x10d2eab60>
[2026-09-05T21:48:05.949+0200] {taskinstance.py:310} INFO - Rescheduling task, marking task as UP_FOR_RESCHEDULE
[2026-09-05T21:48:05.950+0200] {taskinstance.py:341} INFO - ::group::Post task execution logs
[2026-09-05T21:48:05.972+0200] {local_task_job_runner.py:266} INFO - Task exited with return code 0
[2026-09-05T21:48:05.978+0200] {taskinstance.py:3901} INFO - 0 downstream tasks scheduled from follow-on schedule check
[2026-09-05T21:48:05.979+0200] {local_task_job_runner.py:245} INFO - ::endgroup::
[2026-09-05T21:48:38.430+0200] {local_task_job_runner.py:123} INFO - ::group::Pre task execution logs
[2026-09-05T21:48:38.433+0200] {taskinstance.py:2614} INFO - Dependencies all met for dep_context=non-requeueable deps ti=<TaskInstance: mini_riskagent_file_ingestion.wait_for_csv scheduled__2026-09-05T19:47:00+00:00 [queued]>
[2026-09-05T21:48:38.434+0200] {taskinstance.py:2614} INFO - Dependencies all met for dep_context=requeueable deps ti=<TaskInstance: mini_riskagent_file_ingestion.wait_for_csv scheduled__2026-09-05T19:47:00+00:00 [queued]>
[2026-09-05T21:48:38.434+0200] {taskinstance.py:2867} INFO - Starting attempt 1 of 2
[2026-09-05T21:48:38.437+0200] {taskinstance.py:2890} INFO - Executing <Task(PythonSensor): wait_for_csv> on 2026-09-05 19:47:00+00:00
[2026-09-05T21:48:38.442+0200] {logging_mixin.py:190} WARNING - /Users/swarnalidatta/Desktop/AutoQueryChatbot/.airflow-venv/lib/python3.12/site-packages/airflow/task/task_runner/standard_task_runner.py:70 DeprecationWarning: This process (pid=49489) is multi-threaded, use of fork() may lead to deadlocks in the child.
[2026-09-05T21:48:38.442+0200] {standard_task_runner.py:72} INFO - Started process 49495 to run task
[2026-09-05T21:48:38.442+0200] {standard_task_runner.py:104} INFO - Running: ['airflow', 'tasks', 'run', 'mini_riskagent_file_ingestion', 'wait_for_csv', 'scheduled__2026-09-05T19:47:00+00:00', '--job-id', '2931', '--raw', '--subdir', 'DAGS_FOLDER/data_ingest_pipeline.py', '--cfg-path', '/var/folders/5p/201rr1sj03g8gksxm9x48mbh0000gn/T/tmpew6kk2oc']
[2026-09-05T21:48:38.443+0200] {standard_task_runner.py:105} INFO - Job 2931: Subtask wait_for_csv
[2026-09-05T21:48:38.456+0200] {task_command.py:467} INFO - Running <TaskInstance: mini_riskagent_file_ingestion.wait_for_csv scheduled__2026-09-05T19:47:00+00:00 [running]> on host mac.home
[2026-09-05T21:48:38.472+0200] {taskinstance.py:3134} INFO - Exporting env vars: AIRFLOW_CTX_DAG_OWNER='autoquery' AIRFLOW_CTX_DAG_ID='mini_riskagent_file_ingestion' AIRFLOW_CTX_TASK_ID='wait_for_csv' AIRFLOW_CTX_EXECUTION_DATE='2026-09-05T19:47:00+00:00' AIRFLOW_CTX_TRY_NUMBER='1' AIRFLOW_CTX_DAG_RUN_ID='scheduled__2026-09-05T19:47:00+00:00'
[2026-09-05T21:48:38.472+0200] {logging_mixin.py:190} INFO - Task instance is in running state
[2026-09-05T21:48:38.473+0200] {logging_mixin.py:190} INFO -  Previous state of the Task instance: queued
[2026-09-05T21:48:38.473+0200] {logging_mixin.py:190} INFO - Current task name:wait_for_csv state:running start_date:2026-09-05 19:48:38.433577+00:00
[2026-09-05T21:48:38.473+0200] {logging_mixin.py:190} INFO - Dag name:mini_riskagent_file_ingestion and current dag run status:running
[2026-09-05T21:48:38.473+0200] {taskinstance.py:732} INFO - ::endgroup::
[2026-09-05T21:48:38.475+0200] {python.py:75} INFO - Poking callable: <function check_for_csv_files at 0x10b12eb60>
[2026-09-05T21:48:38.478+0200] {taskinstance.py:310} INFO - Rescheduling task, marking task as UP_FOR_RESCHEDULE
[2026-09-05T21:48:38.478+0200] {taskinstance.py:341} INFO - ::group::Post task execution logs
[2026-09-05T21:48:38.501+0200] {local_task_job_runner.py:266} INFO - Task exited with return code 0
[2026-09-05T21:48:38.508+0200] {taskinstance.py:3901} INFO - 0 downstream tasks scheduled from follow-on schedule check
[2026-09-05T21:48:38.508+0200] {local_task_job_runner.py:245} INFO - ::endgroup::
[2026-09-05T21:49:11.215+0200] {local_task_job_runner.py:123} INFO - ::group::Pre task execution logs
[2026-09-05T21:49:11.218+0200] {taskinstance.py:2614} INFO - Dependencies all met for dep_context=non-requeueable deps ti=<TaskInstance: mini_riskagent_file_ingestion.wait_for_csv scheduled__2026-09-05T19:47:00+00:00 [queued]>
[2026-09-05T21:49:11.219+0200] {taskinstance.py:2614} INFO - Dependencies all met for dep_context=requeueable deps ti=<TaskInstance: mini_riskagent_file_ingestion.wait_for_csv scheduled__2026-09-05T19:47:00+00:00 [queued]>
[2026-09-05T21:49:11.219+0200] {taskinstance.py:2867} INFO - Starting attempt 1 of 2
[2026-09-05T21:49:11.222+0200] {taskinstance.py:2890} INFO - Executing <Task(PythonSensor): wait_for_csv> on 2026-09-05 19:47:00+00:00
[2026-09-05T21:49:11.228+0200] {logging_mixin.py:190} WARNING - /Users/swarnalidatta/Desktop/AutoQueryChatbot/.airflow-venv/lib/python3.12/site-packages/airflow/task/task_runner/standard_task_runner.py:70 DeprecationWarning: This process (pid=49613) is multi-threaded, use of fork() may lead to deadlocks in the child.
[2026-09-05T21:49:11.227+0200] {standard_task_runner.py:104} INFO - Running: ['airflow', 'tasks', 'run', 'mini_riskagent_file_ingestion', 'wait_for_csv', 'scheduled__2026-09-05T19:47:00+00:00', '--job-id', '2945', '--raw', '--subdir', 'DAGS_FOLDER/data_ingest_pipeline.py', '--cfg-path', '/var/folders/5p/201rr1sj03g8gksxm9x48mbh0000gn/T/tmp0umeu7ej']
[2026-09-05T21:49:11.228+0200] {standard_task_runner.py:72} INFO - Started process 49615 to run task
[2026-09-05T21:49:11.228+0200] {standard_task_runner.py:105} INFO - Job 2945: Subtask wait_for_csv
[2026-09-05T21:49:11.243+0200] {task_command.py:467} INFO - Running <TaskInstance: mini_riskagent_file_ingestion.wait_for_csv scheduled__2026-09-05T19:47:00+00:00 [running]> on host mac.home
[2026-09-05T21:49:11.260+0200] {taskinstance.py:3134} INFO - Exporting env vars: AIRFLOW_CTX_DAG_OWNER='autoquery' AIRFLOW_CTX_DAG_ID='mini_riskagent_file_ingestion' AIRFLOW_CTX_TASK_ID='wait_for_csv' AIRFLOW_CTX_EXECUTION_DATE='2026-09-05T19:47:00+00:00' AIRFLOW_CTX_TRY_NUMBER='1' AIRFLOW_CTX_DAG_RUN_ID='scheduled__2026-09-05T19:47:00+00:00'
[2026-09-05T21:49:11.260+0200] {logging_mixin.py:190} INFO - Task instance is in running state
[2026-09-05T21:49:11.261+0200] {logging_mixin.py:190} INFO -  Previous state of the Task instance: queued
[2026-09-05T21:49:11.261+0200] {logging_mixin.py:190} INFO - Current task name:wait_for_csv state:running start_date:2026-09-05 19:49:11.218491+00:00
[2026-09-05T21:49:11.261+0200] {logging_mixin.py:190} INFO - Dag name:mini_riskagent_file_ingestion and current dag run status:running
[2026-09-05T21:49:11.261+0200] {taskinstance.py:732} INFO - ::endgroup::
[2026-09-05T21:49:11.263+0200] {python.py:75} INFO - Poking callable: <function check_for_csv_files at 0x10b5eab60>
[2026-09-05T21:49:11.268+0200] {taskinstance.py:310} INFO - Rescheduling task, marking task as UP_FOR_RESCHEDULE
[2026-09-05T21:49:11.268+0200] {taskinstance.py:341} INFO - ::group::Post task execution logs
[2026-09-05T21:49:11.288+0200] {local_task_job_runner.py:266} INFO - Task exited with return code 0
[2026-09-05T21:49:11.294+0200] {taskinstance.py:3901} INFO - 0 downstream tasks scheduled from follow-on schedule check
[2026-09-05T21:49:11.294+0200] {local_task_job_runner.py:245} INFO - ::endgroup::
[2026-09-05T21:49:43.197+0200] {local_task_job_runner.py:123} INFO - ::group::Pre task execution logs
[2026-09-05T21:49:43.200+0200] {taskinstance.py:2614} INFO - Dependencies all met for dep_context=non-requeueable deps ti=<TaskInstance: mini_riskagent_file_ingestion.wait_for_csv scheduled__2026-09-05T19:47:00+00:00 [queued]>
[2026-09-05T21:49:43.202+0200] {taskinstance.py:2614} INFO - Dependencies all met for dep_context=requeueable deps ti=<TaskInstance: mini_riskagent_file_ingestion.wait_for_csv scheduled__2026-09-05T19:47:00+00:00 [queued]>
[2026-09-05T21:49:43.202+0200] {taskinstance.py:2867} INFO - Starting attempt 1 of 2
[2026-09-05T21:49:43.205+0200] {taskinstance.py:2890} INFO - Executing <Task(PythonSensor): wait_for_csv> on 2026-09-05 19:47:00+00:00
[2026-09-05T21:49:43.209+0200] {logging_mixin.py:190} WARNING - /Users/swarnalidatta/Desktop/AutoQueryChatbot/.airflow-venv/lib/python3.12/site-packages/airflow/task/task_runner/standard_task_runner.py:70 DeprecationWarning: This process (pid=49716) is multi-threaded, use of fork() may lead to deadlocks in the child.
[2026-09-05T21:49:43.210+0200] {standard_task_runner.py:72} INFO - Started process 49718 to run task
[2026-09-05T21:49:43.209+0200] {standard_task_runner.py:104} INFO - Running: ['airflow', 'tasks', 'run', 'mini_riskagent_file_ingestion', 'wait_for_csv', 'scheduled__2026-09-05T19:47:00+00:00', '--job-id', '2959', '--raw', '--subdir', 'DAGS_FOLDER/data_ingest_pipeline.py', '--cfg-path', '/var/folders/5p/201rr1sj03g8gksxm9x48mbh0000gn/T/tmpinhbm4ls']
[2026-09-05T21:49:43.210+0200] {standard_task_runner.py:105} INFO - Job 2959: Subtask wait_for_csv
[2026-09-05T21:49:43.223+0200] {task_command.py:467} INFO - Running <TaskInstance: mini_riskagent_file_ingestion.wait_for_csv scheduled__2026-09-05T19:47:00+00:00 [running]> on host mac.home
[2026-09-05T21:49:43.239+0200] {taskinstance.py:3134} INFO - Exporting env vars: AIRFLOW_CTX_DAG_OWNER='autoquery' AIRFLOW_CTX_DAG_ID='mini_riskagent_file_ingestion' AIRFLOW_CTX_TASK_ID='wait_for_csv' AIRFLOW_CTX_EXECUTION_DATE='2026-09-05T19:47:00+00:00' AIRFLOW_CTX_TRY_NUMBER='1' AIRFLOW_CTX_DAG_RUN_ID='scheduled__2026-09-05T19:47:00+00:00'
[2026-09-05T21:49:43.240+0200] {logging_mixin.py:190} INFO - Task instance is in running state
[2026-09-05T21:49:43.240+0200] {logging_mixin.py:190} INFO -  Previous state of the Task instance: queued
[2026-09-05T21:49:43.240+0200] {logging_mixin.py:190} INFO - Current task name:wait_for_csv state:running start_date:2026-09-05 19:49:43.200833+00:00
[2026-09-05T21:49:43.240+0200] {logging_mixin.py:190} INFO - Dag name:mini_riskagent_file_ingestion and current dag run status:running
[2026-09-05T21:49:43.241+0200] {taskinstance.py:732} INFO - ::endgroup::
[2026-09-05T21:49:43.242+0200] {python.py:75} INFO - Poking callable: <function check_for_csv_files at 0x109942b60>
[2026-09-05T21:49:43.245+0200] {taskinstance.py:310} INFO - Rescheduling task, marking task as UP_FOR_RESCHEDULE
[2026-09-05T21:49:43.245+0200] {taskinstance.py:341} INFO - ::group::Post task execution logs
[2026-09-05T21:49:43.269+0200] {local_task_job_runner.py:266} INFO - Task exited with return code 0
[2026-09-05T21:49:43.275+0200] {taskinstance.py:3901} INFO - 0 downstream tasks scheduled from follow-on schedule check
[2026-09-05T21:49:43.275+0200] {local_task_job_runner.py:245} INFO - ::endgroup::
[2026-09-05T21:50:15.359+0200] {local_task_job_runner.py:123} INFO - ::group::Pre task execution logs
[2026-09-05T21:50:15.362+0200] {taskinstance.py:2614} INFO - Dependencies all met for dep_context=non-requeueable deps ti=<TaskInstance: mini_riskagent_file_ingestion.wait_for_csv scheduled__2026-09-05T19:47:00+00:00 [queued]>
[2026-09-05T21:50:15.363+0200] {taskinstance.py:2614} INFO - Dependencies all met for dep_context=requeueable deps ti=<TaskInstance: mini_riskagent_file_ingestion.wait_for_csv scheduled__2026-09-05T19:47:00+00:00 [queued]>
[2026-09-05T21:50:15.363+0200] {taskinstance.py:2867} INFO - Starting attempt 1 of 2
[2026-09-05T21:50:15.366+0200] {taskinstance.py:2890} INFO - Executing <Task(PythonSensor): wait_for_csv> on 2026-09-05 19:47:00+00:00
[2026-09-05T21:50:15.371+0200] {logging_mixin.py:190} WARNING - /Users/swarnalidatta/Desktop/AutoQueryChatbot/.airflow-venv/lib/python3.12/site-packages/airflow/task/task_runner/standard_task_runner.py:70 DeprecationWarning: This process (pid=50047) is multi-threaded, use of fork() may lead to deadlocks in the child.
[2026-09-05T21:50:15.371+0200] {standard_task_runner.py:72} INFO - Started process 50049 to run task
[2026-09-05T21:50:15.370+0200] {standard_task_runner.py:104} INFO - Running: ['airflow', 'tasks', 'run', 'mini_riskagent_file_ingestion', 'wait_for_csv', 'scheduled__2026-09-05T19:47:00+00:00', '--job-id', '2974', '--raw', '--subdir', 'DAGS_FOLDER/data_ingest_pipeline.py', '--cfg-path', '/var/folders/5p/201rr1sj03g8gksxm9x48mbh0000gn/T/tmp2peohpox']
[2026-09-05T21:50:15.371+0200] {standard_task_runner.py:105} INFO - Job 2974: Subtask wait_for_csv
[2026-09-05T21:50:15.385+0200] {task_command.py:467} INFO - Running <TaskInstance: mini_riskagent_file_ingestion.wait_for_csv scheduled__2026-09-05T19:47:00+00:00 [running]> on host mac.home
[2026-09-05T21:50:15.402+0200] {taskinstance.py:3134} INFO - Exporting env vars: AIRFLOW_CTX_DAG_OWNER='autoquery' AIRFLOW_CTX_DAG_ID='mini_riskagent_file_ingestion' AIRFLOW_CTX_TASK_ID='wait_for_csv' AIRFLOW_CTX_EXECUTION_DATE='2026-09-05T19:47:00+00:00' AIRFLOW_CTX_TRY_NUMBER='1' AIRFLOW_CTX_DAG_RUN_ID='scheduled__2026-09-05T19:47:00+00:00'
[2026-09-05T21:50:15.403+0200] {logging_mixin.py:190} INFO - Task instance is in running state
[2026-09-05T21:50:15.403+0200] {logging_mixin.py:190} INFO -  Previous state of the Task instance: queued
[2026-09-05T21:50:15.403+0200] {logging_mixin.py:190} INFO - Current task name:wait_for_csv state:running start_date:2026-09-05 19:50:15.362120+00:00
[2026-09-05T21:50:15.403+0200] {logging_mixin.py:190} INFO - Dag name:mini_riskagent_file_ingestion and current dag run status:running
[2026-09-05T21:50:15.403+0200] {taskinstance.py:732} INFO - ::endgroup::
[2026-09-05T21:50:15.405+0200] {python.py:75} INFO - Poking callable: <function check_for_csv_files at 0x10b8eab60>
[2026-09-05T21:50:15.408+0200] {taskinstance.py:310} INFO - Rescheduling task, marking task as UP_FOR_RESCHEDULE
[2026-09-05T21:50:15.408+0200] {taskinstance.py:341} INFO - ::group::Post task execution logs
[2026-09-05T21:50:15.430+0200] {local_task_job_runner.py:266} INFO - Task exited with return code 0
[2026-09-05T21:50:15.437+0200] {taskinstance.py:3901} INFO - 0 downstream tasks scheduled from follow-on schedule check
[2026-09-05T21:50:15.437+0200] {local_task_job_runner.py:245} INFO - ::endgroup::
[2026-09-05T21:50:48.118+0200] {local_task_job_runner.py:123} INFO - ::group::Pre task execution logs
[2026-09-05T21:50:48.120+0200] {taskinstance.py:2614} INFO - Dependencies all met for dep_context=non-requeueable deps ti=<TaskInstance: mini_riskagent_file_ingestion.wait_for_csv scheduled__2026-09-05T19:47:00+00:00 [queued]>
[2026-09-05T21:50:48.122+0200] {taskinstance.py:2614} INFO - Dependencies all met for dep_context=requeueable deps ti=<TaskInstance: mini_riskagent_file_ingestion.wait_for_csv scheduled__2026-09-05T19:47:00+00:00 [queued]>
[2026-09-05T21:50:48.122+0200] {taskinstance.py:2867} INFO - Starting attempt 1 of 2
[2026-09-05T21:50:48.125+0200] {taskinstance.py:2890} INFO - Executing <Task(PythonSensor): wait_for_csv> on 2026-09-05 19:47:00+00:00
[2026-09-05T21:50:48.130+0200] {logging_mixin.py:190} WARNING - /Users/swarnalidatta/Desktop/AutoQueryChatbot/.airflow-venv/lib/python3.12/site-packages/airflow/task/task_runner/standard_task_runner.py:70 DeprecationWarning: This process (pid=50159) is multi-threaded, use of fork() may lead to deadlocks in the child.
[2026-09-05T21:50:48.129+0200] {standard_task_runner.py:104} INFO - Running: ['airflow', 'tasks', 'run', 'mini_riskagent_file_ingestion', 'wait_for_csv', 'scheduled__2026-09-05T19:47:00+00:00', '--job-id', '2989', '--raw', '--subdir', 'DAGS_FOLDER/data_ingest_pipeline.py', '--cfg-path', '/var/folders/5p/201rr1sj03g8gksxm9x48mbh0000gn/T/tmpcte1i0ql']
[2026-09-05T21:50:48.130+0200] {standard_task_runner.py:72} INFO - Started process 50161 to run task
[2026-09-05T21:50:48.130+0200] {standard_task_runner.py:105} INFO - Job 2989: Subtask wait_for_csv
[2026-09-05T21:50:48.143+0200] {task_command.py:467} INFO - Running <TaskInstance: mini_riskagent_file_ingestion.wait_for_csv scheduled__2026-09-05T19:47:00+00:00 [running]> on host mac.home
[2026-09-05T21:50:48.159+0200] {taskinstance.py:3134} INFO - Exporting env vars: AIRFLOW_CTX_DAG_OWNER='autoquery' AIRFLOW_CTX_DAG_ID='mini_riskagent_file_ingestion' AIRFLOW_CTX_TASK_ID='wait_for_csv' AIRFLOW_CTX_EXECUTION_DATE='2026-09-05T19:47:00+00:00' AIRFLOW_CTX_TRY_NUMBER='1' AIRFLOW_CTX_DAG_RUN_ID='scheduled__2026-09-05T19:47:00+00:00'
[2026-09-05T21:50:48.160+0200] {logging_mixin.py:190} INFO - Task instance is in running state
[2026-09-05T21:50:48.160+0200] {logging_mixin.py:190} INFO -  Previous state of the Task instance: queued
[2026-09-05T21:50:48.160+0200] {logging_mixin.py:190} INFO - Current task name:wait_for_csv state:running start_date:2026-09-05 19:50:48.121078+00:00
[2026-09-05T21:50:48.160+0200] {logging_mixin.py:190} INFO - Dag name:mini_riskagent_file_ingestion and current dag run status:running
[2026-09-05T21:50:48.161+0200] {taskinstance.py:732} INFO - ::endgroup::
[2026-09-05T21:50:48.162+0200] {python.py:75} INFO - Poking callable: <function check_for_csv_files at 0x10ae42b60>
[2026-09-05T21:50:48.165+0200] {taskinstance.py:310} INFO - Rescheduling task, marking task as UP_FOR_RESCHEDULE
[2026-09-05T21:50:48.165+0200] {taskinstance.py:341} INFO - ::group::Post task execution logs
[2026-09-05T21:50:48.189+0200] {local_task_job_runner.py:266} INFO - Task exited with return code 0
[2026-09-05T21:50:48.196+0200] {taskinstance.py:3901} INFO - 0 downstream tasks scheduled from follow-on schedule check
[2026-09-05T21:50:48.196+0200] {local_task_job_runner.py:245} INFO - ::endgroup::
[2026-09-05T21:51:20.823+0200] {local_task_job_runner.py:123} INFO - ::group::Pre task execution logs
[2026-09-05T21:51:20.826+0200] {taskinstance.py:2614} INFO - Dependencies all met for dep_context=non-requeueable deps ti=<TaskInstance: mini_riskagent_file_ingestion.wait_for_csv scheduled__2026-09-05T19:47:00+00:00 [queued]>
[2026-09-05T21:51:20.828+0200] {taskinstance.py:2614} INFO - Dependencies all met for dep_context=requeueable deps ti=<TaskInstance: mini_riskagent_file_ingestion.wait_for_csv scheduled__2026-09-05T19:47:00+00:00 [queued]>
[2026-09-05T21:51:20.828+0200] {taskinstance.py:2867} INFO - Starting attempt 1 of 2
[2026-09-05T21:51:20.831+0200] {taskinstance.py:2890} INFO - Executing <Task(PythonSensor): wait_for_csv> on 2026-09-05 19:47:00+00:00
[2026-09-05T21:51:20.836+0200] {logging_mixin.py:190} WARNING - /Users/swarnalidatta/Desktop/AutoQueryChatbot/.airflow-venv/lib/python3.12/site-packages/airflow/task/task_runner/standard_task_runner.py:70 DeprecationWarning: This process (pid=50277) is multi-threaded, use of fork() may lead to deadlocks in the child.
[2026-09-05T21:51:20.836+0200] {standard_task_runner.py:72} INFO - Started process 50279 to run task
[2026-09-05T21:51:20.836+0200] {standard_task_runner.py:104} INFO - Running: ['airflow', 'tasks', 'run', 'mini_riskagent_file_ingestion', 'wait_for_csv', 'scheduled__2026-09-05T19:47:00+00:00', '--job-id', '3005', '--raw', '--subdir', 'DAGS_FOLDER/data_ingest_pipeline.py', '--cfg-path', '/var/folders/5p/201rr1sj03g8gksxm9x48mbh0000gn/T/tmpen5jzrwi']
[2026-09-05T21:51:20.837+0200] {standard_task_runner.py:105} INFO - Job 3005: Subtask wait_for_csv
[2026-09-05T21:51:20.850+0200] {task_command.py:467} INFO - Running <TaskInstance: mini_riskagent_file_ingestion.wait_for_csv scheduled__2026-09-05T19:47:00+00:00 [running]> on host mac.home
[2026-09-05T21:51:20.867+0200] {taskinstance.py:3134} INFO - Exporting env vars: AIRFLOW_CTX_DAG_OWNER='autoquery' AIRFLOW_CTX_DAG_ID='mini_riskagent_file_ingestion' AIRFLOW_CTX_TASK_ID='wait_for_csv' AIRFLOW_CTX_EXECUTION_DATE='2026-09-05T19:47:00+00:00' AIRFLOW_CTX_TRY_NUMBER='1' AIRFLOW_CTX_DAG_RUN_ID='scheduled__2026-09-05T19:47:00+00:00'
[2026-09-05T21:51:20.867+0200] {logging_mixin.py:190} INFO - Task instance is in running state
[2026-09-05T21:51:20.867+0200] {logging_mixin.py:190} INFO -  Previous state of the Task instance: queued
[2026-09-05T21:51:20.867+0200] {logging_mixin.py:190} INFO - Current task name:wait_for_csv state:running start_date:2026-09-05 19:51:20.826929+00:00
[2026-09-05T21:51:20.868+0200] {logging_mixin.py:190} INFO - Dag name:mini_riskagent_file_ingestion and current dag run status:running
[2026-09-05T21:51:20.868+0200] {taskinstance.py:732} INFO - ::endgroup::
[2026-09-05T21:51:20.869+0200] {python.py:75} INFO - Poking callable: <function check_for_csv_files at 0x1088beb60>
[2026-09-05T21:51:20.873+0200] {taskinstance.py:310} INFO - Rescheduling task, marking task as UP_FOR_RESCHEDULE
[2026-09-05T21:51:20.873+0200] {taskinstance.py:341} INFO - ::group::Post task execution logs
[2026-09-05T21:51:20.896+0200] {local_task_job_runner.py:266} INFO - Task exited with return code 0
[2026-09-05T21:51:20.902+0200] {taskinstance.py:3901} INFO - 0 downstream tasks scheduled from follow-on schedule check
[2026-09-05T21:51:20.903+0200] {local_task_job_runner.py:245} INFO - ::endgroup::
[2026-09-05T21:51:53.494+0200] {local_task_job_runner.py:123} INFO - ::group::Pre task execution logs
[2026-09-05T21:51:53.496+0200] {taskinstance.py:2614} INFO - Dependencies all met for dep_context=non-requeueable deps ti=<TaskInstance: mini_riskagent_file_ingestion.wait_for_csv scheduled__2026-09-05T19:47:00+00:00 [queued]>
[2026-09-05T21:51:53.498+0200] {taskinstance.py:2614} INFO - Dependencies all met for dep_context=requeueable deps ti=<TaskInstance: mini_riskagent_file_ingestion.wait_for_csv scheduled__2026-09-05T19:47:00+00:00 [queued]>
[2026-09-05T21:51:53.498+0200] {taskinstance.py:2867} INFO - Starting attempt 1 of 2
[2026-09-05T21:51:53.501+0200] {taskinstance.py:2890} INFO - Executing <Task(PythonSensor): wait_for_csv> on 2026-09-05 19:47:00+00:00
[2026-09-05T21:51:53.506+0200] {logging_mixin.py:190} WARNING - /Users/swarnalidatta/Desktop/AutoQueryChatbot/.airflow-venv/lib/python3.12/site-packages/airflow/task/task_runner/standard_task_runner.py:70 DeprecationWarning: This process (pid=50392) is multi-threaded, use of fork() may lead to deadlocks in the child.
[2026-09-05T21:51:53.506+0200] {standard_task_runner.py:72} INFO - Started process 50394 to run task
[2026-09-05T21:51:53.506+0200] {standard_task_runner.py:104} INFO - Running: ['airflow', 'tasks', 'run', 'mini_riskagent_file_ingestion', 'wait_for_csv', 'scheduled__2026-09-05T19:47:00+00:00', '--job-id', '3021', '--raw', '--subdir', 'DAGS_FOLDER/data_ingest_pipeline.py', '--cfg-path', '/var/folders/5p/201rr1sj03g8gksxm9x48mbh0000gn/T/tmpqizwag3m']
[2026-09-05T21:51:53.507+0200] {standard_task_runner.py:105} INFO - Job 3021: Subtask wait_for_csv
[2026-09-05T21:51:53.520+0200] {task_command.py:467} INFO - Running <TaskInstance: mini_riskagent_file_ingestion.wait_for_csv scheduled__2026-09-05T19:47:00+00:00 [running]> on host mac.home
[2026-09-05T21:51:53.536+0200] {taskinstance.py:3134} INFO - Exporting env vars: AIRFLOW_CTX_DAG_OWNER='autoquery' AIRFLOW_CTX_DAG_ID='mini_riskagent_file_ingestion' AIRFLOW_CTX_TASK_ID='wait_for_csv' AIRFLOW_CTX_EXECUTION_DATE='2026-09-05T19:47:00+00:00' AIRFLOW_CTX_TRY_NUMBER='1' AIRFLOW_CTX_DAG_RUN_ID='scheduled__2026-09-05T19:47:00+00:00'
[2026-09-05T21:51:53.537+0200] {logging_mixin.py:190} INFO - Task instance is in running state
[2026-09-05T21:51:53.537+0200] {logging_mixin.py:190} INFO -  Previous state of the Task instance: queued
[2026-09-05T21:51:53.537+0200] {logging_mixin.py:190} INFO - Current task name:wait_for_csv state:running start_date:2026-09-05 19:51:53.497045+00:00
[2026-09-05T21:51:53.538+0200] {logging_mixin.py:190} INFO - Dag name:mini_riskagent_file_ingestion and current dag run status:running
[2026-09-05T21:51:53.538+0200] {taskinstance.py:732} INFO - ::endgroup::
[2026-09-05T21:51:53.539+0200] {python.py:75} INFO - Poking callable: <function check_for_csv_files at 0x108ce2b60>
[2026-09-05T21:51:53.543+0200] {taskinstance.py:310} INFO - Rescheduling task, marking task as UP_FOR_RESCHEDULE
[2026-09-05T21:51:53.543+0200] {taskinstance.py:341} INFO - ::group::Post task execution logs
[2026-09-05T21:51:53.565+0200] {local_task_job_runner.py:266} INFO - Task exited with return code 0
[2026-09-05T21:51:53.572+0200] {taskinstance.py:3901} INFO - 0 downstream tasks scheduled from follow-on schedule check
[2026-09-05T21:51:53.572+0200] {local_task_job_runner.py:245} INFO - ::endgroup::
[2026-09-05T21:52:25.895+0200] {local_task_job_runner.py:123} INFO - ::group::Pre task execution logs
[2026-09-05T21:52:25.898+0200] {taskinstance.py:2614} INFO - Dependencies all met for dep_context=non-requeueable deps ti=<TaskInstance: mini_riskagent_file_ingestion.wait_for_csv scheduled__2026-09-05T19:47:00+00:00 [queued]>
[2026-09-05T21:52:25.899+0200] {taskinstance.py:2614} INFO - Dependencies all met for dep_context=requeueable deps ti=<TaskInstance: mini_riskagent_file_ingestion.wait_for_csv scheduled__2026-09-05T19:47:00+00:00 [queued]>
[2026-09-05T21:52:25.899+0200] {taskinstance.py:2867} INFO - Starting attempt 1 of 2
[2026-09-05T21:52:25.902+0200] {taskinstance.py:2890} INFO - Executing <Task(PythonSensor): wait_for_csv> on 2026-09-05 19:47:00+00:00
[2026-09-05T21:52:25.908+0200] {logging_mixin.py:190} WARNING - /Users/swarnalidatta/Desktop/AutoQueryChatbot/.airflow-venv/lib/python3.12/site-packages/airflow/task/task_runner/standard_task_runner.py:70 DeprecationWarning: This process (pid=50502) is multi-threaded, use of fork() may lead to deadlocks in the child.
[2026-09-05T21:52:25.908+0200] {standard_task_runner.py:72} INFO - Started process 50504 to run task
[2026-09-05T21:52:25.907+0200] {standard_task_runner.py:104} INFO - Running: ['airflow', 'tasks', 'run', 'mini_riskagent_file_ingestion', 'wait_for_csv', 'scheduled__2026-09-05T19:47:00+00:00', '--job-id', '3037', '--raw', '--subdir', 'DAGS_FOLDER/data_ingest_pipeline.py', '--cfg-path', '/var/folders/5p/201rr1sj03g8gksxm9x48mbh0000gn/T/tmpid1o273a']
[2026-09-05T21:52:25.908+0200] {standard_task_runner.py:105} INFO - Job 3037: Subtask wait_for_csv
[2026-09-05T21:52:25.922+0200] {task_command.py:467} INFO - Running <TaskInstance: mini_riskagent_file_ingestion.wait_for_csv scheduled__2026-09-05T19:47:00+00:00 [running]> on host mac.home
[2026-09-05T21:52:25.938+0200] {taskinstance.py:3134} INFO - Exporting env vars: AIRFLOW_CTX_DAG_OWNER='autoquery' AIRFLOW_CTX_DAG_ID='mini_riskagent_file_ingestion' AIRFLOW_CTX_TASK_ID='wait_for_csv' AIRFLOW_CTX_EXECUTION_DATE='2026-09-05T19:47:00+00:00' AIRFLOW_CTX_TRY_NUMBER='1' AIRFLOW_CTX_DAG_RUN_ID='scheduled__2026-09-05T19:47:00+00:00'
[2026-09-05T21:52:25.939+0200] {logging_mixin.py:190} INFO - Task instance is in running state
[2026-09-05T21:52:25.939+0200] {logging_mixin.py:190} INFO -  Previous state of the Task instance: queued
[2026-09-05T21:52:25.939+0200] {logging_mixin.py:190} INFO - Current task name:wait_for_csv state:running start_date:2026-09-05 19:52:25.898260+00:00
[2026-09-05T21:52:25.939+0200] {logging_mixin.py:190} INFO - Dag name:mini_riskagent_file_ingestion and current dag run status:running
[2026-09-05T21:52:25.940+0200] {taskinstance.py:732} INFO - ::endgroup::
[2026-09-05T21:52:25.941+0200] {python.py:75} INFO - Poking callable: <function check_for_csv_files at 0x10cc96b60>
[2026-09-05T21:52:25.945+0200] {taskinstance.py:310} INFO - Rescheduling task, marking task as UP_FOR_RESCHEDULE
[2026-09-05T21:52:25.945+0200] {taskinstance.py:341} INFO - ::group::Post task execution logs
[2026-09-05T21:52:25.967+0200] {local_task_job_runner.py:266} INFO - Task exited with return code 0
[2026-09-05T21:52:25.974+0200] {taskinstance.py:3901} INFO - 0 downstream tasks scheduled from follow-on schedule check
[2026-09-05T21:52:25.974+0200] {local_task_job_runner.py:245} INFO - ::endgroup::
[2026-09-05T21:52:57.826+0200] {local_task_job_runner.py:123} INFO - ::group::Pre task execution logs
[2026-09-05T21:52:57.829+0200] {taskinstance.py:2614} INFO - Dependencies all met for dep_context=non-requeueable deps ti=<TaskInstance: mini_riskagent_file_ingestion.wait_for_csv scheduled__2026-09-05T19:47:00+00:00 [queued]>
[2026-09-05T21:52:57.830+0200] {taskinstance.py:2614} INFO - Dependencies all met for dep_context=requeueable deps ti=<TaskInstance: mini_riskagent_file_ingestion.wait_for_csv scheduled__2026-09-05T19:47:00+00:00 [queued]>
[2026-09-05T21:52:57.830+0200] {taskinstance.py:2867} INFO - Starting attempt 1 of 2
[2026-09-05T21:52:57.834+0200] {taskinstance.py:2890} INFO - Executing <Task(PythonSensor): wait_for_csv> on 2026-09-05 19:47:00+00:00
[2026-09-05T21:52:57.838+0200] {logging_mixin.py:190} WARNING - /Users/swarnalidatta/Desktop/AutoQueryChatbot/.airflow-venv/lib/python3.12/site-packages/airflow/task/task_runner/standard_task_runner.py:70 DeprecationWarning: This process (pid=50607) is multi-threaded, use of fork() may lead to deadlocks in the child.
[2026-09-05T21:52:57.839+0200] {standard_task_runner.py:72} INFO - Started process 50609 to run task
[2026-09-05T21:52:57.838+0200] {standard_task_runner.py:104} INFO - Running: ['airflow', 'tasks', 'run', 'mini_riskagent_file_ingestion', 'wait_for_csv', 'scheduled__2026-09-05T19:47:00+00:00', '--job-id', '3054', '--raw', '--subdir', 'DAGS_FOLDER/data_ingest_pipeline.py', '--cfg-path', '/var/folders/5p/201rr1sj03g8gksxm9x48mbh0000gn/T/tmp_fforu0b']
[2026-09-05T21:52:57.839+0200] {standard_task_runner.py:105} INFO - Job 3054: Subtask wait_for_csv
[2026-09-05T21:52:57.852+0200] {task_command.py:467} INFO - Running <TaskInstance: mini_riskagent_file_ingestion.wait_for_csv scheduled__2026-09-05T19:47:00+00:00 [running]> on host mac.home
[2026-09-05T21:52:57.868+0200] {taskinstance.py:3134} INFO - Exporting env vars: AIRFLOW_CTX_DAG_OWNER='autoquery' AIRFLOW_CTX_DAG_ID='mini_riskagent_file_ingestion' AIRFLOW_CTX_TASK_ID='wait_for_csv' AIRFLOW_CTX_EXECUTION_DATE='2026-09-05T19:47:00+00:00' AIRFLOW_CTX_TRY_NUMBER='1' AIRFLOW_CTX_DAG_RUN_ID='scheduled__2026-09-05T19:47:00+00:00'
[2026-09-05T21:52:57.868+0200] {logging_mixin.py:190} INFO - Task instance is in running state
[2026-09-05T21:52:57.869+0200] {logging_mixin.py:190} INFO -  Previous state of the Task instance: queued
[2026-09-05T21:52:57.869+0200] {logging_mixin.py:190} INFO - Current task name:wait_for_csv state:running start_date:2026-09-05 19:52:57.829517+00:00
[2026-09-05T21:52:57.869+0200] {logging_mixin.py:190} INFO - Dag name:mini_riskagent_file_ingestion and current dag run status:running
[2026-09-05T21:52:57.869+0200] {taskinstance.py:732} INFO - ::endgroup::
[2026-09-05T21:52:57.871+0200] {python.py:75} INFO - Poking callable: <function check_for_csv_files at 0x10c846b60>
[2026-09-05T21:52:57.874+0200] {taskinstance.py:310} INFO - Rescheduling task, marking task as UP_FOR_RESCHEDULE
[2026-09-05T21:52:57.874+0200] {taskinstance.py:341} INFO - ::group::Post task execution logs
[2026-09-05T21:52:57.898+0200] {local_task_job_runner.py:266} INFO - Task exited with return code 0
[2026-09-05T21:52:57.905+0200] {taskinstance.py:3901} INFO - 0 downstream tasks scheduled from follow-on schedule check
[2026-09-05T21:52:57.905+0200] {local_task_job_runner.py:245} INFO - ::endgroup::
[2026-09-05T21:53:31.933+0200] {local_task_job_runner.py:123} INFO - ::group::Pre task execution logs
[2026-09-05T21:53:31.935+0200] {taskinstance.py:2614} INFO - Dependencies all met for dep_context=non-requeueable deps ti=<TaskInstance: mini_riskagent_file_ingestion.wait_for_csv scheduled__2026-09-05T19:47:00+00:00 [queued]>
[2026-09-05T21:53:31.937+0200] {taskinstance.py:2614} INFO - Dependencies all met for dep_context=requeueable deps ti=<TaskInstance: mini_riskagent_file_ingestion.wait_for_csv scheduled__2026-09-05T19:47:00+00:00 [queued]>
[2026-09-05T21:53:31.937+0200] {taskinstance.py:2867} INFO - Starting attempt 1 of 2
[2026-09-05T21:53:31.940+0200] {taskinstance.py:2890} INFO - Executing <Task(PythonSensor): wait_for_csv> on 2026-09-05 19:47:00+00:00
[2026-09-05T21:53:31.945+0200] {logging_mixin.py:190} WARNING - /Users/swarnalidatta/Desktop/AutoQueryChatbot/.airflow-venv/lib/python3.12/site-packages/airflow/task/task_runner/standard_task_runner.py:70 DeprecationWarning: This process (pid=50724) is multi-threaded, use of fork() may lead to deadlocks in the child.
[2026-09-05T21:53:31.945+0200] {standard_task_runner.py:72} INFO - Started process 50726 to run task
[2026-09-05T21:53:31.945+0200] {standard_task_runner.py:104} INFO - Running: ['airflow', 'tasks', 'run', 'mini_riskagent_file_ingestion', 'wait_for_csv', 'scheduled__2026-09-05T19:47:00+00:00', '--job-id', '3071', '--raw', '--subdir', 'DAGS_FOLDER/data_ingest_pipeline.py', '--cfg-path', '/var/folders/5p/201rr1sj03g8gksxm9x48mbh0000gn/T/tmpzmts02id']
[2026-09-05T21:53:31.945+0200] {standard_task_runner.py:105} INFO - Job 3071: Subtask wait_for_csv
[2026-09-05T21:53:31.960+0200] {task_command.py:467} INFO - Running <TaskInstance: mini_riskagent_file_ingestion.wait_for_csv scheduled__2026-09-05T19:47:00+00:00 [running]> on host mac.home
[2026-09-05T21:53:31.976+0200] {taskinstance.py:3134} INFO - Exporting env vars: AIRFLOW_CTX_DAG_OWNER='autoquery' AIRFLOW_CTX_DAG_ID='mini_riskagent_file_ingestion' AIRFLOW_CTX_TASK_ID='wait_for_csv' AIRFLOW_CTX_EXECUTION_DATE='2026-09-05T19:47:00+00:00' AIRFLOW_CTX_TRY_NUMBER='1' AIRFLOW_CTX_DAG_RUN_ID='scheduled__2026-09-05T19:47:00+00:00'
[2026-09-05T21:53:31.976+0200] {logging_mixin.py:190} INFO - Task instance is in running state
[2026-09-05T21:53:31.976+0200] {logging_mixin.py:190} INFO -  Previous state of the Task instance: queued
[2026-09-05T21:53:31.977+0200] {logging_mixin.py:190} INFO - Current task name:wait_for_csv state:running start_date:2026-09-05 19:53:31.935944+00:00
[2026-09-05T21:53:31.977+0200] {logging_mixin.py:190} INFO - Dag name:mini_riskagent_file_ingestion and current dag run status:running
[2026-09-05T21:53:31.977+0200] {taskinstance.py:732} INFO - ::endgroup::
[2026-09-05T21:53:31.978+0200] {python.py:75} INFO - Poking callable: <function check_for_csv_files at 0x1085b6b60>
[2026-09-05T21:53:31.982+0200] {taskinstance.py:310} INFO - Rescheduling task, marking task as UP_FOR_RESCHEDULE
[2026-09-05T21:53:31.982+0200] {taskinstance.py:341} INFO - ::group::Post task execution logs
[2026-09-05T21:53:32.004+0200] {local_task_job_runner.py:266} INFO - Task exited with return code 0
[2026-09-05T21:53:32.011+0200] {taskinstance.py:3901} INFO - 0 downstream tasks scheduled from follow-on schedule check
[2026-09-05T21:53:32.011+0200] {local_task_job_runner.py:245} INFO - ::endgroup::
[2026-09-05T21:54:04.229+0200] {local_task_job_runner.py:123} INFO - ::group::Pre task execution logs
[2026-09-05T21:54:04.232+0200] {taskinstance.py:2614} INFO - Dependencies all met for dep_context=non-requeueable deps ti=<TaskInstance: mini_riskagent_file_ingestion.wait_for_csv scheduled__2026-09-05T19:47:00+00:00 [queued]>
[2026-09-05T21:54:04.233+0200] {taskinstance.py:2614} INFO - Dependencies all met for dep_context=requeueable deps ti=<TaskInstance: mini_riskagent_file_ingestion.wait_for_csv scheduled__2026-09-05T19:47:00+00:00 [queued]>
[2026-09-05T21:54:04.233+0200] {taskinstance.py:2867} INFO - Starting attempt 1 of 2
[2026-09-05T21:54:04.236+0200] {taskinstance.py:2890} INFO - Executing <Task(PythonSensor): wait_for_csv> on 2026-09-05 19:47:00+00:00
[2026-09-05T21:54:04.241+0200] {logging_mixin.py:190} WARNING - /Users/swarnalidatta/Desktop/AutoQueryChatbot/.airflow-venv/lib/python3.12/site-packages/airflow/task/task_runner/standard_task_runner.py:70 DeprecationWarning: This process (pid=50825) is multi-threaded, use of fork() may lead to deadlocks in the child.
[2026-09-05T21:54:04.242+0200] {standard_task_runner.py:72} INFO - Started process 50827 to run task
[2026-09-05T21:54:04.241+0200] {standard_task_runner.py:104} INFO - Running: ['airflow', 'tasks', 'run', 'mini_riskagent_file_ingestion', 'wait_for_csv', 'scheduled__2026-09-05T19:47:00+00:00', '--job-id', '3087', '--raw', '--subdir', 'DAGS_FOLDER/data_ingest_pipeline.py', '--cfg-path', '/var/folders/5p/201rr1sj03g8gksxm9x48mbh0000gn/T/tmpjbb2865s']
[2026-09-05T21:54:04.242+0200] {standard_task_runner.py:105} INFO - Job 3087: Subtask wait_for_csv
[2026-09-05T21:54:04.257+0200] {task_command.py:467} INFO - Running <TaskInstance: mini_riskagent_file_ingestion.wait_for_csv scheduled__2026-09-05T19:47:00+00:00 [running]> on host mac.home
[2026-09-05T21:54:04.273+0200] {taskinstance.py:3134} INFO - Exporting env vars: AIRFLOW_CTX_DAG_OWNER='autoquery' AIRFLOW_CTX_DAG_ID='mini_riskagent_file_ingestion' AIRFLOW_CTX_TASK_ID='wait_for_csv' AIRFLOW_CTX_EXECUTION_DATE='2026-09-05T19:47:00+00:00' AIRFLOW_CTX_TRY_NUMBER='1' AIRFLOW_CTX_DAG_RUN_ID='scheduled__2026-09-05T19:47:00+00:00'
[2026-09-05T21:54:04.274+0200] {logging_mixin.py:190} INFO - Task instance is in running state
[2026-09-05T21:54:04.274+0200] {logging_mixin.py:190} INFO -  Previous state of the Task instance: queued
[2026-09-05T21:54:04.274+0200] {logging_mixin.py:190} INFO - Current task name:wait_for_csv state:running start_date:2026-09-05 19:54:04.232274+00:00
[2026-09-05T21:54:04.274+0200] {logging_mixin.py:190} INFO - Dag name:mini_riskagent_file_ingestion and current dag run status:running
[2026-09-05T21:54:04.275+0200] {taskinstance.py:732} INFO - ::endgroup::
[2026-09-05T21:54:04.276+0200] {python.py:75} INFO - Poking callable: <function check_for_csv_files at 0x10aa96b60>
[2026-09-05T21:54:04.279+0200] {taskinstance.py:310} INFO - Rescheduling task, marking task as UP_FOR_RESCHEDULE
[2026-09-05T21:54:04.279+0200] {taskinstance.py:341} INFO - ::group::Post task execution logs
[2026-09-05T21:54:04.301+0200] {local_task_job_runner.py:266} INFO - Task exited with return code 0
[2026-09-05T21:54:04.308+0200] {taskinstance.py:3901} INFO - 0 downstream tasks scheduled from follow-on schedule check
[2026-09-05T21:54:04.308+0200] {local_task_job_runner.py:245} INFO - ::endgroup::
[2026-09-05T21:54:36.828+0200] {local_task_job_runner.py:123} INFO - ::group::Pre task execution logs
[2026-09-05T21:54:36.831+0200] {taskinstance.py:2614} INFO - Dependencies all met for dep_context=non-requeueable deps ti=<TaskInstance: mini_riskagent_file_ingestion.wait_for_csv scheduled__2026-09-05T19:47:00+00:00 [queued]>
[2026-09-05T21:54:36.832+0200] {taskinstance.py:2614} INFO - Dependencies all met for dep_context=requeueable deps ti=<TaskInstance: mini_riskagent_file_ingestion.wait_for_csv scheduled__2026-09-05T19:47:00+00:00 [queued]>
[2026-09-05T21:54:36.833+0200] {taskinstance.py:2867} INFO - Starting attempt 1 of 2
[2026-09-05T21:54:36.836+0200] {taskinstance.py:2890} INFO - Executing <Task(PythonSensor): wait_for_csv> on 2026-09-05 19:47:00+00:00
[2026-09-05T21:54:36.840+0200] {logging_mixin.py:190} WARNING - /Users/swarnalidatta/Desktop/AutoQueryChatbot/.airflow-venv/lib/python3.12/site-packages/airflow/task/task_runner/standard_task_runner.py:70 DeprecationWarning: This process (pid=50932) is multi-threaded, use of fork() may lead to deadlocks in the child.
[2026-09-05T21:54:36.840+0200] {standard_task_runner.py:72} INFO - Started process 50938 to run task
[2026-09-05T21:54:36.840+0200] {standard_task_runner.py:104} INFO - Running: ['airflow', 'tasks', 'run', 'mini_riskagent_file_ingestion', 'wait_for_csv', 'scheduled__2026-09-05T19:47:00+00:00', '--job-id', '3103', '--raw', '--subdir', 'DAGS_FOLDER/data_ingest_pipeline.py', '--cfg-path', '/var/folders/5p/201rr1sj03g8gksxm9x48mbh0000gn/T/tmpdnf99_4b']
[2026-09-05T21:54:36.840+0200] {standard_task_runner.py:105} INFO - Job 3103: Subtask wait_for_csv
[2026-09-05T21:54:36.854+0200] {task_command.py:467} INFO - Running <TaskInstance: mini_riskagent_file_ingestion.wait_for_csv scheduled__2026-09-05T19:47:00+00:00 [running]> on host mac.home
[2026-09-05T21:54:36.870+0200] {taskinstance.py:3134} INFO - Exporting env vars: AIRFLOW_CTX_DAG_OWNER='autoquery' AIRFLOW_CTX_DAG_ID='mini_riskagent_file_ingestion' AIRFLOW_CTX_TASK_ID='wait_for_csv' AIRFLOW_CTX_EXECUTION_DATE='2026-09-05T19:47:00+00:00' AIRFLOW_CTX_TRY_NUMBER='1' AIRFLOW_CTX_DAG_RUN_ID='scheduled__2026-09-05T19:47:00+00:00'
[2026-09-05T21:54:36.870+0200] {logging_mixin.py:190} INFO - Task instance is in running state
[2026-09-05T21:54:36.871+0200] {logging_mixin.py:190} INFO -  Previous state of the Task instance: queued
[2026-09-05T21:54:36.871+0200] {logging_mixin.py:190} INFO - Current task name:wait_for_csv state:running start_date:2026-09-05 19:54:36.831612+00:00
[2026-09-05T21:54:36.871+0200] {logging_mixin.py:190} INFO - Dag name:mini_riskagent_file_ingestion and current dag run status:running
[2026-09-05T21:54:36.871+0200] {taskinstance.py:732} INFO - ::endgroup::
[2026-09-05T21:54:36.872+0200] {python.py:75} INFO - Poking callable: <function check_for_csv_files at 0x10a396b60>
[2026-09-05T21:54:36.876+0200] {taskinstance.py:310} INFO - Rescheduling task, marking task as UP_FOR_RESCHEDULE
[2026-09-05T21:54:36.876+0200] {taskinstance.py:341} INFO - ::group::Post task execution logs
[2026-09-05T21:54:36.899+0200] {local_task_job_runner.py:266} INFO - Task exited with return code 0
[2026-09-05T21:54:36.905+0200] {taskinstance.py:3901} INFO - 0 downstream tasks scheduled from follow-on schedule check
[2026-09-05T21:54:36.905+0200] {local_task_job_runner.py:245} INFO - ::endgroup::
[2026-09-05T21:55:09.473+0200] {local_task_job_runner.py:123} INFO - ::group::Pre task execution logs
[2026-09-05T21:55:09.476+0200] {taskinstance.py:2614} INFO - Dependencies all met for dep_context=non-requeueable deps ti=<TaskInstance: mini_riskagent_file_ingestion.wait_for_csv scheduled__2026-09-05T19:47:00+00:00 [queued]>
[2026-09-05T21:55:09.478+0200] {taskinstance.py:2614} INFO - Dependencies all met for dep_context=requeueable deps ti=<TaskInstance: mini_riskagent_file_ingestion.wait_for_csv scheduled__2026-09-05T19:47:00+00:00 [queued]>
[2026-09-05T21:55:09.478+0200] {taskinstance.py:2867} INFO - Starting attempt 1 of 2
[2026-09-05T21:55:09.481+0200] {taskinstance.py:2890} INFO - Executing <Task(PythonSensor): wait_for_csv> on 2026-09-05 19:47:00+00:00
[2026-09-05T21:55:09.485+0200] {logging_mixin.py:190} WARNING - /Users/swarnalidatta/Desktop/AutoQueryChatbot/.airflow-venv/lib/python3.12/site-packages/airflow/task/task_runner/standard_task_runner.py:70 DeprecationWarning: This process (pid=51042) is multi-threaded, use of fork() may lead to deadlocks in the child.
[2026-09-05T21:55:09.485+0200] {standard_task_runner.py:104} INFO - Running: ['airflow', 'tasks', 'run', 'mini_riskagent_file_ingestion', 'wait_for_csv', 'scheduled__2026-09-05T19:47:00+00:00', '--job-id', '3119', '--raw', '--subdir', 'DAGS_FOLDER/data_ingest_pipeline.py', '--cfg-path', '/var/folders/5p/201rr1sj03g8gksxm9x48mbh0000gn/T/tmpio6j3niu']
[2026-09-05T21:55:09.485+0200] {standard_task_runner.py:72} INFO - Started process 51044 to run task
[2026-09-05T21:55:09.486+0200] {standard_task_runner.py:105} INFO - Job 3119: Subtask wait_for_csv
[2026-09-05T21:55:09.500+0200] {task_command.py:467} INFO - Running <TaskInstance: mini_riskagent_file_ingestion.wait_for_csv scheduled__2026-09-05T19:47:00+00:00 [running]> on host mac.home
[2026-09-05T21:55:09.516+0200] {taskinstance.py:3134} INFO - Exporting env vars: AIRFLOW_CTX_DAG_OWNER='autoquery' AIRFLOW_CTX_DAG_ID='mini_riskagent_file_ingestion' AIRFLOW_CTX_TASK_ID='wait_for_csv' AIRFLOW_CTX_EXECUTION_DATE='2026-09-05T19:47:00+00:00' AIRFLOW_CTX_TRY_NUMBER='1' AIRFLOW_CTX_DAG_RUN_ID='scheduled__2026-09-05T19:47:00+00:00'
[2026-09-05T21:55:09.516+0200] {logging_mixin.py:190} INFO - Task instance is in running state
[2026-09-05T21:55:09.516+0200] {logging_mixin.py:190} INFO -  Previous state of the Task instance: queued
[2026-09-05T21:55:09.516+0200] {logging_mixin.py:190} INFO - Current task name:wait_for_csv state:running start_date:2026-09-05 19:55:09.476691+00:00
[2026-09-05T21:55:09.517+0200] {logging_mixin.py:190} INFO - Dag name:mini_riskagent_file_ingestion and current dag run status:running
[2026-09-05T21:55:09.517+0200] {taskinstance.py:732} INFO - ::endgroup::
[2026-09-05T21:55:09.518+0200] {python.py:75} INFO - Poking callable: <function check_for_csv_files at 0x10ac0eb60>
[2026-09-05T21:55:09.521+0200] {taskinstance.py:310} INFO - Rescheduling task, marking task as UP_FOR_RESCHEDULE
[2026-09-05T21:55:09.522+0200] {taskinstance.py:341} INFO - ::group::Post task execution logs
[2026-09-05T21:55:09.544+0200] {local_task_job_runner.py:266} INFO - Task exited with return code 0
[2026-09-05T21:55:09.551+0200] {taskinstance.py:3901} INFO - 0 downstream tasks scheduled from follow-on schedule check
[2026-09-05T21:55:09.551+0200] {local_task_job_runner.py:245} INFO - ::endgroup::
[2026-09-05T21:55:41.689+0200] {local_task_job_runner.py:123} INFO - ::group::Pre task execution logs
[2026-09-05T21:55:41.692+0200] {taskinstance.py:2614} INFO - Dependencies all met for dep_context=non-requeueable deps ti=<TaskInstance: mini_riskagent_file_ingestion.wait_for_csv scheduled__2026-09-05T19:47:00+00:00 [queued]>
[2026-09-05T21:55:41.693+0200] {taskinstance.py:2614} INFO - Dependencies all met for dep_context=requeueable deps ti=<TaskInstance: mini_riskagent_file_ingestion.wait_for_csv scheduled__2026-09-05T19:47:00+00:00 [queued]>
[2026-09-05T21:55:41.693+0200] {taskinstance.py:2867} INFO - Starting attempt 1 of 2
[2026-09-05T21:55:41.697+0200] {taskinstance.py:2890} INFO - Executing <Task(PythonSensor): wait_for_csv> on 2026-09-05 19:47:00+00:00
[2026-09-05T21:55:41.701+0200] {logging_mixin.py:190} WARNING - /Users/swarnalidatta/Desktop/AutoQueryChatbot/.airflow-venv/lib/python3.12/site-packages/airflow/task/task_runner/standard_task_runner.py:70 DeprecationWarning: This process (pid=51152) is multi-threaded, use of fork() may lead to deadlocks in the child.
[2026-09-05T21:55:41.702+0200] {standard_task_runner.py:72} INFO - Started process 51154 to run task
[2026-09-05T21:55:41.701+0200] {standard_task_runner.py:104} INFO - Running: ['airflow', 'tasks', 'run', 'mini_riskagent_file_ingestion', 'wait_for_csv', 'scheduled__2026-09-05T19:47:00+00:00', '--job-id', '3135', '--raw', '--subdir', 'DAGS_FOLDER/data_ingest_pipeline.py', '--cfg-path', '/var/folders/5p/201rr1sj03g8gksxm9x48mbh0000gn/T/tmp87bdub1v']
[2026-09-05T21:55:41.702+0200] {standard_task_runner.py:105} INFO - Job 3135: Subtask wait_for_csv
[2026-09-05T21:55:41.716+0200] {task_command.py:467} INFO - Running <TaskInstance: mini_riskagent_file_ingestion.wait_for_csv scheduled__2026-09-05T19:47:00+00:00 [running]> on host mac.home
[2026-09-05T21:55:41.732+0200] {taskinstance.py:3134} INFO - Exporting env vars: AIRFLOW_CTX_DAG_OWNER='autoquery' AIRFLOW_CTX_DAG_ID='mini_riskagent_file_ingestion' AIRFLOW_CTX_TASK_ID='wait_for_csv' AIRFLOW_CTX_EXECUTION_DATE='2026-09-05T19:47:00+00:00' AIRFLOW_CTX_TRY_NUMBER='1' AIRFLOW_CTX_DAG_RUN_ID='scheduled__2026-09-05T19:47:00+00:00'
[2026-09-05T21:55:41.733+0200] {logging_mixin.py:190} INFO - Task instance is in running state
[2026-09-05T21:55:41.733+0200] {logging_mixin.py:190} INFO -  Previous state of the Task instance: queued
[2026-09-05T21:55:41.733+0200] {logging_mixin.py:190} INFO - Current task name:wait_for_csv state:running start_date:2026-09-05 19:55:41.692469+00:00
[2026-09-05T21:55:41.733+0200] {logging_mixin.py:190} INFO - Dag name:mini_riskagent_file_ingestion and current dag run status:running
[2026-09-05T21:55:41.734+0200] {taskinstance.py:732} INFO - ::endgroup::
[2026-09-05T21:55:41.735+0200] {python.py:75} INFO - Poking callable: <function check_for_csv_files at 0x10ccdeb60>
[2026-09-05T21:55:41.738+0200] {taskinstance.py:310} INFO - Rescheduling task, marking task as UP_FOR_RESCHEDULE
[2026-09-05T21:55:41.739+0200] {taskinstance.py:341} INFO - ::group::Post task execution logs
[2026-09-05T21:55:41.761+0200] {local_task_job_runner.py:266} INFO - Task exited with return code 0
[2026-09-05T21:55:41.768+0200] {taskinstance.py:3901} INFO - 0 downstream tasks scheduled from follow-on schedule check
[2026-09-05T21:55:41.768+0200] {local_task_job_runner.py:245} INFO - ::endgroup::
[2026-09-05T21:56:13.423+0200] {local_task_job_runner.py:123} INFO - ::group::Pre task execution logs
[2026-09-05T21:56:13.425+0200] {taskinstance.py:2614} INFO - Dependencies all met for dep_context=non-requeueable deps ti=<TaskInstance: mini_riskagent_file_ingestion.wait_for_csv scheduled__2026-09-05T19:47:00+00:00 [queued]>
[2026-09-05T21:56:13.427+0200] {taskinstance.py:2614} INFO - Dependencies all met for dep_context=requeueable deps ti=<TaskInstance: mini_riskagent_file_ingestion.wait_for_csv scheduled__2026-09-05T19:47:00+00:00 [queued]>
[2026-09-05T21:56:13.427+0200] {taskinstance.py:2867} INFO - Starting attempt 1 of 2
[2026-09-05T21:56:13.430+0200] {taskinstance.py:2890} INFO - Executing <Task(PythonSensor): wait_for_csv> on 2026-09-05 19:47:00+00:00
[2026-09-05T21:56:13.435+0200] {logging_mixin.py:190} WARNING - /Users/swarnalidatta/Desktop/AutoQueryChatbot/.airflow-venv/lib/python3.12/site-packages/airflow/task/task_runner/standard_task_runner.py:70 DeprecationWarning: This process (pid=51260) is multi-threaded, use of fork() may lead to deadlocks in the child.
[2026-09-05T21:56:13.435+0200] {standard_task_runner.py:72} INFO - Started process 51266 to run task
[2026-09-05T21:56:13.435+0200] {standard_task_runner.py:104} INFO - Running: ['airflow', 'tasks', 'run', 'mini_riskagent_file_ingestion', 'wait_for_csv', 'scheduled__2026-09-05T19:47:00+00:00', '--job-id', '3151', '--raw', '--subdir', 'DAGS_FOLDER/data_ingest_pipeline.py', '--cfg-path', '/var/folders/5p/201rr1sj03g8gksxm9x48mbh0000gn/T/tmpx1hfd5zn']
[2026-09-05T21:56:13.435+0200] {standard_task_runner.py:105} INFO - Job 3151: Subtask wait_for_csv
[2026-09-05T21:56:13.448+0200] {task_command.py:467} INFO - Running <TaskInstance: mini_riskagent_file_ingestion.wait_for_csv scheduled__2026-09-05T19:47:00+00:00 [running]> on host mac.home
[2026-09-05T21:56:13.464+0200] {taskinstance.py:3134} INFO - Exporting env vars: AIRFLOW_CTX_DAG_OWNER='autoquery' AIRFLOW_CTX_DAG_ID='mini_riskagent_file_ingestion' AIRFLOW_CTX_TASK_ID='wait_for_csv' AIRFLOW_CTX_EXECUTION_DATE='2026-09-05T19:47:00+00:00' AIRFLOW_CTX_TRY_NUMBER='1' AIRFLOW_CTX_DAG_RUN_ID='scheduled__2026-09-05T19:47:00+00:00'
[2026-09-05T21:56:13.465+0200] {logging_mixin.py:190} INFO - Task instance is in running state
[2026-09-05T21:56:13.465+0200] {logging_mixin.py:190} INFO -  Previous state of the Task instance: queued
[2026-09-05T21:56:13.465+0200] {logging_mixin.py:190} INFO - Current task name:wait_for_csv state:running start_date:2026-09-05 19:56:13.426016+00:00
[2026-09-05T21:56:13.465+0200] {logging_mixin.py:190} INFO - Dag name:mini_riskagent_file_ingestion and current dag run status:running
[2026-09-05T21:56:13.465+0200] {taskinstance.py:732} INFO - ::endgroup::
[2026-09-05T21:56:13.467+0200] {python.py:75} INFO - Poking callable: <function check_for_csv_files at 0x10c6feb60>
[2026-09-05T21:56:13.470+0200] {taskinstance.py:310} INFO - Rescheduling task, marking task as UP_FOR_RESCHEDULE
[2026-09-05T21:56:13.470+0200] {taskinstance.py:341} INFO - ::group::Post task execution logs
[2026-09-05T21:56:13.494+0200] {local_task_job_runner.py:266} INFO - Task exited with return code 0
[2026-09-05T21:56:13.501+0200] {taskinstance.py:3901} INFO - 0 downstream tasks scheduled from follow-on schedule check
[2026-09-05T21:56:13.501+0200] {local_task_job_runner.py:245} INFO - ::endgroup::
[2026-09-05T21:56:45.835+0200] {local_task_job_runner.py:123} INFO - ::group::Pre task execution logs
[2026-09-05T21:56:45.837+0200] {taskinstance.py:2614} INFO - Dependencies all met for dep_context=non-requeueable deps ti=<TaskInstance: mini_riskagent_file_ingestion.wait_for_csv scheduled__2026-09-05T19:47:00+00:00 [queued]>
[2026-09-05T21:56:45.839+0200] {taskinstance.py:2614} INFO - Dependencies all met for dep_context=requeueable deps ti=<TaskInstance: mini_riskagent_file_ingestion.wait_for_csv scheduled__2026-09-05T19:47:00+00:00 [queued]>
[2026-09-05T21:56:45.839+0200] {taskinstance.py:2867} INFO - Starting attempt 1 of 2
[2026-09-05T21:56:45.842+0200] {taskinstance.py:2890} INFO - Executing <Task(PythonSensor): wait_for_csv> on 2026-09-05 19:47:00+00:00
[2026-09-05T21:56:45.847+0200] {logging_mixin.py:190} WARNING - /Users/swarnalidatta/Desktop/AutoQueryChatbot/.airflow-venv/lib/python3.12/site-packages/airflow/task/task_runner/standard_task_runner.py:70 DeprecationWarning: This process (pid=51370) is multi-threaded, use of fork() may lead to deadlocks in the child.
[2026-09-05T21:56:45.847+0200] {standard_task_runner.py:72} INFO - Started process 51372 to run task
[2026-09-05T21:56:45.847+0200] {standard_task_runner.py:104} INFO - Running: ['airflow', 'tasks', 'run', 'mini_riskagent_file_ingestion', 'wait_for_csv', 'scheduled__2026-09-05T19:47:00+00:00', '--job-id', '3167', '--raw', '--subdir', 'DAGS_FOLDER/data_ingest_pipeline.py', '--cfg-path', '/var/folders/5p/201rr1sj03g8gksxm9x48mbh0000gn/T/tmpf01u1iic']
[2026-09-05T21:56:45.848+0200] {standard_task_runner.py:105} INFO - Job 3167: Subtask wait_for_csv
[2026-09-05T21:56:45.861+0200] {task_command.py:467} INFO - Running <TaskInstance: mini_riskagent_file_ingestion.wait_for_csv scheduled__2026-09-05T19:47:00+00:00 [running]> on host mac.home
[2026-09-05T21:56:45.877+0200] {taskinstance.py:3134} INFO - Exporting env vars: AIRFLOW_CTX_DAG_OWNER='autoquery' AIRFLOW_CTX_DAG_ID='mini_riskagent_file_ingestion' AIRFLOW_CTX_TASK_ID='wait_for_csv' AIRFLOW_CTX_EXECUTION_DATE='2026-09-05T19:47:00+00:00' AIRFLOW_CTX_TRY_NUMBER='1' AIRFLOW_CTX_DAG_RUN_ID='scheduled__2026-09-05T19:47:00+00:00'
[2026-09-05T21:56:45.877+0200] {logging_mixin.py:190} INFO - Task instance is in running state
[2026-09-05T21:56:45.878+0200] {logging_mixin.py:190} INFO -  Previous state of the Task instance: queued
[2026-09-05T21:56:45.878+0200] {logging_mixin.py:190} INFO - Current task name:wait_for_csv state:running start_date:2026-09-05 19:56:45.838031+00:00
[2026-09-05T21:56:45.878+0200] {logging_mixin.py:190} INFO - Dag name:mini_riskagent_file_ingestion and current dag run status:running
[2026-09-05T21:56:45.878+0200] {taskinstance.py:732} INFO - ::endgroup::
[2026-09-05T21:56:45.880+0200] {python.py:75} INFO - Poking callable: <function check_for_csv_files at 0x10ad42b60>
[2026-09-05T21:56:45.883+0200] {taskinstance.py:310} INFO - Rescheduling task, marking task as UP_FOR_RESCHEDULE
[2026-09-05T21:56:45.883+0200] {taskinstance.py:341} INFO - ::group::Post task execution logs
[2026-09-05T21:56:45.906+0200] {local_task_job_runner.py:266} INFO - Task exited with return code 0
[2026-09-05T21:56:45.913+0200] {taskinstance.py:3901} INFO - 0 downstream tasks scheduled from follow-on schedule check
[2026-09-05T21:56:45.913+0200] {local_task_job_runner.py:245} INFO - ::endgroup::
[2026-09-05T21:57:17.994+0200] {local_task_job_runner.py:123} INFO - ::group::Pre task execution logs
[2026-09-05T21:57:17.996+0200] {taskinstance.py:2614} INFO - Dependencies all met for dep_context=non-requeueable deps ti=<TaskInstance: mini_riskagent_file_ingestion.wait_for_csv scheduled__2026-09-05T19:47:00+00:00 [queued]>
[2026-09-05T21:57:17.998+0200] {taskinstance.py:2614} INFO - Dependencies all met for dep_context=requeueable deps ti=<TaskInstance: mini_riskagent_file_ingestion.wait_for_csv scheduled__2026-09-05T19:47:00+00:00 [queued]>
[2026-09-05T21:57:17.998+0200] {taskinstance.py:2867} INFO - Starting attempt 1 of 2
[2026-09-05T21:57:18.001+0200] {taskinstance.py:2890} INFO - Executing <Task(PythonSensor): wait_for_csv> on 2026-09-05 19:47:00+00:00
[2026-09-05T21:57:18.005+0200] {logging_mixin.py:190} WARNING - /Users/swarnalidatta/Desktop/AutoQueryChatbot/.airflow-venv/lib/python3.12/site-packages/airflow/task/task_runner/standard_task_runner.py:70 DeprecationWarning: This process (pid=51475) is multi-threaded, use of fork() may lead to deadlocks in the child.
[2026-09-05T21:57:18.006+0200] {standard_task_runner.py:72} INFO - Started process 51477 to run task
[2026-09-05T21:57:18.005+0200] {standard_task_runner.py:104} INFO - Running: ['airflow', 'tasks', 'run', 'mini_riskagent_file_ingestion', 'wait_for_csv', 'scheduled__2026-09-05T19:47:00+00:00', '--job-id', '3183', '--raw', '--subdir', 'DAGS_FOLDER/data_ingest_pipeline.py', '--cfg-path', '/var/folders/5p/201rr1sj03g8gksxm9x48mbh0000gn/T/tmp3xg4lc4j']
[2026-09-05T21:57:18.006+0200] {standard_task_runner.py:105} INFO - Job 3183: Subtask wait_for_csv
[2026-09-05T21:57:18.020+0200] {task_command.py:467} INFO - Running <TaskInstance: mini_riskagent_file_ingestion.wait_for_csv scheduled__2026-09-05T19:47:00+00:00 [running]> on host mac.home
[2026-09-05T21:57:18.036+0200] {taskinstance.py:3134} INFO - Exporting env vars: AIRFLOW_CTX_DAG_OWNER='autoquery' AIRFLOW_CTX_DAG_ID='mini_riskagent_file_ingestion' AIRFLOW_CTX_TASK_ID='wait_for_csv' AIRFLOW_CTX_EXECUTION_DATE='2026-09-05T19:47:00+00:00' AIRFLOW_CTX_TRY_NUMBER='1' AIRFLOW_CTX_DAG_RUN_ID='scheduled__2026-09-05T19:47:00+00:00'
[2026-09-05T21:57:18.036+0200] {logging_mixin.py:190} INFO - Task instance is in running state
[2026-09-05T21:57:18.037+0200] {logging_mixin.py:190} INFO -  Previous state of the Task instance: queued
[2026-09-05T21:57:18.037+0200] {logging_mixin.py:190} INFO - Current task name:wait_for_csv state:running start_date:2026-09-05 19:57:17.996881+00:00
[2026-09-05T21:57:18.037+0200] {logging_mixin.py:190} INFO - Dag name:mini_riskagent_file_ingestion and current dag run status:running
[2026-09-05T21:57:18.037+0200] {taskinstance.py:732} INFO - ::endgroup::
[2026-09-05T21:57:18.038+0200] {python.py:75} INFO - Poking callable: <function check_for_csv_files at 0x10c026b60>
[2026-09-05T21:57:18.042+0200] {taskinstance.py:310} INFO - Rescheduling task, marking task as UP_FOR_RESCHEDULE
[2026-09-05T21:57:18.042+0200] {taskinstance.py:341} INFO - ::group::Post task execution logs
[2026-09-05T21:57:18.065+0200] {local_task_job_runner.py:266} INFO - Task exited with return code 0
[2026-09-05T21:57:18.072+0200] {taskinstance.py:3901} INFO - 0 downstream tasks scheduled from follow-on schedule check
[2026-09-05T21:57:18.072+0200] {local_task_job_runner.py:245} INFO - ::endgroup::
[2026-09-05T21:57:50.106+0200] {local_task_job_runner.py:123} INFO - ::group::Pre task execution logs
[2026-09-05T21:57:50.109+0200] {taskinstance.py:2614} INFO - Dependencies all met for dep_context=non-requeueable deps ti=<TaskInstance: mini_riskagent_file_ingestion.wait_for_csv scheduled__2026-09-05T19:47:00+00:00 [queued]>
[2026-09-05T21:57:50.110+0200] {taskinstance.py:2614} INFO - Dependencies all met for dep_context=requeueable deps ti=<TaskInstance: mini_riskagent_file_ingestion.wait_for_csv scheduled__2026-09-05T19:47:00+00:00 [queued]>
[2026-09-05T21:57:50.110+0200] {taskinstance.py:2867} INFO - Starting attempt 1 of 2
[2026-09-05T21:57:50.113+0200] {taskinstance.py:2890} INFO - Executing <Task(PythonSensor): wait_for_csv> on 2026-09-05 19:47:00+00:00
[2026-09-05T21:57:50.118+0200] {logging_mixin.py:190} WARNING - /Users/swarnalidatta/Desktop/AutoQueryChatbot/.airflow-venv/lib/python3.12/site-packages/airflow/task/task_runner/standard_task_runner.py:70 DeprecationWarning: This process (pid=51585) is multi-threaded, use of fork() may lead to deadlocks in the child.
[2026-09-05T21:57:50.118+0200] {standard_task_runner.py:72} INFO - Started process 51587 to run task
[2026-09-05T21:57:50.117+0200] {standard_task_runner.py:104} INFO - Running: ['airflow', 'tasks', 'run', 'mini_riskagent_file_ingestion', 'wait_for_csv', 'scheduled__2026-09-05T19:47:00+00:00', '--job-id', '3199', '--raw', '--subdir', 'DAGS_FOLDER/data_ingest_pipeline.py', '--cfg-path', '/var/folders/5p/201rr1sj03g8gksxm9x48mbh0000gn/T/tmpq64phy_t']
[2026-09-05T21:57:50.118+0200] {standard_task_runner.py:105} INFO - Job 3199: Subtask wait_for_csv
[2026-09-05T21:57:50.132+0200] {task_command.py:467} INFO - Running <TaskInstance: mini_riskagent_file_ingestion.wait_for_csv scheduled__2026-09-05T19:47:00+00:00 [running]> on host mac.home
[2026-09-05T21:57:50.148+0200] {taskinstance.py:3134} INFO - Exporting env vars: AIRFLOW_CTX_DAG_OWNER='autoquery' AIRFLOW_CTX_DAG_ID='mini_riskagent_file_ingestion' AIRFLOW_CTX_TASK_ID='wait_for_csv' AIRFLOW_CTX_EXECUTION_DATE='2026-09-05T19:47:00+00:00' AIRFLOW_CTX_TRY_NUMBER='1' AIRFLOW_CTX_DAG_RUN_ID='scheduled__2026-09-05T19:47:00+00:00'
[2026-09-05T21:57:50.149+0200] {logging_mixin.py:190} INFO - Task instance is in running state
[2026-09-05T21:57:50.149+0200] {logging_mixin.py:190} INFO -  Previous state of the Task instance: queued
[2026-09-05T21:57:50.149+0200] {logging_mixin.py:190} INFO - Current task name:wait_for_csv state:running start_date:2026-09-05 19:57:50.109317+00:00
[2026-09-05T21:57:50.149+0200] {logging_mixin.py:190} INFO - Dag name:mini_riskagent_file_ingestion and current dag run status:running
[2026-09-05T21:57:50.149+0200] {taskinstance.py:732} INFO - ::endgroup::
[2026-09-05T21:57:50.151+0200] {python.py:75} INFO - Poking callable: <function check_for_csv_files at 0x10cb96b60>
[2026-09-05T21:57:50.154+0200] {taskinstance.py:310} INFO - Rescheduling task, marking task as UP_FOR_RESCHEDULE
[2026-09-05T21:57:50.154+0200] {taskinstance.py:341} INFO - ::group::Post task execution logs
[2026-09-05T21:57:50.177+0200] {local_task_job_runner.py:266} INFO - Task exited with return code 0
[2026-09-05T21:57:50.184+0200] {taskinstance.py:3901} INFO - 0 downstream tasks scheduled from follow-on schedule check
[2026-09-05T21:57:50.184+0200] {local_task_job_runner.py:245} INFO - ::endgroup::
[2026-09-17T19:22:03.394+0200] {local_task_job_runner.py:123} INFO - ::group::Pre task execution logs
[2026-09-17T19:22:03.397+0200] {taskinstance.py:2614} INFO - Dependencies all met for dep_context=non-requeueable deps ti=<TaskInstance: mini_riskagent_file_ingestion.wait_for_csv scheduled__2026-09-05T19:47:00+00:00 [queued]>
[2026-09-17T19:22:03.399+0200] {taskinstance.py:2614} INFO - Dependencies all met for dep_context=requeueable deps ti=<TaskInstance: mini_riskagent_file_ingestion.wait_for_csv scheduled__2026-09-05T19:47:00+00:00 [queued]>
[2026-09-17T19:22:03.399+0200] {taskinstance.py:2867} INFO - Starting attempt 1 of 2
[2026-09-17T19:22:03.402+0200] {taskinstance.py:2890} INFO - Executing <Task(PythonSensor): wait_for_csv> on 2026-09-05 19:47:00+00:00
[2026-09-17T19:22:03.407+0200] {logging_mixin.py:190} WARNING - /Users/swarnalidatta/Desktop/AutoQueryChatbot/.airflow-venv/lib/python3.12/site-packages/airflow/task/task_runner/standard_task_runner.py:70 DeprecationWarning: This process (pid=73889) is multi-threaded, use of fork() may lead to deadlocks in the child.
[2026-09-17T19:22:03.407+0200] {standard_task_runner.py:72} INFO - Started process 73891 to run task
[2026-09-17T19:22:03.407+0200] {standard_task_runner.py:104} INFO - Running: ['airflow', 'tasks', 'run', 'mini_riskagent_file_ingestion', 'wait_for_csv', 'scheduled__2026-09-05T19:47:00+00:00', '--job-id', '3223', '--raw', '--subdir', 'DAGS_FOLDER/data_ingest_pipeline.py', '--cfg-path', '/var/folders/5p/201rr1sj03g8gksxm9x48mbh0000gn/T/tmp7z86z_tu']
[2026-09-17T19:22:03.407+0200] {standard_task_runner.py:105} INFO - Job 3223: Subtask wait_for_csv
[2026-09-17T19:22:03.422+0200] {task_command.py:467} INFO - Running <TaskInstance: mini_riskagent_file_ingestion.wait_for_csv scheduled__2026-09-05T19:47:00+00:00 [running]> on host mac.home
[2026-09-17T19:22:03.438+0200] {taskinstance.py:3134} INFO - Exporting env vars: AIRFLOW_CTX_DAG_OWNER='autoquery' AIRFLOW_CTX_DAG_ID='mini_riskagent_file_ingestion' AIRFLOW_CTX_TASK_ID='wait_for_csv' AIRFLOW_CTX_EXECUTION_DATE='2026-09-05T19:47:00+00:00' AIRFLOW_CTX_TRY_NUMBER='1' AIRFLOW_CTX_DAG_RUN_ID='scheduled__2026-09-05T19:47:00+00:00'
[2026-09-17T19:22:03.439+0200] {logging_mixin.py:190} INFO - Task instance is in running state
[2026-09-17T19:22:03.439+0200] {logging_mixin.py:190} INFO -  Previous state of the Task instance: queued
[2026-09-17T19:22:03.439+0200] {logging_mixin.py:190} INFO - Current task name:wait_for_csv state:running start_date:2026-09-17 17:22:03.397903+00:00
[2026-09-17T19:22:03.439+0200] {logging_mixin.py:190} INFO - Dag name:mini_riskagent_file_ingestion and current dag run status:running
[2026-09-17T19:22:03.439+0200] {taskinstance.py:732} INFO - ::endgroup::
[2026-09-17T19:22:03.441+0200] {python.py:75} INFO - Poking callable: <function check_for_csv_files at 0x112512b60>
[2026-09-17T19:22:03.441+0200] {taskinstance.py:3313} ERROR - Task failed with exception
Traceback (most recent call last):
  File "/Users/swarnalidatta/Desktop/AutoQueryChatbot/.airflow-venv/lib/python3.12/site-packages/airflow/models/taskinstance.py", line 768, in _execute_task
    result = _execute_callable(context=context, **execute_callable_kwargs)
             ^^^^^^^^^^^^^^^^^^^^^^^^^^^^^^^^^^^^^^^^^^^^^^^^^^^^^^^^^^^^^
  File "/Users/swarnalidatta/Desktop/AutoQueryChatbot/.airflow-venv/lib/python3.12/site-packages/airflow/models/taskinstance.py", line 734, in _execute_callable
    return ExecutionCallableRunner(
           ^^^^^^^^^^^^^^^^^^^^^^^^
  File "/Users/swarnalidatta/Desktop/AutoQueryChatbot/.airflow-venv/lib/python3.12/site-packages/airflow/utils/operator_helpers.py", line 252, in run
    return self.func(*args, **kwargs)
           ^^^^^^^^^^^^^^^^^^^^^^^^^^
  File "/Users/swarnalidatta/Desktop/AutoQueryChatbot/.airflow-venv/lib/python3.12/site-packages/airflow/models/baseoperator.py", line 424, in wrapper
    return func(self, *args, **kwargs)
           ^^^^^^^^^^^^^^^^^^^^^^^^^^^
  File "/Users/swarnalidatta/Desktop/AutoQueryChatbot/.airflow-venv/lib/python3.12/site-packages/airflow/sensors/base.py", line 326, in execute
    raise AirflowSensorTimeout(message)
airflow.exceptions.AirflowSensorTimeout: Sensor has timed out; run duration of 1028037.509775 seconds exceeds the specified timeout of 3600.0.
[2026-09-17T19:22:03.443+0200] {logging_mixin.py:190} INFO - Task instance in failure state
[2026-09-17T19:22:03.443+0200] {logging_mixin.py:190} INFO - Task start:2026-09-17 17:22:03.397903+00:00 end:2026-09-17 17:22:03.443301+00:00 duration:0.045398
[2026-09-17T19:22:03.443+0200] {logging_mixin.py:190} INFO - Task:<Task(PythonSensor): wait_for_csv> dag:<DAG: mini_riskagent_file_ingestion> dagrun:<DagRun mini_riskagent_file_ingestion @ 2026-09-05 19:47:00+00:00: scheduled__2026-09-05T19:47:00+00:00, state:running, queued_at: 2026-09-05 19:48:02.655429+00:00. externally triggered: False>
[2026-09-17T19:22:03.443+0200] {logging_mixin.py:190} INFO - Failure caused by Sensor has timed out; run duration of 1028037.509775 seconds exceeds the specified timeout of 3600.0.
[2026-09-17T19:22:03.444+0200] {taskinstance.py:1226} INFO - Immediate failure requested. Marking task as FAILED. dag_id=mini_riskagent_file_ingestion, task_id=wait_for_csv, run_id=scheduled__2026-09-05T19:47:00+00:00, execution_date=20260905T194700, start_date=20260917T172203, end_date=20260917T172203
[2026-09-17T19:22:03.448+0200] {taskinstance.py:341} INFO - ::group::Post task execution logs
[2026-09-17T19:22:03.448+0200] {standard_task_runner.py:124} ERROR - Failed to execute job 3223 for task wait_for_csv (Sensor has timed out; run duration of 1028037.509775 seconds exceeds the specified timeout of 3600.0.; 73891)
Traceback (most recent call last):
  File "/Users/swarnalidatta/Desktop/AutoQueryChatbot/.airflow-venv/lib/python3.12/site-packages/airflow/task/task_runner/standard_task_runner.py", line 117, in _start_by_fork
    ret = args.func(args, dag=self.dag)
          ^^^^^^^^^^^^^^^^^^^^^^^^^^^^^
  File "/Users/swarnalidatta/Desktop/AutoQueryChatbot/.airflow-venv/lib/python3.12/site-packages/airflow/cli/cli_config.py", line 49, in command
    return func(*args, **kwargs)
           ^^^^^^^^^^^^^^^^^^^^^
  File "/Users/swarnalidatta/Desktop/AutoQueryChatbot/.airflow-venv/lib/python3.12/site-packages/airflow/utils/cli.py", line 116, in wrapper
    return f(*args, **kwargs)
           ^^^^^^^^^^^^^^^^^^
  File "/Users/swarnalidatta/Desktop/AutoQueryChatbot/.airflow-venv/lib/python3.12/site-packages/airflow/cli/commands/task_command.py", line 483, in task_run
    task_return_code = _run_task_by_selected_method(args, _dag, ti)
                       ^^^^^^^^^^^^^^^^^^^^^^^^^^^^^^^^^^^^^^^^^^^^
  File "/Users/swarnalidatta/Desktop/AutoQueryChatbot/.airflow-venv/lib/python3.12/site-packages/airflow/cli/commands/task_command.py", line 256, in _run_task_by_selected_method
    return _run_raw_task(args, ti)
           ^^^^^^^^^^^^^^^^^^^^^^^
  File "/Users/swarnalidatta/Desktop/AutoQueryChatbot/.airflow-venv/lib/python3.12/site-packages/airflow/cli/commands/task_command.py", line 341, in _run_raw_task
    return ti._run_raw_task(
           ^^^^^^^^^^^^^^^^^
  File "/Users/swarnalidatta/Desktop/AutoQueryChatbot/.airflow-venv/lib/python3.12/site-packages/airflow/utils/session.py", line 97, in wrapper
    return func(*args, session=session, **kwargs)
           ^^^^^^^^^^^^^^^^^^^^^^^^^^^^^^^^^^^^^^
  File "/Users/swarnalidatta/Desktop/AutoQueryChatbot/.airflow-venv/lib/python3.12/site-packages/airflow/models/taskinstance.py", line 3006, in _run_raw_task
    return _run_raw_task(
           ^^^^^^^^^^^^^^
  File "/Users/swarnalidatta/Desktop/AutoQueryChatbot/.airflow-venv/lib/python3.12/site-packages/airflow/models/taskinstance.py", line 274, in _run_raw_task
    TaskInstance._execute_task_with_callbacks(
  File "/Users/swarnalidatta/Desktop/AutoQueryChatbot/.airflow-venv/lib/python3.12/site-packages/airflow/models/taskinstance.py", line 3161, in _execute_task_with_callbacks
    result = self._execute_task(context, task_orig)
             ^^^^^^^^^^^^^^^^^^^^^^^^^^^^^^^^^^^^^^
  File "/Users/swarnalidatta/Desktop/AutoQueryChatbot/.airflow-venv/lib/python3.12/site-packages/airflow/models/taskinstance.py", line 3185, in _execute_task
    return _execute_task(self, context, task_orig)
           ^^^^^^^^^^^^^^^^^^^^^^^^^^^^^^^^^^^^^^^
  File "/Users/swarnalidatta/Desktop/AutoQueryChatbot/.airflow-venv/lib/python3.12/site-packages/airflow/models/taskinstance.py", line 768, in _execute_task
    result = _execute_callable(context=context, **execute_callable_kwargs)
             ^^^^^^^^^^^^^^^^^^^^^^^^^^^^^^^^^^^^^^^^^^^^^^^^^^^^^^^^^^^^^
  File "/Users/swarnalidatta/Desktop/AutoQueryChatbot/.airflow-venv/lib/python3.12/site-packages/airflow/models/taskinstance.py", line 734, in _execute_callable
    return ExecutionCallableRunner(
           ^^^^^^^^^^^^^^^^^^^^^^^^
  File "/Users/swarnalidatta/Desktop/AutoQueryChatbot/.airflow-venv/lib/python3.12/site-packages/airflow/utils/operator_helpers.py", line 252, in run
    return self.func(*args, **kwargs)
           ^^^^^^^^^^^^^^^^^^^^^^^^^^
  File "/Users/swarnalidatta/Desktop/AutoQueryChatbot/.airflow-venv/lib/python3.12/site-packages/airflow/models/baseoperator.py", line 424, in wrapper
    return func(self, *args, **kwargs)
           ^^^^^^^^^^^^^^^^^^^^^^^^^^^
  File "/Users/swarnalidatta/Desktop/AutoQueryChatbot/.airflow-venv/lib/python3.12/site-packages/airflow/sensors/base.py", line 326, in execute
    raise AirflowSensorTimeout(message)
airflow.exceptions.AirflowSensorTimeout: Sensor has timed out; run duration of 1028037.509775 seconds exceeds the specified timeout of 3600.0.
[2026-09-17T19:22:03.463+0200] {local_task_job_runner.py:266} INFO - Task exited with return code 1
[2026-09-17T19:22:03.470+0200] {taskinstance.py:3901} INFO - 0 downstream tasks scheduled from follow-on schedule check
[2026-09-17T19:22:03.471+0200] {local_task_job_runner.py:245} INFO - ::endgroup::
