[2026-09-22T04:50:37.616+0200] {local_task_job_runner.py:123} INFO - ::group::Pre task execution logs
[2026-09-22T04:50:37.618+0200] {taskinstance.py:2614} INFO - Dependencies all met for dep_context=non-requeueable deps ti=<TaskInstance: mini_riskagent_file_ingestion.wait_for_csv scheduled__2026-09-22T02:31:00+00:00 [queued]>
[2026-09-22T04:50:37.620+0200] {taskinstance.py:2614} INFO - Dependencies all met for dep_context=requeueable deps ti=<TaskInstance: mini_riskagent_file_ingestion.wait_for_csv scheduled__2026-09-22T02:31:00+00:00 [queued]>
[2026-09-22T04:50:37.620+0200] {taskinstance.py:2867} INFO - Starting attempt 1 of 2
[2026-09-22T04:50:37.623+0200] {taskinstance.py:2890} INFO - Executing <Task(PythonSensor): wait_for_csv> on 2026-09-22 02:31:00+00:00
[2026-09-22T04:50:37.627+0200] {logging_mixin.py:190} WARNING - /Users/swarnalidatta/Desktop/AutoQueryChatbot/.airflow-venv/lib/python3.12/site-packages/airflow/task/task_runner/standard_task_runner.py:70 DeprecationWarning: This process (pid=10932) is multi-threaded, use of fork() may lead to deadlocks in the child.
[2026-09-22T04:50:37.627+0200] {standard_task_runner.py:104} INFO - Running: ['airflow', 'tasks', 'run', 'mini_riskagent_file_ingestion', 'wait_for_csv', 'scheduled__2026-09-22T02:31:00+00:00', '--job-id', '4954', '--raw', '--subdir', 'DAGS_FOLDER/data_ingest_pipeline.py', '--cfg-path', '/var/folders/5p/201rr1sj03g8gksxm9x48mbh0000gn/T/tmpr_b463oe']
[2026-09-22T04:50:37.627+0200] {standard_task_runner.py:72} INFO - Started process 10934 to run task
[2026-09-22T04:50:37.627+0200] {standard_task_runner.py:105} INFO - Job 4954: Subtask wait_for_csv
[2026-09-22T04:50:37.641+0200] {task_command.py:467} INFO - Running <TaskInstance: mini_riskagent_file_ingestion.wait_for_csv scheduled__2026-09-22T02:31:00+00:00 [running]> on host mac.home
[2026-09-22T04:50:37.656+0200] {taskinstance.py:3134} INFO - Exporting env vars: AIRFLOW_CTX_DAG_OWNER='autoquery' AIRFLOW_CTX_DAG_ID='mini_riskagent_file_ingestion' AIRFLOW_CTX_TASK_ID='wait_for_csv' AIRFLOW_CTX_EXECUTION_DATE='2026-09-22T02:31:00+00:00' AIRFLOW_CTX_TRY_NUMBER='1' AIRFLOW_CTX_DAG_RUN_ID='scheduled__2026-09-22T02:31:00+00:00'
[2026-09-22T04:50:37.657+0200] {logging_mixin.py:190} INFO - Task instance is in running state
[2026-09-22T04:50:37.657+0200] {logging_mixin.py:190} INFO -  Previous state of the Task instance: queued
[2026-09-22T04:50:37.657+0200] {logging_mixin.py:190} INFO - Current task name:wait_for_csv state:running start_date:2026-09-22 02:50:37.618991+00:00
[2026-09-22T04:50:37.657+0200] {logging_mixin.py:190} INFO - Dag name:mini_riskagent_file_ingestion and current dag run status:running
[2026-09-22T04:50:37.657+0200] {taskinstance.py:732} INFO - ::endgroup::
[2026-09-22T04:50:37.659+0200] {python.py:75} INFO - Poking callable: <function check_for_csv_files at 0x1093d6b60>
[2026-09-22T04:50:37.662+0200] {taskinstance.py:310} INFO - Rescheduling task, marking task as UP_FOR_RESCHEDULE
[2026-09-22T04:50:37.662+0200] {taskinstance.py:341} INFO - ::group::Post task execution logs
[2026-09-22T04:50:37.687+0200] {local_task_job_runner.py:266} INFO - Task exited with return code 0
[2026-09-22T04:50:37.693+0200] {taskinstance.py:3901} INFO - 0 downstream tasks scheduled from follow-on schedule check
[2026-09-22T04:50:37.693+0200] {local_task_job_runner.py:245} INFO - ::endgroup::
[2026-09-22T05:07:23.420+0200] {local_task_job_runner.py:123} INFO - ::group::Pre task execution logs
[2026-09-22T05:07:23.423+0200] {taskinstance.py:2614} INFO - Dependencies all met for dep_context=non-requeueable deps ti=<TaskInstance: mini_riskagent_file_ingestion.wait_for_csv scheduled__2026-09-22T02:31:00+00:00 [queued]>
[2026-09-22T05:07:23.424+0200] {taskinstance.py:2614} INFO - Dependencies all met for dep_context=requeueable deps ti=<TaskInstance: mini_riskagent_file_ingestion.wait_for_csv scheduled__2026-09-22T02:31:00+00:00 [queued]>
[2026-09-22T05:07:23.424+0200] {taskinstance.py:2867} INFO - Starting attempt 1 of 2
[2026-09-22T05:07:23.427+0200] {taskinstance.py:2890} INFO - Executing <Task(PythonSensor): wait_for_csv> on 2026-09-22 02:31:00+00:00
[2026-09-22T05:07:23.431+0200] {logging_mixin.py:190} WARNING - /Users/swarnalidatta/Desktop/AutoQueryChatbot/.airflow-venv/lib/python3.12/site-packages/airflow/task/task_runner/standard_task_runner.py:70 DeprecationWarning: This process (pid=10959) is multi-threaded, use of fork() may lead to deadlocks in the child.
[2026-09-22T05:07:23.431+0200] {standard_task_runner.py:104} INFO - Running: ['airflow', 'tasks', 'run', 'mini_riskagent_file_ingestion', 'wait_for_csv', 'scheduled__2026-09-22T02:31:00+00:00', '--job-id', '4955', '--raw', '--subdir', 'DAGS_FOLDER/data_ingest_pipeline.py', '--cfg-path', '/var/folders/5p/201rr1sj03g8gksxm9x48mbh0000gn/T/tmp1g_2ltud']
[2026-09-22T05:07:23.432+0200] {standard_task_runner.py:72} INFO - Started process 10964 to run task
[2026-09-22T05:07:23.432+0200] {standard_task_runner.py:105} INFO - Job 4955: Subtask wait_for_csv
[2026-09-22T05:07:23.445+0200] {task_command.py:467} INFO - Running <TaskInstance: mini_riskagent_file_ingestion.wait_for_csv scheduled__2026-09-22T02:31:00+00:00 [running]> on host mac.home
[2026-09-22T05:07:23.462+0200] {taskinstance.py:3134} INFO - Exporting env vars: AIRFLOW_CTX_DAG_OWNER='autoquery' AIRFLOW_CTX_DAG_ID='mini_riskagent_file_ingestion' AIRFLOW_CTX_TASK_ID='wait_for_csv' AIRFLOW_CTX_EXECUTION_DATE='2026-09-22T02:31:00+00:00' AIRFLOW_CTX_TRY_NUMBER='1' AIRFLOW_CTX_DAG_RUN_ID='scheduled__2026-09-22T02:31:00+00:00'
[2026-09-22T05:07:23.462+0200] {logging_mixin.py:190} INFO - Task instance is in running state
[2026-09-22T05:07:23.462+0200] {logging_mixin.py:190} INFO -  Previous state of the Task instance: queued
[2026-09-22T05:07:23.463+0200] {logging_mixin.py:190} INFO - Current task name:wait_for_csv state:running start_date:2026-09-22 03:07:23.423090+00:00
[2026-09-22T05:07:23.463+0200] {logging_mixin.py:190} INFO - Dag name:mini_riskagent_file_ingestion and current dag run status:running
[2026-09-22T05:07:23.463+0200] {taskinstance.py:732} INFO - ::endgroup::
[2026-09-22T05:07:23.464+0200] {python.py:75} INFO - Poking callable: <function check_for_csv_files at 0x112d26b60>
[2026-09-22T05:07:23.467+0200] {taskinstance.py:310} INFO - Rescheduling task, marking task as UP_FOR_RESCHEDULE
[2026-09-22T05:07:23.468+0200] {taskinstance.py:341} INFO - ::group::Post task execution logs
[2026-09-22T05:07:23.491+0200] {local_task_job_runner.py:266} INFO - Task exited with return code 0
[2026-09-22T05:07:23.497+0200] {taskinstance.py:3901} INFO - 0 downstream tasks scheduled from follow-on schedule check
[2026-09-22T05:07:23.498+0200] {local_task_job_runner.py:245} INFO - ::endgroup::
[2026-09-22T05:23:15.443+0200] {local_task_job_runner.py:123} INFO - ::group::Pre task execution logs
[2026-09-22T05:23:15.445+0200] {taskinstance.py:2614} INFO - Dependencies all met for dep_context=non-requeueable deps ti=<TaskInstance: mini_riskagent_file_ingestion.wait_for_csv scheduled__2026-09-22T02:31:00+00:00 [queued]>
[2026-09-22T05:23:15.447+0200] {taskinstance.py:2614} INFO - Dependencies all met for dep_context=requeueable deps ti=<TaskInstance: mini_riskagent_file_ingestion.wait_for_csv scheduled__2026-09-22T02:31:00+00:00 [queued]>
[2026-09-22T05:23:15.447+0200] {taskinstance.py:2867} INFO - Starting attempt 1 of 2
[2026-09-22T05:23:15.450+0200] {taskinstance.py:2890} INFO - Executing <Task(PythonSensor): wait_for_csv> on 2026-09-22 02:31:00+00:00
[2026-09-22T05:23:15.455+0200] {logging_mixin.py:190} WARNING - /Users/swarnalidatta/Desktop/AutoQueryChatbot/.airflow-venv/lib/python3.12/site-packages/airflow/task/task_runner/standard_task_runner.py:70 DeprecationWarning: This process (pid=10989) is multi-threaded, use of fork() may lead to deadlocks in the child.
[2026-09-22T05:23:15.455+0200] {standard_task_runner.py:72} INFO - Started process 10992 to run task
[2026-09-22T05:23:15.454+0200] {standard_task_runner.py:104} INFO - Running: ['airflow', 'tasks', 'run', 'mini_riskagent_file_ingestion', 'wait_for_csv', 'scheduled__2026-09-22T02:31:00+00:00', '--job-id', '4956', '--raw', '--subdir', 'DAGS_FOLDER/data_ingest_pipeline.py', '--cfg-path', '/var/folders/5p/201rr1sj03g8gksxm9x48mbh0000gn/T/tmp_xkif9b2']
[2026-09-22T05:23:15.455+0200] {standard_task_runner.py:105} INFO - Job 4956: Subtask wait_for_csv
[2026-09-22T05:23:15.469+0200] {task_command.py:467} INFO - Running <TaskInstance: mini_riskagent_file_ingestion.wait_for_csv scheduled__2026-09-22T02:31:00+00:00 [running]> on host mac.home
[2026-09-22T05:23:15.485+0200] {taskinstance.py:3134} INFO - Exporting env vars: AIRFLOW_CTX_DAG_OWNER='autoquery' AIRFLOW_CTX_DAG_ID='mini_riskagent_file_ingestion' AIRFLOW_CTX_TASK_ID='wait_for_csv' AIRFLOW_CTX_EXECUTION_DATE='2026-09-22T02:31:00+00:00' AIRFLOW_CTX_TRY_NUMBER='1' AIRFLOW_CTX_DAG_RUN_ID='scheduled__2026-09-22T02:31:00+00:00'
[2026-09-22T05:23:15.485+0200] {logging_mixin.py:190} INFO - Task instance is in running state
[2026-09-22T05:23:15.485+0200] {logging_mixin.py:190} INFO -  Previous state of the Task instance: queued
[2026-09-22T05:23:15.486+0200] {logging_mixin.py:190} INFO - Current task name:wait_for_csv state:running start_date:2026-09-22 03:23:15.445894+00:00
[2026-09-22T05:23:15.486+0200] {logging_mixin.py:190} INFO - Dag name:mini_riskagent_file_ingestion and current dag run status:running
[2026-09-22T05:23:15.486+0200] {taskinstance.py:732} INFO - ::endgroup::
[2026-09-22T05:23:15.487+0200] {python.py:75} INFO - Poking callable: <function check_for_csv_files at 0x10a8deb60>
[2026-09-22T05:23:15.490+0200] {taskinstance.py:310} INFO - Rescheduling task, marking task as UP_FOR_RESCHEDULE
[2026-09-22T05:23:15.491+0200] {taskinstance.py:341} INFO - ::group::Post task execution logs
[2026-09-22T05:23:15.514+0200] {local_task_job_runner.py:266} INFO - Task exited with return code 0
[2026-09-22T05:23:15.520+0200] {taskinstance.py:3901} INFO - 0 downstream tasks scheduled from follow-on schedule check
[2026-09-22T05:23:15.521+0200] {local_task_job_runner.py:245} INFO - ::endgroup::
[2026-09-22T05:40:42.600+0200] {local_task_job_runner.py:123} INFO - ::group::Pre task execution logs
[2026-09-22T05:40:42.603+0200] {taskinstance.py:2614} INFO - Dependencies all met for dep_context=non-requeueable deps ti=<TaskInstance: mini_riskagent_file_ingestion.wait_for_csv scheduled__2026-09-22T02:31:00+00:00 [queued]>
[2026-09-22T05:40:42.604+0200] {taskinstance.py:2614} INFO - Dependencies all met for dep_context=requeueable deps ti=<TaskInstance: mini_riskagent_file_ingestion.wait_for_csv scheduled__2026-09-22T02:31:00+00:00 [queued]>
[2026-09-22T05:40:42.604+0200] {taskinstance.py:2867} INFO - Starting attempt 1 of 2
[2026-09-22T05:40:42.607+0200] {taskinstance.py:2890} INFO - Executing <Task(PythonSensor): wait_for_csv> on 2026-09-22 02:31:00+00:00
[2026-09-22T05:40:42.612+0200] {logging_mixin.py:190} WARNING - /Users/swarnalidatta/Desktop/AutoQueryChatbot/.airflow-venv/lib/python3.12/site-packages/airflow/task/task_runner/standard_task_runner.py:70 DeprecationWarning: This process (pid=11005) is multi-threaded, use of fork() may lead to deadlocks in the child.
[2026-09-22T05:40:42.612+0200] {standard_task_runner.py:104} INFO - Running: ['airflow', 'tasks', 'run', 'mini_riskagent_file_ingestion', 'wait_for_csv', 'scheduled__2026-09-22T02:31:00+00:00', '--job-id', '4957', '--raw', '--subdir', 'DAGS_FOLDER/data_ingest_pipeline.py', '--cfg-path', '/var/folders/5p/201rr1sj03g8gksxm9x48mbh0000gn/T/tmpz7iy9ijd']
[2026-09-22T05:40:42.612+0200] {standard_task_runner.py:72} INFO - Started process 11008 to run task
[2026-09-22T05:40:42.612+0200] {standard_task_runner.py:105} INFO - Job 4957: Subtask wait_for_csv
[2026-09-22T05:40:42.626+0200] {task_command.py:467} INFO - Running <TaskInstance: mini_riskagent_file_ingestion.wait_for_csv scheduled__2026-09-22T02:31:00+00:00 [running]> on host mac.home
[2026-09-22T05:40:42.642+0200] {taskinstance.py:3134} INFO - Exporting env vars: AIRFLOW_CTX_DAG_OWNER='autoquery' AIRFLOW_CTX_DAG_ID='mini_riskagent_file_ingestion' AIRFLOW_CTX_TASK_ID='wait_for_csv' AIRFLOW_CTX_EXECUTION_DATE='2026-09-22T02:31:00+00:00' AIRFLOW_CTX_TRY_NUMBER='1' AIRFLOW_CTX_DAG_RUN_ID='scheduled__2026-09-22T02:31:00+00:00'
[2026-09-22T05:40:42.643+0200] {logging_mixin.py:190} INFO - Task instance is in running state
[2026-09-22T05:40:42.643+0200] {logging_mixin.py:190} INFO -  Previous state of the Task instance: queued
[2026-09-22T05:40:42.643+0200] {logging_mixin.py:190} INFO - Current task name:wait_for_csv state:running start_date:2026-09-22 03:40:42.603208+00:00
[2026-09-22T05:40:42.643+0200] {logging_mixin.py:190} INFO - Dag name:mini_riskagent_file_ingestion and current dag run status:running
[2026-09-22T05:40:42.644+0200] {taskinstance.py:732} INFO - ::endgroup::
[2026-09-22T05:40:42.645+0200] {python.py:75} INFO - Poking callable: <function check_for_csv_files at 0x10869ab60>
[2026-09-22T05:40:42.648+0200] {taskinstance.py:310} INFO - Rescheduling task, marking task as UP_FOR_RESCHEDULE
[2026-09-22T05:40:42.649+0200] {taskinstance.py:341} INFO - ::group::Post task execution logs
[2026-09-22T05:40:42.671+0200] {local_task_job_runner.py:266} INFO - Task exited with return code 0
[2026-09-22T05:40:42.678+0200] {taskinstance.py:3901} INFO - 0 downstream tasks scheduled from follow-on schedule check
[2026-09-22T05:40:42.678+0200] {local_task_job_runner.py:245} INFO - ::endgroup::
[2026-09-22T05:56:37.354+0200] {local_task_job_runner.py:123} INFO - ::group::Pre task execution logs
[2026-09-22T05:56:37.356+0200] {taskinstance.py:2614} INFO - Dependencies all met for dep_context=non-requeueable deps ti=<TaskInstance: mini_riskagent_file_ingestion.wait_for_csv scheduled__2026-09-22T02:31:00+00:00 [queued]>
[2026-09-22T05:56:37.358+0200] {taskinstance.py:2614} INFO - Dependencies all met for dep_context=requeueable deps ti=<TaskInstance: mini_riskagent_file_ingestion.wait_for_csv scheduled__2026-09-22T02:31:00+00:00 [queued]>
[2026-09-22T05:56:37.358+0200] {taskinstance.py:2867} INFO - Starting attempt 1 of 2
[2026-09-22T05:56:37.361+0200] {taskinstance.py:2890} INFO - Executing <Task(PythonSensor): wait_for_csv> on 2026-09-22 02:31:00+00:00
[2026-09-22T05:56:37.365+0200] {logging_mixin.py:190} WARNING - /Users/swarnalidatta/Desktop/AutoQueryChatbot/.airflow-venv/lib/python3.12/site-packages/airflow/task/task_runner/standard_task_runner.py:70 DeprecationWarning: This process (pid=11022) is multi-threaded, use of fork() may lead to deadlocks in the child.
[2026-09-22T05:56:37.365+0200] {standard_task_runner.py:72} INFO - Started process 11028 to run task
[2026-09-22T05:56:37.364+0200] {standard_task_runner.py:104} INFO - Running: ['airflow', 'tasks', 'run', 'mini_riskagent_file_ingestion', 'wait_for_csv', 'scheduled__2026-09-22T02:31:00+00:00', '--job-id', '4958', '--raw', '--subdir', 'DAGS_FOLDER/data_ingest_pipeline.py', '--cfg-path', '/var/folders/5p/201rr1sj03g8gksxm9x48mbh0000gn/T/tmpv7o3c6qo']
[2026-09-22T05:56:37.365+0200] {standard_task_runner.py:105} INFO - Job 4958: Subtask wait_for_csv
[2026-09-22T05:56:37.379+0200] {task_command.py:467} INFO - Running <TaskInstance: mini_riskagent_file_ingestion.wait_for_csv scheduled__2026-09-22T02:31:00+00:00 [running]> on host mac.home
[2026-09-22T05:56:37.396+0200] {taskinstance.py:3134} INFO - Exporting env vars: AIRFLOW_CTX_DAG_OWNER='autoquery' AIRFLOW_CTX_DAG_ID='mini_riskagent_file_ingestion' AIRFLOW_CTX_TASK_ID='wait_for_csv' AIRFLOW_CTX_EXECUTION_DATE='2026-09-22T02:31:00+00:00' AIRFLOW_CTX_TRY_NUMBER='1' AIRFLOW_CTX_DAG_RUN_ID='scheduled__2026-09-22T02:31:00+00:00'
[2026-09-22T05:56:37.396+0200] {logging_mixin.py:190} INFO - Task instance is in running state
[2026-09-22T05:56:37.396+0200] {logging_mixin.py:190} INFO -  Previous state of the Task instance: queued
[2026-09-22T05:56:37.396+0200] {logging_mixin.py:190} INFO - Current task name:wait_for_csv state:running start_date:2026-09-22 03:56:37.356740+00:00
[2026-09-22T05:56:37.397+0200] {logging_mixin.py:190} INFO - Dag name:mini_riskagent_file_ingestion and current dag run status:running
[2026-09-22T05:56:37.397+0200] {taskinstance.py:732} INFO - ::endgroup::
[2026-09-22T05:56:37.398+0200] {python.py:75} INFO - Poking callable: <function check_for_csv_files at 0x112896b60>
[2026-09-22T05:56:37.399+0200] {taskinstance.py:3313} ERROR - Task failed with exception
Traceback (most recent call last):
  File "/Users/swarnalidatta/Desktop/AutoQueryChatbot/.airflow-venv/lib/python3.12/site-packages/airflow/models/taskinstance.py", line 768, in _execute_task
    result = _execute_callable(context=context, **execute_callable_kwargs)
             ^^^^^^^^^^^^^^^^^^^^^^^^^^^^^^^^^^^^^^^^^^^^^^^^^^^^^^^^^^^^^
  File "/Users/swarnalidatta/Desktop/AutoQueryChatbot/.airflow-venv/lib/python3.12/site-packages/airflow/models/taskinstance.py", line 734, in _execute_callable
    return ExecutionCallableRunner(
           ^^^^^^^^^^^^^^^^^^^^^^^^
  File "/Users/swarnalidatta/Desktop/AutoQueryChatbot/.airflow-venv/lib/python3.12/site-packages/airflow/utils/operator_helpers.py", line 252, in run
    return self.func(*args, **kwargs)
           ^^^^^^^^^^^^^^^^^^^^^^^^^^
  File "/Users/swarnalidatta/Desktop/AutoQueryChatbot/.airflow-venv/lib/python3.12/site-packages/airflow/models/baseoperator.py", line 424, in wrapper
    return func(self, *args, **kwargs)
           ^^^^^^^^^^^^^^^^^^^^^^^^^^^
  File "/Users/swarnalidatta/Desktop/AutoQueryChatbot/.airflow-venv/lib/python3.12/site-packages/airflow/sensors/base.py", line 326, in execute
    raise AirflowSensorTimeout(message)
airflow.exceptions.AirflowSensorTimeout: Sensor has timed out; run duration of 3959.752472 seconds exceeds the specified timeout of 3600.0.
[2026-09-22T05:56:37.400+0200] {logging_mixin.py:190} INFO - Task instance in failure state
[2026-09-22T05:56:37.400+0200] {logging_mixin.py:190} INFO - Task start:2026-09-22 03:56:37.356740+00:00 end:2026-09-22 03:56:37.400584+00:00 duration:0.043844
[2026-09-22T05:56:37.401+0200] {logging_mixin.py:190} INFO - Task:<Task(PythonSensor): wait_for_csv> dag:<DAG: mini_riskagent_file_ingestion> dagrun:<DagRun mini_riskagent_file_ingestion @ 2026-09-22 02:31:00+00:00: scheduled__2026-09-22T02:31:00+00:00, state:running, queued_at: 2026-09-22 02:50:36.753560+00:00. externally triggered: False>
[2026-09-22T05:56:37.401+0200] {logging_mixin.py:190} INFO - Failure caused by Sensor has timed out; run duration of 3959.752472 seconds exceeds the specified timeout of 3600.0.
[2026-09-22T05:56:37.401+0200] {taskinstance.py:1226} INFO - Immediate failure requested. Marking task as FAILED. dag_id=mini_riskagent_file_ingestion, task_id=wait_for_csv, run_id=scheduled__2026-09-22T02:31:00+00:00, execution_date=20260922T023100, start_date=20260922T035637, end_date=20260922T035637
[2026-09-22T05:56:37.405+0200] {taskinstance.py:341} INFO - ::group::Post task execution logs
[2026-09-22T05:56:37.406+0200] {standard_task_runner.py:124} ERROR - Failed to execute job 4958 for task wait_for_csv (Sensor has timed out; run duration of 3959.752472 seconds exceeds the specified timeout of 3600.0.; 11028)
Traceback (most recent call last):
  File "/Users/swarnalidatta/Desktop/AutoQueryChatbot/.airflow-venv/lib/python3.12/site-packages/airflow/task/task_runner/standard_task_runner.py", line 117, in _start_by_fork
    ret = args.func(args, dag=self.dag)
          ^^^^^^^^^^^^^^^^^^^^^^^^^^^^^
  File "/Users/swarnalidatta/Desktop/AutoQueryChatbot/.airflow-venv/lib/python3.12/site-packages/airflow/cli/cli_config.py", line 49, in command
    return func(*args, **kwargs)
           ^^^^^^^^^^^^^^^^^^^^^
  File "/Users/swarnalidatta/Desktop/AutoQueryChatbot/.airflow-venv/lib/python3.12/site-packages/airflow/utils/cli.py", line 116, in wrapper
    return f(*args, **kwargs)
           ^^^^^^^^^^^^^^^^^^
  File "/Users/swarnalidatta/Desktop/AutoQueryChatbot/.airflow-venv/lib/python3.12/site-packages/airflow/cli/commands/task_command.py", line 483, in task_run
    task_return_code = _run_task_by_selected_method(args, _dag, ti)
                       ^^^^^^^^^^^^^^^^^^^^^^^^^^^^^^^^^^^^^^^^^^^^
  File "/Users/swarnalidatta/Desktop/AutoQueryChatbot/.airflow-venv/lib/python3.12/site-packages/airflow/cli/commands/task_command.py", line 256, in _run_task_by_selected_method
    return _run_raw_task(args, ti)
           ^^^^^^^^^^^^^^^^^^^^^^^
  File "/Users/swarnalidatta/Desktop/AutoQueryChatbot/.airflow-venv/lib/python3.12/site-packages/airflow/cli/commands/task_command.py", line 341, in _run_raw_task
    return ti._run_raw_task(
           ^^^^^^^^^^^^^^^^^
  File "/Users/swarnalidatta/Desktop/AutoQueryChatbot/.airflow-venv/lib/python3.12/site-packages/airflow/utils/session.py", line 97, in wrapper
    return func(*args, session=session, **kwargs)
           ^^^^^^^^^^^^^^^^^^^^^^^^^^^^^^^^^^^^^^
  File "/Users/swarnalidatta/Desktop/AutoQueryChatbot/.airflow-venv/lib/python3.12/site-packages/airflow/models/taskinstance.py", line 3006, in _run_raw_task
    return _run_raw_task(
           ^^^^^^^^^^^^^^
  File "/Users/swarnalidatta/Desktop/AutoQueryChatbot/.airflow-venv/lib/python3.12/site-packages/airflow/models/taskinstance.py", line 274, in _run_raw_task
    TaskInstance._execute_task_with_callbacks(
  File "/Users/swarnalidatta/Desktop/AutoQueryChatbot/.airflow-venv/lib/python3.12/site-packages/airflow/models/taskinstance.py", line 3161, in _execute_task_with_callbacks
    result = self._execute_task(context, task_orig)
             ^^^^^^^^^^^^^^^^^^^^^^^^^^^^^^^^^^^^^^
  File "/Users/swarnalidatta/Desktop/AutoQueryChatbot/.airflow-venv/lib/python3.12/site-packages/airflow/models/taskinstance.py", line 3185, in _execute_task
    return _execute_task(self, context, task_orig)
           ^^^^^^^^^^^^^^^^^^^^^^^^^^^^^^^^^^^^^^^
  File "/Users/swarnalidatta/Desktop/AutoQueryChatbot/.airflow-venv/lib/python3.12/site-packages/airflow/models/taskinstance.py", line 768, in _execute_task
    result = _execute_callable(context=context, **execute_callable_kwargs)
             ^^^^^^^^^^^^^^^^^^^^^^^^^^^^^^^^^^^^^^^^^^^^^^^^^^^^^^^^^^^^^
  File "/Users/swarnalidatta/Desktop/AutoQueryChatbot/.airflow-venv/lib/python3.12/site-packages/airflow/models/taskinstance.py", line 734, in _execute_callable
    return ExecutionCallableRunner(
           ^^^^^^^^^^^^^^^^^^^^^^^^
  File "/Users/swarnalidatta/Desktop/AutoQueryChatbot/.airflow-venv/lib/python3.12/site-packages/airflow/utils/operator_helpers.py", line 252, in run
    return self.func(*args, **kwargs)
           ^^^^^^^^^^^^^^^^^^^^^^^^^^
  File "/Users/swarnalidatta/Desktop/AutoQueryChatbot/.airflow-venv/lib/python3.12/site-packages/airflow/models/baseoperator.py", line 424, in wrapper
    return func(self, *args, **kwargs)
           ^^^^^^^^^^^^^^^^^^^^^^^^^^^
  File "/Users/swarnalidatta/Desktop/AutoQueryChatbot/.airflow-venv/lib/python3.12/site-packages/airflow/sensors/base.py", line 326, in execute
    raise AirflowSensorTimeout(message)
airflow.exceptions.AirflowSensorTimeout: Sensor has timed out; run duration of 3959.752472 seconds exceeds the specified timeout of 3600.0.
[2026-09-22T05:56:37.423+0200] {local_task_job_runner.py:266} INFO - Task exited with return code 1
[2026-09-22T05:56:37.430+0200] {taskinstance.py:3901} INFO - 0 downstream tasks scheduled from follow-on schedule check
[2026-09-22T05:56:37.431+0200] {local_task_job_runner.py:245} INFO - ::endgroup::
