[2026-09-17T19:44:06.368+0200] {local_task_job_runner.py:123} INFO - ::group::Pre task execution logs
[2026-09-17T19:44:06.371+0200] {taskinstance.py:2614} INFO - Dependencies all met for dep_context=non-requeueable deps ti=<TaskInstance: mini_riskagent_file_ingestion.run_dbt_staging scheduled__2026-09-17T17:43:00+00:00 [queued]>
[2026-09-17T19:44:06.373+0200] {taskinstance.py:2614} INFO - Dependencies all met for dep_context=requeueable deps ti=<TaskInstance: mini_riskagent_file_ingestion.run_dbt_staging scheduled__2026-09-17T17:43:00+00:00 [queued]>
[2026-09-17T19:44:06.373+0200] {taskinstance.py:2867} INFO - Starting attempt 1 of 2
[2026-09-17T19:44:06.376+0200] {taskinstance.py:2890} INFO - Executing <Task(BashOperator): run_dbt_staging> on 2026-09-17 17:43:00+00:00
[2026-09-17T19:44:06.381+0200] {standard_task_runner.py:104} INFO - Running: ['airflow', 'tasks', 'run', 'mini_riskagent_file_ingestion', 'run_dbt_staging', 'scheduled__2026-09-17T17:43:00+00:00', '--job-id', '3660', '--raw', '--subdir', 'DAGS_FOLDER/data_ingest_pipeline.py', '--cfg-path', '/var/folders/5p/201rr1sj03g8gksxm9x48mbh0000gn/T/tmpfgu5qgpd']
[2026-09-17T19:44:06.381+0200] {standard_task_runner.py:105} INFO - Job 3660: Subtask run_dbt_staging
[2026-09-17T19:44:06.382+0200] {logging_mixin.py:190} WARNING - /Users/swarnalidatta/Desktop/AutoQueryChatbot/.airflow-venv/lib/python3.12/site-packages/airflow/task/task_runner/standard_task_runner.py:70 DeprecationWarning: This process (pid=78318) is multi-threaded, use of fork() may lead to deadlocks in the child.
[2026-09-17T19:44:06.382+0200] {standard_task_runner.py:72} INFO - Started process 78327 to run task
[2026-09-17T19:44:06.395+0200] {task_command.py:467} INFO - Running <TaskInstance: mini_riskagent_file_ingestion.run_dbt_staging scheduled__2026-09-17T17:43:00+00:00 [running]> on host mac.home
[2026-09-17T19:44:06.413+0200] {taskinstance.py:3134} INFO - Exporting env vars: AIRFLOW_CTX_DAG_OWNER='autoquery' AIRFLOW_CTX_DAG_ID='mini_riskagent_file_ingestion' AIRFLOW_CTX_TASK_ID='run_dbt_staging' AIRFLOW_CTX_EXECUTION_DATE='2026-09-17T17:43:00+00:00' AIRFLOW_CTX_TRY_NUMBER='1' AIRFLOW_CTX_DAG_RUN_ID='scheduled__2026-09-17T17:43:00+00:00'
[2026-09-17T19:44:06.414+0200] {logging_mixin.py:190} INFO - Task instance is in running state
[2026-09-17T19:44:06.414+0200] {logging_mixin.py:190} INFO -  Previous state of the Task instance: queued
[2026-09-17T19:44:06.414+0200] {logging_mixin.py:190} INFO - Current task name:run_dbt_staging state:running start_date:2026-09-17 17:44:06.371864+00:00
[2026-09-17T19:44:06.414+0200] {logging_mixin.py:190} INFO - Dag name:mini_riskagent_file_ingestion and current dag run status:running
[2026-09-17T19:44:06.414+0200] {taskinstance.py:732} INFO - ::endgroup::
[2026-09-17T19:44:06.415+0200] {subprocess.py:78} INFO - Tmp dir root location: /var/folders/5p/201rr1sj03g8gksxm9x48mbh0000gn/T
[2026-09-17T19:44:06.416+0200] {subprocess.py:88} INFO - Running command: ['/bin/bash', '-c', '/Users/swarnalidatta/Desktop/AutoQueryChatbot/.airflow-venv/bin/dbt run --project-dir /Users/swarnalidatta/Desktop/AutoQueryChatbot/dbt --profiles-dir /Users/swarnalidatta/.dbt --select staging']
[2026-09-17T19:44:06.418+0200] {subprocess.py:99} INFO - Output:
[2026-09-17T19:44:07.227+0200] {subprocess.py:106} INFO - [0m17:44:07  Running with dbt=1.12.3
[2026-09-17T19:44:07.350+0200] {subprocess.py:106} INFO - [0m17:44:07  Registered adapter: duckdb=1.11.0
[2026-09-17T19:44:07.574+0200] {subprocess.py:106} INFO - [0m17:44:07  Found 6 models, 3 snapshots, 3 sources, 500 macros
[2026-09-17T19:44:07.574+0200] {subprocess.py:106} INFO - [0m17:44:07
[2026-09-17T19:44:07.575+0200] {subprocess.py:106} INFO - [0m17:44:07  Concurrency: 1 threads (target='dev')
[2026-09-17T19:44:07.575+0200] {subprocess.py:106} INFO - [0m17:44:07
[2026-09-17T19:44:07.624+0200] {subprocess.py:106} INFO - [0m17:44:07  1 of 3 START sql view model main.account_stg ................................... [RUN]
[2026-09-17T19:44:07.653+0200] {subprocess.py:106} INFO - [0m17:44:07  1 of 3 OK created sql view model main.account_stg .............................. [[32mOK[0m in 0.03s]
[2026-09-17T19:44:07.654+0200] {subprocess.py:106} INFO - [0m17:44:07  2 of 3 START sql view model main.customer_stg .................................. [RUN]
[2026-09-17T19:44:07.661+0200] {subprocess.py:106} INFO - [0m17:44:07  2 of 3 OK created sql view model main.customer_stg ............................. [[32mOK[0m in 0.01s]
[2026-09-17T19:44:07.661+0200] {subprocess.py:106} INFO - [0m17:44:07  3 of 3 START sql view model main.transaction_stg ............................... [RUN]
[2026-09-17T19:44:07.668+0200] {subprocess.py:106} INFO - [0m17:44:07  3 of 3 OK created sql view model main.transaction_stg .......................... [[32mOK[0m in 0.01s]
[2026-09-17T19:44:07.670+0200] {subprocess.py:106} INFO - [0m17:44:07
[2026-09-17T19:44:07.671+0200] {subprocess.py:106} INFO - [0m17:44:07  Finished running 3 view models in 0 hours 0 minutes and 0.10 seconds (0.10s).
[2026-09-17T19:44:07.692+0200] {subprocess.py:106} INFO - [0m17:44:07
[2026-09-17T19:44:07.692+0200] {subprocess.py:106} INFO - [0m17:44:07  [32mCompleted successfully[0m
[2026-09-17T19:44:07.692+0200] {subprocess.py:106} INFO - [0m17:44:07
[2026-09-17T19:44:07.693+0200] {subprocess.py:106} INFO - [0m17:44:07  Done. PASS=3 WARN=0 ERROR=0 SKIP=0 NO-OP=0 REUSED=0 TOTAL=3
[2026-09-17T19:44:08.334+0200] {subprocess.py:110} INFO - Command exited with return code 0
[2026-09-17T19:44:08.341+0200] {taskinstance.py:341} INFO - ::group::Post task execution logs
[2026-09-17T19:44:08.342+0200] {taskinstance.py:353} INFO - Marking task as SUCCESS. dag_id=mini_riskagent_file_ingestion, task_id=run_dbt_staging, run_id=scheduled__2026-09-17T17:43:00+00:00, execution_date=20260917T174300, start_date=20260917T174406, end_date=20260917T174408
[2026-09-17T19:44:08.346+0200] {logging_mixin.py:190} INFO - Task instance in success state
[2026-09-17T19:44:08.346+0200] {logging_mixin.py:190} INFO -  Previous state of the Task instance: running
[2026-09-17T19:44:08.346+0200] {logging_mixin.py:190} INFO - Dag name:mini_riskagent_file_ingestion queued_at:2026-09-17 17:44:01.682417+00:00
[2026-09-17T19:44:08.347+0200] {logging_mixin.py:190} INFO - Task hostname:mac.home operator:BashOperator
[2026-09-17T19:44:08.363+0200] {local_task_job_runner.py:266} INFO - Task exited with return code 0
[2026-09-17T19:44:08.370+0200] {taskinstance.py:3901} INFO - 1 downstream tasks scheduled from follow-on schedule check
[2026-09-17T19:44:08.370+0200] {local_task_job_runner.py:245} INFO - ::endgroup::
