[2026-09-17T20:05:11.063+0200] {local_task_job_runner.py:123} INFO - ::group::Pre task execution logs
[2026-09-17T20:05:11.066+0200] {taskinstance.py:2614} INFO - Dependencies all met for dep_context=non-requeueable deps ti=<TaskInstance: mini_riskagent_file_ingestion.wait_for_csv scheduled__2026-09-17T17:56:00+00:00 [queued]>
[2026-09-17T20:05:11.067+0200] {taskinstance.py:2614} INFO - Dependencies all met for dep_context=requeueable deps ti=<TaskInstance: mini_riskagent_file_ingestion.wait_for_csv scheduled__2026-09-17T17:56:00+00:00 [queued]>
[2026-09-17T20:05:11.067+0200] {taskinstance.py:2867} INFO - Starting attempt 1 of 2
[2026-09-17T20:05:11.070+0200] {taskinstance.py:2890} INFO - Executing <Task(PythonSensor): wait_for_csv> on 2026-09-17 17:56:00+00:00
[2026-09-17T20:05:11.074+0200] {logging_mixin.py:190} WARNING - /Users/swarnalidatta/Desktop/AutoQueryChatbot/.airflow-venv/lib/python3.12/site-packages/airflow/task/task_runner/standard_task_runner.py:70 DeprecationWarning: This process (pid=80239) is multi-threaded, use of fork() may lead to deadlocks in the child.
[2026-09-17T20:05:11.074+0200] {standard_task_runner.py:72} INFO - Started process 80241 to run task
[2026-09-17T20:05:11.074+0200] {standard_task_runner.py:104} INFO - Running: ['airflow', 'tasks', 'run', 'mini_riskagent_file_ingestion', 'wait_for_csv', 'scheduled__2026-09-17T17:56:00+00:00', '--job-id', '3795', '--raw', '--subdir', 'DAGS_FOLDER/data_ingest_pipeline.py', '--cfg-path', '/var/folders/5p/201rr1sj03g8gksxm9x48mbh0000gn/T/tmpub0mny04']
[2026-09-17T20:05:11.075+0200] {standard_task_runner.py:105} INFO - Job 3795: Subtask wait_for_csv
[2026-09-17T20:05:11.088+0200] {task_command.py:467} INFO - Running <TaskInstance: mini_riskagent_file_ingestion.wait_for_csv scheduled__2026-09-17T17:56:00+00:00 [running]> on host mac.home
[2026-09-17T20:05:11.104+0200] {taskinstance.py:3134} INFO - Exporting env vars: AIRFLOW_CTX_DAG_OWNER='autoquery' AIRFLOW_CTX_DAG_ID='mini_riskagent_file_ingestion' AIRFLOW_CTX_TASK_ID='wait_for_csv' AIRFLOW_CTX_EXECUTION_DATE='2026-09-17T17:56:00+00:00' AIRFLOW_CTX_TRY_NUMBER='1' AIRFLOW_CTX_DAG_RUN_ID='scheduled__2026-09-17T17:56:00+00:00'
[2026-09-17T20:05:11.105+0200] {logging_mixin.py:190} INFO - Task instance is in running state
[2026-09-17T20:05:11.105+0200] {logging_mixin.py:190} INFO -  Previous state of the Task instance: queued
[2026-09-17T20:05:11.105+0200] {logging_mixin.py:190} INFO - Current task name:wait_for_csv state:running start_date:2026-09-17 18:05:11.066247+00:00
[2026-09-17T20:05:11.105+0200] {logging_mixin.py:190} INFO - Dag name:mini_riskagent_file_ingestion and current dag run status:running
[2026-09-17T20:05:11.105+0200] {taskinstance.py:732} INFO - ::endgroup::
[2026-09-17T20:05:11.107+0200] {python.py:75} INFO - Poking callable: <function check_for_csv_files at 0x1092dab60>
[2026-09-17T20:05:11.110+0200] {taskinstance.py:310} INFO - Rescheduling task, marking task as UP_FOR_RESCHEDULE
[2026-09-17T20:05:11.110+0200] {taskinstance.py:341} INFO - ::group::Post task execution logs
[2026-09-17T20:05:11.130+0200] {local_task_job_runner.py:266} INFO - Task exited with return code 0
[2026-09-17T20:05:11.136+0200] {taskinstance.py:3901} INFO - 0 downstream tasks scheduled from follow-on schedule check
[2026-09-17T20:05:11.137+0200] {local_task_job_runner.py:245} INFO - ::endgroup::
[2026-09-17T20:05:45.691+0200] {local_task_job_runner.py:123} INFO - ::group::Pre task execution logs
[2026-09-17T20:05:45.694+0200] {taskinstance.py:2614} INFO - Dependencies all met for dep_context=non-requeueable deps ti=<TaskInstance: mini_riskagent_file_ingestion.wait_for_csv scheduled__2026-09-17T17:56:00+00:00 [queued]>
[2026-09-17T20:05:45.695+0200] {taskinstance.py:2614} INFO - Dependencies all met for dep_context=requeueable deps ti=<TaskInstance: mini_riskagent_file_ingestion.wait_for_csv scheduled__2026-09-17T17:56:00+00:00 [queued]>
[2026-09-17T20:05:45.695+0200] {taskinstance.py:2867} INFO - Starting attempt 1 of 2
[2026-09-17T20:05:45.698+0200] {taskinstance.py:2890} INFO - Executing <Task(PythonSensor): wait_for_csv> on 2026-09-17 17:56:00+00:00
[2026-09-17T20:05:45.703+0200] {logging_mixin.py:190} WARNING - /Users/swarnalidatta/Desktop/AutoQueryChatbot/.airflow-venv/lib/python3.12/site-packages/airflow/task/task_runner/standard_task_runner.py:70 DeprecationWarning: This process (pid=80342) is multi-threaded, use of fork() may lead to deadlocks in the child.
[2026-09-17T20:05:45.702+0200] {standard_task_runner.py:104} INFO - Running: ['airflow', 'tasks', 'run', 'mini_riskagent_file_ingestion', 'wait_for_csv', 'scheduled__2026-09-17T17:56:00+00:00', '--job-id', '3809', '--raw', '--subdir', 'DAGS_FOLDER/data_ingest_pipeline.py', '--cfg-path', '/var/folders/5p/201rr1sj03g8gksxm9x48mbh0000gn/T/tmp_nettea2']
[2026-09-17T20:05:45.703+0200] {standard_task_runner.py:72} INFO - Started process 80344 to run task
[2026-09-17T20:05:45.703+0200] {standard_task_runner.py:105} INFO - Job 3809: Subtask wait_for_csv
[2026-09-17T20:05:45.717+0200] {task_command.py:467} INFO - Running <TaskInstance: mini_riskagent_file_ingestion.wait_for_csv scheduled__2026-09-17T17:56:00+00:00 [running]> on host mac.home
[2026-09-17T20:05:45.732+0200] {taskinstance.py:3134} INFO - Exporting env vars: AIRFLOW_CTX_DAG_OWNER='autoquery' AIRFLOW_CTX_DAG_ID='mini_riskagent_file_ingestion' AIRFLOW_CTX_TASK_ID='wait_for_csv' AIRFLOW_CTX_EXECUTION_DATE='2026-09-17T17:56:00+00:00' AIRFLOW_CTX_TRY_NUMBER='1' AIRFLOW_CTX_DAG_RUN_ID='scheduled__2026-09-17T17:56:00+00:00'
[2026-09-17T20:05:45.733+0200] {logging_mixin.py:190} INFO - Task instance is in running state
[2026-09-17T20:05:45.733+0200] {logging_mixin.py:190} INFO -  Previous state of the Task instance: queued
[2026-09-17T20:05:45.733+0200] {logging_mixin.py:190} INFO - Current task name:wait_for_csv state:running start_date:2026-09-17 18:05:45.694120+00:00
[2026-09-17T20:05:45.734+0200] {logging_mixin.py:190} INFO - Dag name:mini_riskagent_file_ingestion and current dag run status:running
[2026-09-17T20:05:45.734+0200] {taskinstance.py:732} INFO - ::endgroup::
[2026-09-17T20:05:45.735+0200] {python.py:75} INFO - Poking callable: <function check_for_csv_files at 0x111826b60>
[2026-09-17T20:05:45.738+0200] {taskinstance.py:310} INFO - Rescheduling task, marking task as UP_FOR_RESCHEDULE
[2026-09-17T20:05:45.739+0200] {taskinstance.py:341} INFO - ::group::Post task execution logs
[2026-09-17T20:05:45.762+0200] {local_task_job_runner.py:266} INFO - Task exited with return code 0
[2026-09-17T20:05:45.769+0200] {taskinstance.py:3901} INFO - 0 downstream tasks scheduled from follow-on schedule check
[2026-09-17T20:05:45.769+0200] {local_task_job_runner.py:245} INFO - ::endgroup::
[2026-09-17T20:06:30.546+0200] {local_task_job_runner.py:123} INFO - ::group::Pre task execution logs
[2026-09-17T20:06:30.549+0200] {taskinstance.py:2614} INFO - Dependencies all met for dep_context=non-requeueable deps ti=<TaskInstance: mini_riskagent_file_ingestion.wait_for_csv scheduled__2026-09-17T17:56:00+00:00 [queued]>
[2026-09-17T20:06:30.550+0200] {taskinstance.py:2614} INFO - Dependencies all met for dep_context=requeueable deps ti=<TaskInstance: mini_riskagent_file_ingestion.wait_for_csv scheduled__2026-09-17T17:56:00+00:00 [queued]>
[2026-09-17T20:06:30.550+0200] {taskinstance.py:2867} INFO - Starting attempt 1 of 2
[2026-09-17T20:06:30.553+0200] {taskinstance.py:2890} INFO - Executing <Task(PythonSensor): wait_for_csv> on 2026-09-17 17:56:00+00:00
[2026-09-17T20:06:30.558+0200] {logging_mixin.py:190} WARNING - /Users/swarnalidatta/Desktop/AutoQueryChatbot/.airflow-venv/lib/python3.12/site-packages/airflow/task/task_runner/standard_task_runner.py:70 DeprecationWarning: This process (pid=80445) is multi-threaded, use of fork() may lead to deadlocks in the child.
[2026-09-17T20:06:30.558+0200] {standard_task_runner.py:72} INFO - Started process 80450 to run task
[2026-09-17T20:06:30.558+0200] {standard_task_runner.py:104} INFO - Running: ['airflow', 'tasks', 'run', 'mini_riskagent_file_ingestion', 'wait_for_csv', 'scheduled__2026-09-17T17:56:00+00:00', '--job-id', '3824', '--raw', '--subdir', 'DAGS_FOLDER/data_ingest_pipeline.py', '--cfg-path', '/var/folders/5p/201rr1sj03g8gksxm9x48mbh0000gn/T/tmpn138hfd4']
[2026-09-17T20:06:30.558+0200] {standard_task_runner.py:105} INFO - Job 3824: Subtask wait_for_csv
[2026-09-17T20:06:30.571+0200] {task_command.py:467} INFO - Running <TaskInstance: mini_riskagent_file_ingestion.wait_for_csv scheduled__2026-09-17T17:56:00+00:00 [running]> on host mac.home
[2026-09-17T20:06:30.587+0200] {taskinstance.py:3134} INFO - Exporting env vars: AIRFLOW_CTX_DAG_OWNER='autoquery' AIRFLOW_CTX_DAG_ID='mini_riskagent_file_ingestion' AIRFLOW_CTX_TASK_ID='wait_for_csv' AIRFLOW_CTX_EXECUTION_DATE='2026-09-17T17:56:00+00:00' AIRFLOW_CTX_TRY_NUMBER='1' AIRFLOW_CTX_DAG_RUN_ID='scheduled__2026-09-17T17:56:00+00:00'
[2026-09-17T20:06:30.588+0200] {logging_mixin.py:190} INFO - Task instance is in running state
[2026-09-17T20:06:30.588+0200] {logging_mixin.py:190} INFO -  Previous state of the Task instance: queued
[2026-09-17T20:06:30.588+0200] {logging_mixin.py:190} INFO - Current task name:wait_for_csv state:running start_date:2026-09-17 18:06:30.549111+00:00
[2026-09-17T20:06:30.588+0200] {logging_mixin.py:190} INFO - Dag name:mini_riskagent_file_ingestion and current dag run status:running
[2026-09-17T20:06:30.589+0200] {taskinstance.py:732} INFO - ::endgroup::
[2026-09-17T20:06:30.590+0200] {python.py:75} INFO - Poking callable: <function check_for_csv_files at 0x114626b60>
[2026-09-17T20:06:30.593+0200] {taskinstance.py:310} INFO - Rescheduling task, marking task as UP_FOR_RESCHEDULE
[2026-09-17T20:06:30.594+0200] {taskinstance.py:341} INFO - ::group::Post task execution logs
[2026-09-17T20:06:30.614+0200] {local_task_job_runner.py:266} INFO - Task exited with return code 0
[2026-09-17T20:06:30.621+0200] {taskinstance.py:3901} INFO - 0 downstream tasks scheduled from follow-on schedule check
[2026-09-17T20:06:30.621+0200] {local_task_job_runner.py:245} INFO - ::endgroup::
[2026-09-17T20:07:04.392+0200] {local_task_job_runner.py:123} INFO - ::group::Pre task execution logs
[2026-09-17T20:07:04.395+0200] {taskinstance.py:2614} INFO - Dependencies all met for dep_context=non-requeueable deps ti=<TaskInstance: mini_riskagent_file_ingestion.wait_for_csv scheduled__2026-09-17T17:56:00+00:00 [queued]>
[2026-09-17T20:07:04.396+0200] {taskinstance.py:2614} INFO - Dependencies all met for dep_context=requeueable deps ti=<TaskInstance: mini_riskagent_file_ingestion.wait_for_csv scheduled__2026-09-17T17:56:00+00:00 [queued]>
[2026-09-17T20:07:04.396+0200] {taskinstance.py:2867} INFO - Starting attempt 1 of 2
[2026-09-17T20:07:04.400+0200] {taskinstance.py:2890} INFO - Executing <Task(PythonSensor): wait_for_csv> on 2026-09-17 17:56:00+00:00
[2026-09-17T20:07:04.404+0200] {logging_mixin.py:190} WARNING - /Users/swarnalidatta/Desktop/AutoQueryChatbot/.airflow-venv/lib/python3.12/site-packages/airflow/task/task_runner/standard_task_runner.py:70 DeprecationWarning: This process (pid=80752) is multi-threaded, use of fork() may lead to deadlocks in the child.
[2026-09-17T20:07:04.404+0200] {standard_task_runner.py:104} INFO - Running: ['airflow', 'tasks', 'run', 'mini_riskagent_file_ingestion', 'wait_for_csv', 'scheduled__2026-09-17T17:56:00+00:00', '--job-id', '3839', '--raw', '--subdir', 'DAGS_FOLDER/data_ingest_pipeline.py', '--cfg-path', '/var/folders/5p/201rr1sj03g8gksxm9x48mbh0000gn/T/tmp82ki8h5g']
[2026-09-17T20:07:04.405+0200] {standard_task_runner.py:72} INFO - Started process 80754 to run task
[2026-09-17T20:07:04.405+0200] {standard_task_runner.py:105} INFO - Job 3839: Subtask wait_for_csv
[2026-09-17T20:07:04.419+0200] {task_command.py:467} INFO - Running <TaskInstance: mini_riskagent_file_ingestion.wait_for_csv scheduled__2026-09-17T17:56:00+00:00 [running]> on host mac.home
[2026-09-17T20:07:04.435+0200] {taskinstance.py:3134} INFO - Exporting env vars: AIRFLOW_CTX_DAG_OWNER='autoquery' AIRFLOW_CTX_DAG_ID='mini_riskagent_file_ingestion' AIRFLOW_CTX_TASK_ID='wait_for_csv' AIRFLOW_CTX_EXECUTION_DATE='2026-09-17T17:56:00+00:00' AIRFLOW_CTX_TRY_NUMBER='1' AIRFLOW_CTX_DAG_RUN_ID='scheduled__2026-09-17T17:56:00+00:00'
[2026-09-17T20:07:04.435+0200] {logging_mixin.py:190} INFO - Task instance is in running state
[2026-09-17T20:07:04.435+0200] {logging_mixin.py:190} INFO -  Previous state of the Task instance: queued
[2026-09-17T20:07:04.436+0200] {logging_mixin.py:190} INFO - Current task name:wait_for_csv state:running start_date:2026-09-17 18:07:04.395524+00:00
[2026-09-17T20:07:04.436+0200] {logging_mixin.py:190} INFO - Dag name:mini_riskagent_file_ingestion and current dag run status:running
[2026-09-17T20:07:04.436+0200] {taskinstance.py:732} INFO - ::endgroup::
[2026-09-17T20:07:04.437+0200] {python.py:75} INFO - Poking callable: <function check_for_csv_files at 0x10caaab60>
[2026-09-17T20:07:04.441+0200] {taskinstance.py:310} INFO - Rescheduling task, marking task as UP_FOR_RESCHEDULE
[2026-09-17T20:07:04.441+0200] {taskinstance.py:341} INFO - ::group::Post task execution logs
[2026-09-17T20:07:04.460+0200] {local_task_job_runner.py:266} INFO - Task exited with return code 0
[2026-09-17T20:07:04.466+0200] {taskinstance.py:3901} INFO - 0 downstream tasks scheduled from follow-on schedule check
[2026-09-17T20:07:04.467+0200] {local_task_job_runner.py:245} INFO - ::endgroup::
[2026-09-17T20:07:36.622+0200] {local_task_job_runner.py:123} INFO - ::group::Pre task execution logs
[2026-09-17T20:07:36.624+0200] {taskinstance.py:2614} INFO - Dependencies all met for dep_context=non-requeueable deps ti=<TaskInstance: mini_riskagent_file_ingestion.wait_for_csv scheduled__2026-09-17T17:56:00+00:00 [queued]>
[2026-09-17T20:07:36.626+0200] {taskinstance.py:2614} INFO - Dependencies all met for dep_context=requeueable deps ti=<TaskInstance: mini_riskagent_file_ingestion.wait_for_csv scheduled__2026-09-17T17:56:00+00:00 [queued]>
[2026-09-17T20:07:36.626+0200] {taskinstance.py:2867} INFO - Starting attempt 1 of 2
[2026-09-17T20:07:36.629+0200] {taskinstance.py:2890} INFO - Executing <Task(PythonSensor): wait_for_csv> on 2026-09-17 17:56:00+00:00
[2026-09-17T20:07:36.633+0200] {logging_mixin.py:190} WARNING - /Users/swarnalidatta/Desktop/AutoQueryChatbot/.airflow-venv/lib/python3.12/site-packages/airflow/task/task_runner/standard_task_runner.py:70 DeprecationWarning: This process (pid=80859) is multi-threaded, use of fork() may lead to deadlocks in the child.
[2026-09-17T20:07:36.633+0200] {standard_task_runner.py:104} INFO - Running: ['airflow', 'tasks', 'run', 'mini_riskagent_file_ingestion', 'wait_for_csv', 'scheduled__2026-09-17T17:56:00+00:00', '--job-id', '3855', '--raw', '--subdir', 'DAGS_FOLDER/data_ingest_pipeline.py', '--cfg-path', '/var/folders/5p/201rr1sj03g8gksxm9x48mbh0000gn/T/tmpje_cp69s']
[2026-09-17T20:07:36.634+0200] {standard_task_runner.py:72} INFO - Started process 80862 to run task
[2026-09-17T20:07:36.634+0200] {standard_task_runner.py:105} INFO - Job 3855: Subtask wait_for_csv
[2026-09-17T20:07:36.647+0200] {task_command.py:467} INFO - Running <TaskInstance: mini_riskagent_file_ingestion.wait_for_csv scheduled__2026-09-17T17:56:00+00:00 [running]> on host mac.home
[2026-09-17T20:07:36.664+0200] {taskinstance.py:3134} INFO - Exporting env vars: AIRFLOW_CTX_DAG_OWNER='autoquery' AIRFLOW_CTX_DAG_ID='mini_riskagent_file_ingestion' AIRFLOW_CTX_TASK_ID='wait_for_csv' AIRFLOW_CTX_EXECUTION_DATE='2026-09-17T17:56:00+00:00' AIRFLOW_CTX_TRY_NUMBER='1' AIRFLOW_CTX_DAG_RUN_ID='scheduled__2026-09-17T17:56:00+00:00'
[2026-09-17T20:07:36.664+0200] {logging_mixin.py:190} INFO - Task instance is in running state
[2026-09-17T20:07:36.664+0200] {logging_mixin.py:190} INFO -  Previous state of the Task instance: queued
[2026-09-17T20:07:36.664+0200] {logging_mixin.py:190} INFO - Current task name:wait_for_csv state:running start_date:2026-09-17 18:07:36.624894+00:00
[2026-09-17T20:07:36.665+0200] {logging_mixin.py:190} INFO - Dag name:mini_riskagent_file_ingestion and current dag run status:running
[2026-09-17T20:07:36.665+0200] {taskinstance.py:732} INFO - ::endgroup::
[2026-09-17T20:07:36.666+0200] {python.py:75} INFO - Poking callable: <function check_for_csv_files at 0x10902ab60>
[2026-09-17T20:07:36.669+0200] {taskinstance.py:310} INFO - Rescheduling task, marking task as UP_FOR_RESCHEDULE
[2026-09-17T20:07:36.670+0200] {taskinstance.py:341} INFO - ::group::Post task execution logs
[2026-09-17T20:07:36.689+0200] {local_task_job_runner.py:266} INFO - Task exited with return code 0
[2026-09-17T20:07:36.696+0200] {taskinstance.py:3901} INFO - 0 downstream tasks scheduled from follow-on schedule check
[2026-09-17T20:07:36.696+0200] {local_task_job_runner.py:245} INFO - ::endgroup::
[2026-09-17T20:08:09.258+0200] {local_task_job_runner.py:123} INFO - ::group::Pre task execution logs
[2026-09-17T20:08:09.261+0200] {taskinstance.py:2614} INFO - Dependencies all met for dep_context=non-requeueable deps ti=<TaskInstance: mini_riskagent_file_ingestion.wait_for_csv scheduled__2026-09-17T17:56:00+00:00 [queued]>
[2026-09-17T20:08:09.262+0200] {taskinstance.py:2614} INFO - Dependencies all met for dep_context=requeueable deps ti=<TaskInstance: mini_riskagent_file_ingestion.wait_for_csv scheduled__2026-09-17T17:56:00+00:00 [queued]>
[2026-09-17T20:08:09.262+0200] {taskinstance.py:2867} INFO - Starting attempt 1 of 2
[2026-09-17T20:08:09.265+0200] {taskinstance.py:2890} INFO - Executing <Task(PythonSensor): wait_for_csv> on 2026-09-17 17:56:00+00:00
[2026-09-17T20:08:09.270+0200] {logging_mixin.py:190} WARNING - /Users/swarnalidatta/Desktop/AutoQueryChatbot/.airflow-venv/lib/python3.12/site-packages/airflow/task/task_runner/standard_task_runner.py:70 DeprecationWarning: This process (pid=80977) is multi-threaded, use of fork() may lead to deadlocks in the child.
[2026-09-17T20:08:09.269+0200] {standard_task_runner.py:104} INFO - Running: ['airflow', 'tasks', 'run', 'mini_riskagent_file_ingestion', 'wait_for_csv', 'scheduled__2026-09-17T17:56:00+00:00', '--job-id', '3871', '--raw', '--subdir', 'DAGS_FOLDER/data_ingest_pipeline.py', '--cfg-path', '/var/folders/5p/201rr1sj03g8gksxm9x48mbh0000gn/T/tmp3cn1l1t3']
[2026-09-17T20:08:09.270+0200] {standard_task_runner.py:72} INFO - Started process 80979 to run task
[2026-09-17T20:08:09.270+0200] {standard_task_runner.py:105} INFO - Job 3871: Subtask wait_for_csv
[2026-09-17T20:08:09.284+0200] {task_command.py:467} INFO - Running <TaskInstance: mini_riskagent_file_ingestion.wait_for_csv scheduled__2026-09-17T17:56:00+00:00 [running]> on host mac.home
[2026-09-17T20:08:09.300+0200] {taskinstance.py:3134} INFO - Exporting env vars: AIRFLOW_CTX_DAG_OWNER='autoquery' AIRFLOW_CTX_DAG_ID='mini_riskagent_file_ingestion' AIRFLOW_CTX_TASK_ID='wait_for_csv' AIRFLOW_CTX_EXECUTION_DATE='2026-09-17T17:56:00+00:00' AIRFLOW_CTX_TRY_NUMBER='1' AIRFLOW_CTX_DAG_RUN_ID='scheduled__2026-09-17T17:56:00+00:00'
[2026-09-17T20:08:09.300+0200] {logging_mixin.py:190} INFO - Task instance is in running state
[2026-09-17T20:08:09.300+0200] {logging_mixin.py:190} INFO -  Previous state of the Task instance: queued
[2026-09-17T20:08:09.301+0200] {logging_mixin.py:190} INFO - Current task name:wait_for_csv state:running start_date:2026-09-17 18:08:09.261377+00:00
[2026-09-17T20:08:09.301+0200] {logging_mixin.py:190} INFO - Dag name:mini_riskagent_file_ingestion and current dag run status:running
[2026-09-17T20:08:09.301+0200] {taskinstance.py:732} INFO - ::endgroup::
[2026-09-17T20:08:09.302+0200] {python.py:75} INFO - Poking callable: <function check_for_csv_files at 0x108ffab60>
[2026-09-17T20:08:09.306+0200] {taskinstance.py:310} INFO - Rescheduling task, marking task as UP_FOR_RESCHEDULE
[2026-09-17T20:08:09.306+0200] {taskinstance.py:341} INFO - ::group::Post task execution logs
[2026-09-17T20:08:09.326+0200] {local_task_job_runner.py:266} INFO - Task exited with return code 0
[2026-09-17T20:08:09.333+0200] {taskinstance.py:3901} INFO - 0 downstream tasks scheduled from follow-on schedule check
[2026-09-17T20:08:09.333+0200] {local_task_job_runner.py:245} INFO - ::endgroup::
[2026-09-17T20:08:41.888+0200] {local_task_job_runner.py:123} INFO - ::group::Pre task execution logs
[2026-09-17T20:08:41.891+0200] {taskinstance.py:2614} INFO - Dependencies all met for dep_context=non-requeueable deps ti=<TaskInstance: mini_riskagent_file_ingestion.wait_for_csv scheduled__2026-09-17T17:56:00+00:00 [queued]>
[2026-09-17T20:08:41.893+0200] {taskinstance.py:2614} INFO - Dependencies all met for dep_context=requeueable deps ti=<TaskInstance: mini_riskagent_file_ingestion.wait_for_csv scheduled__2026-09-17T17:56:00+00:00 [queued]>
[2026-09-17T20:08:41.893+0200] {taskinstance.py:2867} INFO - Starting attempt 1 of 2
[2026-09-17T20:08:41.896+0200] {taskinstance.py:2890} INFO - Executing <Task(PythonSensor): wait_for_csv> on 2026-09-17 17:56:00+00:00
[2026-09-17T20:08:41.901+0200] {standard_task_runner.py:104} INFO - Running: ['airflow', 'tasks', 'run', 'mini_riskagent_file_ingestion', 'wait_for_csv', 'scheduled__2026-09-17T17:56:00+00:00', '--job-id', '3887', '--raw', '--subdir', 'DAGS_FOLDER/data_ingest_pipeline.py', '--cfg-path', '/var/folders/5p/201rr1sj03g8gksxm9x48mbh0000gn/T/tmp8397x_w0']
[2026-09-17T20:08:41.902+0200] {logging_mixin.py:190} WARNING - /Users/swarnalidatta/Desktop/AutoQueryChatbot/.airflow-venv/lib/python3.12/site-packages/airflow/task/task_runner/standard_task_runner.py:70 DeprecationWarning: This process (pid=81227) is multi-threaded, use of fork() may lead to deadlocks in the child.
[2026-09-17T20:08:41.902+0200] {standard_task_runner.py:72} INFO - Started process 81234 to run task
[2026-09-17T20:08:41.902+0200] {standard_task_runner.py:105} INFO - Job 3887: Subtask wait_for_csv
[2026-09-17T20:08:41.918+0200] {task_command.py:467} INFO - Running <TaskInstance: mini_riskagent_file_ingestion.wait_for_csv scheduled__2026-09-17T17:56:00+00:00 [running]> on host mac.home
[2026-09-17T20:08:41.936+0200] {taskinstance.py:3134} INFO - Exporting env vars: AIRFLOW_CTX_DAG_OWNER='autoquery' AIRFLOW_CTX_DAG_ID='mini_riskagent_file_ingestion' AIRFLOW_CTX_TASK_ID='wait_for_csv' AIRFLOW_CTX_EXECUTION_DATE='2026-09-17T17:56:00+00:00' AIRFLOW_CTX_TRY_NUMBER='1' AIRFLOW_CTX_DAG_RUN_ID='scheduled__2026-09-17T17:56:00+00:00'
[2026-09-17T20:08:41.937+0200] {logging_mixin.py:190} INFO - Task instance is in running state
[2026-09-17T20:08:41.937+0200] {logging_mixin.py:190} INFO -  Previous state of the Task instance: queued
[2026-09-17T20:08:41.937+0200] {logging_mixin.py:190} INFO - Current task name:wait_for_csv state:running start_date:2026-09-17 18:08:41.891793+00:00
[2026-09-17T20:08:41.937+0200] {logging_mixin.py:190} INFO - Dag name:mini_riskagent_file_ingestion and current dag run status:running
[2026-09-17T20:08:41.938+0200] {taskinstance.py:732} INFO - ::endgroup::
[2026-09-17T20:08:41.939+0200] {python.py:75} INFO - Poking callable: <function check_for_csv_files at 0x10d726b60>
[2026-09-17T20:08:41.943+0200] {taskinstance.py:310} INFO - Rescheduling task, marking task as UP_FOR_RESCHEDULE
[2026-09-17T20:08:41.943+0200] {taskinstance.py:341} INFO - ::group::Post task execution logs
[2026-09-17T20:08:41.958+0200] {local_task_job_runner.py:266} INFO - Task exited with return code 0
[2026-09-17T20:08:41.965+0200] {taskinstance.py:3901} INFO - 0 downstream tasks scheduled from follow-on schedule check
[2026-09-17T20:08:41.965+0200] {local_task_job_runner.py:245} INFO - ::endgroup::
[2026-09-17T20:09:14.220+0200] {local_task_job_runner.py:123} INFO - ::group::Pre task execution logs
[2026-09-17T20:09:14.223+0200] {taskinstance.py:2614} INFO - Dependencies all met for dep_context=non-requeueable deps ti=<TaskInstance: mini_riskagent_file_ingestion.wait_for_csv scheduled__2026-09-17T17:56:00+00:00 [queued]>
[2026-09-17T20:09:14.224+0200] {taskinstance.py:2614} INFO - Dependencies all met for dep_context=requeueable deps ti=<TaskInstance: mini_riskagent_file_ingestion.wait_for_csv scheduled__2026-09-17T17:56:00+00:00 [queued]>
[2026-09-17T20:09:14.224+0200] {taskinstance.py:2867} INFO - Starting attempt 1 of 2
[2026-09-17T20:09:14.227+0200] {taskinstance.py:2890} INFO - Executing <Task(PythonSensor): wait_for_csv> on 2026-09-17 17:56:00+00:00
[2026-09-17T20:09:14.232+0200] {logging_mixin.py:190} WARNING - /Users/swarnalidatta/Desktop/AutoQueryChatbot/.airflow-venv/lib/python3.12/site-packages/airflow/task/task_runner/standard_task_runner.py:70 DeprecationWarning: This process (pid=81395) is multi-threaded, use of fork() may lead to deadlocks in the child.
[2026-09-17T20:09:14.232+0200] {standard_task_runner.py:72} INFO - Started process 81401 to run task
[2026-09-17T20:09:14.232+0200] {standard_task_runner.py:104} INFO - Running: ['airflow', 'tasks', 'run', 'mini_riskagent_file_ingestion', 'wait_for_csv', 'scheduled__2026-09-17T17:56:00+00:00', '--job-id', '3903', '--raw', '--subdir', 'DAGS_FOLDER/data_ingest_pipeline.py', '--cfg-path', '/var/folders/5p/201rr1sj03g8gksxm9x48mbh0000gn/T/tmp8we5750a']
[2026-09-17T20:09:14.233+0200] {standard_task_runner.py:105} INFO - Job 3903: Subtask wait_for_csv
[2026-09-17T20:09:14.247+0200] {task_command.py:467} INFO - Running <TaskInstance: mini_riskagent_file_ingestion.wait_for_csv scheduled__2026-09-17T17:56:00+00:00 [running]> on host mac.home
[2026-09-17T20:09:14.263+0200] {taskinstance.py:3134} INFO - Exporting env vars: AIRFLOW_CTX_DAG_OWNER='autoquery' AIRFLOW_CTX_DAG_ID='mini_riskagent_file_ingestion' AIRFLOW_CTX_TASK_ID='wait_for_csv' AIRFLOW_CTX_EXECUTION_DATE='2026-09-17T17:56:00+00:00' AIRFLOW_CTX_TRY_NUMBER='1' AIRFLOW_CTX_DAG_RUN_ID='scheduled__2026-09-17T17:56:00+00:00'
[2026-09-17T20:09:14.264+0200] {logging_mixin.py:190} INFO - Task instance is in running state
[2026-09-17T20:09:14.264+0200] {logging_mixin.py:190} INFO -  Previous state of the Task instance: queued
[2026-09-17T20:09:14.264+0200] {logging_mixin.py:190} INFO - Current task name:wait_for_csv state:running start_date:2026-09-17 18:09:14.223401+00:00
[2026-09-17T20:09:14.264+0200] {logging_mixin.py:190} INFO - Dag name:mini_riskagent_file_ingestion and current dag run status:running
[2026-09-17T20:09:14.264+0200] {taskinstance.py:732} INFO - ::endgroup::
[2026-09-17T20:09:14.266+0200] {python.py:75} INFO - Poking callable: <function check_for_csv_files at 0x10b23ab60>
[2026-09-17T20:09:14.269+0200] {taskinstance.py:310} INFO - Rescheduling task, marking task as UP_FOR_RESCHEDULE
[2026-09-17T20:09:14.269+0200] {taskinstance.py:341} INFO - ::group::Post task execution logs
[2026-09-17T20:09:14.288+0200] {local_task_job_runner.py:266} INFO - Task exited with return code 0
[2026-09-17T20:09:14.294+0200] {taskinstance.py:3901} INFO - 0 downstream tasks scheduled from follow-on schedule check
[2026-09-17T20:09:14.295+0200] {local_task_job_runner.py:245} INFO - ::endgroup::
[2026-09-17T20:09:46.466+0200] {local_task_job_runner.py:123} INFO - ::group::Pre task execution logs
[2026-09-17T20:09:46.469+0200] {taskinstance.py:2614} INFO - Dependencies all met for dep_context=non-requeueable deps ti=<TaskInstance: mini_riskagent_file_ingestion.wait_for_csv scheduled__2026-09-17T17:56:00+00:00 [queued]>
[2026-09-17T20:09:46.471+0200] {taskinstance.py:2614} INFO - Dependencies all met for dep_context=requeueable deps ti=<TaskInstance: mini_riskagent_file_ingestion.wait_for_csv scheduled__2026-09-17T17:56:00+00:00 [queued]>
[2026-09-17T20:09:46.471+0200] {taskinstance.py:2867} INFO - Starting attempt 1 of 2
[2026-09-17T20:09:46.474+0200] {taskinstance.py:2890} INFO - Executing <Task(PythonSensor): wait_for_csv> on 2026-09-17 17:56:00+00:00
[2026-09-17T20:09:46.478+0200] {logging_mixin.py:190} WARNING - /Users/swarnalidatta/Desktop/AutoQueryChatbot/.airflow-venv/lib/python3.12/site-packages/airflow/task/task_runner/standard_task_runner.py:70 DeprecationWarning: This process (pid=81513) is multi-threaded, use of fork() may lead to deadlocks in the child.
[2026-09-17T20:09:46.479+0200] {standard_task_runner.py:72} INFO - Started process 81515 to run task
[2026-09-17T20:09:46.478+0200] {standard_task_runner.py:104} INFO - Running: ['airflow', 'tasks', 'run', 'mini_riskagent_file_ingestion', 'wait_for_csv', 'scheduled__2026-09-17T17:56:00+00:00', '--job-id', '3919', '--raw', '--subdir', 'DAGS_FOLDER/data_ingest_pipeline.py', '--cfg-path', '/var/folders/5p/201rr1sj03g8gksxm9x48mbh0000gn/T/tmpjgwfzutc']
[2026-09-17T20:09:46.479+0200] {standard_task_runner.py:105} INFO - Job 3919: Subtask wait_for_csv
[2026-09-17T20:09:46.492+0200] {task_command.py:467} INFO - Running <TaskInstance: mini_riskagent_file_ingestion.wait_for_csv scheduled__2026-09-17T17:56:00+00:00 [running]> on host mac.home
[2026-09-17T20:09:46.508+0200] {taskinstance.py:3134} INFO - Exporting env vars: AIRFLOW_CTX_DAG_OWNER='autoquery' AIRFLOW_CTX_DAG_ID='mini_riskagent_file_ingestion' AIRFLOW_CTX_TASK_ID='wait_for_csv' AIRFLOW_CTX_EXECUTION_DATE='2026-09-17T17:56:00+00:00' AIRFLOW_CTX_TRY_NUMBER='1' AIRFLOW_CTX_DAG_RUN_ID='scheduled__2026-09-17T17:56:00+00:00'
[2026-09-17T20:09:46.508+0200] {logging_mixin.py:190} INFO - Task instance is in running state
[2026-09-17T20:09:46.509+0200] {logging_mixin.py:190} INFO -  Previous state of the Task instance: queued
[2026-09-17T20:09:46.509+0200] {logging_mixin.py:190} INFO - Current task name:wait_for_csv state:running start_date:2026-09-17 18:09:46.469816+00:00
[2026-09-17T20:09:46.509+0200] {logging_mixin.py:190} INFO - Dag name:mini_riskagent_file_ingestion and current dag run status:running
[2026-09-17T20:09:46.509+0200] {taskinstance.py:732} INFO - ::endgroup::
[2026-09-17T20:09:46.511+0200] {python.py:75} INFO - Poking callable: <function check_for_csv_files at 0x110aeab60>
[2026-09-17T20:09:46.514+0200] {taskinstance.py:310} INFO - Rescheduling task, marking task as UP_FOR_RESCHEDULE
[2026-09-17T20:09:46.514+0200] {taskinstance.py:341} INFO - ::group::Post task execution logs
[2026-09-17T20:09:46.534+0200] {local_task_job_runner.py:266} INFO - Task exited with return code 0
[2026-09-17T20:09:46.541+0200] {taskinstance.py:3901} INFO - 0 downstream tasks scheduled from follow-on schedule check
[2026-09-17T20:09:46.541+0200] {local_task_job_runner.py:245} INFO - ::endgroup::
[2026-09-17T20:10:17.691+0200] {local_task_job_runner.py:123} INFO - ::group::Pre task execution logs
[2026-09-17T20:10:17.694+0200] {taskinstance.py:2614} INFO - Dependencies all met for dep_context=non-requeueable deps ti=<TaskInstance: mini_riskagent_file_ingestion.wait_for_csv scheduled__2026-09-17T17:56:00+00:00 [queued]>
[2026-09-17T20:10:17.696+0200] {taskinstance.py:2614} INFO - Dependencies all met for dep_context=requeueable deps ti=<TaskInstance: mini_riskagent_file_ingestion.wait_for_csv scheduled__2026-09-17T17:56:00+00:00 [queued]>
[2026-09-17T20:10:17.696+0200] {taskinstance.py:2867} INFO - Starting attempt 1 of 2
[2026-09-17T20:10:17.699+0200] {taskinstance.py:2890} INFO - Executing <Task(PythonSensor): wait_for_csv> on 2026-09-17 17:56:00+00:00
[2026-09-17T20:10:17.704+0200] {logging_mixin.py:190} WARNING - /Users/swarnalidatta/Desktop/AutoQueryChatbot/.airflow-venv/lib/python3.12/site-packages/airflow/task/task_runner/standard_task_runner.py:70 DeprecationWarning: This process (pid=81625) is multi-threaded, use of fork() may lead to deadlocks in the child.
[2026-09-17T20:10:17.704+0200] {standard_task_runner.py:72} INFO - Started process 81628 to run task
[2026-09-17T20:10:17.704+0200] {standard_task_runner.py:104} INFO - Running: ['airflow', 'tasks', 'run', 'mini_riskagent_file_ingestion', 'wait_for_csv', 'scheduled__2026-09-17T17:56:00+00:00', '--job-id', '3935', '--raw', '--subdir', 'DAGS_FOLDER/data_ingest_pipeline.py', '--cfg-path', '/var/folders/5p/201rr1sj03g8gksxm9x48mbh0000gn/T/tmpm9ml1a3l']
[2026-09-17T20:10:17.705+0200] {standard_task_runner.py:105} INFO - Job 3935: Subtask wait_for_csv
[2026-09-17T20:10:17.719+0200] {task_command.py:467} INFO - Running <TaskInstance: mini_riskagent_file_ingestion.wait_for_csv scheduled__2026-09-17T17:56:00+00:00 [running]> on host mac.home
[2026-09-17T20:10:17.735+0200] {taskinstance.py:3134} INFO - Exporting env vars: AIRFLOW_CTX_DAG_OWNER='autoquery' AIRFLOW_CTX_DAG_ID='mini_riskagent_file_ingestion' AIRFLOW_CTX_TASK_ID='wait_for_csv' AIRFLOW_CTX_EXECUTION_DATE='2026-09-17T17:56:00+00:00' AIRFLOW_CTX_TRY_NUMBER='1' AIRFLOW_CTX_DAG_RUN_ID='scheduled__2026-09-17T17:56:00+00:00'
[2026-09-17T20:10:17.736+0200] {logging_mixin.py:190} INFO - Task instance is in running state
[2026-09-17T20:10:17.736+0200] {logging_mixin.py:190} INFO -  Previous state of the Task instance: queued
[2026-09-17T20:10:17.736+0200] {logging_mixin.py:190} INFO - Current task name:wait_for_csv state:running start_date:2026-09-17 18:10:17.694696+00:00
[2026-09-17T20:10:17.736+0200] {logging_mixin.py:190} INFO - Dag name:mini_riskagent_file_ingestion and current dag run status:running
[2026-09-17T20:10:17.737+0200] {taskinstance.py:732} INFO - ::endgroup::
[2026-09-17T20:10:17.738+0200] {python.py:75} INFO - Poking callable: <function check_for_csv_files at 0x1089e6b60>
[2026-09-17T20:10:17.741+0200] {taskinstance.py:310} INFO - Rescheduling task, marking task as UP_FOR_RESCHEDULE
[2026-09-17T20:10:17.741+0200] {taskinstance.py:341} INFO - ::group::Post task execution logs
[2026-09-17T20:10:17.760+0200] {local_task_job_runner.py:266} INFO - Task exited with return code 0
[2026-09-17T20:10:17.765+0200] {dagrun.py:977} ERROR - Failed to get task for ti <TaskInstance: mini_riskagent_file_ingestion.run_dbt_staging scheduled__2026-09-17T17:56:00+00:00 [None]>. Marking it as removed.
[2026-09-17T20:10:17.768+0200] {taskinstance.py:3901} INFO - 0 downstream tasks scheduled from follow-on schedule check
[2026-09-17T20:10:17.768+0200] {local_task_job_runner.py:245} INFO - ::endgroup::
[2026-09-17T20:10:50.342+0200] {local_task_job_runner.py:123} INFO - ::group::Pre task execution logs
[2026-09-17T20:10:50.345+0200] {taskinstance.py:2614} INFO - Dependencies all met for dep_context=non-requeueable deps ti=<TaskInstance: mini_riskagent_file_ingestion.wait_for_csv scheduled__2026-09-17T17:56:00+00:00 [queued]>
[2026-09-17T20:10:50.347+0200] {taskinstance.py:2614} INFO - Dependencies all met for dep_context=requeueable deps ti=<TaskInstance: mini_riskagent_file_ingestion.wait_for_csv scheduled__2026-09-17T17:56:00+00:00 [queued]>
[2026-09-17T20:10:50.347+0200] {taskinstance.py:2867} INFO - Starting attempt 1 of 2
[2026-09-17T20:10:50.350+0200] {taskinstance.py:2890} INFO - Executing <Task(PythonSensor): wait_for_csv> on 2026-09-17 17:56:00+00:00
[2026-09-17T20:10:50.355+0200] {logging_mixin.py:190} WARNING - /Users/swarnalidatta/Desktop/AutoQueryChatbot/.airflow-venv/lib/python3.12/site-packages/airflow/task/task_runner/standard_task_runner.py:70 DeprecationWarning: This process (pid=82103) is multi-threaded, use of fork() may lead to deadlocks in the child.
[2026-09-17T20:10:50.355+0200] {standard_task_runner.py:72} INFO - Started process 82109 to run task
[2026-09-17T20:10:50.354+0200] {standard_task_runner.py:104} INFO - Running: ['airflow', 'tasks', 'run', 'mini_riskagent_file_ingestion', 'wait_for_csv', 'scheduled__2026-09-17T17:56:00+00:00', '--job-id', '3951', '--raw', '--subdir', 'DAGS_FOLDER/data_ingest_pipeline.py', '--cfg-path', '/var/folders/5p/201rr1sj03g8gksxm9x48mbh0000gn/T/tmpsjcp3wq3']
[2026-09-17T20:10:50.355+0200] {standard_task_runner.py:105} INFO - Job 3951: Subtask wait_for_csv
[2026-09-17T20:10:50.369+0200] {task_command.py:467} INFO - Running <TaskInstance: mini_riskagent_file_ingestion.wait_for_csv scheduled__2026-09-17T17:56:00+00:00 [running]> on host mac.home
[2026-09-17T20:10:50.387+0200] {taskinstance.py:3134} INFO - Exporting env vars: AIRFLOW_CTX_DAG_OWNER='autoquery' AIRFLOW_CTX_DAG_ID='mini_riskagent_file_ingestion' AIRFLOW_CTX_TASK_ID='wait_for_csv' AIRFLOW_CTX_EXECUTION_DATE='2026-09-17T17:56:00+00:00' AIRFLOW_CTX_TRY_NUMBER='1' AIRFLOW_CTX_DAG_RUN_ID='scheduled__2026-09-17T17:56:00+00:00'
[2026-09-17T20:10:50.387+0200] {logging_mixin.py:190} INFO - Task instance is in running state
[2026-09-17T20:10:50.387+0200] {logging_mixin.py:190} INFO -  Previous state of the Task instance: queued
[2026-09-17T20:10:50.388+0200] {logging_mixin.py:190} INFO - Current task name:wait_for_csv state:running start_date:2026-09-17 18:10:50.345762+00:00
[2026-09-17T20:10:50.388+0200] {logging_mixin.py:190} INFO - Dag name:mini_riskagent_file_ingestion and current dag run status:running
[2026-09-17T20:10:50.388+0200] {taskinstance.py:732} INFO - ::endgroup::
[2026-09-17T20:10:50.389+0200] {python.py:75} INFO - Poking callable: <function check_for_csv_files at 0x1092eab60>
[2026-09-17T20:10:50.393+0200] {taskinstance.py:310} INFO - Rescheduling task, marking task as UP_FOR_RESCHEDULE
[2026-09-17T20:10:50.393+0200] {taskinstance.py:341} INFO - ::group::Post task execution logs
[2026-09-17T20:10:50.411+0200] {local_task_job_runner.py:266} INFO - Task exited with return code 0
[2026-09-17T20:10:50.417+0200] {taskinstance.py:3901} INFO - 0 downstream tasks scheduled from follow-on schedule check
[2026-09-17T20:10:50.417+0200] {local_task_job_runner.py:245} INFO - ::endgroup::
[2026-09-17T20:11:24.350+0200] {local_task_job_runner.py:123} INFO - ::group::Pre task execution logs
[2026-09-17T20:11:24.353+0200] {taskinstance.py:2614} INFO - Dependencies all met for dep_context=non-requeueable deps ti=<TaskInstance: mini_riskagent_file_ingestion.wait_for_csv scheduled__2026-09-17T17:56:00+00:00 [queued]>
[2026-09-17T20:11:24.354+0200] {taskinstance.py:2614} INFO - Dependencies all met for dep_context=requeueable deps ti=<TaskInstance: mini_riskagent_file_ingestion.wait_for_csv scheduled__2026-09-17T17:56:00+00:00 [queued]>
[2026-09-17T20:11:24.354+0200] {taskinstance.py:2867} INFO - Starting attempt 1 of 2
[2026-09-17T20:11:24.358+0200] {taskinstance.py:2890} INFO - Executing <Task(PythonSensor): wait_for_csv> on 2026-09-17 17:56:00+00:00
[2026-09-17T20:11:24.362+0200] {logging_mixin.py:190} WARNING - /Users/swarnalidatta/Desktop/AutoQueryChatbot/.airflow-venv/lib/python3.12/site-packages/airflow/task/task_runner/standard_task_runner.py:70 DeprecationWarning: This process (pid=82245) is multi-threaded, use of fork() may lead to deadlocks in the child.
[2026-09-17T20:11:24.363+0200] {standard_task_runner.py:72} INFO - Started process 82247 to run task
[2026-09-17T20:11:24.362+0200] {standard_task_runner.py:104} INFO - Running: ['airflow', 'tasks', 'run', 'mini_riskagent_file_ingestion', 'wait_for_csv', 'scheduled__2026-09-17T17:56:00+00:00', '--job-id', '3967', '--raw', '--subdir', 'DAGS_FOLDER/data_ingest_pipeline.py', '--cfg-path', '/var/folders/5p/201rr1sj03g8gksxm9x48mbh0000gn/T/tmptsr666bl']
[2026-09-17T20:11:24.363+0200] {standard_task_runner.py:105} INFO - Job 3967: Subtask wait_for_csv
[2026-09-17T20:11:24.376+0200] {task_command.py:467} INFO - Running <TaskInstance: mini_riskagent_file_ingestion.wait_for_csv scheduled__2026-09-17T17:56:00+00:00 [running]> on host mac.home
[2026-09-17T20:11:24.394+0200] {taskinstance.py:3134} INFO - Exporting env vars: AIRFLOW_CTX_DAG_OWNER='autoquery' AIRFLOW_CTX_DAG_ID='mini_riskagent_file_ingestion' AIRFLOW_CTX_TASK_ID='wait_for_csv' AIRFLOW_CTX_EXECUTION_DATE='2026-09-17T17:56:00+00:00' AIRFLOW_CTX_TRY_NUMBER='1' AIRFLOW_CTX_DAG_RUN_ID='scheduled__2026-09-17T17:56:00+00:00'
[2026-09-17T20:11:24.395+0200] {logging_mixin.py:190} INFO - Task instance is in running state
[2026-09-17T20:11:24.395+0200] {logging_mixin.py:190} INFO -  Previous state of the Task instance: queued
[2026-09-17T20:11:24.395+0200] {logging_mixin.py:190} INFO - Current task name:wait_for_csv state:running start_date:2026-09-17 18:11:24.353303+00:00
[2026-09-17T20:11:24.395+0200] {logging_mixin.py:190} INFO - Dag name:mini_riskagent_file_ingestion and current dag run status:running
[2026-09-17T20:11:24.395+0200] {taskinstance.py:732} INFO - ::endgroup::
[2026-09-17T20:11:24.398+0200] {python.py:75} INFO - Poking callable: <function check_for_csv_files at 0x10d442b60>
[2026-09-17T20:11:24.402+0200] {taskinstance.py:310} INFO - Rescheduling task, marking task as UP_FOR_RESCHEDULE
[2026-09-17T20:11:24.402+0200] {taskinstance.py:341} INFO - ::group::Post task execution logs
[2026-09-17T20:11:24.418+0200] {local_task_job_runner.py:266} INFO - Task exited with return code 0
[2026-09-17T20:11:24.425+0200] {taskinstance.py:3901} INFO - 0 downstream tasks scheduled from follow-on schedule check
[2026-09-17T20:11:24.425+0200] {local_task_job_runner.py:245} INFO - ::endgroup::
[2026-09-17T20:12:00.190+0200] {local_task_job_runner.py:123} INFO - ::group::Pre task execution logs
[2026-09-17T20:12:00.193+0200] {taskinstance.py:2614} INFO - Dependencies all met for dep_context=non-requeueable deps ti=<TaskInstance: mini_riskagent_file_ingestion.wait_for_csv scheduled__2026-09-17T17:56:00+00:00 [queued]>
[2026-09-17T20:12:00.195+0200] {taskinstance.py:2614} INFO - Dependencies all met for dep_context=requeueable deps ti=<TaskInstance: mini_riskagent_file_ingestion.wait_for_csv scheduled__2026-09-17T17:56:00+00:00 [queued]>
[2026-09-17T20:12:00.195+0200] {taskinstance.py:2867} INFO - Starting attempt 1 of 2
[2026-09-17T20:12:00.198+0200] {taskinstance.py:2890} INFO - Executing <Task(PythonSensor): wait_for_csv> on 2026-09-17 17:56:00+00:00
[2026-09-17T20:12:00.202+0200] {logging_mixin.py:190} WARNING - /Users/swarnalidatta/Desktop/AutoQueryChatbot/.airflow-venv/lib/python3.12/site-packages/airflow/task/task_runner/standard_task_runner.py:70 DeprecationWarning: This process (pid=82358) is multi-threaded, use of fork() may lead to deadlocks in the child.
[2026-09-17T20:12:00.203+0200] {standard_task_runner.py:72} INFO - Started process 82361 to run task
[2026-09-17T20:12:00.202+0200] {standard_task_runner.py:104} INFO - Running: ['airflow', 'tasks', 'run', 'mini_riskagent_file_ingestion', 'wait_for_csv', 'scheduled__2026-09-17T17:56:00+00:00', '--job-id', '3985', '--raw', '--subdir', 'DAGS_FOLDER/data_ingest_pipeline.py', '--cfg-path', '/var/folders/5p/201rr1sj03g8gksxm9x48mbh0000gn/T/tmphiytyvsk']
[2026-09-17T20:12:00.203+0200] {standard_task_runner.py:105} INFO - Job 3985: Subtask wait_for_csv
[2026-09-17T20:12:00.217+0200] {task_command.py:467} INFO - Running <TaskInstance: mini_riskagent_file_ingestion.wait_for_csv scheduled__2026-09-17T17:56:00+00:00 [running]> on host mac.home
[2026-09-17T20:12:00.233+0200] {taskinstance.py:3134} INFO - Exporting env vars: AIRFLOW_CTX_DAG_OWNER='autoquery' AIRFLOW_CTX_DAG_ID='mini_riskagent_file_ingestion' AIRFLOW_CTX_TASK_ID='wait_for_csv' AIRFLOW_CTX_EXECUTION_DATE='2026-09-17T17:56:00+00:00' AIRFLOW_CTX_TRY_NUMBER='1' AIRFLOW_CTX_DAG_RUN_ID='scheduled__2026-09-17T17:56:00+00:00'
[2026-09-17T20:12:00.234+0200] {logging_mixin.py:190} INFO - Task instance is in running state
[2026-09-17T20:12:00.234+0200] {logging_mixin.py:190} INFO -  Previous state of the Task instance: queued
[2026-09-17T20:12:00.234+0200] {logging_mixin.py:190} INFO - Current task name:wait_for_csv state:running start_date:2026-09-17 18:12:00.193847+00:00
[2026-09-17T20:12:00.235+0200] {logging_mixin.py:190} INFO - Dag name:mini_riskagent_file_ingestion and current dag run status:running
[2026-09-17T20:12:00.235+0200] {taskinstance.py:732} INFO - ::endgroup::
[2026-09-17T20:12:00.236+0200] {python.py:75} INFO - Poking callable: <function check_for_csv_files at 0x10b1deb60>
[2026-09-17T20:12:00.239+0200] {taskinstance.py:310} INFO - Rescheduling task, marking task as UP_FOR_RESCHEDULE
[2026-09-17T20:12:00.240+0200] {taskinstance.py:341} INFO - ::group::Post task execution logs
[2026-09-17T20:12:00.258+0200] {local_task_job_runner.py:266} INFO - Task exited with return code 0
[2026-09-17T20:12:00.265+0200] {taskinstance.py:3901} INFO - 0 downstream tasks scheduled from follow-on schedule check
[2026-09-17T20:12:00.265+0200] {local_task_job_runner.py:245} INFO - ::endgroup::
[2026-09-17T20:12:34.036+0200] {local_task_job_runner.py:123} INFO - ::group::Pre task execution logs
[2026-09-17T20:12:34.039+0200] {taskinstance.py:2614} INFO - Dependencies all met for dep_context=non-requeueable deps ti=<TaskInstance: mini_riskagent_file_ingestion.wait_for_csv scheduled__2026-09-17T17:56:00+00:00 [queued]>
[2026-09-17T20:12:34.040+0200] {taskinstance.py:2614} INFO - Dependencies all met for dep_context=requeueable deps ti=<TaskInstance: mini_riskagent_file_ingestion.wait_for_csv scheduled__2026-09-17T17:56:00+00:00 [queued]>
[2026-09-17T20:12:34.040+0200] {taskinstance.py:2867} INFO - Starting attempt 1 of 2
[2026-09-17T20:12:34.043+0200] {taskinstance.py:2890} INFO - Executing <Task(PythonSensor): wait_for_csv> on 2026-09-17 17:56:00+00:00
[2026-09-17T20:12:34.048+0200] {logging_mixin.py:190} WARNING - /Users/swarnalidatta/Desktop/AutoQueryChatbot/.airflow-venv/lib/python3.12/site-packages/airflow/task/task_runner/standard_task_runner.py:70 DeprecationWarning: This process (pid=82467) is multi-threaded, use of fork() may lead to deadlocks in the child.
[2026-09-17T20:12:34.048+0200] {standard_task_runner.py:72} INFO - Started process 82469 to run task
[2026-09-17T20:12:34.048+0200] {standard_task_runner.py:104} INFO - Running: ['airflow', 'tasks', 'run', 'mini_riskagent_file_ingestion', 'wait_for_csv', 'scheduled__2026-09-17T17:56:00+00:00', '--job-id', '4001', '--raw', '--subdir', 'DAGS_FOLDER/data_ingest_pipeline.py', '--cfg-path', '/var/folders/5p/201rr1sj03g8gksxm9x48mbh0000gn/T/tmpoog1pn93']
[2026-09-17T20:12:34.049+0200] {standard_task_runner.py:105} INFO - Job 4001: Subtask wait_for_csv
[2026-09-17T20:12:34.062+0200] {task_command.py:467} INFO - Running <TaskInstance: mini_riskagent_file_ingestion.wait_for_csv scheduled__2026-09-17T17:56:00+00:00 [running]> on host mac.home
[2026-09-17T20:12:34.078+0200] {taskinstance.py:3134} INFO - Exporting env vars: AIRFLOW_CTX_DAG_OWNER='autoquery' AIRFLOW_CTX_DAG_ID='mini_riskagent_file_ingestion' AIRFLOW_CTX_TASK_ID='wait_for_csv' AIRFLOW_CTX_EXECUTION_DATE='2026-09-17T17:56:00+00:00' AIRFLOW_CTX_TRY_NUMBER='1' AIRFLOW_CTX_DAG_RUN_ID='scheduled__2026-09-17T17:56:00+00:00'
[2026-09-17T20:12:34.078+0200] {logging_mixin.py:190} INFO - Task instance is in running state
[2026-09-17T20:12:34.079+0200] {logging_mixin.py:190} INFO -  Previous state of the Task instance: queued
[2026-09-17T20:12:34.079+0200] {logging_mixin.py:190} INFO - Current task name:wait_for_csv state:running start_date:2026-09-17 18:12:34.039263+00:00
[2026-09-17T20:12:34.079+0200] {logging_mixin.py:190} INFO - Dag name:mini_riskagent_file_ingestion and current dag run status:running
[2026-09-17T20:12:34.079+0200] {taskinstance.py:732} INFO - ::endgroup::
[2026-09-17T20:12:34.081+0200] {python.py:75} INFO - Poking callable: <function check_for_csv_files at 0x10d45ab60>
[2026-09-17T20:12:34.084+0200] {taskinstance.py:310} INFO - Rescheduling task, marking task as UP_FOR_RESCHEDULE
[2026-09-17T20:12:34.084+0200] {taskinstance.py:341} INFO - ::group::Post task execution logs
[2026-09-17T20:12:34.104+0200] {local_task_job_runner.py:266} INFO - Task exited with return code 0
[2026-09-17T20:12:34.111+0200] {taskinstance.py:3901} INFO - 0 downstream tasks scheduled from follow-on schedule check
[2026-09-17T20:12:34.111+0200] {local_task_job_runner.py:245} INFO - ::endgroup::
[2026-09-17T20:13:07.413+0200] {local_task_job_runner.py:123} INFO - ::group::Pre task execution logs
[2026-09-17T20:13:07.416+0200] {taskinstance.py:2614} INFO - Dependencies all met for dep_context=non-requeueable deps ti=<TaskInstance: mini_riskagent_file_ingestion.wait_for_csv scheduled__2026-09-17T17:56:00+00:00 [queued]>
[2026-09-17T20:13:07.417+0200] {taskinstance.py:2614} INFO - Dependencies all met for dep_context=requeueable deps ti=<TaskInstance: mini_riskagent_file_ingestion.wait_for_csv scheduled__2026-09-17T17:56:00+00:00 [queued]>
[2026-09-17T20:13:07.417+0200] {taskinstance.py:2867} INFO - Starting attempt 1 of 2
[2026-09-17T20:13:07.420+0200] {taskinstance.py:2890} INFO - Executing <Task(PythonSensor): wait_for_csv> on 2026-09-17 17:56:00+00:00
[2026-09-17T20:13:07.425+0200] {standard_task_runner.py:104} INFO - Running: ['airflow', 'tasks', 'run', 'mini_riskagent_file_ingestion', 'wait_for_csv', 'scheduled__2026-09-17T17:56:00+00:00', '--job-id', '4017', '--raw', '--subdir', 'DAGS_FOLDER/data_ingest_pipeline.py', '--cfg-path', '/var/folders/5p/201rr1sj03g8gksxm9x48mbh0000gn/T/tmp3hz_mc_b']
[2026-09-17T20:13:07.425+0200] {logging_mixin.py:190} WARNING - /Users/swarnalidatta/Desktop/AutoQueryChatbot/.airflow-venv/lib/python3.12/site-packages/airflow/task/task_runner/standard_task_runner.py:70 DeprecationWarning: This process (pid=82575) is multi-threaded, use of fork() may lead to deadlocks in the child.
[2026-09-17T20:13:07.426+0200] {standard_task_runner.py:72} INFO - Started process 82581 to run task
[2026-09-17T20:13:07.426+0200] {standard_task_runner.py:105} INFO - Job 4017: Subtask wait_for_csv
[2026-09-17T20:13:07.440+0200] {task_command.py:467} INFO - Running <TaskInstance: mini_riskagent_file_ingestion.wait_for_csv scheduled__2026-09-17T17:56:00+00:00 [running]> on host mac.home
[2026-09-17T20:13:07.457+0200] {taskinstance.py:3134} INFO - Exporting env vars: AIRFLOW_CTX_DAG_OWNER='autoquery' AIRFLOW_CTX_DAG_ID='mini_riskagent_file_ingestion' AIRFLOW_CTX_TASK_ID='wait_for_csv' AIRFLOW_CTX_EXECUTION_DATE='2026-09-17T17:56:00+00:00' AIRFLOW_CTX_TRY_NUMBER='1' AIRFLOW_CTX_DAG_RUN_ID='scheduled__2026-09-17T17:56:00+00:00'
[2026-09-17T20:13:07.458+0200] {logging_mixin.py:190} INFO - Task instance is in running state
[2026-09-17T20:13:07.458+0200] {logging_mixin.py:190} INFO -  Previous state of the Task instance: queued
[2026-09-17T20:13:07.458+0200] {logging_mixin.py:190} INFO - Current task name:wait_for_csv state:running start_date:2026-09-17 18:13:07.416354+00:00
[2026-09-17T20:13:07.458+0200] {logging_mixin.py:190} INFO - Dag name:mini_riskagent_file_ingestion and current dag run status:running
[2026-09-17T20:13:07.458+0200] {taskinstance.py:732} INFO - ::endgroup::
[2026-09-17T20:13:07.460+0200] {python.py:75} INFO - Poking callable: <function check_for_csv_files at 0x10cd0eb60>
[2026-09-17T20:13:07.463+0200] {taskinstance.py:310} INFO - Rescheduling task, marking task as UP_FOR_RESCHEDULE
[2026-09-17T20:13:07.463+0200] {taskinstance.py:341} INFO - ::group::Post task execution logs
[2026-09-17T20:13:07.481+0200] {local_task_job_runner.py:266} INFO - Task exited with return code 0
[2026-09-17T20:13:07.488+0200] {taskinstance.py:3901} INFO - 0 downstream tasks scheduled from follow-on schedule check
[2026-09-17T20:13:07.488+0200] {local_task_job_runner.py:245} INFO - ::endgroup::
[2026-09-17T20:13:41.029+0200] {local_task_job_runner.py:123} INFO - ::group::Pre task execution logs
[2026-09-17T20:13:41.032+0200] {taskinstance.py:2614} INFO - Dependencies all met for dep_context=non-requeueable deps ti=<TaskInstance: mini_riskagent_file_ingestion.wait_for_csv scheduled__2026-09-17T17:56:00+00:00 [queued]>
[2026-09-17T20:13:41.034+0200] {taskinstance.py:2614} INFO - Dependencies all met for dep_context=requeueable deps ti=<TaskInstance: mini_riskagent_file_ingestion.wait_for_csv scheduled__2026-09-17T17:56:00+00:00 [queued]>
[2026-09-17T20:13:41.034+0200] {taskinstance.py:2867} INFO - Starting attempt 1 of 2
[2026-09-17T20:13:41.037+0200] {taskinstance.py:2890} INFO - Executing <Task(PythonSensor): wait_for_csv> on 2026-09-17 17:56:00+00:00
[2026-09-17T20:13:41.041+0200] {standard_task_runner.py:104} INFO - Running: ['airflow', 'tasks', 'run', 'mini_riskagent_file_ingestion', 'wait_for_csv', 'scheduled__2026-09-17T17:56:00+00:00', '--job-id', '4033', '--raw', '--subdir', 'DAGS_FOLDER/data_ingest_pipeline.py', '--cfg-path', '/var/folders/5p/201rr1sj03g8gksxm9x48mbh0000gn/T/tmptnct5k4l']
[2026-09-17T20:13:41.042+0200] {logging_mixin.py:190} WARNING - /Users/swarnalidatta/Desktop/AutoQueryChatbot/.airflow-venv/lib/python3.12/site-packages/airflow/task/task_runner/standard_task_runner.py:70 DeprecationWarning: This process (pid=82697) is multi-threaded, use of fork() may lead to deadlocks in the child.
[2026-09-17T20:13:41.042+0200] {standard_task_runner.py:72} INFO - Started process 82700 to run task
[2026-09-17T20:13:41.042+0200] {standard_task_runner.py:105} INFO - Job 4033: Subtask wait_for_csv
[2026-09-17T20:13:41.056+0200] {task_command.py:467} INFO - Running <TaskInstance: mini_riskagent_file_ingestion.wait_for_csv scheduled__2026-09-17T17:56:00+00:00 [running]> on host mac.home
[2026-09-17T20:13:41.074+0200] {taskinstance.py:3134} INFO - Exporting env vars: AIRFLOW_CTX_DAG_OWNER='autoquery' AIRFLOW_CTX_DAG_ID='mini_riskagent_file_ingestion' AIRFLOW_CTX_TASK_ID='wait_for_csv' AIRFLOW_CTX_EXECUTION_DATE='2026-09-17T17:56:00+00:00' AIRFLOW_CTX_TRY_NUMBER='1' AIRFLOW_CTX_DAG_RUN_ID='scheduled__2026-09-17T17:56:00+00:00'
[2026-09-17T20:13:41.074+0200] {logging_mixin.py:190} INFO - Task instance is in running state
[2026-09-17T20:13:41.074+0200] {logging_mixin.py:190} INFO -  Previous state of the Task instance: queued
[2026-09-17T20:13:41.074+0200] {logging_mixin.py:190} INFO - Current task name:wait_for_csv state:running start_date:2026-09-17 18:13:41.032896+00:00
[2026-09-17T20:13:41.075+0200] {logging_mixin.py:190} INFO - Dag name:mini_riskagent_file_ingestion and current dag run status:running
[2026-09-17T20:13:41.075+0200] {taskinstance.py:732} INFO - ::endgroup::
[2026-09-17T20:13:41.076+0200] {python.py:75} INFO - Poking callable: <function check_for_csv_files at 0x108862b60>
[2026-09-17T20:13:41.079+0200] {taskinstance.py:310} INFO - Rescheduling task, marking task as UP_FOR_RESCHEDULE
[2026-09-17T20:13:41.080+0200] {taskinstance.py:341} INFO - ::group::Post task execution logs
[2026-09-17T20:13:41.098+0200] {local_task_job_runner.py:266} INFO - Task exited with return code 0
[2026-09-17T20:13:41.104+0200] {taskinstance.py:3901} INFO - 0 downstream tasks scheduled from follow-on schedule check
[2026-09-17T20:13:41.105+0200] {local_task_job_runner.py:245} INFO - ::endgroup::
[2026-09-17T20:14:13.852+0200] {local_task_job_runner.py:123} INFO - ::group::Pre task execution logs
[2026-09-17T20:14:13.855+0200] {taskinstance.py:2614} INFO - Dependencies all met for dep_context=non-requeueable deps ti=<TaskInstance: mini_riskagent_file_ingestion.wait_for_csv scheduled__2026-09-17T17:56:00+00:00 [queued]>
[2026-09-17T20:14:13.856+0200] {taskinstance.py:2614} INFO - Dependencies all met for dep_context=requeueable deps ti=<TaskInstance: mini_riskagent_file_ingestion.wait_for_csv scheduled__2026-09-17T17:56:00+00:00 [queued]>
[2026-09-17T20:14:13.856+0200] {taskinstance.py:2867} INFO - Starting attempt 1 of 2
[2026-09-17T20:14:13.859+0200] {taskinstance.py:2890} INFO - Executing <Task(PythonSensor): wait_for_csv> on 2026-09-17 17:56:00+00:00
[2026-09-17T20:14:13.864+0200] {logging_mixin.py:190} WARNING - /Users/swarnalidatta/Desktop/AutoQueryChatbot/.airflow-venv/lib/python3.12/site-packages/airflow/task/task_runner/standard_task_runner.py:70 DeprecationWarning: This process (pid=82809) is multi-threaded, use of fork() may lead to deadlocks in the child.
[2026-09-17T20:14:13.864+0200] {standard_task_runner.py:72} INFO - Started process 82811 to run task
[2026-09-17T20:14:13.863+0200] {standard_task_runner.py:104} INFO - Running: ['airflow', 'tasks', 'run', 'mini_riskagent_file_ingestion', 'wait_for_csv', 'scheduled__2026-09-17T17:56:00+00:00', '--job-id', '4049', '--raw', '--subdir', 'DAGS_FOLDER/data_ingest_pipeline.py', '--cfg-path', '/var/folders/5p/201rr1sj03g8gksxm9x48mbh0000gn/T/tmpk2baizlk']
[2026-09-17T20:14:13.864+0200] {standard_task_runner.py:105} INFO - Job 4049: Subtask wait_for_csv
[2026-09-17T20:14:13.879+0200] {task_command.py:467} INFO - Running <TaskInstance: mini_riskagent_file_ingestion.wait_for_csv scheduled__2026-09-17T17:56:00+00:00 [running]> on host mac.home
[2026-09-17T20:14:13.895+0200] {taskinstance.py:3134} INFO - Exporting env vars: AIRFLOW_CTX_DAG_OWNER='autoquery' AIRFLOW_CTX_DAG_ID='mini_riskagent_file_ingestion' AIRFLOW_CTX_TASK_ID='wait_for_csv' AIRFLOW_CTX_EXECUTION_DATE='2026-09-17T17:56:00+00:00' AIRFLOW_CTX_TRY_NUMBER='1' AIRFLOW_CTX_DAG_RUN_ID='scheduled__2026-09-17T17:56:00+00:00'
[2026-09-17T20:14:13.896+0200] {logging_mixin.py:190} INFO - Task instance is in running state
[2026-09-17T20:14:13.896+0200] {logging_mixin.py:190} INFO -  Previous state of the Task instance: queued
[2026-09-17T20:14:13.896+0200] {logging_mixin.py:190} INFO - Current task name:wait_for_csv state:running start_date:2026-09-17 18:14:13.855271+00:00
[2026-09-17T20:14:13.896+0200] {logging_mixin.py:190} INFO - Dag name:mini_riskagent_file_ingestion and current dag run status:running
[2026-09-17T20:14:13.896+0200] {taskinstance.py:732} INFO - ::endgroup::
[2026-09-17T20:14:13.898+0200] {python.py:75} INFO - Poking callable: <function check_for_csv_files at 0x10ceaeb60>
[2026-09-17T20:14:13.901+0200] {taskinstance.py:310} INFO - Rescheduling task, marking task as UP_FOR_RESCHEDULE
[2026-09-17T20:14:13.901+0200] {taskinstance.py:341} INFO - ::group::Post task execution logs
[2026-09-17T20:14:13.920+0200] {local_task_job_runner.py:266} INFO - Task exited with return code 0
[2026-09-17T20:14:13.926+0200] {taskinstance.py:3901} INFO - 0 downstream tasks scheduled from follow-on schedule check
[2026-09-17T20:14:13.926+0200] {local_task_job_runner.py:245} INFO - ::endgroup::
[2026-09-17T20:14:46.931+0200] {local_task_job_runner.py:123} INFO - ::group::Pre task execution logs
[2026-09-17T20:14:46.933+0200] {taskinstance.py:2614} INFO - Dependencies all met for dep_context=non-requeueable deps ti=<TaskInstance: mini_riskagent_file_ingestion.wait_for_csv scheduled__2026-09-17T17:56:00+00:00 [queued]>
[2026-09-17T20:14:46.935+0200] {taskinstance.py:2614} INFO - Dependencies all met for dep_context=requeueable deps ti=<TaskInstance: mini_riskagent_file_ingestion.wait_for_csv scheduled__2026-09-17T17:56:00+00:00 [queued]>
[2026-09-17T20:14:46.935+0200] {taskinstance.py:2867} INFO - Starting attempt 1 of 2
[2026-09-17T20:14:46.938+0200] {taskinstance.py:2890} INFO - Executing <Task(PythonSensor): wait_for_csv> on 2026-09-17 17:56:00+00:00
[2026-09-17T20:14:46.943+0200] {logging_mixin.py:190} WARNING - /Users/swarnalidatta/Desktop/AutoQueryChatbot/.airflow-venv/lib/python3.12/site-packages/airflow/task/task_runner/standard_task_runner.py:70 DeprecationWarning: This process (pid=82917) is multi-threaded, use of fork() may lead to deadlocks in the child.
[2026-09-17T20:14:46.943+0200] {standard_task_runner.py:72} INFO - Started process 82919 to run task
[2026-09-17T20:14:46.943+0200] {standard_task_runner.py:104} INFO - Running: ['airflow', 'tasks', 'run', 'mini_riskagent_file_ingestion', 'wait_for_csv', 'scheduled__2026-09-17T17:56:00+00:00', '--job-id', '4065', '--raw', '--subdir', 'DAGS_FOLDER/data_ingest_pipeline.py', '--cfg-path', '/var/folders/5p/201rr1sj03g8gksxm9x48mbh0000gn/T/tmph77h4i88']
[2026-09-17T20:14:46.944+0200] {standard_task_runner.py:105} INFO - Job 4065: Subtask wait_for_csv
[2026-09-17T20:14:46.958+0200] {task_command.py:467} INFO - Running <TaskInstance: mini_riskagent_file_ingestion.wait_for_csv scheduled__2026-09-17T17:56:00+00:00 [running]> on host mac.home
[2026-09-17T20:14:46.974+0200] {taskinstance.py:3134} INFO - Exporting env vars: AIRFLOW_CTX_DAG_OWNER='autoquery' AIRFLOW_CTX_DAG_ID='mini_riskagent_file_ingestion' AIRFLOW_CTX_TASK_ID='wait_for_csv' AIRFLOW_CTX_EXECUTION_DATE='2026-09-17T17:56:00+00:00' AIRFLOW_CTX_TRY_NUMBER='1' AIRFLOW_CTX_DAG_RUN_ID='scheduled__2026-09-17T17:56:00+00:00'
[2026-09-17T20:14:46.975+0200] {logging_mixin.py:190} INFO - Task instance is in running state
[2026-09-17T20:14:46.975+0200] {logging_mixin.py:190} INFO -  Previous state of the Task instance: queued
[2026-09-17T20:14:46.975+0200] {logging_mixin.py:190} INFO - Current task name:wait_for_csv state:running start_date:2026-09-17 18:14:46.933905+00:00
[2026-09-17T20:14:46.975+0200] {logging_mixin.py:190} INFO - Dag name:mini_riskagent_file_ingestion and current dag run status:running
[2026-09-17T20:14:46.975+0200] {taskinstance.py:732} INFO - ::endgroup::
[2026-09-17T20:14:46.977+0200] {python.py:75} INFO - Poking callable: <function check_for_csv_files at 0x10a91ab60>
[2026-09-17T20:14:46.980+0200] {taskinstance.py:310} INFO - Rescheduling task, marking task as UP_FOR_RESCHEDULE
[2026-09-17T20:14:46.980+0200] {taskinstance.py:341} INFO - ::group::Post task execution logs
[2026-09-17T20:14:46.999+0200] {local_task_job_runner.py:266} INFO - Task exited with return code 0
[2026-09-17T20:14:47.005+0200] {taskinstance.py:3901} INFO - 0 downstream tasks scheduled from follow-on schedule check
[2026-09-17T20:14:47.006+0200] {local_task_job_runner.py:245} INFO - ::endgroup::
[2026-09-17T20:15:19.455+0200] {local_task_job_runner.py:123} INFO - ::group::Pre task execution logs
[2026-09-17T20:15:19.458+0200] {taskinstance.py:2614} INFO - Dependencies all met for dep_context=non-requeueable deps ti=<TaskInstance: mini_riskagent_file_ingestion.wait_for_csv scheduled__2026-09-17T17:56:00+00:00 [queued]>
[2026-09-17T20:15:19.460+0200] {taskinstance.py:2614} INFO - Dependencies all met for dep_context=requeueable deps ti=<TaskInstance: mini_riskagent_file_ingestion.wait_for_csv scheduled__2026-09-17T17:56:00+00:00 [queued]>
[2026-09-17T20:15:19.460+0200] {taskinstance.py:2867} INFO - Starting attempt 1 of 2
[2026-09-17T20:15:19.463+0200] {taskinstance.py:2890} INFO - Executing <Task(PythonSensor): wait_for_csv> on 2026-09-17 17:56:00+00:00
[2026-09-17T20:15:19.468+0200] {logging_mixin.py:190} WARNING - /Users/swarnalidatta/Desktop/AutoQueryChatbot/.airflow-venv/lib/python3.12/site-packages/airflow/task/task_runner/standard_task_runner.py:70 DeprecationWarning: This process (pid=83033) is multi-threaded, use of fork() may lead to deadlocks in the child.
[2026-09-17T20:15:19.467+0200] {standard_task_runner.py:104} INFO - Running: ['airflow', 'tasks', 'run', 'mini_riskagent_file_ingestion', 'wait_for_csv', 'scheduled__2026-09-17T17:56:00+00:00', '--job-id', '4081', '--raw', '--subdir', 'DAGS_FOLDER/data_ingest_pipeline.py', '--cfg-path', '/var/folders/5p/201rr1sj03g8gksxm9x48mbh0000gn/T/tmp6ss1j0lc']
[2026-09-17T20:15:19.468+0200] {standard_task_runner.py:72} INFO - Started process 83039 to run task
[2026-09-17T20:15:19.468+0200] {standard_task_runner.py:105} INFO - Job 4081: Subtask wait_for_csv
[2026-09-17T20:15:19.482+0200] {task_command.py:467} INFO - Running <TaskInstance: mini_riskagent_file_ingestion.wait_for_csv scheduled__2026-09-17T17:56:00+00:00 [running]> on host mac.home
[2026-09-17T20:15:19.498+0200] {taskinstance.py:3134} INFO - Exporting env vars: AIRFLOW_CTX_DAG_OWNER='autoquery' AIRFLOW_CTX_DAG_ID='mini_riskagent_file_ingestion' AIRFLOW_CTX_TASK_ID='wait_for_csv' AIRFLOW_CTX_EXECUTION_DATE='2026-09-17T17:56:00+00:00' AIRFLOW_CTX_TRY_NUMBER='1' AIRFLOW_CTX_DAG_RUN_ID='scheduled__2026-09-17T17:56:00+00:00'
[2026-09-17T20:15:19.498+0200] {logging_mixin.py:190} INFO - Task instance is in running state
[2026-09-17T20:15:19.499+0200] {logging_mixin.py:190} INFO -  Previous state of the Task instance: queued
[2026-09-17T20:15:19.499+0200] {logging_mixin.py:190} INFO - Current task name:wait_for_csv state:running start_date:2026-09-17 18:15:19.458776+00:00
[2026-09-17T20:15:19.499+0200] {logging_mixin.py:190} INFO - Dag name:mini_riskagent_file_ingestion and current dag run status:running
[2026-09-17T20:15:19.499+0200] {taskinstance.py:732} INFO - ::endgroup::
[2026-09-17T20:15:19.500+0200] {python.py:75} INFO - Poking callable: <function check_for_csv_files at 0x10d516b60>
[2026-09-17T20:15:19.504+0200] {taskinstance.py:310} INFO - Rescheduling task, marking task as UP_FOR_RESCHEDULE
[2026-09-17T20:15:19.504+0200] {taskinstance.py:341} INFO - ::group::Post task execution logs
[2026-09-17T20:15:19.524+0200] {local_task_job_runner.py:266} INFO - Task exited with return code 0
[2026-09-17T20:15:19.531+0200] {taskinstance.py:3901} INFO - 0 downstream tasks scheduled from follow-on schedule check
[2026-09-17T20:15:19.531+0200] {local_task_job_runner.py:245} INFO - ::endgroup::
[2026-09-17T20:15:51.766+0200] {local_task_job_runner.py:123} INFO - ::group::Pre task execution logs
[2026-09-17T20:15:51.769+0200] {taskinstance.py:2614} INFO - Dependencies all met for dep_context=non-requeueable deps ti=<TaskInstance: mini_riskagent_file_ingestion.wait_for_csv scheduled__2026-09-17T17:56:00+00:00 [queued]>
[2026-09-17T20:15:51.770+0200] {taskinstance.py:2614} INFO - Dependencies all met for dep_context=requeueable deps ti=<TaskInstance: mini_riskagent_file_ingestion.wait_for_csv scheduled__2026-09-17T17:56:00+00:00 [queued]>
[2026-09-17T20:15:51.770+0200] {taskinstance.py:2867} INFO - Starting attempt 1 of 2
[2026-09-17T20:15:51.773+0200] {taskinstance.py:2890} INFO - Executing <Task(PythonSensor): wait_for_csv> on 2026-09-17 17:56:00+00:00
[2026-09-17T20:15:51.778+0200] {logging_mixin.py:190} WARNING - /Users/swarnalidatta/Desktop/AutoQueryChatbot/.airflow-venv/lib/python3.12/site-packages/airflow/task/task_runner/standard_task_runner.py:70 DeprecationWarning: This process (pid=83150) is multi-threaded, use of fork() may lead to deadlocks in the child.
[2026-09-17T20:15:51.777+0200] {standard_task_runner.py:104} INFO - Running: ['airflow', 'tasks', 'run', 'mini_riskagent_file_ingestion', 'wait_for_csv', 'scheduled__2026-09-17T17:56:00+00:00', '--job-id', '4097', '--raw', '--subdir', 'DAGS_FOLDER/data_ingest_pipeline.py', '--cfg-path', '/var/folders/5p/201rr1sj03g8gksxm9x48mbh0000gn/T/tmpzoqt_hnr']
[2026-09-17T20:15:51.778+0200] {standard_task_runner.py:72} INFO - Started process 83152 to run task
[2026-09-17T20:15:51.778+0200] {standard_task_runner.py:105} INFO - Job 4097: Subtask wait_for_csv
[2026-09-17T20:15:51.791+0200] {task_command.py:467} INFO - Running <TaskInstance: mini_riskagent_file_ingestion.wait_for_csv scheduled__2026-09-17T17:56:00+00:00 [running]> on host mac.home
[2026-09-17T20:15:51.808+0200] {taskinstance.py:3134} INFO - Exporting env vars: AIRFLOW_CTX_DAG_OWNER='autoquery' AIRFLOW_CTX_DAG_ID='mini_riskagent_file_ingestion' AIRFLOW_CTX_TASK_ID='wait_for_csv' AIRFLOW_CTX_EXECUTION_DATE='2026-09-17T17:56:00+00:00' AIRFLOW_CTX_TRY_NUMBER='1' AIRFLOW_CTX_DAG_RUN_ID='scheduled__2026-09-17T17:56:00+00:00'
[2026-09-17T20:15:51.808+0200] {logging_mixin.py:190} INFO - Task instance is in running state
[2026-09-17T20:15:51.808+0200] {logging_mixin.py:190} INFO -  Previous state of the Task instance: queued
[2026-09-17T20:15:51.809+0200] {logging_mixin.py:190} INFO - Current task name:wait_for_csv state:running start_date:2026-09-17 18:15:51.769310+00:00
[2026-09-17T20:15:51.809+0200] {logging_mixin.py:190} INFO - Dag name:mini_riskagent_file_ingestion and current dag run status:running
[2026-09-17T20:15:51.809+0200] {taskinstance.py:732} INFO - ::endgroup::
[2026-09-17T20:15:51.810+0200] {python.py:75} INFO - Poking callable: <function check_for_csv_files at 0x10b36eb60>
[2026-09-17T20:15:51.814+0200] {taskinstance.py:310} INFO - Rescheduling task, marking task as UP_FOR_RESCHEDULE
[2026-09-17T20:15:51.814+0200] {taskinstance.py:341} INFO - ::group::Post task execution logs
[2026-09-17T20:15:51.834+0200] {local_task_job_runner.py:266} INFO - Task exited with return code 0
[2026-09-17T20:15:51.840+0200] {taskinstance.py:3901} INFO - 0 downstream tasks scheduled from follow-on schedule check
[2026-09-17T20:15:51.840+0200] {local_task_job_runner.py:245} INFO - ::endgroup::
[2026-09-17T20:16:29.343+0200] {local_task_job_runner.py:123} INFO - ::group::Pre task execution logs
[2026-09-17T20:16:29.346+0200] {taskinstance.py:2614} INFO - Dependencies all met for dep_context=non-requeueable deps ti=<TaskInstance: mini_riskagent_file_ingestion.wait_for_csv scheduled__2026-09-17T17:56:00+00:00 [queued]>
[2026-09-17T20:16:29.347+0200] {taskinstance.py:2614} INFO - Dependencies all met for dep_context=requeueable deps ti=<TaskInstance: mini_riskagent_file_ingestion.wait_for_csv scheduled__2026-09-17T17:56:00+00:00 [queued]>
[2026-09-17T20:16:29.348+0200] {taskinstance.py:2867} INFO - Starting attempt 1 of 2
[2026-09-17T20:16:29.351+0200] {taskinstance.py:2890} INFO - Executing <Task(PythonSensor): wait_for_csv> on 2026-09-17 17:56:00+00:00
[2026-09-17T20:16:29.355+0200] {logging_mixin.py:190} WARNING - /Users/swarnalidatta/Desktop/AutoQueryChatbot/.airflow-venv/lib/python3.12/site-packages/airflow/task/task_runner/standard_task_runner.py:70 DeprecationWarning: This process (pid=83286) is multi-threaded, use of fork() may lead to deadlocks in the child.
[2026-09-17T20:16:29.355+0200] {standard_task_runner.py:72} INFO - Started process 83288 to run task
[2026-09-17T20:16:29.355+0200] {standard_task_runner.py:104} INFO - Running: ['airflow', 'tasks', 'run', 'mini_riskagent_file_ingestion', 'wait_for_csv', 'scheduled__2026-09-17T17:56:00+00:00', '--job-id', '4116', '--raw', '--subdir', 'DAGS_FOLDER/data_ingest_pipeline.py', '--cfg-path', '/var/folders/5p/201rr1sj03g8gksxm9x48mbh0000gn/T/tmp2139_8ki']
[2026-09-17T20:16:29.356+0200] {standard_task_runner.py:105} INFO - Job 4116: Subtask wait_for_csv
[2026-09-17T20:16:29.370+0200] {task_command.py:467} INFO - Running <TaskInstance: mini_riskagent_file_ingestion.wait_for_csv scheduled__2026-09-17T17:56:00+00:00 [running]> on host mac.home
[2026-09-17T20:16:29.386+0200] {taskinstance.py:3134} INFO - Exporting env vars: AIRFLOW_CTX_DAG_OWNER='autoquery' AIRFLOW_CTX_DAG_ID='mini_riskagent_file_ingestion' AIRFLOW_CTX_TASK_ID='wait_for_csv' AIRFLOW_CTX_EXECUTION_DATE='2026-09-17T17:56:00+00:00' AIRFLOW_CTX_TRY_NUMBER='1' AIRFLOW_CTX_DAG_RUN_ID='scheduled__2026-09-17T17:56:00+00:00'
[2026-09-17T20:16:29.386+0200] {logging_mixin.py:190} INFO - Task instance is in running state
[2026-09-17T20:16:29.387+0200] {logging_mixin.py:190} INFO -  Previous state of the Task instance: queued
[2026-09-17T20:16:29.387+0200] {logging_mixin.py:190} INFO - Current task name:wait_for_csv state:running start_date:2026-09-17 18:16:29.346565+00:00
[2026-09-17T20:16:29.387+0200] {logging_mixin.py:190} INFO - Dag name:mini_riskagent_file_ingestion and current dag run status:running
[2026-09-17T20:16:29.387+0200] {taskinstance.py:732} INFO - ::endgroup::
[2026-09-17T20:16:29.389+0200] {python.py:75} INFO - Poking callable: <function check_for_csv_files at 0x10d36eb60>
[2026-09-17T20:16:29.392+0200] {taskinstance.py:310} INFO - Rescheduling task, marking task as UP_FOR_RESCHEDULE
[2026-09-17T20:16:29.392+0200] {taskinstance.py:341} INFO - ::group::Post task execution logs
[2026-09-17T20:16:29.411+0200] {local_task_job_runner.py:266} INFO - Task exited with return code 0
[2026-09-17T20:16:29.418+0200] {taskinstance.py:3901} INFO - 0 downstream tasks scheduled from follow-on schedule check
[2026-09-17T20:16:29.418+0200] {local_task_job_runner.py:245} INFO - ::endgroup::
[2026-09-17T20:17:01.422+0200] {local_task_job_runner.py:123} INFO - ::group::Pre task execution logs
[2026-09-17T20:17:01.425+0200] {taskinstance.py:2614} INFO - Dependencies all met for dep_context=non-requeueable deps ti=<TaskInstance: mini_riskagent_file_ingestion.wait_for_csv scheduled__2026-09-17T17:56:00+00:00 [queued]>
[2026-09-17T20:17:01.426+0200] {taskinstance.py:2614} INFO - Dependencies all met for dep_context=requeueable deps ti=<TaskInstance: mini_riskagent_file_ingestion.wait_for_csv scheduled__2026-09-17T17:56:00+00:00 [queued]>
[2026-09-17T20:17:01.426+0200] {taskinstance.py:2867} INFO - Starting attempt 1 of 2
[2026-09-17T20:17:01.430+0200] {taskinstance.py:2890} INFO - Executing <Task(PythonSensor): wait_for_csv> on 2026-09-17 17:56:00+00:00
[2026-09-17T20:17:01.434+0200] {logging_mixin.py:190} WARNING - /Users/swarnalidatta/Desktop/AutoQueryChatbot/.airflow-venv/lib/python3.12/site-packages/airflow/task/task_runner/standard_task_runner.py:70 DeprecationWarning: This process (pid=83398) is multi-threaded, use of fork() may lead to deadlocks in the child.
[2026-09-17T20:17:01.434+0200] {standard_task_runner.py:72} INFO - Started process 83400 to run task
[2026-09-17T20:17:01.434+0200] {standard_task_runner.py:104} INFO - Running: ['airflow', 'tasks', 'run', 'mini_riskagent_file_ingestion', 'wait_for_csv', 'scheduled__2026-09-17T17:56:00+00:00', '--job-id', '4133', '--raw', '--subdir', 'DAGS_FOLDER/data_ingest_pipeline.py', '--cfg-path', '/var/folders/5p/201rr1sj03g8gksxm9x48mbh0000gn/T/tmp9dl23u56']
[2026-09-17T20:17:01.435+0200] {standard_task_runner.py:105} INFO - Job 4133: Subtask wait_for_csv
[2026-09-17T20:17:01.448+0200] {task_command.py:467} INFO - Running <TaskInstance: mini_riskagent_file_ingestion.wait_for_csv scheduled__2026-09-17T17:56:00+00:00 [running]> on host mac.home
[2026-09-17T20:17:01.464+0200] {taskinstance.py:3134} INFO - Exporting env vars: AIRFLOW_CTX_DAG_OWNER='autoquery' AIRFLOW_CTX_DAG_ID='mini_riskagent_file_ingestion' AIRFLOW_CTX_TASK_ID='wait_for_csv' AIRFLOW_CTX_EXECUTION_DATE='2026-09-17T17:56:00+00:00' AIRFLOW_CTX_TRY_NUMBER='1' AIRFLOW_CTX_DAG_RUN_ID='scheduled__2026-09-17T17:56:00+00:00'
[2026-09-17T20:17:01.465+0200] {logging_mixin.py:190} INFO - Task instance is in running state
[2026-09-17T20:17:01.465+0200] {logging_mixin.py:190} INFO -  Previous state of the Task instance: queued
[2026-09-17T20:17:01.465+0200] {logging_mixin.py:190} INFO - Current task name:wait_for_csv state:running start_date:2026-09-17 18:17:01.425450+00:00
[2026-09-17T20:17:01.465+0200] {logging_mixin.py:190} INFO - Dag name:mini_riskagent_file_ingestion and current dag run status:running
[2026-09-17T20:17:01.465+0200] {taskinstance.py:732} INFO - ::endgroup::
[2026-09-17T20:17:01.467+0200] {python.py:75} INFO - Poking callable: <function check_for_csv_files at 0x10d176b60>
[2026-09-17T20:17:01.470+0200] {taskinstance.py:310} INFO - Rescheduling task, marking task as UP_FOR_RESCHEDULE
[2026-09-17T20:17:01.470+0200] {taskinstance.py:341} INFO - ::group::Post task execution logs
[2026-09-17T20:17:01.489+0200] {local_task_job_runner.py:266} INFO - Task exited with return code 0
[2026-09-17T20:17:01.496+0200] {taskinstance.py:3901} INFO - 0 downstream tasks scheduled from follow-on schedule check
[2026-09-17T20:17:01.496+0200] {local_task_job_runner.py:245} INFO - ::endgroup::
[2026-09-17T20:17:34.053+0200] {local_task_job_runner.py:123} INFO - ::group::Pre task execution logs
[2026-09-17T20:17:34.056+0200] {taskinstance.py:2614} INFO - Dependencies all met for dep_context=non-requeueable deps ti=<TaskInstance: mini_riskagent_file_ingestion.wait_for_csv scheduled__2026-09-17T17:56:00+00:00 [queued]>
[2026-09-17T20:17:34.058+0200] {taskinstance.py:2614} INFO - Dependencies all met for dep_context=requeueable deps ti=<TaskInstance: mini_riskagent_file_ingestion.wait_for_csv scheduled__2026-09-17T17:56:00+00:00 [queued]>
[2026-09-17T20:17:34.058+0200] {taskinstance.py:2867} INFO - Starting attempt 1 of 2
[2026-09-17T20:17:34.061+0200] {taskinstance.py:2890} INFO - Executing <Task(PythonSensor): wait_for_csv> on 2026-09-17 17:56:00+00:00
[2026-09-17T20:17:34.066+0200] {logging_mixin.py:190} WARNING - /Users/swarnalidatta/Desktop/AutoQueryChatbot/.airflow-venv/lib/python3.12/site-packages/airflow/task/task_runner/standard_task_runner.py:70 DeprecationWarning: This process (pid=83504) is multi-threaded, use of fork() may lead to deadlocks in the child.
[2026-09-17T20:17:34.065+0200] {standard_task_runner.py:104} INFO - Running: ['airflow', 'tasks', 'run', 'mini_riskagent_file_ingestion', 'wait_for_csv', 'scheduled__2026-09-17T17:56:00+00:00', '--job-id', '4149', '--raw', '--subdir', 'DAGS_FOLDER/data_ingest_pipeline.py', '--cfg-path', '/var/folders/5p/201rr1sj03g8gksxm9x48mbh0000gn/T/tmp0kqwloby']
[2026-09-17T20:17:34.066+0200] {standard_task_runner.py:72} INFO - Started process 83507 to run task
[2026-09-17T20:17:34.066+0200] {standard_task_runner.py:105} INFO - Job 4149: Subtask wait_for_csv
[2026-09-17T20:17:34.080+0200] {task_command.py:467} INFO - Running <TaskInstance: mini_riskagent_file_ingestion.wait_for_csv scheduled__2026-09-17T17:56:00+00:00 [running]> on host mac.home
[2026-09-17T20:17:34.097+0200] {taskinstance.py:3134} INFO - Exporting env vars: AIRFLOW_CTX_DAG_OWNER='autoquery' AIRFLOW_CTX_DAG_ID='mini_riskagent_file_ingestion' AIRFLOW_CTX_TASK_ID='wait_for_csv' AIRFLOW_CTX_EXECUTION_DATE='2026-09-17T17:56:00+00:00' AIRFLOW_CTX_TRY_NUMBER='1' AIRFLOW_CTX_DAG_RUN_ID='scheduled__2026-09-17T17:56:00+00:00'
[2026-09-17T20:17:34.097+0200] {logging_mixin.py:190} INFO - Task instance is in running state
[2026-09-17T20:17:34.098+0200] {logging_mixin.py:190} INFO -  Previous state of the Task instance: queued
[2026-09-17T20:17:34.098+0200] {logging_mixin.py:190} INFO - Current task name:wait_for_csv state:running start_date:2026-09-17 18:17:34.056603+00:00
[2026-09-17T20:17:34.098+0200] {logging_mixin.py:190} INFO - Dag name:mini_riskagent_file_ingestion and current dag run status:running
[2026-09-17T20:17:34.098+0200] {taskinstance.py:732} INFO - ::endgroup::
[2026-09-17T20:17:34.100+0200] {python.py:75} INFO - Poking callable: <function check_for_csv_files at 0x10b276b60>
[2026-09-17T20:17:34.103+0200] {taskinstance.py:310} INFO - Rescheduling task, marking task as UP_FOR_RESCHEDULE
[2026-09-17T20:17:34.103+0200] {taskinstance.py:341} INFO - ::group::Post task execution logs
[2026-09-17T20:17:34.121+0200] {local_task_job_runner.py:266} INFO - Task exited with return code 0
[2026-09-17T20:17:34.128+0200] {taskinstance.py:3901} INFO - 0 downstream tasks scheduled from follow-on schedule check
[2026-09-17T20:17:34.128+0200] {local_task_job_runner.py:245} INFO - ::endgroup::
[2026-09-17T20:18:06.635+0200] {local_task_job_runner.py:123} INFO - ::group::Pre task execution logs
[2026-09-17T20:18:06.638+0200] {taskinstance.py:2614} INFO - Dependencies all met for dep_context=non-requeueable deps ti=<TaskInstance: mini_riskagent_file_ingestion.wait_for_csv scheduled__2026-09-17T17:56:00+00:00 [queued]>
[2026-09-17T20:18:06.639+0200] {taskinstance.py:2614} INFO - Dependencies all met for dep_context=requeueable deps ti=<TaskInstance: mini_riskagent_file_ingestion.wait_for_csv scheduled__2026-09-17T17:56:00+00:00 [queued]>
[2026-09-17T20:18:06.639+0200] {taskinstance.py:2867} INFO - Starting attempt 1 of 2
[2026-09-17T20:18:06.642+0200] {taskinstance.py:2890} INFO - Executing <Task(PythonSensor): wait_for_csv> on 2026-09-17 17:56:00+00:00
[2026-09-17T20:18:06.646+0200] {standard_task_runner.py:104} INFO - Running: ['airflow', 'tasks', 'run', 'mini_riskagent_file_ingestion', 'wait_for_csv', 'scheduled__2026-09-17T17:56:00+00:00', '--job-id', '4165', '--raw', '--subdir', 'DAGS_FOLDER/data_ingest_pipeline.py', '--cfg-path', '/var/folders/5p/201rr1sj03g8gksxm9x48mbh0000gn/T/tmph6xiw5pb']
[2026-09-17T20:18:06.647+0200] {logging_mixin.py:190} WARNING - /Users/swarnalidatta/Desktop/AutoQueryChatbot/.airflow-venv/lib/python3.12/site-packages/airflow/task/task_runner/standard_task_runner.py:70 DeprecationWarning: This process (pid=83617) is multi-threaded, use of fork() may lead to deadlocks in the child.
[2026-09-17T20:18:06.647+0200] {standard_task_runner.py:72} INFO - Started process 83623 to run task
[2026-09-17T20:18:06.647+0200] {standard_task_runner.py:105} INFO - Job 4165: Subtask wait_for_csv
[2026-09-17T20:18:06.662+0200] {task_command.py:467} INFO - Running <TaskInstance: mini_riskagent_file_ingestion.wait_for_csv scheduled__2026-09-17T17:56:00+00:00 [running]> on host mac.home
[2026-09-17T20:18:06.678+0200] {taskinstance.py:3134} INFO - Exporting env vars: AIRFLOW_CTX_DAG_OWNER='autoquery' AIRFLOW_CTX_DAG_ID='mini_riskagent_file_ingestion' AIRFLOW_CTX_TASK_ID='wait_for_csv' AIRFLOW_CTX_EXECUTION_DATE='2026-09-17T17:56:00+00:00' AIRFLOW_CTX_TRY_NUMBER='1' AIRFLOW_CTX_DAG_RUN_ID='scheduled__2026-09-17T17:56:00+00:00'
[2026-09-17T20:18:06.678+0200] {logging_mixin.py:190} INFO - Task instance is in running state
[2026-09-17T20:18:06.679+0200] {logging_mixin.py:190} INFO -  Previous state of the Task instance: queued
[2026-09-17T20:18:06.679+0200] {logging_mixin.py:190} INFO - Current task name:wait_for_csv state:running start_date:2026-09-17 18:18:06.638307+00:00
[2026-09-17T20:18:06.679+0200] {logging_mixin.py:190} INFO - Dag name:mini_riskagent_file_ingestion and current dag run status:running
[2026-09-17T20:18:06.679+0200] {taskinstance.py:732} INFO - ::endgroup::
[2026-09-17T20:18:06.681+0200] {python.py:75} INFO - Poking callable: <function check_for_csv_files at 0x10d0deb60>
[2026-09-17T20:18:06.684+0200] {taskinstance.py:310} INFO - Rescheduling task, marking task as UP_FOR_RESCHEDULE
[2026-09-17T20:18:06.684+0200] {taskinstance.py:341} INFO - ::group::Post task execution logs
[2026-09-17T20:18:06.703+0200] {local_task_job_runner.py:266} INFO - Task exited with return code 0
[2026-09-17T20:18:06.710+0200] {taskinstance.py:3901} INFO - 0 downstream tasks scheduled from follow-on schedule check
[2026-09-17T20:18:06.710+0200] {local_task_job_runner.py:245} INFO - ::endgroup::
[2026-09-17T20:18:39.133+0200] {local_task_job_runner.py:123} INFO - ::group::Pre task execution logs
[2026-09-17T20:18:39.135+0200] {taskinstance.py:2614} INFO - Dependencies all met for dep_context=non-requeueable deps ti=<TaskInstance: mini_riskagent_file_ingestion.wait_for_csv scheduled__2026-09-17T17:56:00+00:00 [queued]>
[2026-09-17T20:18:39.137+0200] {taskinstance.py:2614} INFO - Dependencies all met for dep_context=requeueable deps ti=<TaskInstance: mini_riskagent_file_ingestion.wait_for_csv scheduled__2026-09-17T17:56:00+00:00 [queued]>
[2026-09-17T20:18:39.137+0200] {taskinstance.py:2867} INFO - Starting attempt 1 of 2
[2026-09-17T20:18:39.140+0200] {taskinstance.py:2890} INFO - Executing <Task(PythonSensor): wait_for_csv> on 2026-09-17 17:56:00+00:00
[2026-09-17T20:18:39.144+0200] {logging_mixin.py:190} WARNING - /Users/swarnalidatta/Desktop/AutoQueryChatbot/.airflow-venv/lib/python3.12/site-packages/airflow/task/task_runner/standard_task_runner.py:70 DeprecationWarning: This process (pid=83741) is multi-threaded, use of fork() may lead to deadlocks in the child.
[2026-09-17T20:18:39.144+0200] {standard_task_runner.py:104} INFO - Running: ['airflow', 'tasks', 'run', 'mini_riskagent_file_ingestion', 'wait_for_csv', 'scheduled__2026-09-17T17:56:00+00:00', '--job-id', '4181', '--raw', '--subdir', 'DAGS_FOLDER/data_ingest_pipeline.py', '--cfg-path', '/var/folders/5p/201rr1sj03g8gksxm9x48mbh0000gn/T/tmph9fh5bqf']
[2026-09-17T20:18:39.145+0200] {standard_task_runner.py:72} INFO - Started process 83743 to run task
[2026-09-17T20:18:39.145+0200] {standard_task_runner.py:105} INFO - Job 4181: Subtask wait_for_csv
[2026-09-17T20:18:39.159+0200] {task_command.py:467} INFO - Running <TaskInstance: mini_riskagent_file_ingestion.wait_for_csv scheduled__2026-09-17T17:56:00+00:00 [running]> on host mac.home
[2026-09-17T20:18:39.175+0200] {taskinstance.py:3134} INFO - Exporting env vars: AIRFLOW_CTX_DAG_OWNER='autoquery' AIRFLOW_CTX_DAG_ID='mini_riskagent_file_ingestion' AIRFLOW_CTX_TASK_ID='wait_for_csv' AIRFLOW_CTX_EXECUTION_DATE='2026-09-17T17:56:00+00:00' AIRFLOW_CTX_TRY_NUMBER='1' AIRFLOW_CTX_DAG_RUN_ID='scheduled__2026-09-17T17:56:00+00:00'
[2026-09-17T20:18:39.176+0200] {logging_mixin.py:190} INFO - Task instance is in running state
[2026-09-17T20:18:39.176+0200] {logging_mixin.py:190} INFO -  Previous state of the Task instance: queued
[2026-09-17T20:18:39.176+0200] {logging_mixin.py:190} INFO - Current task name:wait_for_csv state:running start_date:2026-09-17 18:18:39.135890+00:00
[2026-09-17T20:18:39.176+0200] {logging_mixin.py:190} INFO - Dag name:mini_riskagent_file_ingestion and current dag run status:running
[2026-09-17T20:18:39.176+0200] {taskinstance.py:732} INFO - ::endgroup::
[2026-09-17T20:18:39.178+0200] {python.py:75} INFO - Poking callable: <function check_for_csv_files at 0x10d3eab60>
[2026-09-17T20:18:39.181+0200] {taskinstance.py:310} INFO - Rescheduling task, marking task as UP_FOR_RESCHEDULE
[2026-09-17T20:18:39.181+0200] {taskinstance.py:341} INFO - ::group::Post task execution logs
[2026-09-17T20:18:39.200+0200] {local_task_job_runner.py:266} INFO - Task exited with return code 0
[2026-09-17T20:18:39.207+0200] {taskinstance.py:3901} INFO - 0 downstream tasks scheduled from follow-on schedule check
[2026-09-17T20:18:39.207+0200] {local_task_job_runner.py:245} INFO - ::endgroup::
[2026-09-17T20:19:12.556+0200] {local_task_job_runner.py:123} INFO - ::group::Pre task execution logs
[2026-09-17T20:19:12.559+0200] {taskinstance.py:2614} INFO - Dependencies all met for dep_context=non-requeueable deps ti=<TaskInstance: mini_riskagent_file_ingestion.wait_for_csv scheduled__2026-09-17T17:56:00+00:00 [queued]>
[2026-09-17T20:19:12.560+0200] {taskinstance.py:2614} INFO - Dependencies all met for dep_context=requeueable deps ti=<TaskInstance: mini_riskagent_file_ingestion.wait_for_csv scheduled__2026-09-17T17:56:00+00:00 [queued]>
[2026-09-17T20:19:12.560+0200] {taskinstance.py:2867} INFO - Starting attempt 1 of 2
[2026-09-17T20:19:12.564+0200] {taskinstance.py:2890} INFO - Executing <Task(PythonSensor): wait_for_csv> on 2026-09-17 17:56:00+00:00
[2026-09-17T20:19:12.568+0200] {logging_mixin.py:190} WARNING - /Users/swarnalidatta/Desktop/AutoQueryChatbot/.airflow-venv/lib/python3.12/site-packages/airflow/task/task_runner/standard_task_runner.py:70 DeprecationWarning: This process (pid=83864) is multi-threaded, use of fork() may lead to deadlocks in the child.
[2026-09-17T20:19:12.568+0200] {standard_task_runner.py:72} INFO - Started process 83870 to run task
[2026-09-17T20:19:12.568+0200] {standard_task_runner.py:104} INFO - Running: ['airflow', 'tasks', 'run', 'mini_riskagent_file_ingestion', 'wait_for_csv', 'scheduled__2026-09-17T17:56:00+00:00', '--job-id', '4201', '--raw', '--subdir', 'DAGS_FOLDER/data_ingest_pipeline.py', '--cfg-path', '/var/folders/5p/201rr1sj03g8gksxm9x48mbh0000gn/T/tmpgar5_u57']
[2026-09-17T20:19:12.569+0200] {standard_task_runner.py:105} INFO - Job 4201: Subtask wait_for_csv
[2026-09-17T20:19:12.583+0200] {task_command.py:467} INFO - Running <TaskInstance: mini_riskagent_file_ingestion.wait_for_csv scheduled__2026-09-17T17:56:00+00:00 [running]> on host mac.home
[2026-09-17T20:19:12.599+0200] {taskinstance.py:3134} INFO - Exporting env vars: AIRFLOW_CTX_DAG_OWNER='autoquery' AIRFLOW_CTX_DAG_ID='mini_riskagent_file_ingestion' AIRFLOW_CTX_TASK_ID='wait_for_csv' AIRFLOW_CTX_EXECUTION_DATE='2026-09-17T17:56:00+00:00' AIRFLOW_CTX_TRY_NUMBER='1' AIRFLOW_CTX_DAG_RUN_ID='scheduled__2026-09-17T17:56:00+00:00'
[2026-09-17T20:19:12.599+0200] {logging_mixin.py:190} INFO - Task instance is in running state
[2026-09-17T20:19:12.600+0200] {logging_mixin.py:190} INFO -  Previous state of the Task instance: queued
[2026-09-17T20:19:12.600+0200] {logging_mixin.py:190} INFO - Current task name:wait_for_csv state:running start_date:2026-09-17 18:19:12.559493+00:00
[2026-09-17T20:19:12.600+0200] {logging_mixin.py:190} INFO - Dag name:mini_riskagent_file_ingestion and current dag run status:running
[2026-09-17T20:19:12.600+0200] {taskinstance.py:732} INFO - ::endgroup::
[2026-09-17T20:19:12.602+0200] {python.py:75} INFO - Poking callable: <function check_for_csv_files at 0x131026b60>
[2026-09-17T20:19:12.602+0200] {base.py:339} INFO - Success criteria met. Exiting.
[2026-09-17T20:19:12.603+0200] {taskinstance.py:341} INFO - ::group::Post task execution logs
[2026-09-17T20:19:12.604+0200] {taskinstance.py:353} INFO - Marking task as SUCCESS. dag_id=mini_riskagent_file_ingestion, task_id=wait_for_csv, run_id=scheduled__2026-09-17T17:56:00+00:00, execution_date=20260917T175600, start_date=20260917T181912, end_date=20260917T181912
[2026-09-17T20:19:12.607+0200] {logging_mixin.py:190} INFO - Task instance in success state
[2026-09-17T20:19:12.607+0200] {logging_mixin.py:190} INFO -  Previous state of the Task instance: running
[2026-09-17T20:19:12.607+0200] {logging_mixin.py:190} INFO - Dag name:mini_riskagent_file_ingestion queued_at:2026-09-17 18:05:01.416658+00:00
[2026-09-17T20:19:12.608+0200] {logging_mixin.py:190} INFO - Task hostname:mac.home operator:PythonSensor
[2026-09-17T20:19:12.624+0200] {local_task_job_runner.py:266} INFO - Task exited with return code 0
[2026-09-17T20:19:12.632+0200] {taskinstance.py:3901} INFO - 1 downstream tasks scheduled from follow-on schedule check
[2026-09-17T20:19:12.632+0200] {local_task_job_runner.py:245} INFO - ::endgroup::
