[2026-09-20T05:15:25.946+0200] {processor.py:186} INFO - Started process (PID=5968) to work on /Users/swarnalidatta/Desktop/AutoQueryChatbot/.airflow-venv/lib/python3.12/site-packages/airflow/example_dags/example_branch_labels.py
[2026-09-20T05:15:25.947+0200] {processor.py:914} INFO - Processing file /Users/swarnalidatta/Desktop/AutoQueryChatbot/.airflow-venv/lib/python3.12/site-packages/airflow/example_dags/example_branch_labels.py for tasks to queue
[2026-09-20T05:15:25.947+0200] {logging_mixin.py:190} INFO - [2026-09-20T05:15:25.947+0200] {dagbag.py:588} INFO - Filling up the DagBag from /Users/swarnalidatta/Desktop/AutoQueryChatbot/.airflow-venv/lib/python3.12/site-packages/airflow/example_dags/example_branch_labels.py
[2026-09-20T05:15:25.950+0200] {processor.py:925} INFO - DAG(s) 'example_branch_labels' retrieved from /Users/swarnalidatta/Desktop/AutoQueryChatbot/.airflow-venv/lib/python3.12/site-packages/airflow/example_dags/example_branch_labels.py
[2026-09-20T05:15:25.975+0200] {logging_mixin.py:190} INFO - [2026-09-20T05:15:25.975+0200] {dag.py:3239} INFO - Sync 1 DAGs
[2026-09-20T05:15:25.980+0200] {logging_mixin.py:190} INFO - [2026-09-20T05:15:25.980+0200] {dag.py:4180} INFO - Setting next_dagrun for example_branch_labels to 2026-09-19 00:00:00+00:00, run_after=2026-09-20 00:00:00+00:00
[2026-09-20T05:15:25.985+0200] {processor.py:208} INFO - Processing /Users/swarnalidatta/Desktop/AutoQueryChatbot/.airflow-venv/lib/python3.12/site-packages/airflow/example_dags/example_branch_labels.py took 0.040 seconds
[2026-09-20T09:03:07.202+0200] {processor.py:186} INFO - Started process (PID=6271) to work on /Users/swarnalidatta/Desktop/AutoQueryChatbot/.airflow-venv/lib/python3.12/site-packages/airflow/example_dags/example_branch_labels.py
[2026-09-20T09:03:07.203+0200] {processor.py:914} INFO - Processing file /Users/swarnalidatta/Desktop/AutoQueryChatbot/.airflow-venv/lib/python3.12/site-packages/airflow/example_dags/example_branch_labels.py for tasks to queue
[2026-09-20T09:03:07.204+0200] {logging_mixin.py:190} INFO - [2026-09-20T09:03:07.204+0200] {dagbag.py:588} INFO - Filling up the DagBag from /Users/swarnalidatta/Desktop/AutoQueryChatbot/.airflow-venv/lib/python3.12/site-packages/airflow/example_dags/example_branch_labels.py
[2026-09-20T09:03:07.209+0200] {processor.py:925} INFO - DAG(s) 'example_branch_labels' retrieved from /Users/swarnalidatta/Desktop/AutoQueryChatbot/.airflow-venv/lib/python3.12/site-packages/airflow/example_dags/example_branch_labels.py
[2026-09-20T09:03:07.264+0200] {logging_mixin.py:190} INFO - [2026-09-20T09:03:07.263+0200] {dag.py:3239} INFO - Sync 1 DAGs
[2026-09-20T09:03:07.273+0200] {logging_mixin.py:190} INFO - [2026-09-20T09:03:07.273+0200] {dag.py:4180} INFO - Setting next_dagrun for example_branch_labels to 2026-09-19 00:00:00+00:00, run_after=2026-09-20 00:00:00+00:00
[2026-09-20T09:03:07.283+0200] {processor.py:208} INFO - Processing /Users/swarnalidatta/Desktop/AutoQueryChatbot/.airflow-venv/lib/python3.12/site-packages/airflow/example_dags/example_branch_labels.py took 0.083 seconds
[2026-09-20T14:40:12.589+0200] {processor.py:186} INFO - Started process (PID=6805) to work on /Users/swarnalidatta/Desktop/AutoQueryChatbot/.airflow-venv/lib/python3.12/site-packages/airflow/example_dags/example_branch_labels.py
[2026-09-20T14:40:12.590+0200] {processor.py:914} INFO - Processing file /Users/swarnalidatta/Desktop/AutoQueryChatbot/.airflow-venv/lib/python3.12/site-packages/airflow/example_dags/example_branch_labels.py for tasks to queue
[2026-09-20T14:40:12.590+0200] {logging_mixin.py:190} INFO - [2026-09-20T14:40:12.590+0200] {dagbag.py:588} INFO - Filling up the DagBag from /Users/swarnalidatta/Desktop/AutoQueryChatbot/.airflow-venv/lib/python3.12/site-packages/airflow/example_dags/example_branch_labels.py
[2026-09-20T14:40:12.593+0200] {processor.py:925} INFO - DAG(s) 'example_branch_labels' retrieved from /Users/swarnalidatta/Desktop/AutoQueryChatbot/.airflow-venv/lib/python3.12/site-packages/airflow/example_dags/example_branch_labels.py
[2026-09-20T14:40:12.618+0200] {logging_mixin.py:190} INFO - [2026-09-20T14:40:12.618+0200] {dag.py:3239} INFO - Sync 1 DAGs
[2026-09-20T14:40:12.623+0200] {logging_mixin.py:190} INFO - [2026-09-20T14:40:12.623+0200] {dag.py:4180} INFO - Setting next_dagrun for example_branch_labels to 2026-09-19 00:00:00+00:00, run_after=2026-09-20 00:00:00+00:00
[2026-09-20T14:40:12.628+0200] {processor.py:208} INFO - Processing /Users/swarnalidatta/Desktop/AutoQueryChatbot/.airflow-venv/lib/python3.12/site-packages/airflow/example_dags/example_branch_labels.py took 0.040 seconds
[2026-09-20T17:26:05.386+0200] {processor.py:186} INFO - Started process (PID=7099) to work on /Users/swarnalidatta/Desktop/AutoQueryChatbot/.airflow-venv/lib/python3.12/site-packages/airflow/example_dags/example_branch_labels.py
[2026-09-20T17:26:05.387+0200] {processor.py:914} INFO - Processing file /Users/swarnalidatta/Desktop/AutoQueryChatbot/.airflow-venv/lib/python3.12/site-packages/airflow/example_dags/example_branch_labels.py for tasks to queue
[2026-09-20T17:26:05.387+0200] {logging_mixin.py:190} INFO - [2026-09-20T17:26:05.387+0200] {dagbag.py:588} INFO - Filling up the DagBag from /Users/swarnalidatta/Desktop/AutoQueryChatbot/.airflow-venv/lib/python3.12/site-packages/airflow/example_dags/example_branch_labels.py
[2026-09-20T17:26:05.390+0200] {processor.py:925} INFO - DAG(s) 'example_branch_labels' retrieved from /Users/swarnalidatta/Desktop/AutoQueryChatbot/.airflow-venv/lib/python3.12/site-packages/airflow/example_dags/example_branch_labels.py
[2026-09-20T17:26:05.416+0200] {logging_mixin.py:190} INFO - [2026-09-20T17:26:05.415+0200] {dag.py:3239} INFO - Sync 1 DAGs
[2026-09-20T17:26:05.420+0200] {logging_mixin.py:190} INFO - [2026-09-20T17:26:05.420+0200] {dag.py:4180} INFO - Setting next_dagrun for example_branch_labels to 2026-09-19 00:00:00+00:00, run_after=2026-09-20 00:00:00+00:00
[2026-09-20T17:26:05.425+0200] {processor.py:208} INFO - Processing /Users/swarnalidatta/Desktop/AutoQueryChatbot/.airflow-venv/lib/python3.12/site-packages/airflow/example_dags/example_branch_labels.py took 0.040 seconds
[2026-09-20T21:30:46.460+0200] {processor.py:186} INFO - Started process (PID=7405) to work on /Users/swarnalidatta/Desktop/AutoQueryChatbot/.airflow-venv/lib/python3.12/site-packages/airflow/example_dags/example_branch_labels.py
[2026-09-20T21:30:46.460+0200] {processor.py:914} INFO - Processing file /Users/swarnalidatta/Desktop/AutoQueryChatbot/.airflow-venv/lib/python3.12/site-packages/airflow/example_dags/example_branch_labels.py for tasks to queue
[2026-09-20T21:30:46.461+0200] {logging_mixin.py:190} INFO - [2026-09-20T21:30:46.460+0200] {dagbag.py:588} INFO - Filling up the DagBag from /Users/swarnalidatta/Desktop/AutoQueryChatbot/.airflow-venv/lib/python3.12/site-packages/airflow/example_dags/example_branch_labels.py
[2026-09-20T21:30:46.464+0200] {processor.py:925} INFO - DAG(s) 'example_branch_labels' retrieved from /Users/swarnalidatta/Desktop/AutoQueryChatbot/.airflow-venv/lib/python3.12/site-packages/airflow/example_dags/example_branch_labels.py
[2026-09-20T21:30:46.502+0200] {logging_mixin.py:190} INFO - [2026-09-20T21:30:46.502+0200] {dag.py:3239} INFO - Sync 1 DAGs
[2026-09-20T21:30:46.509+0200] {logging_mixin.py:190} INFO - [2026-09-20T21:30:46.509+0200] {dag.py:4180} INFO - Setting next_dagrun for example_branch_labels to 2026-09-19 00:00:00+00:00, run_after=2026-09-20 00:00:00+00:00
[2026-09-20T21:30:46.515+0200] {processor.py:208} INFO - Processing /Users/swarnalidatta/Desktop/AutoQueryChatbot/.airflow-venv/lib/python3.12/site-packages/airflow/example_dags/example_branch_labels.py took 0.057 seconds
