[2026-09-20T04:58:43.080+0200] {processor.py:186} INFO - Started process (PID=5947) to work on /Users/swarnalidatta/Desktop/AutoQueryChatbot/.airflow-venv/lib/python3.12/site-packages/airflow/example_dags/example_complex.py
[2026-09-20T04:58:43.080+0200] {processor.py:914} INFO - Processing file /Users/swarnalidatta/Desktop/AutoQueryChatbot/.airflow-venv/lib/python3.12/site-packages/airflow/example_dags/example_complex.py for tasks to queue
[2026-09-20T04:58:43.080+0200] {logging_mixin.py:190} INFO - [2026-09-20T04:58:43.080+0200] {dagbag.py:588} INFO - Filling up the DagBag from /Users/swarnalidatta/Desktop/AutoQueryChatbot/.airflow-venv/lib/python3.12/site-packages/airflow/example_dags/example_complex.py
[2026-09-20T04:58:43.084+0200] {processor.py:925} INFO - DAG(s) 'example_complex' retrieved from /Users/swarnalidatta/Desktop/AutoQueryChatbot/.airflow-venv/lib/python3.12/site-packages/airflow/example_dags/example_complex.py
[2026-09-20T04:58:43.114+0200] {logging_mixin.py:190} INFO - [2026-09-20T04:58:43.113+0200] {dag.py:3239} INFO - Sync 1 DAGs
[2026-09-20T04:58:43.116+0200] {logging_mixin.py:190} INFO - [2026-09-20T04:58:43.116+0200] {dag.py:4180} INFO - Setting next_dagrun for example_complex to None, run_after=None
[2026-09-20T04:58:43.122+0200] {processor.py:208} INFO - Processing /Users/swarnalidatta/Desktop/AutoQueryChatbot/.airflow-venv/lib/python3.12/site-packages/airflow/example_dags/example_complex.py took 0.043 seconds
[2026-09-20T08:51:30.845+0200] {processor.py:186} INFO - Started process (PID=6247) to work on /Users/swarnalidatta/Desktop/AutoQueryChatbot/.airflow-venv/lib/python3.12/site-packages/airflow/example_dags/example_complex.py
[2026-09-20T08:51:30.845+0200] {processor.py:914} INFO - Processing file /Users/swarnalidatta/Desktop/AutoQueryChatbot/.airflow-venv/lib/python3.12/site-packages/airflow/example_dags/example_complex.py for tasks to queue
[2026-09-20T08:51:30.846+0200] {logging_mixin.py:190} INFO - [2026-09-20T08:51:30.846+0200] {dagbag.py:588} INFO - Filling up the DagBag from /Users/swarnalidatta/Desktop/AutoQueryChatbot/.airflow-venv/lib/python3.12/site-packages/airflow/example_dags/example_complex.py
[2026-09-20T08:51:30.849+0200] {processor.py:925} INFO - DAG(s) 'example_complex' retrieved from /Users/swarnalidatta/Desktop/AutoQueryChatbot/.airflow-venv/lib/python3.12/site-packages/airflow/example_dags/example_complex.py
[2026-09-20T08:51:30.879+0200] {logging_mixin.py:190} INFO - [2026-09-20T08:51:30.879+0200] {dag.py:3239} INFO - Sync 1 DAGs
[2026-09-20T08:51:30.881+0200] {logging_mixin.py:190} INFO - [2026-09-20T08:51:30.881+0200] {dag.py:4180} INFO - Setting next_dagrun for example_complex to None, run_after=None
[2026-09-20T08:51:30.887+0200] {processor.py:208} INFO - Processing /Users/swarnalidatta/Desktop/AutoQueryChatbot/.airflow-venv/lib/python3.12/site-packages/airflow/example_dags/example_complex.py took 0.043 seconds
[2026-09-20T12:06:02.653+0200] {processor.py:186} INFO - Started process (PID=6532) to work on /Users/swarnalidatta/Desktop/AutoQueryChatbot/.airflow-venv/lib/python3.12/site-packages/airflow/example_dags/example_complex.py
[2026-09-20T12:06:02.653+0200] {processor.py:914} INFO - Processing file /Users/swarnalidatta/Desktop/AutoQueryChatbot/.airflow-venv/lib/python3.12/site-packages/airflow/example_dags/example_complex.py for tasks to queue
[2026-09-20T12:06:02.653+0200] {logging_mixin.py:190} INFO - [2026-09-20T12:06:02.653+0200] {dagbag.py:588} INFO - Filling up the DagBag from /Users/swarnalidatta/Desktop/AutoQueryChatbot/.airflow-venv/lib/python3.12/site-packages/airflow/example_dags/example_complex.py
[2026-09-20T12:06:02.657+0200] {processor.py:925} INFO - DAG(s) 'example_complex' retrieved from /Users/swarnalidatta/Desktop/AutoQueryChatbot/.airflow-venv/lib/python3.12/site-packages/airflow/example_dags/example_complex.py
[2026-09-20T12:06:02.686+0200] {logging_mixin.py:190} INFO - [2026-09-20T12:06:02.686+0200] {dag.py:3239} INFO - Sync 1 DAGs
[2026-09-20T12:06:02.689+0200] {logging_mixin.py:190} INFO - [2026-09-20T12:06:02.689+0200] {dag.py:4180} INFO - Setting next_dagrun for example_complex to None, run_after=None
[2026-09-20T12:06:02.694+0200] {processor.py:208} INFO - Processing /Users/swarnalidatta/Desktop/AutoQueryChatbot/.airflow-venv/lib/python3.12/site-packages/airflow/example_dags/example_complex.py took 0.042 seconds
[2026-09-20T17:10:21.215+0200] {processor.py:186} INFO - Started process (PID=7076) to work on /Users/swarnalidatta/Desktop/AutoQueryChatbot/.airflow-venv/lib/python3.12/site-packages/airflow/example_dags/example_complex.py
[2026-09-20T17:10:21.216+0200] {processor.py:914} INFO - Processing file /Users/swarnalidatta/Desktop/AutoQueryChatbot/.airflow-venv/lib/python3.12/site-packages/airflow/example_dags/example_complex.py for tasks to queue
[2026-09-20T17:10:21.217+0200] {logging_mixin.py:190} INFO - [2026-09-20T17:10:21.217+0200] {dagbag.py:588} INFO - Filling up the DagBag from /Users/swarnalidatta/Desktop/AutoQueryChatbot/.airflow-venv/lib/python3.12/site-packages/airflow/example_dags/example_complex.py
[2026-09-20T17:10:21.228+0200] {processor.py:925} INFO - DAG(s) 'example_complex' retrieved from /Users/swarnalidatta/Desktop/AutoQueryChatbot/.airflow-venv/lib/python3.12/site-packages/airflow/example_dags/example_complex.py
[2026-09-20T17:10:21.314+0200] {logging_mixin.py:190} INFO - [2026-09-20T17:10:21.313+0200] {dag.py:3239} INFO - Sync 1 DAGs
[2026-09-20T17:10:21.322+0200] {logging_mixin.py:190} INFO - [2026-09-20T17:10:21.322+0200] {dag.py:4180} INFO - Setting next_dagrun for example_complex to None, run_after=None
[2026-09-20T17:10:21.336+0200] {processor.py:208} INFO - Processing /Users/swarnalidatta/Desktop/AutoQueryChatbot/.airflow-venv/lib/python3.12/site-packages/airflow/example_dags/example_complex.py took 0.124 seconds
[2026-09-20T21:14:24.565+0200] {processor.py:186} INFO - Started process (PID=7379) to work on /Users/swarnalidatta/Desktop/AutoQueryChatbot/.airflow-venv/lib/python3.12/site-packages/airflow/example_dags/example_complex.py
[2026-09-20T21:14:24.565+0200] {processor.py:914} INFO - Processing file /Users/swarnalidatta/Desktop/AutoQueryChatbot/.airflow-venv/lib/python3.12/site-packages/airflow/example_dags/example_complex.py for tasks to queue
[2026-09-20T21:14:24.565+0200] {logging_mixin.py:190} INFO - [2026-09-20T21:14:24.565+0200] {dagbag.py:588} INFO - Filling up the DagBag from /Users/swarnalidatta/Desktop/AutoQueryChatbot/.airflow-venv/lib/python3.12/site-packages/airflow/example_dags/example_complex.py
[2026-09-20T21:14:24.569+0200] {processor.py:925} INFO - DAG(s) 'example_complex' retrieved from /Users/swarnalidatta/Desktop/AutoQueryChatbot/.airflow-venv/lib/python3.12/site-packages/airflow/example_dags/example_complex.py
[2026-09-20T21:14:24.598+0200] {logging_mixin.py:190} INFO - [2026-09-20T21:14:24.598+0200] {dag.py:3239} INFO - Sync 1 DAGs
[2026-09-20T21:14:24.601+0200] {logging_mixin.py:190} INFO - [2026-09-20T21:14:24.601+0200] {dag.py:4180} INFO - Setting next_dagrun for example_complex to None, run_after=None
[2026-09-20T21:14:24.607+0200] {processor.py:208} INFO - Processing /Users/swarnalidatta/Desktop/AutoQueryChatbot/.airflow-venv/lib/python3.12/site-packages/airflow/example_dags/example_complex.py took 0.043 seconds
[2026-09-21T00:49:05.341+0200] {processor.py:186} INFO - Started process (PID=7690) to work on /Users/swarnalidatta/Desktop/AutoQueryChatbot/.airflow-venv/lib/python3.12/site-packages/airflow/example_dags/example_complex.py
[2026-09-21T00:49:05.341+0200] {processor.py:914} INFO - Processing file /Users/swarnalidatta/Desktop/AutoQueryChatbot/.airflow-venv/lib/python3.12/site-packages/airflow/example_dags/example_complex.py for tasks to queue
[2026-09-21T00:49:05.341+0200] {logging_mixin.py:190} INFO - [2026-09-21T00:49:05.341+0200] {dagbag.py:588} INFO - Filling up the DagBag from /Users/swarnalidatta/Desktop/AutoQueryChatbot/.airflow-venv/lib/python3.12/site-packages/airflow/example_dags/example_complex.py
[2026-09-21T00:49:05.345+0200] {processor.py:925} INFO - DAG(s) 'example_complex' retrieved from /Users/swarnalidatta/Desktop/AutoQueryChatbot/.airflow-venv/lib/python3.12/site-packages/airflow/example_dags/example_complex.py
[2026-09-21T00:49:05.374+0200] {logging_mixin.py:190} INFO - [2026-09-21T00:49:05.374+0200] {dag.py:3239} INFO - Sync 1 DAGs
[2026-09-21T00:49:05.377+0200] {logging_mixin.py:190} INFO - [2026-09-21T00:49:05.377+0200] {dag.py:4180} INFO - Setting next_dagrun for example_complex to None, run_after=None
[2026-09-21T00:49:05.382+0200] {processor.py:208} INFO - Processing /Users/swarnalidatta/Desktop/AutoQueryChatbot/.airflow-venv/lib/python3.12/site-packages/airflow/example_dags/example_complex.py took 0.042 seconds
