[2026-09-20T03:02:35.564+0200] {processor.py:186} INFO - Started process (PID=5839) to work on /Users/swarnalidatta/Desktop/AutoQueryChatbot/.airflow-venv/lib/python3.12/site-packages/airflow/example_dags/example_sensor_decorator.py
[2026-09-20T03:02:35.564+0200] {processor.py:914} INFO - Processing file /Users/swarnalidatta/Desktop/AutoQueryChatbot/.airflow-venv/lib/python3.12/site-packages/airflow/example_dags/example_sensor_decorator.py for tasks to queue
[2026-09-20T03:02:35.565+0200] {logging_mixin.py:190} INFO - [2026-09-20T03:02:35.565+0200] {dagbag.py:588} INFO - Filling up the DagBag from /Users/swarnalidatta/Desktop/AutoQueryChatbot/.airflow-venv/lib/python3.12/site-packages/airflow/example_dags/example_sensor_decorator.py
[2026-09-20T03:02:35.577+0200] {processor.py:925} INFO - DAG(s) 'example_sensor_decorator' retrieved from /Users/swarnalidatta/Desktop/AutoQueryChatbot/.airflow-venv/lib/python3.12/site-packages/airflow/example_dags/example_sensor_decorator.py
[2026-09-20T03:02:35.765+0200] {logging_mixin.py:190} INFO - [2026-09-20T03:02:35.765+0200] {dag.py:3239} INFO - Sync 1 DAGs
[2026-09-20T03:02:35.768+0200] {logging_mixin.py:190} INFO - [2026-09-20T03:02:35.768+0200] {dag.py:4180} INFO - Setting next_dagrun for example_sensor_decorator to None, run_after=None
[2026-09-20T03:02:35.773+0200] {processor.py:208} INFO - Processing /Users/swarnalidatta/Desktop/AutoQueryChatbot/.airflow-venv/lib/python3.12/site-packages/airflow/example_dags/example_sensor_decorator.py took 0.210 seconds
[2026-09-20T07:30:05.963+0200] {processor.py:186} INFO - Started process (PID=6145) to work on /Users/swarnalidatta/Desktop/AutoQueryChatbot/.airflow-venv/lib/python3.12/site-packages/airflow/example_dags/example_sensor_decorator.py
[2026-09-20T07:30:05.964+0200] {processor.py:914} INFO - Processing file /Users/swarnalidatta/Desktop/AutoQueryChatbot/.airflow-venv/lib/python3.12/site-packages/airflow/example_dags/example_sensor_decorator.py for tasks to queue
[2026-09-20T07:30:05.964+0200] {logging_mixin.py:190} INFO - [2026-09-20T07:30:05.964+0200] {dagbag.py:588} INFO - Filling up the DagBag from /Users/swarnalidatta/Desktop/AutoQueryChatbot/.airflow-venv/lib/python3.12/site-packages/airflow/example_dags/example_sensor_decorator.py
[2026-09-20T07:30:05.987+0200] {processor.py:925} INFO - DAG(s) 'example_sensor_decorator' retrieved from /Users/swarnalidatta/Desktop/AutoQueryChatbot/.airflow-venv/lib/python3.12/site-packages/airflow/example_dags/example_sensor_decorator.py
[2026-09-20T07:30:06.307+0200] {logging_mixin.py:190} INFO - [2026-09-20T07:30:06.307+0200] {dag.py:3239} INFO - Sync 1 DAGs
[2026-09-20T07:30:06.312+0200] {logging_mixin.py:190} INFO - [2026-09-20T07:30:06.312+0200] {dag.py:4180} INFO - Setting next_dagrun for example_sensor_decorator to None, run_after=None
[2026-09-20T07:30:06.319+0200] {processor.py:208} INFO - Processing /Users/swarnalidatta/Desktop/AutoQueryChatbot/.airflow-venv/lib/python3.12/site-packages/airflow/example_dags/example_sensor_decorator.py took 0.357 seconds
[2026-09-20T11:20:26.187+0200] {processor.py:186} INFO - Started process (PID=6448) to work on /Users/swarnalidatta/Desktop/AutoQueryChatbot/.airflow-venv/lib/python3.12/site-packages/airflow/example_dags/example_sensor_decorator.py
[2026-09-20T11:20:26.188+0200] {processor.py:914} INFO - Processing file /Users/swarnalidatta/Desktop/AutoQueryChatbot/.airflow-venv/lib/python3.12/site-packages/airflow/example_dags/example_sensor_decorator.py for tasks to queue
[2026-09-20T11:20:26.188+0200] {logging_mixin.py:190} INFO - [2026-09-20T11:20:26.188+0200] {dagbag.py:588} INFO - Filling up the DagBag from /Users/swarnalidatta/Desktop/AutoQueryChatbot/.airflow-venv/lib/python3.12/site-packages/airflow/example_dags/example_sensor_decorator.py
[2026-09-20T11:20:26.200+0200] {processor.py:925} INFO - DAG(s) 'example_sensor_decorator' retrieved from /Users/swarnalidatta/Desktop/AutoQueryChatbot/.airflow-venv/lib/python3.12/site-packages/airflow/example_dags/example_sensor_decorator.py
[2026-09-20T11:20:26.392+0200] {logging_mixin.py:190} INFO - [2026-09-20T11:20:26.392+0200] {dag.py:3239} INFO - Sync 1 DAGs
[2026-09-20T11:20:26.395+0200] {logging_mixin.py:190} INFO - [2026-09-20T11:20:26.395+0200] {dag.py:4180} INFO - Setting next_dagrun for example_sensor_decorator to None, run_after=None
[2026-09-20T11:20:26.400+0200] {processor.py:208} INFO - Processing /Users/swarnalidatta/Desktop/AutoQueryChatbot/.airflow-venv/lib/python3.12/site-packages/airflow/example_dags/example_sensor_decorator.py took 0.214 seconds
[2026-09-20T13:09:31.793+0200] {processor.py:186} INFO - Started process (PID=6681) to work on /Users/swarnalidatta/Desktop/AutoQueryChatbot/.airflow-venv/lib/python3.12/site-packages/airflow/example_dags/example_sensor_decorator.py
[2026-09-20T13:09:31.793+0200] {processor.py:914} INFO - Processing file /Users/swarnalidatta/Desktop/AutoQueryChatbot/.airflow-venv/lib/python3.12/site-packages/airflow/example_dags/example_sensor_decorator.py for tasks to queue
[2026-09-20T13:09:31.794+0200] {logging_mixin.py:190} INFO - [2026-09-20T13:09:31.794+0200] {dagbag.py:588} INFO - Filling up the DagBag from /Users/swarnalidatta/Desktop/AutoQueryChatbot/.airflow-venv/lib/python3.12/site-packages/airflow/example_dags/example_sensor_decorator.py
[2026-09-20T13:09:31.806+0200] {processor.py:925} INFO - DAG(s) 'example_sensor_decorator' retrieved from /Users/swarnalidatta/Desktop/AutoQueryChatbot/.airflow-venv/lib/python3.12/site-packages/airflow/example_dags/example_sensor_decorator.py
[2026-09-20T13:09:31.999+0200] {logging_mixin.py:190} INFO - [2026-09-20T13:09:31.999+0200] {dag.py:3239} INFO - Sync 1 DAGs
[2026-09-20T13:09:32.002+0200] {logging_mixin.py:190} INFO - [2026-09-20T13:09:32.002+0200] {dag.py:4180} INFO - Setting next_dagrun for example_sensor_decorator to None, run_after=None
[2026-09-20T13:09:32.007+0200] {processor.py:208} INFO - Processing /Users/swarnalidatta/Desktop/AutoQueryChatbot/.airflow-venv/lib/python3.12/site-packages/airflow/example_dags/example_sensor_decorator.py took 0.215 seconds
[2026-09-20T15:39:31.185+0200] {processor.py:186} INFO - Started process (PID=6965) to work on /Users/swarnalidatta/Desktop/AutoQueryChatbot/.airflow-venv/lib/python3.12/site-packages/airflow/example_dags/example_sensor_decorator.py
[2026-09-20T15:39:31.185+0200] {processor.py:914} INFO - Processing file /Users/swarnalidatta/Desktop/AutoQueryChatbot/.airflow-venv/lib/python3.12/site-packages/airflow/example_dags/example_sensor_decorator.py for tasks to queue
[2026-09-20T15:39:31.185+0200] {logging_mixin.py:190} INFO - [2026-09-20T15:39:31.185+0200] {dagbag.py:588} INFO - Filling up the DagBag from /Users/swarnalidatta/Desktop/AutoQueryChatbot/.airflow-venv/lib/python3.12/site-packages/airflow/example_dags/example_sensor_decorator.py
[2026-09-20T15:39:31.198+0200] {processor.py:925} INFO - DAG(s) 'example_sensor_decorator' retrieved from /Users/swarnalidatta/Desktop/AutoQueryChatbot/.airflow-venv/lib/python3.12/site-packages/airflow/example_dags/example_sensor_decorator.py
[2026-09-20T15:39:31.393+0200] {logging_mixin.py:190} INFO - [2026-09-20T15:39:31.393+0200] {dag.py:3239} INFO - Sync 1 DAGs
[2026-09-20T15:39:31.396+0200] {logging_mixin.py:190} INFO - [2026-09-20T15:39:31.396+0200] {dag.py:4180} INFO - Setting next_dagrun for example_sensor_decorator to None, run_after=None
[2026-09-20T15:39:31.401+0200] {processor.py:208} INFO - Processing /Users/swarnalidatta/Desktop/AutoQueryChatbot/.airflow-venv/lib/python3.12/site-packages/airflow/example_dags/example_sensor_decorator.py took 0.217 seconds
[2026-09-20T19:46:22.667+0200] {processor.py:186} INFO - Started process (PID=7270) to work on /Users/swarnalidatta/Desktop/AutoQueryChatbot/.airflow-venv/lib/python3.12/site-packages/airflow/example_dags/example_sensor_decorator.py
[2026-09-20T19:46:22.667+0200] {processor.py:914} INFO - Processing file /Users/swarnalidatta/Desktop/AutoQueryChatbot/.airflow-venv/lib/python3.12/site-packages/airflow/example_dags/example_sensor_decorator.py for tasks to queue
[2026-09-20T19:46:22.667+0200] {logging_mixin.py:190} INFO - [2026-09-20T19:46:22.667+0200] {dagbag.py:588} INFO - Filling up the DagBag from /Users/swarnalidatta/Desktop/AutoQueryChatbot/.airflow-venv/lib/python3.12/site-packages/airflow/example_dags/example_sensor_decorator.py
[2026-09-20T19:46:22.679+0200] {processor.py:925} INFO - DAG(s) 'example_sensor_decorator' retrieved from /Users/swarnalidatta/Desktop/AutoQueryChatbot/.airflow-venv/lib/python3.12/site-packages/airflow/example_dags/example_sensor_decorator.py
[2026-09-20T19:46:22.895+0200] {logging_mixin.py:190} INFO - [2026-09-20T19:46:22.895+0200] {dag.py:3239} INFO - Sync 1 DAGs
[2026-09-20T19:46:22.898+0200] {logging_mixin.py:190} INFO - [2026-09-20T19:46:22.898+0200] {dag.py:4180} INFO - Setting next_dagrun for example_sensor_decorator to None, run_after=None
[2026-09-20T19:46:22.905+0200] {processor.py:208} INFO - Processing /Users/swarnalidatta/Desktop/AutoQueryChatbot/.airflow-venv/lib/python3.12/site-packages/airflow/example_dags/example_sensor_decorator.py took 0.239 seconds
[2026-09-20T23:26:56.235+0200] {processor.py:186} INFO - Started process (PID=7575) to work on /Users/swarnalidatta/Desktop/AutoQueryChatbot/.airflow-venv/lib/python3.12/site-packages/airflow/example_dags/example_sensor_decorator.py
[2026-09-20T23:26:56.236+0200] {processor.py:914} INFO - Processing file /Users/swarnalidatta/Desktop/AutoQueryChatbot/.airflow-venv/lib/python3.12/site-packages/airflow/example_dags/example_sensor_decorator.py for tasks to queue
[2026-09-20T23:26:56.236+0200] {logging_mixin.py:190} INFO - [2026-09-20T23:26:56.236+0200] {dagbag.py:588} INFO - Filling up the DagBag from /Users/swarnalidatta/Desktop/AutoQueryChatbot/.airflow-venv/lib/python3.12/site-packages/airflow/example_dags/example_sensor_decorator.py
[2026-09-20T23:26:56.248+0200] {processor.py:925} INFO - DAG(s) 'example_sensor_decorator' retrieved from /Users/swarnalidatta/Desktop/AutoQueryChatbot/.airflow-venv/lib/python3.12/site-packages/airflow/example_dags/example_sensor_decorator.py
[2026-09-20T23:26:56.436+0200] {logging_mixin.py:190} INFO - [2026-09-20T23:26:56.435+0200] {dag.py:3239} INFO - Sync 1 DAGs
[2026-09-20T23:26:56.438+0200] {logging_mixin.py:190} INFO - [2026-09-20T23:26:56.438+0200] {dag.py:4180} INFO - Setting next_dagrun for example_sensor_decorator to None, run_after=None
[2026-09-20T23:26:56.443+0200] {processor.py:208} INFO - Processing /Users/swarnalidatta/Desktop/AutoQueryChatbot/.airflow-venv/lib/python3.12/site-packages/airflow/example_dags/example_sensor_decorator.py took 0.209 seconds
