[2026-09-20T03:34:36.889+0200] {processor.py:186} INFO - Started process (PID=5872) to work on /Users/swarnalidatta/Desktop/AutoQueryChatbot/.airflow-venv/lib/python3.12/site-packages/airflow/example_dags/example_outlet_event_extra.py
[2026-09-20T03:34:36.889+0200] {processor.py:914} INFO - Processing file /Users/swarnalidatta/Desktop/AutoQueryChatbot/.airflow-venv/lib/python3.12/site-packages/airflow/example_dags/example_outlet_event_extra.py for tasks to queue
[2026-09-20T03:34:36.890+0200] {logging_mixin.py:190} INFO - [2026-09-20T03:34:36.890+0200] {dagbag.py:588} INFO - Filling up the DagBag from /Users/swarnalidatta/Desktop/AutoQueryChatbot/.airflow-venv/lib/python3.12/site-packages/airflow/example_dags/example_outlet_event_extra.py
[2026-09-20T03:34:36.912+0200] {processor.py:925} INFO - DAG(s) 'dataset_with_extra_from_classic_operator', 'dataset_with_extra_by_context', 'dataset_with_extra_by_yield' retrieved from /Users/swarnalidatta/Desktop/AutoQueryChatbot/.airflow-venv/lib/python3.12/site-packages/airflow/example_dags/example_outlet_event_extra.py
[2026-09-20T03:34:36.960+0200] {logging_mixin.py:190} INFO - [2026-09-20T03:34:36.959+0200] {dag.py:3239} INFO - Sync 3 DAGs
[2026-09-20T03:34:36.964+0200] {logging_mixin.py:190} INFO - [2026-09-20T03:34:36.964+0200] {dag.py:4180} INFO - Setting next_dagrun for dataset_with_extra_by_context to 2026-09-19 00:00:00+00:00, run_after=2026-09-20 00:00:00+00:00
[2026-09-20T03:34:36.966+0200] {logging_mixin.py:190} INFO - [2026-09-20T03:34:36.966+0200] {dag.py:4180} INFO - Setting next_dagrun for dataset_with_extra_by_yield to 2026-09-19 00:00:00+00:00, run_after=2026-09-20 00:00:00+00:00
[2026-09-20T03:34:36.966+0200] {logging_mixin.py:190} INFO - [2026-09-20T03:34:36.966+0200] {dag.py:4180} INFO - Setting next_dagrun for dataset_with_extra_from_classic_operator to 2026-09-19 00:00:00+00:00, run_after=2026-09-20 00:00:00+00:00
[2026-09-20T03:34:36.971+0200] {processor.py:208} INFO - Processing /Users/swarnalidatta/Desktop/AutoQueryChatbot/.airflow-venv/lib/python3.12/site-packages/airflow/example_dags/example_outlet_event_extra.py took 0.083 seconds
[2026-09-20T08:02:04.111+0200] {processor.py:186} INFO - Started process (PID=6175) to work on /Users/swarnalidatta/Desktop/AutoQueryChatbot/.airflow-venv/lib/python3.12/site-packages/airflow/example_dags/example_outlet_event_extra.py
[2026-09-20T08:02:04.112+0200] {processor.py:914} INFO - Processing file /Users/swarnalidatta/Desktop/AutoQueryChatbot/.airflow-venv/lib/python3.12/site-packages/airflow/example_dags/example_outlet_event_extra.py for tasks to queue
[2026-09-20T08:02:04.112+0200] {logging_mixin.py:190} INFO - [2026-09-20T08:02:04.112+0200] {dagbag.py:588} INFO - Filling up the DagBag from /Users/swarnalidatta/Desktop/AutoQueryChatbot/.airflow-venv/lib/python3.12/site-packages/airflow/example_dags/example_outlet_event_extra.py
[2026-09-20T08:02:04.135+0200] {processor.py:925} INFO - DAG(s) 'dataset_with_extra_from_classic_operator', 'dataset_with_extra_by_context', 'dataset_with_extra_by_yield' retrieved from /Users/swarnalidatta/Desktop/AutoQueryChatbot/.airflow-venv/lib/python3.12/site-packages/airflow/example_dags/example_outlet_event_extra.py
[2026-09-20T08:02:04.182+0200] {logging_mixin.py:190} INFO - [2026-09-20T08:02:04.182+0200] {dag.py:3239} INFO - Sync 3 DAGs
[2026-09-20T08:02:04.187+0200] {logging_mixin.py:190} INFO - [2026-09-20T08:02:04.187+0200] {dag.py:4180} INFO - Setting next_dagrun for dataset_with_extra_by_context to 2026-09-19 00:00:00+00:00, run_after=2026-09-20 00:00:00+00:00
[2026-09-20T08:02:04.189+0200] {logging_mixin.py:190} INFO - [2026-09-20T08:02:04.188+0200] {dag.py:4180} INFO - Setting next_dagrun for dataset_with_extra_by_yield to 2026-09-19 00:00:00+00:00, run_after=2026-09-20 00:00:00+00:00
[2026-09-20T08:02:04.189+0200] {logging_mixin.py:190} INFO - [2026-09-20T08:02:04.189+0200] {dag.py:4180} INFO - Setting next_dagrun for dataset_with_extra_from_classic_operator to 2026-09-19 00:00:00+00:00, run_after=2026-09-20 00:00:00+00:00
[2026-09-20T08:02:04.194+0200] {processor.py:208} INFO - Processing /Users/swarnalidatta/Desktop/AutoQueryChatbot/.airflow-venv/lib/python3.12/site-packages/airflow/example_dags/example_outlet_event_extra.py took 0.084 seconds
[2026-09-20T11:55:28.227+0200] {processor.py:186} INFO - Started process (PID=6476) to work on /Users/swarnalidatta/Desktop/AutoQueryChatbot/.airflow-venv/lib/python3.12/site-packages/airflow/example_dags/example_outlet_event_extra.py
[2026-09-20T11:55:28.228+0200] {processor.py:914} INFO - Processing file /Users/swarnalidatta/Desktop/AutoQueryChatbot/.airflow-venv/lib/python3.12/site-packages/airflow/example_dags/example_outlet_event_extra.py for tasks to queue
[2026-09-20T11:55:28.229+0200] {logging_mixin.py:190} INFO - [2026-09-20T11:55:28.229+0200] {dagbag.py:588} INFO - Filling up the DagBag from /Users/swarnalidatta/Desktop/AutoQueryChatbot/.airflow-venv/lib/python3.12/site-packages/airflow/example_dags/example_outlet_event_extra.py
[2026-09-20T11:55:28.252+0200] {processor.py:925} INFO - DAG(s) 'dataset_with_extra_by_context', 'dataset_with_extra_by_yield', 'dataset_with_extra_from_classic_operator' retrieved from /Users/swarnalidatta/Desktop/AutoQueryChatbot/.airflow-venv/lib/python3.12/site-packages/airflow/example_dags/example_outlet_event_extra.py
[2026-09-20T11:55:28.297+0200] {logging_mixin.py:190} INFO - [2026-09-20T11:55:28.297+0200] {dag.py:3239} INFO - Sync 3 DAGs
[2026-09-20T11:55:28.303+0200] {logging_mixin.py:190} INFO - [2026-09-20T11:55:28.302+0200] {dag.py:4180} INFO - Setting next_dagrun for dataset_with_extra_by_context to 2026-09-19 00:00:00+00:00, run_after=2026-09-20 00:00:00+00:00
[2026-09-20T11:55:28.304+0200] {logging_mixin.py:190} INFO - [2026-09-20T11:55:28.304+0200] {dag.py:4180} INFO - Setting next_dagrun for dataset_with_extra_by_yield to 2026-09-19 00:00:00+00:00, run_after=2026-09-20 00:00:00+00:00
[2026-09-20T11:55:28.304+0200] {logging_mixin.py:190} INFO - [2026-09-20T11:55:28.304+0200] {dag.py:4180} INFO - Setting next_dagrun for dataset_with_extra_from_classic_operator to 2026-09-19 00:00:00+00:00, run_after=2026-09-20 00:00:00+00:00
[2026-09-20T11:55:28.309+0200] {processor.py:208} INFO - Processing /Users/swarnalidatta/Desktop/AutoQueryChatbot/.airflow-venv/lib/python3.12/site-packages/airflow/example_dags/example_outlet_event_extra.py took 0.083 seconds
[2026-09-20T13:29:56.532+0200] {processor.py:186} INFO - Started process (PID=6716) to work on /Users/swarnalidatta/Desktop/AutoQueryChatbot/.airflow-venv/lib/python3.12/site-packages/airflow/example_dags/example_outlet_event_extra.py
[2026-09-20T13:29:56.532+0200] {processor.py:914} INFO - Processing file /Users/swarnalidatta/Desktop/AutoQueryChatbot/.airflow-venv/lib/python3.12/site-packages/airflow/example_dags/example_outlet_event_extra.py for tasks to queue
[2026-09-20T13:29:56.533+0200] {logging_mixin.py:190} INFO - [2026-09-20T13:29:56.532+0200] {dagbag.py:588} INFO - Filling up the DagBag from /Users/swarnalidatta/Desktop/AutoQueryChatbot/.airflow-venv/lib/python3.12/site-packages/airflow/example_dags/example_outlet_event_extra.py
[2026-09-20T13:29:56.555+0200] {processor.py:925} INFO - DAG(s) 'dataset_with_extra_by_context', 'dataset_with_extra_from_classic_operator', 'dataset_with_extra_by_yield' retrieved from /Users/swarnalidatta/Desktop/AutoQueryChatbot/.airflow-venv/lib/python3.12/site-packages/airflow/example_dags/example_outlet_event_extra.py
[2026-09-20T13:29:56.601+0200] {logging_mixin.py:190} INFO - [2026-09-20T13:29:56.601+0200] {dag.py:3239} INFO - Sync 3 DAGs
[2026-09-20T13:29:56.606+0200] {logging_mixin.py:190} INFO - [2026-09-20T13:29:56.606+0200] {dag.py:4180} INFO - Setting next_dagrun for dataset_with_extra_by_context to 2026-09-19 00:00:00+00:00, run_after=2026-09-20 00:00:00+00:00
[2026-09-20T13:29:56.607+0200] {logging_mixin.py:190} INFO - [2026-09-20T13:29:56.607+0200] {dag.py:4180} INFO - Setting next_dagrun for dataset_with_extra_by_yield to 2026-09-19 00:00:00+00:00, run_after=2026-09-20 00:00:00+00:00
[2026-09-20T13:29:56.607+0200] {logging_mixin.py:190} INFO - [2026-09-20T13:29:56.607+0200] {dag.py:4180} INFO - Setting next_dagrun for dataset_with_extra_from_classic_operator to 2026-09-19 00:00:00+00:00, run_after=2026-09-20 00:00:00+00:00
[2026-09-20T13:29:56.612+0200] {processor.py:208} INFO - Processing /Users/swarnalidatta/Desktop/AutoQueryChatbot/.airflow-venv/lib/python3.12/site-packages/airflow/example_dags/example_outlet_event_extra.py took 0.082 seconds
[2026-09-20T16:09:21.394+0200] {processor.py:186} INFO - Started process (PID=6994) to work on /Users/swarnalidatta/Desktop/AutoQueryChatbot/.airflow-venv/lib/python3.12/site-packages/airflow/example_dags/example_outlet_event_extra.py
[2026-09-20T16:09:21.394+0200] {processor.py:914} INFO - Processing file /Users/swarnalidatta/Desktop/AutoQueryChatbot/.airflow-venv/lib/python3.12/site-packages/airflow/example_dags/example_outlet_event_extra.py for tasks to queue
[2026-09-20T16:09:21.394+0200] {logging_mixin.py:190} INFO - [2026-09-20T16:09:21.394+0200] {dagbag.py:588} INFO - Filling up the DagBag from /Users/swarnalidatta/Desktop/AutoQueryChatbot/.airflow-venv/lib/python3.12/site-packages/airflow/example_dags/example_outlet_event_extra.py
[2026-09-20T16:09:21.418+0200] {processor.py:925} INFO - DAG(s) 'dataset_with_extra_by_context', 'dataset_with_extra_from_classic_operator', 'dataset_with_extra_by_yield' retrieved from /Users/swarnalidatta/Desktop/AutoQueryChatbot/.airflow-venv/lib/python3.12/site-packages/airflow/example_dags/example_outlet_event_extra.py
[2026-09-20T16:09:21.465+0200] {logging_mixin.py:190} INFO - [2026-09-20T16:09:21.465+0200] {dag.py:3239} INFO - Sync 3 DAGs
[2026-09-20T16:09:21.470+0200] {logging_mixin.py:190} INFO - [2026-09-20T16:09:21.470+0200] {dag.py:4180} INFO - Setting next_dagrun for dataset_with_extra_by_context to 2026-09-19 00:00:00+00:00, run_after=2026-09-20 00:00:00+00:00
[2026-09-20T16:09:21.471+0200] {logging_mixin.py:190} INFO - [2026-09-20T16:09:21.471+0200] {dag.py:4180} INFO - Setting next_dagrun for dataset_with_extra_by_yield to 2026-09-19 00:00:00+00:00, run_after=2026-09-20 00:00:00+00:00
[2026-09-20T16:09:21.472+0200] {logging_mixin.py:190} INFO - [2026-09-20T16:09:21.472+0200] {dag.py:4180} INFO - Setting next_dagrun for dataset_with_extra_from_classic_operator to 2026-09-19 00:00:00+00:00, run_after=2026-09-20 00:00:00+00:00
[2026-09-20T16:09:21.477+0200] {processor.py:208} INFO - Processing /Users/swarnalidatta/Desktop/AutoQueryChatbot/.airflow-venv/lib/python3.12/site-packages/airflow/example_dags/example_outlet_event_extra.py took 0.084 seconds
[2026-09-20T20:13:21.606+0200] {processor.py:186} INFO - Started process (PID=7299) to work on /Users/swarnalidatta/Desktop/AutoQueryChatbot/.airflow-venv/lib/python3.12/site-packages/airflow/example_dags/example_outlet_event_extra.py
[2026-09-20T20:13:21.607+0200] {processor.py:914} INFO - Processing file /Users/swarnalidatta/Desktop/AutoQueryChatbot/.airflow-venv/lib/python3.12/site-packages/airflow/example_dags/example_outlet_event_extra.py for tasks to queue
[2026-09-20T20:13:21.608+0200] {logging_mixin.py:190} INFO - [2026-09-20T20:13:21.608+0200] {dagbag.py:588} INFO - Filling up the DagBag from /Users/swarnalidatta/Desktop/AutoQueryChatbot/.airflow-venv/lib/python3.12/site-packages/airflow/example_dags/example_outlet_event_extra.py
[2026-09-20T20:13:21.676+0200] {processor.py:925} INFO - DAG(s) 'dataset_with_extra_by_context', 'dataset_with_extra_from_classic_operator', 'dataset_with_extra_by_yield' retrieved from /Users/swarnalidatta/Desktop/AutoQueryChatbot/.airflow-venv/lib/python3.12/site-packages/airflow/example_dags/example_outlet_event_extra.py
[2026-09-20T20:13:21.805+0200] {logging_mixin.py:190} INFO - [2026-09-20T20:13:21.805+0200] {dag.py:3239} INFO - Sync 3 DAGs
[2026-09-20T20:13:21.818+0200] {logging_mixin.py:190} INFO - [2026-09-20T20:13:21.818+0200] {dag.py:4180} INFO - Setting next_dagrun for dataset_with_extra_by_context to 2026-09-19 00:00:00+00:00, run_after=2026-09-20 00:00:00+00:00
[2026-09-20T20:13:21.821+0200] {logging_mixin.py:190} INFO - [2026-09-20T20:13:21.821+0200] {dag.py:4180} INFO - Setting next_dagrun for dataset_with_extra_by_yield to 2026-09-19 00:00:00+00:00, run_after=2026-09-20 00:00:00+00:00
[2026-09-20T20:13:21.822+0200] {logging_mixin.py:190} INFO - [2026-09-20T20:13:21.822+0200] {dag.py:4180} INFO - Setting next_dagrun for dataset_with_extra_from_classic_operator to 2026-09-19 00:00:00+00:00, run_after=2026-09-20 00:00:00+00:00
[2026-09-20T20:13:21.835+0200] {processor.py:208} INFO - Processing /Users/swarnalidatta/Desktop/AutoQueryChatbot/.airflow-venv/lib/python3.12/site-packages/airflow/example_dags/example_outlet_event_extra.py took 0.232 seconds
[2026-09-20T23:42:24.690+0200] {processor.py:186} INFO - Started process (PID=7600) to work on /Users/swarnalidatta/Desktop/AutoQueryChatbot/.airflow-venv/lib/python3.12/site-packages/airflow/example_dags/example_outlet_event_extra.py
[2026-09-20T23:42:24.690+0200] {processor.py:914} INFO - Processing file /Users/swarnalidatta/Desktop/AutoQueryChatbot/.airflow-venv/lib/python3.12/site-packages/airflow/example_dags/example_outlet_event_extra.py for tasks to queue
[2026-09-20T23:42:24.691+0200] {logging_mixin.py:190} INFO - [2026-09-20T23:42:24.691+0200] {dagbag.py:588} INFO - Filling up the DagBag from /Users/swarnalidatta/Desktop/AutoQueryChatbot/.airflow-venv/lib/python3.12/site-packages/airflow/example_dags/example_outlet_event_extra.py
[2026-09-20T23:42:24.714+0200] {processor.py:925} INFO - DAG(s) 'dataset_with_extra_by_context', 'dataset_with_extra_from_classic_operator', 'dataset_with_extra_by_yield' retrieved from /Users/swarnalidatta/Desktop/AutoQueryChatbot/.airflow-venv/lib/python3.12/site-packages/airflow/example_dags/example_outlet_event_extra.py
[2026-09-20T23:42:24.760+0200] {logging_mixin.py:190} INFO - [2026-09-20T23:42:24.760+0200] {dag.py:3239} INFO - Sync 3 DAGs
[2026-09-20T23:42:24.765+0200] {logging_mixin.py:190} INFO - [2026-09-20T23:42:24.765+0200] {dag.py:4180} INFO - Setting next_dagrun for dataset_with_extra_by_context to 2026-09-19 00:00:00+00:00, run_after=2026-09-20 00:00:00+00:00
[2026-09-20T23:42:24.766+0200] {logging_mixin.py:190} INFO - [2026-09-20T23:42:24.766+0200] {dag.py:4180} INFO - Setting next_dagrun for dataset_with_extra_by_yield to 2026-09-19 00:00:00+00:00, run_after=2026-09-20 00:00:00+00:00
[2026-09-20T23:42:24.767+0200] {logging_mixin.py:190} INFO - [2026-09-20T23:42:24.767+0200] {dag.py:4180} INFO - Setting next_dagrun for dataset_with_extra_from_classic_operator to 2026-09-19 00:00:00+00:00, run_after=2026-09-20 00:00:00+00:00
[2026-09-20T23:42:24.772+0200] {processor.py:208} INFO - Processing /Users/swarnalidatta/Desktop/AutoQueryChatbot/.airflow-venv/lib/python3.12/site-packages/airflow/example_dags/example_outlet_event_extra.py took 0.083 seconds
