[2026-09-20T02:11:09.938+0200] {processor.py:186} INFO - Started process (PID=5781) to work on /Users/swarnalidatta/Desktop/AutoQueryChatbot/.airflow-venv/lib/python3.12/site-packages/airflow/example_dags/example_trigger_target_dag.py
[2026-09-20T02:11:09.938+0200] {processor.py:914} INFO - Processing file /Users/swarnalidatta/Desktop/AutoQueryChatbot/.airflow-venv/lib/python3.12/site-packages/airflow/example_dags/example_trigger_target_dag.py for tasks to queue
[2026-09-20T02:11:09.939+0200] {logging_mixin.py:190} INFO - [2026-09-20T02:11:09.939+0200] {dagbag.py:588} INFO - Filling up the DagBag from /Users/swarnalidatta/Desktop/AutoQueryChatbot/.airflow-venv/lib/python3.12/site-packages/airflow/example_dags/example_trigger_target_dag.py
[2026-09-20T02:11:09.951+0200] {processor.py:925} INFO - DAG(s) 'example_trigger_target_dag' retrieved from /Users/swarnalidatta/Desktop/AutoQueryChatbot/.airflow-venv/lib/python3.12/site-packages/airflow/example_dags/example_trigger_target_dag.py
[2026-09-20T02:11:09.975+0200] {logging_mixin.py:190} INFO - [2026-09-20T02:11:09.975+0200] {dag.py:3239} INFO - Sync 1 DAGs
[2026-09-20T02:11:09.998+0200] {logging_mixin.py:190} INFO - [2026-09-20T02:11:09.998+0200] {dag.py:4180} INFO - Setting next_dagrun for example_trigger_target_dag to None, run_after=None
[2026-09-20T02:11:10.003+0200] {processor.py:208} INFO - Processing /Users/swarnalidatta/Desktop/AutoQueryChatbot/.airflow-venv/lib/python3.12/site-packages/airflow/example_dags/example_trigger_target_dag.py took 0.066 seconds
[2026-09-20T06:49:23.457+0200] {processor.py:186} INFO - Started process (PID=6073) to work on /Users/swarnalidatta/Desktop/AutoQueryChatbot/.airflow-venv/lib/python3.12/site-packages/airflow/example_dags/example_trigger_target_dag.py
[2026-09-20T06:49:23.457+0200] {processor.py:914} INFO - Processing file /Users/swarnalidatta/Desktop/AutoQueryChatbot/.airflow-venv/lib/python3.12/site-packages/airflow/example_dags/example_trigger_target_dag.py for tasks to queue
[2026-09-20T06:49:23.457+0200] {logging_mixin.py:190} INFO - [2026-09-20T06:49:23.457+0200] {dagbag.py:588} INFO - Filling up the DagBag from /Users/swarnalidatta/Desktop/AutoQueryChatbot/.airflow-venv/lib/python3.12/site-packages/airflow/example_dags/example_trigger_target_dag.py
[2026-09-20T06:49:23.470+0200] {processor.py:925} INFO - DAG(s) 'example_trigger_target_dag' retrieved from /Users/swarnalidatta/Desktop/AutoQueryChatbot/.airflow-venv/lib/python3.12/site-packages/airflow/example_dags/example_trigger_target_dag.py
[2026-09-20T06:49:23.494+0200] {logging_mixin.py:190} INFO - [2026-09-20T06:49:23.494+0200] {dag.py:3239} INFO - Sync 1 DAGs
[2026-09-20T06:49:23.519+0200] {logging_mixin.py:190} INFO - [2026-09-20T06:49:23.519+0200] {dag.py:4180} INFO - Setting next_dagrun for example_trigger_target_dag to None, run_after=None
[2026-09-20T06:49:23.524+0200] {processor.py:208} INFO - Processing /Users/swarnalidatta/Desktop/AutoQueryChatbot/.airflow-venv/lib/python3.12/site-packages/airflow/example_dags/example_trigger_target_dag.py took 0.068 seconds
[2026-09-20T10:19:42.170+0200] {processor.py:186} INFO - Started process (PID=6380) to work on /Users/swarnalidatta/Desktop/AutoQueryChatbot/.airflow-venv/lib/python3.12/site-packages/airflow/example_dags/example_trigger_target_dag.py
[2026-09-20T10:19:42.171+0200] {processor.py:914} INFO - Processing file /Users/swarnalidatta/Desktop/AutoQueryChatbot/.airflow-venv/lib/python3.12/site-packages/airflow/example_dags/example_trigger_target_dag.py for tasks to queue
[2026-09-20T10:19:42.172+0200] {logging_mixin.py:190} INFO - [2026-09-20T10:19:42.172+0200] {dagbag.py:588} INFO - Filling up the DagBag from /Users/swarnalidatta/Desktop/AutoQueryChatbot/.airflow-venv/lib/python3.12/site-packages/airflow/example_dags/example_trigger_target_dag.py
[2026-09-20T10:19:42.184+0200] {processor.py:925} INFO - DAG(s) 'example_trigger_target_dag' retrieved from /Users/swarnalidatta/Desktop/AutoQueryChatbot/.airflow-venv/lib/python3.12/site-packages/airflow/example_dags/example_trigger_target_dag.py
[2026-09-20T10:19:42.208+0200] {logging_mixin.py:190} INFO - [2026-09-20T10:19:42.208+0200] {dag.py:3239} INFO - Sync 1 DAGs
[2026-09-20T10:19:42.231+0200] {logging_mixin.py:190} INFO - [2026-09-20T10:19:42.231+0200] {dag.py:4180} INFO - Setting next_dagrun for example_trigger_target_dag to None, run_after=None
[2026-09-20T10:19:42.236+0200] {processor.py:208} INFO - Processing /Users/swarnalidatta/Desktop/AutoQueryChatbot/.airflow-venv/lib/python3.12/site-packages/airflow/example_dags/example_trigger_target_dag.py took 0.067 seconds
[2026-09-20T13:00:52.523+0200] {processor.py:186} INFO - Started process (PID=6628) to work on /Users/swarnalidatta/Desktop/AutoQueryChatbot/.airflow-venv/lib/python3.12/site-packages/airflow/example_dags/example_trigger_target_dag.py
[2026-09-20T13:00:52.524+0200] {processor.py:914} INFO - Processing file /Users/swarnalidatta/Desktop/AutoQueryChatbot/.airflow-venv/lib/python3.12/site-packages/airflow/example_dags/example_trigger_target_dag.py for tasks to queue
[2026-09-20T13:00:52.524+0200] {logging_mixin.py:190} INFO - [2026-09-20T13:00:52.524+0200] {dagbag.py:588} INFO - Filling up the DagBag from /Users/swarnalidatta/Desktop/AutoQueryChatbot/.airflow-venv/lib/python3.12/site-packages/airflow/example_dags/example_trigger_target_dag.py
[2026-09-20T13:00:52.536+0200] {processor.py:925} INFO - DAG(s) 'example_trigger_target_dag' retrieved from /Users/swarnalidatta/Desktop/AutoQueryChatbot/.airflow-venv/lib/python3.12/site-packages/airflow/example_dags/example_trigger_target_dag.py
[2026-09-20T13:00:52.560+0200] {logging_mixin.py:190} INFO - [2026-09-20T13:00:52.560+0200] {dag.py:3239} INFO - Sync 1 DAGs
[2026-09-20T13:00:52.582+0200] {logging_mixin.py:190} INFO - [2026-09-20T13:00:52.582+0200] {dag.py:4180} INFO - Setting next_dagrun for example_trigger_target_dag to None, run_after=None
[2026-09-20T13:00:52.587+0200] {processor.py:208} INFO - Processing /Users/swarnalidatta/Desktop/AutoQueryChatbot/.airflow-venv/lib/python3.12/site-packages/airflow/example_dags/example_trigger_target_dag.py took 0.065 seconds
[2026-09-20T15:08:28.873+0200] {processor.py:186} INFO - Started process (PID=6895) to work on /Users/swarnalidatta/Desktop/AutoQueryChatbot/.airflow-venv/lib/python3.12/site-packages/airflow/example_dags/example_trigger_target_dag.py
[2026-09-20T15:08:28.873+0200] {processor.py:914} INFO - Processing file /Users/swarnalidatta/Desktop/AutoQueryChatbot/.airflow-venv/lib/python3.12/site-packages/airflow/example_dags/example_trigger_target_dag.py for tasks to queue
[2026-09-20T15:08:28.873+0200] {logging_mixin.py:190} INFO - [2026-09-20T15:08:28.873+0200] {dagbag.py:588} INFO - Filling up the DagBag from /Users/swarnalidatta/Desktop/AutoQueryChatbot/.airflow-venv/lib/python3.12/site-packages/airflow/example_dags/example_trigger_target_dag.py
[2026-09-20T15:08:28.886+0200] {processor.py:925} INFO - DAG(s) 'example_trigger_target_dag' retrieved from /Users/swarnalidatta/Desktop/AutoQueryChatbot/.airflow-venv/lib/python3.12/site-packages/airflow/example_dags/example_trigger_target_dag.py
[2026-09-20T15:08:28.910+0200] {logging_mixin.py:190} INFO - [2026-09-20T15:08:28.910+0200] {dag.py:3239} INFO - Sync 1 DAGs
[2026-09-20T15:08:28.933+0200] {logging_mixin.py:190} INFO - [2026-09-20T15:08:28.933+0200] {dag.py:4180} INFO - Setting next_dagrun for example_trigger_target_dag to None, run_after=None
[2026-09-20T15:08:28.938+0200] {processor.py:208} INFO - Processing /Users/swarnalidatta/Desktop/AutoQueryChatbot/.airflow-venv/lib/python3.12/site-packages/airflow/example_dags/example_trigger_target_dag.py took 0.067 seconds
[2026-09-20T18:45:02.812+0200] {processor.py:186} INFO - Started process (PID=7203) to work on /Users/swarnalidatta/Desktop/AutoQueryChatbot/.airflow-venv/lib/python3.12/site-packages/airflow/example_dags/example_trigger_target_dag.py
[2026-09-20T18:45:02.812+0200] {processor.py:914} INFO - Processing file /Users/swarnalidatta/Desktop/AutoQueryChatbot/.airflow-venv/lib/python3.12/site-packages/airflow/example_dags/example_trigger_target_dag.py for tasks to queue
[2026-09-20T18:45:02.812+0200] {logging_mixin.py:190} INFO - [2026-09-20T18:45:02.812+0200] {dagbag.py:588} INFO - Filling up the DagBag from /Users/swarnalidatta/Desktop/AutoQueryChatbot/.airflow-venv/lib/python3.12/site-packages/airflow/example_dags/example_trigger_target_dag.py
[2026-09-20T18:45:02.824+0200] {processor.py:925} INFO - DAG(s) 'example_trigger_target_dag' retrieved from /Users/swarnalidatta/Desktop/AutoQueryChatbot/.airflow-venv/lib/python3.12/site-packages/airflow/example_dags/example_trigger_target_dag.py
[2026-09-20T18:45:02.849+0200] {logging_mixin.py:190} INFO - [2026-09-20T18:45:02.849+0200] {dag.py:3239} INFO - Sync 1 DAGs
[2026-09-20T18:45:02.871+0200] {logging_mixin.py:190} INFO - [2026-09-20T18:45:02.871+0200] {dag.py:4180} INFO - Setting next_dagrun for example_trigger_target_dag to None, run_after=None
[2026-09-20T18:45:02.876+0200] {processor.py:208} INFO - Processing /Users/swarnalidatta/Desktop/AutoQueryChatbot/.airflow-venv/lib/python3.12/site-packages/airflow/example_dags/example_trigger_target_dag.py took 0.065 seconds
[2026-09-20T22:31:53.493+0200] {processor.py:186} INFO - Started process (PID=7508) to work on /Users/swarnalidatta/Desktop/AutoQueryChatbot/.airflow-venv/lib/python3.12/site-packages/airflow/example_dags/example_trigger_target_dag.py
[2026-09-20T22:31:53.493+0200] {processor.py:914} INFO - Processing file /Users/swarnalidatta/Desktop/AutoQueryChatbot/.airflow-venv/lib/python3.12/site-packages/airflow/example_dags/example_trigger_target_dag.py for tasks to queue
[2026-09-20T22:31:53.493+0200] {logging_mixin.py:190} INFO - [2026-09-20T22:31:53.493+0200] {dagbag.py:588} INFO - Filling up the DagBag from /Users/swarnalidatta/Desktop/AutoQueryChatbot/.airflow-venv/lib/python3.12/site-packages/airflow/example_dags/example_trigger_target_dag.py
[2026-09-20T22:31:53.505+0200] {processor.py:925} INFO - DAG(s) 'example_trigger_target_dag' retrieved from /Users/swarnalidatta/Desktop/AutoQueryChatbot/.airflow-venv/lib/python3.12/site-packages/airflow/example_dags/example_trigger_target_dag.py
[2026-09-20T22:31:53.530+0200] {logging_mixin.py:190} INFO - [2026-09-20T22:31:53.530+0200] {dag.py:3239} INFO - Sync 1 DAGs
[2026-09-20T22:31:53.554+0200] {logging_mixin.py:190} INFO - [2026-09-20T22:31:53.553+0200] {dag.py:4180} INFO - Setting next_dagrun for example_trigger_target_dag to None, run_after=None
[2026-09-20T22:31:53.559+0200] {processor.py:208} INFO - Processing /Users/swarnalidatta/Desktop/AutoQueryChatbot/.airflow-venv/lib/python3.12/site-packages/airflow/example_dags/example_trigger_target_dag.py took 0.067 seconds
