[2026-09-20T05:33:22.103+0200] {processor.py:186} INFO - Started process (PID=5973) to work on /Users/swarnalidatta/Desktop/AutoQueryChatbot/.airflow-venv/lib/python3.12/site-packages/airflow/example_dags/example_branch_datetime_operator.py
[2026-09-20T05:33:22.104+0200] {processor.py:914} INFO - Processing file /Users/swarnalidatta/Desktop/AutoQueryChatbot/.airflow-venv/lib/python3.12/site-packages/airflow/example_dags/example_branch_datetime_operator.py for tasks to queue
[2026-09-20T05:33:22.104+0200] {logging_mixin.py:190} INFO - [2026-09-20T05:33:22.104+0200] {dagbag.py:588} INFO - Filling up the DagBag from /Users/swarnalidatta/Desktop/AutoQueryChatbot/.airflow-venv/lib/python3.12/site-packages/airflow/example_dags/example_branch_datetime_operator.py
[2026-09-20T05:33:22.108+0200] {processor.py:925} INFO - DAG(s) 'example_branch_datetime_operator_2', 'example_branch_datetime_operator', 'example_branch_datetime_operator_3' retrieved from /Users/swarnalidatta/Desktop/AutoQueryChatbot/.airflow-venv/lib/python3.12/site-packages/airflow/example_dags/example_branch_datetime_operator.py
[2026-09-20T05:33:22.135+0200] {logging_mixin.py:190} INFO - [2026-09-20T05:33:22.134+0200] {dag.py:3239} INFO - Sync 3 DAGs
[2026-09-20T05:33:22.139+0200] {logging_mixin.py:190} INFO - [2026-09-20T05:33:22.139+0200] {dag.py:4180} INFO - Setting next_dagrun for example_branch_datetime_operator to 2026-09-19 00:00:00+00:00, run_after=2026-09-20 00:00:00+00:00
[2026-09-20T05:33:22.140+0200] {logging_mixin.py:190} INFO - [2026-09-20T05:33:22.140+0200] {dag.py:4180} INFO - Setting next_dagrun for example_branch_datetime_operator_2 to 2026-09-19 00:00:00+00:00, run_after=2026-09-20 00:00:00+00:00
[2026-09-20T05:33:22.141+0200] {logging_mixin.py:190} INFO - [2026-09-20T05:33:22.141+0200] {dag.py:4180} INFO - Setting next_dagrun for example_branch_datetime_operator_3 to 2026-09-19 00:00:00+00:00, run_after=2026-09-20 00:00:00+00:00
[2026-09-20T05:33:22.165+0200] {processor.py:208} INFO - Processing /Users/swarnalidatta/Desktop/AutoQueryChatbot/.airflow-venv/lib/python3.12/site-packages/airflow/example_dags/example_branch_datetime_operator.py took 0.063 seconds
[2026-09-20T12:06:04.368+0200] {processor.py:186} INFO - Started process (PID=6544) to work on /Users/swarnalidatta/Desktop/AutoQueryChatbot/.airflow-venv/lib/python3.12/site-packages/airflow/example_dags/example_branch_datetime_operator.py
[2026-09-20T12:06:04.369+0200] {processor.py:914} INFO - Processing file /Users/swarnalidatta/Desktop/AutoQueryChatbot/.airflow-venv/lib/python3.12/site-packages/airflow/example_dags/example_branch_datetime_operator.py for tasks to queue
[2026-09-20T12:06:04.369+0200] {logging_mixin.py:190} INFO - [2026-09-20T12:06:04.369+0200] {dagbag.py:588} INFO - Filling up the DagBag from /Users/swarnalidatta/Desktop/AutoQueryChatbot/.airflow-venv/lib/python3.12/site-packages/airflow/example_dags/example_branch_datetime_operator.py
[2026-09-20T12:06:04.373+0200] {processor.py:925} INFO - DAG(s) 'example_branch_datetime_operator', 'example_branch_datetime_operator_2', 'example_branch_datetime_operator_3' retrieved from /Users/swarnalidatta/Desktop/AutoQueryChatbot/.airflow-venv/lib/python3.12/site-packages/airflow/example_dags/example_branch_datetime_operator.py
[2026-09-20T12:06:04.400+0200] {logging_mixin.py:190} INFO - [2026-09-20T12:06:04.400+0200] {dag.py:3239} INFO - Sync 3 DAGs
[2026-09-20T12:06:04.404+0200] {logging_mixin.py:190} INFO - [2026-09-20T12:06:04.404+0200] {dag.py:4180} INFO - Setting next_dagrun for example_branch_datetime_operator to 2026-09-19 00:00:00+00:00, run_after=2026-09-20 00:00:00+00:00
[2026-09-20T12:06:04.406+0200] {logging_mixin.py:190} INFO - [2026-09-20T12:06:04.405+0200] {dag.py:4180} INFO - Setting next_dagrun for example_branch_datetime_operator_2 to 2026-09-19 00:00:00+00:00, run_after=2026-09-20 00:00:00+00:00
[2026-09-20T12:06:04.406+0200] {logging_mixin.py:190} INFO - [2026-09-20T12:06:04.406+0200] {dag.py:4180} INFO - Setting next_dagrun for example_branch_datetime_operator_3 to 2026-09-19 00:00:00+00:00, run_after=2026-09-20 00:00:00+00:00
[2026-09-20T12:06:04.430+0200] {processor.py:208} INFO - Processing /Users/swarnalidatta/Desktop/AutoQueryChatbot/.airflow-venv/lib/python3.12/site-packages/airflow/example_dags/example_branch_datetime_operator.py took 0.063 seconds
[2026-09-20T17:42:27.548+0200] {processor.py:186} INFO - Started process (PID=7113) to work on /Users/swarnalidatta/Desktop/AutoQueryChatbot/.airflow-venv/lib/python3.12/site-packages/airflow/example_dags/example_branch_datetime_operator.py
[2026-09-20T17:42:27.549+0200] {processor.py:914} INFO - Processing file /Users/swarnalidatta/Desktop/AutoQueryChatbot/.airflow-venv/lib/python3.12/site-packages/airflow/example_dags/example_branch_datetime_operator.py for tasks to queue
[2026-09-20T17:42:27.549+0200] {logging_mixin.py:190} INFO - [2026-09-20T17:42:27.549+0200] {dagbag.py:588} INFO - Filling up the DagBag from /Users/swarnalidatta/Desktop/AutoQueryChatbot/.airflow-venv/lib/python3.12/site-packages/airflow/example_dags/example_branch_datetime_operator.py
[2026-09-20T17:42:27.553+0200] {processor.py:925} INFO - DAG(s) 'example_branch_datetime_operator_2', 'example_branch_datetime_operator_3', 'example_branch_datetime_operator' retrieved from /Users/swarnalidatta/Desktop/AutoQueryChatbot/.airflow-venv/lib/python3.12/site-packages/airflow/example_dags/example_branch_datetime_operator.py
[2026-09-20T17:42:27.580+0200] {logging_mixin.py:190} INFO - [2026-09-20T17:42:27.580+0200] {dag.py:3239} INFO - Sync 3 DAGs
[2026-09-20T17:42:27.585+0200] {logging_mixin.py:190} INFO - [2026-09-20T17:42:27.585+0200] {dag.py:4180} INFO - Setting next_dagrun for example_branch_datetime_operator to 2026-09-19 00:00:00+00:00, run_after=2026-09-20 00:00:00+00:00
[2026-09-20T17:42:27.586+0200] {logging_mixin.py:190} INFO - [2026-09-20T17:42:27.586+0200] {dag.py:4180} INFO - Setting next_dagrun for example_branch_datetime_operator_2 to 2026-09-19 00:00:00+00:00, run_after=2026-09-20 00:00:00+00:00
[2026-09-20T17:42:27.586+0200] {logging_mixin.py:190} INFO - [2026-09-20T17:42:27.586+0200] {dag.py:4180} INFO - Setting next_dagrun for example_branch_datetime_operator_3 to 2026-09-19 00:00:00+00:00, run_after=2026-09-20 00:00:00+00:00
[2026-09-20T17:42:27.611+0200] {processor.py:208} INFO - Processing /Users/swarnalidatta/Desktop/AutoQueryChatbot/.airflow-venv/lib/python3.12/site-packages/airflow/example_dags/example_branch_datetime_operator.py took 0.063 seconds
[2026-09-20T21:30:50.010+0200] {processor.py:186} INFO - Started process (PID=7414) to work on /Users/swarnalidatta/Desktop/AutoQueryChatbot/.airflow-venv/lib/python3.12/site-packages/airflow/example_dags/example_branch_datetime_operator.py
[2026-09-20T21:30:50.010+0200] {processor.py:914} INFO - Processing file /Users/swarnalidatta/Desktop/AutoQueryChatbot/.airflow-venv/lib/python3.12/site-packages/airflow/example_dags/example_branch_datetime_operator.py for tasks to queue
[2026-09-20T21:30:50.011+0200] {logging_mixin.py:190} INFO - [2026-09-20T21:30:50.011+0200] {dagbag.py:588} INFO - Filling up the DagBag from /Users/swarnalidatta/Desktop/AutoQueryChatbot/.airflow-venv/lib/python3.12/site-packages/airflow/example_dags/example_branch_datetime_operator.py
[2026-09-20T21:30:50.014+0200] {processor.py:925} INFO - DAG(s) 'example_branch_datetime_operator_2', 'example_branch_datetime_operator', 'example_branch_datetime_operator_3' retrieved from /Users/swarnalidatta/Desktop/AutoQueryChatbot/.airflow-venv/lib/python3.12/site-packages/airflow/example_dags/example_branch_datetime_operator.py
[2026-09-20T21:30:50.043+0200] {logging_mixin.py:190} INFO - [2026-09-20T21:30:50.043+0200] {dag.py:3239} INFO - Sync 3 DAGs
[2026-09-20T21:30:50.048+0200] {logging_mixin.py:190} INFO - [2026-09-20T21:30:50.048+0200] {dag.py:4180} INFO - Setting next_dagrun for example_branch_datetime_operator to 2026-09-19 00:00:00+00:00, run_after=2026-09-20 00:00:00+00:00
[2026-09-20T21:30:50.049+0200] {logging_mixin.py:190} INFO - [2026-09-20T21:30:50.049+0200] {dag.py:4180} INFO - Setting next_dagrun for example_branch_datetime_operator_2 to 2026-09-19 00:00:00+00:00, run_after=2026-09-20 00:00:00+00:00
[2026-09-20T21:30:50.050+0200] {logging_mixin.py:190} INFO - [2026-09-20T21:30:50.050+0200] {dag.py:4180} INFO - Setting next_dagrun for example_branch_datetime_operator_3 to 2026-09-19 00:00:00+00:00, run_after=2026-09-20 00:00:00+00:00
[2026-09-20T21:30:50.076+0200] {processor.py:208} INFO - Processing /Users/swarnalidatta/Desktop/AutoQueryChatbot/.airflow-venv/lib/python3.12/site-packages/airflow/example_dags/example_branch_datetime_operator.py took 0.067 seconds
