[2026-09-20T02:46:40.978+0200] {processor.py:186} INFO - Started process (PID=5835) to work on /Users/swarnalidatta/Desktop/AutoQueryChatbot/.airflow-venv/lib/python3.12/site-packages/airflow/example_dags/example_sensors.py
[2026-09-20T02:46:40.978+0200] {processor.py:914} INFO - Processing file /Users/swarnalidatta/Desktop/AutoQueryChatbot/.airflow-venv/lib/python3.12/site-packages/airflow/example_dags/example_sensors.py for tasks to queue
[2026-09-20T02:46:40.979+0200] {logging_mixin.py:190} INFO - [2026-09-20T02:46:40.978+0200] {dagbag.py:588} INFO - Filling up the DagBag from /Users/swarnalidatta/Desktop/AutoQueryChatbot/.airflow-venv/lib/python3.12/site-packages/airflow/example_dags/example_sensors.py
[2026-09-20T02:46:40.982+0200] {processor.py:925} INFO - DAG(s) 'example_sensors' retrieved from /Users/swarnalidatta/Desktop/AutoQueryChatbot/.airflow-venv/lib/python3.12/site-packages/airflow/example_dags/example_sensors.py
[2026-09-20T02:46:41.177+0200] {logging_mixin.py:190} INFO - [2026-09-20T02:46:41.177+0200] {dag.py:3239} INFO - Sync 1 DAGs
[2026-09-20T02:46:41.181+0200] {logging_mixin.py:190} INFO - [2026-09-20T02:46:41.181+0200] {dag.py:4180} INFO - Setting next_dagrun for example_sensors to None, run_after=None
[2026-09-20T02:46:41.190+0200] {processor.py:208} INFO - Processing /Users/swarnalidatta/Desktop/AutoQueryChatbot/.airflow-venv/lib/python3.12/site-packages/airflow/example_dags/example_sensors.py took 0.214 seconds
[2026-09-20T07:30:03.313+0200] {processor.py:186} INFO - Started process (PID=6142) to work on /Users/swarnalidatta/Desktop/AutoQueryChatbot/.airflow-venv/lib/python3.12/site-packages/airflow/example_dags/example_sensors.py
[2026-09-20T07:30:03.313+0200] {processor.py:914} INFO - Processing file /Users/swarnalidatta/Desktop/AutoQueryChatbot/.airflow-venv/lib/python3.12/site-packages/airflow/example_dags/example_sensors.py for tasks to queue
[2026-09-20T07:30:03.314+0200] {logging_mixin.py:190} INFO - [2026-09-20T07:30:03.314+0200] {dagbag.py:588} INFO - Filling up the DagBag from /Users/swarnalidatta/Desktop/AutoQueryChatbot/.airflow-venv/lib/python3.12/site-packages/airflow/example_dags/example_sensors.py
[2026-09-20T07:30:03.318+0200] {processor.py:925} INFO - DAG(s) 'example_sensors' retrieved from /Users/swarnalidatta/Desktop/AutoQueryChatbot/.airflow-venv/lib/python3.12/site-packages/airflow/example_dags/example_sensors.py
[2026-09-20T07:30:03.509+0200] {logging_mixin.py:190} INFO - [2026-09-20T07:30:03.509+0200] {dag.py:3239} INFO - Sync 1 DAGs
[2026-09-20T07:30:03.512+0200] {logging_mixin.py:190} INFO - [2026-09-20T07:30:03.512+0200] {dag.py:4180} INFO - Setting next_dagrun for example_sensors to None, run_after=None
[2026-09-20T07:30:03.517+0200] {processor.py:208} INFO - Processing /Users/swarnalidatta/Desktop/AutoQueryChatbot/.airflow-venv/lib/python3.12/site-packages/airflow/example_dags/example_sensors.py took 0.205 seconds
[2026-09-20T11:20:24.265+0200] {processor.py:186} INFO - Started process (PID=6437) to work on /Users/swarnalidatta/Desktop/AutoQueryChatbot/.airflow-venv/lib/python3.12/site-packages/airflow/example_dags/example_sensors.py
[2026-09-20T11:20:24.266+0200] {processor.py:914} INFO - Processing file /Users/swarnalidatta/Desktop/AutoQueryChatbot/.airflow-venv/lib/python3.12/site-packages/airflow/example_dags/example_sensors.py for tasks to queue
[2026-09-20T11:20:24.266+0200] {logging_mixin.py:190} INFO - [2026-09-20T11:20:24.266+0200] {dagbag.py:588} INFO - Filling up the DagBag from /Users/swarnalidatta/Desktop/AutoQueryChatbot/.airflow-venv/lib/python3.12/site-packages/airflow/example_dags/example_sensors.py
[2026-09-20T11:20:24.270+0200] {processor.py:925} INFO - DAG(s) 'example_sensors' retrieved from /Users/swarnalidatta/Desktop/AutoQueryChatbot/.airflow-venv/lib/python3.12/site-packages/airflow/example_dags/example_sensors.py
[2026-09-20T11:20:24.469+0200] {logging_mixin.py:190} INFO - [2026-09-20T11:20:24.469+0200] {dag.py:3239} INFO - Sync 1 DAGs
[2026-09-20T11:20:24.473+0200] {logging_mixin.py:190} INFO - [2026-09-20T11:20:24.473+0200] {dag.py:4180} INFO - Setting next_dagrun for example_sensors to None, run_after=None
[2026-09-20T11:20:24.478+0200] {processor.py:208} INFO - Processing /Users/swarnalidatta/Desktop/AutoQueryChatbot/.airflow-venv/lib/python3.12/site-packages/airflow/example_dags/example_sensors.py took 0.214 seconds
[2026-09-20T13:09:29.917+0200] {processor.py:186} INFO - Started process (PID=6678) to work on /Users/swarnalidatta/Desktop/AutoQueryChatbot/.airflow-venv/lib/python3.12/site-packages/airflow/example_dags/example_sensors.py
[2026-09-20T13:09:29.917+0200] {processor.py:914} INFO - Processing file /Users/swarnalidatta/Desktop/AutoQueryChatbot/.airflow-venv/lib/python3.12/site-packages/airflow/example_dags/example_sensors.py for tasks to queue
[2026-09-20T13:09:29.917+0200] {logging_mixin.py:190} INFO - [2026-09-20T13:09:29.917+0200] {dagbag.py:588} INFO - Filling up the DagBag from /Users/swarnalidatta/Desktop/AutoQueryChatbot/.airflow-venv/lib/python3.12/site-packages/airflow/example_dags/example_sensors.py
[2026-09-20T13:09:29.921+0200] {processor.py:925} INFO - DAG(s) 'example_sensors' retrieved from /Users/swarnalidatta/Desktop/AutoQueryChatbot/.airflow-venv/lib/python3.12/site-packages/airflow/example_dags/example_sensors.py
[2026-09-20T13:09:30.110+0200] {logging_mixin.py:190} INFO - [2026-09-20T13:09:30.110+0200] {dag.py:3239} INFO - Sync 1 DAGs
[2026-09-20T13:09:30.113+0200] {logging_mixin.py:190} INFO - [2026-09-20T13:09:30.113+0200] {dag.py:4180} INFO - Setting next_dagrun for example_sensors to None, run_after=None
[2026-09-20T13:09:30.118+0200] {processor.py:208} INFO - Processing /Users/swarnalidatta/Desktop/AutoQueryChatbot/.airflow-venv/lib/python3.12/site-packages/airflow/example_dags/example_sensors.py took 0.202 seconds
[2026-09-20T15:39:29.260+0200] {processor.py:186} INFO - Started process (PID=6960) to work on /Users/swarnalidatta/Desktop/AutoQueryChatbot/.airflow-venv/lib/python3.12/site-packages/airflow/example_dags/example_sensors.py
[2026-09-20T15:39:29.260+0200] {processor.py:914} INFO - Processing file /Users/swarnalidatta/Desktop/AutoQueryChatbot/.airflow-venv/lib/python3.12/site-packages/airflow/example_dags/example_sensors.py for tasks to queue
[2026-09-20T15:39:29.260+0200] {logging_mixin.py:190} INFO - [2026-09-20T15:39:29.260+0200] {dagbag.py:588} INFO - Filling up the DagBag from /Users/swarnalidatta/Desktop/AutoQueryChatbot/.airflow-venv/lib/python3.12/site-packages/airflow/example_dags/example_sensors.py
[2026-09-20T15:39:29.264+0200] {processor.py:925} INFO - DAG(s) 'example_sensors' retrieved from /Users/swarnalidatta/Desktop/AutoQueryChatbot/.airflow-venv/lib/python3.12/site-packages/airflow/example_dags/example_sensors.py
[2026-09-20T15:39:29.459+0200] {logging_mixin.py:190} INFO - [2026-09-20T15:39:29.459+0200] {dag.py:3239} INFO - Sync 1 DAGs
[2026-09-20T15:39:29.462+0200] {logging_mixin.py:190} INFO - [2026-09-20T15:39:29.462+0200] {dag.py:4180} INFO - Setting next_dagrun for example_sensors to None, run_after=None
[2026-09-20T15:39:29.467+0200] {processor.py:208} INFO - Processing /Users/swarnalidatta/Desktop/AutoQueryChatbot/.airflow-venv/lib/python3.12/site-packages/airflow/example_dags/example_sensors.py took 0.208 seconds
[2026-09-20T19:46:20.794+0200] {processor.py:186} INFO - Started process (PID=7268) to work on /Users/swarnalidatta/Desktop/AutoQueryChatbot/.airflow-venv/lib/python3.12/site-packages/airflow/example_dags/example_sensors.py
[2026-09-20T19:46:20.795+0200] {processor.py:914} INFO - Processing file /Users/swarnalidatta/Desktop/AutoQueryChatbot/.airflow-venv/lib/python3.12/site-packages/airflow/example_dags/example_sensors.py for tasks to queue
[2026-09-20T19:46:20.795+0200] {logging_mixin.py:190} INFO - [2026-09-20T19:46:20.795+0200] {dagbag.py:588} INFO - Filling up the DagBag from /Users/swarnalidatta/Desktop/AutoQueryChatbot/.airflow-venv/lib/python3.12/site-packages/airflow/example_dags/example_sensors.py
[2026-09-20T19:46:20.799+0200] {processor.py:925} INFO - DAG(s) 'example_sensors' retrieved from /Users/swarnalidatta/Desktop/AutoQueryChatbot/.airflow-venv/lib/python3.12/site-packages/airflow/example_dags/example_sensors.py
[2026-09-20T19:46:20.989+0200] {logging_mixin.py:190} INFO - [2026-09-20T19:46:20.989+0200] {dag.py:3239} INFO - Sync 1 DAGs
[2026-09-20T19:46:20.992+0200] {logging_mixin.py:190} INFO - [2026-09-20T19:46:20.992+0200] {dag.py:4180} INFO - Setting next_dagrun for example_sensors to None, run_after=None
[2026-09-20T19:46:20.997+0200] {processor.py:208} INFO - Processing /Users/swarnalidatta/Desktop/AutoQueryChatbot/.airflow-venv/lib/python3.12/site-packages/airflow/example_dags/example_sensors.py took 0.204 seconds
[2026-09-20T23:16:23.635+0200] {processor.py:186} INFO - Started process (PID=7570) to work on /Users/swarnalidatta/Desktop/AutoQueryChatbot/.airflow-venv/lib/python3.12/site-packages/airflow/example_dags/example_sensors.py
[2026-09-20T23:16:23.635+0200] {processor.py:914} INFO - Processing file /Users/swarnalidatta/Desktop/AutoQueryChatbot/.airflow-venv/lib/python3.12/site-packages/airflow/example_dags/example_sensors.py for tasks to queue
[2026-09-20T23:16:23.635+0200] {logging_mixin.py:190} INFO - [2026-09-20T23:16:23.635+0200] {dagbag.py:588} INFO - Filling up the DagBag from /Users/swarnalidatta/Desktop/AutoQueryChatbot/.airflow-venv/lib/python3.12/site-packages/airflow/example_dags/example_sensors.py
[2026-09-20T23:16:23.640+0200] {processor.py:925} INFO - DAG(s) 'example_sensors' retrieved from /Users/swarnalidatta/Desktop/AutoQueryChatbot/.airflow-venv/lib/python3.12/site-packages/airflow/example_dags/example_sensors.py
[2026-09-20T23:26:54.514+0200] {logging_mixin.py:190} INFO - [2026-09-20T23:26:54.513+0200] {dag.py:3239} INFO - Sync 1 DAGs
[2026-09-20T23:26:54.517+0200] {logging_mixin.py:190} INFO - [2026-09-20T23:26:54.517+0200] {dag.py:4180} INFO - Setting next_dagrun for example_sensors to None, run_after=None
[2026-09-20T23:26:54.522+0200] {processor.py:208} INFO - Processing /Users/swarnalidatta/Desktop/AutoQueryChatbot/.airflow-venv/lib/python3.12/site-packages/airflow/example_dags/example_sensors.py took 0.342 seconds
