[2026-09-20T02:11:11.650+0200] {processor.py:186} INFO - Started process (PID=5783) to work on /Users/swarnalidatta/Desktop/AutoQueryChatbot/.airflow-venv/lib/python3.12/site-packages/airflow/example_dags/example_trigger_controller_dag.py
[2026-09-20T02:11:11.651+0200] {processor.py:914} INFO - Processing file /Users/swarnalidatta/Desktop/AutoQueryChatbot/.airflow-venv/lib/python3.12/site-packages/airflow/example_dags/example_trigger_controller_dag.py for tasks to queue
[2026-09-20T02:11:11.651+0200] {logging_mixin.py:190} INFO - [2026-09-20T02:11:11.651+0200] {dagbag.py:588} INFO - Filling up the DagBag from /Users/swarnalidatta/Desktop/AutoQueryChatbot/.airflow-venv/lib/python3.12/site-packages/airflow/example_dags/example_trigger_controller_dag.py
[2026-09-20T02:11:11.654+0200] {processor.py:925} INFO - DAG(s) 'example_trigger_controller_dag' retrieved from /Users/swarnalidatta/Desktop/AutoQueryChatbot/.airflow-venv/lib/python3.12/site-packages/airflow/example_dags/example_trigger_controller_dag.py
[2026-09-20T02:11:11.679+0200] {logging_mixin.py:190} INFO - [2026-09-20T02:11:11.679+0200] {dag.py:3239} INFO - Sync 1 DAGs
[2026-09-20T02:11:11.683+0200] {logging_mixin.py:190} INFO - [2026-09-20T02:11:11.683+0200] {dag.py:4180} INFO - Setting next_dagrun for example_trigger_controller_dag to 2021-01-01 00:00:00+00:00, run_after=2021-01-01 00:00:00+00:00
[2026-09-20T02:11:11.688+0200] {processor.py:208} INFO - Processing /Users/swarnalidatta/Desktop/AutoQueryChatbot/.airflow-venv/lib/python3.12/site-packages/airflow/example_dags/example_trigger_controller_dag.py took 0.039 seconds
[2026-09-20T06:49:25.233+0200] {processor.py:186} INFO - Started process (PID=6087) to work on /Users/swarnalidatta/Desktop/AutoQueryChatbot/.airflow-venv/lib/python3.12/site-packages/airflow/example_dags/example_trigger_controller_dag.py
[2026-09-20T06:49:25.234+0200] {processor.py:914} INFO - Processing file /Users/swarnalidatta/Desktop/AutoQueryChatbot/.airflow-venv/lib/python3.12/site-packages/airflow/example_dags/example_trigger_controller_dag.py for tasks to queue
[2026-09-20T06:49:25.234+0200] {logging_mixin.py:190} INFO - [2026-09-20T06:49:25.234+0200] {dagbag.py:588} INFO - Filling up the DagBag from /Users/swarnalidatta/Desktop/AutoQueryChatbot/.airflow-venv/lib/python3.12/site-packages/airflow/example_dags/example_trigger_controller_dag.py
[2026-09-20T06:49:25.237+0200] {processor.py:925} INFO - DAG(s) 'example_trigger_controller_dag' retrieved from /Users/swarnalidatta/Desktop/AutoQueryChatbot/.airflow-venv/lib/python3.12/site-packages/airflow/example_dags/example_trigger_controller_dag.py
[2026-09-20T06:49:25.262+0200] {logging_mixin.py:190} INFO - [2026-09-20T06:49:25.261+0200] {dag.py:3239} INFO - Sync 1 DAGs
[2026-09-20T06:49:25.266+0200] {logging_mixin.py:190} INFO - [2026-09-20T06:49:25.266+0200] {dag.py:4180} INFO - Setting next_dagrun for example_trigger_controller_dag to 2021-01-01 00:00:00+00:00, run_after=2021-01-01 00:00:00+00:00
[2026-09-20T06:49:25.271+0200] {processor.py:208} INFO - Processing /Users/swarnalidatta/Desktop/AutoQueryChatbot/.airflow-venv/lib/python3.12/site-packages/airflow/example_dags/example_trigger_controller_dag.py took 0.039 seconds
[2026-09-20T10:19:43.880+0200] {processor.py:186} INFO - Started process (PID=6382) to work on /Users/swarnalidatta/Desktop/AutoQueryChatbot/.airflow-venv/lib/python3.12/site-packages/airflow/example_dags/example_trigger_controller_dag.py
[2026-09-20T10:19:43.881+0200] {processor.py:914} INFO - Processing file /Users/swarnalidatta/Desktop/AutoQueryChatbot/.airflow-venv/lib/python3.12/site-packages/airflow/example_dags/example_trigger_controller_dag.py for tasks to queue
[2026-09-20T10:19:43.882+0200] {logging_mixin.py:190} INFO - [2026-09-20T10:19:43.881+0200] {dagbag.py:588} INFO - Filling up the DagBag from /Users/swarnalidatta/Desktop/AutoQueryChatbot/.airflow-venv/lib/python3.12/site-packages/airflow/example_dags/example_trigger_controller_dag.py
[2026-09-20T10:19:43.885+0200] {processor.py:925} INFO - DAG(s) 'example_trigger_controller_dag' retrieved from /Users/swarnalidatta/Desktop/AutoQueryChatbot/.airflow-venv/lib/python3.12/site-packages/airflow/example_dags/example_trigger_controller_dag.py
[2026-09-20T10:19:43.908+0200] {logging_mixin.py:190} INFO - [2026-09-20T10:19:43.908+0200] {dag.py:3239} INFO - Sync 1 DAGs
[2026-09-20T10:19:43.913+0200] {logging_mixin.py:190} INFO - [2026-09-20T10:19:43.912+0200] {dag.py:4180} INFO - Setting next_dagrun for example_trigger_controller_dag to 2021-01-01 00:00:00+00:00, run_after=2021-01-01 00:00:00+00:00
[2026-09-20T10:19:43.917+0200] {processor.py:208} INFO - Processing /Users/swarnalidatta/Desktop/AutoQueryChatbot/.airflow-venv/lib/python3.12/site-packages/airflow/example_dags/example_trigger_controller_dag.py took 0.038 seconds
[2026-09-20T13:03:33.670+0200] {processor.py:186} INFO - Started process (PID=6630) to work on /Users/swarnalidatta/Desktop/AutoQueryChatbot/.airflow-venv/lib/python3.12/site-packages/airflow/example_dags/example_trigger_controller_dag.py
[2026-09-20T13:03:33.670+0200] {processor.py:914} INFO - Processing file /Users/swarnalidatta/Desktop/AutoQueryChatbot/.airflow-venv/lib/python3.12/site-packages/airflow/example_dags/example_trigger_controller_dag.py for tasks to queue
[2026-09-20T13:03:33.671+0200] {logging_mixin.py:190} INFO - [2026-09-20T13:03:33.671+0200] {dagbag.py:588} INFO - Filling up the DagBag from /Users/swarnalidatta/Desktop/AutoQueryChatbot/.airflow-venv/lib/python3.12/site-packages/airflow/example_dags/example_trigger_controller_dag.py
[2026-09-20T13:03:33.676+0200] {processor.py:925} INFO - DAG(s) 'example_trigger_controller_dag' retrieved from /Users/swarnalidatta/Desktop/AutoQueryChatbot/.airflow-venv/lib/python3.12/site-packages/airflow/example_dags/example_trigger_controller_dag.py
[2026-09-20T13:03:33.713+0200] {logging_mixin.py:190} INFO - [2026-09-20T13:03:33.713+0200] {dag.py:3239} INFO - Sync 1 DAGs
[2026-09-20T13:03:33.718+0200] {logging_mixin.py:190} INFO - [2026-09-20T13:03:33.718+0200] {dag.py:4180} INFO - Setting next_dagrun for example_trigger_controller_dag to 2021-01-01 00:00:00+00:00, run_after=2021-01-01 00:00:00+00:00
[2026-09-20T13:03:33.724+0200] {processor.py:208} INFO - Processing /Users/swarnalidatta/Desktop/AutoQueryChatbot/.airflow-venv/lib/python3.12/site-packages/airflow/example_dags/example_trigger_controller_dag.py took 0.056 seconds
[2026-09-20T15:08:30.634+0200] {processor.py:186} INFO - Started process (PID=6902) to work on /Users/swarnalidatta/Desktop/AutoQueryChatbot/.airflow-venv/lib/python3.12/site-packages/airflow/example_dags/example_trigger_controller_dag.py
[2026-09-20T15:08:30.634+0200] {processor.py:914} INFO - Processing file /Users/swarnalidatta/Desktop/AutoQueryChatbot/.airflow-venv/lib/python3.12/site-packages/airflow/example_dags/example_trigger_controller_dag.py for tasks to queue
[2026-09-20T15:08:30.635+0200] {logging_mixin.py:190} INFO - [2026-09-20T15:08:30.634+0200] {dagbag.py:588} INFO - Filling up the DagBag from /Users/swarnalidatta/Desktop/AutoQueryChatbot/.airflow-venv/lib/python3.12/site-packages/airflow/example_dags/example_trigger_controller_dag.py
[2026-09-20T15:08:30.639+0200] {processor.py:925} INFO - DAG(s) 'example_trigger_controller_dag' retrieved from /Users/swarnalidatta/Desktop/AutoQueryChatbot/.airflow-venv/lib/python3.12/site-packages/airflow/example_dags/example_trigger_controller_dag.py
[2026-09-20T15:08:30.668+0200] {logging_mixin.py:190} INFO - [2026-09-20T15:08:30.668+0200] {dag.py:3239} INFO - Sync 1 DAGs
[2026-09-20T15:08:30.674+0200] {logging_mixin.py:190} INFO - [2026-09-20T15:08:30.674+0200] {dag.py:4180} INFO - Setting next_dagrun for example_trigger_controller_dag to 2021-01-01 00:00:00+00:00, run_after=2021-01-01 00:00:00+00:00
[2026-09-20T15:08:30.680+0200] {processor.py:208} INFO - Processing /Users/swarnalidatta/Desktop/AutoQueryChatbot/.airflow-venv/lib/python3.12/site-packages/airflow/example_dags/example_trigger_controller_dag.py took 0.047 seconds
[2026-09-20T19:01:50.437+0200] {processor.py:186} INFO - Started process (PID=7205) to work on /Users/swarnalidatta/Desktop/AutoQueryChatbot/.airflow-venv/lib/python3.12/site-packages/airflow/example_dags/example_trigger_controller_dag.py
[2026-09-20T19:01:50.438+0200] {processor.py:914} INFO - Processing file /Users/swarnalidatta/Desktop/AutoQueryChatbot/.airflow-venv/lib/python3.12/site-packages/airflow/example_dags/example_trigger_controller_dag.py for tasks to queue
[2026-09-20T19:01:50.438+0200] {logging_mixin.py:190} INFO - [2026-09-20T19:01:50.438+0200] {dagbag.py:588} INFO - Filling up the DagBag from /Users/swarnalidatta/Desktop/AutoQueryChatbot/.airflow-venv/lib/python3.12/site-packages/airflow/example_dags/example_trigger_controller_dag.py
[2026-09-20T19:01:50.444+0200] {processor.py:925} INFO - DAG(s) 'example_trigger_controller_dag' retrieved from /Users/swarnalidatta/Desktop/AutoQueryChatbot/.airflow-venv/lib/python3.12/site-packages/airflow/example_dags/example_trigger_controller_dag.py
[2026-09-20T19:01:50.477+0200] {logging_mixin.py:190} INFO - [2026-09-20T19:01:50.477+0200] {dag.py:3239} INFO - Sync 1 DAGs
[2026-09-20T19:01:50.482+0200] {logging_mixin.py:190} INFO - [2026-09-20T19:01:50.482+0200] {dag.py:4180} INFO - Setting next_dagrun for example_trigger_controller_dag to 2021-01-01 00:00:00+00:00, run_after=2021-01-01 00:00:00+00:00
[2026-09-20T19:01:50.488+0200] {processor.py:208} INFO - Processing /Users/swarnalidatta/Desktop/AutoQueryChatbot/.airflow-venv/lib/python3.12/site-packages/airflow/example_dags/example_trigger_controller_dag.py took 0.053 seconds
[2026-09-20T22:31:55.203+0200] {processor.py:186} INFO - Started process (PID=7511) to work on /Users/swarnalidatta/Desktop/AutoQueryChatbot/.airflow-venv/lib/python3.12/site-packages/airflow/example_dags/example_trigger_controller_dag.py
[2026-09-20T22:31:55.203+0200] {processor.py:914} INFO - Processing file /Users/swarnalidatta/Desktop/AutoQueryChatbot/.airflow-venv/lib/python3.12/site-packages/airflow/example_dags/example_trigger_controller_dag.py for tasks to queue
[2026-09-20T22:31:55.203+0200] {logging_mixin.py:190} INFO - [2026-09-20T22:31:55.203+0200] {dagbag.py:588} INFO - Filling up the DagBag from /Users/swarnalidatta/Desktop/AutoQueryChatbot/.airflow-venv/lib/python3.12/site-packages/airflow/example_dags/example_trigger_controller_dag.py
[2026-09-20T22:31:55.207+0200] {processor.py:925} INFO - DAG(s) 'example_trigger_controller_dag' retrieved from /Users/swarnalidatta/Desktop/AutoQueryChatbot/.airflow-venv/lib/python3.12/site-packages/airflow/example_dags/example_trigger_controller_dag.py
[2026-09-20T22:31:55.230+0200] {logging_mixin.py:190} INFO - [2026-09-20T22:31:55.230+0200] {dag.py:3239} INFO - Sync 1 DAGs
[2026-09-20T22:31:55.235+0200] {logging_mixin.py:190} INFO - [2026-09-20T22:31:55.235+0200] {dag.py:4180} INFO - Setting next_dagrun for example_trigger_controller_dag to 2021-01-01 00:00:00+00:00, run_after=2021-01-01 00:00:00+00:00
[2026-09-20T22:31:55.240+0200] {processor.py:208} INFO - Processing /Users/swarnalidatta/Desktop/AutoQueryChatbot/.airflow-venv/lib/python3.12/site-packages/airflow/example_dags/example_trigger_controller_dag.py took 0.038 seconds
