[2026-09-20T02:44:30.042+0200] {processor.py:186} INFO - Started process (PID=5812) to work on /Users/swarnalidatta/Desktop/AutoQueryChatbot/.airflow-venv/lib/python3.12/site-packages/airflow/example_dags/example_skip_dag.py
[2026-09-20T02:44:30.042+0200] {processor.py:914} INFO - Processing file /Users/swarnalidatta/Desktop/AutoQueryChatbot/.airflow-venv/lib/python3.12/site-packages/airflow/example_dags/example_skip_dag.py for tasks to queue
[2026-09-20T02:44:30.043+0200] {logging_mixin.py:190} INFO - [2026-09-20T02:44:30.043+0200] {dagbag.py:588} INFO - Filling up the DagBag from /Users/swarnalidatta/Desktop/AutoQueryChatbot/.airflow-venv/lib/python3.12/site-packages/airflow/example_dags/example_skip_dag.py
[2026-09-20T02:44:30.045+0200] {processor.py:925} INFO - DAG(s) 'example_skip_dag' retrieved from /Users/swarnalidatta/Desktop/AutoQueryChatbot/.airflow-venv/lib/python3.12/site-packages/airflow/example_dags/example_skip_dag.py
[2026-09-20T02:44:30.071+0200] {logging_mixin.py:190} INFO - [2026-09-20T02:44:30.071+0200] {dag.py:3239} INFO - Sync 1 DAGs
[2026-09-20T02:44:30.076+0200] {logging_mixin.py:190} INFO - [2026-09-20T02:44:30.076+0200] {dag.py:4180} INFO - Setting next_dagrun for example_skip_dag to 2026-09-19 00:00:00+00:00, run_after=2026-09-20 00:00:00+00:00
[2026-09-20T02:44:30.102+0200] {processor.py:208} INFO - Processing /Users/swarnalidatta/Desktop/AutoQueryChatbot/.airflow-venv/lib/python3.12/site-packages/airflow/example_dags/example_skip_dag.py took 0.061 seconds
[2026-09-20T07:01:00.424+0200] {processor.py:186} INFO - Started process (PID=6112) to work on /Users/swarnalidatta/Desktop/AutoQueryChatbot/.airflow-venv/lib/python3.12/site-packages/airflow/example_dags/example_skip_dag.py
[2026-09-20T07:01:00.424+0200] {processor.py:914} INFO - Processing file /Users/swarnalidatta/Desktop/AutoQueryChatbot/.airflow-venv/lib/python3.12/site-packages/airflow/example_dags/example_skip_dag.py for tasks to queue
[2026-09-20T07:01:00.425+0200] {logging_mixin.py:190} INFO - [2026-09-20T07:01:00.425+0200] {dagbag.py:588} INFO - Filling up the DagBag from /Users/swarnalidatta/Desktop/AutoQueryChatbot/.airflow-venv/lib/python3.12/site-packages/airflow/example_dags/example_skip_dag.py
[2026-09-20T07:01:00.427+0200] {processor.py:925} INFO - DAG(s) 'example_skip_dag' retrieved from /Users/swarnalidatta/Desktop/AutoQueryChatbot/.airflow-venv/lib/python3.12/site-packages/airflow/example_dags/example_skip_dag.py
[2026-09-20T07:01:00.452+0200] {logging_mixin.py:190} INFO - [2026-09-20T07:01:00.452+0200] {dag.py:3239} INFO - Sync 1 DAGs
[2026-09-20T07:01:00.457+0200] {logging_mixin.py:190} INFO - [2026-09-20T07:01:00.457+0200] {dag.py:4180} INFO - Setting next_dagrun for example_skip_dag to 2026-09-19 00:00:00+00:00, run_after=2026-09-20 00:00:00+00:00
[2026-09-20T07:01:00.482+0200] {processor.py:208} INFO - Processing /Users/swarnalidatta/Desktop/AutoQueryChatbot/.airflow-venv/lib/python3.12/site-packages/airflow/example_dags/example_skip_dag.py took 0.059 seconds
[2026-09-20T10:53:19.276+0200] {processor.py:186} INFO - Started process (PID=6412) to work on /Users/swarnalidatta/Desktop/AutoQueryChatbot/.airflow-venv/lib/python3.12/site-packages/airflow/example_dags/example_skip_dag.py
[2026-09-20T10:53:19.277+0200] {processor.py:914} INFO - Processing file /Users/swarnalidatta/Desktop/AutoQueryChatbot/.airflow-venv/lib/python3.12/site-packages/airflow/example_dags/example_skip_dag.py for tasks to queue
[2026-09-20T10:53:19.277+0200] {logging_mixin.py:190} INFO - [2026-09-20T10:53:19.277+0200] {dagbag.py:588} INFO - Filling up the DagBag from /Users/swarnalidatta/Desktop/AutoQueryChatbot/.airflow-venv/lib/python3.12/site-packages/airflow/example_dags/example_skip_dag.py
[2026-09-20T10:53:19.280+0200] {processor.py:925} INFO - DAG(s) 'example_skip_dag' retrieved from /Users/swarnalidatta/Desktop/AutoQueryChatbot/.airflow-venv/lib/python3.12/site-packages/airflow/example_dags/example_skip_dag.py
[2026-09-20T10:53:19.305+0200] {logging_mixin.py:190} INFO - [2026-09-20T10:53:19.305+0200] {dag.py:3239} INFO - Sync 1 DAGs
[2026-09-20T10:53:19.310+0200] {logging_mixin.py:190} INFO - [2026-09-20T10:53:19.310+0200] {dag.py:4180} INFO - Setting next_dagrun for example_skip_dag to 2026-09-19 00:00:00+00:00, run_after=2026-09-20 00:00:00+00:00
[2026-09-20T10:53:19.335+0200] {processor.py:208} INFO - Processing /Users/swarnalidatta/Desktop/AutoQueryChatbot/.airflow-venv/lib/python3.12/site-packages/airflow/example_dags/example_skip_dag.py took 0.059 seconds
[2026-09-20T13:07:05.260+0200] {processor.py:186} INFO - Started process (PID=6657) to work on /Users/swarnalidatta/Desktop/AutoQueryChatbot/.airflow-venv/lib/python3.12/site-packages/airflow/example_dags/example_skip_dag.py
[2026-09-20T13:07:05.260+0200] {processor.py:914} INFO - Processing file /Users/swarnalidatta/Desktop/AutoQueryChatbot/.airflow-venv/lib/python3.12/site-packages/airflow/example_dags/example_skip_dag.py for tasks to queue
[2026-09-20T13:07:05.261+0200] {logging_mixin.py:190} INFO - [2026-09-20T13:07:05.261+0200] {dagbag.py:588} INFO - Filling up the DagBag from /Users/swarnalidatta/Desktop/AutoQueryChatbot/.airflow-venv/lib/python3.12/site-packages/airflow/example_dags/example_skip_dag.py
[2026-09-20T13:07:05.263+0200] {processor.py:925} INFO - DAG(s) 'example_skip_dag' retrieved from /Users/swarnalidatta/Desktop/AutoQueryChatbot/.airflow-venv/lib/python3.12/site-packages/airflow/example_dags/example_skip_dag.py
[2026-09-20T13:07:05.289+0200] {logging_mixin.py:190} INFO - [2026-09-20T13:07:05.289+0200] {dag.py:3239} INFO - Sync 1 DAGs
[2026-09-20T13:07:05.294+0200] {logging_mixin.py:190} INFO - [2026-09-20T13:07:05.294+0200] {dag.py:4180} INFO - Setting next_dagrun for example_skip_dag to 2026-09-19 00:00:00+00:00, run_after=2026-09-20 00:00:00+00:00
[2026-09-20T13:07:05.319+0200] {processor.py:208} INFO - Processing /Users/swarnalidatta/Desktop/AutoQueryChatbot/.airflow-venv/lib/python3.12/site-packages/airflow/example_dags/example_skip_dag.py took 0.060 seconds
[2026-09-20T15:29:07.174+0200] {processor.py:186} INFO - Started process (PID=6938) to work on /Users/swarnalidatta/Desktop/AutoQueryChatbot/.airflow-venv/lib/python3.12/site-packages/airflow/example_dags/example_skip_dag.py
[2026-09-20T15:29:07.175+0200] {processor.py:914} INFO - Processing file /Users/swarnalidatta/Desktop/AutoQueryChatbot/.airflow-venv/lib/python3.12/site-packages/airflow/example_dags/example_skip_dag.py for tasks to queue
[2026-09-20T15:29:07.175+0200] {logging_mixin.py:190} INFO - [2026-09-20T15:29:07.175+0200] {dagbag.py:588} INFO - Filling up the DagBag from /Users/swarnalidatta/Desktop/AutoQueryChatbot/.airflow-venv/lib/python3.12/site-packages/airflow/example_dags/example_skip_dag.py
[2026-09-20T15:29:07.177+0200] {processor.py:925} INFO - DAG(s) 'example_skip_dag' retrieved from /Users/swarnalidatta/Desktop/AutoQueryChatbot/.airflow-venv/lib/python3.12/site-packages/airflow/example_dags/example_skip_dag.py
[2026-09-20T15:29:07.204+0200] {logging_mixin.py:190} INFO - [2026-09-20T15:29:07.203+0200] {dag.py:3239} INFO - Sync 1 DAGs
[2026-09-20T15:29:07.208+0200] {logging_mixin.py:190} INFO - [2026-09-20T15:29:07.208+0200] {dag.py:4180} INFO - Setting next_dagrun for example_skip_dag to 2026-09-19 00:00:00+00:00, run_after=2026-09-20 00:00:00+00:00
[2026-09-20T15:29:07.234+0200] {processor.py:208} INFO - Processing /Users/swarnalidatta/Desktop/AutoQueryChatbot/.airflow-venv/lib/python3.12/site-packages/airflow/example_dags/example_skip_dag.py took 0.061 seconds
[2026-09-20T19:12:23.016+0200] {processor.py:186} INFO - Started process (PID=7234) to work on /Users/swarnalidatta/Desktop/AutoQueryChatbot/.airflow-venv/lib/python3.12/site-packages/airflow/example_dags/example_skip_dag.py
[2026-09-20T19:12:23.016+0200] {processor.py:914} INFO - Processing file /Users/swarnalidatta/Desktop/AutoQueryChatbot/.airflow-venv/lib/python3.12/site-packages/airflow/example_dags/example_skip_dag.py for tasks to queue
[2026-09-20T19:12:23.017+0200] {logging_mixin.py:190} INFO - [2026-09-20T19:12:23.017+0200] {dagbag.py:588} INFO - Filling up the DagBag from /Users/swarnalidatta/Desktop/AutoQueryChatbot/.airflow-venv/lib/python3.12/site-packages/airflow/example_dags/example_skip_dag.py
[2026-09-20T19:12:23.019+0200] {processor.py:925} INFO - DAG(s) 'example_skip_dag' retrieved from /Users/swarnalidatta/Desktop/AutoQueryChatbot/.airflow-venv/lib/python3.12/site-packages/airflow/example_dags/example_skip_dag.py
[2026-09-20T19:12:23.045+0200] {logging_mixin.py:190} INFO - [2026-09-20T19:12:23.045+0200] {dag.py:3239} INFO - Sync 1 DAGs
[2026-09-20T19:12:23.050+0200] {logging_mixin.py:190} INFO - [2026-09-20T19:12:23.050+0200] {dag.py:4180} INFO - Setting next_dagrun for example_skip_dag to 2026-09-19 00:00:00+00:00, run_after=2026-09-20 00:00:00+00:00
[2026-09-20T19:12:23.075+0200] {processor.py:208} INFO - Processing /Users/swarnalidatta/Desktop/AutoQueryChatbot/.airflow-venv/lib/python3.12/site-packages/airflow/example_dags/example_skip_dag.py took 0.060 seconds
[2026-09-20T23:03:17.921+0200] {processor.py:186} INFO - Started process (PID=7541) to work on /Users/swarnalidatta/Desktop/AutoQueryChatbot/.airflow-venv/lib/python3.12/site-packages/airflow/example_dags/example_skip_dag.py
[2026-09-20T23:03:17.921+0200] {processor.py:914} INFO - Processing file /Users/swarnalidatta/Desktop/AutoQueryChatbot/.airflow-venv/lib/python3.12/site-packages/airflow/example_dags/example_skip_dag.py for tasks to queue
[2026-09-20T23:03:17.922+0200] {logging_mixin.py:190} INFO - [2026-09-20T23:03:17.922+0200] {dagbag.py:588} INFO - Filling up the DagBag from /Users/swarnalidatta/Desktop/AutoQueryChatbot/.airflow-venv/lib/python3.12/site-packages/airflow/example_dags/example_skip_dag.py
[2026-09-20T23:03:17.924+0200] {processor.py:925} INFO - DAG(s) 'example_skip_dag' retrieved from /Users/swarnalidatta/Desktop/AutoQueryChatbot/.airflow-venv/lib/python3.12/site-packages/airflow/example_dags/example_skip_dag.py
[2026-09-20T23:03:17.950+0200] {logging_mixin.py:190} INFO - [2026-09-20T23:03:17.950+0200] {dag.py:3239} INFO - Sync 1 DAGs
[2026-09-20T23:03:17.954+0200] {logging_mixin.py:190} INFO - [2026-09-20T23:03:17.954+0200] {dag.py:4180} INFO - Setting next_dagrun for example_skip_dag to 2026-09-19 00:00:00+00:00, run_after=2026-09-20 00:00:00+00:00
[2026-09-20T23:03:17.980+0200] {processor.py:208} INFO - Processing /Users/swarnalidatta/Desktop/AutoQueryChatbot/.airflow-venv/lib/python3.12/site-packages/airflow/example_dags/example_skip_dag.py took 0.060 seconds
