[2026-09-20T04:25:33.529+0200] {processor.py:186} INFO - Started process (PID=5917) to work on /Users/swarnalidatta/Desktop/AutoQueryChatbot/.airflow-venv/lib/python3.12/site-packages/airflow/example_dags/example_dynamic_task_mapping.py
[2026-09-20T04:25:33.530+0200] {processor.py:914} INFO - Processing file /Users/swarnalidatta/Desktop/AutoQueryChatbot/.airflow-venv/lib/python3.12/site-packages/airflow/example_dags/example_dynamic_task_mapping.py for tasks to queue
[2026-09-20T04:25:33.530+0200] {logging_mixin.py:190} INFO - [2026-09-20T04:25:33.530+0200] {dagbag.py:588} INFO - Filling up the DagBag from /Users/swarnalidatta/Desktop/AutoQueryChatbot/.airflow-venv/lib/python3.12/site-packages/airflow/example_dags/example_dynamic_task_mapping.py
[2026-09-20T04:25:33.542+0200] {processor.py:925} INFO - DAG(s) 'example_dynamic_task_mapping' retrieved from /Users/swarnalidatta/Desktop/AutoQueryChatbot/.airflow-venv/lib/python3.12/site-packages/airflow/example_dags/example_dynamic_task_mapping.py
[2026-09-20T04:25:33.588+0200] {logging_mixin.py:190} INFO - [2026-09-20T04:25:33.567+0200] {dag.py:3239} INFO - Sync 1 DAGs
[2026-09-20T04:25:33.591+0200] {logging_mixin.py:190} INFO - [2026-09-20T04:25:33.591+0200] {dag.py:4180} INFO - Setting next_dagrun for example_dynamic_task_mapping to None, run_after=None
[2026-09-20T04:25:33.596+0200] {processor.py:208} INFO - Processing /Users/swarnalidatta/Desktop/AutoQueryChatbot/.airflow-venv/lib/python3.12/site-packages/airflow/example_dags/example_dynamic_task_mapping.py took 0.068 seconds
[2026-09-20T08:18:55.713+0200] {processor.py:186} INFO - Started process (PID=6216) to work on /Users/swarnalidatta/Desktop/AutoQueryChatbot/.airflow-venv/lib/python3.12/site-packages/airflow/example_dags/example_dynamic_task_mapping.py
[2026-09-20T08:18:55.714+0200] {processor.py:914} INFO - Processing file /Users/swarnalidatta/Desktop/AutoQueryChatbot/.airflow-venv/lib/python3.12/site-packages/airflow/example_dags/example_dynamic_task_mapping.py for tasks to queue
[2026-09-20T08:18:55.714+0200] {logging_mixin.py:190} INFO - [2026-09-20T08:18:55.714+0200] {dagbag.py:588} INFO - Filling up the DagBag from /Users/swarnalidatta/Desktop/AutoQueryChatbot/.airflow-venv/lib/python3.12/site-packages/airflow/example_dags/example_dynamic_task_mapping.py
[2026-09-20T08:18:55.726+0200] {processor.py:925} INFO - DAG(s) 'example_dynamic_task_mapping' retrieved from /Users/swarnalidatta/Desktop/AutoQueryChatbot/.airflow-venv/lib/python3.12/site-packages/airflow/example_dags/example_dynamic_task_mapping.py
[2026-09-20T08:18:55.773+0200] {logging_mixin.py:190} INFO - [2026-09-20T08:18:55.751+0200] {dag.py:3239} INFO - Sync 1 DAGs
[2026-09-20T08:18:55.776+0200] {logging_mixin.py:190} INFO - [2026-09-20T08:18:55.776+0200] {dag.py:4180} INFO - Setting next_dagrun for example_dynamic_task_mapping to None, run_after=None
[2026-09-20T08:18:55.781+0200] {processor.py:208} INFO - Processing /Users/swarnalidatta/Desktop/AutoQueryChatbot/.airflow-venv/lib/python3.12/site-packages/airflow/example_dags/example_dynamic_task_mapping.py took 0.069 seconds
[2026-09-20T11:56:48.816+0200] {processor.py:186} INFO - Started process (PID=6515) to work on /Users/swarnalidatta/Desktop/AutoQueryChatbot/.airflow-venv/lib/python3.12/site-packages/airflow/example_dags/example_dynamic_task_mapping.py
[2026-09-20T11:56:48.817+0200] {processor.py:914} INFO - Processing file /Users/swarnalidatta/Desktop/AutoQueryChatbot/.airflow-venv/lib/python3.12/site-packages/airflow/example_dags/example_dynamic_task_mapping.py for tasks to queue
[2026-09-20T11:56:48.817+0200] {logging_mixin.py:190} INFO - [2026-09-20T11:56:48.817+0200] {dagbag.py:588} INFO - Filling up the DagBag from /Users/swarnalidatta/Desktop/AutoQueryChatbot/.airflow-venv/lib/python3.12/site-packages/airflow/example_dags/example_dynamic_task_mapping.py
[2026-09-20T11:56:48.829+0200] {processor.py:925} INFO - DAG(s) 'example_dynamic_task_mapping' retrieved from /Users/swarnalidatta/Desktop/AutoQueryChatbot/.airflow-venv/lib/python3.12/site-packages/airflow/example_dags/example_dynamic_task_mapping.py
[2026-09-20T11:56:48.873+0200] {logging_mixin.py:190} INFO - [2026-09-20T11:56:48.853+0200] {dag.py:3239} INFO - Sync 1 DAGs
[2026-09-20T11:56:48.876+0200] {logging_mixin.py:190} INFO - [2026-09-20T11:56:48.876+0200] {dag.py:4180} INFO - Setting next_dagrun for example_dynamic_task_mapping to None, run_after=None
[2026-09-20T11:56:48.881+0200] {processor.py:208} INFO - Processing /Users/swarnalidatta/Desktop/AutoQueryChatbot/.airflow-venv/lib/python3.12/site-packages/airflow/example_dags/example_dynamic_task_mapping.py took 0.066 seconds
[2026-09-20T13:56:57.500+0200] {processor.py:186} INFO - Started process (PID=6757) to work on /Users/swarnalidatta/Desktop/AutoQueryChatbot/.airflow-venv/lib/python3.12/site-packages/airflow/example_dags/example_dynamic_task_mapping.py
[2026-09-20T13:56:57.500+0200] {processor.py:914} INFO - Processing file /Users/swarnalidatta/Desktop/AutoQueryChatbot/.airflow-venv/lib/python3.12/site-packages/airflow/example_dags/example_dynamic_task_mapping.py for tasks to queue
[2026-09-20T13:56:57.500+0200] {logging_mixin.py:190} INFO - [2026-09-20T13:56:57.500+0200] {dagbag.py:588} INFO - Filling up the DagBag from /Users/swarnalidatta/Desktop/AutoQueryChatbot/.airflow-venv/lib/python3.12/site-packages/airflow/example_dags/example_dynamic_task_mapping.py
[2026-09-20T13:56:57.512+0200] {processor.py:925} INFO - DAG(s) 'example_dynamic_task_mapping' retrieved from /Users/swarnalidatta/Desktop/AutoQueryChatbot/.airflow-venv/lib/python3.12/site-packages/airflow/example_dags/example_dynamic_task_mapping.py
[2026-09-20T13:56:57.556+0200] {logging_mixin.py:190} INFO - [2026-09-20T13:56:57.536+0200] {dag.py:3239} INFO - Sync 1 DAGs
[2026-09-20T13:56:57.559+0200] {logging_mixin.py:190} INFO - [2026-09-20T13:56:57.559+0200] {dag.py:4180} INFO - Setting next_dagrun for example_dynamic_task_mapping to None, run_after=None
[2026-09-20T13:56:57.564+0200] {processor.py:208} INFO - Processing /Users/swarnalidatta/Desktop/AutoQueryChatbot/.airflow-venv/lib/python3.12/site-packages/airflow/example_dags/example_dynamic_task_mapping.py took 0.065 seconds
[2026-09-20T16:42:06.429+0200] {processor.py:186} INFO - Started process (PID=7047) to work on /Users/swarnalidatta/Desktop/AutoQueryChatbot/.airflow-venv/lib/python3.12/site-packages/airflow/example_dags/example_dynamic_task_mapping.py
[2026-09-20T16:42:06.430+0200] {processor.py:914} INFO - Processing file /Users/swarnalidatta/Desktop/AutoQueryChatbot/.airflow-venv/lib/python3.12/site-packages/airflow/example_dags/example_dynamic_task_mapping.py for tasks to queue
[2026-09-20T16:42:06.430+0200] {logging_mixin.py:190} INFO - [2026-09-20T16:42:06.430+0200] {dagbag.py:588} INFO - Filling up the DagBag from /Users/swarnalidatta/Desktop/AutoQueryChatbot/.airflow-venv/lib/python3.12/site-packages/airflow/example_dags/example_dynamic_task_mapping.py
[2026-09-20T16:42:06.442+0200] {processor.py:925} INFO - DAG(s) 'example_dynamic_task_mapping' retrieved from /Users/swarnalidatta/Desktop/AutoQueryChatbot/.airflow-venv/lib/python3.12/site-packages/airflow/example_dags/example_dynamic_task_mapping.py
[2026-09-20T16:42:06.488+0200] {logging_mixin.py:190} INFO - [2026-09-20T16:42:06.467+0200] {dag.py:3239} INFO - Sync 1 DAGs
[2026-09-20T16:42:06.491+0200] {logging_mixin.py:190} INFO - [2026-09-20T16:42:06.491+0200] {dag.py:4180} INFO - Setting next_dagrun for example_dynamic_task_mapping to None, run_after=None
[2026-09-20T16:42:06.495+0200] {processor.py:208} INFO - Processing /Users/swarnalidatta/Desktop/AutoQueryChatbot/.airflow-venv/lib/python3.12/site-packages/airflow/example_dags/example_dynamic_task_mapping.py took 0.067 seconds
[2026-09-20T21:02:16.562+0200] {processor.py:186} INFO - Started process (PID=7353) to work on /Users/swarnalidatta/Desktop/AutoQueryChatbot/.airflow-venv/lib/python3.12/site-packages/airflow/example_dags/example_dynamic_task_mapping.py
[2026-09-20T21:02:16.562+0200] {processor.py:914} INFO - Processing file /Users/swarnalidatta/Desktop/AutoQueryChatbot/.airflow-venv/lib/python3.12/site-packages/airflow/example_dags/example_dynamic_task_mapping.py for tasks to queue
[2026-09-20T21:02:16.562+0200] {logging_mixin.py:190} INFO - [2026-09-20T21:02:16.562+0200] {dagbag.py:588} INFO - Filling up the DagBag from /Users/swarnalidatta/Desktop/AutoQueryChatbot/.airflow-venv/lib/python3.12/site-packages/airflow/example_dags/example_dynamic_task_mapping.py
[2026-09-20T21:02:16.574+0200] {processor.py:925} INFO - DAG(s) 'example_dynamic_task_mapping' retrieved from /Users/swarnalidatta/Desktop/AutoQueryChatbot/.airflow-venv/lib/python3.12/site-packages/airflow/example_dags/example_dynamic_task_mapping.py
[2026-09-20T21:02:16.618+0200] {logging_mixin.py:190} INFO - [2026-09-20T21:02:16.598+0200] {dag.py:3239} INFO - Sync 1 DAGs
[2026-09-20T21:02:16.621+0200] {logging_mixin.py:190} INFO - [2026-09-20T21:02:16.621+0200] {dag.py:4180} INFO - Setting next_dagrun for example_dynamic_task_mapping to None, run_after=None
[2026-09-20T21:02:16.626+0200] {processor.py:208} INFO - Processing /Users/swarnalidatta/Desktop/AutoQueryChatbot/.airflow-venv/lib/python3.12/site-packages/airflow/example_dags/example_dynamic_task_mapping.py took 0.065 seconds
[2026-09-21T00:17:17.635+0200] {processor.py:186} INFO - Started process (PID=7664) to work on /Users/swarnalidatta/Desktop/AutoQueryChatbot/.airflow-venv/lib/python3.12/site-packages/airflow/example_dags/example_dynamic_task_mapping.py
[2026-09-21T00:17:17.635+0200] {processor.py:914} INFO - Processing file /Users/swarnalidatta/Desktop/AutoQueryChatbot/.airflow-venv/lib/python3.12/site-packages/airflow/example_dags/example_dynamic_task_mapping.py for tasks to queue
[2026-09-21T00:17:17.635+0200] {logging_mixin.py:190} INFO - [2026-09-21T00:17:17.635+0200] {dagbag.py:588} INFO - Filling up the DagBag from /Users/swarnalidatta/Desktop/AutoQueryChatbot/.airflow-venv/lib/python3.12/site-packages/airflow/example_dags/example_dynamic_task_mapping.py
[2026-09-21T00:17:17.647+0200] {processor.py:925} INFO - DAG(s) 'example_dynamic_task_mapping' retrieved from /Users/swarnalidatta/Desktop/AutoQueryChatbot/.airflow-venv/lib/python3.12/site-packages/airflow/example_dags/example_dynamic_task_mapping.py
[2026-09-21T00:17:17.692+0200] {logging_mixin.py:190} INFO - [2026-09-21T00:17:17.672+0200] {dag.py:3239} INFO - Sync 1 DAGs
[2026-09-21T00:17:17.695+0200] {logging_mixin.py:190} INFO - [2026-09-21T00:17:17.695+0200] {dag.py:4180} INFO - Setting next_dagrun for example_dynamic_task_mapping to None, run_after=None
[2026-09-21T00:17:17.700+0200] {processor.py:208} INFO - Processing /Users/swarnalidatta/Desktop/AutoQueryChatbot/.airflow-venv/lib/python3.12/site-packages/airflow/example_dags/example_dynamic_task_mapping.py took 0.066 seconds
