[2026-09-20T06:18:21.333+0200] {processor.py:186} INFO - Started process (PID=6042) to work on /Users/swarnalidatta/Desktop/AutoQueryChatbot/.airflow-venv/lib/python3.12/site-packages/airflow/example_dags/tutorial_dag.py
[2026-09-20T06:18:21.333+0200] {processor.py:914} INFO - Processing file /Users/swarnalidatta/Desktop/AutoQueryChatbot/.airflow-venv/lib/python3.12/site-packages/airflow/example_dags/tutorial_dag.py for tasks to queue
[2026-09-20T06:18:21.333+0200] {logging_mixin.py:190} INFO - [2026-09-20T06:18:21.333+0200] {dagbag.py:588} INFO - Filling up the DagBag from /Users/swarnalidatta/Desktop/AutoQueryChatbot/.airflow-venv/lib/python3.12/site-packages/airflow/example_dags/tutorial_dag.py
[2026-09-20T06:18:21.342+0200] {processor.py:925} INFO - DAG(s) 'tutorial_dag' retrieved from /Users/swarnalidatta/Desktop/AutoQueryChatbot/.airflow-venv/lib/python3.12/site-packages/airflow/example_dags/tutorial_dag.py
[2026-09-20T06:18:21.367+0200] {logging_mixin.py:190} INFO - [2026-09-20T06:18:21.367+0200] {dag.py:3239} INFO - Sync 1 DAGs
[2026-09-20T06:18:21.391+0200] {logging_mixin.py:190} INFO - [2026-09-20T06:18:21.391+0200] {dag.py:4180} INFO - Setting next_dagrun for tutorial_dag to None, run_after=None
[2026-09-20T06:18:21.396+0200] {processor.py:208} INFO - Processing /Users/swarnalidatta/Desktop/AutoQueryChatbot/.airflow-venv/lib/python3.12/site-packages/airflow/example_dags/tutorial_dag.py took 0.065 seconds
[2026-09-20T09:53:45.484+0200] {processor.py:186} INFO - Started process (PID=6351) to work on /Users/swarnalidatta/Desktop/AutoQueryChatbot/.airflow-venv/lib/python3.12/site-packages/airflow/example_dags/tutorial_dag.py
[2026-09-20T09:53:45.486+0200] {processor.py:914} INFO - Processing file /Users/swarnalidatta/Desktop/AutoQueryChatbot/.airflow-venv/lib/python3.12/site-packages/airflow/example_dags/tutorial_dag.py for tasks to queue
[2026-09-20T09:53:45.486+0200] {logging_mixin.py:190} INFO - [2026-09-20T09:53:45.486+0200] {dagbag.py:588} INFO - Filling up the DagBag from /Users/swarnalidatta/Desktop/AutoQueryChatbot/.airflow-venv/lib/python3.12/site-packages/airflow/example_dags/tutorial_dag.py
[2026-09-20T09:53:45.494+0200] {processor.py:925} INFO - DAG(s) 'tutorial_dag' retrieved from /Users/swarnalidatta/Desktop/AutoQueryChatbot/.airflow-venv/lib/python3.12/site-packages/airflow/example_dags/tutorial_dag.py
[2026-09-20T09:53:45.520+0200] {logging_mixin.py:190} INFO - [2026-09-20T09:53:45.519+0200] {dag.py:3239} INFO - Sync 1 DAGs
[2026-09-20T09:53:45.543+0200] {logging_mixin.py:190} INFO - [2026-09-20T09:53:45.543+0200] {dag.py:4180} INFO - Setting next_dagrun for tutorial_dag to None, run_after=None
[2026-09-20T09:53:45.548+0200] {processor.py:208} INFO - Processing /Users/swarnalidatta/Desktop/AutoQueryChatbot/.airflow-venv/lib/python3.12/site-packages/airflow/example_dags/tutorial_dag.py took 0.065 seconds
[2026-09-20T12:57:29.832+0200] {processor.py:186} INFO - Started process (PID=6601) to work on /Users/swarnalidatta/Desktop/AutoQueryChatbot/.airflow-venv/lib/python3.12/site-packages/airflow/example_dags/tutorial_dag.py
[2026-09-20T12:57:29.833+0200] {processor.py:914} INFO - Processing file /Users/swarnalidatta/Desktop/AutoQueryChatbot/.airflow-venv/lib/python3.12/site-packages/airflow/example_dags/tutorial_dag.py for tasks to queue
[2026-09-20T12:57:29.833+0200] {logging_mixin.py:190} INFO - [2026-09-20T12:57:29.833+0200] {dagbag.py:588} INFO - Filling up the DagBag from /Users/swarnalidatta/Desktop/AutoQueryChatbot/.airflow-venv/lib/python3.12/site-packages/airflow/example_dags/tutorial_dag.py
[2026-09-20T12:57:29.841+0200] {processor.py:925} INFO - DAG(s) 'tutorial_dag' retrieved from /Users/swarnalidatta/Desktop/AutoQueryChatbot/.airflow-venv/lib/python3.12/site-packages/airflow/example_dags/tutorial_dag.py
[2026-09-20T12:57:29.866+0200] {logging_mixin.py:190} INFO - [2026-09-20T12:57:29.866+0200] {dag.py:3239} INFO - Sync 1 DAGs
[2026-09-20T12:57:29.889+0200] {logging_mixin.py:190} INFO - [2026-09-20T12:57:29.888+0200] {dag.py:4180} INFO - Setting next_dagrun for tutorial_dag to None, run_after=None
[2026-09-20T12:57:29.893+0200] {processor.py:208} INFO - Processing /Users/swarnalidatta/Desktop/AutoQueryChatbot/.airflow-venv/lib/python3.12/site-packages/airflow/example_dags/tutorial_dag.py took 0.062 seconds
[2026-09-20T15:08:17.434+0200] {processor.py:186} INFO - Started process (PID=6872) to work on /Users/swarnalidatta/Desktop/AutoQueryChatbot/.airflow-venv/lib/python3.12/site-packages/airflow/example_dags/tutorial_dag.py
[2026-09-20T15:08:17.435+0200] {processor.py:914} INFO - Processing file /Users/swarnalidatta/Desktop/AutoQueryChatbot/.airflow-venv/lib/python3.12/site-packages/airflow/example_dags/tutorial_dag.py for tasks to queue
[2026-09-20T15:08:17.435+0200] {logging_mixin.py:190} INFO - [2026-09-20T15:08:17.435+0200] {dagbag.py:588} INFO - Filling up the DagBag from /Users/swarnalidatta/Desktop/AutoQueryChatbot/.airflow-venv/lib/python3.12/site-packages/airflow/example_dags/tutorial_dag.py
[2026-09-20T15:08:17.443+0200] {processor.py:925} INFO - DAG(s) 'tutorial_dag' retrieved from /Users/swarnalidatta/Desktop/AutoQueryChatbot/.airflow-venv/lib/python3.12/site-packages/airflow/example_dags/tutorial_dag.py
[2026-09-20T15:08:17.468+0200] {logging_mixin.py:190} INFO - [2026-09-20T15:08:17.468+0200] {dag.py:3239} INFO - Sync 1 DAGs
[2026-09-20T15:08:17.491+0200] {logging_mixin.py:190} INFO - [2026-09-20T15:08:17.491+0200] {dag.py:4180} INFO - Setting next_dagrun for tutorial_dag to None, run_after=None
[2026-09-20T15:08:17.496+0200] {processor.py:208} INFO - Processing /Users/swarnalidatta/Desktop/AutoQueryChatbot/.airflow-venv/lib/python3.12/site-packages/airflow/example_dags/tutorial_dag.py took 0.063 seconds
[2026-09-20T18:11:23.509+0200] {processor.py:186} INFO - Started process (PID=7172) to work on /Users/swarnalidatta/Desktop/AutoQueryChatbot/.airflow-venv/lib/python3.12/site-packages/airflow/example_dags/tutorial_dag.py
[2026-09-20T18:11:23.509+0200] {processor.py:914} INFO - Processing file /Users/swarnalidatta/Desktop/AutoQueryChatbot/.airflow-venv/lib/python3.12/site-packages/airflow/example_dags/tutorial_dag.py for tasks to queue
[2026-09-20T18:11:23.510+0200] {logging_mixin.py:190} INFO - [2026-09-20T18:11:23.510+0200] {dagbag.py:588} INFO - Filling up the DagBag from /Users/swarnalidatta/Desktop/AutoQueryChatbot/.airflow-venv/lib/python3.12/site-packages/airflow/example_dags/tutorial_dag.py
[2026-09-20T18:11:23.519+0200] {processor.py:925} INFO - DAG(s) 'tutorial_dag' retrieved from /Users/swarnalidatta/Desktop/AutoQueryChatbot/.airflow-venv/lib/python3.12/site-packages/airflow/example_dags/tutorial_dag.py
[2026-09-20T18:11:23.544+0200] {logging_mixin.py:190} INFO - [2026-09-20T18:11:23.544+0200] {dag.py:3239} INFO - Sync 1 DAGs
[2026-09-20T18:11:23.567+0200] {logging_mixin.py:190} INFO - [2026-09-20T18:11:23.567+0200] {dag.py:4180} INFO - Setting next_dagrun for tutorial_dag to None, run_after=None
[2026-09-20T18:11:23.573+0200] {processor.py:208} INFO - Processing /Users/swarnalidatta/Desktop/AutoQueryChatbot/.airflow-venv/lib/python3.12/site-packages/airflow/example_dags/tutorial_dag.py took 0.065 seconds
[2026-09-20T22:15:16.885+0200] {processor.py:186} INFO - Started process (PID=7470) to work on /Users/swarnalidatta/Desktop/AutoQueryChatbot/.airflow-venv/lib/python3.12/site-packages/airflow/example_dags/tutorial_dag.py
[2026-09-20T22:15:16.886+0200] {processor.py:914} INFO - Processing file /Users/swarnalidatta/Desktop/AutoQueryChatbot/.airflow-venv/lib/python3.12/site-packages/airflow/example_dags/tutorial_dag.py for tasks to queue
[2026-09-20T22:15:16.886+0200] {logging_mixin.py:190} INFO - [2026-09-20T22:15:16.886+0200] {dagbag.py:588} INFO - Filling up the DagBag from /Users/swarnalidatta/Desktop/AutoQueryChatbot/.airflow-venv/lib/python3.12/site-packages/airflow/example_dags/tutorial_dag.py
[2026-09-20T22:15:16.894+0200] {processor.py:925} INFO - DAG(s) 'tutorial_dag' retrieved from /Users/swarnalidatta/Desktop/AutoQueryChatbot/.airflow-venv/lib/python3.12/site-packages/airflow/example_dags/tutorial_dag.py
[2026-09-20T22:15:16.968+0200] {logging_mixin.py:190} INFO - [2026-09-20T22:15:16.967+0200] {dag.py:3239} INFO - Sync 1 DAGs
[2026-09-20T22:15:16.970+0200] {logging_mixin.py:190} INFO - [2026-09-20T22:15:16.970+0200] {dag.py:4180} INFO - Setting next_dagrun for tutorial_dag to None, run_after=None
[2026-09-20T22:15:16.975+0200] {processor.py:208} INFO - Processing /Users/swarnalidatta/Desktop/AutoQueryChatbot/.airflow-venv/lib/python3.12/site-packages/airflow/example_dags/tutorial_dag.py took 0.091 seconds
[2026-09-21T01:47:22.292+0200] {processor.py:186} INFO - Started process (PID=7758) to work on /Users/swarnalidatta/Desktop/AutoQueryChatbot/.airflow-venv/lib/python3.12/site-packages/airflow/example_dags/tutorial_dag.py
[2026-09-21T01:47:22.293+0200] {processor.py:914} INFO - Processing file /Users/swarnalidatta/Desktop/AutoQueryChatbot/.airflow-venv/lib/python3.12/site-packages/airflow/example_dags/tutorial_dag.py for tasks to queue
[2026-09-21T01:47:22.293+0200] {logging_mixin.py:190} INFO - [2026-09-21T01:47:22.293+0200] {dagbag.py:588} INFO - Filling up the DagBag from /Users/swarnalidatta/Desktop/AutoQueryChatbot/.airflow-venv/lib/python3.12/site-packages/airflow/example_dags/tutorial_dag.py
[2026-09-21T01:47:22.301+0200] {processor.py:925} INFO - DAG(s) 'tutorial_dag' retrieved from /Users/swarnalidatta/Desktop/AutoQueryChatbot/.airflow-venv/lib/python3.12/site-packages/airflow/example_dags/tutorial_dag.py
[2026-09-21T01:47:22.325+0200] {logging_mixin.py:190} INFO - [2026-09-21T01:47:22.325+0200] {dag.py:3239} INFO - Sync 1 DAGs
[2026-09-21T01:47:22.348+0200] {logging_mixin.py:190} INFO - [2026-09-21T01:47:22.348+0200] {dag.py:4180} INFO - Setting next_dagrun for tutorial_dag to None, run_after=None
[2026-09-21T01:47:22.353+0200] {processor.py:208} INFO - Processing /Users/swarnalidatta/Desktop/AutoQueryChatbot/.airflow-venv/lib/python3.12/site-packages/airflow/example_dags/tutorial_dag.py took 0.062 seconds
