[2026-09-20T06:01:02.528+0200] {processor.py:186} INFO - Started process (PID=6018) to work on /Users/swarnalidatta/Desktop/AutoQueryChatbot/.airflow-venv/lib/python3.12/site-packages/airflow/example_dags/tutorial_taskflow_templates.py
[2026-09-20T06:01:02.528+0200] {processor.py:914} INFO - Processing file /Users/swarnalidatta/Desktop/AutoQueryChatbot/.airflow-venv/lib/python3.12/site-packages/airflow/example_dags/tutorial_taskflow_templates.py for tasks to queue
[2026-09-20T06:01:02.528+0200] {logging_mixin.py:190} INFO - [2026-09-20T06:01:02.528+0200] {dagbag.py:588} INFO - Filling up the DagBag from /Users/swarnalidatta/Desktop/AutoQueryChatbot/.airflow-venv/lib/python3.12/site-packages/airflow/example_dags/tutorial_taskflow_templates.py
[2026-09-20T06:01:02.542+0200] {processor.py:925} INFO - DAG(s) 'tutorial_taskflow_templates' retrieved from /Users/swarnalidatta/Desktop/AutoQueryChatbot/.airflow-venv/lib/python3.12/site-packages/airflow/example_dags/tutorial_taskflow_templates.py
[2026-09-20T06:01:02.567+0200] {logging_mixin.py:190} INFO - [2026-09-20T06:01:02.567+0200] {dag.py:3239} INFO - Sync 1 DAGs
[2026-09-20T06:01:02.593+0200] {logging_mixin.py:190} INFO - [2026-09-20T06:01:02.593+0200] {dag.py:4180} INFO - Setting next_dagrun for tutorial_taskflow_templates to 2026-09-19 00:00:00+00:00, run_after=2026-09-20 00:00:00+00:00
[2026-09-20T06:01:02.597+0200] {processor.py:208} INFO - Processing /Users/swarnalidatta/Desktop/AutoQueryChatbot/.airflow-venv/lib/python3.12/site-packages/airflow/example_dags/tutorial_taskflow_templates.py took 0.071 seconds
[2026-09-20T09:35:42.822+0200] {processor.py:186} INFO - Started process (PID=6329) to work on /Users/swarnalidatta/Desktop/AutoQueryChatbot/.airflow-venv/lib/python3.12/site-packages/airflow/example_dags/tutorial_taskflow_templates.py
[2026-09-20T09:35:42.823+0200] {processor.py:914} INFO - Processing file /Users/swarnalidatta/Desktop/AutoQueryChatbot/.airflow-venv/lib/python3.12/site-packages/airflow/example_dags/tutorial_taskflow_templates.py for tasks to queue
[2026-09-20T09:35:42.823+0200] {logging_mixin.py:190} INFO - [2026-09-20T09:35:42.823+0200] {dagbag.py:588} INFO - Filling up the DagBag from /Users/swarnalidatta/Desktop/AutoQueryChatbot/.airflow-venv/lib/python3.12/site-packages/airflow/example_dags/tutorial_taskflow_templates.py
[2026-09-20T09:35:42.836+0200] {processor.py:925} INFO - DAG(s) 'tutorial_taskflow_templates' retrieved from /Users/swarnalidatta/Desktop/AutoQueryChatbot/.airflow-venv/lib/python3.12/site-packages/airflow/example_dags/tutorial_taskflow_templates.py
[2026-09-20T09:35:42.861+0200] {logging_mixin.py:190} INFO - [2026-09-20T09:35:42.861+0200] {dag.py:3239} INFO - Sync 1 DAGs
[2026-09-20T09:35:42.886+0200] {logging_mixin.py:190} INFO - [2026-09-20T09:35:42.886+0200] {dag.py:4180} INFO - Setting next_dagrun for tutorial_taskflow_templates to 2026-09-19 00:00:00+00:00, run_after=2026-09-20 00:00:00+00:00
[2026-09-20T09:35:42.891+0200] {processor.py:208} INFO - Processing /Users/swarnalidatta/Desktop/AutoQueryChatbot/.airflow-venv/lib/python3.12/site-packages/airflow/example_dags/tutorial_taskflow_templates.py took 0.070 seconds
[2026-09-20T12:40:19.067+0200] {processor.py:186} INFO - Started process (PID=6582) to work on /Users/swarnalidatta/Desktop/AutoQueryChatbot/.airflow-venv/lib/python3.12/site-packages/airflow/example_dags/tutorial_taskflow_templates.py
[2026-09-20T12:40:19.067+0200] {processor.py:914} INFO - Processing file /Users/swarnalidatta/Desktop/AutoQueryChatbot/.airflow-venv/lib/python3.12/site-packages/airflow/example_dags/tutorial_taskflow_templates.py for tasks to queue
[2026-09-20T12:40:19.067+0200] {logging_mixin.py:190} INFO - [2026-09-20T12:40:19.067+0200] {dagbag.py:588} INFO - Filling up the DagBag from /Users/swarnalidatta/Desktop/AutoQueryChatbot/.airflow-venv/lib/python3.12/site-packages/airflow/example_dags/tutorial_taskflow_templates.py
[2026-09-20T12:40:19.081+0200] {processor.py:925} INFO - DAG(s) 'tutorial_taskflow_templates' retrieved from /Users/swarnalidatta/Desktop/AutoQueryChatbot/.airflow-venv/lib/python3.12/site-packages/airflow/example_dags/tutorial_taskflow_templates.py
[2026-09-20T12:40:19.106+0200] {logging_mixin.py:190} INFO - [2026-09-20T12:40:19.106+0200] {dag.py:3239} INFO - Sync 1 DAGs
[2026-09-20T12:40:19.131+0200] {logging_mixin.py:190} INFO - [2026-09-20T12:40:19.131+0200] {dag.py:4180} INFO - Setting next_dagrun for tutorial_taskflow_templates to 2026-09-19 00:00:00+00:00, run_after=2026-09-20 00:00:00+00:00
[2026-09-20T12:40:19.136+0200] {processor.py:208} INFO - Processing /Users/swarnalidatta/Desktop/AutoQueryChatbot/.airflow-venv/lib/python3.12/site-packages/airflow/example_dags/tutorial_taskflow_templates.py took 0.071 seconds
[2026-09-20T14:46:27.379+0200] {processor.py:186} INFO - Started process (PID=6856) to work on /Users/swarnalidatta/Desktop/AutoQueryChatbot/.airflow-venv/lib/python3.12/site-packages/airflow/example_dags/tutorial_taskflow_templates.py
[2026-09-20T14:46:27.380+0200] {processor.py:914} INFO - Processing file /Users/swarnalidatta/Desktop/AutoQueryChatbot/.airflow-venv/lib/python3.12/site-packages/airflow/example_dags/tutorial_taskflow_templates.py for tasks to queue
[2026-09-20T14:46:27.380+0200] {logging_mixin.py:190} INFO - [2026-09-20T14:46:27.380+0200] {dagbag.py:588} INFO - Filling up the DagBag from /Users/swarnalidatta/Desktop/AutoQueryChatbot/.airflow-venv/lib/python3.12/site-packages/airflow/example_dags/tutorial_taskflow_templates.py
[2026-09-20T14:46:27.393+0200] {processor.py:925} INFO - DAG(s) 'tutorial_taskflow_templates' retrieved from /Users/swarnalidatta/Desktop/AutoQueryChatbot/.airflow-venv/lib/python3.12/site-packages/airflow/example_dags/tutorial_taskflow_templates.py
[2026-09-20T14:46:27.418+0200] {logging_mixin.py:190} INFO - [2026-09-20T14:46:27.418+0200] {dag.py:3239} INFO - Sync 1 DAGs
[2026-09-20T14:46:27.446+0200] {logging_mixin.py:190} INFO - [2026-09-20T14:46:27.446+0200] {dag.py:4180} INFO - Setting next_dagrun for tutorial_taskflow_templates to 2026-09-19 00:00:00+00:00, run_after=2026-09-20 00:00:00+00:00
[2026-09-20T14:46:27.450+0200] {processor.py:208} INFO - Processing /Users/swarnalidatta/Desktop/AutoQueryChatbot/.airflow-venv/lib/python3.12/site-packages/airflow/example_dags/tutorial_taskflow_templates.py took 0.072 seconds
[2026-09-20T17:58:38.064+0200] {processor.py:186} INFO - Started process (PID=7152) to work on /Users/swarnalidatta/Desktop/AutoQueryChatbot/.airflow-venv/lib/python3.12/site-packages/airflow/example_dags/tutorial_taskflow_templates.py
[2026-09-20T17:58:38.065+0200] {processor.py:914} INFO - Processing file /Users/swarnalidatta/Desktop/AutoQueryChatbot/.airflow-venv/lib/python3.12/site-packages/airflow/example_dags/tutorial_taskflow_templates.py for tasks to queue
[2026-09-20T17:58:38.065+0200] {logging_mixin.py:190} INFO - [2026-09-20T17:58:38.065+0200] {dagbag.py:588} INFO - Filling up the DagBag from /Users/swarnalidatta/Desktop/AutoQueryChatbot/.airflow-venv/lib/python3.12/site-packages/airflow/example_dags/tutorial_taskflow_templates.py
[2026-09-20T17:58:38.078+0200] {processor.py:925} INFO - DAG(s) 'tutorial_taskflow_templates' retrieved from /Users/swarnalidatta/Desktop/AutoQueryChatbot/.airflow-venv/lib/python3.12/site-packages/airflow/example_dags/tutorial_taskflow_templates.py
[2026-09-20T17:58:38.104+0200] {logging_mixin.py:190} INFO - [2026-09-20T17:58:38.103+0200] {dag.py:3239} INFO - Sync 1 DAGs
[2026-09-20T17:58:38.129+0200] {logging_mixin.py:190} INFO - [2026-09-20T17:58:38.129+0200] {dag.py:4180} INFO - Setting next_dagrun for tutorial_taskflow_templates to 2026-09-19 00:00:00+00:00, run_after=2026-09-20 00:00:00+00:00
[2026-09-20T17:58:38.134+0200] {processor.py:208} INFO - Processing /Users/swarnalidatta/Desktop/AutoQueryChatbot/.airflow-venv/lib/python3.12/site-packages/airflow/example_dags/tutorial_taskflow_templates.py took 0.071 seconds
[2026-09-20T21:48:03.362+0200] {processor.py:186} INFO - Started process (PID=7447) to work on /Users/swarnalidatta/Desktop/AutoQueryChatbot/.airflow-venv/lib/python3.12/site-packages/airflow/example_dags/tutorial_taskflow_templates.py
[2026-09-20T21:48:03.363+0200] {processor.py:914} INFO - Processing file /Users/swarnalidatta/Desktop/AutoQueryChatbot/.airflow-venv/lib/python3.12/site-packages/airflow/example_dags/tutorial_taskflow_templates.py for tasks to queue
[2026-09-20T21:48:03.363+0200] {logging_mixin.py:190} INFO - [2026-09-20T21:48:03.363+0200] {dagbag.py:588} INFO - Filling up the DagBag from /Users/swarnalidatta/Desktop/AutoQueryChatbot/.airflow-venv/lib/python3.12/site-packages/airflow/example_dags/tutorial_taskflow_templates.py
[2026-09-20T21:48:03.376+0200] {processor.py:925} INFO - DAG(s) 'tutorial_taskflow_templates' retrieved from /Users/swarnalidatta/Desktop/AutoQueryChatbot/.airflow-venv/lib/python3.12/site-packages/airflow/example_dags/tutorial_taskflow_templates.py
[2026-09-20T21:48:03.401+0200] {logging_mixin.py:190} INFO - [2026-09-20T21:48:03.401+0200] {dag.py:3239} INFO - Sync 1 DAGs
[2026-09-20T21:48:03.425+0200] {logging_mixin.py:190} INFO - [2026-09-20T21:48:03.425+0200] {dag.py:4180} INFO - Setting next_dagrun for tutorial_taskflow_templates to 2026-09-19 00:00:00+00:00, run_after=2026-09-20 00:00:00+00:00
[2026-09-20T21:48:03.430+0200] {processor.py:208} INFO - Processing /Users/swarnalidatta/Desktop/AutoQueryChatbot/.airflow-venv/lib/python3.12/site-packages/airflow/example_dags/tutorial_taskflow_templates.py took 0.069 seconds
[2026-09-21T01:31:14.253+0200] {processor.py:186} INFO - Started process (PID=7737) to work on /Users/swarnalidatta/Desktop/AutoQueryChatbot/.airflow-venv/lib/python3.12/site-packages/airflow/example_dags/tutorial_taskflow_templates.py
[2026-09-21T01:31:14.253+0200] {processor.py:914} INFO - Processing file /Users/swarnalidatta/Desktop/AutoQueryChatbot/.airflow-venv/lib/python3.12/site-packages/airflow/example_dags/tutorial_taskflow_templates.py for tasks to queue
[2026-09-21T01:31:14.253+0200] {logging_mixin.py:190} INFO - [2026-09-21T01:31:14.253+0200] {dagbag.py:588} INFO - Filling up the DagBag from /Users/swarnalidatta/Desktop/AutoQueryChatbot/.airflow-venv/lib/python3.12/site-packages/airflow/example_dags/tutorial_taskflow_templates.py
[2026-09-21T01:31:14.266+0200] {processor.py:925} INFO - DAG(s) 'tutorial_taskflow_templates' retrieved from /Users/swarnalidatta/Desktop/AutoQueryChatbot/.airflow-venv/lib/python3.12/site-packages/airflow/example_dags/tutorial_taskflow_templates.py
[2026-09-21T01:31:14.291+0200] {logging_mixin.py:190} INFO - [2026-09-21T01:31:14.291+0200] {dag.py:3239} INFO - Sync 1 DAGs
[2026-09-21T01:31:14.315+0200] {logging_mixin.py:190} INFO - [2026-09-21T01:31:14.315+0200] {dag.py:4180} INFO - Setting next_dagrun for tutorial_taskflow_templates to 2026-09-19 00:00:00+00:00, run_after=2026-09-20 00:00:00+00:00
[2026-09-21T01:31:14.320+0200] {processor.py:208} INFO - Processing /Users/swarnalidatta/Desktop/AutoQueryChatbot/.airflow-venv/lib/python3.12/site-packages/airflow/example_dags/tutorial_taskflow_templates.py took 0.069 seconds
