[2026-09-05T20:17:03.111+0200] {local_task_job_runner.py:123} INFO - ::group::Pre task execution logs
[2026-09-05T20:17:03.113+0200] {taskinstance.py:2614} INFO - Dependencies all met for dep_context=non-requeueable deps ti=<TaskInstance: mini_riskagent_file_ingestion.wait_for_csv scheduled__2026-09-05T18:16:00+00:00 [queued]>
[2026-09-05T20:17:03.115+0200] {taskinstance.py:2614} INFO - Dependencies all met for dep_context=requeueable deps ti=<TaskInstance: mini_riskagent_file_ingestion.wait_for_csv scheduled__2026-09-05T18:16:00+00:00 [queued]>
[2026-09-05T20:17:03.115+0200] {taskinstance.py:2867} INFO - Starting attempt 1 of 2
[2026-09-05T20:17:03.118+0200] {taskinstance.py:2890} INFO - Executing <Task(PythonSensor): wait_for_csv> on 2026-09-05 18:16:00+00:00
[2026-09-05T20:17:03.122+0200] {logging_mixin.py:190} WARNING - /Users/swarnalidatta/Desktop/AutoQueryChatbot/.airflow-venv/lib/python3.12/site-packages/airflow/task/task_runner/standard_task_runner.py:70 DeprecationWarning: This process (pid=45183) is multi-threaded, use of fork() may lead to deadlocks in the child.
[2026-09-05T20:17:03.122+0200] {standard_task_runner.py:104} INFO - Running: ['airflow', 'tasks', 'run', 'mini_riskagent_file_ingestion', 'wait_for_csv', 'scheduled__2026-09-05T18:16:00+00:00', '--job-id', '2552', '--raw', '--subdir', 'DAGS_FOLDER/data_ingest_pipeline.py', '--cfg-path', '/var/folders/5p/201rr1sj03g8gksxm9x48mbh0000gn/T/tmporjgiy51']
[2026-09-05T20:17:03.123+0200] {standard_task_runner.py:72} INFO - Started process 45189 to run task
[2026-09-05T20:17:03.123+0200] {standard_task_runner.py:105} INFO - Job 2552: Subtask wait_for_csv
[2026-09-05T20:17:03.136+0200] {task_command.py:467} INFO - Running <TaskInstance: mini_riskagent_file_ingestion.wait_for_csv scheduled__2026-09-05T18:16:00+00:00 [running]> on host mac.home
[2026-09-05T20:17:03.154+0200] {taskinstance.py:3134} INFO - Exporting env vars: AIRFLOW_CTX_DAG_OWNER='autoquery' AIRFLOW_CTX_DAG_ID='mini_riskagent_file_ingestion' AIRFLOW_CTX_TASK_ID='wait_for_csv' AIRFLOW_CTX_EXECUTION_DATE='2026-09-05T18:16:00+00:00' AIRFLOW_CTX_TRY_NUMBER='1' AIRFLOW_CTX_DAG_RUN_ID='scheduled__2026-09-05T18:16:00+00:00'
[2026-09-05T20:17:03.155+0200] {logging_mixin.py:190} INFO - Task instance is in running state
[2026-09-05T20:17:03.155+0200] {logging_mixin.py:190} INFO -  Previous state of the Task instance: queued
[2026-09-05T20:17:03.155+0200] {logging_mixin.py:190} INFO - Current task name:wait_for_csv state:running start_date:2026-09-05 18:17:03.113859+00:00
[2026-09-05T20:17:03.155+0200] {logging_mixin.py:190} INFO - Dag name:mini_riskagent_file_ingestion and current dag run status:running
[2026-09-05T20:17:03.155+0200] {taskinstance.py:732} INFO - ::endgroup::
[2026-09-05T20:17:03.157+0200] {python.py:75} INFO - Poking callable: <function check_for_csv_files at 0x10c5aab60>
[2026-09-05T20:17:03.160+0200] {taskinstance.py:310} INFO - Rescheduling task, marking task as UP_FOR_RESCHEDULE
[2026-09-05T20:17:03.160+0200] {taskinstance.py:341} INFO - ::group::Post task execution logs
[2026-09-05T20:17:03.178+0200] {local_task_job_runner.py:266} INFO - Task exited with return code 0
[2026-09-05T20:17:03.185+0200] {taskinstance.py:3901} INFO - 0 downstream tasks scheduled from follow-on schedule check
[2026-09-05T20:17:03.185+0200] {local_task_job_runner.py:245} INFO - ::endgroup::
[2026-09-05T20:17:34.636+0200] {local_task_job_runner.py:123} INFO - ::group::Pre task execution logs
[2026-09-05T20:17:34.639+0200] {taskinstance.py:2614} INFO - Dependencies all met for dep_context=non-requeueable deps ti=<TaskInstance: mini_riskagent_file_ingestion.wait_for_csv scheduled__2026-09-05T18:16:00+00:00 [queued]>
[2026-09-05T20:17:34.641+0200] {taskinstance.py:2614} INFO - Dependencies all met for dep_context=requeueable deps ti=<TaskInstance: mini_riskagent_file_ingestion.wait_for_csv scheduled__2026-09-05T18:16:00+00:00 [queued]>
[2026-09-05T20:17:34.641+0200] {taskinstance.py:2867} INFO - Starting attempt 1 of 2
[2026-09-05T20:17:34.644+0200] {taskinstance.py:2890} INFO - Executing <Task(PythonSensor): wait_for_csv> on 2026-09-05 18:16:00+00:00
[2026-09-05T20:17:34.648+0200] {logging_mixin.py:190} WARNING - /Users/swarnalidatta/Desktop/AutoQueryChatbot/.airflow-venv/lib/python3.12/site-packages/airflow/task/task_runner/standard_task_runner.py:70 DeprecationWarning: This process (pid=45292) is multi-threaded, use of fork() may lead to deadlocks in the child.
[2026-09-05T20:17:34.649+0200] {standard_task_runner.py:72} INFO - Started process 45294 to run task
[2026-09-05T20:17:34.648+0200] {standard_task_runner.py:104} INFO - Running: ['airflow', 'tasks', 'run', 'mini_riskagent_file_ingestion', 'wait_for_csv', 'scheduled__2026-09-05T18:16:00+00:00', '--job-id', '2564', '--raw', '--subdir', 'DAGS_FOLDER/data_ingest_pipeline.py', '--cfg-path', '/var/folders/5p/201rr1sj03g8gksxm9x48mbh0000gn/T/tmpek1nkwg4']
[2026-09-05T20:17:34.649+0200] {standard_task_runner.py:105} INFO - Job 2564: Subtask wait_for_csv
[2026-09-05T20:17:34.663+0200] {task_command.py:467} INFO - Running <TaskInstance: mini_riskagent_file_ingestion.wait_for_csv scheduled__2026-09-05T18:16:00+00:00 [running]> on host mac.home
[2026-09-05T20:17:34.679+0200] {taskinstance.py:3134} INFO - Exporting env vars: AIRFLOW_CTX_DAG_OWNER='autoquery' AIRFLOW_CTX_DAG_ID='mini_riskagent_file_ingestion' AIRFLOW_CTX_TASK_ID='wait_for_csv' AIRFLOW_CTX_EXECUTION_DATE='2026-09-05T18:16:00+00:00' AIRFLOW_CTX_TRY_NUMBER='1' AIRFLOW_CTX_DAG_RUN_ID='scheduled__2026-09-05T18:16:00+00:00'
[2026-09-05T20:17:34.680+0200] {logging_mixin.py:190} INFO - Task instance is in running state
[2026-09-05T20:17:34.680+0200] {logging_mixin.py:190} INFO -  Previous state of the Task instance: queued
[2026-09-05T20:17:34.680+0200] {logging_mixin.py:190} INFO - Current task name:wait_for_csv state:running start_date:2026-09-05 18:17:34.639831+00:00
[2026-09-05T20:17:34.680+0200] {logging_mixin.py:190} INFO - Dag name:mini_riskagent_file_ingestion and current dag run status:running
[2026-09-05T20:17:34.681+0200] {taskinstance.py:732} INFO - ::endgroup::
[2026-09-05T20:17:34.682+0200] {python.py:75} INFO - Poking callable: <function check_for_csv_files at 0x10b426b60>
[2026-09-05T20:17:34.685+0200] {taskinstance.py:310} INFO - Rescheduling task, marking task as UP_FOR_RESCHEDULE
[2026-09-05T20:17:34.685+0200] {taskinstance.py:341} INFO - ::group::Post task execution logs
[2026-09-05T20:17:34.704+0200] {local_task_job_runner.py:266} INFO - Task exited with return code 0
[2026-09-05T20:17:34.711+0200] {taskinstance.py:3901} INFO - 0 downstream tasks scheduled from follow-on schedule check
[2026-09-05T20:17:34.711+0200] {local_task_job_runner.py:245} INFO - ::endgroup::
[2026-09-05T20:18:06.497+0200] {local_task_job_runner.py:123} INFO - ::group::Pre task execution logs
[2026-09-05T20:18:06.500+0200] {taskinstance.py:2614} INFO - Dependencies all met for dep_context=non-requeueable deps ti=<TaskInstance: mini_riskagent_file_ingestion.wait_for_csv scheduled__2026-09-05T18:16:00+00:00 [queued]>
[2026-09-05T20:18:06.501+0200] {taskinstance.py:2614} INFO - Dependencies all met for dep_context=requeueable deps ti=<TaskInstance: mini_riskagent_file_ingestion.wait_for_csv scheduled__2026-09-05T18:16:00+00:00 [queued]>
[2026-09-05T20:18:06.501+0200] {taskinstance.py:2867} INFO - Starting attempt 1 of 2
[2026-09-05T20:18:06.504+0200] {taskinstance.py:2890} INFO - Executing <Task(PythonSensor): wait_for_csv> on 2026-09-05 18:16:00+00:00
[2026-09-05T20:18:06.509+0200] {logging_mixin.py:190} WARNING - /Users/swarnalidatta/Desktop/AutoQueryChatbot/.airflow-venv/lib/python3.12/site-packages/airflow/task/task_runner/standard_task_runner.py:70 DeprecationWarning: This process (pid=45398) is multi-threaded, use of fork() may lead to deadlocks in the child.
[2026-09-05T20:18:06.509+0200] {standard_task_runner.py:72} INFO - Started process 45400 to run task
[2026-09-05T20:18:06.508+0200] {standard_task_runner.py:104} INFO - Running: ['airflow', 'tasks', 'run', 'mini_riskagent_file_ingestion', 'wait_for_csv', 'scheduled__2026-09-05T18:16:00+00:00', '--job-id', '2577', '--raw', '--subdir', 'DAGS_FOLDER/data_ingest_pipeline.py', '--cfg-path', '/var/folders/5p/201rr1sj03g8gksxm9x48mbh0000gn/T/tmp0mig5ifb']
[2026-09-05T20:18:06.509+0200] {standard_task_runner.py:105} INFO - Job 2577: Subtask wait_for_csv
[2026-09-05T20:18:06.523+0200] {task_command.py:467} INFO - Running <TaskInstance: mini_riskagent_file_ingestion.wait_for_csv scheduled__2026-09-05T18:16:00+00:00 [running]> on host mac.home
[2026-09-05T20:18:06.539+0200] {taskinstance.py:3134} INFO - Exporting env vars: AIRFLOW_CTX_DAG_OWNER='autoquery' AIRFLOW_CTX_DAG_ID='mini_riskagent_file_ingestion' AIRFLOW_CTX_TASK_ID='wait_for_csv' AIRFLOW_CTX_EXECUTION_DATE='2026-09-05T18:16:00+00:00' AIRFLOW_CTX_TRY_NUMBER='1' AIRFLOW_CTX_DAG_RUN_ID='scheduled__2026-09-05T18:16:00+00:00'
[2026-09-05T20:18:06.540+0200] {logging_mixin.py:190} INFO - Task instance is in running state
[2026-09-05T20:18:06.540+0200] {logging_mixin.py:190} INFO -  Previous state of the Task instance: queued
[2026-09-05T20:18:06.540+0200] {logging_mixin.py:190} INFO - Current task name:wait_for_csv state:running start_date:2026-09-05 18:18:06.500175+00:00
[2026-09-05T20:18:06.540+0200] {logging_mixin.py:190} INFO - Dag name:mini_riskagent_file_ingestion and current dag run status:running
[2026-09-05T20:18:06.540+0200] {taskinstance.py:732} INFO - ::endgroup::
[2026-09-05T20:18:06.542+0200] {python.py:75} INFO - Poking callable: <function check_for_csv_files at 0x10af4eb60>
[2026-09-05T20:18:06.545+0200] {taskinstance.py:310} INFO - Rescheduling task, marking task as UP_FOR_RESCHEDULE
[2026-09-05T20:18:06.545+0200] {taskinstance.py:341} INFO - ::group::Post task execution logs
[2026-09-05T20:18:06.564+0200] {local_task_job_runner.py:266} INFO - Task exited with return code 0
[2026-09-05T20:18:06.571+0200] {taskinstance.py:3901} INFO - 0 downstream tasks scheduled from follow-on schedule check
[2026-09-05T20:18:06.571+0200] {local_task_job_runner.py:245} INFO - ::endgroup::
[2026-09-05T20:18:38.244+0200] {local_task_job_runner.py:123} INFO - ::group::Pre task execution logs
[2026-09-05T20:18:38.246+0200] {taskinstance.py:2614} INFO - Dependencies all met for dep_context=non-requeueable deps ti=<TaskInstance: mini_riskagent_file_ingestion.wait_for_csv scheduled__2026-09-05T18:16:00+00:00 [queued]>
[2026-09-05T20:18:38.248+0200] {taskinstance.py:2614} INFO - Dependencies all met for dep_context=requeueable deps ti=<TaskInstance: mini_riskagent_file_ingestion.wait_for_csv scheduled__2026-09-05T18:16:00+00:00 [queued]>
[2026-09-05T20:18:38.248+0200] {taskinstance.py:2867} INFO - Starting attempt 1 of 2
[2026-09-05T20:18:38.251+0200] {taskinstance.py:2890} INFO - Executing <Task(PythonSensor): wait_for_csv> on 2026-09-05 18:16:00+00:00
[2026-09-05T20:18:38.256+0200] {logging_mixin.py:190} WARNING - /Users/swarnalidatta/Desktop/AutoQueryChatbot/.airflow-venv/lib/python3.12/site-packages/airflow/task/task_runner/standard_task_runner.py:70 DeprecationWarning: This process (pid=45496) is multi-threaded, use of fork() may lead to deadlocks in the child.
[2026-09-05T20:18:38.256+0200] {standard_task_runner.py:72} INFO - Started process 45498 to run task
[2026-09-05T20:18:38.255+0200] {standard_task_runner.py:104} INFO - Running: ['airflow', 'tasks', 'run', 'mini_riskagent_file_ingestion', 'wait_for_csv', 'scheduled__2026-09-05T18:16:00+00:00', '--job-id', '2590', '--raw', '--subdir', 'DAGS_FOLDER/data_ingest_pipeline.py', '--cfg-path', '/var/folders/5p/201rr1sj03g8gksxm9x48mbh0000gn/T/tmpt4vk1nl1']
[2026-09-05T20:18:38.256+0200] {standard_task_runner.py:105} INFO - Job 2590: Subtask wait_for_csv
[2026-09-05T20:18:38.270+0200] {task_command.py:467} INFO - Running <TaskInstance: mini_riskagent_file_ingestion.wait_for_csv scheduled__2026-09-05T18:16:00+00:00 [running]> on host mac.home
[2026-09-05T20:18:38.286+0200] {taskinstance.py:3134} INFO - Exporting env vars: AIRFLOW_CTX_DAG_OWNER='autoquery' AIRFLOW_CTX_DAG_ID='mini_riskagent_file_ingestion' AIRFLOW_CTX_TASK_ID='wait_for_csv' AIRFLOW_CTX_EXECUTION_DATE='2026-09-05T18:16:00+00:00' AIRFLOW_CTX_TRY_NUMBER='1' AIRFLOW_CTX_DAG_RUN_ID='scheduled__2026-09-05T18:16:00+00:00'
[2026-09-05T20:18:38.286+0200] {logging_mixin.py:190} INFO - Task instance is in running state
[2026-09-05T20:18:38.287+0200] {logging_mixin.py:190} INFO -  Previous state of the Task instance: queued
[2026-09-05T20:18:38.287+0200] {logging_mixin.py:190} INFO - Current task name:wait_for_csv state:running start_date:2026-09-05 18:18:38.246953+00:00
[2026-09-05T20:18:38.287+0200] {logging_mixin.py:190} INFO - Dag name:mini_riskagent_file_ingestion and current dag run status:running
[2026-09-05T20:18:38.287+0200] {taskinstance.py:732} INFO - ::endgroup::
[2026-09-05T20:18:38.289+0200] {python.py:75} INFO - Poking callable: <function check_for_csv_files at 0x111c12b60>
[2026-09-05T20:18:38.292+0200] {taskinstance.py:310} INFO - Rescheduling task, marking task as UP_FOR_RESCHEDULE
[2026-09-05T20:18:38.292+0200] {taskinstance.py:341} INFO - ::group::Post task execution logs
[2026-09-05T20:18:38.312+0200] {local_task_job_runner.py:266} INFO - Task exited with return code 0
[2026-09-05T20:18:38.318+0200] {taskinstance.py:3901} INFO - 0 downstream tasks scheduled from follow-on schedule check
[2026-09-05T20:18:38.318+0200] {local_task_job_runner.py:245} INFO - ::endgroup::
[2026-09-05T20:19:09.531+0200] {local_task_job_runner.py:123} INFO - ::group::Pre task execution logs
[2026-09-05T20:19:09.534+0200] {taskinstance.py:2614} INFO - Dependencies all met for dep_context=non-requeueable deps ti=<TaskInstance: mini_riskagent_file_ingestion.wait_for_csv scheduled__2026-09-05T18:16:00+00:00 [queued]>
[2026-09-05T20:19:09.535+0200] {taskinstance.py:2614} INFO - Dependencies all met for dep_context=requeueable deps ti=<TaskInstance: mini_riskagent_file_ingestion.wait_for_csv scheduled__2026-09-05T18:16:00+00:00 [queued]>
[2026-09-05T20:19:09.535+0200] {taskinstance.py:2867} INFO - Starting attempt 1 of 2
[2026-09-05T20:19:09.539+0200] {taskinstance.py:2890} INFO - Executing <Task(PythonSensor): wait_for_csv> on 2026-09-05 18:16:00+00:00
[2026-09-05T20:19:09.544+0200] {logging_mixin.py:190} WARNING - /Users/swarnalidatta/Desktop/AutoQueryChatbot/.airflow-venv/lib/python3.12/site-packages/airflow/task/task_runner/standard_task_runner.py:70 DeprecationWarning: This process (pid=45603) is multi-threaded, use of fork() may lead to deadlocks in the child.
[2026-09-05T20:19:09.544+0200] {standard_task_runner.py:104} INFO - Running: ['airflow', 'tasks', 'run', 'mini_riskagent_file_ingestion', 'wait_for_csv', 'scheduled__2026-09-05T18:16:00+00:00', '--job-id', '2604', '--raw', '--subdir', 'DAGS_FOLDER/data_ingest_pipeline.py', '--cfg-path', '/var/folders/5p/201rr1sj03g8gksxm9x48mbh0000gn/T/tmpi_5t39qg']
[2026-09-05T20:19:09.545+0200] {standard_task_runner.py:72} INFO - Started process 45614 to run task
[2026-09-05T20:19:09.545+0200] {standard_task_runner.py:105} INFO - Job 2604: Subtask wait_for_csv
[2026-09-05T20:19:09.561+0200] {task_command.py:467} INFO - Running <TaskInstance: mini_riskagent_file_ingestion.wait_for_csv scheduled__2026-09-05T18:16:00+00:00 [running]> on host mac.home
[2026-09-05T20:19:09.578+0200] {taskinstance.py:3134} INFO - Exporting env vars: AIRFLOW_CTX_DAG_OWNER='autoquery' AIRFLOW_CTX_DAG_ID='mini_riskagent_file_ingestion' AIRFLOW_CTX_TASK_ID='wait_for_csv' AIRFLOW_CTX_EXECUTION_DATE='2026-09-05T18:16:00+00:00' AIRFLOW_CTX_TRY_NUMBER='1' AIRFLOW_CTX_DAG_RUN_ID='scheduled__2026-09-05T18:16:00+00:00'
[2026-09-05T20:19:09.579+0200] {logging_mixin.py:190} INFO - Task instance is in running state
[2026-09-05T20:19:09.579+0200] {logging_mixin.py:190} INFO -  Previous state of the Task instance: queued
[2026-09-05T20:19:09.579+0200] {logging_mixin.py:190} INFO - Current task name:wait_for_csv state:running start_date:2026-09-05 18:19:09.534124+00:00
[2026-09-05T20:19:09.579+0200] {logging_mixin.py:190} INFO - Dag name:mini_riskagent_file_ingestion and current dag run status:running
[2026-09-05T20:19:09.580+0200] {taskinstance.py:732} INFO - ::endgroup::
[2026-09-05T20:19:09.581+0200] {python.py:75} INFO - Poking callable: <function check_for_csv_files at 0x10ceceb60>
[2026-09-05T20:19:09.585+0200] {taskinstance.py:310} INFO - Rescheduling task, marking task as UP_FOR_RESCHEDULE
[2026-09-05T20:19:09.585+0200] {taskinstance.py:341} INFO - ::group::Post task execution logs
[2026-09-05T20:19:09.600+0200] {local_task_job_runner.py:266} INFO - Task exited with return code 0
[2026-09-05T20:19:09.607+0200] {taskinstance.py:3901} INFO - 0 downstream tasks scheduled from follow-on schedule check
[2026-09-05T20:19:09.607+0200] {local_task_job_runner.py:245} INFO - ::endgroup::
[2026-09-05T20:19:42.291+0200] {local_task_job_runner.py:123} INFO - ::group::Pre task execution logs
[2026-09-05T20:19:42.294+0200] {taskinstance.py:2614} INFO - Dependencies all met for dep_context=non-requeueable deps ti=<TaskInstance: mini_riskagent_file_ingestion.wait_for_csv scheduled__2026-09-05T18:16:00+00:00 [queued]>
[2026-09-05T20:19:42.295+0200] {taskinstance.py:2614} INFO - Dependencies all met for dep_context=requeueable deps ti=<TaskInstance: mini_riskagent_file_ingestion.wait_for_csv scheduled__2026-09-05T18:16:00+00:00 [queued]>
[2026-09-05T20:19:42.295+0200] {taskinstance.py:2867} INFO - Starting attempt 1 of 2
[2026-09-05T20:19:42.299+0200] {taskinstance.py:2890} INFO - Executing <Task(PythonSensor): wait_for_csv> on 2026-09-05 18:16:00+00:00
[2026-09-05T20:19:42.303+0200] {logging_mixin.py:190} WARNING - /Users/swarnalidatta/Desktop/AutoQueryChatbot/.airflow-venv/lib/python3.12/site-packages/airflow/task/task_runner/standard_task_runner.py:70 DeprecationWarning: This process (pid=45726) is multi-threaded, use of fork() may lead to deadlocks in the child.
[2026-09-05T20:19:42.303+0200] {standard_task_runner.py:72} INFO - Started process 45728 to run task
[2026-09-05T20:19:42.303+0200] {standard_task_runner.py:104} INFO - Running: ['airflow', 'tasks', 'run', 'mini_riskagent_file_ingestion', 'wait_for_csv', 'scheduled__2026-09-05T18:16:00+00:00', '--job-id', '2618', '--raw', '--subdir', 'DAGS_FOLDER/data_ingest_pipeline.py', '--cfg-path', '/var/folders/5p/201rr1sj03g8gksxm9x48mbh0000gn/T/tmpdgoy55zs']
[2026-09-05T20:19:42.303+0200] {standard_task_runner.py:105} INFO - Job 2618: Subtask wait_for_csv
[2026-09-05T20:19:42.317+0200] {task_command.py:467} INFO - Running <TaskInstance: mini_riskagent_file_ingestion.wait_for_csv scheduled__2026-09-05T18:16:00+00:00 [running]> on host mac.home
[2026-09-05T20:19:42.334+0200] {taskinstance.py:3134} INFO - Exporting env vars: AIRFLOW_CTX_DAG_OWNER='autoquery' AIRFLOW_CTX_DAG_ID='mini_riskagent_file_ingestion' AIRFLOW_CTX_TASK_ID='wait_for_csv' AIRFLOW_CTX_EXECUTION_DATE='2026-09-05T18:16:00+00:00' AIRFLOW_CTX_TRY_NUMBER='1' AIRFLOW_CTX_DAG_RUN_ID='scheduled__2026-09-05T18:16:00+00:00'
[2026-09-05T20:19:42.334+0200] {logging_mixin.py:190} INFO - Task instance is in running state
[2026-09-05T20:19:42.334+0200] {logging_mixin.py:190} INFO -  Previous state of the Task instance: queued
[2026-09-05T20:19:42.334+0200] {logging_mixin.py:190} INFO - Current task name:wait_for_csv state:running start_date:2026-09-05 18:19:42.294568+00:00
[2026-09-05T20:19:42.335+0200] {logging_mixin.py:190} INFO - Dag name:mini_riskagent_file_ingestion and current dag run status:running
[2026-09-05T20:19:42.335+0200] {taskinstance.py:732} INFO - ::endgroup::
[2026-09-05T20:19:42.336+0200] {python.py:75} INFO - Poking callable: <function check_for_csv_files at 0x10d126b60>
[2026-09-05T20:19:42.340+0200] {taskinstance.py:310} INFO - Rescheduling task, marking task as UP_FOR_RESCHEDULE
[2026-09-05T20:19:42.340+0200] {taskinstance.py:341} INFO - ::group::Post task execution logs
[2026-09-05T20:19:42.359+0200] {local_task_job_runner.py:266} INFO - Task exited with return code 0
[2026-09-05T20:19:42.365+0200] {taskinstance.py:3901} INFO - 0 downstream tasks scheduled from follow-on schedule check
[2026-09-05T20:19:42.366+0200] {local_task_job_runner.py:245} INFO - ::endgroup::
[2026-09-05T20:20:14.448+0200] {local_task_job_runner.py:123} INFO - ::group::Pre task execution logs
[2026-09-05T20:20:14.451+0200] {taskinstance.py:2614} INFO - Dependencies all met for dep_context=non-requeueable deps ti=<TaskInstance: mini_riskagent_file_ingestion.wait_for_csv scheduled__2026-09-05T18:16:00+00:00 [queued]>
[2026-09-05T20:20:14.452+0200] {taskinstance.py:2614} INFO - Dependencies all met for dep_context=requeueable deps ti=<TaskInstance: mini_riskagent_file_ingestion.wait_for_csv scheduled__2026-09-05T18:16:00+00:00 [queued]>
[2026-09-05T20:20:14.452+0200] {taskinstance.py:2867} INFO - Starting attempt 1 of 2
[2026-09-05T20:20:14.456+0200] {taskinstance.py:2890} INFO - Executing <Task(PythonSensor): wait_for_csv> on 2026-09-05 18:16:00+00:00
[2026-09-05T20:20:14.460+0200] {logging_mixin.py:190} WARNING - /Users/swarnalidatta/Desktop/AutoQueryChatbot/.airflow-venv/lib/python3.12/site-packages/airflow/task/task_runner/standard_task_runner.py:70 DeprecationWarning: This process (pid=45834) is multi-threaded, use of fork() may lead to deadlocks in the child.
[2026-09-05T20:20:14.460+0200] {standard_task_runner.py:72} INFO - Started process 45836 to run task
[2026-09-05T20:20:14.460+0200] {standard_task_runner.py:104} INFO - Running: ['airflow', 'tasks', 'run', 'mini_riskagent_file_ingestion', 'wait_for_csv', 'scheduled__2026-09-05T18:16:00+00:00', '--job-id', '2633', '--raw', '--subdir', 'DAGS_FOLDER/data_ingest_pipeline.py', '--cfg-path', '/var/folders/5p/201rr1sj03g8gksxm9x48mbh0000gn/T/tmp5ljzej9i']
[2026-09-05T20:20:14.461+0200] {standard_task_runner.py:105} INFO - Job 2633: Subtask wait_for_csv
[2026-09-05T20:20:14.475+0200] {task_command.py:467} INFO - Running <TaskInstance: mini_riskagent_file_ingestion.wait_for_csv scheduled__2026-09-05T18:16:00+00:00 [running]> on host mac.home
[2026-09-05T20:20:14.491+0200] {taskinstance.py:3134} INFO - Exporting env vars: AIRFLOW_CTX_DAG_OWNER='autoquery' AIRFLOW_CTX_DAG_ID='mini_riskagent_file_ingestion' AIRFLOW_CTX_TASK_ID='wait_for_csv' AIRFLOW_CTX_EXECUTION_DATE='2026-09-05T18:16:00+00:00' AIRFLOW_CTX_TRY_NUMBER='1' AIRFLOW_CTX_DAG_RUN_ID='scheduled__2026-09-05T18:16:00+00:00'
[2026-09-05T20:20:14.492+0200] {logging_mixin.py:190} INFO - Task instance is in running state
[2026-09-05T20:20:14.492+0200] {logging_mixin.py:190} INFO -  Previous state of the Task instance: queued
[2026-09-05T20:20:14.492+0200] {logging_mixin.py:190} INFO - Current task name:wait_for_csv state:running start_date:2026-09-05 18:20:14.451490+00:00
[2026-09-05T20:20:14.492+0200] {logging_mixin.py:190} INFO - Dag name:mini_riskagent_file_ingestion and current dag run status:running
[2026-09-05T20:20:14.492+0200] {taskinstance.py:732} INFO - ::endgroup::
[2026-09-05T20:20:14.494+0200] {python.py:75} INFO - Poking callable: <function check_for_csv_files at 0x121826b60>
[2026-09-05T20:20:14.497+0200] {taskinstance.py:310} INFO - Rescheduling task, marking task as UP_FOR_RESCHEDULE
[2026-09-05T20:20:14.497+0200] {taskinstance.py:341} INFO - ::group::Post task execution logs
[2026-09-05T20:20:14.516+0200] {local_task_job_runner.py:266} INFO - Task exited with return code 0
[2026-09-05T20:20:14.522+0200] {taskinstance.py:3901} INFO - 0 downstream tasks scheduled from follow-on schedule check
[2026-09-05T20:20:14.523+0200] {local_task_job_runner.py:245} INFO - ::endgroup::
[2026-09-05T20:20:46.756+0200] {local_task_job_runner.py:123} INFO - ::group::Pre task execution logs
[2026-09-05T20:20:46.759+0200] {taskinstance.py:2614} INFO - Dependencies all met for dep_context=non-requeueable deps ti=<TaskInstance: mini_riskagent_file_ingestion.wait_for_csv scheduled__2026-09-05T18:16:00+00:00 [queued]>
[2026-09-05T20:20:46.760+0200] {taskinstance.py:2614} INFO - Dependencies all met for dep_context=requeueable deps ti=<TaskInstance: mini_riskagent_file_ingestion.wait_for_csv scheduled__2026-09-05T18:16:00+00:00 [queued]>
[2026-09-05T20:20:46.761+0200] {taskinstance.py:2867} INFO - Starting attempt 1 of 2
[2026-09-05T20:20:46.764+0200] {taskinstance.py:2890} INFO - Executing <Task(PythonSensor): wait_for_csv> on 2026-09-05 18:16:00+00:00
[2026-09-05T20:20:46.770+0200] {logging_mixin.py:190} WARNING - /Users/swarnalidatta/Desktop/AutoQueryChatbot/.airflow-venv/lib/python3.12/site-packages/airflow/task/task_runner/standard_task_runner.py:70 DeprecationWarning: This process (pid=45942) is multi-threaded, use of fork() may lead to deadlocks in the child.
[2026-09-05T20:20:46.770+0200] {standard_task_runner.py:72} INFO - Started process 45954 to run task
[2026-09-05T20:20:46.769+0200] {standard_task_runner.py:104} INFO - Running: ['airflow', 'tasks', 'run', 'mini_riskagent_file_ingestion', 'wait_for_csv', 'scheduled__2026-09-05T18:16:00+00:00', '--job-id', '2648', '--raw', '--subdir', 'DAGS_FOLDER/data_ingest_pipeline.py', '--cfg-path', '/var/folders/5p/201rr1sj03g8gksxm9x48mbh0000gn/T/tmpfoo83w2k']
[2026-09-05T20:20:46.770+0200] {standard_task_runner.py:105} INFO - Job 2648: Subtask wait_for_csv
[2026-09-05T20:20:46.788+0200] {task_command.py:467} INFO - Running <TaskInstance: mini_riskagent_file_ingestion.wait_for_csv scheduled__2026-09-05T18:16:00+00:00 [running]> on host mac.home
[2026-09-05T20:20:46.808+0200] {taskinstance.py:3134} INFO - Exporting env vars: AIRFLOW_CTX_DAG_OWNER='autoquery' AIRFLOW_CTX_DAG_ID='mini_riskagent_file_ingestion' AIRFLOW_CTX_TASK_ID='wait_for_csv' AIRFLOW_CTX_EXECUTION_DATE='2026-09-05T18:16:00+00:00' AIRFLOW_CTX_TRY_NUMBER='1' AIRFLOW_CTX_DAG_RUN_ID='scheduled__2026-09-05T18:16:00+00:00'
[2026-09-05T20:20:46.808+0200] {logging_mixin.py:190} INFO - Task instance is in running state
[2026-09-05T20:20:46.809+0200] {logging_mixin.py:190} INFO -  Previous state of the Task instance: queued
[2026-09-05T20:20:46.809+0200] {logging_mixin.py:190} INFO - Current task name:wait_for_csv state:running start_date:2026-09-05 18:20:46.759482+00:00
[2026-09-05T20:20:46.809+0200] {logging_mixin.py:190} INFO - Dag name:mini_riskagent_file_ingestion and current dag run status:running
[2026-09-05T20:20:46.809+0200] {taskinstance.py:732} INFO - ::endgroup::
[2026-09-05T20:20:46.810+0200] {python.py:75} INFO - Poking callable: <function check_for_csv_files at 0x115912b60>
[2026-09-05T20:20:46.814+0200] {taskinstance.py:310} INFO - Rescheduling task, marking task as UP_FOR_RESCHEDULE
[2026-09-05T20:20:46.814+0200] {taskinstance.py:341} INFO - ::group::Post task execution logs
[2026-09-05T20:20:46.826+0200] {local_task_job_runner.py:266} INFO - Task exited with return code 0
[2026-09-05T20:20:46.833+0200] {taskinstance.py:3901} INFO - 0 downstream tasks scheduled from follow-on schedule check
[2026-09-05T20:20:46.833+0200] {local_task_job_runner.py:245} INFO - ::endgroup::
[2026-09-05T20:21:18.649+0200] {local_task_job_runner.py:123} INFO - ::group::Pre task execution logs
[2026-09-05T20:21:18.652+0200] {taskinstance.py:2614} INFO - Dependencies all met for dep_context=non-requeueable deps ti=<TaskInstance: mini_riskagent_file_ingestion.wait_for_csv scheduled__2026-09-05T18:16:00+00:00 [queued]>
[2026-09-05T20:21:18.654+0200] {taskinstance.py:2614} INFO - Dependencies all met for dep_context=requeueable deps ti=<TaskInstance: mini_riskagent_file_ingestion.wait_for_csv scheduled__2026-09-05T18:16:00+00:00 [queued]>
[2026-09-05T20:21:18.654+0200] {taskinstance.py:2867} INFO - Starting attempt 1 of 2
[2026-09-05T20:21:18.657+0200] {taskinstance.py:2890} INFO - Executing <Task(PythonSensor): wait_for_csv> on 2026-09-05 18:16:00+00:00
[2026-09-05T20:21:18.662+0200] {logging_mixin.py:190} WARNING - /Users/swarnalidatta/Desktop/AutoQueryChatbot/.airflow-venv/lib/python3.12/site-packages/airflow/task/task_runner/standard_task_runner.py:70 DeprecationWarning: This process (pid=46057) is multi-threaded, use of fork() may lead to deadlocks in the child.
[2026-09-05T20:21:18.662+0200] {standard_task_runner.py:72} INFO - Started process 46059 to run task
[2026-09-05T20:21:18.661+0200] {standard_task_runner.py:104} INFO - Running: ['airflow', 'tasks', 'run', 'mini_riskagent_file_ingestion', 'wait_for_csv', 'scheduled__2026-09-05T18:16:00+00:00', '--job-id', '2664', '--raw', '--subdir', 'DAGS_FOLDER/data_ingest_pipeline.py', '--cfg-path', '/var/folders/5p/201rr1sj03g8gksxm9x48mbh0000gn/T/tmp4kfu3wz8']
[2026-09-05T20:21:18.662+0200] {standard_task_runner.py:105} INFO - Job 2664: Subtask wait_for_csv
[2026-09-05T20:21:18.675+0200] {task_command.py:467} INFO - Running <TaskInstance: mini_riskagent_file_ingestion.wait_for_csv scheduled__2026-09-05T18:16:00+00:00 [running]> on host mac.home
[2026-09-05T20:21:18.693+0200] {taskinstance.py:3134} INFO - Exporting env vars: AIRFLOW_CTX_DAG_OWNER='autoquery' AIRFLOW_CTX_DAG_ID='mini_riskagent_file_ingestion' AIRFLOW_CTX_TASK_ID='wait_for_csv' AIRFLOW_CTX_EXECUTION_DATE='2026-09-05T18:16:00+00:00' AIRFLOW_CTX_TRY_NUMBER='1' AIRFLOW_CTX_DAG_RUN_ID='scheduled__2026-09-05T18:16:00+00:00'
[2026-09-05T20:21:18.693+0200] {logging_mixin.py:190} INFO - Task instance is in running state
[2026-09-05T20:21:18.694+0200] {logging_mixin.py:190} INFO -  Previous state of the Task instance: queued
[2026-09-05T20:21:18.694+0200] {logging_mixin.py:190} INFO - Current task name:wait_for_csv state:running start_date:2026-09-05 18:21:18.652754+00:00
[2026-09-05T20:21:18.694+0200] {logging_mixin.py:190} INFO - Dag name:mini_riskagent_file_ingestion and current dag run status:running
[2026-09-05T20:21:18.694+0200] {taskinstance.py:732} INFO - ::endgroup::
[2026-09-05T20:21:18.696+0200] {python.py:75} INFO - Poking callable: <function check_for_csv_files at 0x10a79ab60>
[2026-09-05T20:21:18.699+0200] {taskinstance.py:310} INFO - Rescheduling task, marking task as UP_FOR_RESCHEDULE
[2026-09-05T20:21:18.699+0200] {taskinstance.py:341} INFO - ::group::Post task execution logs
[2026-09-05T20:21:18.717+0200] {local_task_job_runner.py:266} INFO - Task exited with return code 0
[2026-09-05T20:21:18.724+0200] {taskinstance.py:3901} INFO - 0 downstream tasks scheduled from follow-on schedule check
[2026-09-05T20:21:18.724+0200] {local_task_job_runner.py:245} INFO - ::endgroup::
[2026-09-05T20:21:50.025+0200] {local_task_job_runner.py:123} INFO - ::group::Pre task execution logs
[2026-09-05T20:21:50.028+0200] {taskinstance.py:2614} INFO - Dependencies all met for dep_context=non-requeueable deps ti=<TaskInstance: mini_riskagent_file_ingestion.wait_for_csv scheduled__2026-09-05T18:16:00+00:00 [queued]>
[2026-09-05T20:21:50.029+0200] {taskinstance.py:2614} INFO - Dependencies all met for dep_context=requeueable deps ti=<TaskInstance: mini_riskagent_file_ingestion.wait_for_csv scheduled__2026-09-05T18:16:00+00:00 [queued]>
[2026-09-05T20:21:50.029+0200] {taskinstance.py:2867} INFO - Starting attempt 1 of 2
[2026-09-05T20:21:50.032+0200] {taskinstance.py:2890} INFO - Executing <Task(PythonSensor): wait_for_csv> on 2026-09-05 18:16:00+00:00
[2026-09-05T20:21:50.037+0200] {logging_mixin.py:190} WARNING - /Users/swarnalidatta/Desktop/AutoQueryChatbot/.airflow-venv/lib/python3.12/site-packages/airflow/task/task_runner/standard_task_runner.py:70 DeprecationWarning: This process (pid=46168) is multi-threaded, use of fork() may lead to deadlocks in the child.
[2026-09-05T20:21:50.038+0200] {standard_task_runner.py:72} INFO - Started process 46170 to run task
[2026-09-05T20:21:50.037+0200] {standard_task_runner.py:104} INFO - Running: ['airflow', 'tasks', 'run', 'mini_riskagent_file_ingestion', 'wait_for_csv', 'scheduled__2026-09-05T18:16:00+00:00', '--job-id', '2680', '--raw', '--subdir', 'DAGS_FOLDER/data_ingest_pipeline.py', '--cfg-path', '/var/folders/5p/201rr1sj03g8gksxm9x48mbh0000gn/T/tmp0nupat32']
[2026-09-05T20:21:50.038+0200] {standard_task_runner.py:105} INFO - Job 2680: Subtask wait_for_csv
[2026-09-05T20:21:50.052+0200] {task_command.py:467} INFO - Running <TaskInstance: mini_riskagent_file_ingestion.wait_for_csv scheduled__2026-09-05T18:16:00+00:00 [running]> on host mac.home
[2026-09-05T20:21:50.067+0200] {taskinstance.py:3134} INFO - Exporting env vars: AIRFLOW_CTX_DAG_OWNER='autoquery' AIRFLOW_CTX_DAG_ID='mini_riskagent_file_ingestion' AIRFLOW_CTX_TASK_ID='wait_for_csv' AIRFLOW_CTX_EXECUTION_DATE='2026-09-05T18:16:00+00:00' AIRFLOW_CTX_TRY_NUMBER='1' AIRFLOW_CTX_DAG_RUN_ID='scheduled__2026-09-05T18:16:00+00:00'
[2026-09-05T20:21:50.068+0200] {logging_mixin.py:190} INFO - Task instance is in running state
[2026-09-05T20:21:50.068+0200] {logging_mixin.py:190} INFO -  Previous state of the Task instance: queued
[2026-09-05T20:21:50.068+0200] {logging_mixin.py:190} INFO - Current task name:wait_for_csv state:running start_date:2026-09-05 18:21:50.028401+00:00
[2026-09-05T20:21:50.069+0200] {logging_mixin.py:190} INFO - Dag name:mini_riskagent_file_ingestion and current dag run status:running
[2026-09-05T20:21:50.069+0200] {taskinstance.py:732} INFO - ::endgroup::
[2026-09-05T20:21:50.070+0200] {python.py:75} INFO - Poking callable: <function check_for_csv_files at 0x10d02ab60>
[2026-09-05T20:21:50.070+0200] {base.py:339} INFO - Success criteria met. Exiting.
[2026-09-05T20:21:50.072+0200] {taskinstance.py:341} INFO - ::group::Post task execution logs
[2026-09-05T20:21:50.072+0200] {taskinstance.py:353} INFO - Marking task as SUCCESS. dag_id=mini_riskagent_file_ingestion, task_id=wait_for_csv, run_id=scheduled__2026-09-05T18:16:00+00:00, execution_date=20260905T181600, start_date=20260905T182150, end_date=20260905T182150
[2026-09-05T20:21:50.076+0200] {logging_mixin.py:190} INFO - Task instance in success state
[2026-09-05T20:21:50.076+0200] {logging_mixin.py:190} INFO -  Previous state of the Task instance: running
[2026-09-05T20:21:50.076+0200] {logging_mixin.py:190} INFO - Dag name:mini_riskagent_file_ingestion queued_at:2026-09-05 18:17:02.206416+00:00
[2026-09-05T20:21:50.076+0200] {logging_mixin.py:190} INFO - Task hostname:mac.home operator:PythonSensor
[2026-09-05T20:21:50.093+0200] {local_task_job_runner.py:266} INFO - Task exited with return code 0
[2026-09-05T20:21:50.101+0200] {taskinstance.py:3901} INFO - 1 downstream tasks scheduled from follow-on schedule check
[2026-09-05T20:21:50.101+0200] {local_task_job_runner.py:245} INFO - ::endgroup::
