[2026-09-22T02:05:49.837+0200] {local_task_job_runner.py:123} INFO - ::group::Pre task execution logs
[2026-09-22T02:05:49.839+0200] {taskinstance.py:2614} INFO - Dependencies all met for dep_context=non-requeueable deps ti=<TaskInstance: mini_riskagent_file_ingestion.wait_for_csv scheduled__2026-09-22T00:04:00+00:00 [queued]>
[2026-09-22T02:05:49.841+0200] {taskinstance.py:2614} INFO - Dependencies all met for dep_context=requeueable deps ti=<TaskInstance: mini_riskagent_file_ingestion.wait_for_csv scheduled__2026-09-22T00:04:00+00:00 [queued]>
[2026-09-22T02:05:49.841+0200] {taskinstance.py:2867} INFO - Starting attempt 1 of 2
[2026-09-22T02:05:49.844+0200] {taskinstance.py:2890} INFO - Executing <Task(PythonSensor): wait_for_csv> on 2026-09-22 00:04:00+00:00
[2026-09-22T02:05:49.848+0200] {logging_mixin.py:190} WARNING - /Users/swarnalidatta/Desktop/AutoQueryChatbot/.airflow-venv/lib/python3.12/site-packages/airflow/task/task_runner/standard_task_runner.py:70 DeprecationWarning: This process (pid=10678) is multi-threaded, use of fork() may lead to deadlocks in the child.
[2026-09-22T02:05:49.849+0200] {standard_task_runner.py:72} INFO - Started process 10680 to run task
[2026-09-22T02:05:49.848+0200] {standard_task_runner.py:104} INFO - Running: ['airflow', 'tasks', 'run', 'mini_riskagent_file_ingestion', 'wait_for_csv', 'scheduled__2026-09-22T00:04:00+00:00', '--job-id', '4943', '--raw', '--subdir', 'DAGS_FOLDER/data_ingest_pipeline.py', '--cfg-path', '/var/folders/5p/201rr1sj03g8gksxm9x48mbh0000gn/T/tmpe2gsa9ro']
[2026-09-22T02:05:49.849+0200] {standard_task_runner.py:105} INFO - Job 4943: Subtask wait_for_csv
[2026-09-22T02:05:49.862+0200] {task_command.py:467} INFO - Running <TaskInstance: mini_riskagent_file_ingestion.wait_for_csv scheduled__2026-09-22T00:04:00+00:00 [running]> on host mac.home
[2026-09-22T02:05:49.878+0200] {taskinstance.py:3134} INFO - Exporting env vars: AIRFLOW_CTX_DAG_OWNER='autoquery' AIRFLOW_CTX_DAG_ID='mini_riskagent_file_ingestion' AIRFLOW_CTX_TASK_ID='wait_for_csv' AIRFLOW_CTX_EXECUTION_DATE='2026-09-22T00:04:00+00:00' AIRFLOW_CTX_TRY_NUMBER='1' AIRFLOW_CTX_DAG_RUN_ID='scheduled__2026-09-22T00:04:00+00:00'
[2026-09-22T02:05:49.878+0200] {logging_mixin.py:190} INFO - Task instance is in running state
[2026-09-22T02:05:49.878+0200] {logging_mixin.py:190} INFO -  Previous state of the Task instance: queued
[2026-09-22T02:05:49.878+0200] {logging_mixin.py:190} INFO - Current task name:wait_for_csv state:running start_date:2026-09-22 00:05:49.839935+00:00
[2026-09-22T02:05:49.878+0200] {logging_mixin.py:190} INFO - Dag name:mini_riskagent_file_ingestion and current dag run status:running
[2026-09-22T02:05:49.879+0200] {taskinstance.py:732} INFO - ::endgroup::
[2026-09-22T02:05:49.880+0200] {python.py:75} INFO - Poking callable: <function check_for_csv_files at 0x10c8b6b60>
[2026-09-22T02:05:49.883+0200] {taskinstance.py:310} INFO - Rescheduling task, marking task as UP_FOR_RESCHEDULE
[2026-09-22T02:05:49.883+0200] {taskinstance.py:341} INFO - ::group::Post task execution logs
[2026-09-22T02:05:49.908+0200] {local_task_job_runner.py:266} INFO - Task exited with return code 0
[2026-09-22T02:05:49.914+0200] {taskinstance.py:3901} INFO - 0 downstream tasks scheduled from follow-on schedule check
[2026-09-22T02:05:49.914+0200] {local_task_job_runner.py:245} INFO - ::endgroup::
[2026-09-22T02:11:25.355+0200] {local_task_job_runner.py:123} INFO - ::group::Pre task execution logs
[2026-09-22T02:11:25.358+0200] {taskinstance.py:2614} INFO - Dependencies all met for dep_context=non-requeueable deps ti=<TaskInstance: mini_riskagent_file_ingestion.wait_for_csv scheduled__2026-09-22T00:04:00+00:00 [queued]>
[2026-09-22T02:11:25.359+0200] {taskinstance.py:2614} INFO - Dependencies all met for dep_context=requeueable deps ti=<TaskInstance: mini_riskagent_file_ingestion.wait_for_csv scheduled__2026-09-22T00:04:00+00:00 [queued]>
[2026-09-22T02:11:25.360+0200] {taskinstance.py:2867} INFO - Starting attempt 1 of 2
[2026-09-22T02:11:25.362+0200] {taskinstance.py:2890} INFO - Executing <Task(PythonSensor): wait_for_csv> on 2026-09-22 00:04:00+00:00
[2026-09-22T02:11:25.367+0200] {logging_mixin.py:190} WARNING - /Users/swarnalidatta/Desktop/AutoQueryChatbot/.airflow-venv/lib/python3.12/site-packages/airflow/task/task_runner/standard_task_runner.py:70 DeprecationWarning: This process (pid=10686) is multi-threaded, use of fork() may lead to deadlocks in the child.
[2026-09-22T02:11:25.367+0200] {standard_task_runner.py:72} INFO - Started process 10693 to run task
[2026-09-22T02:11:25.366+0200] {standard_task_runner.py:104} INFO - Running: ['airflow', 'tasks', 'run', 'mini_riskagent_file_ingestion', 'wait_for_csv', 'scheduled__2026-09-22T00:04:00+00:00', '--job-id', '4944', '--raw', '--subdir', 'DAGS_FOLDER/data_ingest_pipeline.py', '--cfg-path', '/var/folders/5p/201rr1sj03g8gksxm9x48mbh0000gn/T/tmp3e6j983i']
[2026-09-22T02:11:25.367+0200] {standard_task_runner.py:105} INFO - Job 4944: Subtask wait_for_csv
[2026-09-22T02:11:25.381+0200] {task_command.py:467} INFO - Running <TaskInstance: mini_riskagent_file_ingestion.wait_for_csv scheduled__2026-09-22T00:04:00+00:00 [running]> on host mac.home
[2026-09-22T02:11:25.397+0200] {taskinstance.py:3134} INFO - Exporting env vars: AIRFLOW_CTX_DAG_OWNER='autoquery' AIRFLOW_CTX_DAG_ID='mini_riskagent_file_ingestion' AIRFLOW_CTX_TASK_ID='wait_for_csv' AIRFLOW_CTX_EXECUTION_DATE='2026-09-22T00:04:00+00:00' AIRFLOW_CTX_TRY_NUMBER='1' AIRFLOW_CTX_DAG_RUN_ID='scheduled__2026-09-22T00:04:00+00:00'
[2026-09-22T02:11:25.397+0200] {logging_mixin.py:190} INFO - Task instance is in running state
[2026-09-22T02:11:25.397+0200] {logging_mixin.py:190} INFO -  Previous state of the Task instance: queued
[2026-09-22T02:11:25.397+0200] {logging_mixin.py:190} INFO - Current task name:wait_for_csv state:running start_date:2026-09-22 00:11:25.358579+00:00
[2026-09-22T02:11:25.398+0200] {logging_mixin.py:190} INFO - Dag name:mini_riskagent_file_ingestion and current dag run status:running
[2026-09-22T02:11:25.398+0200] {taskinstance.py:732} INFO - ::endgroup::
[2026-09-22T02:11:25.399+0200] {python.py:75} INFO - Poking callable: <function check_for_csv_files at 0x10d2e2b60>
[2026-09-22T02:11:25.402+0200] {taskinstance.py:310} INFO - Rescheduling task, marking task as UP_FOR_RESCHEDULE
[2026-09-22T02:11:25.402+0200] {taskinstance.py:341} INFO - ::group::Post task execution logs
[2026-09-22T02:11:25.426+0200] {local_task_job_runner.py:266} INFO - Task exited with return code 0
[2026-09-22T02:11:25.433+0200] {taskinstance.py:3901} INFO - 0 downstream tasks scheduled from follow-on schedule check
[2026-09-22T02:11:25.433+0200] {local_task_job_runner.py:245} INFO - ::endgroup::
[2026-09-22T02:27:10.251+0200] {local_task_job_runner.py:123} INFO - ::group::Pre task execution logs
[2026-09-22T02:27:10.254+0200] {taskinstance.py:2614} INFO - Dependencies all met for dep_context=non-requeueable deps ti=<TaskInstance: mini_riskagent_file_ingestion.wait_for_csv scheduled__2026-09-22T00:04:00+00:00 [queued]>
[2026-09-22T02:27:10.255+0200] {taskinstance.py:2614} INFO - Dependencies all met for dep_context=requeueable deps ti=<TaskInstance: mini_riskagent_file_ingestion.wait_for_csv scheduled__2026-09-22T00:04:00+00:00 [queued]>
[2026-09-22T02:27:10.255+0200] {taskinstance.py:2867} INFO - Starting attempt 1 of 2
[2026-09-22T02:27:10.258+0200] {taskinstance.py:2890} INFO - Executing <Task(PythonSensor): wait_for_csv> on 2026-09-22 00:04:00+00:00
[2026-09-22T02:27:10.263+0200] {logging_mixin.py:190} WARNING - /Users/swarnalidatta/Desktop/AutoQueryChatbot/.airflow-venv/lib/python3.12/site-packages/airflow/task/task_runner/standard_task_runner.py:70 DeprecationWarning: This process (pid=10705) is multi-threaded, use of fork() may lead to deadlocks in the child.
[2026-09-22T02:27:10.263+0200] {standard_task_runner.py:72} INFO - Started process 10707 to run task
[2026-09-22T02:27:10.262+0200] {standard_task_runner.py:104} INFO - Running: ['airflow', 'tasks', 'run', 'mini_riskagent_file_ingestion', 'wait_for_csv', 'scheduled__2026-09-22T00:04:00+00:00', '--job-id', '4945', '--raw', '--subdir', 'DAGS_FOLDER/data_ingest_pipeline.py', '--cfg-path', '/var/folders/5p/201rr1sj03g8gksxm9x48mbh0000gn/T/tmp9i0ashel']
[2026-09-22T02:27:10.263+0200] {standard_task_runner.py:105} INFO - Job 4945: Subtask wait_for_csv
[2026-09-22T02:27:10.277+0200] {task_command.py:467} INFO - Running <TaskInstance: mini_riskagent_file_ingestion.wait_for_csv scheduled__2026-09-22T00:04:00+00:00 [running]> on host mac.home
[2026-09-22T02:27:10.292+0200] {taskinstance.py:3134} INFO - Exporting env vars: AIRFLOW_CTX_DAG_OWNER='autoquery' AIRFLOW_CTX_DAG_ID='mini_riskagent_file_ingestion' AIRFLOW_CTX_TASK_ID='wait_for_csv' AIRFLOW_CTX_EXECUTION_DATE='2026-09-22T00:04:00+00:00' AIRFLOW_CTX_TRY_NUMBER='1' AIRFLOW_CTX_DAG_RUN_ID='scheduled__2026-09-22T00:04:00+00:00'
[2026-09-22T02:27:10.292+0200] {logging_mixin.py:190} INFO - Task instance is in running state
[2026-09-22T02:27:10.292+0200] {logging_mixin.py:190} INFO -  Previous state of the Task instance: queued
[2026-09-22T02:27:10.293+0200] {logging_mixin.py:190} INFO - Current task name:wait_for_csv state:running start_date:2026-09-22 00:27:10.254382+00:00
[2026-09-22T02:27:10.293+0200] {logging_mixin.py:190} INFO - Dag name:mini_riskagent_file_ingestion and current dag run status:running
[2026-09-22T02:27:10.293+0200] {taskinstance.py:732} INFO - ::endgroup::
[2026-09-22T02:27:10.294+0200] {python.py:75} INFO - Poking callable: <function check_for_csv_files at 0x108eeeb60>
[2026-09-22T02:27:10.297+0200] {taskinstance.py:310} INFO - Rescheduling task, marking task as UP_FOR_RESCHEDULE
[2026-09-22T02:27:10.298+0200] {taskinstance.py:341} INFO - ::group::Post task execution logs
[2026-09-22T02:27:10.322+0200] {local_task_job_runner.py:266} INFO - Task exited with return code 0
[2026-09-22T02:27:10.329+0200] {taskinstance.py:3901} INFO - 0 downstream tasks scheduled from follow-on schedule check
[2026-09-22T02:27:10.329+0200] {local_task_job_runner.py:245} INFO - ::endgroup::
[2026-09-22T02:43:28.691+0200] {local_task_job_runner.py:123} INFO - ::group::Pre task execution logs
[2026-09-22T02:43:28.693+0200] {taskinstance.py:2614} INFO - Dependencies all met for dep_context=non-requeueable deps ti=<TaskInstance: mini_riskagent_file_ingestion.wait_for_csv scheduled__2026-09-22T00:04:00+00:00 [queued]>
[2026-09-22T02:43:28.695+0200] {taskinstance.py:2614} INFO - Dependencies all met for dep_context=requeueable deps ti=<TaskInstance: mini_riskagent_file_ingestion.wait_for_csv scheduled__2026-09-22T00:04:00+00:00 [queued]>
[2026-09-22T02:43:28.695+0200] {taskinstance.py:2867} INFO - Starting attempt 1 of 2
[2026-09-22T02:43:28.698+0200] {taskinstance.py:2890} INFO - Executing <Task(PythonSensor): wait_for_csv> on 2026-09-22 00:04:00+00:00
[2026-09-22T02:43:28.702+0200] {logging_mixin.py:190} WARNING - /Users/swarnalidatta/Desktop/AutoQueryChatbot/.airflow-venv/lib/python3.12/site-packages/airflow/task/task_runner/standard_task_runner.py:70 DeprecationWarning: This process (pid=10722) is multi-threaded, use of fork() may lead to deadlocks in the child.
[2026-09-22T02:43:28.703+0200] {standard_task_runner.py:72} INFO - Started process 10725 to run task
[2026-09-22T02:43:28.702+0200] {standard_task_runner.py:104} INFO - Running: ['airflow', 'tasks', 'run', 'mini_riskagent_file_ingestion', 'wait_for_csv', 'scheduled__2026-09-22T00:04:00+00:00', '--job-id', '4946', '--raw', '--subdir', 'DAGS_FOLDER/data_ingest_pipeline.py', '--cfg-path', '/var/folders/5p/201rr1sj03g8gksxm9x48mbh0000gn/T/tmpwq5_tam5']
[2026-09-22T02:43:28.703+0200] {standard_task_runner.py:105} INFO - Job 4946: Subtask wait_for_csv
[2026-09-22T02:43:28.717+0200] {task_command.py:467} INFO - Running <TaskInstance: mini_riskagent_file_ingestion.wait_for_csv scheduled__2026-09-22T00:04:00+00:00 [running]> on host mac.home
[2026-09-22T02:43:28.734+0200] {taskinstance.py:3134} INFO - Exporting env vars: AIRFLOW_CTX_DAG_OWNER='autoquery' AIRFLOW_CTX_DAG_ID='mini_riskagent_file_ingestion' AIRFLOW_CTX_TASK_ID='wait_for_csv' AIRFLOW_CTX_EXECUTION_DATE='2026-09-22T00:04:00+00:00' AIRFLOW_CTX_TRY_NUMBER='1' AIRFLOW_CTX_DAG_RUN_ID='scheduled__2026-09-22T00:04:00+00:00'
[2026-09-22T02:43:28.734+0200] {logging_mixin.py:190} INFO - Task instance is in running state
[2026-09-22T02:43:28.734+0200] {logging_mixin.py:190} INFO -  Previous state of the Task instance: queued
[2026-09-22T02:43:28.735+0200] {logging_mixin.py:190} INFO - Current task name:wait_for_csv state:running start_date:2026-09-22 00:43:28.694058+00:00
[2026-09-22T02:43:28.735+0200] {logging_mixin.py:190} INFO - Dag name:mini_riskagent_file_ingestion and current dag run status:running
[2026-09-22T02:43:28.735+0200] {taskinstance.py:732} INFO - ::endgroup::
[2026-09-22T02:43:28.736+0200] {python.py:75} INFO - Poking callable: <function check_for_csv_files at 0x10ccb6b60>
[2026-09-22T02:43:28.740+0200] {taskinstance.py:310} INFO - Rescheduling task, marking task as UP_FOR_RESCHEDULE
[2026-09-22T02:43:28.740+0200] {taskinstance.py:341} INFO - ::group::Post task execution logs
[2026-09-22T02:43:28.759+0200] {local_task_job_runner.py:266} INFO - Task exited with return code 0
[2026-09-22T02:43:28.766+0200] {taskinstance.py:3901} INFO - 0 downstream tasks scheduled from follow-on schedule check
[2026-09-22T02:43:28.766+0200] {local_task_job_runner.py:245} INFO - ::endgroup::
[2026-09-22T02:59:26.671+0200] {local_task_job_runner.py:123} INFO - ::group::Pre task execution logs
[2026-09-22T02:59:26.674+0200] {taskinstance.py:2614} INFO - Dependencies all met for dep_context=non-requeueable deps ti=<TaskInstance: mini_riskagent_file_ingestion.wait_for_csv scheduled__2026-09-22T00:04:00+00:00 [queued]>
[2026-09-22T02:59:26.676+0200] {taskinstance.py:2614} INFO - Dependencies all met for dep_context=requeueable deps ti=<TaskInstance: mini_riskagent_file_ingestion.wait_for_csv scheduled__2026-09-22T00:04:00+00:00 [queued]>
[2026-09-22T02:59:26.676+0200] {taskinstance.py:2867} INFO - Starting attempt 1 of 2
[2026-09-22T02:59:26.679+0200] {taskinstance.py:2890} INFO - Executing <Task(PythonSensor): wait_for_csv> on 2026-09-22 00:04:00+00:00
[2026-09-22T02:59:26.683+0200] {logging_mixin.py:190} WARNING - /Users/swarnalidatta/Desktop/AutoQueryChatbot/.airflow-venv/lib/python3.12/site-packages/airflow/task/task_runner/standard_task_runner.py:70 DeprecationWarning: This process (pid=10736) is multi-threaded, use of fork() may lead to deadlocks in the child.
[2026-09-22T02:59:26.684+0200] {standard_task_runner.py:72} INFO - Started process 10738 to run task
[2026-09-22T02:59:26.683+0200] {standard_task_runner.py:104} INFO - Running: ['airflow', 'tasks', 'run', 'mini_riskagent_file_ingestion', 'wait_for_csv', 'scheduled__2026-09-22T00:04:00+00:00', '--job-id', '4947', '--raw', '--subdir', 'DAGS_FOLDER/data_ingest_pipeline.py', '--cfg-path', '/var/folders/5p/201rr1sj03g8gksxm9x48mbh0000gn/T/tmp56qgett2']
[2026-09-22T02:59:26.684+0200] {standard_task_runner.py:105} INFO - Job 4947: Subtask wait_for_csv
[2026-09-22T02:59:26.697+0200] {task_command.py:467} INFO - Running <TaskInstance: mini_riskagent_file_ingestion.wait_for_csv scheduled__2026-09-22T00:04:00+00:00 [running]> on host mac.home
[2026-09-22T02:59:26.712+0200] {taskinstance.py:3134} INFO - Exporting env vars: AIRFLOW_CTX_DAG_OWNER='autoquery' AIRFLOW_CTX_DAG_ID='mini_riskagent_file_ingestion' AIRFLOW_CTX_TASK_ID='wait_for_csv' AIRFLOW_CTX_EXECUTION_DATE='2026-09-22T00:04:00+00:00' AIRFLOW_CTX_TRY_NUMBER='1' AIRFLOW_CTX_DAG_RUN_ID='scheduled__2026-09-22T00:04:00+00:00'
[2026-09-22T02:59:26.713+0200] {logging_mixin.py:190} INFO - Task instance is in running state
[2026-09-22T02:59:26.713+0200] {logging_mixin.py:190} INFO -  Previous state of the Task instance: queued
[2026-09-22T02:59:26.713+0200] {logging_mixin.py:190} INFO - Current task name:wait_for_csv state:running start_date:2026-09-22 00:59:26.674535+00:00
[2026-09-22T02:59:26.713+0200] {logging_mixin.py:190} INFO - Dag name:mini_riskagent_file_ingestion and current dag run status:running
[2026-09-22T02:59:26.713+0200] {taskinstance.py:732} INFO - ::endgroup::
[2026-09-22T02:59:26.715+0200] {python.py:75} INFO - Poking callable: <function check_for_csv_files at 0x10b4cab60>
[2026-09-22T02:59:26.718+0200] {taskinstance.py:310} INFO - Rescheduling task, marking task as UP_FOR_RESCHEDULE
[2026-09-22T02:59:26.718+0200] {taskinstance.py:341} INFO - ::group::Post task execution logs
[2026-09-22T02:59:26.743+0200] {local_task_job_runner.py:266} INFO - Task exited with return code 0
[2026-09-22T02:59:26.750+0200] {taskinstance.py:3901} INFO - 0 downstream tasks scheduled from follow-on schedule check
[2026-09-22T02:59:26.750+0200] {local_task_job_runner.py:245} INFO - ::endgroup::
[2026-09-22T03:06:21.063+0200] {local_task_job_runner.py:123} INFO - ::group::Pre task execution logs
[2026-09-22T03:06:21.066+0200] {taskinstance.py:2614} INFO - Dependencies all met for dep_context=non-requeueable deps ti=<TaskInstance: mini_riskagent_file_ingestion.wait_for_csv scheduled__2026-09-22T00:04:00+00:00 [queued]>
[2026-09-22T03:06:21.067+0200] {taskinstance.py:2614} INFO - Dependencies all met for dep_context=requeueable deps ti=<TaskInstance: mini_riskagent_file_ingestion.wait_for_csv scheduled__2026-09-22T00:04:00+00:00 [queued]>
[2026-09-22T03:06:21.068+0200] {taskinstance.py:2867} INFO - Starting attempt 1 of 2
[2026-09-22T03:06:21.070+0200] {taskinstance.py:2890} INFO - Executing <Task(PythonSensor): wait_for_csv> on 2026-09-22 00:04:00+00:00
[2026-09-22T03:06:21.074+0200] {logging_mixin.py:190} WARNING - /Users/swarnalidatta/Desktop/AutoQueryChatbot/.airflow-venv/lib/python3.12/site-packages/airflow/task/task_runner/standard_task_runner.py:70 DeprecationWarning: This process (pid=10751) is multi-threaded, use of fork() may lead to deadlocks in the child.
[2026-09-22T03:06:21.075+0200] {standard_task_runner.py:72} INFO - Started process 10754 to run task
[2026-09-22T03:06:21.074+0200] {standard_task_runner.py:104} INFO - Running: ['airflow', 'tasks', 'run', 'mini_riskagent_file_ingestion', 'wait_for_csv', 'scheduled__2026-09-22T00:04:00+00:00', '--job-id', '4948', '--raw', '--subdir', 'DAGS_FOLDER/data_ingest_pipeline.py', '--cfg-path', '/var/folders/5p/201rr1sj03g8gksxm9x48mbh0000gn/T/tmp4xgqhopn']
[2026-09-22T03:06:21.075+0200] {standard_task_runner.py:105} INFO - Job 4948: Subtask wait_for_csv
[2026-09-22T03:06:21.089+0200] {task_command.py:467} INFO - Running <TaskInstance: mini_riskagent_file_ingestion.wait_for_csv scheduled__2026-09-22T00:04:00+00:00 [running]> on host mac.home
[2026-09-22T03:06:21.104+0200] {taskinstance.py:3134} INFO - Exporting env vars: AIRFLOW_CTX_DAG_OWNER='autoquery' AIRFLOW_CTX_DAG_ID='mini_riskagent_file_ingestion' AIRFLOW_CTX_TASK_ID='wait_for_csv' AIRFLOW_CTX_EXECUTION_DATE='2026-09-22T00:04:00+00:00' AIRFLOW_CTX_TRY_NUMBER='1' AIRFLOW_CTX_DAG_RUN_ID='scheduled__2026-09-22T00:04:00+00:00'
[2026-09-22T03:06:21.105+0200] {logging_mixin.py:190} INFO - Task instance is in running state
[2026-09-22T03:06:21.105+0200] {logging_mixin.py:190} INFO -  Previous state of the Task instance: queued
[2026-09-22T03:06:21.105+0200] {logging_mixin.py:190} INFO - Current task name:wait_for_csv state:running start_date:2026-09-22 01:06:21.066641+00:00
[2026-09-22T03:06:21.105+0200] {logging_mixin.py:190} INFO - Dag name:mini_riskagent_file_ingestion and current dag run status:running
[2026-09-22T03:06:21.106+0200] {taskinstance.py:732} INFO - ::endgroup::
[2026-09-22T03:06:21.107+0200] {python.py:75} INFO - Poking callable: <function check_for_csv_files at 0x109376b60>
[2026-09-22T03:06:21.107+0200] {taskinstance.py:3313} ERROR - Task failed with exception
Traceback (most recent call last):
  File "/Users/swarnalidatta/Desktop/AutoQueryChatbot/.airflow-venv/lib/python3.12/site-packages/airflow/models/taskinstance.py", line 768, in _execute_task
    result = _execute_callable(context=context, **execute_callable_kwargs)
             ^^^^^^^^^^^^^^^^^^^^^^^^^^^^^^^^^^^^^^^^^^^^^^^^^^^^^^^^^^^^^
  File "/Users/swarnalidatta/Desktop/AutoQueryChatbot/.airflow-venv/lib/python3.12/site-packages/airflow/models/taskinstance.py", line 734, in _execute_callable
    return ExecutionCallableRunner(
           ^^^^^^^^^^^^^^^^^^^^^^^^
  File "/Users/swarnalidatta/Desktop/AutoQueryChatbot/.airflow-venv/lib/python3.12/site-packages/airflow/utils/operator_helpers.py", line 252, in run
    return self.func(*args, **kwargs)
           ^^^^^^^^^^^^^^^^^^^^^^^^^^
  File "/Users/swarnalidatta/Desktop/AutoQueryChatbot/.airflow-venv/lib/python3.12/site-packages/airflow/models/baseoperator.py", line 424, in wrapper
    return func(self, *args, **kwargs)
           ^^^^^^^^^^^^^^^^^^^^^^^^^^^
  File "/Users/swarnalidatta/Desktop/AutoQueryChatbot/.airflow-venv/lib/python3.12/site-packages/airflow/sensors/base.py", line 326, in execute
    raise AirflowSensorTimeout(message)
airflow.exceptions.AirflowSensorTimeout: Sensor has timed out; run duration of 3631.239634 seconds exceeds the specified timeout of 3600.0.
[2026-09-22T03:06:21.109+0200] {logging_mixin.py:190} INFO - Task instance in failure state
[2026-09-22T03:06:21.109+0200] {logging_mixin.py:190} INFO - Task start:2026-09-22 01:06:21.066641+00:00 end:2026-09-22 01:06:21.109102+00:00 duration:0.042461
[2026-09-22T03:06:21.109+0200] {logging_mixin.py:190} INFO - Task:<Task(PythonSensor): wait_for_csv> dag:<DAG: mini_riskagent_file_ingestion> dagrun:<DagRun mini_riskagent_file_ingestion @ 2026-09-22 00:04:00+00:00: scheduled__2026-09-22T00:04:00+00:00, state:running, queued_at: 2026-09-22 00:05:48.979645+00:00. externally triggered: False>
[2026-09-22T03:06:21.109+0200] {logging_mixin.py:190} INFO - Failure caused by Sensor has timed out; run duration of 3631.239634 seconds exceeds the specified timeout of 3600.0.
[2026-09-22T03:06:21.110+0200] {taskinstance.py:1226} INFO - Immediate failure requested. Marking task as FAILED. dag_id=mini_riskagent_file_ingestion, task_id=wait_for_csv, run_id=scheduled__2026-09-22T00:04:00+00:00, execution_date=20260922T000400, start_date=20260922T010621, end_date=20260922T010621
[2026-09-22T03:06:21.113+0200] {taskinstance.py:341} INFO - ::group::Post task execution logs
[2026-09-22T03:06:21.113+0200] {standard_task_runner.py:124} ERROR - Failed to execute job 4948 for task wait_for_csv (Sensor has timed out; run duration of 3631.239634 seconds exceeds the specified timeout of 3600.0.; 10754)
Traceback (most recent call last):
  File "/Users/swarnalidatta/Desktop/AutoQueryChatbot/.airflow-venv/lib/python3.12/site-packages/airflow/task/task_runner/standard_task_runner.py", line 117, in _start_by_fork
    ret = args.func(args, dag=self.dag)
          ^^^^^^^^^^^^^^^^^^^^^^^^^^^^^
  File "/Users/swarnalidatta/Desktop/AutoQueryChatbot/.airflow-venv/lib/python3.12/site-packages/airflow/cli/cli_config.py", line 49, in command
    return func(*args, **kwargs)
           ^^^^^^^^^^^^^^^^^^^^^
  File "/Users/swarnalidatta/Desktop/AutoQueryChatbot/.airflow-venv/lib/python3.12/site-packages/airflow/utils/cli.py", line 116, in wrapper
    return f(*args, **kwargs)
           ^^^^^^^^^^^^^^^^^^
  File "/Users/swarnalidatta/Desktop/AutoQueryChatbot/.airflow-venv/lib/python3.12/site-packages/airflow/cli/commands/task_command.py", line 483, in task_run
    task_return_code = _run_task_by_selected_method(args, _dag, ti)
                       ^^^^^^^^^^^^^^^^^^^^^^^^^^^^^^^^^^^^^^^^^^^^
  File "/Users/swarnalidatta/Desktop/AutoQueryChatbot/.airflow-venv/lib/python3.12/site-packages/airflow/cli/commands/task_command.py", line 256, in _run_task_by_selected_method
    return _run_raw_task(args, ti)
           ^^^^^^^^^^^^^^^^^^^^^^^
  File "/Users/swarnalidatta/Desktop/AutoQueryChatbot/.airflow-venv/lib/python3.12/site-packages/airflow/cli/commands/task_command.py", line 341, in _run_raw_task
    return ti._run_raw_task(
           ^^^^^^^^^^^^^^^^^
  File "/Users/swarnalidatta/Desktop/AutoQueryChatbot/.airflow-venv/lib/python3.12/site-packages/airflow/utils/session.py", line 97, in wrapper
    return func(*args, session=session, **kwargs)
           ^^^^^^^^^^^^^^^^^^^^^^^^^^^^^^^^^^^^^^
  File "/Users/swarnalidatta/Desktop/AutoQueryChatbot/.airflow-venv/lib/python3.12/site-packages/airflow/models/taskinstance.py", line 3006, in _run_raw_task
    return _run_raw_task(
           ^^^^^^^^^^^^^^
  File "/Users/swarnalidatta/Desktop/AutoQueryChatbot/.airflow-venv/lib/python3.12/site-packages/airflow/models/taskinstance.py", line 274, in _run_raw_task
    TaskInstance._execute_task_with_callbacks(
  File "/Users/swarnalidatta/Desktop/AutoQueryChatbot/.airflow-venv/lib/python3.12/site-packages/airflow/models/taskinstance.py", line 3161, in _execute_task_with_callbacks
    result = self._execute_task(context, task_orig)
             ^^^^^^^^^^^^^^^^^^^^^^^^^^^^^^^^^^^^^^
  File "/Users/swarnalidatta/Desktop/AutoQueryChatbot/.airflow-venv/lib/python3.12/site-packages/airflow/models/taskinstance.py", line 3185, in _execute_task
    return _execute_task(self, context, task_orig)
           ^^^^^^^^^^^^^^^^^^^^^^^^^^^^^^^^^^^^^^^
  File "/Users/swarnalidatta/Desktop/AutoQueryChatbot/.airflow-venv/lib/python3.12/site-packages/airflow/models/taskinstance.py", line 768, in _execute_task
    result = _execute_callable(context=context, **execute_callable_kwargs)
             ^^^^^^^^^^^^^^^^^^^^^^^^^^^^^^^^^^^^^^^^^^^^^^^^^^^^^^^^^^^^^
  File "/Users/swarnalidatta/Desktop/AutoQueryChatbot/.airflow-venv/lib/python3.12/site-packages/airflow/models/taskinstance.py", line 734, in _execute_callable
    return ExecutionCallableRunner(
           ^^^^^^^^^^^^^^^^^^^^^^^^
  File "/Users/swarnalidatta/Desktop/AutoQueryChatbot/.airflow-venv/lib/python3.12/site-packages/airflow/utils/operator_helpers.py", line 252, in run
    return self.func(*args, **kwargs)
           ^^^^^^^^^^^^^^^^^^^^^^^^^^
  File "/Users/swarnalidatta/Desktop/AutoQueryChatbot/.airflow-venv/lib/python3.12/site-packages/airflow/models/baseoperator.py", line 424, in wrapper
    return func(self, *args, **kwargs)
           ^^^^^^^^^^^^^^^^^^^^^^^^^^^
  File "/Users/swarnalidatta/Desktop/AutoQueryChatbot/.airflow-venv/lib/python3.12/site-packages/airflow/sensors/base.py", line 326, in execute
    raise AirflowSensorTimeout(message)
airflow.exceptions.AirflowSensorTimeout: Sensor has timed out; run duration of 3631.239634 seconds exceeds the specified timeout of 3600.0.
[2026-09-22T03:06:21.133+0200] {local_task_job_runner.py:266} INFO - Task exited with return code 1
[2026-09-22T03:06:21.140+0200] {taskinstance.py:3901} INFO - 0 downstream tasks scheduled from follow-on schedule check
[2026-09-22T03:06:21.141+0200] {local_task_job_runner.py:245} INFO - ::endgroup::
