[2026-09-18T02:27:18.652+0200] {processor.py:186} INFO - Started process (PID=1654) to work on /Users/swarnalidatta/Desktop/AutoQueryChatbot/.airflow-venv/lib/python3.12/site-packages/airflow/example_dags/plugins/workday.py
[2026-09-18T02:27:18.652+0200] {processor.py:914} INFO - Processing file /Users/swarnalidatta/Desktop/AutoQueryChatbot/.airflow-venv/lib/python3.12/site-packages/airflow/example_dags/plugins/workday.py for tasks to queue
[2026-09-18T02:27:18.653+0200] {logging_mixin.py:190} INFO - [2026-09-18T02:27:18.653+0200] {dagbag.py:588} INFO - Filling up the DagBag from /Users/swarnalidatta/Desktop/AutoQueryChatbot/.airflow-venv/lib/python3.12/site-packages/airflow/example_dags/plugins/workday.py
[2026-09-18T02:27:18.810+0200] {processor.py:927} WARNING - No viable dags retrieved from /Users/swarnalidatta/Desktop/AutoQueryChatbot/.airflow-venv/lib/python3.12/site-packages/airflow/example_dags/plugins/workday.py
[2026-09-18T02:27:18.834+0200] {processor.py:208} INFO - Processing /Users/swarnalidatta/Desktop/AutoQueryChatbot/.airflow-venv/lib/python3.12/site-packages/airflow/example_dags/plugins/workday.py took 0.182 seconds
[2026-09-18T06:34:44.769+0200] {processor.py:186} INFO - Started process (PID=1977) to work on /Users/swarnalidatta/Desktop/AutoQueryChatbot/.airflow-venv/lib/python3.12/site-packages/airflow/example_dags/plugins/workday.py
[2026-09-18T06:34:44.769+0200] {processor.py:914} INFO - Processing file /Users/swarnalidatta/Desktop/AutoQueryChatbot/.airflow-venv/lib/python3.12/site-packages/airflow/example_dags/plugins/workday.py for tasks to queue
[2026-09-18T06:34:44.769+0200] {logging_mixin.py:190} INFO - [2026-09-18T06:34:44.769+0200] {dagbag.py:588} INFO - Filling up the DagBag from /Users/swarnalidatta/Desktop/AutoQueryChatbot/.airflow-venv/lib/python3.12/site-packages/airflow/example_dags/plugins/workday.py
[2026-09-18T06:34:44.930+0200] {processor.py:927} WARNING - No viable dags retrieved from /Users/swarnalidatta/Desktop/AutoQueryChatbot/.airflow-venv/lib/python3.12/site-packages/airflow/example_dags/plugins/workday.py
[2026-09-18T06:34:44.953+0200] {processor.py:208} INFO - Processing /Users/swarnalidatta/Desktop/AutoQueryChatbot/.airflow-venv/lib/python3.12/site-packages/airflow/example_dags/plugins/workday.py took 0.186 seconds
[2026-09-18T11:04:19.568+0200] {processor.py:186} INFO - Started process (PID=2295) to work on /Users/swarnalidatta/Desktop/AutoQueryChatbot/.airflow-venv/lib/python3.12/site-packages/airflow/example_dags/plugins/workday.py
[2026-09-18T11:04:19.569+0200] {processor.py:914} INFO - Processing file /Users/swarnalidatta/Desktop/AutoQueryChatbot/.airflow-venv/lib/python3.12/site-packages/airflow/example_dags/plugins/workday.py for tasks to queue
[2026-09-18T11:04:19.570+0200] {logging_mixin.py:190} INFO - [2026-09-18T11:04:19.570+0200] {dagbag.py:588} INFO - Filling up the DagBag from /Users/swarnalidatta/Desktop/AutoQueryChatbot/.airflow-venv/lib/python3.12/site-packages/airflow/example_dags/plugins/workday.py
[2026-09-18T11:04:19.729+0200] {processor.py:927} WARNING - No viable dags retrieved from /Users/swarnalidatta/Desktop/AutoQueryChatbot/.airflow-venv/lib/python3.12/site-packages/airflow/example_dags/plugins/workday.py
[2026-09-18T11:04:19.752+0200] {processor.py:208} INFO - Processing /Users/swarnalidatta/Desktop/AutoQueryChatbot/.airflow-venv/lib/python3.12/site-packages/airflow/example_dags/plugins/workday.py took 0.185 seconds
[2026-09-18T15:08:15.297+0200] {processor.py:186} INFO - Started process (PID=2589) to work on /Users/swarnalidatta/Desktop/AutoQueryChatbot/.airflow-venv/lib/python3.12/site-packages/airflow/example_dags/plugins/workday.py
[2026-09-18T15:08:15.298+0200] {processor.py:914} INFO - Processing file /Users/swarnalidatta/Desktop/AutoQueryChatbot/.airflow-venv/lib/python3.12/site-packages/airflow/example_dags/plugins/workday.py for tasks to queue
[2026-09-18T15:08:15.298+0200] {logging_mixin.py:190} INFO - [2026-09-18T15:08:15.298+0200] {dagbag.py:588} INFO - Filling up the DagBag from /Users/swarnalidatta/Desktop/AutoQueryChatbot/.airflow-venv/lib/python3.12/site-packages/airflow/example_dags/plugins/workday.py
[2026-09-18T15:08:15.458+0200] {processor.py:927} WARNING - No viable dags retrieved from /Users/swarnalidatta/Desktop/AutoQueryChatbot/.airflow-venv/lib/python3.12/site-packages/airflow/example_dags/plugins/workday.py
[2026-09-18T15:08:15.481+0200] {processor.py:208} INFO - Processing /Users/swarnalidatta/Desktop/AutoQueryChatbot/.airflow-venv/lib/python3.12/site-packages/airflow/example_dags/plugins/workday.py took 0.185 seconds
[2026-09-18T18:27:43.638+0200] {processor.py:186} INFO - Started process (PID=2874) to work on /Users/swarnalidatta/Desktop/AutoQueryChatbot/.airflow-venv/lib/python3.12/site-packages/airflow/example_dags/plugins/workday.py
[2026-09-18T18:27:43.639+0200] {processor.py:914} INFO - Processing file /Users/swarnalidatta/Desktop/AutoQueryChatbot/.airflow-venv/lib/python3.12/site-packages/airflow/example_dags/plugins/workday.py for tasks to queue
[2026-09-18T18:27:43.639+0200] {logging_mixin.py:190} INFO - [2026-09-18T18:27:43.639+0200] {dagbag.py:588} INFO - Filling up the DagBag from /Users/swarnalidatta/Desktop/AutoQueryChatbot/.airflow-venv/lib/python3.12/site-packages/airflow/example_dags/plugins/workday.py
[2026-09-18T18:27:43.800+0200] {processor.py:927} WARNING - No viable dags retrieved from /Users/swarnalidatta/Desktop/AutoQueryChatbot/.airflow-venv/lib/python3.12/site-packages/airflow/example_dags/plugins/workday.py
[2026-09-18T18:27:43.823+0200] {processor.py:208} INFO - Processing /Users/swarnalidatta/Desktop/AutoQueryChatbot/.airflow-venv/lib/python3.12/site-packages/airflow/example_dags/plugins/workday.py took 0.186 seconds
[2026-09-18T21:32:08.969+0200] {processor.py:186} INFO - Started process (PID=3161) to work on /Users/swarnalidatta/Desktop/AutoQueryChatbot/.airflow-venv/lib/python3.12/site-packages/airflow/example_dags/plugins/workday.py
[2026-09-18T21:32:08.970+0200] {processor.py:914} INFO - Processing file /Users/swarnalidatta/Desktop/AutoQueryChatbot/.airflow-venv/lib/python3.12/site-packages/airflow/example_dags/plugins/workday.py for tasks to queue
[2026-09-18T21:32:08.971+0200] {logging_mixin.py:190} INFO - [2026-09-18T21:32:08.971+0200] {dagbag.py:588} INFO - Filling up the DagBag from /Users/swarnalidatta/Desktop/AutoQueryChatbot/.airflow-venv/lib/python3.12/site-packages/airflow/example_dags/plugins/workday.py
[2026-09-18T21:32:09.127+0200] {processor.py:927} WARNING - No viable dags retrieved from /Users/swarnalidatta/Desktop/AutoQueryChatbot/.airflow-venv/lib/python3.12/site-packages/airflow/example_dags/plugins/workday.py
[2026-09-18T21:32:09.150+0200] {processor.py:208} INFO - Processing /Users/swarnalidatta/Desktop/AutoQueryChatbot/.airflow-venv/lib/python3.12/site-packages/airflow/example_dags/plugins/workday.py took 0.182 seconds
[2026-09-19T00:33:57.832+0200] {processor.py:186} INFO - Started process (PID=3452) to work on /Users/swarnalidatta/Desktop/AutoQueryChatbot/.airflow-venv/lib/python3.12/site-packages/airflow/example_dags/plugins/workday.py
[2026-09-19T00:33:57.834+0200] {processor.py:914} INFO - Processing file /Users/swarnalidatta/Desktop/AutoQueryChatbot/.airflow-venv/lib/python3.12/site-packages/airflow/example_dags/plugins/workday.py for tasks to queue
[2026-09-19T00:33:57.834+0200] {logging_mixin.py:190} INFO - [2026-09-19T00:33:57.834+0200] {dagbag.py:588} INFO - Filling up the DagBag from /Users/swarnalidatta/Desktop/AutoQueryChatbot/.airflow-venv/lib/python3.12/site-packages/airflow/example_dags/plugins/workday.py
[2026-09-19T00:33:57.997+0200] {processor.py:927} WARNING - No viable dags retrieved from /Users/swarnalidatta/Desktop/AutoQueryChatbot/.airflow-venv/lib/python3.12/site-packages/airflow/example_dags/plugins/workday.py
[2026-09-19T00:33:58.021+0200] {processor.py:208} INFO - Processing /Users/swarnalidatta/Desktop/AutoQueryChatbot/.airflow-venv/lib/python3.12/site-packages/airflow/example_dags/plugins/workday.py took 0.189 seconds
