[2026-09-17T19:44:13.734+0200] {local_task_job_runner.py:123} INFO - ::group::Pre task execution logs
[2026-09-17T19:44:13.738+0200] {taskinstance.py:2614} INFO - Dependencies all met for dep_context=non-requeueable deps ti=<TaskInstance: mini_riskagent_file_ingestion.load_data_to_all_staging_tables scheduled__2026-09-17T17:42:00+00:00 [queued]>
[2026-09-17T19:44:13.740+0200] {taskinstance.py:2614} INFO - Dependencies all met for dep_context=requeueable deps ti=<TaskInstance: mini_riskagent_file_ingestion.load_data_to_all_staging_tables scheduled__2026-09-17T17:42:00+00:00 [queued]>
[2026-09-17T19:44:13.740+0200] {taskinstance.py:2867} INFO - Starting attempt 2 of 2
[2026-09-17T19:44:13.743+0200] {taskinstance.py:2890} INFO - Executing <Task(PythonOperator): load_data_to_all_staging_tables> on 2026-09-17 17:42:00+00:00
[2026-09-17T19:44:13.747+0200] {standard_task_runner.py:104} INFO - Running: ['airflow', 'tasks', 'run', 'mini_riskagent_file_ingestion', 'load_data_to_all_staging_tables', 'scheduled__2026-09-17T17:42:00+00:00', '--job-id', '3662', '--raw', '--subdir', 'DAGS_FOLDER/data_ingest_pipeline.py', '--cfg-path', '/var/folders/5p/201rr1sj03g8gksxm9x48mbh0000gn/T/tmpom0ft7x6']
[2026-09-17T19:44:13.748+0200] {standard_task_runner.py:105} INFO - Job 3662: Subtask load_data_to_all_staging_tables
[2026-09-17T19:44:13.749+0200] {logging_mixin.py:190} WARNING - /Users/swarnalidatta/Desktop/AutoQueryChatbot/.airflow-venv/lib/python3.12/site-packages/airflow/task/task_runner/standard_task_runner.py:70 DeprecationWarning: This process (pid=78353) is multi-threaded, use of fork() may lead to deadlocks in the child.
[2026-09-17T19:44:13.749+0200] {standard_task_runner.py:72} INFO - Started process 78355 to run task
[2026-09-17T19:44:13.763+0200] {task_command.py:467} INFO - Running <TaskInstance: mini_riskagent_file_ingestion.load_data_to_all_staging_tables scheduled__2026-09-17T17:42:00+00:00 [running]> on host mac.home
[2026-09-17T19:44:13.779+0200] {taskinstance.py:3134} INFO - Exporting env vars: AIRFLOW_CTX_DAG_OWNER='autoquery' AIRFLOW_CTX_DAG_ID='mini_riskagent_file_ingestion' AIRFLOW_CTX_TASK_ID='load_data_to_all_staging_tables' AIRFLOW_CTX_EXECUTION_DATE='2026-09-17T17:42:00+00:00' AIRFLOW_CTX_TRY_NUMBER='2' AIRFLOW_CTX_DAG_RUN_ID='scheduled__2026-09-17T17:42:00+00:00'
[2026-09-17T19:44:13.779+0200] {logging_mixin.py:190} INFO - Task instance is in running state
[2026-09-17T19:44:13.780+0200] {logging_mixin.py:190} INFO -  Previous state of the Task instance: queued
[2026-09-17T19:44:13.780+0200] {logging_mixin.py:190} INFO - Current task name:load_data_to_all_staging_tables state:running start_date:2026-09-17 17:44:13.738499+00:00
[2026-09-17T19:44:13.780+0200] {logging_mixin.py:190} INFO - Dag name:mini_riskagent_file_ingestion and current dag run status:running
[2026-09-17T19:44:13.780+0200] {taskinstance.py:732} INFO - ::endgroup::
[2026-09-17T19:44:13.790+0200] {python.py:240} INFO - Done. Returned value was: None
[2026-09-17T19:44:13.791+0200] {taskinstance.py:341} INFO - ::group::Post task execution logs
[2026-09-17T19:44:13.792+0200] {taskinstance.py:353} INFO - Marking task as SUCCESS. dag_id=mini_riskagent_file_ingestion, task_id=load_data_to_all_staging_tables, run_id=scheduled__2026-09-17T17:42:00+00:00, execution_date=20260917T174200, start_date=20260917T174413, end_date=20260917T174413
[2026-09-17T19:44:13.796+0200] {logging_mixin.py:190} INFO - Task instance in success state
[2026-09-17T19:44:13.796+0200] {logging_mixin.py:190} INFO -  Previous state of the Task instance: running
[2026-09-17T19:44:13.796+0200] {logging_mixin.py:190} INFO - Dag name:mini_riskagent_file_ingestion queued_at:2026-09-17 17:43:07.822457+00:00
[2026-09-17T19:44:13.797+0200] {logging_mixin.py:190} INFO - Task hostname:mac.home operator:PythonOperator
[2026-09-17T19:44:13.805+0200] {local_task_job_runner.py:266} INFO - Task exited with return code 0
[2026-09-17T19:44:13.811+0200] {taskinstance.py:3901} INFO - 1 downstream tasks scheduled from follow-on schedule check
[2026-09-17T19:44:13.811+0200] {local_task_job_runner.py:245} INFO - ::endgroup::
