[2026-09-05T20:12:03.704+0200] {local_task_job_runner.py:123} INFO - ::group::Pre task execution logs
[2026-09-05T20:12:03.707+0200] {taskinstance.py:2614} INFO - Dependencies all met for dep_context=non-requeueable deps ti=<TaskInstance: mini_riskagent_file_ingestion.wait_for_csv scheduled__2026-09-05T18:11:00+00:00 [queued]>
[2026-09-05T20:12:03.708+0200] {taskinstance.py:2614} INFO - Dependencies all met for dep_context=requeueable deps ti=<TaskInstance: mini_riskagent_file_ingestion.wait_for_csv scheduled__2026-09-05T18:11:00+00:00 [queued]>
[2026-09-05T20:12:03.708+0200] {taskinstance.py:2867} INFO - Starting attempt 1 of 2
[2026-09-05T20:12:03.711+0200] {taskinstance.py:2890} INFO - Executing <Task(PythonSensor): wait_for_csv> on 2026-09-05 18:11:00+00:00
[2026-09-05T20:12:03.716+0200] {logging_mixin.py:190} WARNING - /Users/swarnalidatta/Desktop/AutoQueryChatbot/.airflow-venv/lib/python3.12/site-packages/airflow/task/task_runner/standard_task_runner.py:70 DeprecationWarning: This process (pid=41380) is multi-threaded, use of fork() may lead to deadlocks in the child.
[2026-09-05T20:12:03.716+0200] {standard_task_runner.py:72} INFO - Started process 41382 to run task
[2026-09-05T20:12:03.716+0200] {standard_task_runner.py:104} INFO - Running: ['airflow', 'tasks', 'run', 'mini_riskagent_file_ingestion', 'wait_for_csv', 'scheduled__2026-09-05T18:11:00+00:00', '--job-id', '2465', '--raw', '--subdir', 'DAGS_FOLDER/data_ingest_pipeline.py', '--cfg-path', '/var/folders/5p/201rr1sj03g8gksxm9x48mbh0000gn/T/tmpiog5i6mx']
[2026-09-05T20:12:03.716+0200] {standard_task_runner.py:105} INFO - Job 2465: Subtask wait_for_csv
[2026-09-05T20:12:03.731+0200] {task_command.py:467} INFO - Running <TaskInstance: mini_riskagent_file_ingestion.wait_for_csv scheduled__2026-09-05T18:11:00+00:00 [running]> on host mac.home
[2026-09-05T20:12:03.750+0200] {taskinstance.py:3134} INFO - Exporting env vars: AIRFLOW_CTX_DAG_OWNER='autoquery' AIRFLOW_CTX_DAG_ID='mini_riskagent_file_ingestion' AIRFLOW_CTX_TASK_ID='wait_for_csv' AIRFLOW_CTX_EXECUTION_DATE='2026-09-05T18:11:00+00:00' AIRFLOW_CTX_TRY_NUMBER='1' AIRFLOW_CTX_DAG_RUN_ID='scheduled__2026-09-05T18:11:00+00:00'
[2026-09-05T20:12:03.750+0200] {logging_mixin.py:190} INFO - Task instance is in running state
[2026-09-05T20:12:03.750+0200] {logging_mixin.py:190} INFO -  Previous state of the Task instance: queued
[2026-09-05T20:12:03.750+0200] {logging_mixin.py:190} INFO - Current task name:wait_for_csv state:running start_date:2026-09-05 18:12:03.707087+00:00
[2026-09-05T20:12:03.751+0200] {logging_mixin.py:190} INFO - Dag name:mini_riskagent_file_ingestion and current dag run status:running
[2026-09-05T20:12:03.751+0200] {taskinstance.py:732} INFO - ::endgroup::
[2026-09-05T20:12:03.752+0200] {python.py:75} INFO - Poking callable: <function check_for_csv_files at 0x120b42b60>
[2026-09-05T20:12:03.756+0200] {taskinstance.py:310} INFO - Rescheduling task, marking task as UP_FOR_RESCHEDULE
[2026-09-05T20:12:03.756+0200] {taskinstance.py:341} INFO - ::group::Post task execution logs
[2026-09-05T20:12:03.772+0200] {local_task_job_runner.py:266} INFO - Task exited with return code 0
[2026-09-05T20:12:03.778+0200] {taskinstance.py:3901} INFO - 0 downstream tasks scheduled from follow-on schedule check
[2026-09-05T20:12:03.779+0200] {local_task_job_runner.py:245} INFO - ::endgroup::
[2026-09-05T20:12:34.926+0200] {local_task_job_runner.py:123} INFO - ::group::Pre task execution logs
[2026-09-05T20:12:34.929+0200] {taskinstance.py:2614} INFO - Dependencies all met for dep_context=non-requeueable deps ti=<TaskInstance: mini_riskagent_file_ingestion.wait_for_csv scheduled__2026-09-05T18:11:00+00:00 [queued]>
[2026-09-05T20:12:34.930+0200] {taskinstance.py:2614} INFO - Dependencies all met for dep_context=requeueable deps ti=<TaskInstance: mini_riskagent_file_ingestion.wait_for_csv scheduled__2026-09-05T18:11:00+00:00 [queued]>
[2026-09-05T20:12:34.930+0200] {taskinstance.py:2867} INFO - Starting attempt 1 of 2
[2026-09-05T20:12:34.933+0200] {taskinstance.py:2890} INFO - Executing <Task(PythonSensor): wait_for_csv> on 2026-09-05 18:11:00+00:00
[2026-09-05T20:12:34.938+0200] {logging_mixin.py:190} WARNING - /Users/swarnalidatta/Desktop/AutoQueryChatbot/.airflow-venv/lib/python3.12/site-packages/airflow/task/task_runner/standard_task_runner.py:70 DeprecationWarning: This process (pid=42178) is multi-threaded, use of fork() may lead to deadlocks in the child.
[2026-09-05T20:12:34.938+0200] {standard_task_runner.py:72} INFO - Started process 42186 to run task
[2026-09-05T20:12:34.937+0200] {standard_task_runner.py:104} INFO - Running: ['airflow', 'tasks', 'run', 'mini_riskagent_file_ingestion', 'wait_for_csv', 'scheduled__2026-09-05T18:11:00+00:00', '--job-id', '2472', '--raw', '--subdir', 'DAGS_FOLDER/data_ingest_pipeline.py', '--cfg-path', '/var/folders/5p/201rr1sj03g8gksxm9x48mbh0000gn/T/tmp3ig1tx2d']
[2026-09-05T20:12:34.938+0200] {standard_task_runner.py:105} INFO - Job 2472: Subtask wait_for_csv
[2026-09-05T20:12:34.953+0200] {task_command.py:467} INFO - Running <TaskInstance: mini_riskagent_file_ingestion.wait_for_csv scheduled__2026-09-05T18:11:00+00:00 [running]> on host mac.home
[2026-09-05T20:12:34.969+0200] {taskinstance.py:3134} INFO - Exporting env vars: AIRFLOW_CTX_DAG_OWNER='autoquery' AIRFLOW_CTX_DAG_ID='mini_riskagent_file_ingestion' AIRFLOW_CTX_TASK_ID='wait_for_csv' AIRFLOW_CTX_EXECUTION_DATE='2026-09-05T18:11:00+00:00' AIRFLOW_CTX_TRY_NUMBER='1' AIRFLOW_CTX_DAG_RUN_ID='scheduled__2026-09-05T18:11:00+00:00'
[2026-09-05T20:12:34.969+0200] {logging_mixin.py:190} INFO - Task instance is in running state
[2026-09-05T20:12:34.969+0200] {logging_mixin.py:190} INFO -  Previous state of the Task instance: queued
[2026-09-05T20:12:34.969+0200] {logging_mixin.py:190} INFO - Current task name:wait_for_csv state:running start_date:2026-09-05 18:12:34.929497+00:00
[2026-09-05T20:12:34.970+0200] {logging_mixin.py:190} INFO - Dag name:mini_riskagent_file_ingestion and current dag run status:running
[2026-09-05T20:12:34.970+0200] {taskinstance.py:732} INFO - ::endgroup::
[2026-09-05T20:12:34.971+0200] {python.py:75} INFO - Poking callable: <function check_for_csv_files at 0x112a1eb60>
[2026-09-05T20:12:34.974+0200] {taskinstance.py:310} INFO - Rescheduling task, marking task as UP_FOR_RESCHEDULE
[2026-09-05T20:12:34.975+0200] {taskinstance.py:341} INFO - ::group::Post task execution logs
[2026-09-05T20:12:34.994+0200] {local_task_job_runner.py:266} INFO - Task exited with return code 0
[2026-09-05T20:12:35.000+0200] {taskinstance.py:3901} INFO - 0 downstream tasks scheduled from follow-on schedule check
[2026-09-05T20:12:35.001+0200] {local_task_job_runner.py:245} INFO - ::endgroup::
[2026-09-05T20:13:06.605+0200] {local_task_job_runner.py:123} INFO - ::group::Pre task execution logs
[2026-09-05T20:13:06.608+0200] {taskinstance.py:2614} INFO - Dependencies all met for dep_context=non-requeueable deps ti=<TaskInstance: mini_riskagent_file_ingestion.wait_for_csv scheduled__2026-09-05T18:11:00+00:00 [queued]>
[2026-09-05T20:13:06.610+0200] {taskinstance.py:2614} INFO - Dependencies all met for dep_context=requeueable deps ti=<TaskInstance: mini_riskagent_file_ingestion.wait_for_csv scheduled__2026-09-05T18:11:00+00:00 [queued]>
[2026-09-05T20:13:06.610+0200] {taskinstance.py:2867} INFO - Starting attempt 1 of 2
[2026-09-05T20:13:06.613+0200] {taskinstance.py:2890} INFO - Executing <Task(PythonSensor): wait_for_csv> on 2026-09-05 18:11:00+00:00
[2026-09-05T20:13:06.617+0200] {logging_mixin.py:190} WARNING - /Users/swarnalidatta/Desktop/AutoQueryChatbot/.airflow-venv/lib/python3.12/site-packages/airflow/task/task_runner/standard_task_runner.py:70 DeprecationWarning: This process (pid=42988) is multi-threaded, use of fork() may lead to deadlocks in the child.
[2026-09-05T20:13:06.618+0200] {standard_task_runner.py:72} INFO - Started process 42990 to run task
[2026-09-05T20:13:06.617+0200] {standard_task_runner.py:104} INFO - Running: ['airflow', 'tasks', 'run', 'mini_riskagent_file_ingestion', 'wait_for_csv', 'scheduled__2026-09-05T18:11:00+00:00', '--job-id', '2480', '--raw', '--subdir', 'DAGS_FOLDER/data_ingest_pipeline.py', '--cfg-path', '/var/folders/5p/201rr1sj03g8gksxm9x48mbh0000gn/T/tmpf5tkapda']
[2026-09-05T20:13:06.618+0200] {standard_task_runner.py:105} INFO - Job 2480: Subtask wait_for_csv
[2026-09-05T20:13:06.632+0200] {task_command.py:467} INFO - Running <TaskInstance: mini_riskagent_file_ingestion.wait_for_csv scheduled__2026-09-05T18:11:00+00:00 [running]> on host mac.home
[2026-09-05T20:13:06.648+0200] {taskinstance.py:3134} INFO - Exporting env vars: AIRFLOW_CTX_DAG_OWNER='autoquery' AIRFLOW_CTX_DAG_ID='mini_riskagent_file_ingestion' AIRFLOW_CTX_TASK_ID='wait_for_csv' AIRFLOW_CTX_EXECUTION_DATE='2026-09-05T18:11:00+00:00' AIRFLOW_CTX_TRY_NUMBER='1' AIRFLOW_CTX_DAG_RUN_ID='scheduled__2026-09-05T18:11:00+00:00'
[2026-09-05T20:13:06.649+0200] {logging_mixin.py:190} INFO - Task instance is in running state
[2026-09-05T20:13:06.649+0200] {logging_mixin.py:190} INFO -  Previous state of the Task instance: queued
[2026-09-05T20:13:06.649+0200] {logging_mixin.py:190} INFO - Current task name:wait_for_csv state:running start_date:2026-09-05 18:13:06.608705+00:00
[2026-09-05T20:13:06.650+0200] {logging_mixin.py:190} INFO - Dag name:mini_riskagent_file_ingestion and current dag run status:running
[2026-09-05T20:13:06.650+0200] {taskinstance.py:732} INFO - ::endgroup::
[2026-09-05T20:13:06.651+0200] {python.py:75} INFO - Poking callable: <function check_for_csv_files at 0x109626b60>
[2026-09-05T20:13:06.654+0200] {taskinstance.py:310} INFO - Rescheduling task, marking task as UP_FOR_RESCHEDULE
[2026-09-05T20:13:06.655+0200] {taskinstance.py:341} INFO - ::group::Post task execution logs
[2026-09-05T20:13:06.673+0200] {local_task_job_runner.py:266} INFO - Task exited with return code 0
[2026-09-05T20:13:06.680+0200] {taskinstance.py:3901} INFO - 0 downstream tasks scheduled from follow-on schedule check
[2026-09-05T20:13:06.680+0200] {local_task_job_runner.py:245} INFO - ::endgroup::
[2026-09-05T20:13:37.729+0200] {local_task_job_runner.py:123} INFO - ::group::Pre task execution logs
[2026-09-05T20:13:37.732+0200] {taskinstance.py:2614} INFO - Dependencies all met for dep_context=non-requeueable deps ti=<TaskInstance: mini_riskagent_file_ingestion.wait_for_csv scheduled__2026-09-05T18:11:00+00:00 [queued]>
[2026-09-05T20:13:37.733+0200] {taskinstance.py:2614} INFO - Dependencies all met for dep_context=requeueable deps ti=<TaskInstance: mini_riskagent_file_ingestion.wait_for_csv scheduled__2026-09-05T18:11:00+00:00 [queued]>
[2026-09-05T20:13:37.733+0200] {taskinstance.py:2867} INFO - Starting attempt 1 of 2
[2026-09-05T20:13:37.736+0200] {taskinstance.py:2890} INFO - Executing <Task(PythonSensor): wait_for_csv> on 2026-09-05 18:11:00+00:00
[2026-09-05T20:13:37.741+0200] {logging_mixin.py:190} WARNING - /Users/swarnalidatta/Desktop/AutoQueryChatbot/.airflow-venv/lib/python3.12/site-packages/airflow/task/task_runner/standard_task_runner.py:70 DeprecationWarning: This process (pid=43212) is multi-threaded, use of fork() may lead to deadlocks in the child.
[2026-09-05T20:13:37.741+0200] {standard_task_runner.py:72} INFO - Started process 43214 to run task
[2026-09-05T20:13:37.741+0200] {standard_task_runner.py:104} INFO - Running: ['airflow', 'tasks', 'run', 'mini_riskagent_file_ingestion', 'wait_for_csv', 'scheduled__2026-09-05T18:11:00+00:00', '--job-id', '2488', '--raw', '--subdir', 'DAGS_FOLDER/data_ingest_pipeline.py', '--cfg-path', '/var/folders/5p/201rr1sj03g8gksxm9x48mbh0000gn/T/tmpwuleewaw']
[2026-09-05T20:13:37.741+0200] {standard_task_runner.py:105} INFO - Job 2488: Subtask wait_for_csv
[2026-09-05T20:13:37.756+0200] {task_command.py:467} INFO - Running <TaskInstance: mini_riskagent_file_ingestion.wait_for_csv scheduled__2026-09-05T18:11:00+00:00 [running]> on host mac.home
[2026-09-05T20:13:37.772+0200] {taskinstance.py:3134} INFO - Exporting env vars: AIRFLOW_CTX_DAG_OWNER='autoquery' AIRFLOW_CTX_DAG_ID='mini_riskagent_file_ingestion' AIRFLOW_CTX_TASK_ID='wait_for_csv' AIRFLOW_CTX_EXECUTION_DATE='2026-09-05T18:11:00+00:00' AIRFLOW_CTX_TRY_NUMBER='1' AIRFLOW_CTX_DAG_RUN_ID='scheduled__2026-09-05T18:11:00+00:00'
[2026-09-05T20:13:37.773+0200] {logging_mixin.py:190} INFO - Task instance is in running state
[2026-09-05T20:13:37.773+0200] {logging_mixin.py:190} INFO -  Previous state of the Task instance: queued
[2026-09-05T20:13:37.773+0200] {logging_mixin.py:190} INFO - Current task name:wait_for_csv state:running start_date:2026-09-05 18:13:37.732453+00:00
[2026-09-05T20:13:37.773+0200] {logging_mixin.py:190} INFO - Dag name:mini_riskagent_file_ingestion and current dag run status:running
[2026-09-05T20:13:37.774+0200] {taskinstance.py:732} INFO - ::endgroup::
[2026-09-05T20:13:37.775+0200] {python.py:75} INFO - Poking callable: <function check_for_csv_files at 0x11f726b60>
[2026-09-05T20:13:37.778+0200] {taskinstance.py:310} INFO - Rescheduling task, marking task as UP_FOR_RESCHEDULE
[2026-09-05T20:13:37.779+0200] {taskinstance.py:341} INFO - ::group::Post task execution logs
[2026-09-05T20:13:37.797+0200] {local_task_job_runner.py:266} INFO - Task exited with return code 0
[2026-09-05T20:13:37.803+0200] {taskinstance.py:3901} INFO - 0 downstream tasks scheduled from follow-on schedule check
[2026-09-05T20:13:37.804+0200] {local_task_job_runner.py:245} INFO - ::endgroup::
[2026-09-05T20:14:10.273+0200] {local_task_job_runner.py:123} INFO - ::group::Pre task execution logs
[2026-09-05T20:14:10.276+0200] {taskinstance.py:2614} INFO - Dependencies all met for dep_context=non-requeueable deps ti=<TaskInstance: mini_riskagent_file_ingestion.wait_for_csv scheduled__2026-09-05T18:11:00+00:00 [queued]>
[2026-09-05T20:14:10.278+0200] {taskinstance.py:2614} INFO - Dependencies all met for dep_context=requeueable deps ti=<TaskInstance: mini_riskagent_file_ingestion.wait_for_csv scheduled__2026-09-05T18:11:00+00:00 [queued]>
[2026-09-05T20:14:10.278+0200] {taskinstance.py:2867} INFO - Starting attempt 1 of 2
[2026-09-05T20:14:10.281+0200] {taskinstance.py:2890} INFO - Executing <Task(PythonSensor): wait_for_csv> on 2026-09-05 18:11:00+00:00
[2026-09-05T20:14:10.286+0200] {logging_mixin.py:190} WARNING - /Users/swarnalidatta/Desktop/AutoQueryChatbot/.airflow-venv/lib/python3.12/site-packages/airflow/task/task_runner/standard_task_runner.py:70 DeprecationWarning: This process (pid=43306) is multi-threaded, use of fork() may lead to deadlocks in the child.
[2026-09-05T20:14:10.287+0200] {standard_task_runner.py:72} INFO - Started process 43308 to run task
[2026-09-05T20:14:10.286+0200] {standard_task_runner.py:104} INFO - Running: ['airflow', 'tasks', 'run', 'mini_riskagent_file_ingestion', 'wait_for_csv', 'scheduled__2026-09-05T18:11:00+00:00', '--job-id', '2497', '--raw', '--subdir', 'DAGS_FOLDER/data_ingest_pipeline.py', '--cfg-path', '/var/folders/5p/201rr1sj03g8gksxm9x48mbh0000gn/T/tmpb3rvr2oj']
[2026-09-05T20:14:10.287+0200] {standard_task_runner.py:105} INFO - Job 2497: Subtask wait_for_csv
[2026-09-05T20:14:10.303+0200] {task_command.py:467} INFO - Running <TaskInstance: mini_riskagent_file_ingestion.wait_for_csv scheduled__2026-09-05T18:11:00+00:00 [running]> on host mac.home
[2026-09-05T20:14:10.322+0200] {taskinstance.py:3134} INFO - Exporting env vars: AIRFLOW_CTX_DAG_OWNER='autoquery' AIRFLOW_CTX_DAG_ID='mini_riskagent_file_ingestion' AIRFLOW_CTX_TASK_ID='wait_for_csv' AIRFLOW_CTX_EXECUTION_DATE='2026-09-05T18:11:00+00:00' AIRFLOW_CTX_TRY_NUMBER='1' AIRFLOW_CTX_DAG_RUN_ID='scheduled__2026-09-05T18:11:00+00:00'
[2026-09-05T20:14:10.323+0200] {logging_mixin.py:190} INFO - Task instance is in running state
[2026-09-05T20:14:10.323+0200] {logging_mixin.py:190} INFO -  Previous state of the Task instance: queued
[2026-09-05T20:14:10.323+0200] {logging_mixin.py:190} INFO - Current task name:wait_for_csv state:running start_date:2026-09-05 18:14:10.276851+00:00
[2026-09-05T20:14:10.323+0200] {logging_mixin.py:190} INFO - Dag name:mini_riskagent_file_ingestion and current dag run status:running
[2026-09-05T20:14:10.324+0200] {taskinstance.py:732} INFO - ::endgroup::
[2026-09-05T20:14:10.326+0200] {python.py:75} INFO - Poking callable: <function check_for_csv_files at 0x10c526b60>
[2026-09-05T20:14:10.330+0200] {taskinstance.py:310} INFO - Rescheduling task, marking task as UP_FOR_RESCHEDULE
[2026-09-05T20:14:10.331+0200] {taskinstance.py:341} INFO - ::group::Post task execution logs
[2026-09-05T20:14:10.342+0200] {local_task_job_runner.py:266} INFO - Task exited with return code 0
[2026-09-05T20:14:10.350+0200] {taskinstance.py:3901} INFO - 0 downstream tasks scheduled from follow-on schedule check
[2026-09-05T20:14:10.350+0200] {local_task_job_runner.py:245} INFO - ::endgroup::
[2026-09-05T20:14:41.628+0200] {local_task_job_runner.py:123} INFO - ::group::Pre task execution logs
[2026-09-05T20:14:41.630+0200] {taskinstance.py:2614} INFO - Dependencies all met for dep_context=non-requeueable deps ti=<TaskInstance: mini_riskagent_file_ingestion.wait_for_csv scheduled__2026-09-05T18:11:00+00:00 [queued]>
[2026-09-05T20:14:41.632+0200] {taskinstance.py:2614} INFO - Dependencies all met for dep_context=requeueable deps ti=<TaskInstance: mini_riskagent_file_ingestion.wait_for_csv scheduled__2026-09-05T18:11:00+00:00 [queued]>
[2026-09-05T20:14:41.632+0200] {taskinstance.py:2867} INFO - Starting attempt 1 of 2
[2026-09-05T20:14:41.635+0200] {taskinstance.py:2890} INFO - Executing <Task(PythonSensor): wait_for_csv> on 2026-09-05 18:11:00+00:00
[2026-09-05T20:14:41.639+0200] {logging_mixin.py:190} WARNING - /Users/swarnalidatta/Desktop/AutoQueryChatbot/.airflow-venv/lib/python3.12/site-packages/airflow/task/task_runner/standard_task_runner.py:70 DeprecationWarning: This process (pid=43402) is multi-threaded, use of fork() may lead to deadlocks in the child.
[2026-09-05T20:14:41.640+0200] {standard_task_runner.py:72} INFO - Started process 43408 to run task
[2026-09-05T20:14:41.639+0200] {standard_task_runner.py:104} INFO - Running: ['airflow', 'tasks', 'run', 'mini_riskagent_file_ingestion', 'wait_for_csv', 'scheduled__2026-09-05T18:11:00+00:00', '--job-id', '2506', '--raw', '--subdir', 'DAGS_FOLDER/data_ingest_pipeline.py', '--cfg-path', '/var/folders/5p/201rr1sj03g8gksxm9x48mbh0000gn/T/tmpf76kry0x']
[2026-09-05T20:14:41.640+0200] {standard_task_runner.py:105} INFO - Job 2506: Subtask wait_for_csv
[2026-09-05T20:14:41.654+0200] {task_command.py:467} INFO - Running <TaskInstance: mini_riskagent_file_ingestion.wait_for_csv scheduled__2026-09-05T18:11:00+00:00 [running]> on host mac.home
[2026-09-05T20:14:41.670+0200] {taskinstance.py:3134} INFO - Exporting env vars: AIRFLOW_CTX_DAG_OWNER='autoquery' AIRFLOW_CTX_DAG_ID='mini_riskagent_file_ingestion' AIRFLOW_CTX_TASK_ID='wait_for_csv' AIRFLOW_CTX_EXECUTION_DATE='2026-09-05T18:11:00+00:00' AIRFLOW_CTX_TRY_NUMBER='1' AIRFLOW_CTX_DAG_RUN_ID='scheduled__2026-09-05T18:11:00+00:00'
[2026-09-05T20:14:41.670+0200] {logging_mixin.py:190} INFO - Task instance is in running state
[2026-09-05T20:14:41.671+0200] {logging_mixin.py:190} INFO -  Previous state of the Task instance: queued
[2026-09-05T20:14:41.671+0200] {logging_mixin.py:190} INFO - Current task name:wait_for_csv state:running start_date:2026-09-05 18:14:41.630853+00:00
[2026-09-05T20:14:41.671+0200] {logging_mixin.py:190} INFO - Dag name:mini_riskagent_file_ingestion and current dag run status:running
[2026-09-05T20:14:41.671+0200] {taskinstance.py:732} INFO - ::endgroup::
[2026-09-05T20:14:41.672+0200] {python.py:75} INFO - Poking callable: <function check_for_csv_files at 0x108bc6b60>
[2026-09-05T20:14:41.676+0200] {taskinstance.py:310} INFO - Rescheduling task, marking task as UP_FOR_RESCHEDULE
[2026-09-05T20:14:41.676+0200] {taskinstance.py:341} INFO - ::group::Post task execution logs
[2026-09-05T20:14:41.695+0200] {local_task_job_runner.py:266} INFO - Task exited with return code 0
[2026-09-05T20:14:41.702+0200] {taskinstance.py:3901} INFO - 0 downstream tasks scheduled from follow-on schedule check
[2026-09-05T20:14:41.702+0200] {local_task_job_runner.py:245} INFO - ::endgroup::
[2026-09-05T20:15:12.597+0200] {local_task_job_runner.py:123} INFO - ::group::Pre task execution logs
[2026-09-05T20:15:12.600+0200] {taskinstance.py:2614} INFO - Dependencies all met for dep_context=non-requeueable deps ti=<TaskInstance: mini_riskagent_file_ingestion.wait_for_csv scheduled__2026-09-05T18:11:00+00:00 [queued]>
[2026-09-05T20:15:12.601+0200] {taskinstance.py:2614} INFO - Dependencies all met for dep_context=requeueable deps ti=<TaskInstance: mini_riskagent_file_ingestion.wait_for_csv scheduled__2026-09-05T18:11:00+00:00 [queued]>
[2026-09-05T20:15:12.601+0200] {taskinstance.py:2867} INFO - Starting attempt 1 of 2
[2026-09-05T20:15:12.604+0200] {taskinstance.py:2890} INFO - Executing <Task(PythonSensor): wait_for_csv> on 2026-09-05 18:11:00+00:00
[2026-09-05T20:15:12.609+0200] {logging_mixin.py:190} WARNING - /Users/swarnalidatta/Desktop/AutoQueryChatbot/.airflow-venv/lib/python3.12/site-packages/airflow/task/task_runner/standard_task_runner.py:70 DeprecationWarning: This process (pid=43695) is multi-threaded, use of fork() may lead to deadlocks in the child.
[2026-09-05T20:15:12.609+0200] {standard_task_runner.py:72} INFO - Started process 43697 to run task
[2026-09-05T20:15:12.608+0200] {standard_task_runner.py:104} INFO - Running: ['airflow', 'tasks', 'run', 'mini_riskagent_file_ingestion', 'wait_for_csv', 'scheduled__2026-09-05T18:11:00+00:00', '--job-id', '2516', '--raw', '--subdir', 'DAGS_FOLDER/data_ingest_pipeline.py', '--cfg-path', '/var/folders/5p/201rr1sj03g8gksxm9x48mbh0000gn/T/tmpwwvah41l']
[2026-09-05T20:15:12.609+0200] {standard_task_runner.py:105} INFO - Job 2516: Subtask wait_for_csv
[2026-09-05T20:15:12.622+0200] {task_command.py:467} INFO - Running <TaskInstance: mini_riskagent_file_ingestion.wait_for_csv scheduled__2026-09-05T18:11:00+00:00 [running]> on host mac.home
[2026-09-05T20:15:12.638+0200] {taskinstance.py:3134} INFO - Exporting env vars: AIRFLOW_CTX_DAG_OWNER='autoquery' AIRFLOW_CTX_DAG_ID='mini_riskagent_file_ingestion' AIRFLOW_CTX_TASK_ID='wait_for_csv' AIRFLOW_CTX_EXECUTION_DATE='2026-09-05T18:11:00+00:00' AIRFLOW_CTX_TRY_NUMBER='1' AIRFLOW_CTX_DAG_RUN_ID='scheduled__2026-09-05T18:11:00+00:00'
[2026-09-05T20:15:12.639+0200] {logging_mixin.py:190} INFO - Task instance is in running state
[2026-09-05T20:15:12.639+0200] {logging_mixin.py:190} INFO -  Previous state of the Task instance: queued
[2026-09-05T20:15:12.639+0200] {logging_mixin.py:190} INFO - Current task name:wait_for_csv state:running start_date:2026-09-05 18:15:12.600421+00:00
[2026-09-05T20:15:12.639+0200] {logging_mixin.py:190} INFO - Dag name:mini_riskagent_file_ingestion and current dag run status:running
[2026-09-05T20:15:12.640+0200] {taskinstance.py:732} INFO - ::endgroup::
[2026-09-05T20:15:12.641+0200] {python.py:75} INFO - Poking callable: <function check_for_csv_files at 0x10b1deb60>
[2026-09-05T20:15:12.644+0200] {taskinstance.py:310} INFO - Rescheduling task, marking task as UP_FOR_RESCHEDULE
[2026-09-05T20:15:12.645+0200] {taskinstance.py:341} INFO - ::group::Post task execution logs
[2026-09-05T20:15:12.665+0200] {local_task_job_runner.py:266} INFO - Task exited with return code 0
[2026-09-05T20:15:12.672+0200] {taskinstance.py:3901} INFO - 0 downstream tasks scheduled from follow-on schedule check
[2026-09-05T20:15:12.672+0200] {local_task_job_runner.py:245} INFO - ::endgroup::
[2026-09-05T20:15:44.569+0200] {local_task_job_runner.py:123} INFO - ::group::Pre task execution logs
[2026-09-05T20:15:44.572+0200] {taskinstance.py:2614} INFO - Dependencies all met for dep_context=non-requeueable deps ti=<TaskInstance: mini_riskagent_file_ingestion.wait_for_csv scheduled__2026-09-05T18:11:00+00:00 [queued]>
[2026-09-05T20:15:44.574+0200] {taskinstance.py:2614} INFO - Dependencies all met for dep_context=requeueable deps ti=<TaskInstance: mini_riskagent_file_ingestion.wait_for_csv scheduled__2026-09-05T18:11:00+00:00 [queued]>
[2026-09-05T20:15:44.574+0200] {taskinstance.py:2867} INFO - Starting attempt 1 of 2
[2026-09-05T20:15:44.577+0200] {taskinstance.py:2890} INFO - Executing <Task(PythonSensor): wait_for_csv> on 2026-09-05 18:11:00+00:00
[2026-09-05T20:15:44.581+0200] {logging_mixin.py:190} WARNING - /Users/swarnalidatta/Desktop/AutoQueryChatbot/.airflow-venv/lib/python3.12/site-packages/airflow/task/task_runner/standard_task_runner.py:70 DeprecationWarning: This process (pid=43861) is multi-threaded, use of fork() may lead to deadlocks in the child.
[2026-09-05T20:15:44.581+0200] {standard_task_runner.py:104} INFO - Running: ['airflow', 'tasks', 'run', 'mini_riskagent_file_ingestion', 'wait_for_csv', 'scheduled__2026-09-05T18:11:00+00:00', '--job-id', '2526', '--raw', '--subdir', 'DAGS_FOLDER/data_ingest_pipeline.py', '--cfg-path', '/var/folders/5p/201rr1sj03g8gksxm9x48mbh0000gn/T/tmprf94d7pv']
[2026-09-05T20:15:44.581+0200] {standard_task_runner.py:72} INFO - Started process 43863 to run task
[2026-09-05T20:15:44.582+0200] {standard_task_runner.py:105} INFO - Job 2526: Subtask wait_for_csv
[2026-09-05T20:15:44.595+0200] {task_command.py:467} INFO - Running <TaskInstance: mini_riskagent_file_ingestion.wait_for_csv scheduled__2026-09-05T18:11:00+00:00 [running]> on host mac.home
[2026-09-05T20:15:44.612+0200] {taskinstance.py:3134} INFO - Exporting env vars: AIRFLOW_CTX_DAG_OWNER='autoquery' AIRFLOW_CTX_DAG_ID='mini_riskagent_file_ingestion' AIRFLOW_CTX_TASK_ID='wait_for_csv' AIRFLOW_CTX_EXECUTION_DATE='2026-09-05T18:11:00+00:00' AIRFLOW_CTX_TRY_NUMBER='1' AIRFLOW_CTX_DAG_RUN_ID='scheduled__2026-09-05T18:11:00+00:00'
[2026-09-05T20:15:44.612+0200] {logging_mixin.py:190} INFO - Task instance is in running state
[2026-09-05T20:15:44.613+0200] {logging_mixin.py:190} INFO -  Previous state of the Task instance: queued
[2026-09-05T20:15:44.613+0200] {logging_mixin.py:190} INFO - Current task name:wait_for_csv state:running start_date:2026-09-05 18:15:44.572720+00:00
[2026-09-05T20:15:44.613+0200] {logging_mixin.py:190} INFO - Dag name:mini_riskagent_file_ingestion and current dag run status:running
[2026-09-05T20:15:44.613+0200] {taskinstance.py:732} INFO - ::endgroup::
[2026-09-05T20:15:44.614+0200] {python.py:75} INFO - Poking callable: <function check_for_csv_files at 0x115326b60>
[2026-09-05T20:15:44.618+0200] {taskinstance.py:310} INFO - Rescheduling task, marking task as UP_FOR_RESCHEDULE
[2026-09-05T20:15:44.618+0200] {taskinstance.py:341} INFO - ::group::Post task execution logs
[2026-09-05T20:15:44.637+0200] {local_task_job_runner.py:266} INFO - Task exited with return code 0
[2026-09-05T20:15:44.644+0200] {taskinstance.py:3901} INFO - 0 downstream tasks scheduled from follow-on schedule check
[2026-09-05T20:15:44.644+0200] {local_task_job_runner.py:245} INFO - ::endgroup::
[2026-09-05T20:16:16.288+0200] {local_task_job_runner.py:123} INFO - ::group::Pre task execution logs
[2026-09-05T20:16:16.291+0200] {taskinstance.py:2614} INFO - Dependencies all met for dep_context=non-requeueable deps ti=<TaskInstance: mini_riskagent_file_ingestion.wait_for_csv scheduled__2026-09-05T18:11:00+00:00 [queued]>
[2026-09-05T20:16:16.293+0200] {taskinstance.py:2614} INFO - Dependencies all met for dep_context=requeueable deps ti=<TaskInstance: mini_riskagent_file_ingestion.wait_for_csv scheduled__2026-09-05T18:11:00+00:00 [queued]>
[2026-09-05T20:16:16.293+0200] {taskinstance.py:2867} INFO - Starting attempt 1 of 2
[2026-09-05T20:16:16.296+0200] {taskinstance.py:2890} INFO - Executing <Task(PythonSensor): wait_for_csv> on 2026-09-05 18:11:00+00:00
[2026-09-05T20:16:16.300+0200] {logging_mixin.py:190} WARNING - /Users/swarnalidatta/Desktop/AutoQueryChatbot/.airflow-venv/lib/python3.12/site-packages/airflow/task/task_runner/standard_task_runner.py:70 DeprecationWarning: This process (pid=43960) is multi-threaded, use of fork() may lead to deadlocks in the child.
[2026-09-05T20:16:16.300+0200] {standard_task_runner.py:72} INFO - Started process 43962 to run task
[2026-09-05T20:16:16.300+0200] {standard_task_runner.py:104} INFO - Running: ['airflow', 'tasks', 'run', 'mini_riskagent_file_ingestion', 'wait_for_csv', 'scheduled__2026-09-05T18:11:00+00:00', '--job-id', '2537', '--raw', '--subdir', 'DAGS_FOLDER/data_ingest_pipeline.py', '--cfg-path', '/var/folders/5p/201rr1sj03g8gksxm9x48mbh0000gn/T/tmp_xoaqy1l']
[2026-09-05T20:16:16.301+0200] {standard_task_runner.py:105} INFO - Job 2537: Subtask wait_for_csv
[2026-09-05T20:16:16.314+0200] {task_command.py:467} INFO - Running <TaskInstance: mini_riskagent_file_ingestion.wait_for_csv scheduled__2026-09-05T18:11:00+00:00 [running]> on host mac.home
[2026-09-05T20:16:16.332+0200] {taskinstance.py:3134} INFO - Exporting env vars: AIRFLOW_CTX_DAG_OWNER='autoquery' AIRFLOW_CTX_DAG_ID='mini_riskagent_file_ingestion' AIRFLOW_CTX_TASK_ID='wait_for_csv' AIRFLOW_CTX_EXECUTION_DATE='2026-09-05T18:11:00+00:00' AIRFLOW_CTX_TRY_NUMBER='1' AIRFLOW_CTX_DAG_RUN_ID='scheduled__2026-09-05T18:11:00+00:00'
[2026-09-05T20:16:16.332+0200] {logging_mixin.py:190} INFO - Task instance is in running state
[2026-09-05T20:16:16.332+0200] {logging_mixin.py:190} INFO -  Previous state of the Task instance: queued
[2026-09-05T20:16:16.333+0200] {logging_mixin.py:190} INFO - Current task name:wait_for_csv state:running start_date:2026-09-05 18:16:16.291739+00:00
[2026-09-05T20:16:16.333+0200] {logging_mixin.py:190} INFO - Dag name:mini_riskagent_file_ingestion and current dag run status:running
[2026-09-05T20:16:16.333+0200] {taskinstance.py:732} INFO - ::endgroup::
[2026-09-05T20:16:16.334+0200] {python.py:75} INFO - Poking callable: <function check_for_csv_files at 0x10c8d2b60>
[2026-09-05T20:16:16.338+0200] {taskinstance.py:310} INFO - Rescheduling task, marking task as UP_FOR_RESCHEDULE
[2026-09-05T20:16:16.338+0200] {taskinstance.py:341} INFO - ::group::Post task execution logs
[2026-09-05T20:16:16.356+0200] {local_task_job_runner.py:266} INFO - Task exited with return code 0
[2026-09-05T20:16:16.363+0200] {taskinstance.py:3901} INFO - 0 downstream tasks scheduled from follow-on schedule check
[2026-09-05T20:16:16.363+0200] {local_task_job_runner.py:245} INFO - ::endgroup::
[2026-09-05T20:16:48.062+0200] {local_task_job_runner.py:123} INFO - ::group::Pre task execution logs
[2026-09-05T20:16:48.065+0200] {taskinstance.py:2614} INFO - Dependencies all met for dep_context=non-requeueable deps ti=<TaskInstance: mini_riskagent_file_ingestion.wait_for_csv scheduled__2026-09-05T18:11:00+00:00 [queued]>
[2026-09-05T20:16:48.066+0200] {taskinstance.py:2614} INFO - Dependencies all met for dep_context=requeueable deps ti=<TaskInstance: mini_riskagent_file_ingestion.wait_for_csv scheduled__2026-09-05T18:11:00+00:00 [queued]>
[2026-09-05T20:16:48.066+0200] {taskinstance.py:2867} INFO - Starting attempt 1 of 2
[2026-09-05T20:16:48.069+0200] {taskinstance.py:2890} INFO - Executing <Task(PythonSensor): wait_for_csv> on 2026-09-05 18:11:00+00:00
[2026-09-05T20:16:48.074+0200] {logging_mixin.py:190} WARNING - /Users/swarnalidatta/Desktop/AutoQueryChatbot/.airflow-venv/lib/python3.12/site-packages/airflow/task/task_runner/standard_task_runner.py:70 DeprecationWarning: This process (pid=44911) is multi-threaded, use of fork() may lead to deadlocks in the child.
[2026-09-05T20:16:48.074+0200] {standard_task_runner.py:72} INFO - Started process 44917 to run task
[2026-09-05T20:16:48.074+0200] {standard_task_runner.py:104} INFO - Running: ['airflow', 'tasks', 'run', 'mini_riskagent_file_ingestion', 'wait_for_csv', 'scheduled__2026-09-05T18:11:00+00:00', '--job-id', '2548', '--raw', '--subdir', 'DAGS_FOLDER/data_ingest_pipeline.py', '--cfg-path', '/var/folders/5p/201rr1sj03g8gksxm9x48mbh0000gn/T/tmpfcoplr3l']
[2026-09-05T20:16:48.074+0200] {standard_task_runner.py:105} INFO - Job 2548: Subtask wait_for_csv
[2026-09-05T20:16:48.090+0200] {task_command.py:467} INFO - Running <TaskInstance: mini_riskagent_file_ingestion.wait_for_csv scheduled__2026-09-05T18:11:00+00:00 [running]> on host mac.home
[2026-09-05T20:16:48.106+0200] {taskinstance.py:3134} INFO - Exporting env vars: AIRFLOW_CTX_DAG_OWNER='autoquery' AIRFLOW_CTX_DAG_ID='mini_riskagent_file_ingestion' AIRFLOW_CTX_TASK_ID='wait_for_csv' AIRFLOW_CTX_EXECUTION_DATE='2026-09-05T18:11:00+00:00' AIRFLOW_CTX_TRY_NUMBER='1' AIRFLOW_CTX_DAG_RUN_ID='scheduled__2026-09-05T18:11:00+00:00'
[2026-09-05T20:16:48.107+0200] {logging_mixin.py:190} INFO - Task instance is in running state
[2026-09-05T20:16:48.107+0200] {logging_mixin.py:190} INFO -  Previous state of the Task instance: queued
[2026-09-05T20:16:48.108+0200] {logging_mixin.py:190} INFO - Current task name:wait_for_csv state:running start_date:2026-09-05 18:16:48.065242+00:00
[2026-09-05T20:16:48.108+0200] {logging_mixin.py:190} INFO - Dag name:mini_riskagent_file_ingestion and current dag run status:running
[2026-09-05T20:16:48.108+0200] {taskinstance.py:732} INFO - ::endgroup::
[2026-09-05T20:16:48.110+0200] {python.py:75} INFO - Poking callable: <function check_for_csv_files at 0x10c526b60>
[2026-09-05T20:16:48.114+0200] {taskinstance.py:310} INFO - Rescheduling task, marking task as UP_FOR_RESCHEDULE
[2026-09-05T20:16:48.114+0200] {taskinstance.py:341} INFO - ::group::Post task execution logs
[2026-09-05T20:16:48.130+0200] {local_task_job_runner.py:266} INFO - Task exited with return code 0
[2026-09-05T20:16:48.137+0200] {taskinstance.py:3901} INFO - 0 downstream tasks scheduled from follow-on schedule check
[2026-09-05T20:16:48.137+0200] {local_task_job_runner.py:245} INFO - ::endgroup::
[2026-09-05T20:17:20.194+0200] {local_task_job_runner.py:123} INFO - ::group::Pre task execution logs
[2026-09-05T20:17:20.197+0200] {taskinstance.py:2614} INFO - Dependencies all met for dep_context=non-requeueable deps ti=<TaskInstance: mini_riskagent_file_ingestion.wait_for_csv scheduled__2026-09-05T18:11:00+00:00 [queued]>
[2026-09-05T20:17:20.199+0200] {taskinstance.py:2614} INFO - Dependencies all met for dep_context=requeueable deps ti=<TaskInstance: mini_riskagent_file_ingestion.wait_for_csv scheduled__2026-09-05T18:11:00+00:00 [queued]>
[2026-09-05T20:17:20.199+0200] {taskinstance.py:2867} INFO - Starting attempt 1 of 2
[2026-09-05T20:17:20.202+0200] {taskinstance.py:2890} INFO - Executing <Task(PythonSensor): wait_for_csv> on 2026-09-05 18:11:00+00:00
[2026-09-05T20:17:20.207+0200] {logging_mixin.py:190} WARNING - /Users/swarnalidatta/Desktop/AutoQueryChatbot/.airflow-venv/lib/python3.12/site-packages/airflow/task/task_runner/standard_task_runner.py:70 DeprecationWarning: This process (pid=45242) is multi-threaded, use of fork() may lead to deadlocks in the child.
[2026-09-05T20:17:20.208+0200] {standard_task_runner.py:72} INFO - Started process 45247 to run task
[2026-09-05T20:17:20.208+0200] {standard_task_runner.py:104} INFO - Running: ['airflow', 'tasks', 'run', 'mini_riskagent_file_ingestion', 'wait_for_csv', 'scheduled__2026-09-05T18:11:00+00:00', '--job-id', '2560', '--raw', '--subdir', 'DAGS_FOLDER/data_ingest_pipeline.py', '--cfg-path', '/var/folders/5p/201rr1sj03g8gksxm9x48mbh0000gn/T/tmpczhi8_6g']
[2026-09-05T20:17:20.209+0200] {standard_task_runner.py:105} INFO - Job 2560: Subtask wait_for_csv
[2026-09-05T20:17:20.228+0200] {task_command.py:467} INFO - Running <TaskInstance: mini_riskagent_file_ingestion.wait_for_csv scheduled__2026-09-05T18:11:00+00:00 [running]> on host mac.home
[2026-09-05T20:17:20.249+0200] {taskinstance.py:3134} INFO - Exporting env vars: AIRFLOW_CTX_DAG_OWNER='autoquery' AIRFLOW_CTX_DAG_ID='mini_riskagent_file_ingestion' AIRFLOW_CTX_TASK_ID='wait_for_csv' AIRFLOW_CTX_EXECUTION_DATE='2026-09-05T18:11:00+00:00' AIRFLOW_CTX_TRY_NUMBER='1' AIRFLOW_CTX_DAG_RUN_ID='scheduled__2026-09-05T18:11:00+00:00'
[2026-09-05T20:17:20.250+0200] {logging_mixin.py:190} INFO - Task instance is in running state
[2026-09-05T20:17:20.250+0200] {logging_mixin.py:190} INFO -  Previous state of the Task instance: queued
[2026-09-05T20:17:20.250+0200] {logging_mixin.py:190} INFO - Current task name:wait_for_csv state:running start_date:2026-09-05 18:17:20.197760+00:00
[2026-09-05T20:17:20.250+0200] {logging_mixin.py:190} INFO - Dag name:mini_riskagent_file_ingestion and current dag run status:running
[2026-09-05T20:17:20.251+0200] {taskinstance.py:732} INFO - ::endgroup::
[2026-09-05T20:17:20.253+0200] {python.py:75} INFO - Poking callable: <function check_for_csv_files at 0x108fd6b60>
[2026-09-05T20:17:20.258+0200] {taskinstance.py:310} INFO - Rescheduling task, marking task as UP_FOR_RESCHEDULE
[2026-09-05T20:17:20.258+0200] {taskinstance.py:341} INFO - ::group::Post task execution logs
[2026-09-05T20:17:20.264+0200] {local_task_job_runner.py:266} INFO - Task exited with return code 0
[2026-09-05T20:17:20.272+0200] {taskinstance.py:3901} INFO - 0 downstream tasks scheduled from follow-on schedule check
[2026-09-05T20:17:20.272+0200] {local_task_job_runner.py:245} INFO - ::endgroup::
[2026-09-05T20:17:51.862+0200] {local_task_job_runner.py:123} INFO - ::group::Pre task execution logs
[2026-09-05T20:17:51.865+0200] {taskinstance.py:2614} INFO - Dependencies all met for dep_context=non-requeueable deps ti=<TaskInstance: mini_riskagent_file_ingestion.wait_for_csv scheduled__2026-09-05T18:11:00+00:00 [queued]>
[2026-09-05T20:17:51.866+0200] {taskinstance.py:2614} INFO - Dependencies all met for dep_context=requeueable deps ti=<TaskInstance: mini_riskagent_file_ingestion.wait_for_csv scheduled__2026-09-05T18:11:00+00:00 [queued]>
[2026-09-05T20:17:51.867+0200] {taskinstance.py:2867} INFO - Starting attempt 1 of 2
[2026-09-05T20:17:51.870+0200] {taskinstance.py:2890} INFO - Executing <Task(PythonSensor): wait_for_csv> on 2026-09-05 18:11:00+00:00
[2026-09-05T20:17:51.874+0200] {logging_mixin.py:190} WARNING - /Users/swarnalidatta/Desktop/AutoQueryChatbot/.airflow-venv/lib/python3.12/site-packages/airflow/task/task_runner/standard_task_runner.py:70 DeprecationWarning: This process (pid=45352) is multi-threaded, use of fork() may lead to deadlocks in the child.
[2026-09-05T20:17:51.874+0200] {standard_task_runner.py:72} INFO - Started process 45354 to run task
[2026-09-05T20:17:51.874+0200] {standard_task_runner.py:104} INFO - Running: ['airflow', 'tasks', 'run', 'mini_riskagent_file_ingestion', 'wait_for_csv', 'scheduled__2026-09-05T18:11:00+00:00', '--job-id', '2572', '--raw', '--subdir', 'DAGS_FOLDER/data_ingest_pipeline.py', '--cfg-path', '/var/folders/5p/201rr1sj03g8gksxm9x48mbh0000gn/T/tmp2p30n_jr']
[2026-09-05T20:17:51.874+0200] {standard_task_runner.py:105} INFO - Job 2572: Subtask wait_for_csv
[2026-09-05T20:17:51.888+0200] {task_command.py:467} INFO - Running <TaskInstance: mini_riskagent_file_ingestion.wait_for_csv scheduled__2026-09-05T18:11:00+00:00 [running]> on host mac.home
[2026-09-05T20:17:51.904+0200] {taskinstance.py:3134} INFO - Exporting env vars: AIRFLOW_CTX_DAG_OWNER='autoquery' AIRFLOW_CTX_DAG_ID='mini_riskagent_file_ingestion' AIRFLOW_CTX_TASK_ID='wait_for_csv' AIRFLOW_CTX_EXECUTION_DATE='2026-09-05T18:11:00+00:00' AIRFLOW_CTX_TRY_NUMBER='1' AIRFLOW_CTX_DAG_RUN_ID='scheduled__2026-09-05T18:11:00+00:00'
[2026-09-05T20:17:51.905+0200] {logging_mixin.py:190} INFO - Task instance is in running state
[2026-09-05T20:17:51.905+0200] {logging_mixin.py:190} INFO -  Previous state of the Task instance: queued
[2026-09-05T20:17:51.905+0200] {logging_mixin.py:190} INFO - Current task name:wait_for_csv state:running start_date:2026-09-05 18:17:51.865601+00:00
[2026-09-05T20:17:51.905+0200] {logging_mixin.py:190} INFO - Dag name:mini_riskagent_file_ingestion and current dag run status:running
[2026-09-05T20:17:51.905+0200] {taskinstance.py:732} INFO - ::endgroup::
[2026-09-05T20:17:51.907+0200] {python.py:75} INFO - Poking callable: <function check_for_csv_files at 0x108686b60>
[2026-09-05T20:17:51.910+0200] {taskinstance.py:310} INFO - Rescheduling task, marking task as UP_FOR_RESCHEDULE
[2026-09-05T20:17:51.910+0200] {taskinstance.py:341} INFO - ::group::Post task execution logs
[2026-09-05T20:17:51.930+0200] {local_task_job_runner.py:266} INFO - Task exited with return code 0
[2026-09-05T20:17:51.936+0200] {taskinstance.py:3901} INFO - 0 downstream tasks scheduled from follow-on schedule check
[2026-09-05T20:17:51.937+0200] {local_task_job_runner.py:245} INFO - ::endgroup::
[2026-09-05T20:18:23.310+0200] {local_task_job_runner.py:123} INFO - ::group::Pre task execution logs
[2026-09-05T20:18:23.313+0200] {taskinstance.py:2614} INFO - Dependencies all met for dep_context=non-requeueable deps ti=<TaskInstance: mini_riskagent_file_ingestion.wait_for_csv scheduled__2026-09-05T18:11:00+00:00 [queued]>
[2026-09-05T20:18:23.314+0200] {taskinstance.py:2614} INFO - Dependencies all met for dep_context=requeueable deps ti=<TaskInstance: mini_riskagent_file_ingestion.wait_for_csv scheduled__2026-09-05T18:11:00+00:00 [queued]>
[2026-09-05T20:18:23.314+0200] {taskinstance.py:2867} INFO - Starting attempt 1 of 2
[2026-09-05T20:18:23.318+0200] {taskinstance.py:2890} INFO - Executing <Task(PythonSensor): wait_for_csv> on 2026-09-05 18:11:00+00:00
[2026-09-05T20:18:23.322+0200] {logging_mixin.py:190} WARNING - /Users/swarnalidatta/Desktop/AutoQueryChatbot/.airflow-venv/lib/python3.12/site-packages/airflow/task/task_runner/standard_task_runner.py:70 DeprecationWarning: This process (pid=45453) is multi-threaded, use of fork() may lead to deadlocks in the child.
[2026-09-05T20:18:23.322+0200] {standard_task_runner.py:104} INFO - Running: ['airflow', 'tasks', 'run', 'mini_riskagent_file_ingestion', 'wait_for_csv', 'scheduled__2026-09-05T18:11:00+00:00', '--job-id', '2585', '--raw', '--subdir', 'DAGS_FOLDER/data_ingest_pipeline.py', '--cfg-path', '/var/folders/5p/201rr1sj03g8gksxm9x48mbh0000gn/T/tmpj8b37y98']
[2026-09-05T20:18:23.323+0200] {standard_task_runner.py:72} INFO - Started process 45455 to run task
[2026-09-05T20:18:23.323+0200] {standard_task_runner.py:105} INFO - Job 2585: Subtask wait_for_csv
[2026-09-05T20:18:23.337+0200] {task_command.py:467} INFO - Running <TaskInstance: mini_riskagent_file_ingestion.wait_for_csv scheduled__2026-09-05T18:11:00+00:00 [running]> on host mac.home
[2026-09-05T20:18:23.353+0200] {taskinstance.py:3134} INFO - Exporting env vars: AIRFLOW_CTX_DAG_OWNER='autoquery' AIRFLOW_CTX_DAG_ID='mini_riskagent_file_ingestion' AIRFLOW_CTX_TASK_ID='wait_for_csv' AIRFLOW_CTX_EXECUTION_DATE='2026-09-05T18:11:00+00:00' AIRFLOW_CTX_TRY_NUMBER='1' AIRFLOW_CTX_DAG_RUN_ID='scheduled__2026-09-05T18:11:00+00:00'
[2026-09-05T20:18:23.353+0200] {logging_mixin.py:190} INFO - Task instance is in running state
[2026-09-05T20:18:23.354+0200] {logging_mixin.py:190} INFO -  Previous state of the Task instance: queued
[2026-09-05T20:18:23.354+0200] {logging_mixin.py:190} INFO - Current task name:wait_for_csv state:running start_date:2026-09-05 18:18:23.313547+00:00
[2026-09-05T20:18:23.354+0200] {logging_mixin.py:190} INFO - Dag name:mini_riskagent_file_ingestion and current dag run status:running
[2026-09-05T20:18:23.354+0200] {taskinstance.py:732} INFO - ::endgroup::
[2026-09-05T20:18:23.356+0200] {python.py:75} INFO - Poking callable: <function check_for_csv_files at 0x10b2b2b60>
[2026-09-05T20:18:23.359+0200] {taskinstance.py:310} INFO - Rescheduling task, marking task as UP_FOR_RESCHEDULE
[2026-09-05T20:18:23.359+0200] {taskinstance.py:341} INFO - ::group::Post task execution logs
[2026-09-05T20:18:23.378+0200] {local_task_job_runner.py:266} INFO - Task exited with return code 0
[2026-09-05T20:18:23.385+0200] {taskinstance.py:3901} INFO - 0 downstream tasks scheduled from follow-on schedule check
[2026-09-05T20:18:23.385+0200] {local_task_job_runner.py:245} INFO - ::endgroup::
[2026-09-05T20:18:54.899+0200] {local_task_job_runner.py:123} INFO - ::group::Pre task execution logs
[2026-09-05T20:18:54.902+0200] {taskinstance.py:2614} INFO - Dependencies all met for dep_context=non-requeueable deps ti=<TaskInstance: mini_riskagent_file_ingestion.wait_for_csv scheduled__2026-09-05T18:11:00+00:00 [queued]>
[2026-09-05T20:18:54.903+0200] {taskinstance.py:2614} INFO - Dependencies all met for dep_context=requeueable deps ti=<TaskInstance: mini_riskagent_file_ingestion.wait_for_csv scheduled__2026-09-05T18:11:00+00:00 [queued]>
[2026-09-05T20:18:54.903+0200] {taskinstance.py:2867} INFO - Starting attempt 1 of 2
[2026-09-05T20:18:54.907+0200] {taskinstance.py:2890} INFO - Executing <Task(PythonSensor): wait_for_csv> on 2026-09-05 18:11:00+00:00
[2026-09-05T20:18:54.911+0200] {logging_mixin.py:190} WARNING - /Users/swarnalidatta/Desktop/AutoQueryChatbot/.airflow-venv/lib/python3.12/site-packages/airflow/task/task_runner/standard_task_runner.py:70 DeprecationWarning: This process (pid=45556) is multi-threaded, use of fork() may lead to deadlocks in the child.
[2026-09-05T20:18:54.912+0200] {standard_task_runner.py:72} INFO - Started process 45562 to run task
[2026-09-05T20:18:54.911+0200] {standard_task_runner.py:104} INFO - Running: ['airflow', 'tasks', 'run', 'mini_riskagent_file_ingestion', 'wait_for_csv', 'scheduled__2026-09-05T18:11:00+00:00', '--job-id', '2598', '--raw', '--subdir', 'DAGS_FOLDER/data_ingest_pipeline.py', '--cfg-path', '/var/folders/5p/201rr1sj03g8gksxm9x48mbh0000gn/T/tmp_4wf0btv']
[2026-09-05T20:18:54.912+0200] {standard_task_runner.py:105} INFO - Job 2598: Subtask wait_for_csv
[2026-09-05T20:18:54.925+0200] {task_command.py:467} INFO - Running <TaskInstance: mini_riskagent_file_ingestion.wait_for_csv scheduled__2026-09-05T18:11:00+00:00 [running]> on host mac.home
[2026-09-05T20:18:54.942+0200] {taskinstance.py:3134} INFO - Exporting env vars: AIRFLOW_CTX_DAG_OWNER='autoquery' AIRFLOW_CTX_DAG_ID='mini_riskagent_file_ingestion' AIRFLOW_CTX_TASK_ID='wait_for_csv' AIRFLOW_CTX_EXECUTION_DATE='2026-09-05T18:11:00+00:00' AIRFLOW_CTX_TRY_NUMBER='1' AIRFLOW_CTX_DAG_RUN_ID='scheduled__2026-09-05T18:11:00+00:00'
[2026-09-05T20:18:54.943+0200] {logging_mixin.py:190} INFO - Task instance is in running state
[2026-09-05T20:18:54.943+0200] {logging_mixin.py:190} INFO -  Previous state of the Task instance: queued
[2026-09-05T20:18:54.943+0200] {logging_mixin.py:190} INFO - Current task name:wait_for_csv state:running start_date:2026-09-05 18:18:54.902586+00:00
[2026-09-05T20:18:54.943+0200] {logging_mixin.py:190} INFO - Dag name:mini_riskagent_file_ingestion and current dag run status:running
[2026-09-05T20:18:54.943+0200] {taskinstance.py:732} INFO - ::endgroup::
[2026-09-05T20:18:54.945+0200] {python.py:75} INFO - Poking callable: <function check_for_csv_files at 0x10cba2b60>
[2026-09-05T20:18:54.948+0200] {taskinstance.py:310} INFO - Rescheduling task, marking task as UP_FOR_RESCHEDULE
[2026-09-05T20:18:54.948+0200] {taskinstance.py:341} INFO - ::group::Post task execution logs
[2026-09-05T20:18:54.967+0200] {local_task_job_runner.py:266} INFO - Task exited with return code 0
[2026-09-05T20:18:54.974+0200] {taskinstance.py:3901} INFO - 0 downstream tasks scheduled from follow-on schedule check
[2026-09-05T20:18:54.974+0200] {local_task_job_runner.py:245} INFO - ::endgroup::
[2026-09-05T20:19:26.284+0200] {local_task_job_runner.py:123} INFO - ::group::Pre task execution logs
[2026-09-05T20:19:26.286+0200] {taskinstance.py:2614} INFO - Dependencies all met for dep_context=non-requeueable deps ti=<TaskInstance: mini_riskagent_file_ingestion.wait_for_csv scheduled__2026-09-05T18:11:00+00:00 [queued]>
[2026-09-05T20:19:26.288+0200] {taskinstance.py:2614} INFO - Dependencies all met for dep_context=requeueable deps ti=<TaskInstance: mini_riskagent_file_ingestion.wait_for_csv scheduled__2026-09-05T18:11:00+00:00 [queued]>
[2026-09-05T20:19:26.288+0200] {taskinstance.py:2867} INFO - Starting attempt 1 of 2
[2026-09-05T20:19:26.291+0200] {taskinstance.py:2890} INFO - Executing <Task(PythonSensor): wait_for_csv> on 2026-09-05 18:11:00+00:00
[2026-09-05T20:19:26.295+0200] {logging_mixin.py:190} WARNING - /Users/swarnalidatta/Desktop/AutoQueryChatbot/.airflow-venv/lib/python3.12/site-packages/airflow/task/task_runner/standard_task_runner.py:70 DeprecationWarning: This process (pid=45667) is multi-threaded, use of fork() may lead to deadlocks in the child.
[2026-09-05T20:19:26.295+0200] {standard_task_runner.py:104} INFO - Running: ['airflow', 'tasks', 'run', 'mini_riskagent_file_ingestion', 'wait_for_csv', 'scheduled__2026-09-05T18:11:00+00:00', '--job-id', '2612', '--raw', '--subdir', 'DAGS_FOLDER/data_ingest_pipeline.py', '--cfg-path', '/var/folders/5p/201rr1sj03g8gksxm9x48mbh0000gn/T/tmp21o7d3nn']
[2026-09-05T20:19:26.296+0200] {standard_task_runner.py:72} INFO - Started process 45669 to run task
[2026-09-05T20:19:26.296+0200] {standard_task_runner.py:105} INFO - Job 2612: Subtask wait_for_csv
[2026-09-05T20:19:26.310+0200] {task_command.py:467} INFO - Running <TaskInstance: mini_riskagent_file_ingestion.wait_for_csv scheduled__2026-09-05T18:11:00+00:00 [running]> on host mac.home
[2026-09-05T20:19:26.328+0200] {taskinstance.py:3134} INFO - Exporting env vars: AIRFLOW_CTX_DAG_OWNER='autoquery' AIRFLOW_CTX_DAG_ID='mini_riskagent_file_ingestion' AIRFLOW_CTX_TASK_ID='wait_for_csv' AIRFLOW_CTX_EXECUTION_DATE='2026-09-05T18:11:00+00:00' AIRFLOW_CTX_TRY_NUMBER='1' AIRFLOW_CTX_DAG_RUN_ID='scheduled__2026-09-05T18:11:00+00:00'
[2026-09-05T20:19:26.328+0200] {logging_mixin.py:190} INFO - Task instance is in running state
[2026-09-05T20:19:26.328+0200] {logging_mixin.py:190} INFO -  Previous state of the Task instance: queued
[2026-09-05T20:19:26.329+0200] {logging_mixin.py:190} INFO - Current task name:wait_for_csv state:running start_date:2026-09-05 18:19:26.286862+00:00
[2026-09-05T20:19:26.329+0200] {logging_mixin.py:190} INFO - Dag name:mini_riskagent_file_ingestion and current dag run status:running
[2026-09-05T20:19:26.329+0200] {taskinstance.py:732} INFO - ::endgroup::
[2026-09-05T20:19:26.330+0200] {python.py:75} INFO - Poking callable: <function check_for_csv_files at 0x10c5ceb60>
[2026-09-05T20:19:26.334+0200] {taskinstance.py:310} INFO - Rescheduling task, marking task as UP_FOR_RESCHEDULE
[2026-09-05T20:19:26.334+0200] {taskinstance.py:341} INFO - ::group::Post task execution logs
[2026-09-05T20:19:26.352+0200] {local_task_job_runner.py:266} INFO - Task exited with return code 0
[2026-09-05T20:19:26.358+0200] {taskinstance.py:3901} INFO - 0 downstream tasks scheduled from follow-on schedule check
[2026-09-05T20:19:26.359+0200] {local_task_job_runner.py:245} INFO - ::endgroup::
[2026-09-05T20:19:58.744+0200] {local_task_job_runner.py:123} INFO - ::group::Pre task execution logs
[2026-09-05T20:19:58.746+0200] {taskinstance.py:2614} INFO - Dependencies all met for dep_context=non-requeueable deps ti=<TaskInstance: mini_riskagent_file_ingestion.wait_for_csv scheduled__2026-09-05T18:11:00+00:00 [queued]>
[2026-09-05T20:19:58.748+0200] {taskinstance.py:2614} INFO - Dependencies all met for dep_context=requeueable deps ti=<TaskInstance: mini_riskagent_file_ingestion.wait_for_csv scheduled__2026-09-05T18:11:00+00:00 [queued]>
[2026-09-05T20:19:58.748+0200] {taskinstance.py:2867} INFO - Starting attempt 1 of 2
[2026-09-05T20:19:58.751+0200] {taskinstance.py:2890} INFO - Executing <Task(PythonSensor): wait_for_csv> on 2026-09-05 18:11:00+00:00
[2026-09-05T20:19:58.756+0200] {logging_mixin.py:190} WARNING - /Users/swarnalidatta/Desktop/AutoQueryChatbot/.airflow-venv/lib/python3.12/site-packages/airflow/task/task_runner/standard_task_runner.py:70 DeprecationWarning: This process (pid=45781) is multi-threaded, use of fork() may lead to deadlocks in the child.
[2026-09-05T20:19:58.756+0200] {standard_task_runner.py:72} INFO - Started process 45789 to run task
[2026-09-05T20:19:58.755+0200] {standard_task_runner.py:104} INFO - Running: ['airflow', 'tasks', 'run', 'mini_riskagent_file_ingestion', 'wait_for_csv', 'scheduled__2026-09-05T18:11:00+00:00', '--job-id', '2626', '--raw', '--subdir', 'DAGS_FOLDER/data_ingest_pipeline.py', '--cfg-path', '/var/folders/5p/201rr1sj03g8gksxm9x48mbh0000gn/T/tmpgukrzyx7']
[2026-09-05T20:19:58.756+0200] {standard_task_runner.py:105} INFO - Job 2626: Subtask wait_for_csv
[2026-09-05T20:19:58.770+0200] {task_command.py:467} INFO - Running <TaskInstance: mini_riskagent_file_ingestion.wait_for_csv scheduled__2026-09-05T18:11:00+00:00 [running]> on host mac.home
[2026-09-05T20:19:58.788+0200] {taskinstance.py:3134} INFO - Exporting env vars: AIRFLOW_CTX_DAG_OWNER='autoquery' AIRFLOW_CTX_DAG_ID='mini_riskagent_file_ingestion' AIRFLOW_CTX_TASK_ID='wait_for_csv' AIRFLOW_CTX_EXECUTION_DATE='2026-09-05T18:11:00+00:00' AIRFLOW_CTX_TRY_NUMBER='1' AIRFLOW_CTX_DAG_RUN_ID='scheduled__2026-09-05T18:11:00+00:00'
[2026-09-05T20:19:58.789+0200] {logging_mixin.py:190} INFO - Task instance is in running state
[2026-09-05T20:19:58.789+0200] {logging_mixin.py:190} INFO -  Previous state of the Task instance: queued
[2026-09-05T20:19:58.789+0200] {logging_mixin.py:190} INFO - Current task name:wait_for_csv state:running start_date:2026-09-05 18:19:58.746948+00:00
[2026-09-05T20:19:58.789+0200] {logging_mixin.py:190} INFO - Dag name:mini_riskagent_file_ingestion and current dag run status:running
[2026-09-05T20:19:58.789+0200] {taskinstance.py:732} INFO - ::endgroup::
[2026-09-05T20:19:58.791+0200] {python.py:75} INFO - Poking callable: <function check_for_csv_files at 0x112126b60>
[2026-09-05T20:19:58.794+0200] {taskinstance.py:310} INFO - Rescheduling task, marking task as UP_FOR_RESCHEDULE
[2026-09-05T20:19:58.794+0200] {taskinstance.py:341} INFO - ::group::Post task execution logs
[2026-09-05T20:19:58.812+0200] {local_task_job_runner.py:266} INFO - Task exited with return code 0
[2026-09-05T20:19:58.818+0200] {taskinstance.py:3901} INFO - 0 downstream tasks scheduled from follow-on schedule check
[2026-09-05T20:19:58.818+0200] {local_task_job_runner.py:245} INFO - ::endgroup::
[2026-09-05T20:20:31.495+0200] {local_task_job_runner.py:123} INFO - ::group::Pre task execution logs
[2026-09-05T20:20:31.498+0200] {taskinstance.py:2614} INFO - Dependencies all met for dep_context=non-requeueable deps ti=<TaskInstance: mini_riskagent_file_ingestion.wait_for_csv scheduled__2026-09-05T18:11:00+00:00 [queued]>
[2026-09-05T20:20:31.500+0200] {taskinstance.py:2614} INFO - Dependencies all met for dep_context=requeueable deps ti=<TaskInstance: mini_riskagent_file_ingestion.wait_for_csv scheduled__2026-09-05T18:11:00+00:00 [queued]>
[2026-09-05T20:20:31.500+0200] {taskinstance.py:2867} INFO - Starting attempt 1 of 2
[2026-09-05T20:20:31.503+0200] {taskinstance.py:2890} INFO - Executing <Task(PythonSensor): wait_for_csv> on 2026-09-05 18:11:00+00:00
[2026-09-05T20:20:31.508+0200] {logging_mixin.py:190} WARNING - /Users/swarnalidatta/Desktop/AutoQueryChatbot/.airflow-venv/lib/python3.12/site-packages/airflow/task/task_runner/standard_task_runner.py:70 DeprecationWarning: This process (pid=45892) is multi-threaded, use of fork() may lead to deadlocks in the child.
[2026-09-05T20:20:31.508+0200] {standard_task_runner.py:72} INFO - Started process 45898 to run task
[2026-09-05T20:20:31.507+0200] {standard_task_runner.py:104} INFO - Running: ['airflow', 'tasks', 'run', 'mini_riskagent_file_ingestion', 'wait_for_csv', 'scheduled__2026-09-05T18:11:00+00:00', '--job-id', '2641', '--raw', '--subdir', 'DAGS_FOLDER/data_ingest_pipeline.py', '--cfg-path', '/var/folders/5p/201rr1sj03g8gksxm9x48mbh0000gn/T/tmpko2zf0gj']
[2026-09-05T20:20:31.508+0200] {standard_task_runner.py:105} INFO - Job 2641: Subtask wait_for_csv
[2026-09-05T20:20:31.522+0200] {task_command.py:467} INFO - Running <TaskInstance: mini_riskagent_file_ingestion.wait_for_csv scheduled__2026-09-05T18:11:00+00:00 [running]> on host mac.home
[2026-09-05T20:20:31.538+0200] {taskinstance.py:3134} INFO - Exporting env vars: AIRFLOW_CTX_DAG_OWNER='autoquery' AIRFLOW_CTX_DAG_ID='mini_riskagent_file_ingestion' AIRFLOW_CTX_TASK_ID='wait_for_csv' AIRFLOW_CTX_EXECUTION_DATE='2026-09-05T18:11:00+00:00' AIRFLOW_CTX_TRY_NUMBER='1' AIRFLOW_CTX_DAG_RUN_ID='scheduled__2026-09-05T18:11:00+00:00'
[2026-09-05T20:20:31.538+0200] {logging_mixin.py:190} INFO - Task instance is in running state
[2026-09-05T20:20:31.539+0200] {logging_mixin.py:190} INFO -  Previous state of the Task instance: queued
[2026-09-05T20:20:31.539+0200] {logging_mixin.py:190} INFO - Current task name:wait_for_csv state:running start_date:2026-09-05 18:20:31.498679+00:00
[2026-09-05T20:20:31.539+0200] {logging_mixin.py:190} INFO - Dag name:mini_riskagent_file_ingestion and current dag run status:running
[2026-09-05T20:20:31.539+0200] {taskinstance.py:732} INFO - ::endgroup::
[2026-09-05T20:20:31.541+0200] {python.py:75} INFO - Poking callable: <function check_for_csv_files at 0x10d3f2b60>
[2026-09-05T20:20:31.544+0200] {taskinstance.py:310} INFO - Rescheduling task, marking task as UP_FOR_RESCHEDULE
[2026-09-05T20:20:31.544+0200] {taskinstance.py:341} INFO - ::group::Post task execution logs
[2026-09-05T20:20:31.564+0200] {local_task_job_runner.py:266} INFO - Task exited with return code 0
[2026-09-05T20:20:31.570+0200] {taskinstance.py:3901} INFO - 0 downstream tasks scheduled from follow-on schedule check
[2026-09-05T20:20:31.570+0200] {local_task_job_runner.py:245} INFO - ::endgroup::
[2026-09-05T20:21:03.817+0200] {local_task_job_runner.py:123} INFO - ::group::Pre task execution logs
[2026-09-05T20:21:03.820+0200] {taskinstance.py:2614} INFO - Dependencies all met for dep_context=non-requeueable deps ti=<TaskInstance: mini_riskagent_file_ingestion.wait_for_csv scheduled__2026-09-05T18:11:00+00:00 [queued]>
[2026-09-05T20:21:03.822+0200] {taskinstance.py:2614} INFO - Dependencies all met for dep_context=requeueable deps ti=<TaskInstance: mini_riskagent_file_ingestion.wait_for_csv scheduled__2026-09-05T18:11:00+00:00 [queued]>
[2026-09-05T20:21:03.822+0200] {taskinstance.py:2867} INFO - Starting attempt 1 of 2
[2026-09-05T20:21:03.825+0200] {taskinstance.py:2890} INFO - Executing <Task(PythonSensor): wait_for_csv> on 2026-09-05 18:11:00+00:00
[2026-09-05T20:21:03.829+0200] {logging_mixin.py:190} WARNING - /Users/swarnalidatta/Desktop/AutoQueryChatbot/.airflow-venv/lib/python3.12/site-packages/airflow/task/task_runner/standard_task_runner.py:70 DeprecationWarning: This process (pid=46007) is multi-threaded, use of fork() may lead to deadlocks in the child.
[2026-09-05T20:21:03.830+0200] {standard_task_runner.py:72} INFO - Started process 46009 to run task
[2026-09-05T20:21:03.829+0200] {standard_task_runner.py:104} INFO - Running: ['airflow', 'tasks', 'run', 'mini_riskagent_file_ingestion', 'wait_for_csv', 'scheduled__2026-09-05T18:11:00+00:00', '--job-id', '2656', '--raw', '--subdir', 'DAGS_FOLDER/data_ingest_pipeline.py', '--cfg-path', '/var/folders/5p/201rr1sj03g8gksxm9x48mbh0000gn/T/tmpq572ow8h']
[2026-09-05T20:21:03.830+0200] {standard_task_runner.py:105} INFO - Job 2656: Subtask wait_for_csv
[2026-09-05T20:21:03.844+0200] {task_command.py:467} INFO - Running <TaskInstance: mini_riskagent_file_ingestion.wait_for_csv scheduled__2026-09-05T18:11:00+00:00 [running]> on host mac.home
[2026-09-05T20:21:03.861+0200] {taskinstance.py:3134} INFO - Exporting env vars: AIRFLOW_CTX_DAG_OWNER='autoquery' AIRFLOW_CTX_DAG_ID='mini_riskagent_file_ingestion' AIRFLOW_CTX_TASK_ID='wait_for_csv' AIRFLOW_CTX_EXECUTION_DATE='2026-09-05T18:11:00+00:00' AIRFLOW_CTX_TRY_NUMBER='1' AIRFLOW_CTX_DAG_RUN_ID='scheduled__2026-09-05T18:11:00+00:00'
[2026-09-05T20:21:03.861+0200] {logging_mixin.py:190} INFO - Task instance is in running state
[2026-09-05T20:21:03.861+0200] {logging_mixin.py:190} INFO -  Previous state of the Task instance: queued
[2026-09-05T20:21:03.862+0200] {logging_mixin.py:190} INFO - Current task name:wait_for_csv state:running start_date:2026-09-05 18:21:03.820629+00:00
[2026-09-05T20:21:03.862+0200] {logging_mixin.py:190} INFO - Dag name:mini_riskagent_file_ingestion and current dag run status:running
[2026-09-05T20:21:03.862+0200] {taskinstance.py:732} INFO - ::endgroup::
[2026-09-05T20:21:03.863+0200] {python.py:75} INFO - Poking callable: <function check_for_csv_files at 0x10ed12b60>
[2026-09-05T20:21:03.867+0200] {taskinstance.py:310} INFO - Rescheduling task, marking task as UP_FOR_RESCHEDULE
[2026-09-05T20:21:03.867+0200] {taskinstance.py:341} INFO - ::group::Post task execution logs
[2026-09-05T20:21:03.885+0200] {local_task_job_runner.py:266} INFO - Task exited with return code 0
[2026-09-05T20:21:03.892+0200] {taskinstance.py:3901} INFO - 0 downstream tasks scheduled from follow-on schedule check
[2026-09-05T20:21:03.892+0200] {local_task_job_runner.py:245} INFO - ::endgroup::
[2026-09-05T20:21:35.260+0200] {local_task_job_runner.py:123} INFO - ::group::Pre task execution logs
[2026-09-05T20:21:35.263+0200] {taskinstance.py:2614} INFO - Dependencies all met for dep_context=non-requeueable deps ti=<TaskInstance: mini_riskagent_file_ingestion.wait_for_csv scheduled__2026-09-05T18:11:00+00:00 [queued]>
[2026-09-05T20:21:35.264+0200] {taskinstance.py:2614} INFO - Dependencies all met for dep_context=requeueable deps ti=<TaskInstance: mini_riskagent_file_ingestion.wait_for_csv scheduled__2026-09-05T18:11:00+00:00 [queued]>
[2026-09-05T20:21:35.264+0200] {taskinstance.py:2867} INFO - Starting attempt 1 of 2
[2026-09-05T20:21:35.267+0200] {taskinstance.py:2890} INFO - Executing <Task(PythonSensor): wait_for_csv> on 2026-09-05 18:11:00+00:00
[2026-09-05T20:21:35.271+0200] {logging_mixin.py:190} WARNING - /Users/swarnalidatta/Desktop/AutoQueryChatbot/.airflow-venv/lib/python3.12/site-packages/airflow/task/task_runner/standard_task_runner.py:70 DeprecationWarning: This process (pid=46112) is multi-threaded, use of fork() may lead to deadlocks in the child.
[2026-09-05T20:21:35.272+0200] {standard_task_runner.py:72} INFO - Started process 46114 to run task
[2026-09-05T20:21:35.271+0200] {standard_task_runner.py:104} INFO - Running: ['airflow', 'tasks', 'run', 'mini_riskagent_file_ingestion', 'wait_for_csv', 'scheduled__2026-09-05T18:11:00+00:00', '--job-id', '2672', '--raw', '--subdir', 'DAGS_FOLDER/data_ingest_pipeline.py', '--cfg-path', '/var/folders/5p/201rr1sj03g8gksxm9x48mbh0000gn/T/tmpju9nv0d9']
[2026-09-05T20:21:35.272+0200] {standard_task_runner.py:105} INFO - Job 2672: Subtask wait_for_csv
[2026-09-05T20:21:35.286+0200] {task_command.py:467} INFO - Running <TaskInstance: mini_riskagent_file_ingestion.wait_for_csv scheduled__2026-09-05T18:11:00+00:00 [running]> on host mac.home
[2026-09-05T20:21:35.302+0200] {taskinstance.py:3134} INFO - Exporting env vars: AIRFLOW_CTX_DAG_OWNER='autoquery' AIRFLOW_CTX_DAG_ID='mini_riskagent_file_ingestion' AIRFLOW_CTX_TASK_ID='wait_for_csv' AIRFLOW_CTX_EXECUTION_DATE='2026-09-05T18:11:00+00:00' AIRFLOW_CTX_TRY_NUMBER='1' AIRFLOW_CTX_DAG_RUN_ID='scheduled__2026-09-05T18:11:00+00:00'
[2026-09-05T20:21:35.302+0200] {logging_mixin.py:190} INFO - Task instance is in running state
[2026-09-05T20:21:35.302+0200] {logging_mixin.py:190} INFO -  Previous state of the Task instance: queued
[2026-09-05T20:21:35.303+0200] {logging_mixin.py:190} INFO - Current task name:wait_for_csv state:running start_date:2026-09-05 18:21:35.263086+00:00
[2026-09-05T20:21:35.303+0200] {logging_mixin.py:190} INFO - Dag name:mini_riskagent_file_ingestion and current dag run status:running
[2026-09-05T20:21:35.303+0200] {taskinstance.py:732} INFO - ::endgroup::
[2026-09-05T20:21:35.304+0200] {python.py:75} INFO - Poking callable: <function check_for_csv_files at 0x110c96b60>
[2026-09-05T20:21:35.308+0200] {taskinstance.py:310} INFO - Rescheduling task, marking task as UP_FOR_RESCHEDULE
[2026-09-05T20:21:35.308+0200] {taskinstance.py:341} INFO - ::group::Post task execution logs
[2026-09-05T20:21:35.327+0200] {local_task_job_runner.py:266} INFO - Task exited with return code 0
[2026-09-05T20:21:35.334+0200] {taskinstance.py:3901} INFO - 0 downstream tasks scheduled from follow-on schedule check
[2026-09-05T20:21:35.334+0200] {local_task_job_runner.py:245} INFO - ::endgroup::
[2026-09-05T20:22:12.546+0200] {local_task_job_runner.py:123} INFO - ::group::Pre task execution logs
[2026-09-05T20:22:12.549+0200] {taskinstance.py:2614} INFO - Dependencies all met for dep_context=non-requeueable deps ti=<TaskInstance: mini_riskagent_file_ingestion.wait_for_csv scheduled__2026-09-05T18:11:00+00:00 [queued]>
[2026-09-05T20:22:12.550+0200] {taskinstance.py:2614} INFO - Dependencies all met for dep_context=requeueable deps ti=<TaskInstance: mini_riskagent_file_ingestion.wait_for_csv scheduled__2026-09-05T18:11:00+00:00 [queued]>
[2026-09-05T20:22:12.550+0200] {taskinstance.py:2867} INFO - Starting attempt 1 of 2
[2026-09-05T20:22:12.553+0200] {taskinstance.py:2890} INFO - Executing <Task(PythonSensor): wait_for_csv> on 2026-09-05 18:11:00+00:00
[2026-09-05T20:22:12.558+0200] {logging_mixin.py:190} WARNING - /Users/swarnalidatta/Desktop/AutoQueryChatbot/.airflow-venv/lib/python3.12/site-packages/airflow/task/task_runner/standard_task_runner.py:70 DeprecationWarning: This process (pid=46239) is multi-threaded, use of fork() may lead to deadlocks in the child.
[2026-09-05T20:22:12.558+0200] {standard_task_runner.py:72} INFO - Started process 46245 to run task
[2026-09-05T20:22:12.558+0200] {standard_task_runner.py:104} INFO - Running: ['airflow', 'tasks', 'run', 'mini_riskagent_file_ingestion', 'wait_for_csv', 'scheduled__2026-09-05T18:11:00+00:00', '--job-id', '2695', '--raw', '--subdir', 'DAGS_FOLDER/data_ingest_pipeline.py', '--cfg-path', '/var/folders/5p/201rr1sj03g8gksxm9x48mbh0000gn/T/tmpecnhsu0l']
[2026-09-05T20:22:12.558+0200] {standard_task_runner.py:105} INFO - Job 2695: Subtask wait_for_csv
[2026-09-05T20:22:12.573+0200] {task_command.py:467} INFO - Running <TaskInstance: mini_riskagent_file_ingestion.wait_for_csv scheduled__2026-09-05T18:11:00+00:00 [running]> on host mac.home
[2026-09-05T20:22:12.589+0200] {taskinstance.py:3134} INFO - Exporting env vars: AIRFLOW_CTX_DAG_OWNER='autoquery' AIRFLOW_CTX_DAG_ID='mini_riskagent_file_ingestion' AIRFLOW_CTX_TASK_ID='wait_for_csv' AIRFLOW_CTX_EXECUTION_DATE='2026-09-05T18:11:00+00:00' AIRFLOW_CTX_TRY_NUMBER='1' AIRFLOW_CTX_DAG_RUN_ID='scheduled__2026-09-05T18:11:00+00:00'
[2026-09-05T20:22:12.589+0200] {logging_mixin.py:190} INFO - Task instance is in running state
[2026-09-05T20:22:12.590+0200] {logging_mixin.py:190} INFO -  Previous state of the Task instance: queued
[2026-09-05T20:22:12.590+0200] {logging_mixin.py:190} INFO - Current task name:wait_for_csv state:running start_date:2026-09-05 18:22:12.549487+00:00
[2026-09-05T20:22:12.590+0200] {logging_mixin.py:190} INFO - Dag name:mini_riskagent_file_ingestion and current dag run status:running
[2026-09-05T20:22:12.590+0200] {taskinstance.py:732} INFO - ::endgroup::
[2026-09-05T20:22:12.591+0200] {python.py:75} INFO - Poking callable: <function check_for_csv_files at 0x150d12b60>
[2026-09-05T20:22:12.592+0200] {base.py:339} INFO - Success criteria met. Exiting.
[2026-09-05T20:22:12.593+0200] {taskinstance.py:341} INFO - ::group::Post task execution logs
[2026-09-05T20:22:12.594+0200] {taskinstance.py:353} INFO - Marking task as SUCCESS. dag_id=mini_riskagent_file_ingestion, task_id=wait_for_csv, run_id=scheduled__2026-09-05T18:11:00+00:00, execution_date=20260905T181100, start_date=20260905T182212, end_date=20260905T182212
[2026-09-05T20:22:12.597+0200] {logging_mixin.py:190} INFO - Task instance in success state
[2026-09-05T20:22:12.597+0200] {logging_mixin.py:190} INFO -  Previous state of the Task instance: running
[2026-09-05T20:22:12.597+0200] {logging_mixin.py:190} INFO - Dag name:mini_riskagent_file_ingestion queued_at:2026-09-05 18:12:02.722061+00:00
[2026-09-05T20:22:12.597+0200] {logging_mixin.py:190} INFO - Task hostname:mac.home operator:PythonSensor
[2026-09-05T20:22:12.614+0200] {local_task_job_runner.py:266} INFO - Task exited with return code 0
[2026-09-05T20:22:12.622+0200] {taskinstance.py:3901} INFO - 1 downstream tasks scheduled from follow-on schedule check
[2026-09-05T20:22:12.622+0200] {local_task_job_runner.py:245} INFO - ::endgroup::
