[2026-09-18T05:30:06.300+0200] {local_task_job_runner.py:123} INFO - ::group::Pre task execution logs
[2026-09-18T05:30:06.302+0200] {taskinstance.py:2614} INFO - Dependencies all met for dep_context=non-requeueable deps ti=<TaskInstance: mini_riskagent_file_ingestion.wait_for_csv scheduled__2026-09-18T03:13:00+00:00 [queued]>
[2026-09-18T05:30:06.304+0200] {taskinstance.py:2614} INFO - Dependencies all met for dep_context=requeueable deps ti=<TaskInstance: mini_riskagent_file_ingestion.wait_for_csv scheduled__2026-09-18T03:13:00+00:00 [queued]>
[2026-09-18T05:30:06.304+0200] {taskinstance.py:2867} INFO - Starting attempt 1 of 2
[2026-09-18T05:30:06.306+0200] {taskinstance.py:2890} INFO - Executing <Task(PythonSensor): wait_for_csv> on 2026-09-18 03:13:00+00:00
[2026-09-18T05:30:06.311+0200] {logging_mixin.py:190} WARNING - /Users/swarnalidatta/Desktop/AutoQueryChatbot/.airflow-venv/lib/python3.12/site-packages/airflow/task/task_runner/standard_task_runner.py:70 DeprecationWarning: This process (pid=1865) is multi-threaded, use of fork() may lead to deadlocks in the child.
[2026-09-18T05:30:06.311+0200] {standard_task_runner.py:72} INFO - Started process 1868 to run task
[2026-09-18T05:30:06.311+0200] {standard_task_runner.py:104} INFO - Running: ['airflow', 'tasks', 'run', 'mini_riskagent_file_ingestion', 'wait_for_csv', 'scheduled__2026-09-18T03:13:00+00:00', '--job-id', '4566', '--raw', '--subdir', 'DAGS_FOLDER/data_ingest_pipeline.py', '--cfg-path', '/var/folders/5p/201rr1sj03g8gksxm9x48mbh0000gn/T/tmpa_rn1y0q']
[2026-09-18T05:30:06.311+0200] {standard_task_runner.py:105} INFO - Job 4566: Subtask wait_for_csv
[2026-09-18T05:30:06.325+0200] {task_command.py:467} INFO - Running <TaskInstance: mini_riskagent_file_ingestion.wait_for_csv scheduled__2026-09-18T03:13:00+00:00 [running]> on host mac.home
[2026-09-18T05:30:06.340+0200] {taskinstance.py:3134} INFO - Exporting env vars: AIRFLOW_CTX_DAG_OWNER='autoquery' AIRFLOW_CTX_DAG_ID='mini_riskagent_file_ingestion' AIRFLOW_CTX_TASK_ID='wait_for_csv' AIRFLOW_CTX_EXECUTION_DATE='2026-09-18T03:13:00+00:00' AIRFLOW_CTX_TRY_NUMBER='1' AIRFLOW_CTX_DAG_RUN_ID='scheduled__2026-09-18T03:13:00+00:00'
[2026-09-18T05:30:06.341+0200] {logging_mixin.py:190} INFO - Task instance is in running state
[2026-09-18T05:30:06.341+0200] {logging_mixin.py:190} INFO -  Previous state of the Task instance: queued
[2026-09-18T05:30:06.341+0200] {logging_mixin.py:190} INFO - Current task name:wait_for_csv state:running start_date:2026-09-18 03:30:06.302756+00:00
[2026-09-18T05:30:06.341+0200] {logging_mixin.py:190} INFO - Dag name:mini_riskagent_file_ingestion and current dag run status:running
[2026-09-18T05:30:06.341+0200] {taskinstance.py:732} INFO - ::endgroup::
[2026-09-18T05:30:06.343+0200] {python.py:75} INFO - Poking callable: <function check_for_csv_files at 0x10c78ab60>
[2026-09-18T05:30:06.346+0200] {taskinstance.py:310} INFO - Rescheduling task, marking task as UP_FOR_RESCHEDULE
[2026-09-18T05:30:06.346+0200] {taskinstance.py:341} INFO - ::group::Post task execution logs
[2026-09-18T05:30:06.370+0200] {local_task_job_runner.py:266} INFO - Task exited with return code 0
[2026-09-18T05:30:06.377+0200] {taskinstance.py:3901} INFO - 0 downstream tasks scheduled from follow-on schedule check
[2026-09-18T05:30:06.377+0200] {local_task_job_runner.py:245} INFO - ::endgroup::
[2026-09-18T05:42:55.799+0200] {local_task_job_runner.py:123} INFO - ::group::Pre task execution logs
[2026-09-18T05:42:55.801+0200] {taskinstance.py:2614} INFO - Dependencies all met for dep_context=non-requeueable deps ti=<TaskInstance: mini_riskagent_file_ingestion.wait_for_csv scheduled__2026-09-18T03:13:00+00:00 [queued]>
[2026-09-18T05:42:55.803+0200] {taskinstance.py:2614} INFO - Dependencies all met for dep_context=requeueable deps ti=<TaskInstance: mini_riskagent_file_ingestion.wait_for_csv scheduled__2026-09-18T03:13:00+00:00 [queued]>
[2026-09-18T05:42:55.803+0200] {taskinstance.py:2867} INFO - Starting attempt 1 of 2
[2026-09-18T05:42:55.806+0200] {taskinstance.py:2890} INFO - Executing <Task(PythonSensor): wait_for_csv> on 2026-09-18 03:13:00+00:00
[2026-09-18T05:42:55.810+0200] {logging_mixin.py:190} WARNING - /Users/swarnalidatta/Desktop/AutoQueryChatbot/.airflow-venv/lib/python3.12/site-packages/airflow/task/task_runner/standard_task_runner.py:70 DeprecationWarning: This process (pid=1882) is multi-threaded, use of fork() may lead to deadlocks in the child.
[2026-09-18T05:42:55.810+0200] {standard_task_runner.py:72} INFO - Started process 1884 to run task
[2026-09-18T05:42:55.810+0200] {standard_task_runner.py:104} INFO - Running: ['airflow', 'tasks', 'run', 'mini_riskagent_file_ingestion', 'wait_for_csv', 'scheduled__2026-09-18T03:13:00+00:00', '--job-id', '4567', '--raw', '--subdir', 'DAGS_FOLDER/data_ingest_pipeline.py', '--cfg-path', '/var/folders/5p/201rr1sj03g8gksxm9x48mbh0000gn/T/tmprsxd9_id']
[2026-09-18T05:42:55.811+0200] {standard_task_runner.py:105} INFO - Job 4567: Subtask wait_for_csv
[2026-09-18T05:42:55.823+0200] {task_command.py:467} INFO - Running <TaskInstance: mini_riskagent_file_ingestion.wait_for_csv scheduled__2026-09-18T03:13:00+00:00 [running]> on host mac.home
[2026-09-18T05:42:55.838+0200] {taskinstance.py:3134} INFO - Exporting env vars: AIRFLOW_CTX_DAG_OWNER='autoquery' AIRFLOW_CTX_DAG_ID='mini_riskagent_file_ingestion' AIRFLOW_CTX_TASK_ID='wait_for_csv' AIRFLOW_CTX_EXECUTION_DATE='2026-09-18T03:13:00+00:00' AIRFLOW_CTX_TRY_NUMBER='1' AIRFLOW_CTX_DAG_RUN_ID='scheduled__2026-09-18T03:13:00+00:00'
[2026-09-18T05:42:55.838+0200] {logging_mixin.py:190} INFO - Task instance is in running state
[2026-09-18T05:42:55.839+0200] {logging_mixin.py:190} INFO -  Previous state of the Task instance: queued
[2026-09-18T05:42:55.839+0200] {logging_mixin.py:190} INFO - Current task name:wait_for_csv state:running start_date:2026-09-18 03:42:55.801844+00:00
[2026-09-18T05:42:55.839+0200] {logging_mixin.py:190} INFO - Dag name:mini_riskagent_file_ingestion and current dag run status:running
[2026-09-18T05:42:55.839+0200] {taskinstance.py:732} INFO - ::endgroup::
[2026-09-18T05:42:55.840+0200] {python.py:75} INFO - Poking callable: <function check_for_csv_files at 0x109052b60>
[2026-09-18T05:42:55.843+0200] {taskinstance.py:310} INFO - Rescheduling task, marking task as UP_FOR_RESCHEDULE
[2026-09-18T05:42:55.844+0200] {taskinstance.py:341} INFO - ::group::Post task execution logs
[2026-09-18T05:42:55.869+0200] {local_task_job_runner.py:266} INFO - Task exited with return code 0
[2026-09-18T05:42:55.876+0200] {taskinstance.py:3901} INFO - 0 downstream tasks scheduled from follow-on schedule check
[2026-09-18T05:42:55.877+0200] {local_task_job_runner.py:245} INFO - ::endgroup::
[2026-09-18T05:58:43.571+0200] {local_task_job_runner.py:123} INFO - ::group::Pre task execution logs
[2026-09-18T05:58:43.574+0200] {taskinstance.py:2614} INFO - Dependencies all met for dep_context=non-requeueable deps ti=<TaskInstance: mini_riskagent_file_ingestion.wait_for_csv scheduled__2026-09-18T03:13:00+00:00 [queued]>
[2026-09-18T05:58:43.575+0200] {taskinstance.py:2614} INFO - Dependencies all met for dep_context=requeueable deps ti=<TaskInstance: mini_riskagent_file_ingestion.wait_for_csv scheduled__2026-09-18T03:13:00+00:00 [queued]>
[2026-09-18T05:58:43.575+0200] {taskinstance.py:2867} INFO - Starting attempt 1 of 2
[2026-09-18T05:58:43.578+0200] {taskinstance.py:2890} INFO - Executing <Task(PythonSensor): wait_for_csv> on 2026-09-18 03:13:00+00:00
[2026-09-18T05:58:43.582+0200] {logging_mixin.py:190} WARNING - /Users/swarnalidatta/Desktop/AutoQueryChatbot/.airflow-venv/lib/python3.12/site-packages/airflow/task/task_runner/standard_task_runner.py:70 DeprecationWarning: This process (pid=1902) is multi-threaded, use of fork() may lead to deadlocks in the child.
[2026-09-18T05:58:43.582+0200] {standard_task_runner.py:72} INFO - Started process 1904 to run task
[2026-09-18T05:58:43.582+0200] {standard_task_runner.py:104} INFO - Running: ['airflow', 'tasks', 'run', 'mini_riskagent_file_ingestion', 'wait_for_csv', 'scheduled__2026-09-18T03:13:00+00:00', '--job-id', '4568', '--raw', '--subdir', 'DAGS_FOLDER/data_ingest_pipeline.py', '--cfg-path', '/var/folders/5p/201rr1sj03g8gksxm9x48mbh0000gn/T/tmpv8jcjfla']
[2026-09-18T05:58:43.583+0200] {standard_task_runner.py:105} INFO - Job 4568: Subtask wait_for_csv
[2026-09-18T05:58:43.595+0200] {task_command.py:467} INFO - Running <TaskInstance: mini_riskagent_file_ingestion.wait_for_csv scheduled__2026-09-18T03:13:00+00:00 [running]> on host mac.home
[2026-09-18T05:58:43.611+0200] {taskinstance.py:3134} INFO - Exporting env vars: AIRFLOW_CTX_DAG_OWNER='autoquery' AIRFLOW_CTX_DAG_ID='mini_riskagent_file_ingestion' AIRFLOW_CTX_TASK_ID='wait_for_csv' AIRFLOW_CTX_EXECUTION_DATE='2026-09-18T03:13:00+00:00' AIRFLOW_CTX_TRY_NUMBER='1' AIRFLOW_CTX_DAG_RUN_ID='scheduled__2026-09-18T03:13:00+00:00'
[2026-09-18T05:58:43.611+0200] {logging_mixin.py:190} INFO - Task instance is in running state
[2026-09-18T05:58:43.612+0200] {logging_mixin.py:190} INFO -  Previous state of the Task instance: queued
[2026-09-18T05:58:43.612+0200] {logging_mixin.py:190} INFO - Current task name:wait_for_csv state:running start_date:2026-09-18 03:58:43.574322+00:00
[2026-09-18T05:58:43.612+0200] {logging_mixin.py:190} INFO - Dag name:mini_riskagent_file_ingestion and current dag run status:running
[2026-09-18T05:58:43.612+0200] {taskinstance.py:732} INFO - ::endgroup::
[2026-09-18T05:58:43.613+0200] {python.py:75} INFO - Poking callable: <function check_for_csv_files at 0x10a85ab60>
[2026-09-18T05:58:43.616+0200] {taskinstance.py:310} INFO - Rescheduling task, marking task as UP_FOR_RESCHEDULE
[2026-09-18T05:58:43.617+0200] {taskinstance.py:341} INFO - ::group::Post task execution logs
[2026-09-18T05:58:43.641+0200] {local_task_job_runner.py:266} INFO - Task exited with return code 0
[2026-09-18T05:58:43.648+0200] {taskinstance.py:3901} INFO - 0 downstream tasks scheduled from follow-on schedule check
[2026-09-18T05:58:43.648+0200] {local_task_job_runner.py:245} INFO - ::endgroup::
[2026-09-18T06:01:01.539+0200] {local_task_job_runner.py:123} INFO - ::group::Pre task execution logs
[2026-09-18T06:01:01.542+0200] {taskinstance.py:2614} INFO - Dependencies all met for dep_context=non-requeueable deps ti=<TaskInstance: mini_riskagent_file_ingestion.wait_for_csv scheduled__2026-09-18T03:13:00+00:00 [queued]>
[2026-09-18T06:01:01.543+0200] {taskinstance.py:2614} INFO - Dependencies all met for dep_context=requeueable deps ti=<TaskInstance: mini_riskagent_file_ingestion.wait_for_csv scheduled__2026-09-18T03:13:00+00:00 [queued]>
[2026-09-18T06:01:01.543+0200] {taskinstance.py:2867} INFO - Starting attempt 1 of 2
[2026-09-18T06:01:01.546+0200] {taskinstance.py:2890} INFO - Executing <Task(PythonSensor): wait_for_csv> on 2026-09-18 03:13:00+00:00
[2026-09-18T06:01:01.551+0200] {logging_mixin.py:190} WARNING - /Users/swarnalidatta/Desktop/AutoQueryChatbot/.airflow-venv/lib/python3.12/site-packages/airflow/task/task_runner/standard_task_runner.py:70 DeprecationWarning: This process (pid=1916) is multi-threaded, use of fork() may lead to deadlocks in the child.
[2026-09-18T06:01:01.551+0200] {standard_task_runner.py:72} INFO - Started process 1918 to run task
[2026-09-18T06:01:01.550+0200] {standard_task_runner.py:104} INFO - Running: ['airflow', 'tasks', 'run', 'mini_riskagent_file_ingestion', 'wait_for_csv', 'scheduled__2026-09-18T03:13:00+00:00', '--job-id', '4569', '--raw', '--subdir', 'DAGS_FOLDER/data_ingest_pipeline.py', '--cfg-path', '/var/folders/5p/201rr1sj03g8gksxm9x48mbh0000gn/T/tmp7_ebckzw']
[2026-09-18T06:01:01.551+0200] {standard_task_runner.py:105} INFO - Job 4569: Subtask wait_for_csv
[2026-09-18T06:01:01.564+0200] {task_command.py:467} INFO - Running <TaskInstance: mini_riskagent_file_ingestion.wait_for_csv scheduled__2026-09-18T03:13:00+00:00 [running]> on host mac.home
[2026-09-18T06:01:01.579+0200] {taskinstance.py:3134} INFO - Exporting env vars: AIRFLOW_CTX_DAG_OWNER='autoquery' AIRFLOW_CTX_DAG_ID='mini_riskagent_file_ingestion' AIRFLOW_CTX_TASK_ID='wait_for_csv' AIRFLOW_CTX_EXECUTION_DATE='2026-09-18T03:13:00+00:00' AIRFLOW_CTX_TRY_NUMBER='1' AIRFLOW_CTX_DAG_RUN_ID='scheduled__2026-09-18T03:13:00+00:00'
[2026-09-18T06:01:01.580+0200] {logging_mixin.py:190} INFO - Task instance is in running state
[2026-09-18T06:01:01.580+0200] {logging_mixin.py:190} INFO -  Previous state of the Task instance: queued
[2026-09-18T06:01:01.580+0200] {logging_mixin.py:190} INFO - Current task name:wait_for_csv state:running start_date:2026-09-18 04:01:01.542551+00:00
[2026-09-18T06:01:01.580+0200] {logging_mixin.py:190} INFO - Dag name:mini_riskagent_file_ingestion and current dag run status:running
[2026-09-18T06:01:01.581+0200] {taskinstance.py:732} INFO - ::endgroup::
[2026-09-18T06:01:01.582+0200] {python.py:75} INFO - Poking callable: <function check_for_csv_files at 0x10ac7ab60>
[2026-09-18T06:01:01.585+0200] {taskinstance.py:310} INFO - Rescheduling task, marking task as UP_FOR_RESCHEDULE
[2026-09-18T06:01:01.585+0200] {taskinstance.py:341} INFO - ::group::Post task execution logs
[2026-09-18T06:01:01.610+0200] {local_task_job_runner.py:266} INFO - Task exited with return code 0
[2026-09-18T06:01:01.616+0200] {taskinstance.py:3901} INFO - 0 downstream tasks scheduled from follow-on schedule check
[2026-09-18T06:01:01.617+0200] {local_task_job_runner.py:245} INFO - ::endgroup::
[2026-09-18T06:18:37.826+0200] {local_task_job_runner.py:123} INFO - ::group::Pre task execution logs
[2026-09-18T06:18:37.828+0200] {taskinstance.py:2614} INFO - Dependencies all met for dep_context=non-requeueable deps ti=<TaskInstance: mini_riskagent_file_ingestion.wait_for_csv scheduled__2026-09-18T03:13:00+00:00 [queued]>
[2026-09-18T06:18:37.830+0200] {taskinstance.py:2614} INFO - Dependencies all met for dep_context=requeueable deps ti=<TaskInstance: mini_riskagent_file_ingestion.wait_for_csv scheduled__2026-09-18T03:13:00+00:00 [queued]>
[2026-09-18T06:18:37.830+0200] {taskinstance.py:2867} INFO - Starting attempt 1 of 2
[2026-09-18T06:18:37.833+0200] {taskinstance.py:2890} INFO - Executing <Task(PythonSensor): wait_for_csv> on 2026-09-18 03:13:00+00:00
[2026-09-18T06:18:37.838+0200] {logging_mixin.py:190} WARNING - /Users/swarnalidatta/Desktop/AutoQueryChatbot/.airflow-venv/lib/python3.12/site-packages/airflow/task/task_runner/standard_task_runner.py:70 DeprecationWarning: This process (pid=1940) is multi-threaded, use of fork() may lead to deadlocks in the child.
[2026-09-18T06:18:37.838+0200] {standard_task_runner.py:104} INFO - Running: ['airflow', 'tasks', 'run', 'mini_riskagent_file_ingestion', 'wait_for_csv', 'scheduled__2026-09-18T03:13:00+00:00', '--job-id', '4570', '--raw', '--subdir', 'DAGS_FOLDER/data_ingest_pipeline.py', '--cfg-path', '/var/folders/5p/201rr1sj03g8gksxm9x48mbh0000gn/T/tmp04l_xeba']
[2026-09-18T06:18:37.839+0200] {standard_task_runner.py:72} INFO - Started process 1947 to run task
[2026-09-18T06:18:37.839+0200] {standard_task_runner.py:105} INFO - Job 4570: Subtask wait_for_csv
[2026-09-18T06:18:37.853+0200] {task_command.py:467} INFO - Running <TaskInstance: mini_riskagent_file_ingestion.wait_for_csv scheduled__2026-09-18T03:13:00+00:00 [running]> on host mac.home
[2026-09-18T06:18:37.869+0200] {taskinstance.py:3134} INFO - Exporting env vars: AIRFLOW_CTX_DAG_OWNER='autoquery' AIRFLOW_CTX_DAG_ID='mini_riskagent_file_ingestion' AIRFLOW_CTX_TASK_ID='wait_for_csv' AIRFLOW_CTX_EXECUTION_DATE='2026-09-18T03:13:00+00:00' AIRFLOW_CTX_TRY_NUMBER='1' AIRFLOW_CTX_DAG_RUN_ID='scheduled__2026-09-18T03:13:00+00:00'
[2026-09-18T06:18:37.869+0200] {logging_mixin.py:190} INFO - Task instance is in running state
[2026-09-18T06:18:37.869+0200] {logging_mixin.py:190} INFO -  Previous state of the Task instance: queued
[2026-09-18T06:18:37.870+0200] {logging_mixin.py:190} INFO - Current task name:wait_for_csv state:running start_date:2026-09-18 04:18:37.829078+00:00
[2026-09-18T06:18:37.870+0200] {logging_mixin.py:190} INFO - Dag name:mini_riskagent_file_ingestion and current dag run status:running
[2026-09-18T06:18:37.870+0200] {taskinstance.py:732} INFO - ::endgroup::
[2026-09-18T06:18:37.871+0200] {python.py:75} INFO - Poking callable: <function check_for_csv_files at 0x109252b60>
[2026-09-18T06:18:37.875+0200] {taskinstance.py:310} INFO - Rescheduling task, marking task as UP_FOR_RESCHEDULE
[2026-09-18T06:18:37.875+0200] {taskinstance.py:341} INFO - ::group::Post task execution logs
[2026-09-18T06:18:37.898+0200] {local_task_job_runner.py:266} INFO - Task exited with return code 0
[2026-09-18T06:18:37.904+0200] {taskinstance.py:3901} INFO - 0 downstream tasks scheduled from follow-on schedule check
[2026-09-18T06:18:37.905+0200] {local_task_job_runner.py:245} INFO - ::endgroup::
[2026-09-18T06:34:44.023+0200] {local_task_job_runner.py:123} INFO - ::group::Pre task execution logs
[2026-09-18T06:34:44.026+0200] {taskinstance.py:2614} INFO - Dependencies all met for dep_context=non-requeueable deps ti=<TaskInstance: mini_riskagent_file_ingestion.wait_for_csv scheduled__2026-09-18T03:13:00+00:00 [queued]>
[2026-09-18T06:34:44.027+0200] {taskinstance.py:2614} INFO - Dependencies all met for dep_context=requeueable deps ti=<TaskInstance: mini_riskagent_file_ingestion.wait_for_csv scheduled__2026-09-18T03:13:00+00:00 [queued]>
[2026-09-18T06:34:44.027+0200] {taskinstance.py:2867} INFO - Starting attempt 1 of 2
[2026-09-18T06:34:44.030+0200] {taskinstance.py:2890} INFO - Executing <Task(PythonSensor): wait_for_csv> on 2026-09-18 03:13:00+00:00
[2026-09-18T06:34:44.034+0200] {standard_task_runner.py:104} INFO - Running: ['airflow', 'tasks', 'run', 'mini_riskagent_file_ingestion', 'wait_for_csv', 'scheduled__2026-09-18T03:13:00+00:00', '--job-id', '4571', '--raw', '--subdir', 'DAGS_FOLDER/data_ingest_pipeline.py', '--cfg-path', '/var/folders/5p/201rr1sj03g8gksxm9x48mbh0000gn/T/tmpchyitkl4']
[2026-09-18T06:34:44.035+0200] {logging_mixin.py:190} WARNING - /Users/swarnalidatta/Desktop/AutoQueryChatbot/.airflow-venv/lib/python3.12/site-packages/airflow/task/task_runner/standard_task_runner.py:70 DeprecationWarning: This process (pid=1973) is multi-threaded, use of fork() may lead to deadlocks in the child.
[2026-09-18T06:34:44.035+0200] {standard_task_runner.py:72} INFO - Started process 1976 to run task
[2026-09-18T06:34:44.035+0200] {standard_task_runner.py:105} INFO - Job 4571: Subtask wait_for_csv
[2026-09-18T06:34:44.048+0200] {task_command.py:467} INFO - Running <TaskInstance: mini_riskagent_file_ingestion.wait_for_csv scheduled__2026-09-18T03:13:00+00:00 [running]> on host mac.home
[2026-09-18T06:34:44.065+0200] {taskinstance.py:3134} INFO - Exporting env vars: AIRFLOW_CTX_DAG_OWNER='autoquery' AIRFLOW_CTX_DAG_ID='mini_riskagent_file_ingestion' AIRFLOW_CTX_TASK_ID='wait_for_csv' AIRFLOW_CTX_EXECUTION_DATE='2026-09-18T03:13:00+00:00' AIRFLOW_CTX_TRY_NUMBER='1' AIRFLOW_CTX_DAG_RUN_ID='scheduled__2026-09-18T03:13:00+00:00'
[2026-09-18T06:34:44.065+0200] {logging_mixin.py:190} INFO - Task instance is in running state
[2026-09-18T06:34:44.066+0200] {logging_mixin.py:190} INFO -  Previous state of the Task instance: queued
[2026-09-18T06:34:44.066+0200] {logging_mixin.py:190} INFO - Current task name:wait_for_csv state:running start_date:2026-09-18 04:34:44.026114+00:00
[2026-09-18T06:34:44.066+0200] {logging_mixin.py:190} INFO - Dag name:mini_riskagent_file_ingestion and current dag run status:running
[2026-09-18T06:34:44.066+0200] {taskinstance.py:732} INFO - ::endgroup::
[2026-09-18T06:34:44.067+0200] {python.py:75} INFO - Poking callable: <function check_for_csv_files at 0x10863eb60>
[2026-09-18T06:34:44.068+0200] {taskinstance.py:3313} ERROR - Task failed with exception
Traceback (most recent call last):
  File "/Users/swarnalidatta/Desktop/AutoQueryChatbot/.airflow-venv/lib/python3.12/site-packages/airflow/models/taskinstance.py", line 768, in _execute_task
    result = _execute_callable(context=context, **execute_callable_kwargs)
             ^^^^^^^^^^^^^^^^^^^^^^^^^^^^^^^^^^^^^^^^^^^^^^^^^^^^^^^^^^^^^
  File "/Users/swarnalidatta/Desktop/AutoQueryChatbot/.airflow-venv/lib/python3.12/site-packages/airflow/models/taskinstance.py", line 734, in _execute_callable
    return ExecutionCallableRunner(
           ^^^^^^^^^^^^^^^^^^^^^^^^
  File "/Users/swarnalidatta/Desktop/AutoQueryChatbot/.airflow-venv/lib/python3.12/site-packages/airflow/utils/operator_helpers.py", line 252, in run
    return self.func(*args, **kwargs)
           ^^^^^^^^^^^^^^^^^^^^^^^^^^
  File "/Users/swarnalidatta/Desktop/AutoQueryChatbot/.airflow-venv/lib/python3.12/site-packages/airflow/models/baseoperator.py", line 424, in wrapper
    return func(self, *args, **kwargs)
           ^^^^^^^^^^^^^^^^^^^^^^^^^^^
  File "/Users/swarnalidatta/Desktop/AutoQueryChatbot/.airflow-venv/lib/python3.12/site-packages/airflow/sensors/base.py", line 326, in execute
    raise AirflowSensorTimeout(message)
airflow.exceptions.AirflowSensorTimeout: Sensor has timed out; run duration of 3877.737559 seconds exceeds the specified timeout of 3600.0.
[2026-09-18T06:34:44.069+0200] {logging_mixin.py:190} INFO - Task instance in failure state
[2026-09-18T06:34:44.069+0200] {logging_mixin.py:190} INFO - Task start:2026-09-18 04:34:44.026114+00:00 end:2026-09-18 04:34:44.069608+00:00 duration:0.043494
[2026-09-18T06:34:44.070+0200] {logging_mixin.py:190} INFO - Task:<Task(PythonSensor): wait_for_csv> dag:<DAG: mini_riskagent_file_ingestion> dagrun:<DagRun mini_riskagent_file_ingestion @ 2026-09-18 03:13:00+00:00: scheduled__2026-09-18T03:13:00+00:00, state:running, queued_at: 2026-09-18 03:14:28.547538+00:00. externally triggered: False>
[2026-09-18T06:34:44.070+0200] {logging_mixin.py:190} INFO - Failure caused by Sensor has timed out; run duration of 3877.737559 seconds exceeds the specified timeout of 3600.0.
[2026-09-18T06:34:44.070+0200] {taskinstance.py:1226} INFO - Immediate failure requested. Marking task as FAILED. dag_id=mini_riskagent_file_ingestion, task_id=wait_for_csv, run_id=scheduled__2026-09-18T03:13:00+00:00, execution_date=20260918T031300, start_date=20260918T043444, end_date=20260918T043444
[2026-09-18T06:34:44.074+0200] {taskinstance.py:341} INFO - ::group::Post task execution logs
[2026-09-18T06:34:44.074+0200] {standard_task_runner.py:124} ERROR - Failed to execute job 4571 for task wait_for_csv (Sensor has timed out; run duration of 3877.737559 seconds exceeds the specified timeout of 3600.0.; 1976)
Traceback (most recent call last):
  File "/Users/swarnalidatta/Desktop/AutoQueryChatbot/.airflow-venv/lib/python3.12/site-packages/airflow/task/task_runner/standard_task_runner.py", line 117, in _start_by_fork
    ret = args.func(args, dag=self.dag)
          ^^^^^^^^^^^^^^^^^^^^^^^^^^^^^
  File "/Users/swarnalidatta/Desktop/AutoQueryChatbot/.airflow-venv/lib/python3.12/site-packages/airflow/cli/cli_config.py", line 49, in command
    return func(*args, **kwargs)
           ^^^^^^^^^^^^^^^^^^^^^
  File "/Users/swarnalidatta/Desktop/AutoQueryChatbot/.airflow-venv/lib/python3.12/site-packages/airflow/utils/cli.py", line 116, in wrapper
    return f(*args, **kwargs)
           ^^^^^^^^^^^^^^^^^^
  File "/Users/swarnalidatta/Desktop/AutoQueryChatbot/.airflow-venv/lib/python3.12/site-packages/airflow/cli/commands/task_command.py", line 483, in task_run
    task_return_code = _run_task_by_selected_method(args, _dag, ti)
                       ^^^^^^^^^^^^^^^^^^^^^^^^^^^^^^^^^^^^^^^^^^^^
  File "/Users/swarnalidatta/Desktop/AutoQueryChatbot/.airflow-venv/lib/python3.12/site-packages/airflow/cli/commands/task_command.py", line 256, in _run_task_by_selected_method
    return _run_raw_task(args, ti)
           ^^^^^^^^^^^^^^^^^^^^^^^
  File "/Users/swarnalidatta/Desktop/AutoQueryChatbot/.airflow-venv/lib/python3.12/site-packages/airflow/cli/commands/task_command.py", line 341, in _run_raw_task
    return ti._run_raw_task(
           ^^^^^^^^^^^^^^^^^
  File "/Users/swarnalidatta/Desktop/AutoQueryChatbot/.airflow-venv/lib/python3.12/site-packages/airflow/utils/session.py", line 97, in wrapper
    return func(*args, session=session, **kwargs)
           ^^^^^^^^^^^^^^^^^^^^^^^^^^^^^^^^^^^^^^
  File "/Users/swarnalidatta/Desktop/AutoQueryChatbot/.airflow-venv/lib/python3.12/site-packages/airflow/models/taskinstance.py", line 3006, in _run_raw_task
    return _run_raw_task(
           ^^^^^^^^^^^^^^
  File "/Users/swarnalidatta/Desktop/AutoQueryChatbot/.airflow-venv/lib/python3.12/site-packages/airflow/models/taskinstance.py", line 274, in _run_raw_task
    TaskInstance._execute_task_with_callbacks(
  File "/Users/swarnalidatta/Desktop/AutoQueryChatbot/.airflow-venv/lib/python3.12/site-packages/airflow/models/taskinstance.py", line 3161, in _execute_task_with_callbacks
    result = self._execute_task(context, task_orig)
             ^^^^^^^^^^^^^^^^^^^^^^^^^^^^^^^^^^^^^^
  File "/Users/swarnalidatta/Desktop/AutoQueryChatbot/.airflow-venv/lib/python3.12/site-packages/airflow/models/taskinstance.py", line 3185, in _execute_task
    return _execute_task(self, context, task_orig)
           ^^^^^^^^^^^^^^^^^^^^^^^^^^^^^^^^^^^^^^^
  File "/Users/swarnalidatta/Desktop/AutoQueryChatbot/.airflow-venv/lib/python3.12/site-packages/airflow/models/taskinstance.py", line 768, in _execute_task
    result = _execute_callable(context=context, **execute_callable_kwargs)
             ^^^^^^^^^^^^^^^^^^^^^^^^^^^^^^^^^^^^^^^^^^^^^^^^^^^^^^^^^^^^^
  File "/Users/swarnalidatta/Desktop/AutoQueryChatbot/.airflow-venv/lib/python3.12/site-packages/airflow/models/taskinstance.py", line 734, in _execute_callable
    return ExecutionCallableRunner(
           ^^^^^^^^^^^^^^^^^^^^^^^^
  File "/Users/swarnalidatta/Desktop/AutoQueryChatbot/.airflow-venv/lib/python3.12/site-packages/airflow/utils/operator_helpers.py", line 252, in run
    return self.func(*args, **kwargs)
           ^^^^^^^^^^^^^^^^^^^^^^^^^^
  File "/Users/swarnalidatta/Desktop/AutoQueryChatbot/.airflow-venv/lib/python3.12/site-packages/airflow/models/baseoperator.py", line 424, in wrapper
    return func(self, *args, **kwargs)
           ^^^^^^^^^^^^^^^^^^^^^^^^^^^
  File "/Users/swarnalidatta/Desktop/AutoQueryChatbot/.airflow-venv/lib/python3.12/site-packages/airflow/sensors/base.py", line 326, in execute
    raise AirflowSensorTimeout(message)
airflow.exceptions.AirflowSensorTimeout: Sensor has timed out; run duration of 3877.737559 seconds exceeds the specified timeout of 3600.0.
[2026-09-18T06:34:44.095+0200] {local_task_job_runner.py:266} INFO - Task exited with return code 1
[2026-09-18T06:34:44.102+0200] {taskinstance.py:3901} INFO - 0 downstream tasks scheduled from follow-on schedule check
[2026-09-18T06:34:44.103+0200] {local_task_job_runner.py:245} INFO - ::endgroup::
