[2026-09-22T13:32:16.703+0200] {local_task_job_runner.py:123} INFO - ::group::Pre task execution logs
[2026-09-22T13:32:16.707+0200] {taskinstance.py:2614} INFO - Dependencies all met for dep_context=non-requeueable deps ti=<TaskInstance: mini_riskagent_file_ingestion.run_dbt_snapshots scheduled__2026-09-22T11:30:00+00:00 [queued]>
[2026-09-22T13:32:16.708+0200] {taskinstance.py:2614} INFO - Dependencies all met for dep_context=requeueable deps ti=<TaskInstance: mini_riskagent_file_ingestion.run_dbt_snapshots scheduled__2026-09-22T11:30:00+00:00 [queued]>
[2026-09-22T13:32:16.708+0200] {taskinstance.py:2867} INFO - Starting attempt 1 of 2
[2026-09-22T13:32:16.711+0200] {taskinstance.py:2890} INFO - Executing <Task(BashOperator): run_dbt_snapshots> on 2026-09-22 11:30:00+00:00
[2026-09-22T13:32:16.716+0200] {standard_task_runner.py:104} INFO - Running: ['airflow', 'tasks', 'run', 'mini_riskagent_file_ingestion', 'run_dbt_snapshots', 'scheduled__2026-09-22T11:30:00+00:00', '--job-id', '5093', '--raw', '--subdir', 'DAGS_FOLDER/data_ingest_pipeline.py', '--cfg-path', '/var/folders/5p/201rr1sj03g8gksxm9x48mbh0000gn/T/tmpxwnfob0z']
[2026-09-22T13:32:16.716+0200] {standard_task_runner.py:105} INFO - Job 5093: Subtask run_dbt_snapshots
[2026-09-22T13:32:16.717+0200] {logging_mixin.py:190} WARNING - /Users/swarnalidatta/Desktop/AutoQueryChatbot/.airflow-venv/lib/python3.12/site-packages/airflow/task/task_runner/standard_task_runner.py:70 DeprecationWarning: This process (pid=23407) is multi-threaded, use of fork() may lead to deadlocks in the child.
[2026-09-22T13:32:16.717+0200] {standard_task_runner.py:72} INFO - Started process 23409 to run task
[2026-09-22T13:32:16.730+0200] {task_command.py:467} INFO - Running <TaskInstance: mini_riskagent_file_ingestion.run_dbt_snapshots scheduled__2026-09-22T11:30:00+00:00 [running]> on host mac.home
[2026-09-22T13:32:16.746+0200] {taskinstance.py:3134} INFO - Exporting env vars: AIRFLOW_CTX_DAG_OWNER='autoquery' AIRFLOW_CTX_DAG_ID='mini_riskagent_file_ingestion' AIRFLOW_CTX_TASK_ID='run_dbt_snapshots' AIRFLOW_CTX_EXECUTION_DATE='2026-09-22T11:30:00+00:00' AIRFLOW_CTX_TRY_NUMBER='1' AIRFLOW_CTX_DAG_RUN_ID='scheduled__2026-09-22T11:30:00+00:00'
[2026-09-22T13:32:16.747+0200] {logging_mixin.py:190} INFO - Task instance is in running state
[2026-09-22T13:32:16.747+0200] {logging_mixin.py:190} INFO -  Previous state of the Task instance: queued
[2026-09-22T13:32:16.747+0200] {logging_mixin.py:190} INFO - Current task name:run_dbt_snapshots state:running start_date:2026-09-22 11:32:16.707099+00:00
[2026-09-22T13:32:16.747+0200] {logging_mixin.py:190} INFO - Dag name:mini_riskagent_file_ingestion and current dag run status:running
[2026-09-22T13:32:16.747+0200] {taskinstance.py:732} INFO - ::endgroup::
[2026-09-22T13:32:16.748+0200] {subprocess.py:78} INFO - Tmp dir root location: /var/folders/5p/201rr1sj03g8gksxm9x48mbh0000gn/T
[2026-09-22T13:32:16.748+0200] {subprocess.py:88} INFO - Running command: ['/bin/bash', '-c', '/Users/swarnalidatta/Desktop/AutoQueryChatbot/.airflow-venv/bin/dbt snapshot --project-dir /Users/swarnalidatta/Desktop/AutoQueryChatbot/dbt --profiles-dir /Users/swarnalidatta/.dbt']
[2026-09-22T13:32:16.751+0200] {subprocess.py:99} INFO - Output:
[2026-09-22T13:32:17.440+0200] {subprocess.py:106} INFO - [0m11:32:17  Running with dbt=1.12.3
[2026-09-22T13:32:17.555+0200] {subprocess.py:106} INFO - [0m11:32:17  Registered adapter: duckdb=1.11.0
[2026-09-22T13:32:17.803+0200] {subprocess.py:106} INFO - [0m11:32:17  Found 7 models, 3 snapshots, 3 data tests, 3 sources, 500 macros, 3 semantic models
[2026-09-22T13:32:17.803+0200] {subprocess.py:106} INFO - [0m11:32:17
[2026-09-22T13:32:17.804+0200] {subprocess.py:106} INFO - [0m11:32:17  Concurrency: 1 threads (target='dev')
[2026-09-22T13:32:17.804+0200] {subprocess.py:106} INFO - [0m11:32:17
[2026-09-22T13:32:17.848+0200] {subprocess.py:106} INFO - [0m11:32:17  1 of 3 START snapshot main.account_snapshot .................................... [RUN]
[2026-09-22T13:32:17.929+0200] {subprocess.py:106} INFO - [0m11:32:17  1 of 3 OK snapshotted main.account_snapshot .................................... [[32mOK[0m in 0.08s]
[2026-09-22T13:32:17.930+0200] {subprocess.py:106} INFO - [0m11:32:17  2 of 3 START snapshot main.customer_snapshot ................................... [RUN]
[2026-09-22T13:32:17.949+0200] {subprocess.py:106} INFO - [0m11:32:17  2 of 3 OK snapshotted main.customer_snapshot ................................... [[32mOK[0m in 0.02s]
[2026-09-22T13:32:17.950+0200] {subprocess.py:106} INFO - [0m11:32:17  3 of 3 START snapshot main.transaction_snapshot ................................ [RUN]
[2026-09-22T13:32:17.971+0200] {subprocess.py:106} INFO - [0m11:32:17  3 of 3 OK snapshotted main.transaction_snapshot ................................ [[32mOK[0m in 0.02s]
[2026-09-22T13:32:17.973+0200] {subprocess.py:106} INFO - [0m11:32:17
[2026-09-22T13:32:17.973+0200] {subprocess.py:106} INFO - [0m11:32:17  Finished running 3 snapshots in 0 hours 0 minutes and 0.17 seconds (0.17s).
[2026-09-22T13:32:17.997+0200] {subprocess.py:106} INFO - [0m11:32:17
[2026-09-22T13:32:17.997+0200] {subprocess.py:106} INFO - [0m11:32:17  [32mCompleted successfully[0m
[2026-09-22T13:32:17.997+0200] {subprocess.py:106} INFO - [0m11:32:17
[2026-09-22T13:32:17.998+0200] {subprocess.py:106} INFO - [0m11:32:17  Done. PASS=3 WARN=0 ERROR=0 SKIP=0 NO-OP=0 REUSED=0 TOTAL=3
[2026-09-22T13:32:18.608+0200] {subprocess.py:110} INFO - Command exited with return code 0
[2026-09-22T13:32:18.614+0200] {taskinstance.py:341} INFO - ::group::Post task execution logs
[2026-09-22T13:32:18.615+0200] {taskinstance.py:353} INFO - Marking task as SUCCESS. dag_id=mini_riskagent_file_ingestion, task_id=run_dbt_snapshots, run_id=scheduled__2026-09-22T11:30:00+00:00, execution_date=20260922T113000, start_date=20260922T113216, end_date=20260922T113218
[2026-09-22T13:32:18.618+0200] {logging_mixin.py:190} INFO - Task instance in success state
[2026-09-22T13:32:18.618+0200] {logging_mixin.py:190} INFO -  Previous state of the Task instance: running
[2026-09-22T13:32:18.619+0200] {logging_mixin.py:190} INFO - Dag name:mini_riskagent_file_ingestion queued_at:2026-09-22 11:31:01.174334+00:00
[2026-09-22T13:32:18.619+0200] {logging_mixin.py:190} INFO - Task hostname:mac.home operator:BashOperator
[2026-09-22T13:32:18.658+0200] {local_task_job_runner.py:266} INFO - Task exited with return code 0
[2026-09-22T13:32:18.664+0200] {taskinstance.py:3901} INFO - 1 downstream tasks scheduled from follow-on schedule check
[2026-09-22T13:32:18.665+0200] {local_task_job_runner.py:245} INFO - ::endgroup::
