[2026-09-05T20:35:02.997+0200] {local_task_job_runner.py:123} INFO - ::group::Pre task execution logs
[2026-09-05T20:35:03.002+0200] {taskinstance.py:2614} INFO - Dependencies all met for dep_context=non-requeueable deps ti=<TaskInstance: mini_riskagent_file_ingestion.wait_for_csv scheduled__2026-09-05T18:34:00+00:00 [queued]>
[2026-09-05T20:35:03.004+0200] {taskinstance.py:2614} INFO - Dependencies all met for dep_context=requeueable deps ti=<TaskInstance: mini_riskagent_file_ingestion.wait_for_csv scheduled__2026-09-05T18:34:00+00:00 [queued]>
[2026-09-05T20:35:03.004+0200] {taskinstance.py:2867} INFO - Starting attempt 1 of 2
[2026-09-05T20:35:03.008+0200] {taskinstance.py:2890} INFO - Executing <Task(PythonSensor): wait_for_csv> on 2026-09-05 18:34:00+00:00
[2026-09-05T20:35:03.015+0200] {logging_mixin.py:190} WARNING - /Users/swarnalidatta/Desktop/AutoQueryChatbot/.airflow-venv/lib/python3.12/site-packages/airflow/task/task_runner/standard_task_runner.py:70 DeprecationWarning: This process (pid=48429) is multi-threaded, use of fork() may lead to deadlocks in the child.
[2026-09-05T20:35:03.016+0200] {standard_task_runner.py:72} INFO - Started process 48432 to run task
[2026-09-05T20:35:03.018+0200] {standard_task_runner.py:104} INFO - Running: ['airflow', 'tasks', 'run', 'mini_riskagent_file_ingestion', 'wait_for_csv', 'scheduled__2026-09-05T18:34:00+00:00', '--job-id', '2811', '--raw', '--subdir', 'DAGS_FOLDER/data_ingest_pipeline.py', '--cfg-path', '/var/folders/5p/201rr1sj03g8gksxm9x48mbh0000gn/T/tmpd0oghcax']
[2026-09-05T20:35:03.020+0200] {standard_task_runner.py:105} INFO - Job 2811: Subtask wait_for_csv
[2026-09-05T20:35:03.048+0200] {task_command.py:467} INFO - Running <TaskInstance: mini_riskagent_file_ingestion.wait_for_csv scheduled__2026-09-05T18:34:00+00:00 [running]> on host mac.home
[2026-09-05T20:35:03.067+0200] {taskinstance.py:3134} INFO - Exporting env vars: AIRFLOW_CTX_DAG_OWNER='autoquery' AIRFLOW_CTX_DAG_ID='mini_riskagent_file_ingestion' AIRFLOW_CTX_TASK_ID='wait_for_csv' AIRFLOW_CTX_EXECUTION_DATE='2026-09-05T18:34:00+00:00' AIRFLOW_CTX_TRY_NUMBER='1' AIRFLOW_CTX_DAG_RUN_ID='scheduled__2026-09-05T18:34:00+00:00'
[2026-09-05T20:35:03.068+0200] {logging_mixin.py:190} INFO - Task instance is in running state
[2026-09-05T20:35:03.068+0200] {logging_mixin.py:190} INFO -  Previous state of the Task instance: queued
[2026-09-05T20:35:03.068+0200] {logging_mixin.py:190} INFO - Current task name:wait_for_csv state:running start_date:2026-09-05 18:35:03.002803+00:00
[2026-09-05T20:35:03.068+0200] {logging_mixin.py:190} INFO - Dag name:mini_riskagent_file_ingestion and current dag run status:running
[2026-09-05T20:35:03.068+0200] {taskinstance.py:732} INFO - ::endgroup::
[2026-09-05T20:35:03.070+0200] {python.py:75} INFO - Poking callable: <function check_for_csv_files at 0x10abc6b60>
[2026-09-05T20:35:03.074+0200] {taskinstance.py:310} INFO - Rescheduling task, marking task as UP_FOR_RESCHEDULE
[2026-09-05T20:35:03.074+0200] {taskinstance.py:341} INFO - ::group::Post task execution logs
[2026-09-05T20:35:03.117+0200] {local_task_job_runner.py:266} INFO - Task exited with return code 0
[2026-09-05T20:35:03.124+0200] {taskinstance.py:3901} INFO - 0 downstream tasks scheduled from follow-on schedule check
[2026-09-05T20:35:03.124+0200] {local_task_job_runner.py:245} INFO - ::endgroup::
[2026-09-05T20:52:26.613+0200] {local_task_job_runner.py:123} INFO - ::group::Pre task execution logs
[2026-09-05T20:52:26.615+0200] {taskinstance.py:2614} INFO - Dependencies all met for dep_context=non-requeueable deps ti=<TaskInstance: mini_riskagent_file_ingestion.wait_for_csv scheduled__2026-09-05T18:34:00+00:00 [queued]>
[2026-09-05T20:52:26.617+0200] {taskinstance.py:2614} INFO - Dependencies all met for dep_context=requeueable deps ti=<TaskInstance: mini_riskagent_file_ingestion.wait_for_csv scheduled__2026-09-05T18:34:00+00:00 [queued]>
[2026-09-05T20:52:26.617+0200] {taskinstance.py:2867} INFO - Starting attempt 1 of 2
[2026-09-05T20:52:26.620+0200] {taskinstance.py:2890} INFO - Executing <Task(PythonSensor): wait_for_csv> on 2026-09-05 18:34:00+00:00
[2026-09-05T20:52:26.624+0200] {logging_mixin.py:190} WARNING - /Users/swarnalidatta/Desktop/AutoQueryChatbot/.airflow-venv/lib/python3.12/site-packages/airflow/task/task_runner/standard_task_runner.py:70 DeprecationWarning: This process (pid=48483) is multi-threaded, use of fork() may lead to deadlocks in the child.
[2026-09-05T20:52:26.625+0200] {standard_task_runner.py:72} INFO - Started process 48485 to run task
[2026-09-05T20:52:26.624+0200] {standard_task_runner.py:104} INFO - Running: ['airflow', 'tasks', 'run', 'mini_riskagent_file_ingestion', 'wait_for_csv', 'scheduled__2026-09-05T18:34:00+00:00', '--job-id', '2818', '--raw', '--subdir', 'DAGS_FOLDER/data_ingest_pipeline.py', '--cfg-path', '/var/folders/5p/201rr1sj03g8gksxm9x48mbh0000gn/T/tmplfhyryjb']
[2026-09-05T20:52:26.625+0200] {standard_task_runner.py:105} INFO - Job 2818: Subtask wait_for_csv
[2026-09-05T20:52:26.638+0200] {task_command.py:467} INFO - Running <TaskInstance: mini_riskagent_file_ingestion.wait_for_csv scheduled__2026-09-05T18:34:00+00:00 [running]> on host mac.home
[2026-09-05T20:52:26.653+0200] {taskinstance.py:3134} INFO - Exporting env vars: AIRFLOW_CTX_DAG_OWNER='autoquery' AIRFLOW_CTX_DAG_ID='mini_riskagent_file_ingestion' AIRFLOW_CTX_TASK_ID='wait_for_csv' AIRFLOW_CTX_EXECUTION_DATE='2026-09-05T18:34:00+00:00' AIRFLOW_CTX_TRY_NUMBER='1' AIRFLOW_CTX_DAG_RUN_ID='scheduled__2026-09-05T18:34:00+00:00'
[2026-09-05T20:52:26.653+0200] {logging_mixin.py:190} INFO - Task instance is in running state
[2026-09-05T20:52:26.654+0200] {logging_mixin.py:190} INFO -  Previous state of the Task instance: queued
[2026-09-05T20:52:26.654+0200] {logging_mixin.py:190} INFO - Current task name:wait_for_csv state:running start_date:2026-09-05 18:52:26.615988+00:00
[2026-09-05T20:52:26.654+0200] {logging_mixin.py:190} INFO - Dag name:mini_riskagent_file_ingestion and current dag run status:running
[2026-09-05T20:52:26.654+0200] {taskinstance.py:732} INFO - ::endgroup::
[2026-09-05T20:52:26.655+0200] {python.py:75} INFO - Poking callable: <function check_for_csv_files at 0x10884eb60>
[2026-09-05T20:52:26.659+0200] {taskinstance.py:310} INFO - Rescheduling task, marking task as UP_FOR_RESCHEDULE
[2026-09-05T20:52:26.659+0200] {taskinstance.py:341} INFO - ::group::Post task execution logs
[2026-09-05T20:52:26.684+0200] {local_task_job_runner.py:266} INFO - Task exited with return code 0
[2026-09-05T20:52:26.690+0200] {taskinstance.py:3901} INFO - 0 downstream tasks scheduled from follow-on schedule check
[2026-09-05T20:52:26.690+0200] {local_task_job_runner.py:245} INFO - ::endgroup::
[2026-09-05T21:24:24.820+0200] {local_task_job_runner.py:123} INFO - ::group::Pre task execution logs
[2026-09-05T21:24:24.823+0200] {taskinstance.py:2614} INFO - Dependencies all met for dep_context=non-requeueable deps ti=<TaskInstance: mini_riskagent_file_ingestion.wait_for_csv scheduled__2026-09-05T18:34:00+00:00 [queued]>
[2026-09-05T21:24:24.824+0200] {taskinstance.py:2614} INFO - Dependencies all met for dep_context=requeueable deps ti=<TaskInstance: mini_riskagent_file_ingestion.wait_for_csv scheduled__2026-09-05T18:34:00+00:00 [queued]>
[2026-09-05T21:24:24.824+0200] {taskinstance.py:2867} INFO - Starting attempt 1 of 2
[2026-09-05T21:24:24.827+0200] {taskinstance.py:2890} INFO - Executing <Task(PythonSensor): wait_for_csv> on 2026-09-05 18:34:00+00:00
[2026-09-05T21:24:24.831+0200] {logging_mixin.py:190} WARNING - /Users/swarnalidatta/Desktop/AutoQueryChatbot/.airflow-venv/lib/python3.12/site-packages/airflow/task/task_runner/standard_task_runner.py:70 DeprecationWarning: This process (pid=48541) is multi-threaded, use of fork() may lead to deadlocks in the child.
[2026-09-05T21:24:24.832+0200] {standard_task_runner.py:72} INFO - Started process 48547 to run task
[2026-09-05T21:24:24.831+0200] {standard_task_runner.py:104} INFO - Running: ['airflow', 'tasks', 'run', 'mini_riskagent_file_ingestion', 'wait_for_csv', 'scheduled__2026-09-05T18:34:00+00:00', '--job-id', '2825', '--raw', '--subdir', 'DAGS_FOLDER/data_ingest_pipeline.py', '--cfg-path', '/var/folders/5p/201rr1sj03g8gksxm9x48mbh0000gn/T/tmp0tob1yuz']
[2026-09-05T21:24:24.832+0200] {standard_task_runner.py:105} INFO - Job 2825: Subtask wait_for_csv
[2026-09-05T21:24:24.845+0200] {task_command.py:467} INFO - Running <TaskInstance: mini_riskagent_file_ingestion.wait_for_csv scheduled__2026-09-05T18:34:00+00:00 [running]> on host mac.home
[2026-09-05T21:24:24.860+0200] {taskinstance.py:3134} INFO - Exporting env vars: AIRFLOW_CTX_DAG_OWNER='autoquery' AIRFLOW_CTX_DAG_ID='mini_riskagent_file_ingestion' AIRFLOW_CTX_TASK_ID='wait_for_csv' AIRFLOW_CTX_EXECUTION_DATE='2026-09-05T18:34:00+00:00' AIRFLOW_CTX_TRY_NUMBER='1' AIRFLOW_CTX_DAG_RUN_ID='scheduled__2026-09-05T18:34:00+00:00'
[2026-09-05T21:24:24.860+0200] {logging_mixin.py:190} INFO - Task instance is in running state
[2026-09-05T21:24:24.861+0200] {logging_mixin.py:190} INFO -  Previous state of the Task instance: queued
[2026-09-05T21:24:24.861+0200] {logging_mixin.py:190} INFO - Current task name:wait_for_csv state:running start_date:2026-09-05 19:24:24.823524+00:00
[2026-09-05T21:24:24.861+0200] {logging_mixin.py:190} INFO - Dag name:mini_riskagent_file_ingestion and current dag run status:running
[2026-09-05T21:24:24.861+0200] {taskinstance.py:732} INFO - ::endgroup::
[2026-09-05T21:24:24.862+0200] {python.py:75} INFO - Poking callable: <function check_for_csv_files at 0x10c026b60>
[2026-09-05T21:24:24.865+0200] {taskinstance.py:310} INFO - Rescheduling task, marking task as UP_FOR_RESCHEDULE
[2026-09-05T21:24:24.866+0200] {taskinstance.py:341} INFO - ::group::Post task execution logs
[2026-09-05T21:24:24.887+0200] {local_task_job_runner.py:266} INFO - Task exited with return code 0
[2026-09-05T21:24:24.894+0200] {taskinstance.py:3901} INFO - 0 downstream tasks scheduled from follow-on schedule check
[2026-09-05T21:24:24.894+0200] {local_task_job_runner.py:245} INFO - ::endgroup::
[2026-09-05T21:28:38.119+0200] {local_task_job_runner.py:123} INFO - ::group::Pre task execution logs
[2026-09-05T21:28:38.122+0200] {taskinstance.py:2614} INFO - Dependencies all met for dep_context=non-requeueable deps ti=<TaskInstance: mini_riskagent_file_ingestion.wait_for_csv scheduled__2026-09-05T18:34:00+00:00 [queued]>
[2026-09-05T21:28:38.124+0200] {taskinstance.py:2614} INFO - Dependencies all met for dep_context=requeueable deps ti=<TaskInstance: mini_riskagent_file_ingestion.wait_for_csv scheduled__2026-09-05T18:34:00+00:00 [queued]>
[2026-09-05T21:28:38.124+0200] {taskinstance.py:2867} INFO - Starting attempt 1 of 2
[2026-09-05T21:28:38.126+0200] {taskinstance.py:2890} INFO - Executing <Task(PythonSensor): wait_for_csv> on 2026-09-05 18:34:00+00:00
[2026-09-05T21:28:38.131+0200] {logging_mixin.py:190} WARNING - /Users/swarnalidatta/Desktop/AutoQueryChatbot/.airflow-venv/lib/python3.12/site-packages/airflow/task/task_runner/standard_task_runner.py:70 DeprecationWarning: This process (pid=48656) is multi-threaded, use of fork() may lead to deadlocks in the child.
[2026-09-05T21:28:38.132+0200] {standard_task_runner.py:72} INFO - Started process 48658 to run task
[2026-09-05T21:28:38.131+0200] {standard_task_runner.py:104} INFO - Running: ['airflow', 'tasks', 'run', 'mini_riskagent_file_ingestion', 'wait_for_csv', 'scheduled__2026-09-05T18:34:00+00:00', '--job-id', '2838', '--raw', '--subdir', 'DAGS_FOLDER/data_ingest_pipeline.py', '--cfg-path', '/var/folders/5p/201rr1sj03g8gksxm9x48mbh0000gn/T/tmpmrrlwvic']
[2026-09-05T21:28:38.132+0200] {standard_task_runner.py:105} INFO - Job 2838: Subtask wait_for_csv
[2026-09-05T21:28:38.147+0200] {task_command.py:467} INFO - Running <TaskInstance: mini_riskagent_file_ingestion.wait_for_csv scheduled__2026-09-05T18:34:00+00:00 [running]> on host mac.home
[2026-09-05T21:28:38.162+0200] {taskinstance.py:3134} INFO - Exporting env vars: AIRFLOW_CTX_DAG_OWNER='autoquery' AIRFLOW_CTX_DAG_ID='mini_riskagent_file_ingestion' AIRFLOW_CTX_TASK_ID='wait_for_csv' AIRFLOW_CTX_EXECUTION_DATE='2026-09-05T18:34:00+00:00' AIRFLOW_CTX_TRY_NUMBER='1' AIRFLOW_CTX_DAG_RUN_ID='scheduled__2026-09-05T18:34:00+00:00'
[2026-09-05T21:28:38.163+0200] {logging_mixin.py:190} INFO - Task instance is in running state
[2026-09-05T21:28:38.163+0200] {logging_mixin.py:190} INFO -  Previous state of the Task instance: queued
[2026-09-05T21:28:38.163+0200] {logging_mixin.py:190} INFO - Current task name:wait_for_csv state:running start_date:2026-09-05 19:28:38.122792+00:00
[2026-09-05T21:28:38.163+0200] {logging_mixin.py:190} INFO - Dag name:mini_riskagent_file_ingestion and current dag run status:running
[2026-09-05T21:28:38.163+0200] {taskinstance.py:732} INFO - ::endgroup::
[2026-09-05T21:28:38.165+0200] {python.py:75} INFO - Poking callable: <function check_for_csv_files at 0x10d482b60>
[2026-09-05T21:28:38.168+0200] {taskinstance.py:310} INFO - Rescheduling task, marking task as UP_FOR_RESCHEDULE
[2026-09-05T21:28:38.168+0200] {taskinstance.py:341} INFO - ::group::Post task execution logs
[2026-09-05T21:28:38.190+0200] {local_task_job_runner.py:266} INFO - Task exited with return code 0
[2026-09-05T21:28:38.197+0200] {taskinstance.py:3901} INFO - 0 downstream tasks scheduled from follow-on schedule check
[2026-09-05T21:28:38.198+0200] {local_task_job_runner.py:245} INFO - ::endgroup::
[2026-09-05T21:29:11.180+0200] {local_task_job_runner.py:123} INFO - ::group::Pre task execution logs
[2026-09-05T21:29:11.183+0200] {taskinstance.py:2614} INFO - Dependencies all met for dep_context=non-requeueable deps ti=<TaskInstance: mini_riskagent_file_ingestion.wait_for_csv scheduled__2026-09-05T18:34:00+00:00 [queued]>
[2026-09-05T21:29:11.184+0200] {taskinstance.py:2614} INFO - Dependencies all met for dep_context=requeueable deps ti=<TaskInstance: mini_riskagent_file_ingestion.wait_for_csv scheduled__2026-09-05T18:34:00+00:00 [queued]>
[2026-09-05T21:29:11.184+0200] {taskinstance.py:2867} INFO - Starting attempt 1 of 2
[2026-09-05T21:29:11.187+0200] {taskinstance.py:2890} INFO - Executing <Task(PythonSensor): wait_for_csv> on 2026-09-05 18:34:00+00:00
[2026-09-05T21:29:11.192+0200] {logging_mixin.py:190} WARNING - /Users/swarnalidatta/Desktop/AutoQueryChatbot/.airflow-venv/lib/python3.12/site-packages/airflow/task/task_runner/standard_task_runner.py:70 DeprecationWarning: This process (pid=48757) is multi-threaded, use of fork() may lead to deadlocks in the child.
[2026-09-05T21:29:11.192+0200] {standard_task_runner.py:72} INFO - Started process 48759 to run task
[2026-09-05T21:29:11.191+0200] {standard_task_runner.py:104} INFO - Running: ['airflow', 'tasks', 'run', 'mini_riskagent_file_ingestion', 'wait_for_csv', 'scheduled__2026-09-05T18:34:00+00:00', '--job-id', '2851', '--raw', '--subdir', 'DAGS_FOLDER/data_ingest_pipeline.py', '--cfg-path', '/var/folders/5p/201rr1sj03g8gksxm9x48mbh0000gn/T/tmpjul70nww']
[2026-09-05T21:29:11.192+0200] {standard_task_runner.py:105} INFO - Job 2851: Subtask wait_for_csv
[2026-09-05T21:29:11.205+0200] {task_command.py:467} INFO - Running <TaskInstance: mini_riskagent_file_ingestion.wait_for_csv scheduled__2026-09-05T18:34:00+00:00 [running]> on host mac.home
[2026-09-05T21:29:11.220+0200] {taskinstance.py:3134} INFO - Exporting env vars: AIRFLOW_CTX_DAG_OWNER='autoquery' AIRFLOW_CTX_DAG_ID='mini_riskagent_file_ingestion' AIRFLOW_CTX_TASK_ID='wait_for_csv' AIRFLOW_CTX_EXECUTION_DATE='2026-09-05T18:34:00+00:00' AIRFLOW_CTX_TRY_NUMBER='1' AIRFLOW_CTX_DAG_RUN_ID='scheduled__2026-09-05T18:34:00+00:00'
[2026-09-05T21:29:11.221+0200] {logging_mixin.py:190} INFO - Task instance is in running state
[2026-09-05T21:29:11.221+0200] {logging_mixin.py:190} INFO -  Previous state of the Task instance: queued
[2026-09-05T21:29:11.221+0200] {logging_mixin.py:190} INFO - Current task name:wait_for_csv state:running start_date:2026-09-05 19:29:11.183386+00:00
[2026-09-05T21:29:11.221+0200] {logging_mixin.py:190} INFO - Dag name:mini_riskagent_file_ingestion and current dag run status:running
[2026-09-05T21:29:11.222+0200] {taskinstance.py:732} INFO - ::endgroup::
[2026-09-05T21:29:11.223+0200] {python.py:75} INFO - Poking callable: <function check_for_csv_files at 0x10b12eb60>
[2026-09-05T21:29:11.226+0200] {taskinstance.py:310} INFO - Rescheduling task, marking task as UP_FOR_RESCHEDULE
[2026-09-05T21:29:11.226+0200] {taskinstance.py:341} INFO - ::group::Post task execution logs
[2026-09-05T21:29:11.251+0200] {local_task_job_runner.py:266} INFO - Task exited with return code 0
[2026-09-05T21:29:11.258+0200] {taskinstance.py:3901} INFO - 0 downstream tasks scheduled from follow-on schedule check
[2026-09-05T21:29:11.258+0200] {local_task_job_runner.py:245} INFO - ::endgroup::
[2026-09-05T21:45:41.492+0200] {local_task_job_runner.py:123} INFO - ::group::Pre task execution logs
[2026-09-05T21:45:41.494+0200] {taskinstance.py:2614} INFO - Dependencies all met for dep_context=non-requeueable deps ti=<TaskInstance: mini_riskagent_file_ingestion.wait_for_csv scheduled__2026-09-05T18:34:00+00:00 [queued]>
[2026-09-05T21:45:41.496+0200] {taskinstance.py:2614} INFO - Dependencies all met for dep_context=requeueable deps ti=<TaskInstance: mini_riskagent_file_ingestion.wait_for_csv scheduled__2026-09-05T18:34:00+00:00 [queued]>
[2026-09-05T21:45:41.496+0200] {taskinstance.py:2867} INFO - Starting attempt 1 of 2
[2026-09-05T21:45:41.499+0200] {taskinstance.py:2890} INFO - Executing <Task(PythonSensor): wait_for_csv> on 2026-09-05 18:34:00+00:00
[2026-09-05T21:45:41.504+0200] {logging_mixin.py:190} WARNING - /Users/swarnalidatta/Desktop/AutoQueryChatbot/.airflow-venv/lib/python3.12/site-packages/airflow/task/task_runner/standard_task_runner.py:70 DeprecationWarning: This process (pid=48830) is multi-threaded, use of fork() may lead to deadlocks in the child.
[2026-09-05T21:45:41.504+0200] {standard_task_runner.py:72} INFO - Started process 48835 to run task
[2026-09-05T21:45:41.504+0200] {standard_task_runner.py:104} INFO - Running: ['airflow', 'tasks', 'run', 'mini_riskagent_file_ingestion', 'wait_for_csv', 'scheduled__2026-09-05T18:34:00+00:00', '--job-id', '2862', '--raw', '--subdir', 'DAGS_FOLDER/data_ingest_pipeline.py', '--cfg-path', '/var/folders/5p/201rr1sj03g8gksxm9x48mbh0000gn/T/tmpoxqw4xo3']
[2026-09-05T21:45:41.505+0200] {standard_task_runner.py:105} INFO - Job 2862: Subtask wait_for_csv
[2026-09-05T21:45:41.518+0200] {task_command.py:467} INFO - Running <TaskInstance: mini_riskagent_file_ingestion.wait_for_csv scheduled__2026-09-05T18:34:00+00:00 [running]> on host mac.home
[2026-09-05T21:45:41.533+0200] {taskinstance.py:3134} INFO - Exporting env vars: AIRFLOW_CTX_DAG_OWNER='autoquery' AIRFLOW_CTX_DAG_ID='mini_riskagent_file_ingestion' AIRFLOW_CTX_TASK_ID='wait_for_csv' AIRFLOW_CTX_EXECUTION_DATE='2026-09-05T18:34:00+00:00' AIRFLOW_CTX_TRY_NUMBER='1' AIRFLOW_CTX_DAG_RUN_ID='scheduled__2026-09-05T18:34:00+00:00'
[2026-09-05T21:45:41.534+0200] {logging_mixin.py:190} INFO - Task instance is in running state
[2026-09-05T21:45:41.534+0200] {logging_mixin.py:190} INFO -  Previous state of the Task instance: queued
[2026-09-05T21:45:41.534+0200] {logging_mixin.py:190} INFO - Current task name:wait_for_csv state:running start_date:2026-09-05 19:45:41.495025+00:00
[2026-09-05T21:45:41.534+0200] {logging_mixin.py:190} INFO - Dag name:mini_riskagent_file_ingestion and current dag run status:running
[2026-09-05T21:45:41.534+0200] {taskinstance.py:732} INFO - ::endgroup::
[2026-09-05T21:45:41.536+0200] {python.py:75} INFO - Poking callable: <function check_for_csv_files at 0x10d912b60>
[2026-09-05T21:45:41.536+0200] {taskinstance.py:3313} ERROR - Task failed with exception
Traceback (most recent call last):
  File "/Users/swarnalidatta/Desktop/AutoQueryChatbot/.airflow-venv/lib/python3.12/site-packages/airflow/models/taskinstance.py", line 768, in _execute_task
    result = _execute_callable(context=context, **execute_callable_kwargs)
             ^^^^^^^^^^^^^^^^^^^^^^^^^^^^^^^^^^^^^^^^^^^^^^^^^^^^^^^^^^^^^
  File "/Users/swarnalidatta/Desktop/AutoQueryChatbot/.airflow-venv/lib/python3.12/site-packages/airflow/models/taskinstance.py", line 734, in _execute_callable
    return ExecutionCallableRunner(
           ^^^^^^^^^^^^^^^^^^^^^^^^
  File "/Users/swarnalidatta/Desktop/AutoQueryChatbot/.airflow-venv/lib/python3.12/site-packages/airflow/utils/operator_helpers.py", line 252, in run
    return self.func(*args, **kwargs)
           ^^^^^^^^^^^^^^^^^^^^^^^^^^
  File "/Users/swarnalidatta/Desktop/AutoQueryChatbot/.airflow-venv/lib/python3.12/site-packages/airflow/models/baseoperator.py", line 424, in wrapper
    return func(self, *args, **kwargs)
           ^^^^^^^^^^^^^^^^^^^^^^^^^^^
  File "/Users/swarnalidatta/Desktop/AutoQueryChatbot/.airflow-venv/lib/python3.12/site-packages/airflow/sensors/base.py", line 326, in execute
    raise AirflowSensorTimeout(message)
airflow.exceptions.AirflowSensorTimeout: Sensor has timed out; run duration of 4238.480699 seconds exceeds the specified timeout of 3600.0.
[2026-09-05T21:45:41.537+0200] {logging_mixin.py:190} INFO - Task instance in failure state
[2026-09-05T21:45:41.538+0200] {logging_mixin.py:190} INFO - Task start:2026-09-05 19:45:41.495025+00:00 end:2026-09-05 19:45:41.537811+00:00 duration:0.042786
[2026-09-05T21:45:41.538+0200] {logging_mixin.py:190} INFO - Task:<Task(PythonSensor): wait_for_csv> dag:<DAG: mini_riskagent_file_ingestion> dagrun:<DagRun mini_riskagent_file_ingestion @ 2026-09-05 18:34:00+00:00: scheduled__2026-09-05T18:34:00+00:00, state:running, queued_at: 2026-09-05 18:35:02.045327+00:00. externally triggered: False>
[2026-09-05T21:45:41.538+0200] {logging_mixin.py:190} INFO - Failure caused by Sensor has timed out; run duration of 4238.480699 seconds exceeds the specified timeout of 3600.0.
[2026-09-05T21:45:41.538+0200] {taskinstance.py:1226} INFO - Immediate failure requested. Marking task as FAILED. dag_id=mini_riskagent_file_ingestion, task_id=wait_for_csv, run_id=scheduled__2026-09-05T18:34:00+00:00, execution_date=20260905T183400, start_date=20260905T194541, end_date=20260905T194541
[2026-09-05T21:45:41.542+0200] {taskinstance.py:341} INFO - ::group::Post task execution logs
[2026-09-05T21:45:41.542+0200] {standard_task_runner.py:124} ERROR - Failed to execute job 2862 for task wait_for_csv (Sensor has timed out; run duration of 4238.480699 seconds exceeds the specified timeout of 3600.0.; 48835)
Traceback (most recent call last):
  File "/Users/swarnalidatta/Desktop/AutoQueryChatbot/.airflow-venv/lib/python3.12/site-packages/airflow/task/task_runner/standard_task_runner.py", line 117, in _start_by_fork
    ret = args.func(args, dag=self.dag)
          ^^^^^^^^^^^^^^^^^^^^^^^^^^^^^
  File "/Users/swarnalidatta/Desktop/AutoQueryChatbot/.airflow-venv/lib/python3.12/site-packages/airflow/cli/cli_config.py", line 49, in command
    return func(*args, **kwargs)
           ^^^^^^^^^^^^^^^^^^^^^
  File "/Users/swarnalidatta/Desktop/AutoQueryChatbot/.airflow-venv/lib/python3.12/site-packages/airflow/utils/cli.py", line 116, in wrapper
    return f(*args, **kwargs)
           ^^^^^^^^^^^^^^^^^^
  File "/Users/swarnalidatta/Desktop/AutoQueryChatbot/.airflow-venv/lib/python3.12/site-packages/airflow/cli/commands/task_command.py", line 483, in task_run
    task_return_code = _run_task_by_selected_method(args, _dag, ti)
                       ^^^^^^^^^^^^^^^^^^^^^^^^^^^^^^^^^^^^^^^^^^^^
  File "/Users/swarnalidatta/Desktop/AutoQueryChatbot/.airflow-venv/lib/python3.12/site-packages/airflow/cli/commands/task_command.py", line 256, in _run_task_by_selected_method
    return _run_raw_task(args, ti)
           ^^^^^^^^^^^^^^^^^^^^^^^
  File "/Users/swarnalidatta/Desktop/AutoQueryChatbot/.airflow-venv/lib/python3.12/site-packages/airflow/cli/commands/task_command.py", line 341, in _run_raw_task
    return ti._run_raw_task(
           ^^^^^^^^^^^^^^^^^
  File "/Users/swarnalidatta/Desktop/AutoQueryChatbot/.airflow-venv/lib/python3.12/site-packages/airflow/utils/session.py", line 97, in wrapper
    return func(*args, session=session, **kwargs)
           ^^^^^^^^^^^^^^^^^^^^^^^^^^^^^^^^^^^^^^
  File "/Users/swarnalidatta/Desktop/AutoQueryChatbot/.airflow-venv/lib/python3.12/site-packages/airflow/models/taskinstance.py", line 3006, in _run_raw_task
    return _run_raw_task(
           ^^^^^^^^^^^^^^
  File "/Users/swarnalidatta/Desktop/AutoQueryChatbot/.airflow-venv/lib/python3.12/site-packages/airflow/models/taskinstance.py", line 274, in _run_raw_task
    TaskInstance._execute_task_with_callbacks(
  File "/Users/swarnalidatta/Desktop/AutoQueryChatbot/.airflow-venv/lib/python3.12/site-packages/airflow/models/taskinstance.py", line 3161, in _execute_task_with_callbacks
    result = self._execute_task(context, task_orig)
             ^^^^^^^^^^^^^^^^^^^^^^^^^^^^^^^^^^^^^^
  File "/Users/swarnalidatta/Desktop/AutoQueryChatbot/.airflow-venv/lib/python3.12/site-packages/airflow/models/taskinstance.py", line 3185, in _execute_task
    return _execute_task(self, context, task_orig)
           ^^^^^^^^^^^^^^^^^^^^^^^^^^^^^^^^^^^^^^^
  File "/Users/swarnalidatta/Desktop/AutoQueryChatbot/.airflow-venv/lib/python3.12/site-packages/airflow/models/taskinstance.py", line 768, in _execute_task
    result = _execute_callable(context=context, **execute_callable_kwargs)
             ^^^^^^^^^^^^^^^^^^^^^^^^^^^^^^^^^^^^^^^^^^^^^^^^^^^^^^^^^^^^^
  File "/Users/swarnalidatta/Desktop/AutoQueryChatbot/.airflow-venv/lib/python3.12/site-packages/airflow/models/taskinstance.py", line 734, in _execute_callable
    return ExecutionCallableRunner(
           ^^^^^^^^^^^^^^^^^^^^^^^^
  File "/Users/swarnalidatta/Desktop/AutoQueryChatbot/.airflow-venv/lib/python3.12/site-packages/airflow/utils/operator_helpers.py", line 252, in run
    return self.func(*args, **kwargs)
           ^^^^^^^^^^^^^^^^^^^^^^^^^^
  File "/Users/swarnalidatta/Desktop/AutoQueryChatbot/.airflow-venv/lib/python3.12/site-packages/airflow/models/baseoperator.py", line 424, in wrapper
    return func(self, *args, **kwargs)
           ^^^^^^^^^^^^^^^^^^^^^^^^^^^
  File "/Users/swarnalidatta/Desktop/AutoQueryChatbot/.airflow-venv/lib/python3.12/site-packages/airflow/sensors/base.py", line 326, in execute
    raise AirflowSensorTimeout(message)
airflow.exceptions.AirflowSensorTimeout: Sensor has timed out; run duration of 4238.480699 seconds exceeds the specified timeout of 3600.0.
[2026-09-05T21:45:41.564+0200] {local_task_job_runner.py:266} INFO - Task exited with return code 1
[2026-09-05T21:45:41.571+0200] {taskinstance.py:3901} INFO - 0 downstream tasks scheduled from follow-on schedule check
[2026-09-05T21:45:41.572+0200] {local_task_job_runner.py:245} INFO - ::endgroup::
