[2026-09-17T21:15:21.264+0200] {local_task_job_runner.py:123} INFO - ::group::Pre task execution logs
[2026-09-17T21:15:21.266+0200] {taskinstance.py:2614} INFO - Dependencies all met for dep_context=non-requeueable deps ti=<TaskInstance: mini_riskagent_file_ingestion.wait_for_csv scheduled__2026-09-17T19:14:00+00:00 [queued]>
[2026-09-17T21:15:21.268+0200] {taskinstance.py:2614} INFO - Dependencies all met for dep_context=requeueable deps ti=<TaskInstance: mini_riskagent_file_ingestion.wait_for_csv scheduled__2026-09-17T19:14:00+00:00 [queued]>
[2026-09-17T21:15:21.268+0200] {taskinstance.py:2867} INFO - Starting attempt 1 of 2
[2026-09-17T21:15:21.271+0200] {taskinstance.py:2890} INFO - Executing <Task(PythonSensor): wait_for_csv> on 2026-09-17 19:14:00+00:00
[2026-09-17T21:15:21.275+0200] {logging_mixin.py:190} WARNING - /Users/swarnalidatta/Desktop/AutoQueryChatbot/.airflow-venv/lib/python3.12/site-packages/airflow/task/task_runner/standard_task_runner.py:70 DeprecationWarning: This process (pid=91178) is multi-threaded, use of fork() may lead to deadlocks in the child.
[2026-09-17T21:15:21.276+0200] {standard_task_runner.py:72} INFO - Started process 91184 to run task
[2026-09-17T21:15:21.275+0200] {standard_task_runner.py:104} INFO - Running: ['airflow', 'tasks', 'run', 'mini_riskagent_file_ingestion', 'wait_for_csv', 'scheduled__2026-09-17T19:14:00+00:00', '--job-id', '4417', '--raw', '--subdir', 'DAGS_FOLDER/data_ingest_pipeline.py', '--cfg-path', '/var/folders/5p/201rr1sj03g8gksxm9x48mbh0000gn/T/tmplw6qaupu']
[2026-09-17T21:15:21.276+0200] {standard_task_runner.py:105} INFO - Job 4417: Subtask wait_for_csv
[2026-09-17T21:15:21.290+0200] {task_command.py:467} INFO - Running <TaskInstance: mini_riskagent_file_ingestion.wait_for_csv scheduled__2026-09-17T19:14:00+00:00 [running]> on host mac.home
[2026-09-17T21:15:21.306+0200] {taskinstance.py:3134} INFO - Exporting env vars: AIRFLOW_CTX_DAG_OWNER='autoquery' AIRFLOW_CTX_DAG_ID='mini_riskagent_file_ingestion' AIRFLOW_CTX_TASK_ID='wait_for_csv' AIRFLOW_CTX_EXECUTION_DATE='2026-09-17T19:14:00+00:00' AIRFLOW_CTX_TRY_NUMBER='1' AIRFLOW_CTX_DAG_RUN_ID='scheduled__2026-09-17T19:14:00+00:00'
[2026-09-17T21:15:21.307+0200] {logging_mixin.py:190} INFO - Task instance is in running state
[2026-09-17T21:15:21.307+0200] {logging_mixin.py:190} INFO -  Previous state of the Task instance: queued
[2026-09-17T21:15:21.307+0200] {logging_mixin.py:190} INFO - Current task name:wait_for_csv state:running start_date:2026-09-17 19:15:21.266906+00:00
[2026-09-17T21:15:21.307+0200] {logging_mixin.py:190} INFO - Dag name:mini_riskagent_file_ingestion and current dag run status:running
[2026-09-17T21:15:21.307+0200] {taskinstance.py:732} INFO - ::endgroup::
[2026-09-17T21:15:21.309+0200] {python.py:75} INFO - Poking callable: <function check_for_csv_files at 0x10cf82b60>
[2026-09-17T21:15:21.312+0200] {taskinstance.py:310} INFO - Rescheduling task, marking task as UP_FOR_RESCHEDULE
[2026-09-17T21:15:21.312+0200] {taskinstance.py:341} INFO - ::group::Post task execution logs
[2026-09-17T21:15:21.331+0200] {local_task_job_runner.py:266} INFO - Task exited with return code 0
[2026-09-17T21:15:21.338+0200] {taskinstance.py:3901} INFO - 0 downstream tasks scheduled from follow-on schedule check
[2026-09-17T21:15:21.338+0200] {local_task_job_runner.py:245} INFO - ::endgroup::
[2026-09-17T21:15:53.129+0200] {local_task_job_runner.py:123} INFO - ::group::Pre task execution logs
[2026-09-17T21:15:53.132+0200] {taskinstance.py:2614} INFO - Dependencies all met for dep_context=non-requeueable deps ti=<TaskInstance: mini_riskagent_file_ingestion.wait_for_csv scheduled__2026-09-17T19:14:00+00:00 [queued]>
[2026-09-17T21:15:53.133+0200] {taskinstance.py:2614} INFO - Dependencies all met for dep_context=requeueable deps ti=<TaskInstance: mini_riskagent_file_ingestion.wait_for_csv scheduled__2026-09-17T19:14:00+00:00 [queued]>
[2026-09-17T21:15:53.133+0200] {taskinstance.py:2867} INFO - Starting attempt 1 of 2
[2026-09-17T21:15:53.136+0200] {taskinstance.py:2890} INFO - Executing <Task(PythonSensor): wait_for_csv> on 2026-09-17 19:14:00+00:00
[2026-09-17T21:15:53.141+0200] {logging_mixin.py:190} WARNING - /Users/swarnalidatta/Desktop/AutoQueryChatbot/.airflow-venv/lib/python3.12/site-packages/airflow/task/task_runner/standard_task_runner.py:70 DeprecationWarning: This process (pid=91256) is multi-threaded, use of fork() may lead to deadlocks in the child.
[2026-09-17T21:15:53.142+0200] {standard_task_runner.py:72} INFO - Started process 91258 to run task
[2026-09-17T21:15:53.141+0200] {standard_task_runner.py:104} INFO - Running: ['airflow', 'tasks', 'run', 'mini_riskagent_file_ingestion', 'wait_for_csv', 'scheduled__2026-09-17T19:14:00+00:00', '--job-id', '4418', '--raw', '--subdir', 'DAGS_FOLDER/data_ingest_pipeline.py', '--cfg-path', '/var/folders/5p/201rr1sj03g8gksxm9x48mbh0000gn/T/tmpe1y6lr35']
[2026-09-17T21:15:53.142+0200] {standard_task_runner.py:105} INFO - Job 4418: Subtask wait_for_csv
[2026-09-17T21:15:53.156+0200] {task_command.py:467} INFO - Running <TaskInstance: mini_riskagent_file_ingestion.wait_for_csv scheduled__2026-09-17T19:14:00+00:00 [running]> on host mac.home
[2026-09-17T21:15:53.172+0200] {taskinstance.py:3134} INFO - Exporting env vars: AIRFLOW_CTX_DAG_OWNER='autoquery' AIRFLOW_CTX_DAG_ID='mini_riskagent_file_ingestion' AIRFLOW_CTX_TASK_ID='wait_for_csv' AIRFLOW_CTX_EXECUTION_DATE='2026-09-17T19:14:00+00:00' AIRFLOW_CTX_TRY_NUMBER='1' AIRFLOW_CTX_DAG_RUN_ID='scheduled__2026-09-17T19:14:00+00:00'
[2026-09-17T21:15:53.172+0200] {logging_mixin.py:190} INFO - Task instance is in running state
[2026-09-17T21:15:53.173+0200] {logging_mixin.py:190} INFO -  Previous state of the Task instance: queued
[2026-09-17T21:15:53.173+0200] {logging_mixin.py:190} INFO - Current task name:wait_for_csv state:running start_date:2026-09-17 19:15:53.132364+00:00
[2026-09-17T21:15:53.173+0200] {logging_mixin.py:190} INFO - Dag name:mini_riskagent_file_ingestion and current dag run status:running
[2026-09-17T21:15:53.173+0200] {taskinstance.py:732} INFO - ::endgroup::
[2026-09-17T21:15:53.175+0200] {python.py:75} INFO - Poking callable: <function check_for_csv_files at 0x112e96b60>
[2026-09-17T21:15:53.175+0200] {base.py:339} INFO - Success criteria met. Exiting.
[2026-09-17T21:15:53.176+0200] {taskinstance.py:341} INFO - ::group::Post task execution logs
[2026-09-17T21:15:53.177+0200] {taskinstance.py:353} INFO - Marking task as SUCCESS. dag_id=mini_riskagent_file_ingestion, task_id=wait_for_csv, run_id=scheduled__2026-09-17T19:14:00+00:00, execution_date=20260917T191400, start_date=20260917T191553, end_date=20260917T191553
[2026-09-17T21:15:53.181+0200] {logging_mixin.py:190} INFO - Task instance in success state
[2026-09-17T21:15:53.181+0200] {logging_mixin.py:190} INFO -  Previous state of the Task instance: running
[2026-09-17T21:15:53.182+0200] {logging_mixin.py:190} INFO - Dag name:mini_riskagent_file_ingestion queued_at:2026-09-17 19:15:20.364785+00:00
[2026-09-17T21:15:53.182+0200] {logging_mixin.py:190} INFO - Task hostname:mac.home operator:PythonSensor
[2026-09-17T21:15:53.197+0200] {local_task_job_runner.py:266} INFO - Task exited with return code 0
[2026-09-17T21:15:53.205+0200] {taskinstance.py:3901} INFO - 1 downstream tasks scheduled from follow-on schedule check
[2026-09-17T21:15:53.205+0200] {local_task_job_runner.py:245} INFO - ::endgroup::
