[2026-09-19T08:50:33.641+0200] {local_task_job_runner.py:123} INFO - ::group::Pre task execution logs
[2026-09-19T08:50:33.644+0200] {taskinstance.py:2614} INFO - Dependencies all met for dep_context=non-requeueable deps ti=<TaskInstance: mini_riskagent_file_ingestion.wait_for_csv scheduled__2026-09-19T06:34:00+00:00 [queued]>
[2026-09-19T08:50:33.646+0200] {taskinstance.py:2614} INFO - Dependencies all met for dep_context=requeueable deps ti=<TaskInstance: mini_riskagent_file_ingestion.wait_for_csv scheduled__2026-09-19T06:34:00+00:00 [queued]>
[2026-09-19T08:50:33.646+0200] {taskinstance.py:2867} INFO - Starting attempt 1 of 2
[2026-09-19T08:50:33.649+0200] {taskinstance.py:2890} INFO - Executing <Task(PythonSensor): wait_for_csv> on 2026-09-19 06:34:00+00:00
[2026-09-19T08:50:33.653+0200] {logging_mixin.py:190} WARNING - /Users/swarnalidatta/Desktop/AutoQueryChatbot/.airflow-venv/lib/python3.12/site-packages/airflow/task/task_runner/standard_task_runner.py:70 DeprecationWarning: This process (pid=4026) is multi-threaded, use of fork() may lead to deadlocks in the child.
[2026-09-19T08:50:33.654+0200] {standard_task_runner.py:72} INFO - Started process 4028 to run task
[2026-09-19T08:50:33.653+0200] {standard_task_runner.py:104} INFO - Running: ['airflow', 'tasks', 'run', 'mini_riskagent_file_ingestion', 'wait_for_csv', 'scheduled__2026-09-19T06:34:00+00:00', '--job-id', '4667', '--raw', '--subdir', 'DAGS_FOLDER/data_ingest_pipeline.py', '--cfg-path', '/var/folders/5p/201rr1sj03g8gksxm9x48mbh0000gn/T/tmpqjrev17g']
[2026-09-19T08:50:33.654+0200] {standard_task_runner.py:105} INFO - Job 4667: Subtask wait_for_csv
[2026-09-19T08:50:33.668+0200] {task_command.py:467} INFO - Running <TaskInstance: mini_riskagent_file_ingestion.wait_for_csv scheduled__2026-09-19T06:34:00+00:00 [running]> on host mac.home
[2026-09-19T08:50:33.684+0200] {taskinstance.py:3134} INFO - Exporting env vars: AIRFLOW_CTX_DAG_OWNER='autoquery' AIRFLOW_CTX_DAG_ID='mini_riskagent_file_ingestion' AIRFLOW_CTX_TASK_ID='wait_for_csv' AIRFLOW_CTX_EXECUTION_DATE='2026-09-19T06:34:00+00:00' AIRFLOW_CTX_TRY_NUMBER='1' AIRFLOW_CTX_DAG_RUN_ID='scheduled__2026-09-19T06:34:00+00:00'
[2026-09-19T08:50:33.684+0200] {logging_mixin.py:190} INFO - Task instance is in running state
[2026-09-19T08:50:33.684+0200] {logging_mixin.py:190} INFO -  Previous state of the Task instance: queued
[2026-09-19T08:50:33.685+0200] {logging_mixin.py:190} INFO - Current task name:wait_for_csv state:running start_date:2026-09-19 06:50:33.644496+00:00
[2026-09-19T08:50:33.685+0200] {logging_mixin.py:190} INFO - Dag name:mini_riskagent_file_ingestion and current dag run status:running
[2026-09-19T08:50:33.685+0200] {taskinstance.py:732} INFO - ::endgroup::
[2026-09-19T08:50:33.687+0200] {python.py:75} INFO - Poking callable: <function check_for_csv_files at 0x108642b60>
[2026-09-19T08:50:33.690+0200] {taskinstance.py:310} INFO - Rescheduling task, marking task as UP_FOR_RESCHEDULE
[2026-09-19T08:50:33.690+0200] {taskinstance.py:341} INFO - ::group::Post task execution logs
[2026-09-19T08:50:33.713+0200] {local_task_job_runner.py:266} INFO - Task exited with return code 0
[2026-09-19T08:50:33.719+0200] {taskinstance.py:3901} INFO - 0 downstream tasks scheduled from follow-on schedule check
[2026-09-19T08:50:33.720+0200] {local_task_job_runner.py:245} INFO - ::endgroup::
[2026-09-19T09:02:57.866+0200] {local_task_job_runner.py:123} INFO - ::group::Pre task execution logs
[2026-09-19T09:02:57.868+0200] {taskinstance.py:2614} INFO - Dependencies all met for dep_context=non-requeueable deps ti=<TaskInstance: mini_riskagent_file_ingestion.wait_for_csv scheduled__2026-09-19T06:34:00+00:00 [queued]>
[2026-09-19T09:02:57.870+0200] {taskinstance.py:2614} INFO - Dependencies all met for dep_context=requeueable deps ti=<TaskInstance: mini_riskagent_file_ingestion.wait_for_csv scheduled__2026-09-19T06:34:00+00:00 [queued]>
[2026-09-19T09:02:57.870+0200] {taskinstance.py:2867} INFO - Starting attempt 1 of 2
[2026-09-19T09:02:57.873+0200] {taskinstance.py:2890} INFO - Executing <Task(PythonSensor): wait_for_csv> on 2026-09-19 06:34:00+00:00
[2026-09-19T09:02:57.877+0200] {logging_mixin.py:190} WARNING - /Users/swarnalidatta/Desktop/AutoQueryChatbot/.airflow-venv/lib/python3.12/site-packages/airflow/task/task_runner/standard_task_runner.py:70 DeprecationWarning: This process (pid=4045) is multi-threaded, use of fork() may lead to deadlocks in the child.
[2026-09-19T09:02:57.878+0200] {standard_task_runner.py:72} INFO - Started process 4048 to run task
[2026-09-19T09:02:57.877+0200] {standard_task_runner.py:104} INFO - Running: ['airflow', 'tasks', 'run', 'mini_riskagent_file_ingestion', 'wait_for_csv', 'scheduled__2026-09-19T06:34:00+00:00', '--job-id', '4668', '--raw', '--subdir', 'DAGS_FOLDER/data_ingest_pipeline.py', '--cfg-path', '/var/folders/5p/201rr1sj03g8gksxm9x48mbh0000gn/T/tmpbfqag1_1']
[2026-09-19T09:02:57.878+0200] {standard_task_runner.py:105} INFO - Job 4668: Subtask wait_for_csv
[2026-09-19T09:02:57.890+0200] {task_command.py:467} INFO - Running <TaskInstance: mini_riskagent_file_ingestion.wait_for_csv scheduled__2026-09-19T06:34:00+00:00 [running]> on host mac.home
[2026-09-19T09:02:57.905+0200] {taskinstance.py:3134} INFO - Exporting env vars: AIRFLOW_CTX_DAG_OWNER='autoquery' AIRFLOW_CTX_DAG_ID='mini_riskagent_file_ingestion' AIRFLOW_CTX_TASK_ID='wait_for_csv' AIRFLOW_CTX_EXECUTION_DATE='2026-09-19T06:34:00+00:00' AIRFLOW_CTX_TRY_NUMBER='1' AIRFLOW_CTX_DAG_RUN_ID='scheduled__2026-09-19T06:34:00+00:00'
[2026-09-19T09:02:57.906+0200] {logging_mixin.py:190} INFO - Task instance is in running state
[2026-09-19T09:02:57.906+0200] {logging_mixin.py:190} INFO -  Previous state of the Task instance: queued
[2026-09-19T09:02:57.906+0200] {logging_mixin.py:190} INFO - Current task name:wait_for_csv state:running start_date:2026-09-19 07:02:57.868738+00:00
[2026-09-19T09:02:57.906+0200] {logging_mixin.py:190} INFO - Dag name:mini_riskagent_file_ingestion and current dag run status:running
[2026-09-19T09:02:57.907+0200] {taskinstance.py:732} INFO - ::endgroup::
[2026-09-19T09:02:57.908+0200] {python.py:75} INFO - Poking callable: <function check_for_csv_files at 0x10d0b6b60>
[2026-09-19T09:02:57.911+0200] {taskinstance.py:310} INFO - Rescheduling task, marking task as UP_FOR_RESCHEDULE
[2026-09-19T09:02:57.911+0200] {taskinstance.py:341} INFO - ::group::Post task execution logs
[2026-09-19T09:02:57.937+0200] {local_task_job_runner.py:266} INFO - Task exited with return code 0
[2026-09-19T09:02:57.944+0200] {taskinstance.py:3901} INFO - 0 downstream tasks scheduled from follow-on schedule check
[2026-09-19T09:02:57.944+0200] {local_task_job_runner.py:245} INFO - ::endgroup::
[2026-09-19T09:19:35.089+0200] {local_task_job_runner.py:123} INFO - ::group::Pre task execution logs
[2026-09-19T09:19:35.092+0200] {taskinstance.py:2614} INFO - Dependencies all met for dep_context=non-requeueable deps ti=<TaskInstance: mini_riskagent_file_ingestion.wait_for_csv scheduled__2026-09-19T06:34:00+00:00 [queued]>
[2026-09-19T09:19:35.093+0200] {taskinstance.py:2614} INFO - Dependencies all met for dep_context=requeueable deps ti=<TaskInstance: mini_riskagent_file_ingestion.wait_for_csv scheduled__2026-09-19T06:34:00+00:00 [queued]>
[2026-09-19T09:19:35.093+0200] {taskinstance.py:2867} INFO - Starting attempt 1 of 2
[2026-09-19T09:19:35.096+0200] {taskinstance.py:2890} INFO - Executing <Task(PythonSensor): wait_for_csv> on 2026-09-19 06:34:00+00:00
[2026-09-19T09:19:35.100+0200] {logging_mixin.py:190} WARNING - /Users/swarnalidatta/Desktop/AutoQueryChatbot/.airflow-venv/lib/python3.12/site-packages/airflow/task/task_runner/standard_task_runner.py:70 DeprecationWarning: This process (pid=4077) is multi-threaded, use of fork() may lead to deadlocks in the child.
[2026-09-19T09:19:35.101+0200] {standard_task_runner.py:72} INFO - Started process 4079 to run task
[2026-09-19T09:19:35.100+0200] {standard_task_runner.py:104} INFO - Running: ['airflow', 'tasks', 'run', 'mini_riskagent_file_ingestion', 'wait_for_csv', 'scheduled__2026-09-19T06:34:00+00:00', '--job-id', '4669', '--raw', '--subdir', 'DAGS_FOLDER/data_ingest_pipeline.py', '--cfg-path', '/var/folders/5p/201rr1sj03g8gksxm9x48mbh0000gn/T/tmpeloggzkq']
[2026-09-19T09:19:35.101+0200] {standard_task_runner.py:105} INFO - Job 4669: Subtask wait_for_csv
[2026-09-19T09:19:35.115+0200] {task_command.py:467} INFO - Running <TaskInstance: mini_riskagent_file_ingestion.wait_for_csv scheduled__2026-09-19T06:34:00+00:00 [running]> on host mac.home
[2026-09-19T09:19:35.130+0200] {taskinstance.py:3134} INFO - Exporting env vars: AIRFLOW_CTX_DAG_OWNER='autoquery' AIRFLOW_CTX_DAG_ID='mini_riskagent_file_ingestion' AIRFLOW_CTX_TASK_ID='wait_for_csv' AIRFLOW_CTX_EXECUTION_DATE='2026-09-19T06:34:00+00:00' AIRFLOW_CTX_TRY_NUMBER='1' AIRFLOW_CTX_DAG_RUN_ID='scheduled__2026-09-19T06:34:00+00:00'
[2026-09-19T09:19:35.131+0200] {logging_mixin.py:190} INFO - Task instance is in running state
[2026-09-19T09:19:35.131+0200] {logging_mixin.py:190} INFO -  Previous state of the Task instance: queued
[2026-09-19T09:19:35.131+0200] {logging_mixin.py:190} INFO - Current task name:wait_for_csv state:running start_date:2026-09-19 07:19:35.092160+00:00
[2026-09-19T09:19:35.131+0200] {logging_mixin.py:190} INFO - Dag name:mini_riskagent_file_ingestion and current dag run status:running
[2026-09-19T09:19:35.131+0200] {taskinstance.py:732} INFO - ::endgroup::
[2026-09-19T09:19:35.133+0200] {python.py:75} INFO - Poking callable: <function check_for_csv_files at 0x10cf7ab60>
[2026-09-19T09:19:35.137+0200] {taskinstance.py:310} INFO - Rescheduling task, marking task as UP_FOR_RESCHEDULE
[2026-09-19T09:19:35.137+0200] {taskinstance.py:341} INFO - ::group::Post task execution logs
[2026-09-19T09:19:35.160+0200] {local_task_job_runner.py:266} INFO - Task exited with return code 0
[2026-09-19T09:19:35.167+0200] {taskinstance.py:3901} INFO - 0 downstream tasks scheduled from follow-on schedule check
[2026-09-19T09:19:35.167+0200] {local_task_job_runner.py:245} INFO - ::endgroup::
[2026-09-19T09:36:50.491+0200] {local_task_job_runner.py:123} INFO - ::group::Pre task execution logs
[2026-09-19T09:36:50.494+0200] {taskinstance.py:2614} INFO - Dependencies all met for dep_context=non-requeueable deps ti=<TaskInstance: mini_riskagent_file_ingestion.wait_for_csv scheduled__2026-09-19T06:34:00+00:00 [queued]>
[2026-09-19T09:36:50.495+0200] {taskinstance.py:2614} INFO - Dependencies all met for dep_context=requeueable deps ti=<TaskInstance: mini_riskagent_file_ingestion.wait_for_csv scheduled__2026-09-19T06:34:00+00:00 [queued]>
[2026-09-19T09:36:50.495+0200] {taskinstance.py:2867} INFO - Starting attempt 1 of 2
[2026-09-19T09:36:50.498+0200] {taskinstance.py:2890} INFO - Executing <Task(PythonSensor): wait_for_csv> on 2026-09-19 06:34:00+00:00
[2026-09-19T09:36:50.503+0200] {logging_mixin.py:190} WARNING - /Users/swarnalidatta/Desktop/AutoQueryChatbot/.airflow-venv/lib/python3.12/site-packages/airflow/task/task_runner/standard_task_runner.py:70 DeprecationWarning: This process (pid=4094) is multi-threaded, use of fork() may lead to deadlocks in the child.
[2026-09-19T09:36:50.503+0200] {standard_task_runner.py:72} INFO - Started process 4096 to run task
[2026-09-19T09:36:50.503+0200] {standard_task_runner.py:104} INFO - Running: ['airflow', 'tasks', 'run', 'mini_riskagent_file_ingestion', 'wait_for_csv', 'scheduled__2026-09-19T06:34:00+00:00', '--job-id', '4670', '--raw', '--subdir', 'DAGS_FOLDER/data_ingest_pipeline.py', '--cfg-path', '/var/folders/5p/201rr1sj03g8gksxm9x48mbh0000gn/T/tmpy6110kpp']
[2026-09-19T09:36:50.503+0200] {standard_task_runner.py:105} INFO - Job 4670: Subtask wait_for_csv
[2026-09-19T09:36:50.517+0200] {task_command.py:467} INFO - Running <TaskInstance: mini_riskagent_file_ingestion.wait_for_csv scheduled__2026-09-19T06:34:00+00:00 [running]> on host mac.home
[2026-09-19T09:36:50.533+0200] {taskinstance.py:3134} INFO - Exporting env vars: AIRFLOW_CTX_DAG_OWNER='autoquery' AIRFLOW_CTX_DAG_ID='mini_riskagent_file_ingestion' AIRFLOW_CTX_TASK_ID='wait_for_csv' AIRFLOW_CTX_EXECUTION_DATE='2026-09-19T06:34:00+00:00' AIRFLOW_CTX_TRY_NUMBER='1' AIRFLOW_CTX_DAG_RUN_ID='scheduled__2026-09-19T06:34:00+00:00'
[2026-09-19T09:36:50.533+0200] {logging_mixin.py:190} INFO - Task instance is in running state
[2026-09-19T09:36:50.534+0200] {logging_mixin.py:190} INFO -  Previous state of the Task instance: queued
[2026-09-19T09:36:50.534+0200] {logging_mixin.py:190} INFO - Current task name:wait_for_csv state:running start_date:2026-09-19 07:36:50.494557+00:00
[2026-09-19T09:36:50.534+0200] {logging_mixin.py:190} INFO - Dag name:mini_riskagent_file_ingestion and current dag run status:running
[2026-09-19T09:36:50.534+0200] {taskinstance.py:732} INFO - ::endgroup::
[2026-09-19T09:36:50.535+0200] {python.py:75} INFO - Poking callable: <function check_for_csv_files at 0x10abe2b60>
[2026-09-19T09:36:50.539+0200] {taskinstance.py:310} INFO - Rescheduling task, marking task as UP_FOR_RESCHEDULE
[2026-09-19T09:36:50.539+0200] {taskinstance.py:341} INFO - ::group::Post task execution logs
[2026-09-19T09:36:50.563+0200] {local_task_job_runner.py:266} INFO - Task exited with return code 0
[2026-09-19T09:36:50.569+0200] {taskinstance.py:3901} INFO - 0 downstream tasks scheduled from follow-on schedule check
[2026-09-19T09:36:50.569+0200] {local_task_job_runner.py:245} INFO - ::endgroup::
[2026-09-19T09:52:12.381+0200] {local_task_job_runner.py:123} INFO - ::group::Pre task execution logs
[2026-09-19T09:52:12.383+0200] {taskinstance.py:2614} INFO - Dependencies all met for dep_context=non-requeueable deps ti=<TaskInstance: mini_riskagent_file_ingestion.wait_for_csv scheduled__2026-09-19T06:34:00+00:00 [queued]>
[2026-09-19T09:52:12.385+0200] {taskinstance.py:2614} INFO - Dependencies all met for dep_context=requeueable deps ti=<TaskInstance: mini_riskagent_file_ingestion.wait_for_csv scheduled__2026-09-19T06:34:00+00:00 [queued]>
[2026-09-19T09:52:12.385+0200] {taskinstance.py:2867} INFO - Starting attempt 1 of 2
[2026-09-19T09:52:12.388+0200] {taskinstance.py:2890} INFO - Executing <Task(PythonSensor): wait_for_csv> on 2026-09-19 06:34:00+00:00
[2026-09-19T09:52:12.392+0200] {logging_mixin.py:190} WARNING - /Users/swarnalidatta/Desktop/AutoQueryChatbot/.airflow-venv/lib/python3.12/site-packages/airflow/task/task_runner/standard_task_runner.py:70 DeprecationWarning: This process (pid=4109) is multi-threaded, use of fork() may lead to deadlocks in the child.
[2026-09-19T09:52:12.392+0200] {standard_task_runner.py:72} INFO - Started process 4111 to run task
[2026-09-19T09:52:12.392+0200] {standard_task_runner.py:104} INFO - Running: ['airflow', 'tasks', 'run', 'mini_riskagent_file_ingestion', 'wait_for_csv', 'scheduled__2026-09-19T06:34:00+00:00', '--job-id', '4671', '--raw', '--subdir', 'DAGS_FOLDER/data_ingest_pipeline.py', '--cfg-path', '/var/folders/5p/201rr1sj03g8gksxm9x48mbh0000gn/T/tmpkanyojyj']
[2026-09-19T09:52:12.393+0200] {standard_task_runner.py:105} INFO - Job 4671: Subtask wait_for_csv
[2026-09-19T09:52:12.405+0200] {task_command.py:467} INFO - Running <TaskInstance: mini_riskagent_file_ingestion.wait_for_csv scheduled__2026-09-19T06:34:00+00:00 [running]> on host mac.home
[2026-09-19T09:52:12.420+0200] {taskinstance.py:3134} INFO - Exporting env vars: AIRFLOW_CTX_DAG_OWNER='autoquery' AIRFLOW_CTX_DAG_ID='mini_riskagent_file_ingestion' AIRFLOW_CTX_TASK_ID='wait_for_csv' AIRFLOW_CTX_EXECUTION_DATE='2026-09-19T06:34:00+00:00' AIRFLOW_CTX_TRY_NUMBER='1' AIRFLOW_CTX_DAG_RUN_ID='scheduled__2026-09-19T06:34:00+00:00'
[2026-09-19T09:52:12.421+0200] {logging_mixin.py:190} INFO - Task instance is in running state
[2026-09-19T09:52:12.421+0200] {logging_mixin.py:190} INFO -  Previous state of the Task instance: queued
[2026-09-19T09:52:12.421+0200] {logging_mixin.py:190} INFO - Current task name:wait_for_csv state:running start_date:2026-09-19 07:52:12.383975+00:00
[2026-09-19T09:52:12.421+0200] {logging_mixin.py:190} INFO - Dag name:mini_riskagent_file_ingestion and current dag run status:running
[2026-09-19T09:52:12.421+0200] {taskinstance.py:732} INFO - ::endgroup::
[2026-09-19T09:52:12.423+0200] {python.py:75} INFO - Poking callable: <function check_for_csv_files at 0x10b096b60>
[2026-09-19T09:52:12.423+0200] {taskinstance.py:3313} ERROR - Task failed with exception
Traceback (most recent call last):
  File "/Users/swarnalidatta/Desktop/AutoQueryChatbot/.airflow-venv/lib/python3.12/site-packages/airflow/models/taskinstance.py", line 768, in _execute_task
    result = _execute_callable(context=context, **execute_callable_kwargs)
             ^^^^^^^^^^^^^^^^^^^^^^^^^^^^^^^^^^^^^^^^^^^^^^^^^^^^^^^^^^^^^
  File "/Users/swarnalidatta/Desktop/AutoQueryChatbot/.airflow-venv/lib/python3.12/site-packages/airflow/models/taskinstance.py", line 734, in _execute_callable
    return ExecutionCallableRunner(
           ^^^^^^^^^^^^^^^^^^^^^^^^
  File "/Users/swarnalidatta/Desktop/AutoQueryChatbot/.airflow-venv/lib/python3.12/site-packages/airflow/utils/operator_helpers.py", line 252, in run
    return self.func(*args, **kwargs)
           ^^^^^^^^^^^^^^^^^^^^^^^^^^
  File "/Users/swarnalidatta/Desktop/AutoQueryChatbot/.airflow-venv/lib/python3.12/site-packages/airflow/models/baseoperator.py", line 424, in wrapper
    return func(self, *args, **kwargs)
           ^^^^^^^^^^^^^^^^^^^^^^^^^^^
  File "/Users/swarnalidatta/Desktop/AutoQueryChatbot/.airflow-venv/lib/python3.12/site-packages/airflow/sensors/base.py", line 326, in execute
    raise AirflowSensorTimeout(message)
airflow.exceptions.AirflowSensorTimeout: Sensor has timed out; run duration of 3698.749712 seconds exceeds the specified timeout of 3600.0.
[2026-09-19T09:52:12.426+0200] {logging_mixin.py:190} INFO - Task instance in failure state
[2026-09-19T09:52:12.426+0200] {logging_mixin.py:190} INFO - Task start:2026-09-19 07:52:12.383975+00:00 end:2026-09-19 07:52:12.426220+00:00 duration:0.042245
[2026-09-19T09:52:12.426+0200] {logging_mixin.py:190} INFO - Task:<Task(PythonSensor): wait_for_csv> dag:<DAG: mini_riskagent_file_ingestion> dagrun:<DagRun mini_riskagent_file_ingestion @ 2026-09-19 06:34:00+00:00: scheduled__2026-09-19T06:34:00+00:00, state:running, queued_at: 2026-09-19 06:50:32.773396+00:00. externally triggered: False>
[2026-09-19T09:52:12.426+0200] {logging_mixin.py:190} INFO - Failure caused by Sensor has timed out; run duration of 3698.749712 seconds exceeds the specified timeout of 3600.0.
[2026-09-19T09:52:12.427+0200] {taskinstance.py:1226} INFO - Immediate failure requested. Marking task as FAILED. dag_id=mini_riskagent_file_ingestion, task_id=wait_for_csv, run_id=scheduled__2026-09-19T06:34:00+00:00, execution_date=20260919T063400, start_date=20260919T075212, end_date=20260919T075212
[2026-09-19T09:52:12.430+0200] {taskinstance.py:341} INFO - ::group::Post task execution logs
[2026-09-19T09:52:12.430+0200] {standard_task_runner.py:124} ERROR - Failed to execute job 4671 for task wait_for_csv (Sensor has timed out; run duration of 3698.749712 seconds exceeds the specified timeout of 3600.0.; 4111)
Traceback (most recent call last):
  File "/Users/swarnalidatta/Desktop/AutoQueryChatbot/.airflow-venv/lib/python3.12/site-packages/airflow/task/task_runner/standard_task_runner.py", line 117, in _start_by_fork
    ret = args.func(args, dag=self.dag)
          ^^^^^^^^^^^^^^^^^^^^^^^^^^^^^
  File "/Users/swarnalidatta/Desktop/AutoQueryChatbot/.airflow-venv/lib/python3.12/site-packages/airflow/cli/cli_config.py", line 49, in command
    return func(*args, **kwargs)
           ^^^^^^^^^^^^^^^^^^^^^
  File "/Users/swarnalidatta/Desktop/AutoQueryChatbot/.airflow-venv/lib/python3.12/site-packages/airflow/utils/cli.py", line 116, in wrapper
    return f(*args, **kwargs)
           ^^^^^^^^^^^^^^^^^^
  File "/Users/swarnalidatta/Desktop/AutoQueryChatbot/.airflow-venv/lib/python3.12/site-packages/airflow/cli/commands/task_command.py", line 483, in task_run
    task_return_code = _run_task_by_selected_method(args, _dag, ti)
                       ^^^^^^^^^^^^^^^^^^^^^^^^^^^^^^^^^^^^^^^^^^^^
  File "/Users/swarnalidatta/Desktop/AutoQueryChatbot/.airflow-venv/lib/python3.12/site-packages/airflow/cli/commands/task_command.py", line 256, in _run_task_by_selected_method
    return _run_raw_task(args, ti)
           ^^^^^^^^^^^^^^^^^^^^^^^
  File "/Users/swarnalidatta/Desktop/AutoQueryChatbot/.airflow-venv/lib/python3.12/site-packages/airflow/cli/commands/task_command.py", line 341, in _run_raw_task
    return ti._run_raw_task(
           ^^^^^^^^^^^^^^^^^
  File "/Users/swarnalidatta/Desktop/AutoQueryChatbot/.airflow-venv/lib/python3.12/site-packages/airflow/utils/session.py", line 97, in wrapper
    return func(*args, session=session, **kwargs)
           ^^^^^^^^^^^^^^^^^^^^^^^^^^^^^^^^^^^^^^
  File "/Users/swarnalidatta/Desktop/AutoQueryChatbot/.airflow-venv/lib/python3.12/site-packages/airflow/models/taskinstance.py", line 3006, in _run_raw_task
    return _run_raw_task(
           ^^^^^^^^^^^^^^
  File "/Users/swarnalidatta/Desktop/AutoQueryChatbot/.airflow-venv/lib/python3.12/site-packages/airflow/models/taskinstance.py", line 274, in _run_raw_task
    TaskInstance._execute_task_with_callbacks(
  File "/Users/swarnalidatta/Desktop/AutoQueryChatbot/.airflow-venv/lib/python3.12/site-packages/airflow/models/taskinstance.py", line 3161, in _execute_task_with_callbacks
    result = self._execute_task(context, task_orig)
             ^^^^^^^^^^^^^^^^^^^^^^^^^^^^^^^^^^^^^^
  File "/Users/swarnalidatta/Desktop/AutoQueryChatbot/.airflow-venv/lib/python3.12/site-packages/airflow/models/taskinstance.py", line 3185, in _execute_task
    return _execute_task(self, context, task_orig)
           ^^^^^^^^^^^^^^^^^^^^^^^^^^^^^^^^^^^^^^^
  File "/Users/swarnalidatta/Desktop/AutoQueryChatbot/.airflow-venv/lib/python3.12/site-packages/airflow/models/taskinstance.py", line 768, in _execute_task
    result = _execute_callable(context=context, **execute_callable_kwargs)
             ^^^^^^^^^^^^^^^^^^^^^^^^^^^^^^^^^^^^^^^^^^^^^^^^^^^^^^^^^^^^^
  File "/Users/swarnalidatta/Desktop/AutoQueryChatbot/.airflow-venv/lib/python3.12/site-packages/airflow/models/taskinstance.py", line 734, in _execute_callable
    return ExecutionCallableRunner(
           ^^^^^^^^^^^^^^^^^^^^^^^^
  File "/Users/swarnalidatta/Desktop/AutoQueryChatbot/.airflow-venv/lib/python3.12/site-packages/airflow/utils/operator_helpers.py", line 252, in run
    return self.func(*args, **kwargs)
           ^^^^^^^^^^^^^^^^^^^^^^^^^^
  File "/Users/swarnalidatta/Desktop/AutoQueryChatbot/.airflow-venv/lib/python3.12/site-packages/airflow/models/baseoperator.py", line 424, in wrapper
    return func(self, *args, **kwargs)
           ^^^^^^^^^^^^^^^^^^^^^^^^^^^
  File "/Users/swarnalidatta/Desktop/AutoQueryChatbot/.airflow-venv/lib/python3.12/site-packages/airflow/sensors/base.py", line 326, in execute
    raise AirflowSensorTimeout(message)
airflow.exceptions.AirflowSensorTimeout: Sensor has timed out; run duration of 3698.749712 seconds exceeds the specified timeout of 3600.0.
[2026-09-19T09:52:12.452+0200] {local_task_job_runner.py:266} INFO - Task exited with return code 1
[2026-09-19T09:52:12.458+0200] {taskinstance.py:3901} INFO - 0 downstream tasks scheduled from follow-on schedule check
[2026-09-19T09:52:12.459+0200] {local_task_job_runner.py:245} INFO - ::endgroup::
