[2026-09-05T20:09:02.903+0200] {local_task_job_runner.py:123} INFO - ::group::Pre task execution logs
[2026-09-05T20:09:02.906+0200] {taskinstance.py:2614} INFO - Dependencies all met for dep_context=non-requeueable deps ti=<TaskInstance: mini_riskagent_file_ingestion.wait_for_csv scheduled__2026-09-05T18:08:00+00:00 [queued]>
[2026-09-05T20:09:02.908+0200] {taskinstance.py:2614} INFO - Dependencies all met for dep_context=requeueable deps ti=<TaskInstance: mini_riskagent_file_ingestion.wait_for_csv scheduled__2026-09-05T18:08:00+00:00 [queued]>
[2026-09-05T20:09:02.908+0200] {taskinstance.py:2867} INFO - Starting attempt 1 of 2
[2026-09-05T20:09:02.911+0200] {taskinstance.py:2890} INFO - Executing <Task(PythonSensor): wait_for_csv> on 2026-09-05 18:08:00+00:00
[2026-09-05T20:09:02.915+0200] {logging_mixin.py:190} WARNING - /Users/swarnalidatta/Desktop/AutoQueryChatbot/.airflow-venv/lib/python3.12/site-packages/airflow/task/task_runner/standard_task_runner.py:70 DeprecationWarning: This process (pid=39471) is multi-threaded, use of fork() may lead to deadlocks in the child.
[2026-09-05T20:09:02.915+0200] {standard_task_runner.py:72} INFO - Started process 39473 to run task
[2026-09-05T20:09:02.915+0200] {standard_task_runner.py:104} INFO - Running: ['airflow', 'tasks', 'run', 'mini_riskagent_file_ingestion', 'wait_for_csv', 'scheduled__2026-09-05T18:08:00+00:00', '--job-id', '2434', '--raw', '--subdir', 'DAGS_FOLDER/data_ingest_pipeline.py', '--cfg-path', '/var/folders/5p/201rr1sj03g8gksxm9x48mbh0000gn/T/tmpd0sl3brh']
[2026-09-05T20:09:02.916+0200] {standard_task_runner.py:105} INFO - Job 2434: Subtask wait_for_csv
[2026-09-05T20:09:02.930+0200] {task_command.py:467} INFO - Running <TaskInstance: mini_riskagent_file_ingestion.wait_for_csv scheduled__2026-09-05T18:08:00+00:00 [running]> on host mac.home
[2026-09-05T20:09:02.947+0200] {taskinstance.py:3134} INFO - Exporting env vars: AIRFLOW_CTX_DAG_OWNER='autoquery' AIRFLOW_CTX_DAG_ID='mini_riskagent_file_ingestion' AIRFLOW_CTX_TASK_ID='wait_for_csv' AIRFLOW_CTX_EXECUTION_DATE='2026-09-05T18:08:00+00:00' AIRFLOW_CTX_TRY_NUMBER='1' AIRFLOW_CTX_DAG_RUN_ID='scheduled__2026-09-05T18:08:00+00:00'
[2026-09-05T20:09:02.948+0200] {logging_mixin.py:190} INFO - Task instance is in running state
[2026-09-05T20:09:02.948+0200] {logging_mixin.py:190} INFO -  Previous state of the Task instance: queued
[2026-09-05T20:09:02.948+0200] {logging_mixin.py:190} INFO - Current task name:wait_for_csv state:running start_date:2026-09-05 18:09:02.906753+00:00
[2026-09-05T20:09:02.948+0200] {logging_mixin.py:190} INFO - Dag name:mini_riskagent_file_ingestion and current dag run status:running
[2026-09-05T20:09:02.948+0200] {taskinstance.py:732} INFO - ::endgroup::
[2026-09-05T20:09:02.950+0200] {python.py:75} INFO - Poking callable: <function check_for_csv_files at 0x10ac96b60>
[2026-09-05T20:09:02.953+0200] {taskinstance.py:310} INFO - Rescheduling task, marking task as UP_FOR_RESCHEDULE
[2026-09-05T20:09:02.953+0200] {taskinstance.py:341} INFO - ::group::Post task execution logs
[2026-09-05T20:09:02.971+0200] {local_task_job_runner.py:266} INFO - Task exited with return code 0
[2026-09-05T20:09:02.977+0200] {taskinstance.py:3901} INFO - 0 downstream tasks scheduled from follow-on schedule check
[2026-09-05T20:09:02.977+0200] {local_task_job_runner.py:245} INFO - ::endgroup::
[2026-09-05T20:09:34.515+0200] {local_task_job_runner.py:123} INFO - ::group::Pre task execution logs
[2026-09-05T20:09:34.517+0200] {taskinstance.py:2614} INFO - Dependencies all met for dep_context=non-requeueable deps ti=<TaskInstance: mini_riskagent_file_ingestion.wait_for_csv scheduled__2026-09-05T18:08:00+00:00 [queued]>
[2026-09-05T20:09:34.519+0200] {taskinstance.py:2614} INFO - Dependencies all met for dep_context=requeueable deps ti=<TaskInstance: mini_riskagent_file_ingestion.wait_for_csv scheduled__2026-09-05T18:08:00+00:00 [queued]>
[2026-09-05T20:09:34.519+0200] {taskinstance.py:2867} INFO - Starting attempt 1 of 2
[2026-09-05T20:09:34.522+0200] {taskinstance.py:2890} INFO - Executing <Task(PythonSensor): wait_for_csv> on 2026-09-05 18:08:00+00:00
[2026-09-05T20:09:34.526+0200] {logging_mixin.py:190} WARNING - /Users/swarnalidatta/Desktop/AutoQueryChatbot/.airflow-venv/lib/python3.12/site-packages/airflow/task/task_runner/standard_task_runner.py:70 DeprecationWarning: This process (pid=39547) is multi-threaded, use of fork() may lead to deadlocks in the child.
[2026-09-05T20:09:34.527+0200] {standard_task_runner.py:72} INFO - Started process 39549 to run task
[2026-09-05T20:09:34.526+0200] {standard_task_runner.py:104} INFO - Running: ['airflow', 'tasks', 'run', 'mini_riskagent_file_ingestion', 'wait_for_csv', 'scheduled__2026-09-05T18:08:00+00:00', '--job-id', '2439', '--raw', '--subdir', 'DAGS_FOLDER/data_ingest_pipeline.py', '--cfg-path', '/var/folders/5p/201rr1sj03g8gksxm9x48mbh0000gn/T/tmpoxsl5z2f']
[2026-09-05T20:09:34.527+0200] {standard_task_runner.py:105} INFO - Job 2439: Subtask wait_for_csv
[2026-09-05T20:09:34.542+0200] {task_command.py:467} INFO - Running <TaskInstance: mini_riskagent_file_ingestion.wait_for_csv scheduled__2026-09-05T18:08:00+00:00 [running]> on host mac.home
[2026-09-05T20:09:34.557+0200] {taskinstance.py:3134} INFO - Exporting env vars: AIRFLOW_CTX_DAG_OWNER='autoquery' AIRFLOW_CTX_DAG_ID='mini_riskagent_file_ingestion' AIRFLOW_CTX_TASK_ID='wait_for_csv' AIRFLOW_CTX_EXECUTION_DATE='2026-09-05T18:08:00+00:00' AIRFLOW_CTX_TRY_NUMBER='1' AIRFLOW_CTX_DAG_RUN_ID='scheduled__2026-09-05T18:08:00+00:00'
[2026-09-05T20:09:34.558+0200] {logging_mixin.py:190} INFO - Task instance is in running state
[2026-09-05T20:09:34.558+0200] {logging_mixin.py:190} INFO -  Previous state of the Task instance: queued
[2026-09-05T20:09:34.558+0200] {logging_mixin.py:190} INFO - Current task name:wait_for_csv state:running start_date:2026-09-05 18:09:34.517955+00:00
[2026-09-05T20:09:34.558+0200] {logging_mixin.py:190} INFO - Dag name:mini_riskagent_file_ingestion and current dag run status:running
[2026-09-05T20:09:34.559+0200] {taskinstance.py:732} INFO - ::endgroup::
[2026-09-05T20:09:34.560+0200] {python.py:75} INFO - Poking callable: <function check_for_csv_files at 0x112d26b60>
[2026-09-05T20:09:34.563+0200] {taskinstance.py:310} INFO - Rescheduling task, marking task as UP_FOR_RESCHEDULE
[2026-09-05T20:09:34.563+0200] {taskinstance.py:341} INFO - ::group::Post task execution logs
[2026-09-05T20:09:34.583+0200] {local_task_job_runner.py:266} INFO - Task exited with return code 0
[2026-09-05T20:09:34.589+0200] {taskinstance.py:3901} INFO - 0 downstream tasks scheduled from follow-on schedule check
[2026-09-05T20:09:34.589+0200] {local_task_job_runner.py:245} INFO - ::endgroup::
[2026-09-05T20:10:06.801+0200] {local_task_job_runner.py:123} INFO - ::group::Pre task execution logs
[2026-09-05T20:10:06.804+0200] {taskinstance.py:2614} INFO - Dependencies all met for dep_context=non-requeueable deps ti=<TaskInstance: mini_riskagent_file_ingestion.wait_for_csv scheduled__2026-09-05T18:08:00+00:00 [queued]>
[2026-09-05T20:10:06.805+0200] {taskinstance.py:2614} INFO - Dependencies all met for dep_context=requeueable deps ti=<TaskInstance: mini_riskagent_file_ingestion.wait_for_csv scheduled__2026-09-05T18:08:00+00:00 [queued]>
[2026-09-05T20:10:06.805+0200] {taskinstance.py:2867} INFO - Starting attempt 1 of 2
[2026-09-05T20:10:06.808+0200] {taskinstance.py:2890} INFO - Executing <Task(PythonSensor): wait_for_csv> on 2026-09-05 18:08:00+00:00
[2026-09-05T20:10:06.813+0200] {logging_mixin.py:190} WARNING - /Users/swarnalidatta/Desktop/AutoQueryChatbot/.airflow-venv/lib/python3.12/site-packages/airflow/task/task_runner/standard_task_runner.py:70 DeprecationWarning: This process (pid=39633) is multi-threaded, use of fork() may lead to deadlocks in the child.
[2026-09-05T20:10:06.813+0200] {standard_task_runner.py:72} INFO - Started process 39635 to run task
[2026-09-05T20:10:06.812+0200] {standard_task_runner.py:104} INFO - Running: ['airflow', 'tasks', 'run', 'mini_riskagent_file_ingestion', 'wait_for_csv', 'scheduled__2026-09-05T18:08:00+00:00', '--job-id', '2444', '--raw', '--subdir', 'DAGS_FOLDER/data_ingest_pipeline.py', '--cfg-path', '/var/folders/5p/201rr1sj03g8gksxm9x48mbh0000gn/T/tmpk8vxb7d6']
[2026-09-05T20:10:06.813+0200] {standard_task_runner.py:105} INFO - Job 2444: Subtask wait_for_csv
[2026-09-05T20:10:06.827+0200] {task_command.py:467} INFO - Running <TaskInstance: mini_riskagent_file_ingestion.wait_for_csv scheduled__2026-09-05T18:08:00+00:00 [running]> on host mac.home
[2026-09-05T20:10:06.843+0200] {taskinstance.py:3134} INFO - Exporting env vars: AIRFLOW_CTX_DAG_OWNER='autoquery' AIRFLOW_CTX_DAG_ID='mini_riskagent_file_ingestion' AIRFLOW_CTX_TASK_ID='wait_for_csv' AIRFLOW_CTX_EXECUTION_DATE='2026-09-05T18:08:00+00:00' AIRFLOW_CTX_TRY_NUMBER='1' AIRFLOW_CTX_DAG_RUN_ID='scheduled__2026-09-05T18:08:00+00:00'
[2026-09-05T20:10:06.844+0200] {logging_mixin.py:190} INFO - Task instance is in running state
[2026-09-05T20:10:06.844+0200] {logging_mixin.py:190} INFO -  Previous state of the Task instance: queued
[2026-09-05T20:10:06.844+0200] {logging_mixin.py:190} INFO - Current task name:wait_for_csv state:running start_date:2026-09-05 18:10:06.804487+00:00
[2026-09-05T20:10:06.844+0200] {logging_mixin.py:190} INFO - Dag name:mini_riskagent_file_ingestion and current dag run status:running
[2026-09-05T20:10:06.844+0200] {taskinstance.py:732} INFO - ::endgroup::
[2026-09-05T20:10:06.846+0200] {python.py:75} INFO - Poking callable: <function check_for_csv_files at 0x10a6c6b60>
[2026-09-05T20:10:06.849+0200] {taskinstance.py:310} INFO - Rescheduling task, marking task as UP_FOR_RESCHEDULE
[2026-09-05T20:10:06.849+0200] {taskinstance.py:341} INFO - ::group::Post task execution logs
[2026-09-05T20:10:06.869+0200] {local_task_job_runner.py:266} INFO - Task exited with return code 0
[2026-09-05T20:10:06.875+0200] {taskinstance.py:3901} INFO - 0 downstream tasks scheduled from follow-on schedule check
[2026-09-05T20:10:06.875+0200] {local_task_job_runner.py:245} INFO - ::endgroup::
[2026-09-05T20:10:38.087+0200] {local_task_job_runner.py:123} INFO - ::group::Pre task execution logs
[2026-09-05T20:10:38.090+0200] {taskinstance.py:2614} INFO - Dependencies all met for dep_context=non-requeueable deps ti=<TaskInstance: mini_riskagent_file_ingestion.wait_for_csv scheduled__2026-09-05T18:08:00+00:00 [queued]>
[2026-09-05T20:10:38.092+0200] {taskinstance.py:2614} INFO - Dependencies all met for dep_context=requeueable deps ti=<TaskInstance: mini_riskagent_file_ingestion.wait_for_csv scheduled__2026-09-05T18:08:00+00:00 [queued]>
[2026-09-05T20:10:38.092+0200] {taskinstance.py:2867} INFO - Starting attempt 1 of 2
[2026-09-05T20:10:38.095+0200] {taskinstance.py:2890} INFO - Executing <Task(PythonSensor): wait_for_csv> on 2026-09-05 18:08:00+00:00
[2026-09-05T20:10:38.099+0200] {logging_mixin.py:190} WARNING - /Users/swarnalidatta/Desktop/AutoQueryChatbot/.airflow-venv/lib/python3.12/site-packages/airflow/task/task_runner/standard_task_runner.py:70 DeprecationWarning: This process (pid=39720) is multi-threaded, use of fork() may lead to deadlocks in the child.
[2026-09-05T20:10:38.100+0200] {standard_task_runner.py:72} INFO - Started process 39726 to run task
[2026-09-05T20:10:38.099+0200] {standard_task_runner.py:104} INFO - Running: ['airflow', 'tasks', 'run', 'mini_riskagent_file_ingestion', 'wait_for_csv', 'scheduled__2026-09-05T18:08:00+00:00', '--job-id', '2449', '--raw', '--subdir', 'DAGS_FOLDER/data_ingest_pipeline.py', '--cfg-path', '/var/folders/5p/201rr1sj03g8gksxm9x48mbh0000gn/T/tmp1656mpy5']
[2026-09-05T20:10:38.100+0200] {standard_task_runner.py:105} INFO - Job 2449: Subtask wait_for_csv
[2026-09-05T20:10:38.113+0200] {task_command.py:467} INFO - Running <TaskInstance: mini_riskagent_file_ingestion.wait_for_csv scheduled__2026-09-05T18:08:00+00:00 [running]> on host mac.home
[2026-09-05T20:10:38.129+0200] {taskinstance.py:3134} INFO - Exporting env vars: AIRFLOW_CTX_DAG_OWNER='autoquery' AIRFLOW_CTX_DAG_ID='mini_riskagent_file_ingestion' AIRFLOW_CTX_TASK_ID='wait_for_csv' AIRFLOW_CTX_EXECUTION_DATE='2026-09-05T18:08:00+00:00' AIRFLOW_CTX_TRY_NUMBER='1' AIRFLOW_CTX_DAG_RUN_ID='scheduled__2026-09-05T18:08:00+00:00'
[2026-09-05T20:10:38.130+0200] {logging_mixin.py:190} INFO - Task instance is in running state
[2026-09-05T20:10:38.130+0200] {logging_mixin.py:190} INFO -  Previous state of the Task instance: queued
[2026-09-05T20:10:38.130+0200] {logging_mixin.py:190} INFO - Current task name:wait_for_csv state:running start_date:2026-09-05 18:10:38.090739+00:00
[2026-09-05T20:10:38.130+0200] {logging_mixin.py:190} INFO - Dag name:mini_riskagent_file_ingestion and current dag run status:running
[2026-09-05T20:10:38.130+0200] {taskinstance.py:732} INFO - ::endgroup::
[2026-09-05T20:10:38.132+0200] {python.py:75} INFO - Poking callable: <function check_for_csv_files at 0x108a2ab60>
[2026-09-05T20:10:38.135+0200] {taskinstance.py:310} INFO - Rescheduling task, marking task as UP_FOR_RESCHEDULE
[2026-09-05T20:10:38.135+0200] {taskinstance.py:341} INFO - ::group::Post task execution logs
[2026-09-05T20:10:38.155+0200] {local_task_job_runner.py:266} INFO - Task exited with return code 0
[2026-09-05T20:10:38.162+0200] {taskinstance.py:3901} INFO - 0 downstream tasks scheduled from follow-on schedule check
[2026-09-05T20:10:38.162+0200] {local_task_job_runner.py:245} INFO - ::endgroup::
[2026-09-05T20:11:09.495+0200] {local_task_job_runner.py:123} INFO - ::group::Pre task execution logs
[2026-09-05T20:11:09.498+0200] {taskinstance.py:2614} INFO - Dependencies all met for dep_context=non-requeueable deps ti=<TaskInstance: mini_riskagent_file_ingestion.wait_for_csv scheduled__2026-09-05T18:08:00+00:00 [queued]>
[2026-09-05T20:11:09.499+0200] {taskinstance.py:2614} INFO - Dependencies all met for dep_context=requeueable deps ti=<TaskInstance: mini_riskagent_file_ingestion.wait_for_csv scheduled__2026-09-05T18:08:00+00:00 [queued]>
[2026-09-05T20:11:09.499+0200] {taskinstance.py:2867} INFO - Starting attempt 1 of 2
[2026-09-05T20:11:09.502+0200] {taskinstance.py:2890} INFO - Executing <Task(PythonSensor): wait_for_csv> on 2026-09-05 18:08:00+00:00
[2026-09-05T20:11:09.507+0200] {logging_mixin.py:190} WARNING - /Users/swarnalidatta/Desktop/AutoQueryChatbot/.airflow-venv/lib/python3.12/site-packages/airflow/task/task_runner/standard_task_runner.py:70 DeprecationWarning: This process (pid=41030) is multi-threaded, use of fork() may lead to deadlocks in the child.
[2026-09-05T20:11:09.507+0200] {standard_task_runner.py:72} INFO - Started process 41032 to run task
[2026-09-05T20:11:09.507+0200] {standard_task_runner.py:104} INFO - Running: ['airflow', 'tasks', 'run', 'mini_riskagent_file_ingestion', 'wait_for_csv', 'scheduled__2026-09-05T18:08:00+00:00', '--job-id', '2455', '--raw', '--subdir', 'DAGS_FOLDER/data_ingest_pipeline.py', '--cfg-path', '/var/folders/5p/201rr1sj03g8gksxm9x48mbh0000gn/T/tmpw9r0zw40']
[2026-09-05T20:11:09.508+0200] {standard_task_runner.py:105} INFO - Job 2455: Subtask wait_for_csv
[2026-09-05T20:11:09.522+0200] {task_command.py:467} INFO - Running <TaskInstance: mini_riskagent_file_ingestion.wait_for_csv scheduled__2026-09-05T18:08:00+00:00 [running]> on host mac.home
[2026-09-05T20:11:09.538+0200] {taskinstance.py:3134} INFO - Exporting env vars: AIRFLOW_CTX_DAG_OWNER='autoquery' AIRFLOW_CTX_DAG_ID='mini_riskagent_file_ingestion' AIRFLOW_CTX_TASK_ID='wait_for_csv' AIRFLOW_CTX_EXECUTION_DATE='2026-09-05T18:08:00+00:00' AIRFLOW_CTX_TRY_NUMBER='1' AIRFLOW_CTX_DAG_RUN_ID='scheduled__2026-09-05T18:08:00+00:00'
[2026-09-05T20:11:09.538+0200] {logging_mixin.py:190} INFO - Task instance is in running state
[2026-09-05T20:11:09.538+0200] {logging_mixin.py:190} INFO -  Previous state of the Task instance: queued
[2026-09-05T20:11:09.538+0200] {logging_mixin.py:190} INFO - Current task name:wait_for_csv state:running start_date:2026-09-05 18:11:09.498301+00:00
[2026-09-05T20:11:09.539+0200] {logging_mixin.py:190} INFO - Dag name:mini_riskagent_file_ingestion and current dag run status:running
[2026-09-05T20:11:09.539+0200] {taskinstance.py:732} INFO - ::endgroup::
[2026-09-05T20:11:09.540+0200] {python.py:75} INFO - Poking callable: <function check_for_csv_files at 0x10b226b60>
[2026-09-05T20:11:09.543+0200] {taskinstance.py:310} INFO - Rescheduling task, marking task as UP_FOR_RESCHEDULE
[2026-09-05T20:11:09.544+0200] {taskinstance.py:341} INFO - ::group::Post task execution logs
[2026-09-05T20:11:09.563+0200] {local_task_job_runner.py:266} INFO - Task exited with return code 0
[2026-09-05T20:11:09.570+0200] {taskinstance.py:3901} INFO - 0 downstream tasks scheduled from follow-on schedule check
[2026-09-05T20:11:09.570+0200] {local_task_job_runner.py:245} INFO - ::endgroup::
[2026-09-05T20:11:42.320+0200] {local_task_job_runner.py:123} INFO - ::group::Pre task execution logs
[2026-09-05T20:11:42.323+0200] {taskinstance.py:2614} INFO - Dependencies all met for dep_context=non-requeueable deps ti=<TaskInstance: mini_riskagent_file_ingestion.wait_for_csv scheduled__2026-09-05T18:08:00+00:00 [queued]>
[2026-09-05T20:11:42.325+0200] {taskinstance.py:2614} INFO - Dependencies all met for dep_context=requeueable deps ti=<TaskInstance: mini_riskagent_file_ingestion.wait_for_csv scheduled__2026-09-05T18:08:00+00:00 [queued]>
[2026-09-05T20:11:42.325+0200] {taskinstance.py:2867} INFO - Starting attempt 1 of 2
[2026-09-05T20:11:42.328+0200] {taskinstance.py:2890} INFO - Executing <Task(PythonSensor): wait_for_csv> on 2026-09-05 18:08:00+00:00
[2026-09-05T20:11:42.333+0200] {logging_mixin.py:190} WARNING - /Users/swarnalidatta/Desktop/AutoQueryChatbot/.airflow-venv/lib/python3.12/site-packages/airflow/task/task_runner/standard_task_runner.py:70 DeprecationWarning: This process (pid=41318) is multi-threaded, use of fork() may lead to deadlocks in the child.
[2026-09-05T20:11:42.334+0200] {standard_task_runner.py:72} INFO - Started process 41320 to run task
[2026-09-05T20:11:42.333+0200] {standard_task_runner.py:104} INFO - Running: ['airflow', 'tasks', 'run', 'mini_riskagent_file_ingestion', 'wait_for_csv', 'scheduled__2026-09-05T18:08:00+00:00', '--job-id', '2461', '--raw', '--subdir', 'DAGS_FOLDER/data_ingest_pipeline.py', '--cfg-path', '/var/folders/5p/201rr1sj03g8gksxm9x48mbh0000gn/T/tmpmn8kqjkh']
[2026-09-05T20:11:42.334+0200] {standard_task_runner.py:105} INFO - Job 2461: Subtask wait_for_csv
[2026-09-05T20:11:42.349+0200] {task_command.py:467} INFO - Running <TaskInstance: mini_riskagent_file_ingestion.wait_for_csv scheduled__2026-09-05T18:08:00+00:00 [running]> on host mac.home
[2026-09-05T20:11:42.365+0200] {taskinstance.py:3134} INFO - Exporting env vars: AIRFLOW_CTX_DAG_OWNER='autoquery' AIRFLOW_CTX_DAG_ID='mini_riskagent_file_ingestion' AIRFLOW_CTX_TASK_ID='wait_for_csv' AIRFLOW_CTX_EXECUTION_DATE='2026-09-05T18:08:00+00:00' AIRFLOW_CTX_TRY_NUMBER='1' AIRFLOW_CTX_DAG_RUN_ID='scheduled__2026-09-05T18:08:00+00:00'
[2026-09-05T20:11:42.365+0200] {logging_mixin.py:190} INFO - Task instance is in running state
[2026-09-05T20:11:42.365+0200] {logging_mixin.py:190} INFO -  Previous state of the Task instance: queued
[2026-09-05T20:11:42.366+0200] {logging_mixin.py:190} INFO - Current task name:wait_for_csv state:running start_date:2026-09-05 18:11:42.323848+00:00
[2026-09-05T20:11:42.366+0200] {logging_mixin.py:190} INFO - Dag name:mini_riskagent_file_ingestion and current dag run status:running
[2026-09-05T20:11:42.366+0200] {taskinstance.py:732} INFO - ::endgroup::
[2026-09-05T20:11:42.367+0200] {python.py:75} INFO - Poking callable: <function check_for_csv_files at 0x114612b60>
[2026-09-05T20:11:42.371+0200] {taskinstance.py:310} INFO - Rescheduling task, marking task as UP_FOR_RESCHEDULE
[2026-09-05T20:11:42.371+0200] {taskinstance.py:341} INFO - ::group::Post task execution logs
[2026-09-05T20:11:42.390+0200] {local_task_job_runner.py:266} INFO - Task exited with return code 0
[2026-09-05T20:11:42.396+0200] {taskinstance.py:3901} INFO - 0 downstream tasks scheduled from follow-on schedule check
[2026-09-05T20:11:42.396+0200] {local_task_job_runner.py:245} INFO - ::endgroup::
[2026-09-05T20:12:14.138+0200] {local_task_job_runner.py:123} INFO - ::group::Pre task execution logs
[2026-09-05T20:12:14.141+0200] {taskinstance.py:2614} INFO - Dependencies all met for dep_context=non-requeueable deps ti=<TaskInstance: mini_riskagent_file_ingestion.wait_for_csv scheduled__2026-09-05T18:08:00+00:00 [queued]>
[2026-09-05T20:12:14.142+0200] {taskinstance.py:2614} INFO - Dependencies all met for dep_context=requeueable deps ti=<TaskInstance: mini_riskagent_file_ingestion.wait_for_csv scheduled__2026-09-05T18:08:00+00:00 [queued]>
[2026-09-05T20:12:14.142+0200] {taskinstance.py:2867} INFO - Starting attempt 1 of 2
[2026-09-05T20:12:14.145+0200] {taskinstance.py:2890} INFO - Executing <Task(PythonSensor): wait_for_csv> on 2026-09-05 18:08:00+00:00
[2026-09-05T20:12:14.150+0200] {logging_mixin.py:190} WARNING - /Users/swarnalidatta/Desktop/AutoQueryChatbot/.airflow-venv/lib/python3.12/site-packages/airflow/task/task_runner/standard_task_runner.py:70 DeprecationWarning: This process (pid=41409) is multi-threaded, use of fork() may lead to deadlocks in the child.
[2026-09-05T20:12:14.151+0200] {standard_task_runner.py:72} INFO - Started process 41412 to run task
[2026-09-05T20:12:14.150+0200] {standard_task_runner.py:104} INFO - Running: ['airflow', 'tasks', 'run', 'mini_riskagent_file_ingestion', 'wait_for_csv', 'scheduled__2026-09-05T18:08:00+00:00', '--job-id', '2468', '--raw', '--subdir', 'DAGS_FOLDER/data_ingest_pipeline.py', '--cfg-path', '/var/folders/5p/201rr1sj03g8gksxm9x48mbh0000gn/T/tmpznr4byv_']
[2026-09-05T20:12:14.151+0200] {standard_task_runner.py:105} INFO - Job 2468: Subtask wait_for_csv
[2026-09-05T20:12:14.165+0200] {task_command.py:467} INFO - Running <TaskInstance: mini_riskagent_file_ingestion.wait_for_csv scheduled__2026-09-05T18:08:00+00:00 [running]> on host mac.home
[2026-09-05T20:12:14.181+0200] {taskinstance.py:3134} INFO - Exporting env vars: AIRFLOW_CTX_DAG_OWNER='autoquery' AIRFLOW_CTX_DAG_ID='mini_riskagent_file_ingestion' AIRFLOW_CTX_TASK_ID='wait_for_csv' AIRFLOW_CTX_EXECUTION_DATE='2026-09-05T18:08:00+00:00' AIRFLOW_CTX_TRY_NUMBER='1' AIRFLOW_CTX_DAG_RUN_ID='scheduled__2026-09-05T18:08:00+00:00'
[2026-09-05T20:12:14.182+0200] {logging_mixin.py:190} INFO - Task instance is in running state
[2026-09-05T20:12:14.182+0200] {logging_mixin.py:190} INFO -  Previous state of the Task instance: queued
[2026-09-05T20:12:14.182+0200] {logging_mixin.py:190} INFO - Current task name:wait_for_csv state:running start_date:2026-09-05 18:12:14.141247+00:00
[2026-09-05T20:12:14.182+0200] {logging_mixin.py:190} INFO - Dag name:mini_riskagent_file_ingestion and current dag run status:running
[2026-09-05T20:12:14.183+0200] {taskinstance.py:732} INFO - ::endgroup::
[2026-09-05T20:12:14.184+0200] {python.py:75} INFO - Poking callable: <function check_for_csv_files at 0x10886eb60>
[2026-09-05T20:12:14.187+0200] {taskinstance.py:310} INFO - Rescheduling task, marking task as UP_FOR_RESCHEDULE
[2026-09-05T20:12:14.187+0200] {taskinstance.py:341} INFO - ::group::Post task execution logs
[2026-09-05T20:12:14.206+0200] {local_task_job_runner.py:266} INFO - Task exited with return code 0
[2026-09-05T20:12:14.213+0200] {taskinstance.py:3901} INFO - 0 downstream tasks scheduled from follow-on schedule check
[2026-09-05T20:12:14.213+0200] {local_task_job_runner.py:245} INFO - ::endgroup::
[2026-09-05T20:12:45.857+0200] {local_task_job_runner.py:123} INFO - ::group::Pre task execution logs
[2026-09-05T20:12:45.860+0200] {taskinstance.py:2614} INFO - Dependencies all met for dep_context=non-requeueable deps ti=<TaskInstance: mini_riskagent_file_ingestion.wait_for_csv scheduled__2026-09-05T18:08:00+00:00 [queued]>
[2026-09-05T20:12:45.862+0200] {taskinstance.py:2614} INFO - Dependencies all met for dep_context=requeueable deps ti=<TaskInstance: mini_riskagent_file_ingestion.wait_for_csv scheduled__2026-09-05T18:08:00+00:00 [queued]>
[2026-09-05T20:12:45.862+0200] {taskinstance.py:2867} INFO - Starting attempt 1 of 2
[2026-09-05T20:12:45.867+0200] {taskinstance.py:2890} INFO - Executing <Task(PythonSensor): wait_for_csv> on 2026-09-05 18:08:00+00:00
[2026-09-05T20:12:45.872+0200] {logging_mixin.py:190} WARNING - /Users/swarnalidatta/Desktop/AutoQueryChatbot/.airflow-venv/lib/python3.12/site-packages/airflow/task/task_runner/standard_task_runner.py:70 DeprecationWarning: This process (pid=42932) is multi-threaded, use of fork() may lead to deadlocks in the child.
[2026-09-05T20:12:45.873+0200] {standard_task_runner.py:72} INFO - Started process 42934 to run task
[2026-09-05T20:12:45.872+0200] {standard_task_runner.py:104} INFO - Running: ['airflow', 'tasks', 'run', 'mini_riskagent_file_ingestion', 'wait_for_csv', 'scheduled__2026-09-05T18:08:00+00:00', '--job-id', '2475', '--raw', '--subdir', 'DAGS_FOLDER/data_ingest_pipeline.py', '--cfg-path', '/var/folders/5p/201rr1sj03g8gksxm9x48mbh0000gn/T/tmpanas3h_x']
[2026-09-05T20:12:45.873+0200] {standard_task_runner.py:105} INFO - Job 2475: Subtask wait_for_csv
[2026-09-05T20:12:45.887+0200] {task_command.py:467} INFO - Running <TaskInstance: mini_riskagent_file_ingestion.wait_for_csv scheduled__2026-09-05T18:08:00+00:00 [running]> on host mac.home
[2026-09-05T20:12:45.903+0200] {taskinstance.py:3134} INFO - Exporting env vars: AIRFLOW_CTX_DAG_OWNER='autoquery' AIRFLOW_CTX_DAG_ID='mini_riskagent_file_ingestion' AIRFLOW_CTX_TASK_ID='wait_for_csv' AIRFLOW_CTX_EXECUTION_DATE='2026-09-05T18:08:00+00:00' AIRFLOW_CTX_TRY_NUMBER='1' AIRFLOW_CTX_DAG_RUN_ID='scheduled__2026-09-05T18:08:00+00:00'
[2026-09-05T20:12:45.904+0200] {logging_mixin.py:190} INFO - Task instance is in running state
[2026-09-05T20:12:45.904+0200] {logging_mixin.py:190} INFO -  Previous state of the Task instance: queued
[2026-09-05T20:12:45.904+0200] {logging_mixin.py:190} INFO - Current task name:wait_for_csv state:running start_date:2026-09-05 18:12:45.860665+00:00
[2026-09-05T20:12:45.904+0200] {logging_mixin.py:190} INFO - Dag name:mini_riskagent_file_ingestion and current dag run status:running
[2026-09-05T20:12:45.905+0200] {taskinstance.py:732} INFO - ::endgroup::
[2026-09-05T20:12:45.906+0200] {python.py:75} INFO - Poking callable: <function check_for_csv_files at 0x10b912b60>
[2026-09-05T20:12:45.909+0200] {taskinstance.py:310} INFO - Rescheduling task, marking task as UP_FOR_RESCHEDULE
[2026-09-05T20:12:45.909+0200] {taskinstance.py:341} INFO - ::group::Post task execution logs
[2026-09-05T20:12:45.928+0200] {local_task_job_runner.py:266} INFO - Task exited with return code 0
[2026-09-05T20:12:45.935+0200] {taskinstance.py:3901} INFO - 0 downstream tasks scheduled from follow-on schedule check
[2026-09-05T20:12:45.935+0200] {local_task_job_runner.py:245} INFO - ::endgroup::
[2026-09-05T20:13:16.982+0200] {local_task_job_runner.py:123} INFO - ::group::Pre task execution logs
[2026-09-05T20:13:16.985+0200] {taskinstance.py:2614} INFO - Dependencies all met for dep_context=non-requeueable deps ti=<TaskInstance: mini_riskagent_file_ingestion.wait_for_csv scheduled__2026-09-05T18:08:00+00:00 [queued]>
[2026-09-05T20:13:16.987+0200] {taskinstance.py:2614} INFO - Dependencies all met for dep_context=requeueable deps ti=<TaskInstance: mini_riskagent_file_ingestion.wait_for_csv scheduled__2026-09-05T18:08:00+00:00 [queued]>
[2026-09-05T20:13:16.987+0200] {taskinstance.py:2867} INFO - Starting attempt 1 of 2
[2026-09-05T20:13:16.990+0200] {taskinstance.py:2890} INFO - Executing <Task(PythonSensor): wait_for_csv> on 2026-09-05 18:08:00+00:00
[2026-09-05T20:13:16.994+0200] {logging_mixin.py:190} WARNING - /Users/swarnalidatta/Desktop/AutoQueryChatbot/.airflow-venv/lib/python3.12/site-packages/airflow/task/task_runner/standard_task_runner.py:70 DeprecationWarning: This process (pid=43153) is multi-threaded, use of fork() may lead to deadlocks in the child.
[2026-09-05T20:13:16.995+0200] {standard_task_runner.py:72} INFO - Started process 43155 to run task
[2026-09-05T20:13:16.994+0200] {standard_task_runner.py:104} INFO - Running: ['airflow', 'tasks', 'run', 'mini_riskagent_file_ingestion', 'wait_for_csv', 'scheduled__2026-09-05T18:08:00+00:00', '--job-id', '2483', '--raw', '--subdir', 'DAGS_FOLDER/data_ingest_pipeline.py', '--cfg-path', '/var/folders/5p/201rr1sj03g8gksxm9x48mbh0000gn/T/tmp0put4b28']
[2026-09-05T20:13:16.995+0200] {standard_task_runner.py:105} INFO - Job 2483: Subtask wait_for_csv
[2026-09-05T20:13:17.008+0200] {task_command.py:467} INFO - Running <TaskInstance: mini_riskagent_file_ingestion.wait_for_csv scheduled__2026-09-05T18:08:00+00:00 [running]> on host mac.home
[2026-09-05T20:13:17.024+0200] {taskinstance.py:3134} INFO - Exporting env vars: AIRFLOW_CTX_DAG_OWNER='autoquery' AIRFLOW_CTX_DAG_ID='mini_riskagent_file_ingestion' AIRFLOW_CTX_TASK_ID='wait_for_csv' AIRFLOW_CTX_EXECUTION_DATE='2026-09-05T18:08:00+00:00' AIRFLOW_CTX_TRY_NUMBER='1' AIRFLOW_CTX_DAG_RUN_ID='scheduled__2026-09-05T18:08:00+00:00'
[2026-09-05T20:13:17.025+0200] {logging_mixin.py:190} INFO - Task instance is in running state
[2026-09-05T20:13:17.025+0200] {logging_mixin.py:190} INFO -  Previous state of the Task instance: queued
[2026-09-05T20:13:17.025+0200] {logging_mixin.py:190} INFO - Current task name:wait_for_csv state:running start_date:2026-09-05 18:13:16.985726+00:00
[2026-09-05T20:13:17.025+0200] {logging_mixin.py:190} INFO - Dag name:mini_riskagent_file_ingestion and current dag run status:running
[2026-09-05T20:13:17.026+0200] {taskinstance.py:732} INFO - ::endgroup::
[2026-09-05T20:13:17.027+0200] {python.py:75} INFO - Poking callable: <function check_for_csv_files at 0x114f12b60>
[2026-09-05T20:13:17.030+0200] {taskinstance.py:310} INFO - Rescheduling task, marking task as UP_FOR_RESCHEDULE
[2026-09-05T20:13:17.030+0200] {taskinstance.py:341} INFO - ::group::Post task execution logs
[2026-09-05T20:13:17.050+0200] {local_task_job_runner.py:266} INFO - Task exited with return code 0
[2026-09-05T20:13:17.057+0200] {taskinstance.py:3901} INFO - 0 downstream tasks scheduled from follow-on schedule check
[2026-09-05T20:13:17.057+0200] {local_task_job_runner.py:245} INFO - ::endgroup::
[2026-09-05T20:13:48.219+0200] {local_task_job_runner.py:123} INFO - ::group::Pre task execution logs
[2026-09-05T20:13:48.222+0200] {taskinstance.py:2614} INFO - Dependencies all met for dep_context=non-requeueable deps ti=<TaskInstance: mini_riskagent_file_ingestion.wait_for_csv scheduled__2026-09-05T18:08:00+00:00 [queued]>
[2026-09-05T20:13:48.223+0200] {taskinstance.py:2614} INFO - Dependencies all met for dep_context=requeueable deps ti=<TaskInstance: mini_riskagent_file_ingestion.wait_for_csv scheduled__2026-09-05T18:08:00+00:00 [queued]>
[2026-09-05T20:13:48.223+0200] {taskinstance.py:2867} INFO - Starting attempt 1 of 2
[2026-09-05T20:13:48.226+0200] {taskinstance.py:2890} INFO - Executing <Task(PythonSensor): wait_for_csv> on 2026-09-05 18:08:00+00:00
[2026-09-05T20:13:48.230+0200] {logging_mixin.py:190} WARNING - /Users/swarnalidatta/Desktop/AutoQueryChatbot/.airflow-venv/lib/python3.12/site-packages/airflow/task/task_runner/standard_task_runner.py:70 DeprecationWarning: This process (pid=43247) is multi-threaded, use of fork() may lead to deadlocks in the child.
[2026-09-05T20:13:48.231+0200] {standard_task_runner.py:72} INFO - Started process 43249 to run task
[2026-09-05T20:13:48.230+0200] {standard_task_runner.py:104} INFO - Running: ['airflow', 'tasks', 'run', 'mini_riskagent_file_ingestion', 'wait_for_csv', 'scheduled__2026-09-05T18:08:00+00:00', '--job-id', '2491', '--raw', '--subdir', 'DAGS_FOLDER/data_ingest_pipeline.py', '--cfg-path', '/var/folders/5p/201rr1sj03g8gksxm9x48mbh0000gn/T/tmpmpsx0mc4']
[2026-09-05T20:13:48.231+0200] {standard_task_runner.py:105} INFO - Job 2491: Subtask wait_for_csv
[2026-09-05T20:13:48.244+0200] {task_command.py:467} INFO - Running <TaskInstance: mini_riskagent_file_ingestion.wait_for_csv scheduled__2026-09-05T18:08:00+00:00 [running]> on host mac.home
[2026-09-05T20:13:48.262+0200] {taskinstance.py:3134} INFO - Exporting env vars: AIRFLOW_CTX_DAG_OWNER='autoquery' AIRFLOW_CTX_DAG_ID='mini_riskagent_file_ingestion' AIRFLOW_CTX_TASK_ID='wait_for_csv' AIRFLOW_CTX_EXECUTION_DATE='2026-09-05T18:08:00+00:00' AIRFLOW_CTX_TRY_NUMBER='1' AIRFLOW_CTX_DAG_RUN_ID='scheduled__2026-09-05T18:08:00+00:00'
[2026-09-05T20:13:48.263+0200] {logging_mixin.py:190} INFO - Task instance is in running state
[2026-09-05T20:13:48.263+0200] {logging_mixin.py:190} INFO -  Previous state of the Task instance: queued
[2026-09-05T20:13:48.263+0200] {logging_mixin.py:190} INFO - Current task name:wait_for_csv state:running start_date:2026-09-05 18:13:48.222108+00:00
[2026-09-05T20:13:48.263+0200] {logging_mixin.py:190} INFO - Dag name:mini_riskagent_file_ingestion and current dag run status:running
[2026-09-05T20:13:48.263+0200] {taskinstance.py:732} INFO - ::endgroup::
[2026-09-05T20:13:48.265+0200] {python.py:75} INFO - Poking callable: <function check_for_csv_files at 0x10bb12b60>
[2026-09-05T20:13:48.268+0200] {taskinstance.py:310} INFO - Rescheduling task, marking task as UP_FOR_RESCHEDULE
[2026-09-05T20:13:48.268+0200] {taskinstance.py:341} INFO - ::group::Post task execution logs
[2026-09-05T20:13:48.286+0200] {local_task_job_runner.py:266} INFO - Task exited with return code 0
[2026-09-05T20:13:48.293+0200] {taskinstance.py:3901} INFO - 0 downstream tasks scheduled from follow-on schedule check
[2026-09-05T20:13:48.293+0200] {local_task_job_runner.py:245} INFO - ::endgroup::
[2026-09-05T20:14:19.507+0200] {local_task_job_runner.py:123} INFO - ::group::Pre task execution logs
[2026-09-05T20:14:19.510+0200] {taskinstance.py:2614} INFO - Dependencies all met for dep_context=non-requeueable deps ti=<TaskInstance: mini_riskagent_file_ingestion.wait_for_csv scheduled__2026-09-05T18:08:00+00:00 [queued]>
[2026-09-05T20:14:19.512+0200] {taskinstance.py:2614} INFO - Dependencies all met for dep_context=requeueable deps ti=<TaskInstance: mini_riskagent_file_ingestion.wait_for_csv scheduled__2026-09-05T18:08:00+00:00 [queued]>
[2026-09-05T20:14:19.512+0200] {taskinstance.py:2867} INFO - Starting attempt 1 of 2
[2026-09-05T20:14:19.515+0200] {taskinstance.py:2890} INFO - Executing <Task(PythonSensor): wait_for_csv> on 2026-09-05 18:08:00+00:00
[2026-09-05T20:14:19.520+0200] {logging_mixin.py:190} WARNING - /Users/swarnalidatta/Desktop/AutoQueryChatbot/.airflow-venv/lib/python3.12/site-packages/airflow/task/task_runner/standard_task_runner.py:70 DeprecationWarning: This process (pid=43336) is multi-threaded, use of fork() may lead to deadlocks in the child.
[2026-09-05T20:14:19.520+0200] {standard_task_runner.py:72} INFO - Started process 43338 to run task
[2026-09-05T20:14:19.519+0200] {standard_task_runner.py:104} INFO - Running: ['airflow', 'tasks', 'run', 'mini_riskagent_file_ingestion', 'wait_for_csv', 'scheduled__2026-09-05T18:08:00+00:00', '--job-id', '2500', '--raw', '--subdir', 'DAGS_FOLDER/data_ingest_pipeline.py', '--cfg-path', '/var/folders/5p/201rr1sj03g8gksxm9x48mbh0000gn/T/tmpuupxtmo2']
[2026-09-05T20:14:19.520+0200] {standard_task_runner.py:105} INFO - Job 2500: Subtask wait_for_csv
[2026-09-05T20:14:19.535+0200] {task_command.py:467} INFO - Running <TaskInstance: mini_riskagent_file_ingestion.wait_for_csv scheduled__2026-09-05T18:08:00+00:00 [running]> on host mac.home
[2026-09-05T20:14:19.550+0200] {taskinstance.py:3134} INFO - Exporting env vars: AIRFLOW_CTX_DAG_OWNER='autoquery' AIRFLOW_CTX_DAG_ID='mini_riskagent_file_ingestion' AIRFLOW_CTX_TASK_ID='wait_for_csv' AIRFLOW_CTX_EXECUTION_DATE='2026-09-05T18:08:00+00:00' AIRFLOW_CTX_TRY_NUMBER='1' AIRFLOW_CTX_DAG_RUN_ID='scheduled__2026-09-05T18:08:00+00:00'
[2026-09-05T20:14:19.551+0200] {logging_mixin.py:190} INFO - Task instance is in running state
[2026-09-05T20:14:19.551+0200] {logging_mixin.py:190} INFO -  Previous state of the Task instance: queued
[2026-09-05T20:14:19.551+0200] {logging_mixin.py:190} INFO - Current task name:wait_for_csv state:running start_date:2026-09-05 18:14:19.510798+00:00
[2026-09-05T20:14:19.551+0200] {logging_mixin.py:190} INFO - Dag name:mini_riskagent_file_ingestion and current dag run status:running
[2026-09-05T20:14:19.552+0200] {taskinstance.py:732} INFO - ::endgroup::
[2026-09-05T20:14:19.553+0200] {python.py:75} INFO - Poking callable: <function check_for_csv_files at 0x10d236b60>
[2026-09-05T20:14:19.556+0200] {taskinstance.py:310} INFO - Rescheduling task, marking task as UP_FOR_RESCHEDULE
[2026-09-05T20:14:19.557+0200] {taskinstance.py:341} INFO - ::group::Post task execution logs
[2026-09-05T20:14:19.576+0200] {local_task_job_runner.py:266} INFO - Task exited with return code 0
[2026-09-05T20:14:19.582+0200] {taskinstance.py:3901} INFO - 0 downstream tasks scheduled from follow-on schedule check
[2026-09-05T20:14:19.583+0200] {local_task_job_runner.py:245} INFO - ::endgroup::
[2026-09-05T20:14:50.515+0200] {local_task_job_runner.py:123} INFO - ::group::Pre task execution logs
[2026-09-05T20:14:50.518+0200] {taskinstance.py:2614} INFO - Dependencies all met for dep_context=non-requeueable deps ti=<TaskInstance: mini_riskagent_file_ingestion.wait_for_csv scheduled__2026-09-05T18:08:00+00:00 [queued]>
[2026-09-05T20:14:50.519+0200] {taskinstance.py:2614} INFO - Dependencies all met for dep_context=requeueable deps ti=<TaskInstance: mini_riskagent_file_ingestion.wait_for_csv scheduled__2026-09-05T18:08:00+00:00 [queued]>
[2026-09-05T20:14:50.519+0200] {taskinstance.py:2867} INFO - Starting attempt 1 of 2
[2026-09-05T20:14:50.522+0200] {taskinstance.py:2890} INFO - Executing <Task(PythonSensor): wait_for_csv> on 2026-09-05 18:08:00+00:00
[2026-09-05T20:14:50.528+0200] {logging_mixin.py:190} WARNING - /Users/swarnalidatta/Desktop/AutoQueryChatbot/.airflow-venv/lib/python3.12/site-packages/airflow/task/task_runner/standard_task_runner.py:70 DeprecationWarning: This process (pid=43429) is multi-threaded, use of fork() may lead to deadlocks in the child.
[2026-09-05T20:14:50.528+0200] {standard_task_runner.py:72} INFO - Started process 43431 to run task
[2026-09-05T20:14:50.527+0200] {standard_task_runner.py:104} INFO - Running: ['airflow', 'tasks', 'run', 'mini_riskagent_file_ingestion', 'wait_for_csv', 'scheduled__2026-09-05T18:08:00+00:00', '--job-id', '2509', '--raw', '--subdir', 'DAGS_FOLDER/data_ingest_pipeline.py', '--cfg-path', '/var/folders/5p/201rr1sj03g8gksxm9x48mbh0000gn/T/tmpc790iy4w']
[2026-09-05T20:14:50.528+0200] {standard_task_runner.py:105} INFO - Job 2509: Subtask wait_for_csv
[2026-09-05T20:14:50.542+0200] {task_command.py:467} INFO - Running <TaskInstance: mini_riskagent_file_ingestion.wait_for_csv scheduled__2026-09-05T18:08:00+00:00 [running]> on host mac.home
[2026-09-05T20:14:50.558+0200] {taskinstance.py:3134} INFO - Exporting env vars: AIRFLOW_CTX_DAG_OWNER='autoquery' AIRFLOW_CTX_DAG_ID='mini_riskagent_file_ingestion' AIRFLOW_CTX_TASK_ID='wait_for_csv' AIRFLOW_CTX_EXECUTION_DATE='2026-09-05T18:08:00+00:00' AIRFLOW_CTX_TRY_NUMBER='1' AIRFLOW_CTX_DAG_RUN_ID='scheduled__2026-09-05T18:08:00+00:00'
[2026-09-05T20:14:50.559+0200] {logging_mixin.py:190} INFO - Task instance is in running state
[2026-09-05T20:14:50.559+0200] {logging_mixin.py:190} INFO -  Previous state of the Task instance: queued
[2026-09-05T20:14:50.559+0200] {logging_mixin.py:190} INFO - Current task name:wait_for_csv state:running start_date:2026-09-05 18:14:50.518160+00:00
[2026-09-05T20:14:50.560+0200] {logging_mixin.py:190} INFO - Dag name:mini_riskagent_file_ingestion and current dag run status:running
[2026-09-05T20:14:50.560+0200] {taskinstance.py:732} INFO - ::endgroup::
[2026-09-05T20:14:50.561+0200] {python.py:75} INFO - Poking callable: <function check_for_csv_files at 0x10bf26b60>
[2026-09-05T20:14:50.564+0200] {taskinstance.py:310} INFO - Rescheduling task, marking task as UP_FOR_RESCHEDULE
[2026-09-05T20:14:50.565+0200] {taskinstance.py:341} INFO - ::group::Post task execution logs
[2026-09-05T20:14:50.584+0200] {local_task_job_runner.py:266} INFO - Task exited with return code 0
[2026-09-05T20:14:50.590+0200] {taskinstance.py:3901} INFO - 0 downstream tasks scheduled from follow-on schedule check
[2026-09-05T20:14:50.590+0200] {local_task_job_runner.py:245} INFO - ::endgroup::
[2026-09-05T20:15:21.730+0200] {local_task_job_runner.py:123} INFO - ::group::Pre task execution logs
[2026-09-05T20:15:21.733+0200] {taskinstance.py:2614} INFO - Dependencies all met for dep_context=non-requeueable deps ti=<TaskInstance: mini_riskagent_file_ingestion.wait_for_csv scheduled__2026-09-05T18:08:00+00:00 [queued]>
[2026-09-05T20:15:21.734+0200] {taskinstance.py:2614} INFO - Dependencies all met for dep_context=requeueable deps ti=<TaskInstance: mini_riskagent_file_ingestion.wait_for_csv scheduled__2026-09-05T18:08:00+00:00 [queued]>
[2026-09-05T20:15:21.734+0200] {taskinstance.py:2867} INFO - Starting attempt 1 of 2
[2026-09-05T20:15:21.737+0200] {taskinstance.py:2890} INFO - Executing <Task(PythonSensor): wait_for_csv> on 2026-09-05 18:08:00+00:00
[2026-09-05T20:15:21.742+0200] {logging_mixin.py:190} WARNING - /Users/swarnalidatta/Desktop/AutoQueryChatbot/.airflow-venv/lib/python3.12/site-packages/airflow/task/task_runner/standard_task_runner.py:70 DeprecationWarning: This process (pid=43718) is multi-threaded, use of fork() may lead to deadlocks in the child.
[2026-09-05T20:15:21.742+0200] {standard_task_runner.py:72} INFO - Started process 43725 to run task
[2026-09-05T20:15:21.742+0200] {standard_task_runner.py:104} INFO - Running: ['airflow', 'tasks', 'run', 'mini_riskagent_file_ingestion', 'wait_for_csv', 'scheduled__2026-09-05T18:08:00+00:00', '--job-id', '2519', '--raw', '--subdir', 'DAGS_FOLDER/data_ingest_pipeline.py', '--cfg-path', '/var/folders/5p/201rr1sj03g8gksxm9x48mbh0000gn/T/tmp9h1a32tc']
[2026-09-05T20:15:21.743+0200] {standard_task_runner.py:105} INFO - Job 2519: Subtask wait_for_csv
[2026-09-05T20:15:21.758+0200] {task_command.py:467} INFO - Running <TaskInstance: mini_riskagent_file_ingestion.wait_for_csv scheduled__2026-09-05T18:08:00+00:00 [running]> on host mac.home
[2026-09-05T20:15:21.775+0200] {taskinstance.py:3134} INFO - Exporting env vars: AIRFLOW_CTX_DAG_OWNER='autoquery' AIRFLOW_CTX_DAG_ID='mini_riskagent_file_ingestion' AIRFLOW_CTX_TASK_ID='wait_for_csv' AIRFLOW_CTX_EXECUTION_DATE='2026-09-05T18:08:00+00:00' AIRFLOW_CTX_TRY_NUMBER='1' AIRFLOW_CTX_DAG_RUN_ID='scheduled__2026-09-05T18:08:00+00:00'
[2026-09-05T20:15:21.776+0200] {logging_mixin.py:190} INFO - Task instance is in running state
[2026-09-05T20:15:21.776+0200] {logging_mixin.py:190} INFO -  Previous state of the Task instance: queued
[2026-09-05T20:15:21.776+0200] {logging_mixin.py:190} INFO - Current task name:wait_for_csv state:running start_date:2026-09-05 18:15:21.733222+00:00
[2026-09-05T20:15:21.776+0200] {logging_mixin.py:190} INFO - Dag name:mini_riskagent_file_ingestion and current dag run status:running
[2026-09-05T20:15:21.777+0200] {taskinstance.py:732} INFO - ::endgroup::
[2026-09-05T20:15:21.778+0200] {python.py:75} INFO - Poking callable: <function check_for_csv_files at 0x10d21ab60>
[2026-09-05T20:15:21.781+0200] {taskinstance.py:310} INFO - Rescheduling task, marking task as UP_FOR_RESCHEDULE
[2026-09-05T20:15:21.781+0200] {taskinstance.py:341} INFO - ::group::Post task execution logs
[2026-09-05T20:15:21.798+0200] {local_task_job_runner.py:266} INFO - Task exited with return code 0
[2026-09-05T20:15:21.805+0200] {taskinstance.py:3901} INFO - 0 downstream tasks scheduled from follow-on schedule check
[2026-09-05T20:15:21.805+0200] {local_task_job_runner.py:245} INFO - ::endgroup::
[2026-09-05T20:15:53.478+0200] {local_task_job_runner.py:123} INFO - ::group::Pre task execution logs
[2026-09-05T20:15:53.480+0200] {taskinstance.py:2614} INFO - Dependencies all met for dep_context=non-requeueable deps ti=<TaskInstance: mini_riskagent_file_ingestion.wait_for_csv scheduled__2026-09-05T18:08:00+00:00 [queued]>
[2026-09-05T20:15:53.482+0200] {taskinstance.py:2614} INFO - Dependencies all met for dep_context=requeueable deps ti=<TaskInstance: mini_riskagent_file_ingestion.wait_for_csv scheduled__2026-09-05T18:08:00+00:00 [queued]>
[2026-09-05T20:15:53.482+0200] {taskinstance.py:2867} INFO - Starting attempt 1 of 2
[2026-09-05T20:15:53.485+0200] {taskinstance.py:2890} INFO - Executing <Task(PythonSensor): wait_for_csv> on 2026-09-05 18:08:00+00:00
[2026-09-05T20:15:53.490+0200] {logging_mixin.py:190} WARNING - /Users/swarnalidatta/Desktop/AutoQueryChatbot/.airflow-venv/lib/python3.12/site-packages/airflow/task/task_runner/standard_task_runner.py:70 DeprecationWarning: This process (pid=43894) is multi-threaded, use of fork() may lead to deadlocks in the child.
[2026-09-05T20:15:53.491+0200] {standard_task_runner.py:72} INFO - Started process 43896 to run task
[2026-09-05T20:15:53.490+0200] {standard_task_runner.py:104} INFO - Running: ['airflow', 'tasks', 'run', 'mini_riskagent_file_ingestion', 'wait_for_csv', 'scheduled__2026-09-05T18:08:00+00:00', '--job-id', '2529', '--raw', '--subdir', 'DAGS_FOLDER/data_ingest_pipeline.py', '--cfg-path', '/var/folders/5p/201rr1sj03g8gksxm9x48mbh0000gn/T/tmpqw1n269a']
[2026-09-05T20:15:53.491+0200] {standard_task_runner.py:105} INFO - Job 2529: Subtask wait_for_csv
[2026-09-05T20:15:53.509+0200] {task_command.py:467} INFO - Running <TaskInstance: mini_riskagent_file_ingestion.wait_for_csv scheduled__2026-09-05T18:08:00+00:00 [running]> on host mac.home
[2026-09-05T20:15:53.528+0200] {taskinstance.py:3134} INFO - Exporting env vars: AIRFLOW_CTX_DAG_OWNER='autoquery' AIRFLOW_CTX_DAG_ID='mini_riskagent_file_ingestion' AIRFLOW_CTX_TASK_ID='wait_for_csv' AIRFLOW_CTX_EXECUTION_DATE='2026-09-05T18:08:00+00:00' AIRFLOW_CTX_TRY_NUMBER='1' AIRFLOW_CTX_DAG_RUN_ID='scheduled__2026-09-05T18:08:00+00:00'
[2026-09-05T20:15:53.529+0200] {logging_mixin.py:190} INFO - Task instance is in running state
[2026-09-05T20:15:53.529+0200] {logging_mixin.py:190} INFO -  Previous state of the Task instance: queued
[2026-09-05T20:15:53.529+0200] {logging_mixin.py:190} INFO - Current task name:wait_for_csv state:running start_date:2026-09-05 18:15:53.480868+00:00
[2026-09-05T20:15:53.529+0200] {logging_mixin.py:190} INFO - Dag name:mini_riskagent_file_ingestion and current dag run status:running
[2026-09-05T20:15:53.529+0200] {taskinstance.py:732} INFO - ::endgroup::
[2026-09-05T20:15:53.532+0200] {python.py:75} INFO - Poking callable: <function check_for_csv_files at 0x120626b60>
[2026-09-05T20:15:53.537+0200] {taskinstance.py:310} INFO - Rescheduling task, marking task as UP_FOR_RESCHEDULE
[2026-09-05T20:15:53.537+0200] {taskinstance.py:341} INFO - ::group::Post task execution logs
[2026-09-05T20:15:53.547+0200] {local_task_job_runner.py:266} INFO - Task exited with return code 0
[2026-09-05T20:15:53.555+0200] {taskinstance.py:3901} INFO - 0 downstream tasks scheduled from follow-on schedule check
[2026-09-05T20:15:53.555+0200] {local_task_job_runner.py:245} INFO - ::endgroup::
[2026-09-05T20:16:25.622+0200] {local_task_job_runner.py:123} INFO - ::group::Pre task execution logs
[2026-09-05T20:16:25.625+0200] {taskinstance.py:2614} INFO - Dependencies all met for dep_context=non-requeueable deps ti=<TaskInstance: mini_riskagent_file_ingestion.wait_for_csv scheduled__2026-09-05T18:08:00+00:00 [queued]>
[2026-09-05T20:16:25.626+0200] {taskinstance.py:2614} INFO - Dependencies all met for dep_context=requeueable deps ti=<TaskInstance: mini_riskagent_file_ingestion.wait_for_csv scheduled__2026-09-05T18:08:00+00:00 [queued]>
[2026-09-05T20:16:25.626+0200] {taskinstance.py:2867} INFO - Starting attempt 1 of 2
[2026-09-05T20:16:25.629+0200] {taskinstance.py:2890} INFO - Executing <Task(PythonSensor): wait_for_csv> on 2026-09-05 18:08:00+00:00
[2026-09-05T20:16:25.634+0200] {logging_mixin.py:190} WARNING - /Users/swarnalidatta/Desktop/AutoQueryChatbot/.airflow-venv/lib/python3.12/site-packages/airflow/task/task_runner/standard_task_runner.py:70 DeprecationWarning: This process (pid=44219) is multi-threaded, use of fork() may lead to deadlocks in the child.
[2026-09-05T20:16:25.634+0200] {standard_task_runner.py:72} INFO - Started process 44221 to run task
[2026-09-05T20:16:25.634+0200] {standard_task_runner.py:104} INFO - Running: ['airflow', 'tasks', 'run', 'mini_riskagent_file_ingestion', 'wait_for_csv', 'scheduled__2026-09-05T18:08:00+00:00', '--job-id', '2540', '--raw', '--subdir', 'DAGS_FOLDER/data_ingest_pipeline.py', '--cfg-path', '/var/folders/5p/201rr1sj03g8gksxm9x48mbh0000gn/T/tmp_3shbqpe']
[2026-09-05T20:16:25.635+0200] {standard_task_runner.py:105} INFO - Job 2540: Subtask wait_for_csv
[2026-09-05T20:16:25.649+0200] {task_command.py:467} INFO - Running <TaskInstance: mini_riskagent_file_ingestion.wait_for_csv scheduled__2026-09-05T18:08:00+00:00 [running]> on host mac.home
[2026-09-05T20:16:25.665+0200] {taskinstance.py:3134} INFO - Exporting env vars: AIRFLOW_CTX_DAG_OWNER='autoquery' AIRFLOW_CTX_DAG_ID='mini_riskagent_file_ingestion' AIRFLOW_CTX_TASK_ID='wait_for_csv' AIRFLOW_CTX_EXECUTION_DATE='2026-09-05T18:08:00+00:00' AIRFLOW_CTX_TRY_NUMBER='1' AIRFLOW_CTX_DAG_RUN_ID='scheduled__2026-09-05T18:08:00+00:00'
[2026-09-05T20:16:25.666+0200] {logging_mixin.py:190} INFO - Task instance is in running state
[2026-09-05T20:16:25.666+0200] {logging_mixin.py:190} INFO -  Previous state of the Task instance: queued
[2026-09-05T20:16:25.666+0200] {logging_mixin.py:190} INFO - Current task name:wait_for_csv state:running start_date:2026-09-05 18:16:25.625269+00:00
[2026-09-05T20:16:25.666+0200] {logging_mixin.py:190} INFO - Dag name:mini_riskagent_file_ingestion and current dag run status:running
[2026-09-05T20:16:25.666+0200] {taskinstance.py:732} INFO - ::endgroup::
[2026-09-05T20:16:25.668+0200] {python.py:75} INFO - Poking callable: <function check_for_csv_files at 0x10c77ab60>
[2026-09-05T20:16:25.671+0200] {taskinstance.py:310} INFO - Rescheduling task, marking task as UP_FOR_RESCHEDULE
[2026-09-05T20:16:25.671+0200] {taskinstance.py:341} INFO - ::group::Post task execution logs
[2026-09-05T20:16:25.690+0200] {local_task_job_runner.py:266} INFO - Task exited with return code 0
[2026-09-05T20:16:25.696+0200] {taskinstance.py:3901} INFO - 0 downstream tasks scheduled from follow-on schedule check
[2026-09-05T20:16:25.697+0200] {local_task_job_runner.py:245} INFO - ::endgroup::
[2026-09-05T20:16:58.051+0200] {local_task_job_runner.py:123} INFO - ::group::Pre task execution logs
[2026-09-05T20:16:58.054+0200] {taskinstance.py:2614} INFO - Dependencies all met for dep_context=non-requeueable deps ti=<TaskInstance: mini_riskagent_file_ingestion.wait_for_csv scheduled__2026-09-05T18:08:00+00:00 [queued]>
[2026-09-05T20:16:58.056+0200] {taskinstance.py:2614} INFO - Dependencies all met for dep_context=requeueable deps ti=<TaskInstance: mini_riskagent_file_ingestion.wait_for_csv scheduled__2026-09-05T18:08:00+00:00 [queued]>
[2026-09-05T20:16:58.056+0200] {taskinstance.py:2867} INFO - Starting attempt 1 of 2
[2026-09-05T20:16:58.059+0200] {taskinstance.py:2890} INFO - Executing <Task(PythonSensor): wait_for_csv> on 2026-09-05 18:08:00+00:00
[2026-09-05T20:16:58.063+0200] {logging_mixin.py:190} WARNING - /Users/swarnalidatta/Desktop/AutoQueryChatbot/.airflow-venv/lib/python3.12/site-packages/airflow/task/task_runner/standard_task_runner.py:70 DeprecationWarning: This process (pid=45170) is multi-threaded, use of fork() may lead to deadlocks in the child.
[2026-09-05T20:16:58.063+0200] {standard_task_runner.py:72} INFO - Started process 45176 to run task
[2026-09-05T20:16:58.063+0200] {standard_task_runner.py:104} INFO - Running: ['airflow', 'tasks', 'run', 'mini_riskagent_file_ingestion', 'wait_for_csv', 'scheduled__2026-09-05T18:08:00+00:00', '--job-id', '2551', '--raw', '--subdir', 'DAGS_FOLDER/data_ingest_pipeline.py', '--cfg-path', '/var/folders/5p/201rr1sj03g8gksxm9x48mbh0000gn/T/tmpoezzg6jf']
[2026-09-05T20:16:58.064+0200] {standard_task_runner.py:105} INFO - Job 2551: Subtask wait_for_csv
[2026-09-05T20:16:58.078+0200] {task_command.py:467} INFO - Running <TaskInstance: mini_riskagent_file_ingestion.wait_for_csv scheduled__2026-09-05T18:08:00+00:00 [running]> on host mac.home
[2026-09-05T20:16:58.094+0200] {taskinstance.py:3134} INFO - Exporting env vars: AIRFLOW_CTX_DAG_OWNER='autoquery' AIRFLOW_CTX_DAG_ID='mini_riskagent_file_ingestion' AIRFLOW_CTX_TASK_ID='wait_for_csv' AIRFLOW_CTX_EXECUTION_DATE='2026-09-05T18:08:00+00:00' AIRFLOW_CTX_TRY_NUMBER='1' AIRFLOW_CTX_DAG_RUN_ID='scheduled__2026-09-05T18:08:00+00:00'
[2026-09-05T20:16:58.095+0200] {logging_mixin.py:190} INFO - Task instance is in running state
[2026-09-05T20:16:58.095+0200] {logging_mixin.py:190} INFO -  Previous state of the Task instance: queued
[2026-09-05T20:16:58.095+0200] {logging_mixin.py:190} INFO - Current task name:wait_for_csv state:running start_date:2026-09-05 18:16:58.054668+00:00
[2026-09-05T20:16:58.095+0200] {logging_mixin.py:190} INFO - Dag name:mini_riskagent_file_ingestion and current dag run status:running
[2026-09-05T20:16:58.095+0200] {taskinstance.py:732} INFO - ::endgroup::
[2026-09-05T20:16:58.097+0200] {python.py:75} INFO - Poking callable: <function check_for_csv_files at 0x108b1eb60>
[2026-09-05T20:16:58.100+0200] {taskinstance.py:310} INFO - Rescheduling task, marking task as UP_FOR_RESCHEDULE
[2026-09-05T20:16:58.100+0200] {taskinstance.py:341} INFO - ::group::Post task execution logs
[2026-09-05T20:16:58.119+0200] {local_task_job_runner.py:266} INFO - Task exited with return code 0
[2026-09-05T20:16:58.125+0200] {taskinstance.py:3901} INFO - 0 downstream tasks scheduled from follow-on schedule check
[2026-09-05T20:16:58.125+0200] {local_task_job_runner.py:245} INFO - ::endgroup::
[2026-09-05T20:17:29.743+0200] {local_task_job_runner.py:123} INFO - ::group::Pre task execution logs
[2026-09-05T20:17:29.746+0200] {taskinstance.py:2614} INFO - Dependencies all met for dep_context=non-requeueable deps ti=<TaskInstance: mini_riskagent_file_ingestion.wait_for_csv scheduled__2026-09-05T18:08:00+00:00 [queued]>
[2026-09-05T20:17:29.747+0200] {taskinstance.py:2614} INFO - Dependencies all met for dep_context=requeueable deps ti=<TaskInstance: mini_riskagent_file_ingestion.wait_for_csv scheduled__2026-09-05T18:08:00+00:00 [queued]>
[2026-09-05T20:17:29.747+0200] {taskinstance.py:2867} INFO - Starting attempt 1 of 2
[2026-09-05T20:17:29.750+0200] {taskinstance.py:2890} INFO - Executing <Task(PythonSensor): wait_for_csv> on 2026-09-05 18:08:00+00:00
[2026-09-05T20:17:29.755+0200] {logging_mixin.py:190} WARNING - /Users/swarnalidatta/Desktop/AutoQueryChatbot/.airflow-venv/lib/python3.12/site-packages/airflow/task/task_runner/standard_task_runner.py:70 DeprecationWarning: This process (pid=45279) is multi-threaded, use of fork() may lead to deadlocks in the child.
[2026-09-05T20:17:29.755+0200] {standard_task_runner.py:72} INFO - Started process 45281 to run task
[2026-09-05T20:17:29.754+0200] {standard_task_runner.py:104} INFO - Running: ['airflow', 'tasks', 'run', 'mini_riskagent_file_ingestion', 'wait_for_csv', 'scheduled__2026-09-05T18:08:00+00:00', '--job-id', '2563', '--raw', '--subdir', 'DAGS_FOLDER/data_ingest_pipeline.py', '--cfg-path', '/var/folders/5p/201rr1sj03g8gksxm9x48mbh0000gn/T/tmp_ajx52zv']
[2026-09-05T20:17:29.755+0200] {standard_task_runner.py:105} INFO - Job 2563: Subtask wait_for_csv
[2026-09-05T20:17:29.769+0200] {task_command.py:467} INFO - Running <TaskInstance: mini_riskagent_file_ingestion.wait_for_csv scheduled__2026-09-05T18:08:00+00:00 [running]> on host mac.home
[2026-09-05T20:17:29.785+0200] {taskinstance.py:3134} INFO - Exporting env vars: AIRFLOW_CTX_DAG_OWNER='autoquery' AIRFLOW_CTX_DAG_ID='mini_riskagent_file_ingestion' AIRFLOW_CTX_TASK_ID='wait_for_csv' AIRFLOW_CTX_EXECUTION_DATE='2026-09-05T18:08:00+00:00' AIRFLOW_CTX_TRY_NUMBER='1' AIRFLOW_CTX_DAG_RUN_ID='scheduled__2026-09-05T18:08:00+00:00'
[2026-09-05T20:17:29.786+0200] {logging_mixin.py:190} INFO - Task instance is in running state
[2026-09-05T20:17:29.786+0200] {logging_mixin.py:190} INFO -  Previous state of the Task instance: queued
[2026-09-05T20:17:29.786+0200] {logging_mixin.py:190} INFO - Current task name:wait_for_csv state:running start_date:2026-09-05 18:17:29.746222+00:00
[2026-09-05T20:17:29.786+0200] {logging_mixin.py:190} INFO - Dag name:mini_riskagent_file_ingestion and current dag run status:running
[2026-09-05T20:17:29.786+0200] {taskinstance.py:732} INFO - ::endgroup::
[2026-09-05T20:17:29.788+0200] {python.py:75} INFO - Poking callable: <function check_for_csv_files at 0x108e92b60>
[2026-09-05T20:17:29.791+0200] {taskinstance.py:310} INFO - Rescheduling task, marking task as UP_FOR_RESCHEDULE
[2026-09-05T20:17:29.793+0200] {taskinstance.py:341} INFO - ::group::Post task execution logs
[2026-09-05T20:17:29.811+0200] {local_task_job_runner.py:266} INFO - Task exited with return code 0
[2026-09-05T20:17:29.817+0200] {taskinstance.py:3901} INFO - 0 downstream tasks scheduled from follow-on schedule check
[2026-09-05T20:17:29.817+0200] {local_task_job_runner.py:245} INFO - ::endgroup::
[2026-09-05T20:18:01.106+0200] {local_task_job_runner.py:123} INFO - ::group::Pre task execution logs
[2026-09-05T20:18:01.109+0200] {taskinstance.py:2614} INFO - Dependencies all met for dep_context=non-requeueable deps ti=<TaskInstance: mini_riskagent_file_ingestion.wait_for_csv scheduled__2026-09-05T18:08:00+00:00 [queued]>
[2026-09-05T20:18:01.110+0200] {taskinstance.py:2614} INFO - Dependencies all met for dep_context=requeueable deps ti=<TaskInstance: mini_riskagent_file_ingestion.wait_for_csv scheduled__2026-09-05T18:08:00+00:00 [queued]>
[2026-09-05T20:18:01.110+0200] {taskinstance.py:2867} INFO - Starting attempt 1 of 2
[2026-09-05T20:18:01.113+0200] {taskinstance.py:2890} INFO - Executing <Task(PythonSensor): wait_for_csv> on 2026-09-05 18:08:00+00:00
[2026-09-05T20:18:01.117+0200] {standard_task_runner.py:104} INFO - Running: ['airflow', 'tasks', 'run', 'mini_riskagent_file_ingestion', 'wait_for_csv', 'scheduled__2026-09-05T18:08:00+00:00', '--job-id', '2575', '--raw', '--subdir', 'DAGS_FOLDER/data_ingest_pipeline.py', '--cfg-path', '/var/folders/5p/201rr1sj03g8gksxm9x48mbh0000gn/T/tmpawnwu4rz']
[2026-09-05T20:18:01.118+0200] {standard_task_runner.py:105} INFO - Job 2575: Subtask wait_for_csv
[2026-09-05T20:18:01.118+0200] {logging_mixin.py:190} WARNING - /Users/swarnalidatta/Desktop/AutoQueryChatbot/.airflow-venv/lib/python3.12/site-packages/airflow/task/task_runner/standard_task_runner.py:70 DeprecationWarning: This process (pid=45381) is multi-threaded, use of fork() may lead to deadlocks in the child.
[2026-09-05T20:18:01.119+0200] {standard_task_runner.py:72} INFO - Started process 45383 to run task
[2026-09-05T20:18:01.133+0200] {task_command.py:467} INFO - Running <TaskInstance: mini_riskagent_file_ingestion.wait_for_csv scheduled__2026-09-05T18:08:00+00:00 [running]> on host mac.home
[2026-09-05T20:18:01.149+0200] {taskinstance.py:3134} INFO - Exporting env vars: AIRFLOW_CTX_DAG_OWNER='autoquery' AIRFLOW_CTX_DAG_ID='mini_riskagent_file_ingestion' AIRFLOW_CTX_TASK_ID='wait_for_csv' AIRFLOW_CTX_EXECUTION_DATE='2026-09-05T18:08:00+00:00' AIRFLOW_CTX_TRY_NUMBER='1' AIRFLOW_CTX_DAG_RUN_ID='scheduled__2026-09-05T18:08:00+00:00'
[2026-09-05T20:18:01.150+0200] {logging_mixin.py:190} INFO - Task instance is in running state
[2026-09-05T20:18:01.150+0200] {logging_mixin.py:190} INFO -  Previous state of the Task instance: queued
[2026-09-05T20:18:01.150+0200] {logging_mixin.py:190} INFO - Current task name:wait_for_csv state:running start_date:2026-09-05 18:18:01.109294+00:00
[2026-09-05T20:18:01.150+0200] {logging_mixin.py:190} INFO - Dag name:mini_riskagent_file_ingestion and current dag run status:running
[2026-09-05T20:18:01.150+0200] {taskinstance.py:732} INFO - ::endgroup::
[2026-09-05T20:18:01.152+0200] {python.py:75} INFO - Poking callable: <function check_for_csv_files at 0x10895ab60>
[2026-09-05T20:18:01.155+0200] {taskinstance.py:310} INFO - Rescheduling task, marking task as UP_FOR_RESCHEDULE
[2026-09-05T20:18:01.155+0200] {taskinstance.py:341} INFO - ::group::Post task execution logs
[2026-09-05T20:18:01.174+0200] {local_task_job_runner.py:266} INFO - Task exited with return code 0
[2026-09-05T20:18:01.181+0200] {taskinstance.py:3901} INFO - 0 downstream tasks scheduled from follow-on schedule check
[2026-09-05T20:18:01.181+0200] {local_task_job_runner.py:245} INFO - ::endgroup::
[2026-09-05T20:18:32.682+0200] {local_task_job_runner.py:123} INFO - ::group::Pre task execution logs
[2026-09-05T20:18:32.685+0200] {taskinstance.py:2614} INFO - Dependencies all met for dep_context=non-requeueable deps ti=<TaskInstance: mini_riskagent_file_ingestion.wait_for_csv scheduled__2026-09-05T18:08:00+00:00 [queued]>
[2026-09-05T20:18:32.687+0200] {taskinstance.py:2614} INFO - Dependencies all met for dep_context=requeueable deps ti=<TaskInstance: mini_riskagent_file_ingestion.wait_for_csv scheduled__2026-09-05T18:08:00+00:00 [queued]>
[2026-09-05T20:18:32.687+0200] {taskinstance.py:2867} INFO - Starting attempt 1 of 2
[2026-09-05T20:18:32.690+0200] {taskinstance.py:2890} INFO - Executing <Task(PythonSensor): wait_for_csv> on 2026-09-05 18:08:00+00:00
[2026-09-05T20:18:32.694+0200] {logging_mixin.py:190} WARNING - /Users/swarnalidatta/Desktop/AutoQueryChatbot/.airflow-venv/lib/python3.12/site-packages/airflow/task/task_runner/standard_task_runner.py:70 DeprecationWarning: This process (pid=45480) is multi-threaded, use of fork() may lead to deadlocks in the child.
[2026-09-05T20:18:32.695+0200] {standard_task_runner.py:72} INFO - Started process 45482 to run task
[2026-09-05T20:18:32.694+0200] {standard_task_runner.py:104} INFO - Running: ['airflow', 'tasks', 'run', 'mini_riskagent_file_ingestion', 'wait_for_csv', 'scheduled__2026-09-05T18:08:00+00:00', '--job-id', '2588', '--raw', '--subdir', 'DAGS_FOLDER/data_ingest_pipeline.py', '--cfg-path', '/var/folders/5p/201rr1sj03g8gksxm9x48mbh0000gn/T/tmphpyhpa13']
[2026-09-05T20:18:32.695+0200] {standard_task_runner.py:105} INFO - Job 2588: Subtask wait_for_csv
[2026-09-05T20:18:32.708+0200] {task_command.py:467} INFO - Running <TaskInstance: mini_riskagent_file_ingestion.wait_for_csv scheduled__2026-09-05T18:08:00+00:00 [running]> on host mac.home
[2026-09-05T20:18:32.724+0200] {taskinstance.py:3134} INFO - Exporting env vars: AIRFLOW_CTX_DAG_OWNER='autoquery' AIRFLOW_CTX_DAG_ID='mini_riskagent_file_ingestion' AIRFLOW_CTX_TASK_ID='wait_for_csv' AIRFLOW_CTX_EXECUTION_DATE='2026-09-05T18:08:00+00:00' AIRFLOW_CTX_TRY_NUMBER='1' AIRFLOW_CTX_DAG_RUN_ID='scheduled__2026-09-05T18:08:00+00:00'
[2026-09-05T20:18:32.724+0200] {logging_mixin.py:190} INFO - Task instance is in running state
[2026-09-05T20:18:32.724+0200] {logging_mixin.py:190} INFO -  Previous state of the Task instance: queued
[2026-09-05T20:18:32.725+0200] {logging_mixin.py:190} INFO - Current task name:wait_for_csv state:running start_date:2026-09-05 18:18:32.685741+00:00
[2026-09-05T20:18:32.725+0200] {logging_mixin.py:190} INFO - Dag name:mini_riskagent_file_ingestion and current dag run status:running
[2026-09-05T20:18:32.725+0200] {taskinstance.py:732} INFO - ::endgroup::
[2026-09-05T20:18:32.726+0200] {python.py:75} INFO - Poking callable: <function check_for_csv_files at 0x10ce62b60>
[2026-09-05T20:18:32.730+0200] {taskinstance.py:310} INFO - Rescheduling task, marking task as UP_FOR_RESCHEDULE
[2026-09-05T20:18:32.730+0200] {taskinstance.py:341} INFO - ::group::Post task execution logs
[2026-09-05T20:18:32.750+0200] {local_task_job_runner.py:266} INFO - Task exited with return code 0
[2026-09-05T20:18:32.757+0200] {taskinstance.py:3901} INFO - 0 downstream tasks scheduled from follow-on schedule check
[2026-09-05T20:18:32.757+0200] {local_task_job_runner.py:245} INFO - ::endgroup::
[2026-09-05T20:19:03.997+0200] {local_task_job_runner.py:123} INFO - ::group::Pre task execution logs
[2026-09-05T20:19:04.000+0200] {taskinstance.py:2614} INFO - Dependencies all met for dep_context=non-requeueable deps ti=<TaskInstance: mini_riskagent_file_ingestion.wait_for_csv scheduled__2026-09-05T18:08:00+00:00 [queued]>
[2026-09-05T20:19:04.001+0200] {taskinstance.py:2614} INFO - Dependencies all met for dep_context=requeueable deps ti=<TaskInstance: mini_riskagent_file_ingestion.wait_for_csv scheduled__2026-09-05T18:08:00+00:00 [queued]>
[2026-09-05T20:19:04.002+0200] {taskinstance.py:2867} INFO - Starting attempt 1 of 2
[2026-09-05T20:19:04.005+0200] {taskinstance.py:2890} INFO - Executing <Task(PythonSensor): wait_for_csv> on 2026-09-05 18:08:00+00:00
[2026-09-05T20:19:04.009+0200] {standard_task_runner.py:104} INFO - Running: ['airflow', 'tasks', 'run', 'mini_riskagent_file_ingestion', 'wait_for_csv', 'scheduled__2026-09-05T18:08:00+00:00', '--job-id', '2602', '--raw', '--subdir', 'DAGS_FOLDER/data_ingest_pipeline.py', '--cfg-path', '/var/folders/5p/201rr1sj03g8gksxm9x48mbh0000gn/T/tmpdkbfibn5']
[2026-09-05T20:19:04.010+0200] {logging_mixin.py:190} WARNING - /Users/swarnalidatta/Desktop/AutoQueryChatbot/.airflow-venv/lib/python3.12/site-packages/airflow/task/task_runner/standard_task_runner.py:70 DeprecationWarning: This process (pid=45586) is multi-threaded, use of fork() may lead to deadlocks in the child.
[2026-09-05T20:19:04.010+0200] {standard_task_runner.py:72} INFO - Started process 45588 to run task
[2026-09-05T20:19:04.010+0200] {standard_task_runner.py:105} INFO - Job 2602: Subtask wait_for_csv
[2026-09-05T20:19:04.024+0200] {task_command.py:467} INFO - Running <TaskInstance: mini_riskagent_file_ingestion.wait_for_csv scheduled__2026-09-05T18:08:00+00:00 [running]> on host mac.home
[2026-09-05T20:19:04.040+0200] {taskinstance.py:3134} INFO - Exporting env vars: AIRFLOW_CTX_DAG_OWNER='autoquery' AIRFLOW_CTX_DAG_ID='mini_riskagent_file_ingestion' AIRFLOW_CTX_TASK_ID='wait_for_csv' AIRFLOW_CTX_EXECUTION_DATE='2026-09-05T18:08:00+00:00' AIRFLOW_CTX_TRY_NUMBER='1' AIRFLOW_CTX_DAG_RUN_ID='scheduled__2026-09-05T18:08:00+00:00'
[2026-09-05T20:19:04.041+0200] {logging_mixin.py:190} INFO - Task instance is in running state
[2026-09-05T20:19:04.041+0200] {logging_mixin.py:190} INFO -  Previous state of the Task instance: queued
[2026-09-05T20:19:04.041+0200] {logging_mixin.py:190} INFO - Current task name:wait_for_csv state:running start_date:2026-09-05 18:19:04.000565+00:00
[2026-09-05T20:19:04.041+0200] {logging_mixin.py:190} INFO - Dag name:mini_riskagent_file_ingestion and current dag run status:running
[2026-09-05T20:19:04.041+0200] {taskinstance.py:732} INFO - ::endgroup::
[2026-09-05T20:19:04.043+0200] {python.py:75} INFO - Poking callable: <function check_for_csv_files at 0x108e96b60>
[2026-09-05T20:19:04.046+0200] {taskinstance.py:310} INFO - Rescheduling task, marking task as UP_FOR_RESCHEDULE
[2026-09-05T20:19:04.046+0200] {taskinstance.py:341} INFO - ::group::Post task execution logs
[2026-09-05T20:19:04.066+0200] {local_task_job_runner.py:266} INFO - Task exited with return code 0
[2026-09-05T20:19:04.072+0200] {taskinstance.py:3901} INFO - 0 downstream tasks scheduled from follow-on schedule check
[2026-09-05T20:19:04.073+0200] {local_task_job_runner.py:245} INFO - ::endgroup::
[2026-09-05T20:19:36.686+0200] {local_task_job_runner.py:123} INFO - ::group::Pre task execution logs
[2026-09-05T20:19:36.689+0200] {taskinstance.py:2614} INFO - Dependencies all met for dep_context=non-requeueable deps ti=<TaskInstance: mini_riskagent_file_ingestion.wait_for_csv scheduled__2026-09-05T18:08:00+00:00 [queued]>
[2026-09-05T20:19:36.690+0200] {taskinstance.py:2614} INFO - Dependencies all met for dep_context=requeueable deps ti=<TaskInstance: mini_riskagent_file_ingestion.wait_for_csv scheduled__2026-09-05T18:08:00+00:00 [queued]>
[2026-09-05T20:19:36.690+0200] {taskinstance.py:2867} INFO - Starting attempt 1 of 2
[2026-09-05T20:19:36.693+0200] {taskinstance.py:2890} INFO - Executing <Task(PythonSensor): wait_for_csv> on 2026-09-05 18:08:00+00:00
[2026-09-05T20:19:36.698+0200] {logging_mixin.py:190} WARNING - /Users/swarnalidatta/Desktop/AutoQueryChatbot/.airflow-venv/lib/python3.12/site-packages/airflow/task/task_runner/standard_task_runner.py:70 DeprecationWarning: This process (pid=45710) is multi-threaded, use of fork() may lead to deadlocks in the child.
[2026-09-05T20:19:36.698+0200] {standard_task_runner.py:72} INFO - Started process 45712 to run task
[2026-09-05T20:19:36.697+0200] {standard_task_runner.py:104} INFO - Running: ['airflow', 'tasks', 'run', 'mini_riskagent_file_ingestion', 'wait_for_csv', 'scheduled__2026-09-05T18:08:00+00:00', '--job-id', '2616', '--raw', '--subdir', 'DAGS_FOLDER/data_ingest_pipeline.py', '--cfg-path', '/var/folders/5p/201rr1sj03g8gksxm9x48mbh0000gn/T/tmpsir7i2rm']
[2026-09-05T20:19:36.698+0200] {standard_task_runner.py:105} INFO - Job 2616: Subtask wait_for_csv
[2026-09-05T20:19:36.712+0200] {task_command.py:467} INFO - Running <TaskInstance: mini_riskagent_file_ingestion.wait_for_csv scheduled__2026-09-05T18:08:00+00:00 [running]> on host mac.home
[2026-09-05T20:19:36.728+0200] {taskinstance.py:3134} INFO - Exporting env vars: AIRFLOW_CTX_DAG_OWNER='autoquery' AIRFLOW_CTX_DAG_ID='mini_riskagent_file_ingestion' AIRFLOW_CTX_TASK_ID='wait_for_csv' AIRFLOW_CTX_EXECUTION_DATE='2026-09-05T18:08:00+00:00' AIRFLOW_CTX_TRY_NUMBER='1' AIRFLOW_CTX_DAG_RUN_ID='scheduled__2026-09-05T18:08:00+00:00'
[2026-09-05T20:19:36.728+0200] {logging_mixin.py:190} INFO - Task instance is in running state
[2026-09-05T20:19:36.729+0200] {logging_mixin.py:190} INFO -  Previous state of the Task instance: queued
[2026-09-05T20:19:36.729+0200] {logging_mixin.py:190} INFO - Current task name:wait_for_csv state:running start_date:2026-09-05 18:19:36.689316+00:00
[2026-09-05T20:19:36.729+0200] {logging_mixin.py:190} INFO - Dag name:mini_riskagent_file_ingestion and current dag run status:running
[2026-09-05T20:19:36.729+0200] {taskinstance.py:732} INFO - ::endgroup::
[2026-09-05T20:19:36.731+0200] {python.py:75} INFO - Poking callable: <function check_for_csv_files at 0x10b386b60>
[2026-09-05T20:19:36.734+0200] {taskinstance.py:310} INFO - Rescheduling task, marking task as UP_FOR_RESCHEDULE
[2026-09-05T20:19:36.734+0200] {taskinstance.py:341} INFO - ::group::Post task execution logs
[2026-09-05T20:19:36.754+0200] {local_task_job_runner.py:266} INFO - Task exited with return code 0
[2026-09-05T20:19:36.761+0200] {taskinstance.py:3901} INFO - 0 downstream tasks scheduled from follow-on schedule check
[2026-09-05T20:19:36.761+0200] {local_task_job_runner.py:245} INFO - ::endgroup::
[2026-09-05T20:20:08.881+0200] {local_task_job_runner.py:123} INFO - ::group::Pre task execution logs
[2026-09-05T20:20:08.883+0200] {taskinstance.py:2614} INFO - Dependencies all met for dep_context=non-requeueable deps ti=<TaskInstance: mini_riskagent_file_ingestion.wait_for_csv scheduled__2026-09-05T18:08:00+00:00 [queued]>
[2026-09-05T20:20:08.885+0200] {taskinstance.py:2614} INFO - Dependencies all met for dep_context=requeueable deps ti=<TaskInstance: mini_riskagent_file_ingestion.wait_for_csv scheduled__2026-09-05T18:08:00+00:00 [queued]>
[2026-09-05T20:20:08.885+0200] {taskinstance.py:2867} INFO - Starting attempt 1 of 2
[2026-09-05T20:20:08.888+0200] {taskinstance.py:2890} INFO - Executing <Task(PythonSensor): wait_for_csv> on 2026-09-05 18:08:00+00:00
[2026-09-05T20:20:08.892+0200] {logging_mixin.py:190} WARNING - /Users/swarnalidatta/Desktop/AutoQueryChatbot/.airflow-venv/lib/python3.12/site-packages/airflow/task/task_runner/standard_task_runner.py:70 DeprecationWarning: This process (pid=45818) is multi-threaded, use of fork() may lead to deadlocks in the child.
[2026-09-05T20:20:08.893+0200] {standard_task_runner.py:72} INFO - Started process 45820 to run task
[2026-09-05T20:20:08.892+0200] {standard_task_runner.py:104} INFO - Running: ['airflow', 'tasks', 'run', 'mini_riskagent_file_ingestion', 'wait_for_csv', 'scheduled__2026-09-05T18:08:00+00:00', '--job-id', '2631', '--raw', '--subdir', 'DAGS_FOLDER/data_ingest_pipeline.py', '--cfg-path', '/var/folders/5p/201rr1sj03g8gksxm9x48mbh0000gn/T/tmpaqajty7k']
[2026-09-05T20:20:08.893+0200] {standard_task_runner.py:105} INFO - Job 2631: Subtask wait_for_csv
[2026-09-05T20:20:08.908+0200] {task_command.py:467} INFO - Running <TaskInstance: mini_riskagent_file_ingestion.wait_for_csv scheduled__2026-09-05T18:08:00+00:00 [running]> on host mac.home
[2026-09-05T20:20:08.924+0200] {taskinstance.py:3134} INFO - Exporting env vars: AIRFLOW_CTX_DAG_OWNER='autoquery' AIRFLOW_CTX_DAG_ID='mini_riskagent_file_ingestion' AIRFLOW_CTX_TASK_ID='wait_for_csv' AIRFLOW_CTX_EXECUTION_DATE='2026-09-05T18:08:00+00:00' AIRFLOW_CTX_TRY_NUMBER='1' AIRFLOW_CTX_DAG_RUN_ID='scheduled__2026-09-05T18:08:00+00:00'
[2026-09-05T20:20:08.924+0200] {logging_mixin.py:190} INFO - Task instance is in running state
[2026-09-05T20:20:08.924+0200] {logging_mixin.py:190} INFO -  Previous state of the Task instance: queued
[2026-09-05T20:20:08.925+0200] {logging_mixin.py:190} INFO - Current task name:wait_for_csv state:running start_date:2026-09-05 18:20:08.884003+00:00
[2026-09-05T20:20:08.925+0200] {logging_mixin.py:190} INFO - Dag name:mini_riskagent_file_ingestion and current dag run status:running
[2026-09-05T20:20:08.925+0200] {taskinstance.py:732} INFO - ::endgroup::
[2026-09-05T20:20:08.926+0200] {python.py:75} INFO - Poking callable: <function check_for_csv_files at 0x10b826b60>
[2026-09-05T20:20:08.930+0200] {taskinstance.py:310} INFO - Rescheduling task, marking task as UP_FOR_RESCHEDULE
[2026-09-05T20:20:08.930+0200] {taskinstance.py:341} INFO - ::group::Post task execution logs
[2026-09-05T20:20:08.948+0200] {local_task_job_runner.py:266} INFO - Task exited with return code 0
[2026-09-05T20:20:08.955+0200] {taskinstance.py:3901} INFO - 0 downstream tasks scheduled from follow-on schedule check
[2026-09-05T20:20:08.955+0200] {local_task_job_runner.py:245} INFO - ::endgroup::
[2026-09-05T20:20:41.169+0200] {local_task_job_runner.py:123} INFO - ::group::Pre task execution logs
[2026-09-05T20:20:41.171+0200] {taskinstance.py:2614} INFO - Dependencies all met for dep_context=non-requeueable deps ti=<TaskInstance: mini_riskagent_file_ingestion.wait_for_csv scheduled__2026-09-05T18:08:00+00:00 [queued]>
[2026-09-05T20:20:41.173+0200] {taskinstance.py:2614} INFO - Dependencies all met for dep_context=requeueable deps ti=<TaskInstance: mini_riskagent_file_ingestion.wait_for_csv scheduled__2026-09-05T18:08:00+00:00 [queued]>
[2026-09-05T20:20:41.173+0200] {taskinstance.py:2867} INFO - Starting attempt 1 of 2
[2026-09-05T20:20:41.176+0200] {taskinstance.py:2890} INFO - Executing <Task(PythonSensor): wait_for_csv> on 2026-09-05 18:08:00+00:00
[2026-09-05T20:20:41.180+0200] {logging_mixin.py:190} WARNING - /Users/swarnalidatta/Desktop/AutoQueryChatbot/.airflow-venv/lib/python3.12/site-packages/airflow/task/task_runner/standard_task_runner.py:70 DeprecationWarning: This process (pid=45926) is multi-threaded, use of fork() may lead to deadlocks in the child.
[2026-09-05T20:20:41.181+0200] {standard_task_runner.py:72} INFO - Started process 45932 to run task
[2026-09-05T20:20:41.180+0200] {standard_task_runner.py:104} INFO - Running: ['airflow', 'tasks', 'run', 'mini_riskagent_file_ingestion', 'wait_for_csv', 'scheduled__2026-09-05T18:08:00+00:00', '--job-id', '2646', '--raw', '--subdir', 'DAGS_FOLDER/data_ingest_pipeline.py', '--cfg-path', '/var/folders/5p/201rr1sj03g8gksxm9x48mbh0000gn/T/tmp7edebp53']
[2026-09-05T20:20:41.181+0200] {standard_task_runner.py:105} INFO - Job 2646: Subtask wait_for_csv
[2026-09-05T20:20:41.196+0200] {task_command.py:467} INFO - Running <TaskInstance: mini_riskagent_file_ingestion.wait_for_csv scheduled__2026-09-05T18:08:00+00:00 [running]> on host mac.home
[2026-09-05T20:20:41.212+0200] {taskinstance.py:3134} INFO - Exporting env vars: AIRFLOW_CTX_DAG_OWNER='autoquery' AIRFLOW_CTX_DAG_ID='mini_riskagent_file_ingestion' AIRFLOW_CTX_TASK_ID='wait_for_csv' AIRFLOW_CTX_EXECUTION_DATE='2026-09-05T18:08:00+00:00' AIRFLOW_CTX_TRY_NUMBER='1' AIRFLOW_CTX_DAG_RUN_ID='scheduled__2026-09-05T18:08:00+00:00'
[2026-09-05T20:20:41.212+0200] {logging_mixin.py:190} INFO - Task instance is in running state
[2026-09-05T20:20:41.212+0200] {logging_mixin.py:190} INFO -  Previous state of the Task instance: queued
[2026-09-05T20:20:41.213+0200] {logging_mixin.py:190} INFO - Current task name:wait_for_csv state:running start_date:2026-09-05 18:20:41.171900+00:00
[2026-09-05T20:20:41.213+0200] {logging_mixin.py:190} INFO - Dag name:mini_riskagent_file_ingestion and current dag run status:running
[2026-09-05T20:20:41.213+0200] {taskinstance.py:732} INFO - ::endgroup::
[2026-09-05T20:20:41.214+0200] {python.py:75} INFO - Poking callable: <function check_for_csv_files at 0x112aeab60>
[2026-09-05T20:20:41.218+0200] {taskinstance.py:310} INFO - Rescheduling task, marking task as UP_FOR_RESCHEDULE
[2026-09-05T20:20:41.218+0200] {taskinstance.py:341} INFO - ::group::Post task execution logs
[2026-09-05T20:20:41.236+0200] {local_task_job_runner.py:266} INFO - Task exited with return code 0
[2026-09-05T20:20:41.242+0200] {taskinstance.py:3901} INFO - 0 downstream tasks scheduled from follow-on schedule check
[2026-09-05T20:20:41.242+0200] {local_task_job_runner.py:245} INFO - ::endgroup::
[2026-09-05T20:21:13.620+0200] {local_task_job_runner.py:123} INFO - ::group::Pre task execution logs
[2026-09-05T20:21:13.623+0200] {taskinstance.py:2614} INFO - Dependencies all met for dep_context=non-requeueable deps ti=<TaskInstance: mini_riskagent_file_ingestion.wait_for_csv scheduled__2026-09-05T18:08:00+00:00 [queued]>
[2026-09-05T20:21:13.624+0200] {taskinstance.py:2614} INFO - Dependencies all met for dep_context=requeueable deps ti=<TaskInstance: mini_riskagent_file_ingestion.wait_for_csv scheduled__2026-09-05T18:08:00+00:00 [queued]>
[2026-09-05T20:21:13.624+0200] {taskinstance.py:2867} INFO - Starting attempt 1 of 2
[2026-09-05T20:21:13.627+0200] {taskinstance.py:2890} INFO - Executing <Task(PythonSensor): wait_for_csv> on 2026-09-05 18:08:00+00:00
[2026-09-05T20:21:13.632+0200] {logging_mixin.py:190} WARNING - /Users/swarnalidatta/Desktop/AutoQueryChatbot/.airflow-venv/lib/python3.12/site-packages/airflow/task/task_runner/standard_task_runner.py:70 DeprecationWarning: This process (pid=46041) is multi-threaded, use of fork() may lead to deadlocks in the child.
[2026-09-05T20:21:13.632+0200] {standard_task_runner.py:72} INFO - Started process 46043 to run task
[2026-09-05T20:21:13.631+0200] {standard_task_runner.py:104} INFO - Running: ['airflow', 'tasks', 'run', 'mini_riskagent_file_ingestion', 'wait_for_csv', 'scheduled__2026-09-05T18:08:00+00:00', '--job-id', '2662', '--raw', '--subdir', 'DAGS_FOLDER/data_ingest_pipeline.py', '--cfg-path', '/var/folders/5p/201rr1sj03g8gksxm9x48mbh0000gn/T/tmph9npzk4b']
[2026-09-05T20:21:13.632+0200] {standard_task_runner.py:105} INFO - Job 2662: Subtask wait_for_csv
[2026-09-05T20:21:13.647+0200] {task_command.py:467} INFO - Running <TaskInstance: mini_riskagent_file_ingestion.wait_for_csv scheduled__2026-09-05T18:08:00+00:00 [running]> on host mac.home
[2026-09-05T20:21:13.663+0200] {taskinstance.py:3134} INFO - Exporting env vars: AIRFLOW_CTX_DAG_OWNER='autoquery' AIRFLOW_CTX_DAG_ID='mini_riskagent_file_ingestion' AIRFLOW_CTX_TASK_ID='wait_for_csv' AIRFLOW_CTX_EXECUTION_DATE='2026-09-05T18:08:00+00:00' AIRFLOW_CTX_TRY_NUMBER='1' AIRFLOW_CTX_DAG_RUN_ID='scheduled__2026-09-05T18:08:00+00:00'
[2026-09-05T20:21:13.664+0200] {logging_mixin.py:190} INFO - Task instance is in running state
[2026-09-05T20:21:13.664+0200] {logging_mixin.py:190} INFO -  Previous state of the Task instance: queued
[2026-09-05T20:21:13.664+0200] {logging_mixin.py:190} INFO - Current task name:wait_for_csv state:running start_date:2026-09-05 18:21:13.623327+00:00
[2026-09-05T20:21:13.664+0200] {logging_mixin.py:190} INFO - Dag name:mini_riskagent_file_ingestion and current dag run status:running
[2026-09-05T20:21:13.664+0200] {taskinstance.py:732} INFO - ::endgroup::
[2026-09-05T20:21:13.666+0200] {python.py:75} INFO - Poking callable: <function check_for_csv_files at 0x108a36b60>
[2026-09-05T20:21:13.669+0200] {taskinstance.py:310} INFO - Rescheduling task, marking task as UP_FOR_RESCHEDULE
[2026-09-05T20:21:13.669+0200] {taskinstance.py:341} INFO - ::group::Post task execution logs
[2026-09-05T20:21:13.688+0200] {local_task_job_runner.py:266} INFO - Task exited with return code 0
[2026-09-05T20:21:13.694+0200] {taskinstance.py:3901} INFO - 0 downstream tasks scheduled from follow-on schedule check
[2026-09-05T20:21:13.695+0200] {local_task_job_runner.py:245} INFO - ::endgroup::
[2026-09-05T20:21:46.325+0200] {local_task_job_runner.py:123} INFO - ::group::Pre task execution logs
[2026-09-05T20:21:46.327+0200] {taskinstance.py:2614} INFO - Dependencies all met for dep_context=non-requeueable deps ti=<TaskInstance: mini_riskagent_file_ingestion.wait_for_csv scheduled__2026-09-05T18:08:00+00:00 [queued]>
[2026-09-05T20:21:46.329+0200] {taskinstance.py:2614} INFO - Dependencies all met for dep_context=requeueable deps ti=<TaskInstance: mini_riskagent_file_ingestion.wait_for_csv scheduled__2026-09-05T18:08:00+00:00 [queued]>
[2026-09-05T20:21:46.329+0200] {taskinstance.py:2867} INFO - Starting attempt 1 of 2
[2026-09-05T20:21:46.332+0200] {taskinstance.py:2890} INFO - Executing <Task(PythonSensor): wait_for_csv> on 2026-09-05 18:08:00+00:00
[2026-09-05T20:21:46.336+0200] {logging_mixin.py:190} WARNING - /Users/swarnalidatta/Desktop/AutoQueryChatbot/.airflow-venv/lib/python3.12/site-packages/airflow/task/task_runner/standard_task_runner.py:70 DeprecationWarning: This process (pid=46150) is multi-threaded, use of fork() may lead to deadlocks in the child.
[2026-09-05T20:21:46.337+0200] {standard_task_runner.py:72} INFO - Started process 46152 to run task
[2026-09-05T20:21:46.336+0200] {standard_task_runner.py:104} INFO - Running: ['airflow', 'tasks', 'run', 'mini_riskagent_file_ingestion', 'wait_for_csv', 'scheduled__2026-09-05T18:08:00+00:00', '--job-id', '2678', '--raw', '--subdir', 'DAGS_FOLDER/data_ingest_pipeline.py', '--cfg-path', '/var/folders/5p/201rr1sj03g8gksxm9x48mbh0000gn/T/tmp36d3rnal']
[2026-09-05T20:21:46.337+0200] {standard_task_runner.py:105} INFO - Job 2678: Subtask wait_for_csv
[2026-09-05T20:21:46.352+0200] {task_command.py:467} INFO - Running <TaskInstance: mini_riskagent_file_ingestion.wait_for_csv scheduled__2026-09-05T18:08:00+00:00 [running]> on host mac.home
[2026-09-05T20:21:46.368+0200] {taskinstance.py:3134} INFO - Exporting env vars: AIRFLOW_CTX_DAG_OWNER='autoquery' AIRFLOW_CTX_DAG_ID='mini_riskagent_file_ingestion' AIRFLOW_CTX_TASK_ID='wait_for_csv' AIRFLOW_CTX_EXECUTION_DATE='2026-09-05T18:08:00+00:00' AIRFLOW_CTX_TRY_NUMBER='1' AIRFLOW_CTX_DAG_RUN_ID='scheduled__2026-09-05T18:08:00+00:00'
[2026-09-05T20:21:46.368+0200] {logging_mixin.py:190} INFO - Task instance is in running state
[2026-09-05T20:21:46.368+0200] {logging_mixin.py:190} INFO -  Previous state of the Task instance: queued
[2026-09-05T20:21:46.368+0200] {logging_mixin.py:190} INFO - Current task name:wait_for_csv state:running start_date:2026-09-05 18:21:46.327830+00:00
[2026-09-05T20:21:46.369+0200] {logging_mixin.py:190} INFO - Dag name:mini_riskagent_file_ingestion and current dag run status:running
[2026-09-05T20:21:46.369+0200] {taskinstance.py:732} INFO - ::endgroup::
[2026-09-05T20:21:46.370+0200] {python.py:75} INFO - Poking callable: <function check_for_csv_files at 0x10d442b60>
[2026-09-05T20:21:46.374+0200] {taskinstance.py:310} INFO - Rescheduling task, marking task as UP_FOR_RESCHEDULE
[2026-09-05T20:21:46.374+0200] {taskinstance.py:341} INFO - ::group::Post task execution logs
[2026-09-05T20:21:46.392+0200] {local_task_job_runner.py:266} INFO - Task exited with return code 0
[2026-09-05T20:21:46.399+0200] {taskinstance.py:3901} INFO - 0 downstream tasks scheduled from follow-on schedule check
[2026-09-05T20:21:46.399+0200] {local_task_job_runner.py:245} INFO - ::endgroup::
[2026-09-05T20:22:19.105+0200] {local_task_job_runner.py:123} INFO - ::group::Pre task execution logs
[2026-09-05T20:22:19.108+0200] {taskinstance.py:2614} INFO - Dependencies all met for dep_context=non-requeueable deps ti=<TaskInstance: mini_riskagent_file_ingestion.wait_for_csv scheduled__2026-09-05T18:08:00+00:00 [queued]>
[2026-09-05T20:22:19.109+0200] {taskinstance.py:2614} INFO - Dependencies all met for dep_context=requeueable deps ti=<TaskInstance: mini_riskagent_file_ingestion.wait_for_csv scheduled__2026-09-05T18:08:00+00:00 [queued]>
[2026-09-05T20:22:19.109+0200] {taskinstance.py:2867} INFO - Starting attempt 1 of 2
[2026-09-05T20:22:19.113+0200] {taskinstance.py:2890} INFO - Executing <Task(PythonSensor): wait_for_csv> on 2026-09-05 18:08:00+00:00
[2026-09-05T20:22:19.117+0200] {logging_mixin.py:190} WARNING - /Users/swarnalidatta/Desktop/AutoQueryChatbot/.airflow-venv/lib/python3.12/site-packages/airflow/task/task_runner/standard_task_runner.py:70 DeprecationWarning: This process (pid=46264) is multi-threaded, use of fork() may lead to deadlocks in the child.
[2026-09-05T20:22:19.118+0200] {standard_task_runner.py:72} INFO - Started process 46266 to run task
[2026-09-05T20:22:19.117+0200] {standard_task_runner.py:104} INFO - Running: ['airflow', 'tasks', 'run', 'mini_riskagent_file_ingestion', 'wait_for_csv', 'scheduled__2026-09-05T18:08:00+00:00', '--job-id', '2700', '--raw', '--subdir', 'DAGS_FOLDER/data_ingest_pipeline.py', '--cfg-path', '/var/folders/5p/201rr1sj03g8gksxm9x48mbh0000gn/T/tmpyfvll8j2']
[2026-09-05T20:22:19.118+0200] {standard_task_runner.py:105} INFO - Job 2700: Subtask wait_for_csv
[2026-09-05T20:22:19.132+0200] {task_command.py:467} INFO - Running <TaskInstance: mini_riskagent_file_ingestion.wait_for_csv scheduled__2026-09-05T18:08:00+00:00 [running]> on host mac.home
[2026-09-05T20:22:19.148+0200] {taskinstance.py:3134} INFO - Exporting env vars: AIRFLOW_CTX_DAG_OWNER='autoquery' AIRFLOW_CTX_DAG_ID='mini_riskagent_file_ingestion' AIRFLOW_CTX_TASK_ID='wait_for_csv' AIRFLOW_CTX_EXECUTION_DATE='2026-09-05T18:08:00+00:00' AIRFLOW_CTX_TRY_NUMBER='1' AIRFLOW_CTX_DAG_RUN_ID='scheduled__2026-09-05T18:08:00+00:00'
[2026-09-05T20:22:19.149+0200] {logging_mixin.py:190} INFO - Task instance is in running state
[2026-09-05T20:22:19.149+0200] {logging_mixin.py:190} INFO -  Previous state of the Task instance: queued
[2026-09-05T20:22:19.149+0200] {logging_mixin.py:190} INFO - Current task name:wait_for_csv state:running start_date:2026-09-05 18:22:19.108556+00:00
[2026-09-05T20:22:19.149+0200] {logging_mixin.py:190} INFO - Dag name:mini_riskagent_file_ingestion and current dag run status:running
[2026-09-05T20:22:19.149+0200] {taskinstance.py:732} INFO - ::endgroup::
[2026-09-05T20:22:19.151+0200] {python.py:75} INFO - Poking callable: <function check_for_csv_files at 0x10c97ab60>
[2026-09-05T20:22:19.151+0200] {base.py:339} INFO - Success criteria met. Exiting.
[2026-09-05T20:22:19.152+0200] {taskinstance.py:341} INFO - ::group::Post task execution logs
[2026-09-05T20:22:19.153+0200] {taskinstance.py:353} INFO - Marking task as SUCCESS. dag_id=mini_riskagent_file_ingestion, task_id=wait_for_csv, run_id=scheduled__2026-09-05T18:08:00+00:00, execution_date=20260905T180800, start_date=20260905T182219, end_date=20260905T182219
[2026-09-05T20:22:19.156+0200] {logging_mixin.py:190} INFO - Task instance in success state
[2026-09-05T20:22:19.156+0200] {logging_mixin.py:190} INFO -  Previous state of the Task instance: running
[2026-09-05T20:22:19.156+0200] {logging_mixin.py:190} INFO - Dag name:mini_riskagent_file_ingestion queued_at:2026-09-05 18:09:01.988654+00:00
[2026-09-05T20:22:19.157+0200] {logging_mixin.py:190} INFO - Task hostname:mac.home operator:PythonSensor
[2026-09-05T20:22:19.173+0200] {local_task_job_runner.py:266} INFO - Task exited with return code 0
[2026-09-05T20:22:19.181+0200] {taskinstance.py:3901} INFO - 1 downstream tasks scheduled from follow-on schedule check
[2026-09-05T20:22:19.182+0200] {local_task_job_runner.py:245} INFO - ::endgroup::
