[2026-09-05T20:04:13.642+0200] {local_task_job_runner.py:123} INFO - ::group::Pre task execution logs
[2026-09-05T20:04:13.645+0200] {taskinstance.py:2614} INFO - Dependencies all met for dep_context=non-requeueable deps ti=<TaskInstance: mini_riskagent_file_ingestion.wait_for_csv scheduled__2026-09-05T18:02:00+00:00 [queued]>
[2026-09-05T20:04:13.647+0200] {taskinstance.py:2614} INFO - Dependencies all met for dep_context=requeueable deps ti=<TaskInstance: mini_riskagent_file_ingestion.wait_for_csv scheduled__2026-09-05T18:02:00+00:00 [queued]>
[2026-09-05T20:04:13.647+0200] {taskinstance.py:2867} INFO - Starting attempt 1 of 2
[2026-09-05T20:04:13.651+0200] {taskinstance.py:2890} INFO - Executing <Task(PythonSensor): wait_for_csv> on 2026-09-05 18:02:00+00:00
[2026-09-05T20:04:13.655+0200] {logging_mixin.py:190} WARNING - /Users/swarnalidatta/Desktop/AutoQueryChatbot/.airflow-venv/lib/python3.12/site-packages/airflow/task/task_runner/standard_task_runner.py:70 DeprecationWarning: This process (pid=38709) is multi-threaded, use of fork() may lead to deadlocks in the child.
[2026-09-05T20:04:13.656+0200] {standard_task_runner.py:72} INFO - Started process 38711 to run task
[2026-09-05T20:04:13.655+0200] {standard_task_runner.py:104} INFO - Running: ['airflow', 'tasks', 'run', 'mini_riskagent_file_ingestion', 'wait_for_csv', 'scheduled__2026-09-05T18:02:00+00:00', '--job-id', '2391', '--raw', '--subdir', 'DAGS_FOLDER/data_ingest_pipeline.py', '--cfg-path', '/var/folders/5p/201rr1sj03g8gksxm9x48mbh0000gn/T/tmp16_c22vj']
[2026-09-05T20:04:13.656+0200] {standard_task_runner.py:105} INFO - Job 2391: Subtask wait_for_csv
[2026-09-05T20:04:13.671+0200] {task_command.py:467} INFO - Running <TaskInstance: mini_riskagent_file_ingestion.wait_for_csv scheduled__2026-09-05T18:02:00+00:00 [running]> on host mac.home
[2026-09-05T20:04:13.689+0200] {taskinstance.py:3134} INFO - Exporting env vars: AIRFLOW_CTX_DAG_OWNER='autoquery' AIRFLOW_CTX_DAG_ID='mini_riskagent_file_ingestion' AIRFLOW_CTX_TASK_ID='wait_for_csv' AIRFLOW_CTX_EXECUTION_DATE='2026-09-05T18:02:00+00:00' AIRFLOW_CTX_TRY_NUMBER='1' AIRFLOW_CTX_DAG_RUN_ID='scheduled__2026-09-05T18:02:00+00:00'
[2026-09-05T20:04:13.689+0200] {logging_mixin.py:190} INFO - Task instance is in running state
[2026-09-05T20:04:13.689+0200] {logging_mixin.py:190} INFO -  Previous state of the Task instance: queued
[2026-09-05T20:04:13.689+0200] {logging_mixin.py:190} INFO - Current task name:wait_for_csv state:running start_date:2026-09-05 18:04:13.645608+00:00
[2026-09-05T20:04:13.690+0200] {logging_mixin.py:190} INFO - Dag name:mini_riskagent_file_ingestion and current dag run status:running
[2026-09-05T20:04:13.690+0200] {taskinstance.py:732} INFO - ::endgroup::
[2026-09-05T20:04:13.691+0200] {python.py:75} INFO - Poking callable: <function check_for_csv_files at 0x10c926b60>
[2026-09-05T20:04:13.694+0200] {taskinstance.py:310} INFO - Rescheduling task, marking task as UP_FOR_RESCHEDULE
[2026-09-05T20:04:13.695+0200] {taskinstance.py:341} INFO - ::group::Post task execution logs
[2026-09-05T20:04:13.711+0200] {local_task_job_runner.py:266} INFO - Task exited with return code 0
[2026-09-05T20:04:13.718+0200] {taskinstance.py:3901} INFO - 0 downstream tasks scheduled from follow-on schedule check
[2026-09-05T20:04:13.718+0200] {local_task_job_runner.py:245} INFO - ::endgroup::
[2026-09-05T20:04:44.681+0200] {local_task_job_runner.py:123} INFO - ::group::Pre task execution logs
[2026-09-05T20:04:44.684+0200] {taskinstance.py:2614} INFO - Dependencies all met for dep_context=non-requeueable deps ti=<TaskInstance: mini_riskagent_file_ingestion.wait_for_csv scheduled__2026-09-05T18:02:00+00:00 [queued]>
[2026-09-05T20:04:44.686+0200] {taskinstance.py:2614} INFO - Dependencies all met for dep_context=requeueable deps ti=<TaskInstance: mini_riskagent_file_ingestion.wait_for_csv scheduled__2026-09-05T18:02:00+00:00 [queued]>
[2026-09-05T20:04:44.686+0200] {taskinstance.py:2867} INFO - Starting attempt 1 of 2
[2026-09-05T20:04:44.689+0200] {taskinstance.py:2890} INFO - Executing <Task(PythonSensor): wait_for_csv> on 2026-09-05 18:02:00+00:00
[2026-09-05T20:04:44.693+0200] {logging_mixin.py:190} WARNING - /Users/swarnalidatta/Desktop/AutoQueryChatbot/.airflow-venv/lib/python3.12/site-packages/airflow/task/task_runner/standard_task_runner.py:70 DeprecationWarning: This process (pid=38780) is multi-threaded, use of fork() may lead to deadlocks in the child.
[2026-09-05T20:04:44.694+0200] {standard_task_runner.py:72} INFO - Started process 38782 to run task
[2026-09-05T20:04:44.693+0200] {standard_task_runner.py:104} INFO - Running: ['airflow', 'tasks', 'run', 'mini_riskagent_file_ingestion', 'wait_for_csv', 'scheduled__2026-09-05T18:02:00+00:00', '--job-id', '2394', '--raw', '--subdir', 'DAGS_FOLDER/data_ingest_pipeline.py', '--cfg-path', '/var/folders/5p/201rr1sj03g8gksxm9x48mbh0000gn/T/tmptik2a2n6']
[2026-09-05T20:04:44.694+0200] {standard_task_runner.py:105} INFO - Job 2394: Subtask wait_for_csv
[2026-09-05T20:04:44.708+0200] {task_command.py:467} INFO - Running <TaskInstance: mini_riskagent_file_ingestion.wait_for_csv scheduled__2026-09-05T18:02:00+00:00 [running]> on host mac.home
[2026-09-05T20:04:44.723+0200] {taskinstance.py:3134} INFO - Exporting env vars: AIRFLOW_CTX_DAG_OWNER='autoquery' AIRFLOW_CTX_DAG_ID='mini_riskagent_file_ingestion' AIRFLOW_CTX_TASK_ID='wait_for_csv' AIRFLOW_CTX_EXECUTION_DATE='2026-09-05T18:02:00+00:00' AIRFLOW_CTX_TRY_NUMBER='1' AIRFLOW_CTX_DAG_RUN_ID='scheduled__2026-09-05T18:02:00+00:00'
[2026-09-05T20:04:44.724+0200] {logging_mixin.py:190} INFO - Task instance is in running state
[2026-09-05T20:04:44.724+0200] {logging_mixin.py:190} INFO -  Previous state of the Task instance: queued
[2026-09-05T20:04:44.724+0200] {logging_mixin.py:190} INFO - Current task name:wait_for_csv state:running start_date:2026-09-05 18:04:44.684685+00:00
[2026-09-05T20:04:44.724+0200] {logging_mixin.py:190} INFO - Dag name:mini_riskagent_file_ingestion and current dag run status:running
[2026-09-05T20:04:44.725+0200] {taskinstance.py:732} INFO - ::endgroup::
[2026-09-05T20:04:44.726+0200] {python.py:75} INFO - Poking callable: <function check_for_csv_files at 0x10de12b60>
[2026-09-05T20:04:44.726+0200] {base.py:339} INFO - Success criteria met. Exiting.
[2026-09-05T20:04:44.728+0200] {taskinstance.py:341} INFO - ::group::Post task execution logs
[2026-09-05T20:04:44.728+0200] {taskinstance.py:353} INFO - Marking task as SUCCESS. dag_id=mini_riskagent_file_ingestion, task_id=wait_for_csv, run_id=scheduled__2026-09-05T18:02:00+00:00, execution_date=20260905T180200, start_date=20260905T180444, end_date=20260905T180444
[2026-09-05T20:04:44.731+0200] {logging_mixin.py:190} INFO - Task instance in success state
[2026-09-05T20:04:44.732+0200] {logging_mixin.py:190} INFO -  Previous state of the Task instance: running
[2026-09-05T20:04:44.732+0200] {logging_mixin.py:190} INFO - Dag name:mini_riskagent_file_ingestion queued_at:2026-09-05 18:04:12.646963+00:00
[2026-09-05T20:04:44.732+0200] {logging_mixin.py:190} INFO - Task hostname:mac.home operator:PythonSensor
[2026-09-05T20:04:44.749+0200] {local_task_job_runner.py:266} INFO - Task exited with return code 0
[2026-09-05T20:04:44.757+0200] {taskinstance.py:3901} INFO - 1 downstream tasks scheduled from follow-on schedule check
[2026-09-05T20:04:44.757+0200] {local_task_job_runner.py:245} INFO - ::endgroup::
