[2026-09-17T20:26:55.835+0200] {local_task_job_runner.py:123} INFO - ::group::Pre task execution logs
[2026-09-17T20:26:55.837+0200] {taskinstance.py:2614} INFO - Dependencies all met for dep_context=non-requeueable deps ti=<TaskInstance: mini_riskagent_file_ingestion.wait_for_csv scheduled__2026-09-17T18:25:00+00:00 [queued]>
[2026-09-17T20:26:55.839+0200] {taskinstance.py:2614} INFO - Dependencies all met for dep_context=requeueable deps ti=<TaskInstance: mini_riskagent_file_ingestion.wait_for_csv scheduled__2026-09-17T18:25:00+00:00 [queued]>
[2026-09-17T20:26:55.839+0200] {taskinstance.py:2867} INFO - Starting attempt 1 of 2
[2026-09-17T20:26:55.842+0200] {taskinstance.py:2890} INFO - Executing <Task(PythonSensor): wait_for_csv> on 2026-09-17 18:25:00+00:00
[2026-09-17T20:26:55.846+0200] {logging_mixin.py:190} WARNING - /Users/swarnalidatta/Desktop/AutoQueryChatbot/.airflow-venv/lib/python3.12/site-packages/airflow/task/task_runner/standard_task_runner.py:70 DeprecationWarning: This process (pid=85373) is multi-threaded, use of fork() may lead to deadlocks in the child.
[2026-09-17T20:26:55.847+0200] {standard_task_runner.py:72} INFO - Started process 85375 to run task
[2026-09-17T20:26:55.846+0200] {standard_task_runner.py:104} INFO - Running: ['airflow', 'tasks', 'run', 'mini_riskagent_file_ingestion', 'wait_for_csv', 'scheduled__2026-09-17T18:25:00+00:00', '--job-id', '4327', '--raw', '--subdir', 'DAGS_FOLDER/data_ingest_pipeline.py', '--cfg-path', '/var/folders/5p/201rr1sj03g8gksxm9x48mbh0000gn/T/tmpgaziihqe']
[2026-09-17T20:26:55.847+0200] {standard_task_runner.py:105} INFO - Job 4327: Subtask wait_for_csv
[2026-09-17T20:26:55.860+0200] {task_command.py:467} INFO - Running <TaskInstance: mini_riskagent_file_ingestion.wait_for_csv scheduled__2026-09-17T18:25:00+00:00 [running]> on host mac.home
[2026-09-17T20:26:55.876+0200] {taskinstance.py:3134} INFO - Exporting env vars: AIRFLOW_CTX_DAG_OWNER='autoquery' AIRFLOW_CTX_DAG_ID='mini_riskagent_file_ingestion' AIRFLOW_CTX_TASK_ID='wait_for_csv' AIRFLOW_CTX_EXECUTION_DATE='2026-09-17T18:25:00+00:00' AIRFLOW_CTX_TRY_NUMBER='1' AIRFLOW_CTX_DAG_RUN_ID='scheduled__2026-09-17T18:25:00+00:00'
[2026-09-17T20:26:55.877+0200] {logging_mixin.py:190} INFO - Task instance is in running state
[2026-09-17T20:26:55.877+0200] {logging_mixin.py:190} INFO -  Previous state of the Task instance: queued
[2026-09-17T20:26:55.877+0200] {logging_mixin.py:190} INFO - Current task name:wait_for_csv state:running start_date:2026-09-17 18:26:55.837977+00:00
[2026-09-17T20:26:55.877+0200] {logging_mixin.py:190} INFO - Dag name:mini_riskagent_file_ingestion and current dag run status:running
[2026-09-17T20:26:55.878+0200] {taskinstance.py:732} INFO - ::endgroup::
[2026-09-17T20:26:55.880+0200] {python.py:75} INFO - Poking callable: <function check_for_csv_files at 0x111aeab60>
[2026-09-17T20:26:55.884+0200] {taskinstance.py:310} INFO - Rescheduling task, marking task as UP_FOR_RESCHEDULE
[2026-09-17T20:26:55.884+0200] {taskinstance.py:341} INFO - ::group::Post task execution logs
[2026-09-17T20:26:55.902+0200] {local_task_job_runner.py:266} INFO - Task exited with return code 0
[2026-09-17T20:26:55.909+0200] {taskinstance.py:3901} INFO - 0 downstream tasks scheduled from follow-on schedule check
[2026-09-17T20:26:55.909+0200] {local_task_job_runner.py:245} INFO - ::endgroup::
[2026-09-17T20:27:28.408+0200] {local_task_job_runner.py:123} INFO - ::group::Pre task execution logs
[2026-09-17T20:27:28.410+0200] {taskinstance.py:2614} INFO - Dependencies all met for dep_context=non-requeueable deps ti=<TaskInstance: mini_riskagent_file_ingestion.wait_for_csv scheduled__2026-09-17T18:25:00+00:00 [queued]>
[2026-09-17T20:27:28.412+0200] {taskinstance.py:2614} INFO - Dependencies all met for dep_context=requeueable deps ti=<TaskInstance: mini_riskagent_file_ingestion.wait_for_csv scheduled__2026-09-17T18:25:00+00:00 [queued]>
[2026-09-17T20:27:28.412+0200] {taskinstance.py:2867} INFO - Starting attempt 1 of 2
[2026-09-17T20:27:28.415+0200] {taskinstance.py:2890} INFO - Executing <Task(PythonSensor): wait_for_csv> on 2026-09-17 18:25:00+00:00
[2026-09-17T20:27:28.419+0200] {logging_mixin.py:190} WARNING - /Users/swarnalidatta/Desktop/AutoQueryChatbot/.airflow-venv/lib/python3.12/site-packages/airflow/task/task_runner/standard_task_runner.py:70 DeprecationWarning: This process (pid=85446) is multi-threaded, use of fork() may lead to deadlocks in the child.
[2026-09-17T20:27:28.420+0200] {standard_task_runner.py:72} INFO - Started process 85452 to run task
[2026-09-17T20:27:28.419+0200] {standard_task_runner.py:104} INFO - Running: ['airflow', 'tasks', 'run', 'mini_riskagent_file_ingestion', 'wait_for_csv', 'scheduled__2026-09-17T18:25:00+00:00', '--job-id', '4328', '--raw', '--subdir', 'DAGS_FOLDER/data_ingest_pipeline.py', '--cfg-path', '/var/folders/5p/201rr1sj03g8gksxm9x48mbh0000gn/T/tmpi4lpaks7']
[2026-09-17T20:27:28.420+0200] {standard_task_runner.py:105} INFO - Job 4328: Subtask wait_for_csv
[2026-09-17T20:27:28.434+0200] {task_command.py:467} INFO - Running <TaskInstance: mini_riskagent_file_ingestion.wait_for_csv scheduled__2026-09-17T18:25:00+00:00 [running]> on host mac.home
[2026-09-17T20:27:28.451+0200] {taskinstance.py:3134} INFO - Exporting env vars: AIRFLOW_CTX_DAG_OWNER='autoquery' AIRFLOW_CTX_DAG_ID='mini_riskagent_file_ingestion' AIRFLOW_CTX_TASK_ID='wait_for_csv' AIRFLOW_CTX_EXECUTION_DATE='2026-09-17T18:25:00+00:00' AIRFLOW_CTX_TRY_NUMBER='1' AIRFLOW_CTX_DAG_RUN_ID='scheduled__2026-09-17T18:25:00+00:00'
[2026-09-17T20:27:28.452+0200] {logging_mixin.py:190} INFO - Task instance is in running state
[2026-09-17T20:27:28.452+0200] {logging_mixin.py:190} INFO -  Previous state of the Task instance: queued
[2026-09-17T20:27:28.452+0200] {logging_mixin.py:190} INFO - Current task name:wait_for_csv state:running start_date:2026-09-17 18:27:28.411075+00:00
[2026-09-17T20:27:28.452+0200] {logging_mixin.py:190} INFO - Dag name:mini_riskagent_file_ingestion and current dag run status:running
[2026-09-17T20:27:28.452+0200] {taskinstance.py:732} INFO - ::endgroup::
[2026-09-17T20:27:28.454+0200] {python.py:75} INFO - Poking callable: <function check_for_csv_files at 0x1087aeb60>
[2026-09-17T20:27:28.457+0200] {taskinstance.py:310} INFO - Rescheduling task, marking task as UP_FOR_RESCHEDULE
[2026-09-17T20:27:28.457+0200] {taskinstance.py:341} INFO - ::group::Post task execution logs
[2026-09-17T20:27:28.475+0200] {local_task_job_runner.py:266} INFO - Task exited with return code 0
[2026-09-17T20:27:28.482+0200] {taskinstance.py:3901} INFO - 0 downstream tasks scheduled from follow-on schedule check
[2026-09-17T20:27:28.482+0200] {local_task_job_runner.py:245} INFO - ::endgroup::
[2026-09-17T20:27:59.726+0200] {local_task_job_runner.py:123} INFO - ::group::Pre task execution logs
[2026-09-17T20:27:59.729+0200] {taskinstance.py:2614} INFO - Dependencies all met for dep_context=non-requeueable deps ti=<TaskInstance: mini_riskagent_file_ingestion.wait_for_csv scheduled__2026-09-17T18:25:00+00:00 [queued]>
[2026-09-17T20:27:59.730+0200] {taskinstance.py:2614} INFO - Dependencies all met for dep_context=requeueable deps ti=<TaskInstance: mini_riskagent_file_ingestion.wait_for_csv scheduled__2026-09-17T18:25:00+00:00 [queued]>
[2026-09-17T20:27:59.731+0200] {taskinstance.py:2867} INFO - Starting attempt 1 of 2
[2026-09-17T20:27:59.734+0200] {taskinstance.py:2890} INFO - Executing <Task(PythonSensor): wait_for_csv> on 2026-09-17 18:25:00+00:00
[2026-09-17T20:27:59.738+0200] {logging_mixin.py:190} WARNING - /Users/swarnalidatta/Desktop/AutoQueryChatbot/.airflow-venv/lib/python3.12/site-packages/airflow/task/task_runner/standard_task_runner.py:70 DeprecationWarning: This process (pid=85518) is multi-threaded, use of fork() may lead to deadlocks in the child.
[2026-09-17T20:27:59.738+0200] {standard_task_runner.py:72} INFO - Started process 85524 to run task
[2026-09-17T20:27:59.738+0200] {standard_task_runner.py:104} INFO - Running: ['airflow', 'tasks', 'run', 'mini_riskagent_file_ingestion', 'wait_for_csv', 'scheduled__2026-09-17T18:25:00+00:00', '--job-id', '4329', '--raw', '--subdir', 'DAGS_FOLDER/data_ingest_pipeline.py', '--cfg-path', '/var/folders/5p/201rr1sj03g8gksxm9x48mbh0000gn/T/tmponaq2qp5']
[2026-09-17T20:27:59.739+0200] {standard_task_runner.py:105} INFO - Job 4329: Subtask wait_for_csv
[2026-09-17T20:27:59.752+0200] {task_command.py:467} INFO - Running <TaskInstance: mini_riskagent_file_ingestion.wait_for_csv scheduled__2026-09-17T18:25:00+00:00 [running]> on host mac.home
[2026-09-17T20:27:59.768+0200] {taskinstance.py:3134} INFO - Exporting env vars: AIRFLOW_CTX_DAG_OWNER='autoquery' AIRFLOW_CTX_DAG_ID='mini_riskagent_file_ingestion' AIRFLOW_CTX_TASK_ID='wait_for_csv' AIRFLOW_CTX_EXECUTION_DATE='2026-09-17T18:25:00+00:00' AIRFLOW_CTX_TRY_NUMBER='1' AIRFLOW_CTX_DAG_RUN_ID='scheduled__2026-09-17T18:25:00+00:00'
[2026-09-17T20:27:59.769+0200] {logging_mixin.py:190} INFO - Task instance is in running state
[2026-09-17T20:27:59.769+0200] {logging_mixin.py:190} INFO -  Previous state of the Task instance: queued
[2026-09-17T20:27:59.769+0200] {logging_mixin.py:190} INFO - Current task name:wait_for_csv state:running start_date:2026-09-17 18:27:59.729538+00:00
[2026-09-17T20:27:59.769+0200] {logging_mixin.py:190} INFO - Dag name:mini_riskagent_file_ingestion and current dag run status:running
[2026-09-17T20:27:59.769+0200] {taskinstance.py:732} INFO - ::endgroup::
[2026-09-17T20:27:59.771+0200] {python.py:75} INFO - Poking callable: <function check_for_csv_files at 0x10b4bab60>
[2026-09-17T20:27:59.774+0200] {taskinstance.py:310} INFO - Rescheduling task, marking task as UP_FOR_RESCHEDULE
[2026-09-17T20:27:59.774+0200] {taskinstance.py:341} INFO - ::group::Post task execution logs
[2026-09-17T20:27:59.794+0200] {local_task_job_runner.py:266} INFO - Task exited with return code 0
[2026-09-17T20:27:59.801+0200] {taskinstance.py:3901} INFO - 0 downstream tasks scheduled from follow-on schedule check
[2026-09-17T20:27:59.801+0200] {local_task_job_runner.py:245} INFO - ::endgroup::
[2026-09-17T20:28:31.776+0200] {local_task_job_runner.py:123} INFO - ::group::Pre task execution logs
[2026-09-17T20:28:31.778+0200] {taskinstance.py:2614} INFO - Dependencies all met for dep_context=non-requeueable deps ti=<TaskInstance: mini_riskagent_file_ingestion.wait_for_csv scheduled__2026-09-17T18:25:00+00:00 [queued]>
[2026-09-17T20:28:31.780+0200] {taskinstance.py:2614} INFO - Dependencies all met for dep_context=requeueable deps ti=<TaskInstance: mini_riskagent_file_ingestion.wait_for_csv scheduled__2026-09-17T18:25:00+00:00 [queued]>
[2026-09-17T20:28:31.780+0200] {taskinstance.py:2867} INFO - Starting attempt 1 of 2
[2026-09-17T20:28:31.783+0200] {taskinstance.py:2890} INFO - Executing <Task(PythonSensor): wait_for_csv> on 2026-09-17 18:25:00+00:00
[2026-09-17T20:28:31.787+0200] {logging_mixin.py:190} WARNING - /Users/swarnalidatta/Desktop/AutoQueryChatbot/.airflow-venv/lib/python3.12/site-packages/airflow/task/task_runner/standard_task_runner.py:70 DeprecationWarning: This process (pid=85595) is multi-threaded, use of fork() may lead to deadlocks in the child.
[2026-09-17T20:28:31.788+0200] {standard_task_runner.py:72} INFO - Started process 85597 to run task
[2026-09-17T20:28:31.787+0200] {standard_task_runner.py:104} INFO - Running: ['airflow', 'tasks', 'run', 'mini_riskagent_file_ingestion', 'wait_for_csv', 'scheduled__2026-09-17T18:25:00+00:00', '--job-id', '4330', '--raw', '--subdir', 'DAGS_FOLDER/data_ingest_pipeline.py', '--cfg-path', '/var/folders/5p/201rr1sj03g8gksxm9x48mbh0000gn/T/tmpg15uzytt']
[2026-09-17T20:28:31.788+0200] {standard_task_runner.py:105} INFO - Job 4330: Subtask wait_for_csv
[2026-09-17T20:28:31.802+0200] {task_command.py:467} INFO - Running <TaskInstance: mini_riskagent_file_ingestion.wait_for_csv scheduled__2026-09-17T18:25:00+00:00 [running]> on host mac.home
[2026-09-17T20:28:31.818+0200] {taskinstance.py:3134} INFO - Exporting env vars: AIRFLOW_CTX_DAG_OWNER='autoquery' AIRFLOW_CTX_DAG_ID='mini_riskagent_file_ingestion' AIRFLOW_CTX_TASK_ID='wait_for_csv' AIRFLOW_CTX_EXECUTION_DATE='2026-09-17T18:25:00+00:00' AIRFLOW_CTX_TRY_NUMBER='1' AIRFLOW_CTX_DAG_RUN_ID='scheduled__2026-09-17T18:25:00+00:00'
[2026-09-17T20:28:31.818+0200] {logging_mixin.py:190} INFO - Task instance is in running state
[2026-09-17T20:28:31.819+0200] {logging_mixin.py:190} INFO -  Previous state of the Task instance: queued
[2026-09-17T20:28:31.819+0200] {logging_mixin.py:190} INFO - Current task name:wait_for_csv state:running start_date:2026-09-17 18:28:31.778984+00:00
[2026-09-17T20:28:31.819+0200] {logging_mixin.py:190} INFO - Dag name:mini_riskagent_file_ingestion and current dag run status:running
[2026-09-17T20:28:31.819+0200] {taskinstance.py:732} INFO - ::endgroup::
[2026-09-17T20:28:31.821+0200] {python.py:75} INFO - Poking callable: <function check_for_csv_files at 0x1087cab60>
[2026-09-17T20:28:31.821+0200] {base.py:339} INFO - Success criteria met. Exiting.
[2026-09-17T20:28:31.822+0200] {taskinstance.py:341} INFO - ::group::Post task execution logs
[2026-09-17T20:28:31.823+0200] {taskinstance.py:353} INFO - Marking task as SUCCESS. dag_id=mini_riskagent_file_ingestion, task_id=wait_for_csv, run_id=scheduled__2026-09-17T18:25:00+00:00, execution_date=20260917T182500, start_date=20260917T182831, end_date=20260917T182831
[2026-09-17T20:28:31.826+0200] {logging_mixin.py:190} INFO - Task instance in success state
[2026-09-17T20:28:31.826+0200] {logging_mixin.py:190} INFO -  Previous state of the Task instance: running
[2026-09-17T20:28:31.826+0200] {logging_mixin.py:190} INFO - Dag name:mini_riskagent_file_ingestion queued_at:2026-09-17 18:26:54.943883+00:00
[2026-09-17T20:28:31.826+0200] {logging_mixin.py:190} INFO - Task hostname:mac.home operator:PythonSensor
[2026-09-17T20:28:31.843+0200] {local_task_job_runner.py:266} INFO - Task exited with return code 0
[2026-09-17T20:28:31.851+0200] {taskinstance.py:3901} INFO - 1 downstream tasks scheduled from follow-on schedule check
[2026-09-17T20:28:31.852+0200] {local_task_job_runner.py:245} INFO - ::endgroup::
