[2026-09-05T21:29:03.313+0200] {local_task_job_runner.py:123} INFO - ::group::Pre task execution logs
[2026-09-05T21:29:03.316+0200] {taskinstance.py:2614} INFO - Dependencies all met for dep_context=non-requeueable deps ti=<TaskInstance: mini_riskagent_file_ingestion.wait_for_csv scheduled__2026-09-05T19:28:00+00:00 [queued]>
[2026-09-05T21:29:03.317+0200] {taskinstance.py:2614} INFO - Dependencies all met for dep_context=requeueable deps ti=<TaskInstance: mini_riskagent_file_ingestion.wait_for_csv scheduled__2026-09-05T19:28:00+00:00 [queued]>
[2026-09-05T21:29:03.317+0200] {taskinstance.py:2867} INFO - Starting attempt 1 of 2
[2026-09-05T21:29:03.320+0200] {taskinstance.py:2890} INFO - Executing <Task(PythonSensor): wait_for_csv> on 2026-09-05 19:28:00+00:00
[2026-09-05T21:29:03.324+0200] {logging_mixin.py:190} WARNING - /Users/swarnalidatta/Desktop/AutoQueryChatbot/.airflow-venv/lib/python3.12/site-packages/airflow/task/task_runner/standard_task_runner.py:70 DeprecationWarning: This process (pid=48728) is multi-threaded, use of fork() may lead to deadlocks in the child.
[2026-09-05T21:29:03.325+0200] {standard_task_runner.py:72} INFO - Started process 48730 to run task
[2026-09-05T21:29:03.324+0200] {standard_task_runner.py:104} INFO - Running: ['airflow', 'tasks', 'run', 'mini_riskagent_file_ingestion', 'wait_for_csv', 'scheduled__2026-09-05T19:28:00+00:00', '--job-id', '2846', '--raw', '--subdir', 'DAGS_FOLDER/data_ingest_pipeline.py', '--cfg-path', '/var/folders/5p/201rr1sj03g8gksxm9x48mbh0000gn/T/tmpjc925k1o']
[2026-09-05T21:29:03.325+0200] {standard_task_runner.py:105} INFO - Job 2846: Subtask wait_for_csv
[2026-09-05T21:29:03.339+0200] {task_command.py:467} INFO - Running <TaskInstance: mini_riskagent_file_ingestion.wait_for_csv scheduled__2026-09-05T19:28:00+00:00 [running]> on host mac.home
[2026-09-05T21:29:03.355+0200] {taskinstance.py:3134} INFO - Exporting env vars: AIRFLOW_CTX_DAG_OWNER='autoquery' AIRFLOW_CTX_DAG_ID='mini_riskagent_file_ingestion' AIRFLOW_CTX_TASK_ID='wait_for_csv' AIRFLOW_CTX_EXECUTION_DATE='2026-09-05T19:28:00+00:00' AIRFLOW_CTX_TRY_NUMBER='1' AIRFLOW_CTX_DAG_RUN_ID='scheduled__2026-09-05T19:28:00+00:00'
[2026-09-05T21:29:03.355+0200] {logging_mixin.py:190} INFO - Task instance is in running state
[2026-09-05T21:29:03.355+0200] {logging_mixin.py:190} INFO -  Previous state of the Task instance: queued
[2026-09-05T21:29:03.355+0200] {logging_mixin.py:190} INFO - Current task name:wait_for_csv state:running start_date:2026-09-05 19:29:03.316316+00:00
[2026-09-05T21:29:03.356+0200] {logging_mixin.py:190} INFO - Dag name:mini_riskagent_file_ingestion and current dag run status:running
[2026-09-05T21:29:03.356+0200] {taskinstance.py:732} INFO - ::endgroup::
[2026-09-05T21:29:03.357+0200] {python.py:75} INFO - Poking callable: <function check_for_csv_files at 0x10cdc2b60>
[2026-09-05T21:29:03.360+0200] {taskinstance.py:310} INFO - Rescheduling task, marking task as UP_FOR_RESCHEDULE
[2026-09-05T21:29:03.360+0200] {taskinstance.py:341} INFO - ::group::Post task execution logs
[2026-09-05T21:29:03.384+0200] {local_task_job_runner.py:266} INFO - Task exited with return code 0
[2026-09-05T21:29:03.391+0200] {taskinstance.py:3901} INFO - 0 downstream tasks scheduled from follow-on schedule check
[2026-09-05T21:29:03.391+0200] {local_task_job_runner.py:245} INFO - ::endgroup::
[2026-09-05T21:45:49.449+0200] {local_task_job_runner.py:123} INFO - ::group::Pre task execution logs
[2026-09-05T21:45:49.451+0200] {taskinstance.py:2614} INFO - Dependencies all met for dep_context=non-requeueable deps ti=<TaskInstance: mini_riskagent_file_ingestion.wait_for_csv scheduled__2026-09-05T19:28:00+00:00 [queued]>
[2026-09-05T21:45:49.453+0200] {taskinstance.py:2614} INFO - Dependencies all met for dep_context=requeueable deps ti=<TaskInstance: mini_riskagent_file_ingestion.wait_for_csv scheduled__2026-09-05T19:28:00+00:00 [queued]>
[2026-09-05T21:45:49.453+0200] {taskinstance.py:2867} INFO - Starting attempt 1 of 2
[2026-09-05T21:45:49.456+0200] {taskinstance.py:2890} INFO - Executing <Task(PythonSensor): wait_for_csv> on 2026-09-05 19:28:00+00:00
[2026-09-05T21:45:49.460+0200] {standard_task_runner.py:104} INFO - Running: ['airflow', 'tasks', 'run', 'mini_riskagent_file_ingestion', 'wait_for_csv', 'scheduled__2026-09-05T19:28:00+00:00', '--job-id', '2869', '--raw', '--subdir', 'DAGS_FOLDER/data_ingest_pipeline.py', '--cfg-path', '/var/folders/5p/201rr1sj03g8gksxm9x48mbh0000gn/T/tmpf790l0b0']
[2026-09-05T21:45:49.461+0200] {logging_mixin.py:190} WARNING - /Users/swarnalidatta/Desktop/AutoQueryChatbot/.airflow-venv/lib/python3.12/site-packages/airflow/task/task_runner/standard_task_runner.py:70 DeprecationWarning: This process (pid=48878) is multi-threaded, use of fork() may lead to deadlocks in the child.
[2026-09-05T21:45:49.461+0200] {standard_task_runner.py:72} INFO - Started process 48884 to run task
[2026-09-05T21:45:49.461+0200] {standard_task_runner.py:105} INFO - Job 2869: Subtask wait_for_csv
[2026-09-05T21:45:49.475+0200] {task_command.py:467} INFO - Running <TaskInstance: mini_riskagent_file_ingestion.wait_for_csv scheduled__2026-09-05T19:28:00+00:00 [running]> on host mac.home
[2026-09-05T21:45:49.492+0200] {taskinstance.py:3134} INFO - Exporting env vars: AIRFLOW_CTX_DAG_OWNER='autoquery' AIRFLOW_CTX_DAG_ID='mini_riskagent_file_ingestion' AIRFLOW_CTX_TASK_ID='wait_for_csv' AIRFLOW_CTX_EXECUTION_DATE='2026-09-05T19:28:00+00:00' AIRFLOW_CTX_TRY_NUMBER='1' AIRFLOW_CTX_DAG_RUN_ID='scheduled__2026-09-05T19:28:00+00:00'
[2026-09-05T21:45:49.493+0200] {logging_mixin.py:190} INFO - Task instance is in running state
[2026-09-05T21:45:49.493+0200] {logging_mixin.py:190} INFO -  Previous state of the Task instance: queued
[2026-09-05T21:45:49.493+0200] {logging_mixin.py:190} INFO - Current task name:wait_for_csv state:running start_date:2026-09-05 19:45:49.451981+00:00
[2026-09-05T21:45:49.493+0200] {logging_mixin.py:190} INFO - Dag name:mini_riskagent_file_ingestion and current dag run status:running
[2026-09-05T21:45:49.494+0200] {taskinstance.py:732} INFO - ::endgroup::
[2026-09-05T21:45:49.496+0200] {python.py:75} INFO - Poking callable: <function check_for_csv_files at 0x10ad42b60>
[2026-09-05T21:45:49.499+0200] {taskinstance.py:310} INFO - Rescheduling task, marking task as UP_FOR_RESCHEDULE
[2026-09-05T21:45:49.499+0200] {taskinstance.py:341} INFO - ::group::Post task execution logs
[2026-09-05T21:45:49.519+0200] {local_task_job_runner.py:266} INFO - Task exited with return code 0
[2026-09-05T21:45:49.526+0200] {taskinstance.py:3901} INFO - 0 downstream tasks scheduled from follow-on schedule check
[2026-09-05T21:45:49.526+0200] {local_task_job_runner.py:245} INFO - ::endgroup::
[2026-09-05T21:46:23.712+0200] {local_task_job_runner.py:123} INFO - ::group::Pre task execution logs
[2026-09-05T21:46:23.715+0200] {taskinstance.py:2614} INFO - Dependencies all met for dep_context=non-requeueable deps ti=<TaskInstance: mini_riskagent_file_ingestion.wait_for_csv scheduled__2026-09-05T19:28:00+00:00 [queued]>
[2026-09-05T21:46:23.716+0200] {taskinstance.py:2614} INFO - Dependencies all met for dep_context=requeueable deps ti=<TaskInstance: mini_riskagent_file_ingestion.wait_for_csv scheduled__2026-09-05T19:28:00+00:00 [queued]>
[2026-09-05T21:46:23.716+0200] {taskinstance.py:2867} INFO - Starting attempt 1 of 2
[2026-09-05T21:46:23.720+0200] {taskinstance.py:2890} INFO - Executing <Task(PythonSensor): wait_for_csv> on 2026-09-05 19:28:00+00:00
[2026-09-05T21:46:23.724+0200] {logging_mixin.py:190} WARNING - /Users/swarnalidatta/Desktop/AutoQueryChatbot/.airflow-venv/lib/python3.12/site-packages/airflow/task/task_runner/standard_task_runner.py:70 DeprecationWarning: This process (pid=49035) is multi-threaded, use of fork() may lead to deadlocks in the child.
[2026-09-05T21:46:23.725+0200] {standard_task_runner.py:72} INFO - Started process 49037 to run task
[2026-09-05T21:46:23.724+0200] {standard_task_runner.py:104} INFO - Running: ['airflow', 'tasks', 'run', 'mini_riskagent_file_ingestion', 'wait_for_csv', 'scheduled__2026-09-05T19:28:00+00:00', '--job-id', '2880', '--raw', '--subdir', 'DAGS_FOLDER/data_ingest_pipeline.py', '--cfg-path', '/var/folders/5p/201rr1sj03g8gksxm9x48mbh0000gn/T/tmpyto15tcy']
[2026-09-05T21:46:23.725+0200] {standard_task_runner.py:105} INFO - Job 2880: Subtask wait_for_csv
[2026-09-05T21:46:23.740+0200] {task_command.py:467} INFO - Running <TaskInstance: mini_riskagent_file_ingestion.wait_for_csv scheduled__2026-09-05T19:28:00+00:00 [running]> on host mac.home
[2026-09-05T21:46:23.756+0200] {taskinstance.py:3134} INFO - Exporting env vars: AIRFLOW_CTX_DAG_OWNER='autoquery' AIRFLOW_CTX_DAG_ID='mini_riskagent_file_ingestion' AIRFLOW_CTX_TASK_ID='wait_for_csv' AIRFLOW_CTX_EXECUTION_DATE='2026-09-05T19:28:00+00:00' AIRFLOW_CTX_TRY_NUMBER='1' AIRFLOW_CTX_DAG_RUN_ID='scheduled__2026-09-05T19:28:00+00:00'
[2026-09-05T21:46:23.757+0200] {logging_mixin.py:190} INFO - Task instance is in running state
[2026-09-05T21:46:23.757+0200] {logging_mixin.py:190} INFO -  Previous state of the Task instance: queued
[2026-09-05T21:46:23.757+0200] {logging_mixin.py:190} INFO - Current task name:wait_for_csv state:running start_date:2026-09-05 19:46:23.715585+00:00
[2026-09-05T21:46:23.757+0200] {logging_mixin.py:190} INFO - Dag name:mini_riskagent_file_ingestion and current dag run status:running
[2026-09-05T21:46:23.758+0200] {taskinstance.py:732} INFO - ::endgroup::
[2026-09-05T21:46:23.760+0200] {python.py:75} INFO - Poking callable: <function check_for_csv_files at 0x112b1eb60>
[2026-09-05T21:46:23.764+0200] {taskinstance.py:310} INFO - Rescheduling task, marking task as UP_FOR_RESCHEDULE
[2026-09-05T21:46:23.764+0200] {taskinstance.py:341} INFO - ::group::Post task execution logs
[2026-09-05T21:46:23.784+0200] {local_task_job_runner.py:266} INFO - Task exited with return code 0
[2026-09-05T21:46:23.791+0200] {taskinstance.py:3901} INFO - 0 downstream tasks scheduled from follow-on schedule check
[2026-09-05T21:46:23.791+0200] {local_task_job_runner.py:245} INFO - ::endgroup::
[2026-09-05T21:46:56.091+0200] {local_task_job_runner.py:123} INFO - ::group::Pre task execution logs
[2026-09-05T21:46:56.094+0200] {taskinstance.py:2614} INFO - Dependencies all met for dep_context=non-requeueable deps ti=<TaskInstance: mini_riskagent_file_ingestion.wait_for_csv scheduled__2026-09-05T19:28:00+00:00 [queued]>
[2026-09-05T21:46:56.095+0200] {taskinstance.py:2614} INFO - Dependencies all met for dep_context=requeueable deps ti=<TaskInstance: mini_riskagent_file_ingestion.wait_for_csv scheduled__2026-09-05T19:28:00+00:00 [queued]>
[2026-09-05T21:46:56.095+0200] {taskinstance.py:2867} INFO - Starting attempt 1 of 2
[2026-09-05T21:46:56.098+0200] {taskinstance.py:2890} INFO - Executing <Task(PythonSensor): wait_for_csv> on 2026-09-05 19:28:00+00:00
[2026-09-05T21:46:56.103+0200] {logging_mixin.py:190} WARNING - /Users/swarnalidatta/Desktop/AutoQueryChatbot/.airflow-venv/lib/python3.12/site-packages/airflow/task/task_runner/standard_task_runner.py:70 DeprecationWarning: This process (pid=49141) is multi-threaded, use of fork() may lead to deadlocks in the child.
[2026-09-05T21:46:56.103+0200] {standard_task_runner.py:72} INFO - Started process 49147 to run task
[2026-09-05T21:46:56.102+0200] {standard_task_runner.py:104} INFO - Running: ['airflow', 'tasks', 'run', 'mini_riskagent_file_ingestion', 'wait_for_csv', 'scheduled__2026-09-05T19:28:00+00:00', '--job-id', '2891', '--raw', '--subdir', 'DAGS_FOLDER/data_ingest_pipeline.py', '--cfg-path', '/var/folders/5p/201rr1sj03g8gksxm9x48mbh0000gn/T/tmpboty_om4']
[2026-09-05T21:46:56.103+0200] {standard_task_runner.py:105} INFO - Job 2891: Subtask wait_for_csv
[2026-09-05T21:46:56.117+0200] {task_command.py:467} INFO - Running <TaskInstance: mini_riskagent_file_ingestion.wait_for_csv scheduled__2026-09-05T19:28:00+00:00 [running]> on host mac.home
[2026-09-05T21:46:56.133+0200] {taskinstance.py:3134} INFO - Exporting env vars: AIRFLOW_CTX_DAG_OWNER='autoquery' AIRFLOW_CTX_DAG_ID='mini_riskagent_file_ingestion' AIRFLOW_CTX_TASK_ID='wait_for_csv' AIRFLOW_CTX_EXECUTION_DATE='2026-09-05T19:28:00+00:00' AIRFLOW_CTX_TRY_NUMBER='1' AIRFLOW_CTX_DAG_RUN_ID='scheduled__2026-09-05T19:28:00+00:00'
[2026-09-05T21:46:56.134+0200] {logging_mixin.py:190} INFO - Task instance is in running state
[2026-09-05T21:46:56.134+0200] {logging_mixin.py:190} INFO -  Previous state of the Task instance: queued
[2026-09-05T21:46:56.134+0200] {logging_mixin.py:190} INFO - Current task name:wait_for_csv state:running start_date:2026-09-05 19:46:56.094337+00:00
[2026-09-05T21:46:56.134+0200] {logging_mixin.py:190} INFO - Dag name:mini_riskagent_file_ingestion and current dag run status:running
[2026-09-05T21:46:56.134+0200] {taskinstance.py:732} INFO - ::endgroup::
[2026-09-05T21:46:56.136+0200] {python.py:75} INFO - Poking callable: <function check_for_csv_files at 0x109356b60>
[2026-09-05T21:46:56.139+0200] {taskinstance.py:310} INFO - Rescheduling task, marking task as UP_FOR_RESCHEDULE
[2026-09-05T21:46:56.139+0200] {taskinstance.py:341} INFO - ::group::Post task execution logs
[2026-09-05T21:46:56.162+0200] {local_task_job_runner.py:266} INFO - Task exited with return code 0
[2026-09-05T21:46:56.169+0200] {taskinstance.py:3901} INFO - 0 downstream tasks scheduled from follow-on schedule check
[2026-09-05T21:46:56.169+0200] {local_task_job_runner.py:245} INFO - ::endgroup::
[2026-09-05T21:47:28.671+0200] {local_task_job_runner.py:123} INFO - ::group::Pre task execution logs
[2026-09-05T21:47:28.674+0200] {taskinstance.py:2614} INFO - Dependencies all met for dep_context=non-requeueable deps ti=<TaskInstance: mini_riskagent_file_ingestion.wait_for_csv scheduled__2026-09-05T19:28:00+00:00 [queued]>
[2026-09-05T21:47:28.675+0200] {taskinstance.py:2614} INFO - Dependencies all met for dep_context=requeueable deps ti=<TaskInstance: mini_riskagent_file_ingestion.wait_for_csv scheduled__2026-09-05T19:28:00+00:00 [queued]>
[2026-09-05T21:47:28.675+0200] {taskinstance.py:2867} INFO - Starting attempt 1 of 2
[2026-09-05T21:47:28.678+0200] {taskinstance.py:2890} INFO - Executing <Task(PythonSensor): wait_for_csv> on 2026-09-05 19:28:00+00:00
[2026-09-05T21:47:28.683+0200] {logging_mixin.py:190} WARNING - /Users/swarnalidatta/Desktop/AutoQueryChatbot/.airflow-venv/lib/python3.12/site-packages/airflow/task/task_runner/standard_task_runner.py:70 DeprecationWarning: This process (pid=49253) is multi-threaded, use of fork() may lead to deadlocks in the child.
[2026-09-05T21:47:28.683+0200] {standard_task_runner.py:72} INFO - Started process 49255 to run task
[2026-09-05T21:47:28.683+0200] {standard_task_runner.py:104} INFO - Running: ['airflow', 'tasks', 'run', 'mini_riskagent_file_ingestion', 'wait_for_csv', 'scheduled__2026-09-05T19:28:00+00:00', '--job-id', '2903', '--raw', '--subdir', 'DAGS_FOLDER/data_ingest_pipeline.py', '--cfg-path', '/var/folders/5p/201rr1sj03g8gksxm9x48mbh0000gn/T/tmpteun2r0g']
[2026-09-05T21:47:28.684+0200] {standard_task_runner.py:105} INFO - Job 2903: Subtask wait_for_csv
[2026-09-05T21:47:28.698+0200] {task_command.py:467} INFO - Running <TaskInstance: mini_riskagent_file_ingestion.wait_for_csv scheduled__2026-09-05T19:28:00+00:00 [running]> on host mac.home
[2026-09-05T21:47:28.714+0200] {taskinstance.py:3134} INFO - Exporting env vars: AIRFLOW_CTX_DAG_OWNER='autoquery' AIRFLOW_CTX_DAG_ID='mini_riskagent_file_ingestion' AIRFLOW_CTX_TASK_ID='wait_for_csv' AIRFLOW_CTX_EXECUTION_DATE='2026-09-05T19:28:00+00:00' AIRFLOW_CTX_TRY_NUMBER='1' AIRFLOW_CTX_DAG_RUN_ID='scheduled__2026-09-05T19:28:00+00:00'
[2026-09-05T21:47:28.714+0200] {logging_mixin.py:190} INFO - Task instance is in running state
[2026-09-05T21:47:28.714+0200] {logging_mixin.py:190} INFO -  Previous state of the Task instance: queued
[2026-09-05T21:47:28.715+0200] {logging_mixin.py:190} INFO - Current task name:wait_for_csv state:running start_date:2026-09-05 19:47:28.674395+00:00
[2026-09-05T21:47:28.715+0200] {logging_mixin.py:190} INFO - Dag name:mini_riskagent_file_ingestion and current dag run status:running
[2026-09-05T21:47:28.715+0200] {taskinstance.py:732} INFO - ::endgroup::
[2026-09-05T21:47:28.716+0200] {python.py:75} INFO - Poking callable: <function check_for_csv_files at 0x10d596b60>
[2026-09-05T21:47:28.720+0200] {taskinstance.py:310} INFO - Rescheduling task, marking task as UP_FOR_RESCHEDULE
[2026-09-05T21:47:28.720+0200] {taskinstance.py:341} INFO - ::group::Post task execution logs
[2026-09-05T21:47:28.742+0200] {local_task_job_runner.py:266} INFO - Task exited with return code 0
[2026-09-05T21:47:28.748+0200] {taskinstance.py:3901} INFO - 0 downstream tasks scheduled from follow-on schedule check
[2026-09-05T21:47:28.749+0200] {local_task_job_runner.py:245} INFO - ::endgroup::
[2026-09-05T21:48:01.492+0200] {local_task_job_runner.py:123} INFO - ::group::Pre task execution logs
[2026-09-05T21:48:01.495+0200] {taskinstance.py:2614} INFO - Dependencies all met for dep_context=non-requeueable deps ti=<TaskInstance: mini_riskagent_file_ingestion.wait_for_csv scheduled__2026-09-05T19:28:00+00:00 [queued]>
[2026-09-05T21:48:01.496+0200] {taskinstance.py:2614} INFO - Dependencies all met for dep_context=requeueable deps ti=<TaskInstance: mini_riskagent_file_ingestion.wait_for_csv scheduled__2026-09-05T19:28:00+00:00 [queued]>
[2026-09-05T21:48:01.496+0200] {taskinstance.py:2867} INFO - Starting attempt 1 of 2
[2026-09-05T21:48:01.499+0200] {taskinstance.py:2890} INFO - Executing <Task(PythonSensor): wait_for_csv> on 2026-09-05 19:28:00+00:00
[2026-09-05T21:48:01.504+0200] {logging_mixin.py:190} WARNING - /Users/swarnalidatta/Desktop/AutoQueryChatbot/.airflow-venv/lib/python3.12/site-packages/airflow/task/task_runner/standard_task_runner.py:70 DeprecationWarning: This process (pid=49373) is multi-threaded, use of fork() may lead to deadlocks in the child.
[2026-09-05T21:48:01.505+0200] {standard_task_runner.py:72} INFO - Started process 49375 to run task
[2026-09-05T21:48:01.504+0200] {standard_task_runner.py:104} INFO - Running: ['airflow', 'tasks', 'run', 'mini_riskagent_file_ingestion', 'wait_for_csv', 'scheduled__2026-09-05T19:28:00+00:00', '--job-id', '2915', '--raw', '--subdir', 'DAGS_FOLDER/data_ingest_pipeline.py', '--cfg-path', '/var/folders/5p/201rr1sj03g8gksxm9x48mbh0000gn/T/tmpj152wx47']
[2026-09-05T21:48:01.505+0200] {standard_task_runner.py:105} INFO - Job 2915: Subtask wait_for_csv
[2026-09-05T21:48:01.519+0200] {task_command.py:467} INFO - Running <TaskInstance: mini_riskagent_file_ingestion.wait_for_csv scheduled__2026-09-05T19:28:00+00:00 [running]> on host mac.home
[2026-09-05T21:48:01.536+0200] {taskinstance.py:3134} INFO - Exporting env vars: AIRFLOW_CTX_DAG_OWNER='autoquery' AIRFLOW_CTX_DAG_ID='mini_riskagent_file_ingestion' AIRFLOW_CTX_TASK_ID='wait_for_csv' AIRFLOW_CTX_EXECUTION_DATE='2026-09-05T19:28:00+00:00' AIRFLOW_CTX_TRY_NUMBER='1' AIRFLOW_CTX_DAG_RUN_ID='scheduled__2026-09-05T19:28:00+00:00'
[2026-09-05T21:48:01.536+0200] {logging_mixin.py:190} INFO - Task instance is in running state
[2026-09-05T21:48:01.537+0200] {logging_mixin.py:190} INFO -  Previous state of the Task instance: queued
[2026-09-05T21:48:01.537+0200] {logging_mixin.py:190} INFO - Current task name:wait_for_csv state:running start_date:2026-09-05 19:48:01.495513+00:00
[2026-09-05T21:48:01.537+0200] {logging_mixin.py:190} INFO - Dag name:mini_riskagent_file_ingestion and current dag run status:running
[2026-09-05T21:48:01.537+0200] {taskinstance.py:732} INFO - ::endgroup::
[2026-09-05T21:48:01.539+0200] {python.py:75} INFO - Poking callable: <function check_for_csv_files at 0x10c5d2b60>
[2026-09-05T21:48:01.544+0200] {taskinstance.py:310} INFO - Rescheduling task, marking task as UP_FOR_RESCHEDULE
[2026-09-05T21:48:01.544+0200] {taskinstance.py:341} INFO - ::group::Post task execution logs
[2026-09-05T21:48:01.564+0200] {local_task_job_runner.py:266} INFO - Task exited with return code 0
[2026-09-05T21:48:01.571+0200] {taskinstance.py:3901} INFO - 0 downstream tasks scheduled from follow-on schedule check
[2026-09-05T21:48:01.571+0200] {local_task_job_runner.py:245} INFO - ::endgroup::
[2026-09-05T21:48:33.568+0200] {local_task_job_runner.py:123} INFO - ::group::Pre task execution logs
[2026-09-05T21:48:33.570+0200] {taskinstance.py:2614} INFO - Dependencies all met for dep_context=non-requeueable deps ti=<TaskInstance: mini_riskagent_file_ingestion.wait_for_csv scheduled__2026-09-05T19:28:00+00:00 [queued]>
[2026-09-05T21:48:33.572+0200] {taskinstance.py:2614} INFO - Dependencies all met for dep_context=requeueable deps ti=<TaskInstance: mini_riskagent_file_ingestion.wait_for_csv scheduled__2026-09-05T19:28:00+00:00 [queued]>
[2026-09-05T21:48:33.572+0200] {taskinstance.py:2867} INFO - Starting attempt 1 of 2
[2026-09-05T21:48:33.575+0200] {taskinstance.py:2890} INFO - Executing <Task(PythonSensor): wait_for_csv> on 2026-09-05 19:28:00+00:00
[2026-09-05T21:48:33.579+0200] {logging_mixin.py:190} WARNING - /Users/swarnalidatta/Desktop/AutoQueryChatbot/.airflow-venv/lib/python3.12/site-packages/airflow/task/task_runner/standard_task_runner.py:70 DeprecationWarning: This process (pid=49472) is multi-threaded, use of fork() may lead to deadlocks in the child.
[2026-09-05T21:48:33.580+0200] {standard_task_runner.py:72} INFO - Started process 49478 to run task
[2026-09-05T21:48:33.579+0200] {standard_task_runner.py:104} INFO - Running: ['airflow', 'tasks', 'run', 'mini_riskagent_file_ingestion', 'wait_for_csv', 'scheduled__2026-09-05T19:28:00+00:00', '--job-id', '2928', '--raw', '--subdir', 'DAGS_FOLDER/data_ingest_pipeline.py', '--cfg-path', '/var/folders/5p/201rr1sj03g8gksxm9x48mbh0000gn/T/tmp7_udfkbx']
[2026-09-05T21:48:33.580+0200] {standard_task_runner.py:105} INFO - Job 2928: Subtask wait_for_csv
[2026-09-05T21:48:33.593+0200] {task_command.py:467} INFO - Running <TaskInstance: mini_riskagent_file_ingestion.wait_for_csv scheduled__2026-09-05T19:28:00+00:00 [running]> on host mac.home
[2026-09-05T21:48:33.609+0200] {taskinstance.py:3134} INFO - Exporting env vars: AIRFLOW_CTX_DAG_OWNER='autoquery' AIRFLOW_CTX_DAG_ID='mini_riskagent_file_ingestion' AIRFLOW_CTX_TASK_ID='wait_for_csv' AIRFLOW_CTX_EXECUTION_DATE='2026-09-05T19:28:00+00:00' AIRFLOW_CTX_TRY_NUMBER='1' AIRFLOW_CTX_DAG_RUN_ID='scheduled__2026-09-05T19:28:00+00:00'
[2026-09-05T21:48:33.610+0200] {logging_mixin.py:190} INFO - Task instance is in running state
[2026-09-05T21:48:33.610+0200] {logging_mixin.py:190} INFO -  Previous state of the Task instance: queued
[2026-09-05T21:48:33.610+0200] {logging_mixin.py:190} INFO - Current task name:wait_for_csv state:running start_date:2026-09-05 19:48:33.571033+00:00
[2026-09-05T21:48:33.610+0200] {logging_mixin.py:190} INFO - Dag name:mini_riskagent_file_ingestion and current dag run status:running
[2026-09-05T21:48:33.610+0200] {taskinstance.py:732} INFO - ::endgroup::
[2026-09-05T21:48:33.612+0200] {python.py:75} INFO - Poking callable: <function check_for_csv_files at 0x108936b60>
[2026-09-05T21:48:33.615+0200] {taskinstance.py:310} INFO - Rescheduling task, marking task as UP_FOR_RESCHEDULE
[2026-09-05T21:48:33.615+0200] {taskinstance.py:341} INFO - ::group::Post task execution logs
[2026-09-05T21:48:33.639+0200] {local_task_job_runner.py:266} INFO - Task exited with return code 0
[2026-09-05T21:48:33.645+0200] {taskinstance.py:3901} INFO - 0 downstream tasks scheduled from follow-on schedule check
[2026-09-05T21:48:33.645+0200] {local_task_job_runner.py:245} INFO - ::endgroup::
[2026-09-05T21:49:06.319+0200] {local_task_job_runner.py:123} INFO - ::group::Pre task execution logs
[2026-09-05T21:49:06.322+0200] {taskinstance.py:2614} INFO - Dependencies all met for dep_context=non-requeueable deps ti=<TaskInstance: mini_riskagent_file_ingestion.wait_for_csv scheduled__2026-09-05T19:28:00+00:00 [queued]>
[2026-09-05T21:49:06.323+0200] {taskinstance.py:2614} INFO - Dependencies all met for dep_context=requeueable deps ti=<TaskInstance: mini_riskagent_file_ingestion.wait_for_csv scheduled__2026-09-05T19:28:00+00:00 [queued]>
[2026-09-05T21:49:06.323+0200] {taskinstance.py:2867} INFO - Starting attempt 1 of 2
[2026-09-05T21:49:06.326+0200] {taskinstance.py:2890} INFO - Executing <Task(PythonSensor): wait_for_csv> on 2026-09-05 19:28:00+00:00
[2026-09-05T21:49:06.331+0200] {logging_mixin.py:190} WARNING - /Users/swarnalidatta/Desktop/AutoQueryChatbot/.airflow-venv/lib/python3.12/site-packages/airflow/task/task_runner/standard_task_runner.py:70 DeprecationWarning: This process (pid=49595) is multi-threaded, use of fork() may lead to deadlocks in the child.
[2026-09-05T21:49:06.332+0200] {standard_task_runner.py:72} INFO - Started process 49597 to run task
[2026-09-05T21:49:06.331+0200] {standard_task_runner.py:104} INFO - Running: ['airflow', 'tasks', 'run', 'mini_riskagent_file_ingestion', 'wait_for_csv', 'scheduled__2026-09-05T19:28:00+00:00', '--job-id', '2942', '--raw', '--subdir', 'DAGS_FOLDER/data_ingest_pipeline.py', '--cfg-path', '/var/folders/5p/201rr1sj03g8gksxm9x48mbh0000gn/T/tmpt8mxgwdp']
[2026-09-05T21:49:06.332+0200] {standard_task_runner.py:105} INFO - Job 2942: Subtask wait_for_csv
[2026-09-05T21:49:06.346+0200] {task_command.py:467} INFO - Running <TaskInstance: mini_riskagent_file_ingestion.wait_for_csv scheduled__2026-09-05T19:28:00+00:00 [running]> on host mac.home
[2026-09-05T21:49:06.362+0200] {taskinstance.py:3134} INFO - Exporting env vars: AIRFLOW_CTX_DAG_OWNER='autoquery' AIRFLOW_CTX_DAG_ID='mini_riskagent_file_ingestion' AIRFLOW_CTX_TASK_ID='wait_for_csv' AIRFLOW_CTX_EXECUTION_DATE='2026-09-05T19:28:00+00:00' AIRFLOW_CTX_TRY_NUMBER='1' AIRFLOW_CTX_DAG_RUN_ID='scheduled__2026-09-05T19:28:00+00:00'
[2026-09-05T21:49:06.362+0200] {logging_mixin.py:190} INFO - Task instance is in running state
[2026-09-05T21:49:06.362+0200] {logging_mixin.py:190} INFO -  Previous state of the Task instance: queued
[2026-09-05T21:49:06.363+0200] {logging_mixin.py:190} INFO - Current task name:wait_for_csv state:running start_date:2026-09-05 19:49:06.322243+00:00
[2026-09-05T21:49:06.363+0200] {logging_mixin.py:190} INFO - Dag name:mini_riskagent_file_ingestion and current dag run status:running
[2026-09-05T21:49:06.363+0200] {taskinstance.py:732} INFO - ::endgroup::
[2026-09-05T21:49:06.364+0200] {python.py:75} INFO - Poking callable: <function check_for_csv_files at 0x108be6b60>
[2026-09-05T21:49:06.368+0200] {taskinstance.py:310} INFO - Rescheduling task, marking task as UP_FOR_RESCHEDULE
[2026-09-05T21:49:06.368+0200] {taskinstance.py:341} INFO - ::group::Post task execution logs
[2026-09-05T21:49:06.391+0200] {local_task_job_runner.py:266} INFO - Task exited with return code 0
[2026-09-05T21:49:06.397+0200] {taskinstance.py:3901} INFO - 0 downstream tasks scheduled from follow-on schedule check
[2026-09-05T21:49:06.398+0200] {local_task_job_runner.py:245} INFO - ::endgroup::
[2026-09-05T21:49:37.704+0200] {local_task_job_runner.py:123} INFO - ::group::Pre task execution logs
[2026-09-05T21:49:37.707+0200] {taskinstance.py:2614} INFO - Dependencies all met for dep_context=non-requeueable deps ti=<TaskInstance: mini_riskagent_file_ingestion.wait_for_csv scheduled__2026-09-05T19:28:00+00:00 [queued]>
[2026-09-05T21:49:37.708+0200] {taskinstance.py:2614} INFO - Dependencies all met for dep_context=requeueable deps ti=<TaskInstance: mini_riskagent_file_ingestion.wait_for_csv scheduled__2026-09-05T19:28:00+00:00 [queued]>
[2026-09-05T21:49:37.708+0200] {taskinstance.py:2867} INFO - Starting attempt 1 of 2
[2026-09-05T21:49:37.711+0200] {taskinstance.py:2890} INFO - Executing <Task(PythonSensor): wait_for_csv> on 2026-09-05 19:28:00+00:00
[2026-09-05T21:49:37.716+0200] {logging_mixin.py:190} WARNING - /Users/swarnalidatta/Desktop/AutoQueryChatbot/.airflow-venv/lib/python3.12/site-packages/airflow/task/task_runner/standard_task_runner.py:70 DeprecationWarning: This process (pid=49696) is multi-threaded, use of fork() may lead to deadlocks in the child.
[2026-09-05T21:49:37.716+0200] {standard_task_runner.py:72} INFO - Started process 49699 to run task
[2026-09-05T21:49:37.716+0200] {standard_task_runner.py:104} INFO - Running: ['airflow', 'tasks', 'run', 'mini_riskagent_file_ingestion', 'wait_for_csv', 'scheduled__2026-09-05T19:28:00+00:00', '--job-id', '2956', '--raw', '--subdir', 'DAGS_FOLDER/data_ingest_pipeline.py', '--cfg-path', '/var/folders/5p/201rr1sj03g8gksxm9x48mbh0000gn/T/tmpcs6oi3kd']
[2026-09-05T21:49:37.717+0200] {standard_task_runner.py:105} INFO - Job 2956: Subtask wait_for_csv
[2026-09-05T21:49:37.732+0200] {task_command.py:467} INFO - Running <TaskInstance: mini_riskagent_file_ingestion.wait_for_csv scheduled__2026-09-05T19:28:00+00:00 [running]> on host mac.home
[2026-09-05T21:49:37.748+0200] {taskinstance.py:3134} INFO - Exporting env vars: AIRFLOW_CTX_DAG_OWNER='autoquery' AIRFLOW_CTX_DAG_ID='mini_riskagent_file_ingestion' AIRFLOW_CTX_TASK_ID='wait_for_csv' AIRFLOW_CTX_EXECUTION_DATE='2026-09-05T19:28:00+00:00' AIRFLOW_CTX_TRY_NUMBER='1' AIRFLOW_CTX_DAG_RUN_ID='scheduled__2026-09-05T19:28:00+00:00'
[2026-09-05T21:49:37.748+0200] {logging_mixin.py:190} INFO - Task instance is in running state
[2026-09-05T21:49:37.748+0200] {logging_mixin.py:190} INFO -  Previous state of the Task instance: queued
[2026-09-05T21:49:37.749+0200] {logging_mixin.py:190} INFO - Current task name:wait_for_csv state:running start_date:2026-09-05 19:49:37.707367+00:00
[2026-09-05T21:49:37.749+0200] {logging_mixin.py:190} INFO - Dag name:mini_riskagent_file_ingestion and current dag run status:running
[2026-09-05T21:49:37.749+0200] {taskinstance.py:732} INFO - ::endgroup::
[2026-09-05T21:49:37.750+0200] {python.py:75} INFO - Poking callable: <function check_for_csv_files at 0x10910ab60>
[2026-09-05T21:49:37.754+0200] {taskinstance.py:310} INFO - Rescheduling task, marking task as UP_FOR_RESCHEDULE
[2026-09-05T21:49:37.754+0200] {taskinstance.py:341} INFO - ::group::Post task execution logs
[2026-09-05T21:49:37.776+0200] {local_task_job_runner.py:266} INFO - Task exited with return code 0
[2026-09-05T21:49:37.782+0200] {taskinstance.py:3901} INFO - 0 downstream tasks scheduled from follow-on schedule check
[2026-09-05T21:49:37.782+0200] {local_task_job_runner.py:245} INFO - ::endgroup::
[2026-09-05T21:50:09.936+0200] {local_task_job_runner.py:123} INFO - ::group::Pre task execution logs
[2026-09-05T21:50:09.938+0200] {taskinstance.py:2614} INFO - Dependencies all met for dep_context=non-requeueable deps ti=<TaskInstance: mini_riskagent_file_ingestion.wait_for_csv scheduled__2026-09-05T19:28:00+00:00 [queued]>
[2026-09-05T21:50:09.940+0200] {taskinstance.py:2614} INFO - Dependencies all met for dep_context=requeueable deps ti=<TaskInstance: mini_riskagent_file_ingestion.wait_for_csv scheduled__2026-09-05T19:28:00+00:00 [queued]>
[2026-09-05T21:50:09.940+0200] {taskinstance.py:2867} INFO - Starting attempt 1 of 2
[2026-09-05T21:50:09.943+0200] {taskinstance.py:2890} INFO - Executing <Task(PythonSensor): wait_for_csv> on 2026-09-05 19:28:00+00:00
[2026-09-05T21:50:09.947+0200] {logging_mixin.py:190} WARNING - /Users/swarnalidatta/Desktop/AutoQueryChatbot/.airflow-venv/lib/python3.12/site-packages/airflow/task/task_runner/standard_task_runner.py:70 DeprecationWarning: This process (pid=50028) is multi-threaded, use of fork() may lead to deadlocks in the child.
[2026-09-05T21:50:09.948+0200] {standard_task_runner.py:72} INFO - Started process 50030 to run task
[2026-09-05T21:50:09.947+0200] {standard_task_runner.py:104} INFO - Running: ['airflow', 'tasks', 'run', 'mini_riskagent_file_ingestion', 'wait_for_csv', 'scheduled__2026-09-05T19:28:00+00:00', '--job-id', '2971', '--raw', '--subdir', 'DAGS_FOLDER/data_ingest_pipeline.py', '--cfg-path', '/var/folders/5p/201rr1sj03g8gksxm9x48mbh0000gn/T/tmp2svp1tix']
[2026-09-05T21:50:09.948+0200] {standard_task_runner.py:105} INFO - Job 2971: Subtask wait_for_csv
[2026-09-05T21:50:09.962+0200] {task_command.py:467} INFO - Running <TaskInstance: mini_riskagent_file_ingestion.wait_for_csv scheduled__2026-09-05T19:28:00+00:00 [running]> on host mac.home
[2026-09-05T21:50:09.978+0200] {taskinstance.py:3134} INFO - Exporting env vars: AIRFLOW_CTX_DAG_OWNER='autoquery' AIRFLOW_CTX_DAG_ID='mini_riskagent_file_ingestion' AIRFLOW_CTX_TASK_ID='wait_for_csv' AIRFLOW_CTX_EXECUTION_DATE='2026-09-05T19:28:00+00:00' AIRFLOW_CTX_TRY_NUMBER='1' AIRFLOW_CTX_DAG_RUN_ID='scheduled__2026-09-05T19:28:00+00:00'
[2026-09-05T21:50:09.979+0200] {logging_mixin.py:190} INFO - Task instance is in running state
[2026-09-05T21:50:09.979+0200] {logging_mixin.py:190} INFO -  Previous state of the Task instance: queued
[2026-09-05T21:50:09.979+0200] {logging_mixin.py:190} INFO - Current task name:wait_for_csv state:running start_date:2026-09-05 19:50:09.938738+00:00
[2026-09-05T21:50:09.980+0200] {logging_mixin.py:190} INFO - Dag name:mini_riskagent_file_ingestion and current dag run status:running
[2026-09-05T21:50:09.980+0200] {taskinstance.py:732} INFO - ::endgroup::
[2026-09-05T21:50:09.981+0200] {python.py:75} INFO - Poking callable: <function check_for_csv_files at 0x1093cab60>
[2026-09-05T21:50:09.984+0200] {taskinstance.py:310} INFO - Rescheduling task, marking task as UP_FOR_RESCHEDULE
[2026-09-05T21:50:09.985+0200] {taskinstance.py:341} INFO - ::group::Post task execution logs
[2026-09-05T21:50:10.006+0200] {local_task_job_runner.py:266} INFO - Task exited with return code 0
[2026-09-05T21:50:10.012+0200] {taskinstance.py:3901} INFO - 0 downstream tasks scheduled from follow-on schedule check
[2026-09-05T21:50:10.013+0200] {local_task_job_runner.py:245} INFO - ::endgroup::
[2026-09-05T21:50:42.366+0200] {local_task_job_runner.py:123} INFO - ::group::Pre task execution logs
[2026-09-05T21:50:42.369+0200] {taskinstance.py:2614} INFO - Dependencies all met for dep_context=non-requeueable deps ti=<TaskInstance: mini_riskagent_file_ingestion.wait_for_csv scheduled__2026-09-05T19:28:00+00:00 [queued]>
[2026-09-05T21:50:42.370+0200] {taskinstance.py:2614} INFO - Dependencies all met for dep_context=requeueable deps ti=<TaskInstance: mini_riskagent_file_ingestion.wait_for_csv scheduled__2026-09-05T19:28:00+00:00 [queued]>
[2026-09-05T21:50:42.370+0200] {taskinstance.py:2867} INFO - Starting attempt 1 of 2
[2026-09-05T21:50:42.373+0200] {taskinstance.py:2890} INFO - Executing <Task(PythonSensor): wait_for_csv> on 2026-09-05 19:28:00+00:00
[2026-09-05T21:50:42.378+0200] {logging_mixin.py:190} WARNING - /Users/swarnalidatta/Desktop/AutoQueryChatbot/.airflow-venv/lib/python3.12/site-packages/airflow/task/task_runner/standard_task_runner.py:70 DeprecationWarning: This process (pid=50140) is multi-threaded, use of fork() may lead to deadlocks in the child.
[2026-09-05T21:50:42.379+0200] {standard_task_runner.py:72} INFO - Started process 50142 to run task
[2026-09-05T21:50:42.378+0200] {standard_task_runner.py:104} INFO - Running: ['airflow', 'tasks', 'run', 'mini_riskagent_file_ingestion', 'wait_for_csv', 'scheduled__2026-09-05T19:28:00+00:00', '--job-id', '2986', '--raw', '--subdir', 'DAGS_FOLDER/data_ingest_pipeline.py', '--cfg-path', '/var/folders/5p/201rr1sj03g8gksxm9x48mbh0000gn/T/tmpqnlpbnqg']
[2026-09-05T21:50:42.379+0200] {standard_task_runner.py:105} INFO - Job 2986: Subtask wait_for_csv
[2026-09-05T21:50:42.393+0200] {task_command.py:467} INFO - Running <TaskInstance: mini_riskagent_file_ingestion.wait_for_csv scheduled__2026-09-05T19:28:00+00:00 [running]> on host mac.home
[2026-09-05T21:50:42.409+0200] {taskinstance.py:3134} INFO - Exporting env vars: AIRFLOW_CTX_DAG_OWNER='autoquery' AIRFLOW_CTX_DAG_ID='mini_riskagent_file_ingestion' AIRFLOW_CTX_TASK_ID='wait_for_csv' AIRFLOW_CTX_EXECUTION_DATE='2026-09-05T19:28:00+00:00' AIRFLOW_CTX_TRY_NUMBER='1' AIRFLOW_CTX_DAG_RUN_ID='scheduled__2026-09-05T19:28:00+00:00'
[2026-09-05T21:50:42.409+0200] {logging_mixin.py:190} INFO - Task instance is in running state
[2026-09-05T21:50:42.409+0200] {logging_mixin.py:190} INFO -  Previous state of the Task instance: queued
[2026-09-05T21:50:42.410+0200] {logging_mixin.py:190} INFO - Current task name:wait_for_csv state:running start_date:2026-09-05 19:50:42.369278+00:00
[2026-09-05T21:50:42.410+0200] {logging_mixin.py:190} INFO - Dag name:mini_riskagent_file_ingestion and current dag run status:running
[2026-09-05T21:50:42.410+0200] {taskinstance.py:732} INFO - ::endgroup::
[2026-09-05T21:50:42.411+0200] {python.py:75} INFO - Poking callable: <function check_for_csv_files at 0x109826b60>
[2026-09-05T21:50:42.415+0200] {taskinstance.py:310} INFO - Rescheduling task, marking task as UP_FOR_RESCHEDULE
[2026-09-05T21:50:42.415+0200] {taskinstance.py:341} INFO - ::group::Post task execution logs
[2026-09-05T21:50:42.438+0200] {local_task_job_runner.py:266} INFO - Task exited with return code 0
[2026-09-05T21:50:42.445+0200] {taskinstance.py:3901} INFO - 0 downstream tasks scheduled from follow-on schedule check
[2026-09-05T21:50:42.445+0200] {local_task_job_runner.py:245} INFO - ::endgroup::
[2026-09-05T21:51:14.725+0200] {local_task_job_runner.py:123} INFO - ::group::Pre task execution logs
[2026-09-05T21:51:14.728+0200] {taskinstance.py:2614} INFO - Dependencies all met for dep_context=non-requeueable deps ti=<TaskInstance: mini_riskagent_file_ingestion.wait_for_csv scheduled__2026-09-05T19:28:00+00:00 [queued]>
[2026-09-05T21:51:14.729+0200] {taskinstance.py:2614} INFO - Dependencies all met for dep_context=requeueable deps ti=<TaskInstance: mini_riskagent_file_ingestion.wait_for_csv scheduled__2026-09-05T19:28:00+00:00 [queued]>
[2026-09-05T21:51:14.730+0200] {taskinstance.py:2867} INFO - Starting attempt 1 of 2
[2026-09-05T21:51:14.733+0200] {taskinstance.py:2890} INFO - Executing <Task(PythonSensor): wait_for_csv> on 2026-09-05 19:28:00+00:00
[2026-09-05T21:51:14.738+0200] {logging_mixin.py:190} WARNING - /Users/swarnalidatta/Desktop/AutoQueryChatbot/.airflow-venv/lib/python3.12/site-packages/airflow/task/task_runner/standard_task_runner.py:70 DeprecationWarning: This process (pid=50258) is multi-threaded, use of fork() may lead to deadlocks in the child.
[2026-09-05T21:51:14.738+0200] {standard_task_runner.py:72} INFO - Started process 50260 to run task
[2026-09-05T21:51:14.737+0200] {standard_task_runner.py:104} INFO - Running: ['airflow', 'tasks', 'run', 'mini_riskagent_file_ingestion', 'wait_for_csv', 'scheduled__2026-09-05T19:28:00+00:00', '--job-id', '3002', '--raw', '--subdir', 'DAGS_FOLDER/data_ingest_pipeline.py', '--cfg-path', '/var/folders/5p/201rr1sj03g8gksxm9x48mbh0000gn/T/tmpl8qrtlk4']
[2026-09-05T21:51:14.738+0200] {standard_task_runner.py:105} INFO - Job 3002: Subtask wait_for_csv
[2026-09-05T21:51:14.752+0200] {task_command.py:467} INFO - Running <TaskInstance: mini_riskagent_file_ingestion.wait_for_csv scheduled__2026-09-05T19:28:00+00:00 [running]> on host mac.home
[2026-09-05T21:51:14.768+0200] {taskinstance.py:3134} INFO - Exporting env vars: AIRFLOW_CTX_DAG_OWNER='autoquery' AIRFLOW_CTX_DAG_ID='mini_riskagent_file_ingestion' AIRFLOW_CTX_TASK_ID='wait_for_csv' AIRFLOW_CTX_EXECUTION_DATE='2026-09-05T19:28:00+00:00' AIRFLOW_CTX_TRY_NUMBER='1' AIRFLOW_CTX_DAG_RUN_ID='scheduled__2026-09-05T19:28:00+00:00'
[2026-09-05T21:51:14.768+0200] {logging_mixin.py:190} INFO - Task instance is in running state
[2026-09-05T21:51:14.769+0200] {logging_mixin.py:190} INFO -  Previous state of the Task instance: queued
[2026-09-05T21:51:14.769+0200] {logging_mixin.py:190} INFO - Current task name:wait_for_csv state:running start_date:2026-09-05 19:51:14.728616+00:00
[2026-09-05T21:51:14.769+0200] {logging_mixin.py:190} INFO - Dag name:mini_riskagent_file_ingestion and current dag run status:running
[2026-09-05T21:51:14.769+0200] {taskinstance.py:732} INFO - ::endgroup::
[2026-09-05T21:51:14.771+0200] {python.py:75} INFO - Poking callable: <function check_for_csv_files at 0x108bf6b60>
[2026-09-05T21:51:14.774+0200] {taskinstance.py:310} INFO - Rescheduling task, marking task as UP_FOR_RESCHEDULE
[2026-09-05T21:51:14.774+0200] {taskinstance.py:341} INFO - ::group::Post task execution logs
[2026-09-05T21:51:14.797+0200] {local_task_job_runner.py:266} INFO - Task exited with return code 0
[2026-09-05T21:51:14.804+0200] {taskinstance.py:3901} INFO - 0 downstream tasks scheduled from follow-on schedule check
[2026-09-05T21:51:14.804+0200] {local_task_job_runner.py:245} INFO - ::endgroup::
[2026-09-05T21:51:47.540+0200] {local_task_job_runner.py:123} INFO - ::group::Pre task execution logs
[2026-09-05T21:51:47.543+0200] {taskinstance.py:2614} INFO - Dependencies all met for dep_context=non-requeueable deps ti=<TaskInstance: mini_riskagent_file_ingestion.wait_for_csv scheduled__2026-09-05T19:28:00+00:00 [queued]>
[2026-09-05T21:51:47.544+0200] {taskinstance.py:2614} INFO - Dependencies all met for dep_context=requeueable deps ti=<TaskInstance: mini_riskagent_file_ingestion.wait_for_csv scheduled__2026-09-05T19:28:00+00:00 [queued]>
[2026-09-05T21:51:47.544+0200] {taskinstance.py:2867} INFO - Starting attempt 1 of 2
[2026-09-05T21:51:47.547+0200] {taskinstance.py:2890} INFO - Executing <Task(PythonSensor): wait_for_csv> on 2026-09-05 19:28:00+00:00
[2026-09-05T21:51:47.553+0200] {logging_mixin.py:190} WARNING - /Users/swarnalidatta/Desktop/AutoQueryChatbot/.airflow-venv/lib/python3.12/site-packages/airflow/task/task_runner/standard_task_runner.py:70 DeprecationWarning: This process (pid=50369) is multi-threaded, use of fork() may lead to deadlocks in the child.
[2026-09-05T21:51:47.553+0200] {standard_task_runner.py:72} INFO - Started process 50375 to run task
[2026-09-05T21:51:47.552+0200] {standard_task_runner.py:104} INFO - Running: ['airflow', 'tasks', 'run', 'mini_riskagent_file_ingestion', 'wait_for_csv', 'scheduled__2026-09-05T19:28:00+00:00', '--job-id', '3018', '--raw', '--subdir', 'DAGS_FOLDER/data_ingest_pipeline.py', '--cfg-path', '/var/folders/5p/201rr1sj03g8gksxm9x48mbh0000gn/T/tmpr7q0tgjs']
[2026-09-05T21:51:47.553+0200] {standard_task_runner.py:105} INFO - Job 3018: Subtask wait_for_csv
[2026-09-05T21:51:47.567+0200] {task_command.py:467} INFO - Running <TaskInstance: mini_riskagent_file_ingestion.wait_for_csv scheduled__2026-09-05T19:28:00+00:00 [running]> on host mac.home
[2026-09-05T21:51:47.583+0200] {taskinstance.py:3134} INFO - Exporting env vars: AIRFLOW_CTX_DAG_OWNER='autoquery' AIRFLOW_CTX_DAG_ID='mini_riskagent_file_ingestion' AIRFLOW_CTX_TASK_ID='wait_for_csv' AIRFLOW_CTX_EXECUTION_DATE='2026-09-05T19:28:00+00:00' AIRFLOW_CTX_TRY_NUMBER='1' AIRFLOW_CTX_DAG_RUN_ID='scheduled__2026-09-05T19:28:00+00:00'
[2026-09-05T21:51:47.584+0200] {logging_mixin.py:190} INFO - Task instance is in running state
[2026-09-05T21:51:47.584+0200] {logging_mixin.py:190} INFO -  Previous state of the Task instance: queued
[2026-09-05T21:51:47.584+0200] {logging_mixin.py:190} INFO - Current task name:wait_for_csv state:running start_date:2026-09-05 19:51:47.543257+00:00
[2026-09-05T21:51:47.584+0200] {logging_mixin.py:190} INFO - Dag name:mini_riskagent_file_ingestion and current dag run status:running
[2026-09-05T21:51:47.585+0200] {taskinstance.py:732} INFO - ::endgroup::
[2026-09-05T21:51:47.586+0200] {python.py:75} INFO - Poking callable: <function check_for_csv_files at 0x10937eb60>
[2026-09-05T21:51:47.589+0200] {taskinstance.py:310} INFO - Rescheduling task, marking task as UP_FOR_RESCHEDULE
[2026-09-05T21:51:47.590+0200] {taskinstance.py:341} INFO - ::group::Post task execution logs
[2026-09-05T21:51:47.612+0200] {local_task_job_runner.py:266} INFO - Task exited with return code 0
[2026-09-05T21:51:47.619+0200] {taskinstance.py:3901} INFO - 0 downstream tasks scheduled from follow-on schedule check
[2026-09-05T21:51:47.619+0200] {local_task_job_runner.py:245} INFO - ::endgroup::
[2026-09-05T21:52:20.055+0200] {local_task_job_runner.py:123} INFO - ::group::Pre task execution logs
[2026-09-05T21:52:20.058+0200] {taskinstance.py:2614} INFO - Dependencies all met for dep_context=non-requeueable deps ti=<TaskInstance: mini_riskagent_file_ingestion.wait_for_csv scheduled__2026-09-05T19:28:00+00:00 [queued]>
[2026-09-05T21:52:20.059+0200] {taskinstance.py:2614} INFO - Dependencies all met for dep_context=requeueable deps ti=<TaskInstance: mini_riskagent_file_ingestion.wait_for_csv scheduled__2026-09-05T19:28:00+00:00 [queued]>
[2026-09-05T21:52:20.059+0200] {taskinstance.py:2867} INFO - Starting attempt 1 of 2
[2026-09-05T21:52:20.062+0200] {taskinstance.py:2890} INFO - Executing <Task(PythonSensor): wait_for_csv> on 2026-09-05 19:28:00+00:00
[2026-09-05T21:52:20.067+0200] {logging_mixin.py:190} WARNING - /Users/swarnalidatta/Desktop/AutoQueryChatbot/.airflow-venv/lib/python3.12/site-packages/airflow/task/task_runner/standard_task_runner.py:70 DeprecationWarning: This process (pid=50479) is multi-threaded, use of fork() may lead to deadlocks in the child.
[2026-09-05T21:52:20.068+0200] {standard_task_runner.py:72} INFO - Started process 50484 to run task
[2026-09-05T21:52:20.067+0200] {standard_task_runner.py:104} INFO - Running: ['airflow', 'tasks', 'run', 'mini_riskagent_file_ingestion', 'wait_for_csv', 'scheduled__2026-09-05T19:28:00+00:00', '--job-id', '3034', '--raw', '--subdir', 'DAGS_FOLDER/data_ingest_pipeline.py', '--cfg-path', '/var/folders/5p/201rr1sj03g8gksxm9x48mbh0000gn/T/tmpov_m46kw']
[2026-09-05T21:52:20.068+0200] {standard_task_runner.py:105} INFO - Job 3034: Subtask wait_for_csv
[2026-09-05T21:52:20.082+0200] {task_command.py:467} INFO - Running <TaskInstance: mini_riskagent_file_ingestion.wait_for_csv scheduled__2026-09-05T19:28:00+00:00 [running]> on host mac.home
[2026-09-05T21:52:20.099+0200] {taskinstance.py:3134} INFO - Exporting env vars: AIRFLOW_CTX_DAG_OWNER='autoquery' AIRFLOW_CTX_DAG_ID='mini_riskagent_file_ingestion' AIRFLOW_CTX_TASK_ID='wait_for_csv' AIRFLOW_CTX_EXECUTION_DATE='2026-09-05T19:28:00+00:00' AIRFLOW_CTX_TRY_NUMBER='1' AIRFLOW_CTX_DAG_RUN_ID='scheduled__2026-09-05T19:28:00+00:00'
[2026-09-05T21:52:20.099+0200] {logging_mixin.py:190} INFO - Task instance is in running state
[2026-09-05T21:52:20.099+0200] {logging_mixin.py:190} INFO -  Previous state of the Task instance: queued
[2026-09-05T21:52:20.100+0200] {logging_mixin.py:190} INFO - Current task name:wait_for_csv state:running start_date:2026-09-05 19:52:20.058349+00:00
[2026-09-05T21:52:20.100+0200] {logging_mixin.py:190} INFO - Dag name:mini_riskagent_file_ingestion and current dag run status:running
[2026-09-05T21:52:20.100+0200] {taskinstance.py:732} INFO - ::endgroup::
[2026-09-05T21:52:20.101+0200] {python.py:75} INFO - Poking callable: <function check_for_csv_files at 0x10d192b60>
[2026-09-05T21:52:20.105+0200] {taskinstance.py:310} INFO - Rescheduling task, marking task as UP_FOR_RESCHEDULE
[2026-09-05T21:52:20.105+0200] {taskinstance.py:341} INFO - ::group::Post task execution logs
[2026-09-05T21:52:20.127+0200] {local_task_job_runner.py:266} INFO - Task exited with return code 0
[2026-09-05T21:52:20.134+0200] {taskinstance.py:3901} INFO - 0 downstream tasks scheduled from follow-on schedule check
[2026-09-05T21:52:20.134+0200] {local_task_job_runner.py:245} INFO - ::endgroup::
[2026-09-05T21:52:52.318+0200] {local_task_job_runner.py:123} INFO - ::group::Pre task execution logs
[2026-09-05T21:52:52.321+0200] {taskinstance.py:2614} INFO - Dependencies all met for dep_context=non-requeueable deps ti=<TaskInstance: mini_riskagent_file_ingestion.wait_for_csv scheduled__2026-09-05T19:28:00+00:00 [queued]>
[2026-09-05T21:52:52.323+0200] {taskinstance.py:2614} INFO - Dependencies all met for dep_context=requeueable deps ti=<TaskInstance: mini_riskagent_file_ingestion.wait_for_csv scheduled__2026-09-05T19:28:00+00:00 [queued]>
[2026-09-05T21:52:52.323+0200] {taskinstance.py:2867} INFO - Starting attempt 1 of 2
[2026-09-05T21:52:52.326+0200] {taskinstance.py:2890} INFO - Executing <Task(PythonSensor): wait_for_csv> on 2026-09-05 19:28:00+00:00
[2026-09-05T21:52:52.330+0200] {logging_mixin.py:190} WARNING - /Users/swarnalidatta/Desktop/AutoQueryChatbot/.airflow-venv/lib/python3.12/site-packages/airflow/task/task_runner/standard_task_runner.py:70 DeprecationWarning: This process (pid=50588) is multi-threaded, use of fork() may lead to deadlocks in the child.
[2026-09-05T21:52:52.331+0200] {standard_task_runner.py:72} INFO - Started process 50590 to run task
[2026-09-05T21:52:52.330+0200] {standard_task_runner.py:104} INFO - Running: ['airflow', 'tasks', 'run', 'mini_riskagent_file_ingestion', 'wait_for_csv', 'scheduled__2026-09-05T19:28:00+00:00', '--job-id', '3051', '--raw', '--subdir', 'DAGS_FOLDER/data_ingest_pipeline.py', '--cfg-path', '/var/folders/5p/201rr1sj03g8gksxm9x48mbh0000gn/T/tmpkvmq83zx']
[2026-09-05T21:52:52.331+0200] {standard_task_runner.py:105} INFO - Job 3051: Subtask wait_for_csv
[2026-09-05T21:52:52.345+0200] {task_command.py:467} INFO - Running <TaskInstance: mini_riskagent_file_ingestion.wait_for_csv scheduled__2026-09-05T19:28:00+00:00 [running]> on host mac.home
[2026-09-05T21:52:52.361+0200] {taskinstance.py:3134} INFO - Exporting env vars: AIRFLOW_CTX_DAG_OWNER='autoquery' AIRFLOW_CTX_DAG_ID='mini_riskagent_file_ingestion' AIRFLOW_CTX_TASK_ID='wait_for_csv' AIRFLOW_CTX_EXECUTION_DATE='2026-09-05T19:28:00+00:00' AIRFLOW_CTX_TRY_NUMBER='1' AIRFLOW_CTX_DAG_RUN_ID='scheduled__2026-09-05T19:28:00+00:00'
[2026-09-05T21:52:52.361+0200] {logging_mixin.py:190} INFO - Task instance is in running state
[2026-09-05T21:52:52.361+0200] {logging_mixin.py:190} INFO -  Previous state of the Task instance: queued
[2026-09-05T21:52:52.361+0200] {logging_mixin.py:190} INFO - Current task name:wait_for_csv state:running start_date:2026-09-05 19:52:52.321628+00:00
[2026-09-05T21:52:52.362+0200] {logging_mixin.py:190} INFO - Dag name:mini_riskagent_file_ingestion and current dag run status:running
[2026-09-05T21:52:52.362+0200] {taskinstance.py:732} INFO - ::endgroup::
[2026-09-05T21:52:52.363+0200] {python.py:75} INFO - Poking callable: <function check_for_csv_files at 0x108d76b60>
[2026-09-05T21:52:52.367+0200] {taskinstance.py:310} INFO - Rescheduling task, marking task as UP_FOR_RESCHEDULE
[2026-09-05T21:52:52.367+0200] {taskinstance.py:341} INFO - ::group::Post task execution logs
[2026-09-05T21:52:52.390+0200] {local_task_job_runner.py:266} INFO - Task exited with return code 0
[2026-09-05T21:52:52.396+0200] {taskinstance.py:3901} INFO - 0 downstream tasks scheduled from follow-on schedule check
[2026-09-05T21:52:52.397+0200] {local_task_job_runner.py:245} INFO - ::endgroup::
[2026-09-05T21:53:25.037+0200] {local_task_job_runner.py:123} INFO - ::group::Pre task execution logs
[2026-09-05T21:53:25.040+0200] {taskinstance.py:2614} INFO - Dependencies all met for dep_context=non-requeueable deps ti=<TaskInstance: mini_riskagent_file_ingestion.wait_for_csv scheduled__2026-09-05T19:28:00+00:00 [queued]>
[2026-09-05T21:53:25.041+0200] {taskinstance.py:2614} INFO - Dependencies all met for dep_context=requeueable deps ti=<TaskInstance: mini_riskagent_file_ingestion.wait_for_csv scheduled__2026-09-05T19:28:00+00:00 [queued]>
[2026-09-05T21:53:25.041+0200] {taskinstance.py:2867} INFO - Starting attempt 1 of 2
[2026-09-05T21:53:25.044+0200] {taskinstance.py:2890} INFO - Executing <Task(PythonSensor): wait_for_csv> on 2026-09-05 19:28:00+00:00
[2026-09-05T21:53:25.049+0200] {logging_mixin.py:190} WARNING - /Users/swarnalidatta/Desktop/AutoQueryChatbot/.airflow-venv/lib/python3.12/site-packages/airflow/task/task_runner/standard_task_runner.py:70 DeprecationWarning: This process (pid=50697) is multi-threaded, use of fork() may lead to deadlocks in the child.
[2026-09-05T21:53:25.050+0200] {standard_task_runner.py:72} INFO - Started process 50703 to run task
[2026-09-05T21:53:25.049+0200] {standard_task_runner.py:104} INFO - Running: ['airflow', 'tasks', 'run', 'mini_riskagent_file_ingestion', 'wait_for_csv', 'scheduled__2026-09-05T19:28:00+00:00', '--job-id', '3067', '--raw', '--subdir', 'DAGS_FOLDER/data_ingest_pipeline.py', '--cfg-path', '/var/folders/5p/201rr1sj03g8gksxm9x48mbh0000gn/T/tmpjf030ynt']
[2026-09-05T21:53:25.050+0200] {standard_task_runner.py:105} INFO - Job 3067: Subtask wait_for_csv
[2026-09-05T21:53:25.065+0200] {task_command.py:467} INFO - Running <TaskInstance: mini_riskagent_file_ingestion.wait_for_csv scheduled__2026-09-05T19:28:00+00:00 [running]> on host mac.home
[2026-09-05T21:53:25.081+0200] {taskinstance.py:3134} INFO - Exporting env vars: AIRFLOW_CTX_DAG_OWNER='autoquery' AIRFLOW_CTX_DAG_ID='mini_riskagent_file_ingestion' AIRFLOW_CTX_TASK_ID='wait_for_csv' AIRFLOW_CTX_EXECUTION_DATE='2026-09-05T19:28:00+00:00' AIRFLOW_CTX_TRY_NUMBER='1' AIRFLOW_CTX_DAG_RUN_ID='scheduled__2026-09-05T19:28:00+00:00'
[2026-09-05T21:53:25.082+0200] {logging_mixin.py:190} INFO - Task instance is in running state
[2026-09-05T21:53:25.082+0200] {logging_mixin.py:190} INFO -  Previous state of the Task instance: queued
[2026-09-05T21:53:25.082+0200] {logging_mixin.py:190} INFO - Current task name:wait_for_csv state:running start_date:2026-09-05 19:53:25.040485+00:00
[2026-09-05T21:53:25.082+0200] {logging_mixin.py:190} INFO - Dag name:mini_riskagent_file_ingestion and current dag run status:running
[2026-09-05T21:53:25.082+0200] {taskinstance.py:732} INFO - ::endgroup::
[2026-09-05T21:53:25.084+0200] {python.py:75} INFO - Poking callable: <function check_for_csv_files at 0x10d4b2b60>
[2026-09-05T21:53:25.087+0200] {taskinstance.py:310} INFO - Rescheduling task, marking task as UP_FOR_RESCHEDULE
[2026-09-05T21:53:25.087+0200] {taskinstance.py:341} INFO - ::group::Post task execution logs
[2026-09-05T21:53:25.109+0200] {local_task_job_runner.py:266} INFO - Task exited with return code 0
[2026-09-05T21:53:25.116+0200] {taskinstance.py:3901} INFO - 0 downstream tasks scheduled from follow-on schedule check
[2026-09-05T21:53:25.116+0200] {local_task_job_runner.py:245} INFO - ::endgroup::
[2026-09-05T21:53:57.306+0200] {local_task_job_runner.py:123} INFO - ::group::Pre task execution logs
[2026-09-05T21:53:57.308+0200] {taskinstance.py:2614} INFO - Dependencies all met for dep_context=non-requeueable deps ti=<TaskInstance: mini_riskagent_file_ingestion.wait_for_csv scheduled__2026-09-05T19:28:00+00:00 [queued]>
[2026-09-05T21:53:57.310+0200] {taskinstance.py:2614} INFO - Dependencies all met for dep_context=requeueable deps ti=<TaskInstance: mini_riskagent_file_ingestion.wait_for_csv scheduled__2026-09-05T19:28:00+00:00 [queued]>
[2026-09-05T21:53:57.310+0200] {taskinstance.py:2867} INFO - Starting attempt 1 of 2
[2026-09-05T21:53:57.313+0200] {taskinstance.py:2890} INFO - Executing <Task(PythonSensor): wait_for_csv> on 2026-09-05 19:28:00+00:00
[2026-09-05T21:53:57.318+0200] {logging_mixin.py:190} WARNING - /Users/swarnalidatta/Desktop/AutoQueryChatbot/.airflow-venv/lib/python3.12/site-packages/airflow/task/task_runner/standard_task_runner.py:70 DeprecationWarning: This process (pid=50803) is multi-threaded, use of fork() may lead to deadlocks in the child.
[2026-09-05T21:53:57.318+0200] {standard_task_runner.py:72} INFO - Started process 50805 to run task
[2026-09-05T21:53:57.318+0200] {standard_task_runner.py:104} INFO - Running: ['airflow', 'tasks', 'run', 'mini_riskagent_file_ingestion', 'wait_for_csv', 'scheduled__2026-09-05T19:28:00+00:00', '--job-id', '3083', '--raw', '--subdir', 'DAGS_FOLDER/data_ingest_pipeline.py', '--cfg-path', '/var/folders/5p/201rr1sj03g8gksxm9x48mbh0000gn/T/tmpy94tjlnw']
[2026-09-05T21:53:57.318+0200] {standard_task_runner.py:105} INFO - Job 3083: Subtask wait_for_csv
[2026-09-05T21:53:57.332+0200] {task_command.py:467} INFO - Running <TaskInstance: mini_riskagent_file_ingestion.wait_for_csv scheduled__2026-09-05T19:28:00+00:00 [running]> on host mac.home
[2026-09-05T21:53:57.348+0200] {taskinstance.py:3134} INFO - Exporting env vars: AIRFLOW_CTX_DAG_OWNER='autoquery' AIRFLOW_CTX_DAG_ID='mini_riskagent_file_ingestion' AIRFLOW_CTX_TASK_ID='wait_for_csv' AIRFLOW_CTX_EXECUTION_DATE='2026-09-05T19:28:00+00:00' AIRFLOW_CTX_TRY_NUMBER='1' AIRFLOW_CTX_DAG_RUN_ID='scheduled__2026-09-05T19:28:00+00:00'
[2026-09-05T21:53:57.348+0200] {logging_mixin.py:190} INFO - Task instance is in running state
[2026-09-05T21:53:57.349+0200] {logging_mixin.py:190} INFO -  Previous state of the Task instance: queued
[2026-09-05T21:53:57.349+0200] {logging_mixin.py:190} INFO - Current task name:wait_for_csv state:running start_date:2026-09-05 19:53:57.308995+00:00
[2026-09-05T21:53:57.349+0200] {logging_mixin.py:190} INFO - Dag name:mini_riskagent_file_ingestion and current dag run status:running
[2026-09-05T21:53:57.349+0200] {taskinstance.py:732} INFO - ::endgroup::
[2026-09-05T21:53:57.350+0200] {python.py:75} INFO - Poking callable: <function check_for_csv_files at 0x10d156b60>
[2026-09-05T21:53:57.354+0200] {taskinstance.py:310} INFO - Rescheduling task, marking task as UP_FOR_RESCHEDULE
[2026-09-05T21:53:57.354+0200] {taskinstance.py:341} INFO - ::group::Post task execution logs
[2026-09-05T21:53:57.377+0200] {local_task_job_runner.py:266} INFO - Task exited with return code 0
[2026-09-05T21:53:57.385+0200] {taskinstance.py:3901} INFO - 0 downstream tasks scheduled from follow-on schedule check
[2026-09-05T21:53:57.385+0200] {local_task_job_runner.py:245} INFO - ::endgroup::
[2026-09-05T21:54:29.647+0200] {local_task_job_runner.py:123} INFO - ::group::Pre task execution logs
[2026-09-05T21:54:29.650+0200] {taskinstance.py:2614} INFO - Dependencies all met for dep_context=non-requeueable deps ti=<TaskInstance: mini_riskagent_file_ingestion.wait_for_csv scheduled__2026-09-05T19:28:00+00:00 [queued]>
[2026-09-05T21:54:29.651+0200] {taskinstance.py:2614} INFO - Dependencies all met for dep_context=requeueable deps ti=<TaskInstance: mini_riskagent_file_ingestion.wait_for_csv scheduled__2026-09-05T19:28:00+00:00 [queued]>
[2026-09-05T21:54:29.651+0200] {taskinstance.py:2867} INFO - Starting attempt 1 of 2
[2026-09-05T21:54:29.654+0200] {taskinstance.py:2890} INFO - Executing <Task(PythonSensor): wait_for_csv> on 2026-09-05 19:28:00+00:00
[2026-09-05T21:54:29.659+0200] {logging_mixin.py:190} WARNING - /Users/swarnalidatta/Desktop/AutoQueryChatbot/.airflow-venv/lib/python3.12/site-packages/airflow/task/task_runner/standard_task_runner.py:70 DeprecationWarning: This process (pid=50908) is multi-threaded, use of fork() may lead to deadlocks in the child.
[2026-09-05T21:54:29.659+0200] {standard_task_runner.py:72} INFO - Started process 50910 to run task
[2026-09-05T21:54:29.659+0200] {standard_task_runner.py:104} INFO - Running: ['airflow', 'tasks', 'run', 'mini_riskagent_file_ingestion', 'wait_for_csv', 'scheduled__2026-09-05T19:28:00+00:00', '--job-id', '3099', '--raw', '--subdir', 'DAGS_FOLDER/data_ingest_pipeline.py', '--cfg-path', '/var/folders/5p/201rr1sj03g8gksxm9x48mbh0000gn/T/tmpwzt_688j']
[2026-09-05T21:54:29.659+0200] {standard_task_runner.py:105} INFO - Job 3099: Subtask wait_for_csv
[2026-09-05T21:54:29.673+0200] {task_command.py:467} INFO - Running <TaskInstance: mini_riskagent_file_ingestion.wait_for_csv scheduled__2026-09-05T19:28:00+00:00 [running]> on host mac.home
[2026-09-05T21:54:29.690+0200] {taskinstance.py:3134} INFO - Exporting env vars: AIRFLOW_CTX_DAG_OWNER='autoquery' AIRFLOW_CTX_DAG_ID='mini_riskagent_file_ingestion' AIRFLOW_CTX_TASK_ID='wait_for_csv' AIRFLOW_CTX_EXECUTION_DATE='2026-09-05T19:28:00+00:00' AIRFLOW_CTX_TRY_NUMBER='1' AIRFLOW_CTX_DAG_RUN_ID='scheduled__2026-09-05T19:28:00+00:00'
[2026-09-05T21:54:29.690+0200] {logging_mixin.py:190} INFO - Task instance is in running state
[2026-09-05T21:54:29.691+0200] {logging_mixin.py:190} INFO -  Previous state of the Task instance: queued
[2026-09-05T21:54:29.691+0200] {logging_mixin.py:190} INFO - Current task name:wait_for_csv state:running start_date:2026-09-05 19:54:29.650192+00:00
[2026-09-05T21:54:29.691+0200] {logging_mixin.py:190} INFO - Dag name:mini_riskagent_file_ingestion and current dag run status:running
[2026-09-05T21:54:29.691+0200] {taskinstance.py:732} INFO - ::endgroup::
[2026-09-05T21:54:29.693+0200] {python.py:75} INFO - Poking callable: <function check_for_csv_files at 0x109176b60>
[2026-09-05T21:54:29.696+0200] {taskinstance.py:310} INFO - Rescheduling task, marking task as UP_FOR_RESCHEDULE
[2026-09-05T21:54:29.696+0200] {taskinstance.py:341} INFO - ::group::Post task execution logs
[2026-09-05T21:54:29.718+0200] {local_task_job_runner.py:266} INFO - Task exited with return code 0
[2026-09-05T21:54:29.725+0200] {taskinstance.py:3901} INFO - 0 downstream tasks scheduled from follow-on schedule check
[2026-09-05T21:54:29.725+0200] {local_task_job_runner.py:245} INFO - ::endgroup::
[2026-09-05T21:55:02.003+0200] {local_task_job_runner.py:123} INFO - ::group::Pre task execution logs
[2026-09-05T21:55:02.006+0200] {taskinstance.py:2614} INFO - Dependencies all met for dep_context=non-requeueable deps ti=<TaskInstance: mini_riskagent_file_ingestion.wait_for_csv scheduled__2026-09-05T19:28:00+00:00 [queued]>
[2026-09-05T21:55:02.008+0200] {taskinstance.py:2614} INFO - Dependencies all met for dep_context=requeueable deps ti=<TaskInstance: mini_riskagent_file_ingestion.wait_for_csv scheduled__2026-09-05T19:28:00+00:00 [queued]>
[2026-09-05T21:55:02.008+0200] {taskinstance.py:2867} INFO - Starting attempt 1 of 2
[2026-09-05T21:55:02.011+0200] {taskinstance.py:2890} INFO - Executing <Task(PythonSensor): wait_for_csv> on 2026-09-05 19:28:00+00:00
[2026-09-05T21:55:02.016+0200] {logging_mixin.py:190} WARNING - /Users/swarnalidatta/Desktop/AutoQueryChatbot/.airflow-venv/lib/python3.12/site-packages/airflow/task/task_runner/standard_task_runner.py:70 DeprecationWarning: This process (pid=51013) is multi-threaded, use of fork() may lead to deadlocks in the child.
[2026-09-05T21:55:02.016+0200] {standard_task_runner.py:72} INFO - Started process 51019 to run task
[2026-09-05T21:55:02.015+0200] {standard_task_runner.py:104} INFO - Running: ['airflow', 'tasks', 'run', 'mini_riskagent_file_ingestion', 'wait_for_csv', 'scheduled__2026-09-05T19:28:00+00:00', '--job-id', '3115', '--raw', '--subdir', 'DAGS_FOLDER/data_ingest_pipeline.py', '--cfg-path', '/var/folders/5p/201rr1sj03g8gksxm9x48mbh0000gn/T/tmphqn0ts9n']
[2026-09-05T21:55:02.016+0200] {standard_task_runner.py:105} INFO - Job 3115: Subtask wait_for_csv
[2026-09-05T21:55:02.030+0200] {task_command.py:467} INFO - Running <TaskInstance: mini_riskagent_file_ingestion.wait_for_csv scheduled__2026-09-05T19:28:00+00:00 [running]> on host mac.home
[2026-09-05T21:55:02.046+0200] {taskinstance.py:3134} INFO - Exporting env vars: AIRFLOW_CTX_DAG_OWNER='autoquery' AIRFLOW_CTX_DAG_ID='mini_riskagent_file_ingestion' AIRFLOW_CTX_TASK_ID='wait_for_csv' AIRFLOW_CTX_EXECUTION_DATE='2026-09-05T19:28:00+00:00' AIRFLOW_CTX_TRY_NUMBER='1' AIRFLOW_CTX_DAG_RUN_ID='scheduled__2026-09-05T19:28:00+00:00'
[2026-09-05T21:55:02.047+0200] {logging_mixin.py:190} INFO - Task instance is in running state
[2026-09-05T21:55:02.047+0200] {logging_mixin.py:190} INFO -  Previous state of the Task instance: queued
[2026-09-05T21:55:02.047+0200] {logging_mixin.py:190} INFO - Current task name:wait_for_csv state:running start_date:2026-09-05 19:55:02.006754+00:00
[2026-09-05T21:55:02.047+0200] {logging_mixin.py:190} INFO - Dag name:mini_riskagent_file_ingestion and current dag run status:running
[2026-09-05T21:55:02.047+0200] {taskinstance.py:732} INFO - ::endgroup::
[2026-09-05T21:55:02.049+0200] {python.py:75} INFO - Poking callable: <function check_for_csv_files at 0x10c9eab60>
[2026-09-05T21:55:02.052+0200] {taskinstance.py:310} INFO - Rescheduling task, marking task as UP_FOR_RESCHEDULE
[2026-09-05T21:55:02.052+0200] {taskinstance.py:341} INFO - ::group::Post task execution logs
[2026-09-05T21:55:02.075+0200] {local_task_job_runner.py:266} INFO - Task exited with return code 0
[2026-09-05T21:55:02.082+0200] {taskinstance.py:3901} INFO - 0 downstream tasks scheduled from follow-on schedule check
[2026-09-05T21:55:02.082+0200] {local_task_job_runner.py:245} INFO - ::endgroup::
[2026-09-05T21:55:33.938+0200] {local_task_job_runner.py:123} INFO - ::group::Pre task execution logs
[2026-09-05T21:55:33.940+0200] {taskinstance.py:2614} INFO - Dependencies all met for dep_context=non-requeueable deps ti=<TaskInstance: mini_riskagent_file_ingestion.wait_for_csv scheduled__2026-09-05T19:28:00+00:00 [queued]>
[2026-09-05T21:55:33.942+0200] {taskinstance.py:2614} INFO - Dependencies all met for dep_context=requeueable deps ti=<TaskInstance: mini_riskagent_file_ingestion.wait_for_csv scheduled__2026-09-05T19:28:00+00:00 [queued]>
[2026-09-05T21:55:33.942+0200] {taskinstance.py:2867} INFO - Starting attempt 1 of 2
[2026-09-05T21:55:33.945+0200] {taskinstance.py:2890} INFO - Executing <Task(PythonSensor): wait_for_csv> on 2026-09-05 19:28:00+00:00
[2026-09-05T21:55:33.950+0200] {logging_mixin.py:190} WARNING - /Users/swarnalidatta/Desktop/AutoQueryChatbot/.airflow-venv/lib/python3.12/site-packages/airflow/task/task_runner/standard_task_runner.py:70 DeprecationWarning: This process (pid=51123) is multi-threaded, use of fork() may lead to deadlocks in the child.
[2026-09-05T21:55:33.950+0200] {standard_task_runner.py:72} INFO - Started process 51125 to run task
[2026-09-05T21:55:33.949+0200] {standard_task_runner.py:104} INFO - Running: ['airflow', 'tasks', 'run', 'mini_riskagent_file_ingestion', 'wait_for_csv', 'scheduled__2026-09-05T19:28:00+00:00', '--job-id', '3131', '--raw', '--subdir', 'DAGS_FOLDER/data_ingest_pipeline.py', '--cfg-path', '/var/folders/5p/201rr1sj03g8gksxm9x48mbh0000gn/T/tmpp_jvo_j1']
[2026-09-05T21:55:33.950+0200] {standard_task_runner.py:105} INFO - Job 3131: Subtask wait_for_csv
[2026-09-05T21:55:33.964+0200] {task_command.py:467} INFO - Running <TaskInstance: mini_riskagent_file_ingestion.wait_for_csv scheduled__2026-09-05T19:28:00+00:00 [running]> on host mac.home
[2026-09-05T21:55:33.981+0200] {taskinstance.py:3134} INFO - Exporting env vars: AIRFLOW_CTX_DAG_OWNER='autoquery' AIRFLOW_CTX_DAG_ID='mini_riskagent_file_ingestion' AIRFLOW_CTX_TASK_ID='wait_for_csv' AIRFLOW_CTX_EXECUTION_DATE='2026-09-05T19:28:00+00:00' AIRFLOW_CTX_TRY_NUMBER='1' AIRFLOW_CTX_DAG_RUN_ID='scheduled__2026-09-05T19:28:00+00:00'
[2026-09-05T21:55:33.981+0200] {logging_mixin.py:190} INFO - Task instance is in running state
[2026-09-05T21:55:33.982+0200] {logging_mixin.py:190} INFO -  Previous state of the Task instance: queued
[2026-09-05T21:55:33.982+0200] {logging_mixin.py:190} INFO - Current task name:wait_for_csv state:running start_date:2026-09-05 19:55:33.940922+00:00
[2026-09-05T21:55:33.982+0200] {logging_mixin.py:190} INFO - Dag name:mini_riskagent_file_ingestion and current dag run status:running
[2026-09-05T21:55:33.982+0200] {taskinstance.py:732} INFO - ::endgroup::
[2026-09-05T21:55:33.984+0200] {python.py:75} INFO - Poking callable: <function check_for_csv_files at 0x108df6b60>
[2026-09-05T21:55:33.987+0200] {taskinstance.py:310} INFO - Rescheduling task, marking task as UP_FOR_RESCHEDULE
[2026-09-05T21:55:33.987+0200] {taskinstance.py:341} INFO - ::group::Post task execution logs
[2026-09-05T21:55:34.009+0200] {local_task_job_runner.py:266} INFO - Task exited with return code 0
[2026-09-05T21:55:34.016+0200] {taskinstance.py:3901} INFO - 0 downstream tasks scheduled from follow-on schedule check
[2026-09-05T21:55:34.016+0200] {local_task_job_runner.py:245} INFO - ::endgroup::
[2026-09-05T21:56:06.143+0200] {local_task_job_runner.py:123} INFO - ::group::Pre task execution logs
[2026-09-05T21:56:06.146+0200] {taskinstance.py:2614} INFO - Dependencies all met for dep_context=non-requeueable deps ti=<TaskInstance: mini_riskagent_file_ingestion.wait_for_csv scheduled__2026-09-05T19:28:00+00:00 [queued]>
[2026-09-05T21:56:06.147+0200] {taskinstance.py:2614} INFO - Dependencies all met for dep_context=requeueable deps ti=<TaskInstance: mini_riskagent_file_ingestion.wait_for_csv scheduled__2026-09-05T19:28:00+00:00 [queued]>
[2026-09-05T21:56:06.147+0200] {taskinstance.py:2867} INFO - Starting attempt 1 of 2
[2026-09-05T21:56:06.150+0200] {taskinstance.py:2890} INFO - Executing <Task(PythonSensor): wait_for_csv> on 2026-09-05 19:28:00+00:00
[2026-09-05T21:56:06.156+0200] {logging_mixin.py:190} WARNING - /Users/swarnalidatta/Desktop/AutoQueryChatbot/.airflow-venv/lib/python3.12/site-packages/airflow/task/task_runner/standard_task_runner.py:70 DeprecationWarning: This process (pid=51234) is multi-threaded, use of fork() may lead to deadlocks in the child.
[2026-09-05T21:56:06.156+0200] {standard_task_runner.py:72} INFO - Started process 51237 to run task
[2026-09-05T21:56:06.155+0200] {standard_task_runner.py:104} INFO - Running: ['airflow', 'tasks', 'run', 'mini_riskagent_file_ingestion', 'wait_for_csv', 'scheduled__2026-09-05T19:28:00+00:00', '--job-id', '3147', '--raw', '--subdir', 'DAGS_FOLDER/data_ingest_pipeline.py', '--cfg-path', '/var/folders/5p/201rr1sj03g8gksxm9x48mbh0000gn/T/tmp_uktqqla']
[2026-09-05T21:56:06.156+0200] {standard_task_runner.py:105} INFO - Job 3147: Subtask wait_for_csv
[2026-09-05T21:56:06.170+0200] {task_command.py:467} INFO - Running <TaskInstance: mini_riskagent_file_ingestion.wait_for_csv scheduled__2026-09-05T19:28:00+00:00 [running]> on host mac.home
[2026-09-05T21:56:06.186+0200] {taskinstance.py:3134} INFO - Exporting env vars: AIRFLOW_CTX_DAG_OWNER='autoquery' AIRFLOW_CTX_DAG_ID='mini_riskagent_file_ingestion' AIRFLOW_CTX_TASK_ID='wait_for_csv' AIRFLOW_CTX_EXECUTION_DATE='2026-09-05T19:28:00+00:00' AIRFLOW_CTX_TRY_NUMBER='1' AIRFLOW_CTX_DAG_RUN_ID='scheduled__2026-09-05T19:28:00+00:00'
[2026-09-05T21:56:06.186+0200] {logging_mixin.py:190} INFO - Task instance is in running state
[2026-09-05T21:56:06.187+0200] {logging_mixin.py:190} INFO -  Previous state of the Task instance: queued
[2026-09-05T21:56:06.187+0200] {logging_mixin.py:190} INFO - Current task name:wait_for_csv state:running start_date:2026-09-05 19:56:06.146367+00:00
[2026-09-05T21:56:06.187+0200] {logging_mixin.py:190} INFO - Dag name:mini_riskagent_file_ingestion and current dag run status:running
[2026-09-05T21:56:06.187+0200] {taskinstance.py:732} INFO - ::endgroup::
[2026-09-05T21:56:06.189+0200] {python.py:75} INFO - Poking callable: <function check_for_csv_files at 0x108bb2b60>
[2026-09-05T21:56:06.192+0200] {taskinstance.py:310} INFO - Rescheduling task, marking task as UP_FOR_RESCHEDULE
[2026-09-05T21:56:06.192+0200] {taskinstance.py:341} INFO - ::group::Post task execution logs
[2026-09-05T21:56:06.215+0200] {local_task_job_runner.py:266} INFO - Task exited with return code 0
[2026-09-05T21:56:06.222+0200] {taskinstance.py:3901} INFO - 0 downstream tasks scheduled from follow-on schedule check
[2026-09-05T21:56:06.222+0200] {local_task_job_runner.py:245} INFO - ::endgroup::
[2026-09-05T21:56:39.179+0200] {local_task_job_runner.py:123} INFO - ::group::Pre task execution logs
[2026-09-05T21:56:39.181+0200] {taskinstance.py:2614} INFO - Dependencies all met for dep_context=non-requeueable deps ti=<TaskInstance: mini_riskagent_file_ingestion.wait_for_csv scheduled__2026-09-05T19:28:00+00:00 [queued]>
[2026-09-05T21:56:39.183+0200] {taskinstance.py:2614} INFO - Dependencies all met for dep_context=requeueable deps ti=<TaskInstance: mini_riskagent_file_ingestion.wait_for_csv scheduled__2026-09-05T19:28:00+00:00 [queued]>
[2026-09-05T21:56:39.183+0200] {taskinstance.py:2867} INFO - Starting attempt 1 of 2
[2026-09-05T21:56:39.186+0200] {taskinstance.py:2890} INFO - Executing <Task(PythonSensor): wait_for_csv> on 2026-09-05 19:28:00+00:00
[2026-09-05T21:56:39.191+0200] {logging_mixin.py:190} WARNING - /Users/swarnalidatta/Desktop/AutoQueryChatbot/.airflow-venv/lib/python3.12/site-packages/airflow/task/task_runner/standard_task_runner.py:70 DeprecationWarning: This process (pid=51344) is multi-threaded, use of fork() may lead to deadlocks in the child.
[2026-09-05T21:56:39.191+0200] {standard_task_runner.py:72} INFO - Started process 51350 to run task
[2026-09-05T21:56:39.190+0200] {standard_task_runner.py:104} INFO - Running: ['airflow', 'tasks', 'run', 'mini_riskagent_file_ingestion', 'wait_for_csv', 'scheduled__2026-09-05T19:28:00+00:00', '--job-id', '3163', '--raw', '--subdir', 'DAGS_FOLDER/data_ingest_pipeline.py', '--cfg-path', '/var/folders/5p/201rr1sj03g8gksxm9x48mbh0000gn/T/tmpt3l7owux']
[2026-09-05T21:56:39.191+0200] {standard_task_runner.py:105} INFO - Job 3163: Subtask wait_for_csv
[2026-09-05T21:56:39.206+0200] {task_command.py:467} INFO - Running <TaskInstance: mini_riskagent_file_ingestion.wait_for_csv scheduled__2026-09-05T19:28:00+00:00 [running]> on host mac.home
[2026-09-05T21:56:39.222+0200] {taskinstance.py:3134} INFO - Exporting env vars: AIRFLOW_CTX_DAG_OWNER='autoquery' AIRFLOW_CTX_DAG_ID='mini_riskagent_file_ingestion' AIRFLOW_CTX_TASK_ID='wait_for_csv' AIRFLOW_CTX_EXECUTION_DATE='2026-09-05T19:28:00+00:00' AIRFLOW_CTX_TRY_NUMBER='1' AIRFLOW_CTX_DAG_RUN_ID='scheduled__2026-09-05T19:28:00+00:00'
[2026-09-05T21:56:39.222+0200] {logging_mixin.py:190} INFO - Task instance is in running state
[2026-09-05T21:56:39.223+0200] {logging_mixin.py:190} INFO -  Previous state of the Task instance: queued
[2026-09-05T21:56:39.223+0200] {logging_mixin.py:190} INFO - Current task name:wait_for_csv state:running start_date:2026-09-05 19:56:39.181854+00:00
[2026-09-05T21:56:39.223+0200] {logging_mixin.py:190} INFO - Dag name:mini_riskagent_file_ingestion and current dag run status:running
[2026-09-05T21:56:39.223+0200] {taskinstance.py:732} INFO - ::endgroup::
[2026-09-05T21:56:39.224+0200] {python.py:75} INFO - Poking callable: <function check_for_csv_files at 0x10ce92b60>
[2026-09-05T21:56:39.228+0200] {taskinstance.py:310} INFO - Rescheduling task, marking task as UP_FOR_RESCHEDULE
[2026-09-05T21:56:39.228+0200] {taskinstance.py:341} INFO - ::group::Post task execution logs
[2026-09-05T21:56:39.250+0200] {local_task_job_runner.py:266} INFO - Task exited with return code 0
[2026-09-05T21:56:39.256+0200] {taskinstance.py:3901} INFO - 0 downstream tasks scheduled from follow-on schedule check
[2026-09-05T21:56:39.256+0200] {local_task_job_runner.py:245} INFO - ::endgroup::
[2026-09-05T21:57:11.346+0200] {local_task_job_runner.py:123} INFO - ::group::Pre task execution logs
[2026-09-05T21:57:11.349+0200] {taskinstance.py:2614} INFO - Dependencies all met for dep_context=non-requeueable deps ti=<TaskInstance: mini_riskagent_file_ingestion.wait_for_csv scheduled__2026-09-05T19:28:00+00:00 [queued]>
[2026-09-05T21:57:11.351+0200] {taskinstance.py:2614} INFO - Dependencies all met for dep_context=requeueable deps ti=<TaskInstance: mini_riskagent_file_ingestion.wait_for_csv scheduled__2026-09-05T19:28:00+00:00 [queued]>
[2026-09-05T21:57:11.351+0200] {taskinstance.py:2867} INFO - Starting attempt 1 of 2
[2026-09-05T21:57:11.354+0200] {taskinstance.py:2890} INFO - Executing <Task(PythonSensor): wait_for_csv> on 2026-09-05 19:28:00+00:00
[2026-09-05T21:57:11.359+0200] {logging_mixin.py:190} WARNING - /Users/swarnalidatta/Desktop/AutoQueryChatbot/.airflow-venv/lib/python3.12/site-packages/airflow/task/task_runner/standard_task_runner.py:70 DeprecationWarning: This process (pid=51453) is multi-threaded, use of fork() may lead to deadlocks in the child.
[2026-09-05T21:57:11.359+0200] {standard_task_runner.py:72} INFO - Started process 51455 to run task
[2026-09-05T21:57:11.358+0200] {standard_task_runner.py:104} INFO - Running: ['airflow', 'tasks', 'run', 'mini_riskagent_file_ingestion', 'wait_for_csv', 'scheduled__2026-09-05T19:28:00+00:00', '--job-id', '3179', '--raw', '--subdir', 'DAGS_FOLDER/data_ingest_pipeline.py', '--cfg-path', '/var/folders/5p/201rr1sj03g8gksxm9x48mbh0000gn/T/tmpqanfpbb2']
[2026-09-05T21:57:11.359+0200] {standard_task_runner.py:105} INFO - Job 3179: Subtask wait_for_csv
[2026-09-05T21:57:11.373+0200] {task_command.py:467} INFO - Running <TaskInstance: mini_riskagent_file_ingestion.wait_for_csv scheduled__2026-09-05T19:28:00+00:00 [running]> on host mac.home
[2026-09-05T21:57:11.389+0200] {taskinstance.py:3134} INFO - Exporting env vars: AIRFLOW_CTX_DAG_OWNER='autoquery' AIRFLOW_CTX_DAG_ID='mini_riskagent_file_ingestion' AIRFLOW_CTX_TASK_ID='wait_for_csv' AIRFLOW_CTX_EXECUTION_DATE='2026-09-05T19:28:00+00:00' AIRFLOW_CTX_TRY_NUMBER='1' AIRFLOW_CTX_DAG_RUN_ID='scheduled__2026-09-05T19:28:00+00:00'
[2026-09-05T21:57:11.389+0200] {logging_mixin.py:190} INFO - Task instance is in running state
[2026-09-05T21:57:11.390+0200] {logging_mixin.py:190} INFO -  Previous state of the Task instance: queued
[2026-09-05T21:57:11.390+0200] {logging_mixin.py:190} INFO - Current task name:wait_for_csv state:running start_date:2026-09-05 19:57:11.349658+00:00
[2026-09-05T21:57:11.390+0200] {logging_mixin.py:190} INFO - Dag name:mini_riskagent_file_ingestion and current dag run status:running
[2026-09-05T21:57:11.390+0200] {taskinstance.py:732} INFO - ::endgroup::
[2026-09-05T21:57:11.391+0200] {python.py:75} INFO - Poking callable: <function check_for_csv_files at 0x10af82b60>
[2026-09-05T21:57:11.395+0200] {taskinstance.py:310} INFO - Rescheduling task, marking task as UP_FOR_RESCHEDULE
[2026-09-05T21:57:11.395+0200] {taskinstance.py:341} INFO - ::group::Post task execution logs
[2026-09-05T21:57:11.418+0200] {local_task_job_runner.py:266} INFO - Task exited with return code 0
[2026-09-05T21:57:11.425+0200] {taskinstance.py:3901} INFO - 0 downstream tasks scheduled from follow-on schedule check
[2026-09-05T21:57:11.425+0200] {local_task_job_runner.py:245} INFO - ::endgroup::
[2026-09-05T21:57:44.201+0200] {local_task_job_runner.py:123} INFO - ::group::Pre task execution logs
[2026-09-05T21:57:44.204+0200] {taskinstance.py:2614} INFO - Dependencies all met for dep_context=non-requeueable deps ti=<TaskInstance: mini_riskagent_file_ingestion.wait_for_csv scheduled__2026-09-05T19:28:00+00:00 [queued]>
[2026-09-05T21:57:44.205+0200] {taskinstance.py:2614} INFO - Dependencies all met for dep_context=requeueable deps ti=<TaskInstance: mini_riskagent_file_ingestion.wait_for_csv scheduled__2026-09-05T19:28:00+00:00 [queued]>
[2026-09-05T21:57:44.205+0200] {taskinstance.py:2867} INFO - Starting attempt 1 of 2
[2026-09-05T21:57:44.208+0200] {taskinstance.py:2890} INFO - Executing <Task(PythonSensor): wait_for_csv> on 2026-09-05 19:28:00+00:00
[2026-09-05T21:57:44.213+0200] {logging_mixin.py:190} WARNING - /Users/swarnalidatta/Desktop/AutoQueryChatbot/.airflow-venv/lib/python3.12/site-packages/airflow/task/task_runner/standard_task_runner.py:70 DeprecationWarning: This process (pid=51565) is multi-threaded, use of fork() may lead to deadlocks in the child.
[2026-09-05T21:57:44.214+0200] {standard_task_runner.py:72} INFO - Started process 51567 to run task
[2026-09-05T21:57:44.213+0200] {standard_task_runner.py:104} INFO - Running: ['airflow', 'tasks', 'run', 'mini_riskagent_file_ingestion', 'wait_for_csv', 'scheduled__2026-09-05T19:28:00+00:00', '--job-id', '3195', '--raw', '--subdir', 'DAGS_FOLDER/data_ingest_pipeline.py', '--cfg-path', '/var/folders/5p/201rr1sj03g8gksxm9x48mbh0000gn/T/tmpuv29zyax']
[2026-09-05T21:57:44.214+0200] {standard_task_runner.py:105} INFO - Job 3195: Subtask wait_for_csv
[2026-09-05T21:57:44.228+0200] {task_command.py:467} INFO - Running <TaskInstance: mini_riskagent_file_ingestion.wait_for_csv scheduled__2026-09-05T19:28:00+00:00 [running]> on host mac.home
[2026-09-05T21:57:44.245+0200] {taskinstance.py:3134} INFO - Exporting env vars: AIRFLOW_CTX_DAG_OWNER='autoquery' AIRFLOW_CTX_DAG_ID='mini_riskagent_file_ingestion' AIRFLOW_CTX_TASK_ID='wait_for_csv' AIRFLOW_CTX_EXECUTION_DATE='2026-09-05T19:28:00+00:00' AIRFLOW_CTX_TRY_NUMBER='1' AIRFLOW_CTX_DAG_RUN_ID='scheduled__2026-09-05T19:28:00+00:00'
[2026-09-05T21:57:44.246+0200] {logging_mixin.py:190} INFO - Task instance is in running state
[2026-09-05T21:57:44.246+0200] {logging_mixin.py:190} INFO -  Previous state of the Task instance: queued
[2026-09-05T21:57:44.246+0200] {logging_mixin.py:190} INFO - Current task name:wait_for_csv state:running start_date:2026-09-05 19:57:44.204189+00:00
[2026-09-05T21:57:44.246+0200] {logging_mixin.py:190} INFO - Dag name:mini_riskagent_file_ingestion and current dag run status:running
[2026-09-05T21:57:44.247+0200] {taskinstance.py:732} INFO - ::endgroup::
[2026-09-05T21:57:44.248+0200] {python.py:75} INFO - Poking callable: <function check_for_csv_files at 0x109136b60>
[2026-09-05T21:57:44.251+0200] {taskinstance.py:310} INFO - Rescheduling task, marking task as UP_FOR_RESCHEDULE
[2026-09-05T21:57:44.252+0200] {taskinstance.py:341} INFO - ::group::Post task execution logs
[2026-09-05T21:57:44.273+0200] {local_task_job_runner.py:266} INFO - Task exited with return code 0
[2026-09-05T21:57:44.279+0200] {taskinstance.py:3901} INFO - 0 downstream tasks scheduled from follow-on schedule check
[2026-09-05T21:57:44.280+0200] {local_task_job_runner.py:245} INFO - ::endgroup::
[2026-09-17T19:21:57.620+0200] {local_task_job_runner.py:123} INFO - ::group::Pre task execution logs
[2026-09-17T19:21:57.623+0200] {taskinstance.py:2614} INFO - Dependencies all met for dep_context=non-requeueable deps ti=<TaskInstance: mini_riskagent_file_ingestion.wait_for_csv scheduled__2026-09-05T19:28:00+00:00 [queued]>
[2026-09-17T19:21:57.625+0200] {taskinstance.py:2614} INFO - Dependencies all met for dep_context=requeueable deps ti=<TaskInstance: mini_riskagent_file_ingestion.wait_for_csv scheduled__2026-09-05T19:28:00+00:00 [queued]>
[2026-09-17T19:21:57.625+0200] {taskinstance.py:2867} INFO - Starting attempt 1 of 2
[2026-09-17T19:21:57.628+0200] {taskinstance.py:2890} INFO - Executing <Task(PythonSensor): wait_for_csv> on 2026-09-05 19:28:00+00:00
[2026-09-17T19:21:57.633+0200] {logging_mixin.py:190} WARNING - /Users/swarnalidatta/Desktop/AutoQueryChatbot/.airflow-venv/lib/python3.12/site-packages/airflow/task/task_runner/standard_task_runner.py:70 DeprecationWarning: This process (pid=73865) is multi-threaded, use of fork() may lead to deadlocks in the child.
[2026-09-17T19:21:57.633+0200] {standard_task_runner.py:72} INFO - Started process 73871 to run task
[2026-09-17T19:21:57.632+0200] {standard_task_runner.py:104} INFO - Running: ['airflow', 'tasks', 'run', 'mini_riskagent_file_ingestion', 'wait_for_csv', 'scheduled__2026-09-05T19:28:00+00:00', '--job-id', '3218', '--raw', '--subdir', 'DAGS_FOLDER/data_ingest_pipeline.py', '--cfg-path', '/var/folders/5p/201rr1sj03g8gksxm9x48mbh0000gn/T/tmpn895348a']
[2026-09-17T19:21:57.633+0200] {standard_task_runner.py:105} INFO - Job 3218: Subtask wait_for_csv
[2026-09-17T19:21:57.648+0200] {task_command.py:467} INFO - Running <TaskInstance: mini_riskagent_file_ingestion.wait_for_csv scheduled__2026-09-05T19:28:00+00:00 [running]> on host mac.home
[2026-09-17T19:21:57.665+0200] {taskinstance.py:3134} INFO - Exporting env vars: AIRFLOW_CTX_DAG_OWNER='autoquery' AIRFLOW_CTX_DAG_ID='mini_riskagent_file_ingestion' AIRFLOW_CTX_TASK_ID='wait_for_csv' AIRFLOW_CTX_EXECUTION_DATE='2026-09-05T19:28:00+00:00' AIRFLOW_CTX_TRY_NUMBER='1' AIRFLOW_CTX_DAG_RUN_ID='scheduled__2026-09-05T19:28:00+00:00'
[2026-09-17T19:21:57.666+0200] {logging_mixin.py:190} INFO - Task instance is in running state
[2026-09-17T19:21:57.666+0200] {logging_mixin.py:190} INFO -  Previous state of the Task instance: queued
[2026-09-17T19:21:57.666+0200] {logging_mixin.py:190} INFO - Current task name:wait_for_csv state:running start_date:2026-09-17 17:21:57.623705+00:00
[2026-09-17T19:21:57.666+0200] {logging_mixin.py:190} INFO - Dag name:mini_riskagent_file_ingestion and current dag run status:running
[2026-09-17T19:21:57.666+0200] {taskinstance.py:732} INFO - ::endgroup::
[2026-09-17T19:21:57.668+0200] {python.py:75} INFO - Poking callable: <function check_for_csv_files at 0x10af72b60>
[2026-09-17T19:21:57.668+0200] {taskinstance.py:3313} ERROR - Task failed with exception
Traceback (most recent call last):
  File "/Users/swarnalidatta/Desktop/AutoQueryChatbot/.airflow-venv/lib/python3.12/site-packages/airflow/models/taskinstance.py", line 768, in _execute_task
    result = _execute_callable(context=context, **execute_callable_kwargs)
             ^^^^^^^^^^^^^^^^^^^^^^^^^^^^^^^^^^^^^^^^^^^^^^^^^^^^^^^^^^^^^
  File "/Users/swarnalidatta/Desktop/AutoQueryChatbot/.airflow-venv/lib/python3.12/site-packages/airflow/models/taskinstance.py", line 734, in _execute_callable
    return ExecutionCallableRunner(
           ^^^^^^^^^^^^^^^^^^^^^^^^
  File "/Users/swarnalidatta/Desktop/AutoQueryChatbot/.airflow-venv/lib/python3.12/site-packages/airflow/utils/operator_helpers.py", line 252, in run
    return self.func(*args, **kwargs)
           ^^^^^^^^^^^^^^^^^^^^^^^^^^
  File "/Users/swarnalidatta/Desktop/AutoQueryChatbot/.airflow-venv/lib/python3.12/site-packages/airflow/models/baseoperator.py", line 424, in wrapper
    return func(self, *args, **kwargs)
           ^^^^^^^^^^^^^^^^^^^^^^^^^^^
  File "/Users/swarnalidatta/Desktop/AutoQueryChatbot/.airflow-venv/lib/python3.12/site-packages/airflow/sensors/base.py", line 326, in execute
    raise AirflowSensorTimeout(message)
airflow.exceptions.AirflowSensorTimeout: Sensor has timed out; run duration of 1029174.323864 seconds exceeds the specified timeout of 3600.0.
[2026-09-17T19:21:57.670+0200] {logging_mixin.py:190} INFO - Task instance in failure state
[2026-09-17T19:21:57.670+0200] {logging_mixin.py:190} INFO - Task start:2026-09-17 17:21:57.623705+00:00 end:2026-09-17 17:21:57.670100+00:00 duration:0.046395
[2026-09-17T19:21:57.670+0200] {logging_mixin.py:190} INFO - Task:<Task(PythonSensor): wait_for_csv> dag:<DAG: mini_riskagent_file_ingestion> dagrun:<DagRun mini_riskagent_file_ingestion @ 2026-09-05 19:28:00+00:00: scheduled__2026-09-05T19:28:00+00:00, state:running, queued_at: 2026-09-05 19:29:02.407523+00:00. externally triggered: False>
[2026-09-17T19:21:57.670+0200] {logging_mixin.py:190} INFO - Failure caused by Sensor has timed out; run duration of 1029174.323864 seconds exceeds the specified timeout of 3600.0.
[2026-09-17T19:21:57.671+0200] {taskinstance.py:1226} INFO - Immediate failure requested. Marking task as FAILED. dag_id=mini_riskagent_file_ingestion, task_id=wait_for_csv, run_id=scheduled__2026-09-05T19:28:00+00:00, execution_date=20260905T192800, start_date=20260917T172157, end_date=20260917T172157
[2026-09-17T19:21:57.675+0200] {taskinstance.py:341} INFO - ::group::Post task execution logs
[2026-09-17T19:21:57.675+0200] {standard_task_runner.py:124} ERROR - Failed to execute job 3218 for task wait_for_csv (Sensor has timed out; run duration of 1029174.323864 seconds exceeds the specified timeout of 3600.0.; 73871)
Traceback (most recent call last):
  File "/Users/swarnalidatta/Desktop/AutoQueryChatbot/.airflow-venv/lib/python3.12/site-packages/airflow/task/task_runner/standard_task_runner.py", line 117, in _start_by_fork
    ret = args.func(args, dag=self.dag)
          ^^^^^^^^^^^^^^^^^^^^^^^^^^^^^
  File "/Users/swarnalidatta/Desktop/AutoQueryChatbot/.airflow-venv/lib/python3.12/site-packages/airflow/cli/cli_config.py", line 49, in command
    return func(*args, **kwargs)
           ^^^^^^^^^^^^^^^^^^^^^
  File "/Users/swarnalidatta/Desktop/AutoQueryChatbot/.airflow-venv/lib/python3.12/site-packages/airflow/utils/cli.py", line 116, in wrapper
    return f(*args, **kwargs)
           ^^^^^^^^^^^^^^^^^^
  File "/Users/swarnalidatta/Desktop/AutoQueryChatbot/.airflow-venv/lib/python3.12/site-packages/airflow/cli/commands/task_command.py", line 483, in task_run
    task_return_code = _run_task_by_selected_method(args, _dag, ti)
                       ^^^^^^^^^^^^^^^^^^^^^^^^^^^^^^^^^^^^^^^^^^^^
  File "/Users/swarnalidatta/Desktop/AutoQueryChatbot/.airflow-venv/lib/python3.12/site-packages/airflow/cli/commands/task_command.py", line 256, in _run_task_by_selected_method
    return _run_raw_task(args, ti)
           ^^^^^^^^^^^^^^^^^^^^^^^
  File "/Users/swarnalidatta/Desktop/AutoQueryChatbot/.airflow-venv/lib/python3.12/site-packages/airflow/cli/commands/task_command.py", line 341, in _run_raw_task
    return ti._run_raw_task(
           ^^^^^^^^^^^^^^^^^
  File "/Users/swarnalidatta/Desktop/AutoQueryChatbot/.airflow-venv/lib/python3.12/site-packages/airflow/utils/session.py", line 97, in wrapper
    return func(*args, session=session, **kwargs)
           ^^^^^^^^^^^^^^^^^^^^^^^^^^^^^^^^^^^^^^
  File "/Users/swarnalidatta/Desktop/AutoQueryChatbot/.airflow-venv/lib/python3.12/site-packages/airflow/models/taskinstance.py", line 3006, in _run_raw_task
    return _run_raw_task(
           ^^^^^^^^^^^^^^
  File "/Users/swarnalidatta/Desktop/AutoQueryChatbot/.airflow-venv/lib/python3.12/site-packages/airflow/models/taskinstance.py", line 274, in _run_raw_task
    TaskInstance._execute_task_with_callbacks(
  File "/Users/swarnalidatta/Desktop/AutoQueryChatbot/.airflow-venv/lib/python3.12/site-packages/airflow/models/taskinstance.py", line 3161, in _execute_task_with_callbacks
    result = self._execute_task(context, task_orig)
             ^^^^^^^^^^^^^^^^^^^^^^^^^^^^^^^^^^^^^^
  File "/Users/swarnalidatta/Desktop/AutoQueryChatbot/.airflow-venv/lib/python3.12/site-packages/airflow/models/taskinstance.py", line 3185, in _execute_task
    return _execute_task(self, context, task_orig)
           ^^^^^^^^^^^^^^^^^^^^^^^^^^^^^^^^^^^^^^^
  File "/Users/swarnalidatta/Desktop/AutoQueryChatbot/.airflow-venv/lib/python3.12/site-packages/airflow/models/taskinstance.py", line 768, in _execute_task
    result = _execute_callable(context=context, **execute_callable_kwargs)
             ^^^^^^^^^^^^^^^^^^^^^^^^^^^^^^^^^^^^^^^^^^^^^^^^^^^^^^^^^^^^^
  File "/Users/swarnalidatta/Desktop/AutoQueryChatbot/.airflow-venv/lib/python3.12/site-packages/airflow/models/taskinstance.py", line 734, in _execute_callable
    return ExecutionCallableRunner(
           ^^^^^^^^^^^^^^^^^^^^^^^^
  File "/Users/swarnalidatta/Desktop/AutoQueryChatbot/.airflow-venv/lib/python3.12/site-packages/airflow/utils/operator_helpers.py", line 252, in run
    return self.func(*args, **kwargs)
           ^^^^^^^^^^^^^^^^^^^^^^^^^^
  File "/Users/swarnalidatta/Desktop/AutoQueryChatbot/.airflow-venv/lib/python3.12/site-packages/airflow/models/baseoperator.py", line 424, in wrapper
    return func(self, *args, **kwargs)
           ^^^^^^^^^^^^^^^^^^^^^^^^^^^
  File "/Users/swarnalidatta/Desktop/AutoQueryChatbot/.airflow-venv/lib/python3.12/site-packages/airflow/sensors/base.py", line 326, in execute
    raise AirflowSensorTimeout(message)
airflow.exceptions.AirflowSensorTimeout: Sensor has timed out; run duration of 1029174.323864 seconds exceeds the specified timeout of 3600.0.
[2026-09-17T19:21:57.689+0200] {local_task_job_runner.py:266} INFO - Task exited with return code 1
[2026-09-17T19:21:57.696+0200] {taskinstance.py:3901} INFO - 0 downstream tasks scheduled from follow-on schedule check
[2026-09-17T19:21:57.697+0200] {local_task_job_runner.py:245} INFO - ::endgroup::
