[2026-09-18T04:56:46.326+0200] {processor.py:186} INFO - Started process (PID=1844) to work on /Users/swarnalidatta/Desktop/AutoQueryChatbot/.airflow-venv/lib/python3.12/site-packages/airflow/example_dags/example_params_trigger_ui.py
[2026-09-18T04:56:46.326+0200] {processor.py:914} INFO - Processing file /Users/swarnalidatta/Desktop/AutoQueryChatbot/.airflow-venv/lib/python3.12/site-packages/airflow/example_dags/example_params_trigger_ui.py for tasks to queue
[2026-09-18T04:56:46.327+0200] {logging_mixin.py:190} INFO - [2026-09-18T04:56:46.327+0200] {dagbag.py:588} INFO - Filling up the DagBag from /Users/swarnalidatta/Desktop/AutoQueryChatbot/.airflow-venv/lib/python3.12/site-packages/airflow/example_dags/example_params_trigger_ui.py
[2026-09-18T04:56:46.339+0200] {processor.py:925} INFO - DAG(s) 'example_params_trigger_ui' retrieved from /Users/swarnalidatta/Desktop/AutoQueryChatbot/.airflow-venv/lib/python3.12/site-packages/airflow/example_dags/example_params_trigger_ui.py
[2026-09-18T04:56:46.389+0200] {logging_mixin.py:190} INFO - [2026-09-18T04:56:46.389+0200] {dag.py:3239} INFO - Sync 1 DAGs
[2026-09-18T04:56:46.392+0200] {logging_mixin.py:190} INFO - [2026-09-18T04:56:46.392+0200] {dag.py:4180} INFO - Setting next_dagrun for example_params_trigger_ui to None, run_after=None
[2026-09-18T04:56:46.397+0200] {processor.py:208} INFO - Processing /Users/swarnalidatta/Desktop/AutoQueryChatbot/.airflow-venv/lib/python3.12/site-packages/airflow/example_dags/example_params_trigger_ui.py took 0.072 seconds
[2026-09-18T09:18:38.157+0200] {processor.py:186} INFO - Started process (PID=2166) to work on /Users/swarnalidatta/Desktop/AutoQueryChatbot/.airflow-venv/lib/python3.12/site-packages/airflow/example_dags/example_params_trigger_ui.py
[2026-09-18T09:18:38.158+0200] {processor.py:914} INFO - Processing file /Users/swarnalidatta/Desktop/AutoQueryChatbot/.airflow-venv/lib/python3.12/site-packages/airflow/example_dags/example_params_trigger_ui.py for tasks to queue
[2026-09-18T09:18:38.158+0200] {logging_mixin.py:190} INFO - [2026-09-18T09:18:38.158+0200] {dagbag.py:588} INFO - Filling up the DagBag from /Users/swarnalidatta/Desktop/AutoQueryChatbot/.airflow-venv/lib/python3.12/site-packages/airflow/example_dags/example_params_trigger_ui.py
[2026-09-18T09:18:38.171+0200] {processor.py:925} INFO - DAG(s) 'example_params_trigger_ui' retrieved from /Users/swarnalidatta/Desktop/AutoQueryChatbot/.airflow-venv/lib/python3.12/site-packages/airflow/example_dags/example_params_trigger_ui.py
[2026-09-18T09:18:38.221+0200] {logging_mixin.py:190} INFO - [2026-09-18T09:18:38.221+0200] {dag.py:3239} INFO - Sync 1 DAGs
[2026-09-18T09:18:38.224+0200] {logging_mixin.py:190} INFO - [2026-09-18T09:18:38.224+0200] {dag.py:4180} INFO - Setting next_dagrun for example_params_trigger_ui to None, run_after=None
[2026-09-18T09:18:38.229+0200] {processor.py:208} INFO - Processing /Users/swarnalidatta/Desktop/AutoQueryChatbot/.airflow-venv/lib/python3.12/site-packages/airflow/example_dags/example_params_trigger_ui.py took 0.073 seconds
[2026-09-18T13:06:19.759+0200] {processor.py:186} INFO - Started process (PID=2455) to work on /Users/swarnalidatta/Desktop/AutoQueryChatbot/.airflow-venv/lib/python3.12/site-packages/airflow/example_dags/example_params_trigger_ui.py
[2026-09-18T13:06:19.760+0200] {processor.py:914} INFO - Processing file /Users/swarnalidatta/Desktop/AutoQueryChatbot/.airflow-venv/lib/python3.12/site-packages/airflow/example_dags/example_params_trigger_ui.py for tasks to queue
[2026-09-18T13:06:19.760+0200] {logging_mixin.py:190} INFO - [2026-09-18T13:06:19.760+0200] {dagbag.py:588} INFO - Filling up the DagBag from /Users/swarnalidatta/Desktop/AutoQueryChatbot/.airflow-venv/lib/python3.12/site-packages/airflow/example_dags/example_params_trigger_ui.py
[2026-09-18T13:06:19.773+0200] {processor.py:925} INFO - DAG(s) 'example_params_trigger_ui' retrieved from /Users/swarnalidatta/Desktop/AutoQueryChatbot/.airflow-venv/lib/python3.12/site-packages/airflow/example_dags/example_params_trigger_ui.py
[2026-09-18T13:06:19.823+0200] {logging_mixin.py:190} INFO - [2026-09-18T13:06:19.823+0200] {dag.py:3239} INFO - Sync 1 DAGs
[2026-09-18T13:06:19.826+0200] {logging_mixin.py:190} INFO - [2026-09-18T13:06:19.826+0200] {dag.py:4180} INFO - Setting next_dagrun for example_params_trigger_ui to None, run_after=None
[2026-09-18T13:06:19.831+0200] {processor.py:208} INFO - Processing /Users/swarnalidatta/Desktop/AutoQueryChatbot/.airflow-venv/lib/python3.12/site-packages/airflow/example_dags/example_params_trigger_ui.py took 0.073 seconds
[2026-09-18T16:42:28.157+0200] {processor.py:186} INFO - Started process (PID=2743) to work on /Users/swarnalidatta/Desktop/AutoQueryChatbot/.airflow-venv/lib/python3.12/site-packages/airflow/example_dags/example_params_trigger_ui.py
[2026-09-18T16:42:28.158+0200] {processor.py:914} INFO - Processing file /Users/swarnalidatta/Desktop/AutoQueryChatbot/.airflow-venv/lib/python3.12/site-packages/airflow/example_dags/example_params_trigger_ui.py for tasks to queue
[2026-09-18T16:42:28.158+0200] {logging_mixin.py:190} INFO - [2026-09-18T16:42:28.158+0200] {dagbag.py:588} INFO - Filling up the DagBag from /Users/swarnalidatta/Desktop/AutoQueryChatbot/.airflow-venv/lib/python3.12/site-packages/airflow/example_dags/example_params_trigger_ui.py
[2026-09-18T16:42:28.171+0200] {processor.py:925} INFO - DAG(s) 'example_params_trigger_ui' retrieved from /Users/swarnalidatta/Desktop/AutoQueryChatbot/.airflow-venv/lib/python3.12/site-packages/airflow/example_dags/example_params_trigger_ui.py
[2026-09-18T16:42:28.221+0200] {logging_mixin.py:190} INFO - [2026-09-18T16:42:28.221+0200] {dag.py:3239} INFO - Sync 1 DAGs
[2026-09-18T16:42:28.224+0200] {logging_mixin.py:190} INFO - [2026-09-18T16:42:28.224+0200] {dag.py:4180} INFO - Setting next_dagrun for example_params_trigger_ui to None, run_after=None
[2026-09-18T16:42:28.229+0200] {processor.py:208} INFO - Processing /Users/swarnalidatta/Desktop/AutoQueryChatbot/.airflow-venv/lib/python3.12/site-packages/airflow/example_dags/example_params_trigger_ui.py took 0.073 seconds
[2026-09-18T20:45:05.813+0200] {processor.py:186} INFO - Started process (PID=3032) to work on /Users/swarnalidatta/Desktop/AutoQueryChatbot/.airflow-venv/lib/python3.12/site-packages/airflow/example_dags/example_params_trigger_ui.py
[2026-09-18T20:45:05.813+0200] {processor.py:914} INFO - Processing file /Users/swarnalidatta/Desktop/AutoQueryChatbot/.airflow-venv/lib/python3.12/site-packages/airflow/example_dags/example_params_trigger_ui.py for tasks to queue
[2026-09-18T20:45:05.814+0200] {logging_mixin.py:190} INFO - [2026-09-18T20:45:05.814+0200] {dagbag.py:588} INFO - Filling up the DagBag from /Users/swarnalidatta/Desktop/AutoQueryChatbot/.airflow-venv/lib/python3.12/site-packages/airflow/example_dags/example_params_trigger_ui.py
[2026-09-18T20:45:05.827+0200] {processor.py:925} INFO - DAG(s) 'example_params_trigger_ui' retrieved from /Users/swarnalidatta/Desktop/AutoQueryChatbot/.airflow-venv/lib/python3.12/site-packages/airflow/example_dags/example_params_trigger_ui.py
[2026-09-18T20:45:05.880+0200] {logging_mixin.py:190} INFO - [2026-09-18T20:45:05.880+0200] {dag.py:3239} INFO - Sync 1 DAGs
[2026-09-18T20:45:05.883+0200] {logging_mixin.py:190} INFO - [2026-09-18T20:45:05.883+0200] {dag.py:4180} INFO - Setting next_dagrun for example_params_trigger_ui to None, run_after=None
[2026-09-18T20:45:05.888+0200] {processor.py:208} INFO - Processing /Users/swarnalidatta/Desktop/AutoQueryChatbot/.airflow-venv/lib/python3.12/site-packages/airflow/example_dags/example_params_trigger_ui.py took 0.076 seconds
[2026-09-18T22:47:14.083+0200] {processor.py:186} INFO - Started process (PID=3316) to work on /Users/swarnalidatta/Desktop/AutoQueryChatbot/.airflow-venv/lib/python3.12/site-packages/airflow/example_dags/example_params_trigger_ui.py
[2026-09-18T22:47:14.084+0200] {processor.py:914} INFO - Processing file /Users/swarnalidatta/Desktop/AutoQueryChatbot/.airflow-venv/lib/python3.12/site-packages/airflow/example_dags/example_params_trigger_ui.py for tasks to queue
[2026-09-18T22:47:14.084+0200] {logging_mixin.py:190} INFO - [2026-09-18T22:47:14.084+0200] {dagbag.py:588} INFO - Filling up the DagBag from /Users/swarnalidatta/Desktop/AutoQueryChatbot/.airflow-venv/lib/python3.12/site-packages/airflow/example_dags/example_params_trigger_ui.py
[2026-09-18T22:47:14.097+0200] {processor.py:925} INFO - DAG(s) 'example_params_trigger_ui' retrieved from /Users/swarnalidatta/Desktop/AutoQueryChatbot/.airflow-venv/lib/python3.12/site-packages/airflow/example_dags/example_params_trigger_ui.py
[2026-09-18T22:47:14.149+0200] {logging_mixin.py:190} INFO - [2026-09-18T22:47:14.149+0200] {dag.py:3239} INFO - Sync 1 DAGs
[2026-09-18T22:47:14.152+0200] {logging_mixin.py:190} INFO - [2026-09-18T22:47:14.152+0200] {dag.py:4180} INFO - Setting next_dagrun for example_params_trigger_ui to None, run_after=None
[2026-09-18T22:47:14.157+0200] {processor.py:208} INFO - Processing /Users/swarnalidatta/Desktop/AutoQueryChatbot/.airflow-venv/lib/python3.12/site-packages/airflow/example_dags/example_params_trigger_ui.py took 0.075 seconds
