[2026-09-18T05:30:08.507+0200] {processor.py:186} INFO - Started process (PID=1872) to work on /Users/swarnalidatta/Desktop/AutoQueryChatbot/.airflow-venv/lib/python3.12/site-packages/airflow/example_dags/example_inlet_event_extra.py
[2026-09-18T05:30:08.507+0200] {processor.py:914} INFO - Processing file /Users/swarnalidatta/Desktop/AutoQueryChatbot/.airflow-venv/lib/python3.12/site-packages/airflow/example_dags/example_inlet_event_extra.py for tasks to queue
[2026-09-18T05:30:08.507+0200] {logging_mixin.py:190} INFO - [2026-09-18T05:30:08.507+0200] {dagbag.py:588} INFO - Filling up the DagBag from /Users/swarnalidatta/Desktop/AutoQueryChatbot/.airflow-venv/lib/python3.12/site-packages/airflow/example_dags/example_inlet_event_extra.py
[2026-09-18T05:30:08.530+0200] {processor.py:925} INFO - DAG(s) 'read_dataset_event', 'read_dataset_event_from_classic' retrieved from /Users/swarnalidatta/Desktop/AutoQueryChatbot/.airflow-venv/lib/python3.12/site-packages/airflow/example_dags/example_inlet_event_extra.py
[2026-09-18T05:30:08.575+0200] {logging_mixin.py:190} INFO - [2026-09-18T05:30:08.575+0200] {dag.py:3239} INFO - Sync 2 DAGs
[2026-09-18T05:30:08.580+0200] {logging_mixin.py:190} INFO - [2026-09-18T05:30:08.580+0200] {dag.py:4180} INFO - Setting next_dagrun for read_dataset_event to 2026-09-17 00:00:00+00:00, run_after=2026-09-18 00:00:00+00:00
[2026-09-18T05:30:08.581+0200] {logging_mixin.py:190} INFO - [2026-09-18T05:30:08.581+0200] {dag.py:4180} INFO - Setting next_dagrun for read_dataset_event_from_classic to 2026-09-17 00:00:00+00:00, run_after=2026-09-18 00:00:00+00:00
[2026-09-18T05:30:08.585+0200] {processor.py:208} INFO - Processing /Users/swarnalidatta/Desktop/AutoQueryChatbot/.airflow-venv/lib/python3.12/site-packages/airflow/example_dags/example_inlet_event_extra.py took 0.080 seconds
[2026-09-18T09:51:21.710+0200] {processor.py:186} INFO - Started process (PID=2204) to work on /Users/swarnalidatta/Desktop/AutoQueryChatbot/.airflow-venv/lib/python3.12/site-packages/airflow/example_dags/example_inlet_event_extra.py
[2026-09-18T09:51:21.711+0200] {processor.py:914} INFO - Processing file /Users/swarnalidatta/Desktop/AutoQueryChatbot/.airflow-venv/lib/python3.12/site-packages/airflow/example_dags/example_inlet_event_extra.py for tasks to queue
[2026-09-18T09:51:21.711+0200] {logging_mixin.py:190} INFO - [2026-09-18T09:51:21.711+0200] {dagbag.py:588} INFO - Filling up the DagBag from /Users/swarnalidatta/Desktop/AutoQueryChatbot/.airflow-venv/lib/python3.12/site-packages/airflow/example_dags/example_inlet_event_extra.py
[2026-09-18T09:51:21.734+0200] {processor.py:925} INFO - DAG(s) 'read_dataset_event', 'read_dataset_event_from_classic' retrieved from /Users/swarnalidatta/Desktop/AutoQueryChatbot/.airflow-venv/lib/python3.12/site-packages/airflow/example_dags/example_inlet_event_extra.py
[2026-09-18T09:51:21.779+0200] {logging_mixin.py:190} INFO - [2026-09-18T09:51:21.779+0200] {dag.py:3239} INFO - Sync 2 DAGs
[2026-09-18T09:51:21.784+0200] {logging_mixin.py:190} INFO - [2026-09-18T09:51:21.784+0200] {dag.py:4180} INFO - Setting next_dagrun for read_dataset_event to 2026-09-17 00:00:00+00:00, run_after=2026-09-18 00:00:00+00:00
[2026-09-18T09:51:21.785+0200] {logging_mixin.py:190} INFO - [2026-09-18T09:51:21.785+0200] {dag.py:4180} INFO - Setting next_dagrun for read_dataset_event_from_classic to 2026-09-17 00:00:00+00:00, run_after=2026-09-18 00:00:00+00:00
[2026-09-18T09:51:21.789+0200] {processor.py:208} INFO - Processing /Users/swarnalidatta/Desktop/AutoQueryChatbot/.airflow-venv/lib/python3.12/site-packages/airflow/example_dags/example_inlet_event_extra.py took 0.081 seconds
[2026-09-18T13:55:54.513+0200] {processor.py:186} INFO - Started process (PID=2491) to work on /Users/swarnalidatta/Desktop/AutoQueryChatbot/.airflow-venv/lib/python3.12/site-packages/airflow/example_dags/example_inlet_event_extra.py
[2026-09-18T13:55:54.514+0200] {processor.py:914} INFO - Processing file /Users/swarnalidatta/Desktop/AutoQueryChatbot/.airflow-venv/lib/python3.12/site-packages/airflow/example_dags/example_inlet_event_extra.py for tasks to queue
[2026-09-18T13:55:54.515+0200] {logging_mixin.py:190} INFO - [2026-09-18T13:55:54.515+0200] {dagbag.py:588} INFO - Filling up the DagBag from /Users/swarnalidatta/Desktop/AutoQueryChatbot/.airflow-venv/lib/python3.12/site-packages/airflow/example_dags/example_inlet_event_extra.py
[2026-09-18T13:55:54.538+0200] {processor.py:925} INFO - DAG(s) 'read_dataset_event', 'read_dataset_event_from_classic' retrieved from /Users/swarnalidatta/Desktop/AutoQueryChatbot/.airflow-venv/lib/python3.12/site-packages/airflow/example_dags/example_inlet_event_extra.py
[2026-09-18T13:55:54.585+0200] {logging_mixin.py:190} INFO - [2026-09-18T13:55:54.584+0200] {dag.py:3239} INFO - Sync 2 DAGs
[2026-09-18T13:55:54.590+0200] {logging_mixin.py:190} INFO - [2026-09-18T13:55:54.590+0200] {dag.py:4180} INFO - Setting next_dagrun for read_dataset_event to 2026-09-17 00:00:00+00:00, run_after=2026-09-18 00:00:00+00:00
[2026-09-18T13:55:54.591+0200] {logging_mixin.py:190} INFO - [2026-09-18T13:55:54.591+0200] {dag.py:4180} INFO - Setting next_dagrun for read_dataset_event_from_classic to 2026-09-17 00:00:00+00:00, run_after=2026-09-18 00:00:00+00:00
[2026-09-18T13:55:54.595+0200] {processor.py:208} INFO - Processing /Users/swarnalidatta/Desktop/AutoQueryChatbot/.airflow-venv/lib/python3.12/site-packages/airflow/example_dags/example_inlet_event_extra.py took 0.083 seconds
[2026-09-18T17:10:21.798+0200] {processor.py:186} INFO - Started process (PID=2778) to work on /Users/swarnalidatta/Desktop/AutoQueryChatbot/.airflow-venv/lib/python3.12/site-packages/airflow/example_dags/example_inlet_event_extra.py
[2026-09-18T17:10:21.799+0200] {processor.py:914} INFO - Processing file /Users/swarnalidatta/Desktop/AutoQueryChatbot/.airflow-venv/lib/python3.12/site-packages/airflow/example_dags/example_inlet_event_extra.py for tasks to queue
[2026-09-18T17:10:21.799+0200] {logging_mixin.py:190} INFO - [2026-09-18T17:10:21.799+0200] {dagbag.py:588} INFO - Filling up the DagBag from /Users/swarnalidatta/Desktop/AutoQueryChatbot/.airflow-venv/lib/python3.12/site-packages/airflow/example_dags/example_inlet_event_extra.py
[2026-09-18T17:10:21.821+0200] {processor.py:925} INFO - DAG(s) 'read_dataset_event_from_classic', 'read_dataset_event' retrieved from /Users/swarnalidatta/Desktop/AutoQueryChatbot/.airflow-venv/lib/python3.12/site-packages/airflow/example_dags/example_inlet_event_extra.py
[2026-09-18T17:10:21.866+0200] {logging_mixin.py:190} INFO - [2026-09-18T17:10:21.866+0200] {dag.py:3239} INFO - Sync 2 DAGs
[2026-09-18T17:10:21.871+0200] {logging_mixin.py:190} INFO - [2026-09-18T17:10:21.871+0200] {dag.py:4180} INFO - Setting next_dagrun for read_dataset_event to 2026-09-17 00:00:00+00:00, run_after=2026-09-18 00:00:00+00:00
[2026-09-18T17:10:21.872+0200] {logging_mixin.py:190} INFO - [2026-09-18T17:10:21.872+0200] {dag.py:4180} INFO - Setting next_dagrun for read_dataset_event_from_classic to 2026-09-17 00:00:00+00:00, run_after=2026-09-18 00:00:00+00:00
[2026-09-18T17:10:21.876+0200] {processor.py:208} INFO - Processing /Users/swarnalidatta/Desktop/AutoQueryChatbot/.airflow-venv/lib/python3.12/site-packages/airflow/example_dags/example_inlet_event_extra.py took 0.079 seconds
[2026-09-18T20:57:54.283+0200] {processor.py:186} INFO - Started process (PID=3085) to work on /Users/swarnalidatta/Desktop/AutoQueryChatbot/.airflow-venv/lib/python3.12/site-packages/airflow/example_dags/example_inlet_event_extra.py
[2026-09-18T20:57:54.284+0200] {processor.py:914} INFO - Processing file /Users/swarnalidatta/Desktop/AutoQueryChatbot/.airflow-venv/lib/python3.12/site-packages/airflow/example_dags/example_inlet_event_extra.py for tasks to queue
[2026-09-18T20:57:54.284+0200] {logging_mixin.py:190} INFO - [2026-09-18T20:57:54.284+0200] {dagbag.py:588} INFO - Filling up the DagBag from /Users/swarnalidatta/Desktop/AutoQueryChatbot/.airflow-venv/lib/python3.12/site-packages/airflow/example_dags/example_inlet_event_extra.py
[2026-09-18T20:57:54.306+0200] {processor.py:925} INFO - DAG(s) 'read_dataset_event_from_classic', 'read_dataset_event' retrieved from /Users/swarnalidatta/Desktop/AutoQueryChatbot/.airflow-venv/lib/python3.12/site-packages/airflow/example_dags/example_inlet_event_extra.py
[2026-09-18T20:57:54.352+0200] {logging_mixin.py:190} INFO - [2026-09-18T20:57:54.352+0200] {dag.py:3239} INFO - Sync 2 DAGs
[2026-09-18T20:57:54.357+0200] {logging_mixin.py:190} INFO - [2026-09-18T20:57:54.357+0200] {dag.py:4180} INFO - Setting next_dagrun for read_dataset_event to 2026-09-17 00:00:00+00:00, run_after=2026-09-18 00:00:00+00:00
[2026-09-18T20:57:54.358+0200] {logging_mixin.py:190} INFO - [2026-09-18T20:57:54.358+0200] {dag.py:4180} INFO - Setting next_dagrun for read_dataset_event_from_classic to 2026-09-17 00:00:00+00:00, run_after=2026-09-18 00:00:00+00:00
[2026-09-18T20:57:54.362+0200] {processor.py:208} INFO - Processing /Users/swarnalidatta/Desktop/AutoQueryChatbot/.airflow-venv/lib/python3.12/site-packages/airflow/example_dags/example_inlet_event_extra.py took 0.080 seconds
[2026-09-18T23:16:19.182+0200] {processor.py:186} INFO - Started process (PID=3345) to work on /Users/swarnalidatta/Desktop/AutoQueryChatbot/.airflow-venv/lib/python3.12/site-packages/airflow/example_dags/example_inlet_event_extra.py
[2026-09-18T23:16:19.183+0200] {processor.py:914} INFO - Processing file /Users/swarnalidatta/Desktop/AutoQueryChatbot/.airflow-venv/lib/python3.12/site-packages/airflow/example_dags/example_inlet_event_extra.py for tasks to queue
[2026-09-18T23:16:19.184+0200] {logging_mixin.py:190} INFO - [2026-09-18T23:16:19.184+0200] {dagbag.py:588} INFO - Filling up the DagBag from /Users/swarnalidatta/Desktop/AutoQueryChatbot/.airflow-venv/lib/python3.12/site-packages/airflow/example_dags/example_inlet_event_extra.py
[2026-09-18T23:16:19.206+0200] {processor.py:925} INFO - DAG(s) 'read_dataset_event_from_classic', 'read_dataset_event' retrieved from /Users/swarnalidatta/Desktop/AutoQueryChatbot/.airflow-venv/lib/python3.12/site-packages/airflow/example_dags/example_inlet_event_extra.py
[2026-09-18T23:16:19.251+0200] {logging_mixin.py:190} INFO - [2026-09-18T23:16:19.251+0200] {dag.py:3239} INFO - Sync 2 DAGs
[2026-09-18T23:16:19.256+0200] {logging_mixin.py:190} INFO - [2026-09-18T23:16:19.256+0200] {dag.py:4180} INFO - Setting next_dagrun for read_dataset_event to 2026-09-17 00:00:00+00:00, run_after=2026-09-18 00:00:00+00:00
[2026-09-18T23:16:19.257+0200] {logging_mixin.py:190} INFO - [2026-09-18T23:16:19.257+0200] {dag.py:4180} INFO - Setting next_dagrun for read_dataset_event_from_classic to 2026-09-17 00:00:00+00:00, run_after=2026-09-18 00:00:00+00:00
[2026-09-18T23:16:19.261+0200] {processor.py:208} INFO - Processing /Users/swarnalidatta/Desktop/AutoQueryChatbot/.airflow-venv/lib/python3.12/site-packages/airflow/example_dags/example_inlet_event_extra.py took 0.080 seconds
