[2026-09-18T05:58:46.014+0200] {processor.py:186} INFO - Started process (PID=1907) to work on /Users/swarnalidatta/Desktop/AutoQueryChatbot/.airflow-venv/lib/python3.12/site-packages/airflow/example_dags/example_dag_decorator.py
[2026-09-18T05:58:46.014+0200] {processor.py:914} INFO - Processing file /Users/swarnalidatta/Desktop/AutoQueryChatbot/.airflow-venv/lib/python3.12/site-packages/airflow/example_dags/example_dag_decorator.py for tasks to queue
[2026-09-18T05:58:46.015+0200] {logging_mixin.py:190} INFO - [2026-09-18T05:58:46.014+0200] {dagbag.py:588} INFO - Filling up the DagBag from /Users/swarnalidatta/Desktop/AutoQueryChatbot/.airflow-venv/lib/python3.12/site-packages/airflow/example_dags/example_dag_decorator.py
[2026-09-18T05:58:46.080+0200] {processor.py:925} INFO - DAG(s) 'example_dag_decorator' retrieved from /Users/swarnalidatta/Desktop/AutoQueryChatbot/.airflow-venv/lib/python3.12/site-packages/airflow/example_dags/example_dag_decorator.py
[2026-09-18T05:58:46.127+0200] {logging_mixin.py:190} INFO - [2026-09-18T05:58:46.127+0200] {dag.py:3239} INFO - Sync 1 DAGs
[2026-09-18T05:58:46.129+0200] {logging_mixin.py:190} INFO - [2026-09-18T05:58:46.129+0200] {dag.py:4180} INFO - Setting next_dagrun for example_dag_decorator to None, run_after=None
[2026-09-18T05:58:46.135+0200] {processor.py:208} INFO - Processing /Users/swarnalidatta/Desktop/AutoQueryChatbot/.airflow-venv/lib/python3.12/site-packages/airflow/example_dags/example_dag_decorator.py took 0.122 seconds
[2026-09-18T10:37:56.229+0200] {processor.py:186} INFO - Started process (PID=2251) to work on /Users/swarnalidatta/Desktop/AutoQueryChatbot/.airflow-venv/lib/python3.12/site-packages/airflow/example_dags/example_dag_decorator.py
[2026-09-18T10:37:56.230+0200] {processor.py:914} INFO - Processing file /Users/swarnalidatta/Desktop/AutoQueryChatbot/.airflow-venv/lib/python3.12/site-packages/airflow/example_dags/example_dag_decorator.py for tasks to queue
[2026-09-18T10:37:56.230+0200] {logging_mixin.py:190} INFO - [2026-09-18T10:37:56.230+0200] {dagbag.py:588} INFO - Filling up the DagBag from /Users/swarnalidatta/Desktop/AutoQueryChatbot/.airflow-venv/lib/python3.12/site-packages/airflow/example_dags/example_dag_decorator.py
[2026-09-18T10:37:56.297+0200] {processor.py:925} INFO - DAG(s) 'example_dag_decorator' retrieved from /Users/swarnalidatta/Desktop/AutoQueryChatbot/.airflow-venv/lib/python3.12/site-packages/airflow/example_dags/example_dag_decorator.py
[2026-09-18T10:37:56.358+0200] {logging_mixin.py:190} INFO - [2026-09-18T10:37:56.358+0200] {dag.py:3239} INFO - Sync 1 DAGs
[2026-09-18T10:37:56.361+0200] {logging_mixin.py:190} INFO - [2026-09-18T10:37:56.361+0200] {dag.py:4180} INFO - Setting next_dagrun for example_dag_decorator to None, run_after=None
[2026-09-18T10:37:56.366+0200] {processor.py:208} INFO - Processing /Users/swarnalidatta/Desktop/AutoQueryChatbot/.airflow-venv/lib/python3.12/site-packages/airflow/example_dags/example_dag_decorator.py took 0.138 seconds
[2026-09-18T14:07:20.168+0200] {processor.py:186} INFO - Started process (PID=2530) to work on /Users/swarnalidatta/Desktop/AutoQueryChatbot/.airflow-venv/lib/python3.12/site-packages/airflow/example_dags/example_dag_decorator.py
[2026-09-18T14:07:20.169+0200] {processor.py:914} INFO - Processing file /Users/swarnalidatta/Desktop/AutoQueryChatbot/.airflow-venv/lib/python3.12/site-packages/airflow/example_dags/example_dag_decorator.py for tasks to queue
[2026-09-18T14:07:20.169+0200] {logging_mixin.py:190} INFO - [2026-09-18T14:07:20.169+0200] {dagbag.py:588} INFO - Filling up the DagBag from /Users/swarnalidatta/Desktop/AutoQueryChatbot/.airflow-venv/lib/python3.12/site-packages/airflow/example_dags/example_dag_decorator.py
[2026-09-18T14:07:20.236+0200] {processor.py:925} INFO - DAG(s) 'example_dag_decorator' retrieved from /Users/swarnalidatta/Desktop/AutoQueryChatbot/.airflow-venv/lib/python3.12/site-packages/airflow/example_dags/example_dag_decorator.py
[2026-09-18T14:07:20.296+0200] {logging_mixin.py:190} INFO - [2026-09-18T14:07:20.296+0200] {dag.py:3239} INFO - Sync 1 DAGs
[2026-09-18T14:07:20.298+0200] {logging_mixin.py:190} INFO - [2026-09-18T14:07:20.298+0200] {dag.py:4180} INFO - Setting next_dagrun for example_dag_decorator to None, run_after=None
[2026-09-18T14:07:20.304+0200] {processor.py:208} INFO - Processing /Users/swarnalidatta/Desktop/AutoQueryChatbot/.airflow-venv/lib/python3.12/site-packages/airflow/example_dags/example_dag_decorator.py took 0.137 seconds
[2026-09-18T17:44:42.886+0200] {processor.py:186} INFO - Started process (PID=2812) to work on /Users/swarnalidatta/Desktop/AutoQueryChatbot/.airflow-venv/lib/python3.12/site-packages/airflow/example_dags/example_dag_decorator.py
[2026-09-18T17:44:42.887+0200] {processor.py:914} INFO - Processing file /Users/swarnalidatta/Desktop/AutoQueryChatbot/.airflow-venv/lib/python3.12/site-packages/airflow/example_dags/example_dag_decorator.py for tasks to queue
[2026-09-18T17:44:42.887+0200] {logging_mixin.py:190} INFO - [2026-09-18T17:44:42.887+0200] {dagbag.py:588} INFO - Filling up the DagBag from /Users/swarnalidatta/Desktop/AutoQueryChatbot/.airflow-venv/lib/python3.12/site-packages/airflow/example_dags/example_dag_decorator.py
[2026-09-18T17:44:42.953+0200] {processor.py:925} INFO - DAG(s) 'example_dag_decorator' retrieved from /Users/swarnalidatta/Desktop/AutoQueryChatbot/.airflow-venv/lib/python3.12/site-packages/airflow/example_dags/example_dag_decorator.py
[2026-09-18T17:44:43.013+0200] {logging_mixin.py:190} INFO - [2026-09-18T17:44:43.012+0200] {dag.py:3239} INFO - Sync 1 DAGs
[2026-09-18T17:44:43.015+0200] {logging_mixin.py:190} INFO - [2026-09-18T17:44:43.015+0200] {dag.py:4180} INFO - Setting next_dagrun for example_dag_decorator to None, run_after=None
[2026-09-18T17:44:43.022+0200] {processor.py:208} INFO - Processing /Users/swarnalidatta/Desktop/AutoQueryChatbot/.airflow-venv/lib/python3.12/site-packages/airflow/example_dags/example_dag_decorator.py took 0.137 seconds
[2026-09-18T21:01:15.913+0200] {processor.py:186} INFO - Started process (PID=3118) to work on /Users/swarnalidatta/Desktop/AutoQueryChatbot/.airflow-venv/lib/python3.12/site-packages/airflow/example_dags/example_dag_decorator.py
[2026-09-18T21:01:15.914+0200] {processor.py:914} INFO - Processing file /Users/swarnalidatta/Desktop/AutoQueryChatbot/.airflow-venv/lib/python3.12/site-packages/airflow/example_dags/example_dag_decorator.py for tasks to queue
[2026-09-18T21:01:15.915+0200] {logging_mixin.py:190} INFO - [2026-09-18T21:01:15.915+0200] {dagbag.py:588} INFO - Filling up the DagBag from /Users/swarnalidatta/Desktop/AutoQueryChatbot/.airflow-venv/lib/python3.12/site-packages/airflow/example_dags/example_dag_decorator.py
[2026-09-18T21:01:15.982+0200] {processor.py:925} INFO - DAG(s) 'example_dag_decorator' retrieved from /Users/swarnalidatta/Desktop/AutoQueryChatbot/.airflow-venv/lib/python3.12/site-packages/airflow/example_dags/example_dag_decorator.py
[2026-09-18T21:01:16.040+0200] {logging_mixin.py:190} INFO - [2026-09-18T21:01:16.040+0200] {dag.py:3239} INFO - Sync 1 DAGs
[2026-09-18T21:01:16.043+0200] {logging_mixin.py:190} INFO - [2026-09-18T21:01:16.043+0200] {dag.py:4180} INFO - Setting next_dagrun for example_dag_decorator to None, run_after=None
[2026-09-18T21:01:16.048+0200] {processor.py:208} INFO - Processing /Users/swarnalidatta/Desktop/AutoQueryChatbot/.airflow-venv/lib/python3.12/site-packages/airflow/example_dags/example_dag_decorator.py took 0.136 seconds
[2026-09-18T23:48:36.329+0200] {processor.py:186} INFO - Started process (PID=3389) to work on /Users/swarnalidatta/Desktop/AutoQueryChatbot/.airflow-venv/lib/python3.12/site-packages/airflow/example_dags/example_dag_decorator.py
[2026-09-18T23:48:36.330+0200] {processor.py:914} INFO - Processing file /Users/swarnalidatta/Desktop/AutoQueryChatbot/.airflow-venv/lib/python3.12/site-packages/airflow/example_dags/example_dag_decorator.py for tasks to queue
[2026-09-18T23:48:36.330+0200] {logging_mixin.py:190} INFO - [2026-09-18T23:48:36.330+0200] {dagbag.py:588} INFO - Filling up the DagBag from /Users/swarnalidatta/Desktop/AutoQueryChatbot/.airflow-venv/lib/python3.12/site-packages/airflow/example_dags/example_dag_decorator.py
[2026-09-18T23:48:36.398+0200] {processor.py:925} INFO - DAG(s) 'example_dag_decorator' retrieved from /Users/swarnalidatta/Desktop/AutoQueryChatbot/.airflow-venv/lib/python3.12/site-packages/airflow/example_dags/example_dag_decorator.py
[2026-09-18T23:48:36.457+0200] {logging_mixin.py:190} INFO - [2026-09-18T23:48:36.457+0200] {dag.py:3239} INFO - Sync 1 DAGs
[2026-09-18T23:48:36.460+0200] {logging_mixin.py:190} INFO - [2026-09-18T23:48:36.459+0200] {dag.py:4180} INFO - Setting next_dagrun for example_dag_decorator to None, run_after=None
[2026-09-18T23:48:36.464+0200] {processor.py:208} INFO - Processing /Users/swarnalidatta/Desktop/AutoQueryChatbot/.airflow-venv/lib/python3.12/site-packages/airflow/example_dags/example_dag_decorator.py took 0.136 seconds
