[2026-09-18T04:41:37.580+0200] {processor.py:186} INFO - Started process (PID=1812) to work on /Users/swarnalidatta/Desktop/AutoQueryChatbot/.airflow-venv/lib/python3.12/site-packages/airflow/example_dags/example_python_operator.py
[2026-09-18T04:41:37.580+0200] {processor.py:914} INFO - Processing file /Users/swarnalidatta/Desktop/AutoQueryChatbot/.airflow-venv/lib/python3.12/site-packages/airflow/example_dags/example_python_operator.py for tasks to queue
[2026-09-18T04:41:37.580+0200] {logging_mixin.py:190} INFO - [2026-09-18T04:41:37.580+0200] {dagbag.py:588} INFO - Filling up the DagBag from /Users/swarnalidatta/Desktop/AutoQueryChatbot/.airflow-venv/lib/python3.12/site-packages/airflow/example_dags/example_python_operator.py
[2026-09-18T04:41:37.588+0200] {logging_mixin.py:190} INFO - [2026-09-18T04:41:37.588+0200] {example_python_operator.py:93} WARNING - The virtalenv_python example task requires virtualenv, please install it.
[2026-09-18T04:41:37.589+0200] {processor.py:925} INFO - DAG(s) 'example_python_operator' retrieved from /Users/swarnalidatta/Desktop/AutoQueryChatbot/.airflow-venv/lib/python3.12/site-packages/airflow/example_dags/example_python_operator.py
[2026-09-18T04:41:37.614+0200] {logging_mixin.py:190} INFO - [2026-09-18T04:41:37.614+0200] {dag.py:3239} INFO - Sync 1 DAGs
[2026-09-18T04:41:37.637+0200] {logging_mixin.py:190} INFO - [2026-09-18T04:41:37.637+0200] {dag.py:4180} INFO - Setting next_dagrun for example_python_operator to None, run_after=None
[2026-09-18T04:41:37.642+0200] {processor.py:208} INFO - Processing /Users/swarnalidatta/Desktop/AutoQueryChatbot/.airflow-venv/lib/python3.12/site-packages/airflow/example_dags/example_python_operator.py took 0.063 seconds
[2026-09-18T09:02:15.262+0200] {processor.py:186} INFO - Started process (PID=2148) to work on /Users/swarnalidatta/Desktop/AutoQueryChatbot/.airflow-venv/lib/python3.12/site-packages/airflow/example_dags/example_python_operator.py
[2026-09-18T09:02:15.263+0200] {processor.py:914} INFO - Processing file /Users/swarnalidatta/Desktop/AutoQueryChatbot/.airflow-venv/lib/python3.12/site-packages/airflow/example_dags/example_python_operator.py for tasks to queue
[2026-09-18T09:02:15.263+0200] {logging_mixin.py:190} INFO - [2026-09-18T09:02:15.263+0200] {dagbag.py:588} INFO - Filling up the DagBag from /Users/swarnalidatta/Desktop/AutoQueryChatbot/.airflow-venv/lib/python3.12/site-packages/airflow/example_dags/example_python_operator.py
[2026-09-18T09:02:15.271+0200] {logging_mixin.py:190} INFO - [2026-09-18T09:02:15.271+0200] {example_python_operator.py:93} WARNING - The virtalenv_python example task requires virtualenv, please install it.
[2026-09-18T09:02:15.272+0200] {processor.py:925} INFO - DAG(s) 'example_python_operator' retrieved from /Users/swarnalidatta/Desktop/AutoQueryChatbot/.airflow-venv/lib/python3.12/site-packages/airflow/example_dags/example_python_operator.py
[2026-09-18T09:02:15.297+0200] {logging_mixin.py:190} INFO - [2026-09-18T09:02:15.296+0200] {dag.py:3239} INFO - Sync 1 DAGs
[2026-09-18T09:02:15.320+0200] {logging_mixin.py:190} INFO - [2026-09-18T09:02:15.320+0200] {dag.py:4180} INFO - Setting next_dagrun for example_python_operator to None, run_after=None
[2026-09-18T09:02:15.325+0200] {processor.py:208} INFO - Processing /Users/swarnalidatta/Desktop/AutoQueryChatbot/.airflow-venv/lib/python3.12/site-packages/airflow/example_dags/example_python_operator.py took 0.064 seconds
[2026-09-18T12:56:53.544+0200] {processor.py:186} INFO - Started process (PID=2435) to work on /Users/swarnalidatta/Desktop/AutoQueryChatbot/.airflow-venv/lib/python3.12/site-packages/airflow/example_dags/example_python_operator.py
[2026-09-18T12:56:53.544+0200] {processor.py:914} INFO - Processing file /Users/swarnalidatta/Desktop/AutoQueryChatbot/.airflow-venv/lib/python3.12/site-packages/airflow/example_dags/example_python_operator.py for tasks to queue
[2026-09-18T12:56:53.544+0200] {logging_mixin.py:190} INFO - [2026-09-18T12:56:53.544+0200] {dagbag.py:588} INFO - Filling up the DagBag from /Users/swarnalidatta/Desktop/AutoQueryChatbot/.airflow-venv/lib/python3.12/site-packages/airflow/example_dags/example_python_operator.py
[2026-09-18T12:56:53.552+0200] {logging_mixin.py:190} INFO - [2026-09-18T12:56:53.552+0200] {example_python_operator.py:93} WARNING - The virtalenv_python example task requires virtualenv, please install it.
[2026-09-18T12:56:53.553+0200] {processor.py:925} INFO - DAG(s) 'example_python_operator' retrieved from /Users/swarnalidatta/Desktop/AutoQueryChatbot/.airflow-venv/lib/python3.12/site-packages/airflow/example_dags/example_python_operator.py
[2026-09-18T12:56:53.578+0200] {logging_mixin.py:190} INFO - [2026-09-18T12:56:53.578+0200] {dag.py:3239} INFO - Sync 1 DAGs
[2026-09-18T12:56:53.600+0200] {logging_mixin.py:190} INFO - [2026-09-18T12:56:53.600+0200] {dag.py:4180} INFO - Setting next_dagrun for example_python_operator to None, run_after=None
[2026-09-18T12:56:53.605+0200] {processor.py:208} INFO - Processing /Users/swarnalidatta/Desktop/AutoQueryChatbot/.airflow-venv/lib/python3.12/site-packages/airflow/example_dags/example_python_operator.py took 0.063 seconds
[2026-09-18T16:26:01.588+0200] {processor.py:186} INFO - Started process (PID=2716) to work on /Users/swarnalidatta/Desktop/AutoQueryChatbot/.airflow-venv/lib/python3.12/site-packages/airflow/example_dags/example_python_operator.py
[2026-09-18T16:26:01.589+0200] {processor.py:914} INFO - Processing file /Users/swarnalidatta/Desktop/AutoQueryChatbot/.airflow-venv/lib/python3.12/site-packages/airflow/example_dags/example_python_operator.py for tasks to queue
[2026-09-18T16:26:01.590+0200] {logging_mixin.py:190} INFO - [2026-09-18T16:26:01.590+0200] {dagbag.py:588} INFO - Filling up the DagBag from /Users/swarnalidatta/Desktop/AutoQueryChatbot/.airflow-venv/lib/python3.12/site-packages/airflow/example_dags/example_python_operator.py
[2026-09-18T16:26:01.597+0200] {logging_mixin.py:190} INFO - [2026-09-18T16:26:01.597+0200] {example_python_operator.py:93} WARNING - The virtalenv_python example task requires virtualenv, please install it.
[2026-09-18T16:26:01.599+0200] {processor.py:925} INFO - DAG(s) 'example_python_operator' retrieved from /Users/swarnalidatta/Desktop/AutoQueryChatbot/.airflow-venv/lib/python3.12/site-packages/airflow/example_dags/example_python_operator.py
[2026-09-18T16:26:01.623+0200] {logging_mixin.py:190} INFO - [2026-09-18T16:26:01.623+0200] {dag.py:3239} INFO - Sync 1 DAGs
[2026-09-18T16:26:01.646+0200] {logging_mixin.py:190} INFO - [2026-09-18T16:26:01.646+0200] {dag.py:4180} INFO - Setting next_dagrun for example_python_operator to None, run_after=None
[2026-09-18T16:26:01.651+0200] {processor.py:208} INFO - Processing /Users/swarnalidatta/Desktop/AutoQueryChatbot/.airflow-venv/lib/python3.12/site-packages/airflow/example_dags/example_python_operator.py took 0.064 seconds
[2026-09-18T20:29:40.293+0200] {processor.py:186} INFO - Started process (PID=3012) to work on /Users/swarnalidatta/Desktop/AutoQueryChatbot/.airflow-venv/lib/python3.12/site-packages/airflow/example_dags/example_python_operator.py
[2026-09-18T20:29:40.293+0200] {processor.py:914} INFO - Processing file /Users/swarnalidatta/Desktop/AutoQueryChatbot/.airflow-venv/lib/python3.12/site-packages/airflow/example_dags/example_python_operator.py for tasks to queue
[2026-09-18T20:29:40.294+0200] {logging_mixin.py:190} INFO - [2026-09-18T20:29:40.294+0200] {dagbag.py:588} INFO - Filling up the DagBag from /Users/swarnalidatta/Desktop/AutoQueryChatbot/.airflow-venv/lib/python3.12/site-packages/airflow/example_dags/example_python_operator.py
[2026-09-18T20:29:40.301+0200] {logging_mixin.py:190} INFO - [2026-09-18T20:29:40.301+0200] {example_python_operator.py:93} WARNING - The virtalenv_python example task requires virtualenv, please install it.
[2026-09-18T20:29:40.303+0200] {processor.py:925} INFO - DAG(s) 'example_python_operator' retrieved from /Users/swarnalidatta/Desktop/AutoQueryChatbot/.airflow-venv/lib/python3.12/site-packages/airflow/example_dags/example_python_operator.py
[2026-09-18T20:29:40.328+0200] {logging_mixin.py:190} INFO - [2026-09-18T20:29:40.328+0200] {dag.py:3239} INFO - Sync 1 DAGs
[2026-09-18T20:29:40.352+0200] {logging_mixin.py:190} INFO - [2026-09-18T20:29:40.352+0200] {dag.py:4180} INFO - Setting next_dagrun for example_python_operator to None, run_after=None
[2026-09-18T20:29:40.357+0200] {processor.py:208} INFO - Processing /Users/swarnalidatta/Desktop/AutoQueryChatbot/.airflow-venv/lib/python3.12/site-packages/airflow/example_dags/example_python_operator.py took 0.065 seconds
[2026-09-18T22:47:08.219+0200] {processor.py:186} INFO - Started process (PID=3300) to work on /Users/swarnalidatta/Desktop/AutoQueryChatbot/.airflow-venv/lib/python3.12/site-packages/airflow/example_dags/example_python_operator.py
[2026-09-18T22:47:08.220+0200] {processor.py:914} INFO - Processing file /Users/swarnalidatta/Desktop/AutoQueryChatbot/.airflow-venv/lib/python3.12/site-packages/airflow/example_dags/example_python_operator.py for tasks to queue
[2026-09-18T22:47:08.221+0200] {logging_mixin.py:190} INFO - [2026-09-18T22:47:08.221+0200] {dagbag.py:588} INFO - Filling up the DagBag from /Users/swarnalidatta/Desktop/AutoQueryChatbot/.airflow-venv/lib/python3.12/site-packages/airflow/example_dags/example_python_operator.py
[2026-09-18T22:47:08.229+0200] {logging_mixin.py:190} INFO - [2026-09-18T22:47:08.229+0200] {example_python_operator.py:93} WARNING - The virtalenv_python example task requires virtualenv, please install it.
[2026-09-18T22:47:08.230+0200] {processor.py:925} INFO - DAG(s) 'example_python_operator' retrieved from /Users/swarnalidatta/Desktop/AutoQueryChatbot/.airflow-venv/lib/python3.12/site-packages/airflow/example_dags/example_python_operator.py
[2026-09-18T22:47:08.255+0200] {logging_mixin.py:190} INFO - [2026-09-18T22:47:08.255+0200] {dag.py:3239} INFO - Sync 1 DAGs
[2026-09-18T22:47:08.281+0200] {logging_mixin.py:190} INFO - [2026-09-18T22:47:08.280+0200] {dag.py:4180} INFO - Setting next_dagrun for example_python_operator to None, run_after=None
[2026-09-18T22:47:08.285+0200] {processor.py:208} INFO - Processing /Users/swarnalidatta/Desktop/AutoQueryChatbot/.airflow-venv/lib/python3.12/site-packages/airflow/example_dags/example_python_operator.py took 0.067 seconds
