[2026-09-18T02:11:25.055+0200] {processor.py:186} INFO - Started process (PID=1629) to work on /Users/swarnalidatta/Desktop/AutoQueryChatbot/.airflow-venv/lib/python3.12/site-packages/airflow/example_dags/example_branch_datetime_operator.py
[2026-09-18T02:11:25.055+0200] {processor.py:914} INFO - Processing file /Users/swarnalidatta/Desktop/AutoQueryChatbot/.airflow-venv/lib/python3.12/site-packages/airflow/example_dags/example_branch_datetime_operator.py for tasks to queue
[2026-09-18T02:11:25.056+0200] {logging_mixin.py:190} INFO - [2026-09-18T02:11:25.056+0200] {dagbag.py:588} INFO - Filling up the DagBag from /Users/swarnalidatta/Desktop/AutoQueryChatbot/.airflow-venv/lib/python3.12/site-packages/airflow/example_dags/example_branch_datetime_operator.py
[2026-09-18T02:11:25.059+0200] {processor.py:925} INFO - DAG(s) 'example_branch_datetime_operator_3', 'example_branch_datetime_operator', 'example_branch_datetime_operator_2' retrieved from /Users/swarnalidatta/Desktop/AutoQueryChatbot/.airflow-venv/lib/python3.12/site-packages/airflow/example_dags/example_branch_datetime_operator.py
[2026-09-18T02:11:25.086+0200] {logging_mixin.py:190} INFO - [2026-09-18T02:11:25.086+0200] {dag.py:3239} INFO - Sync 3 DAGs
[2026-09-18T02:11:25.091+0200] {logging_mixin.py:190} INFO - [2026-09-18T02:11:25.091+0200] {dag.py:4180} INFO - Setting next_dagrun for example_branch_datetime_operator to 2026-09-17 00:00:00+00:00, run_after=2026-09-18 00:00:00+00:00
[2026-09-18T02:11:25.092+0200] {logging_mixin.py:190} INFO - [2026-09-18T02:11:25.092+0200] {dag.py:4180} INFO - Setting next_dagrun for example_branch_datetime_operator_2 to 2026-09-17 00:00:00+00:00, run_after=2026-09-18 00:00:00+00:00
[2026-09-18T02:11:25.093+0200] {logging_mixin.py:190} INFO - [2026-09-18T02:11:25.093+0200] {dag.py:4180} INFO - Setting next_dagrun for example_branch_datetime_operator_3 to 2026-09-17 00:00:00+00:00, run_after=2026-09-18 00:00:00+00:00
[2026-09-18T02:11:25.118+0200] {processor.py:208} INFO - Processing /Users/swarnalidatta/Desktop/AutoQueryChatbot/.airflow-venv/lib/python3.12/site-packages/airflow/example_dags/example_branch_datetime_operator.py took 0.064 seconds
[2026-09-18T10:55:24.373+0200] {processor.py:186} INFO - Started process (PID=2275) to work on /Users/swarnalidatta/Desktop/AutoQueryChatbot/.airflow-venv/lib/python3.12/site-packages/airflow/example_dags/example_branch_datetime_operator.py
[2026-09-18T10:55:24.374+0200] {processor.py:914} INFO - Processing file /Users/swarnalidatta/Desktop/AutoQueryChatbot/.airflow-venv/lib/python3.12/site-packages/airflow/example_dags/example_branch_datetime_operator.py for tasks to queue
[2026-09-18T10:55:24.374+0200] {logging_mixin.py:190} INFO - [2026-09-18T10:55:24.374+0200] {dagbag.py:588} INFO - Filling up the DagBag from /Users/swarnalidatta/Desktop/AutoQueryChatbot/.airflow-venv/lib/python3.12/site-packages/airflow/example_dags/example_branch_datetime_operator.py
[2026-09-18T10:55:24.378+0200] {processor.py:925} INFO - DAG(s) 'example_branch_datetime_operator_3', 'example_branch_datetime_operator', 'example_branch_datetime_operator_2' retrieved from /Users/swarnalidatta/Desktop/AutoQueryChatbot/.airflow-venv/lib/python3.12/site-packages/airflow/example_dags/example_branch_datetime_operator.py
[2026-09-18T10:55:24.405+0200] {logging_mixin.py:190} INFO - [2026-09-18T10:55:24.405+0200] {dag.py:3239} INFO - Sync 3 DAGs
[2026-09-18T10:55:24.410+0200] {logging_mixin.py:190} INFO - [2026-09-18T10:55:24.409+0200] {dag.py:4180} INFO - Setting next_dagrun for example_branch_datetime_operator to 2026-09-17 00:00:00+00:00, run_after=2026-09-18 00:00:00+00:00
[2026-09-18T10:55:24.411+0200] {logging_mixin.py:190} INFO - [2026-09-18T10:55:24.410+0200] {dag.py:4180} INFO - Setting next_dagrun for example_branch_datetime_operator_2 to 2026-09-17 00:00:00+00:00, run_after=2026-09-18 00:00:00+00:00
[2026-09-18T10:55:24.411+0200] {logging_mixin.py:190} INFO - [2026-09-18T10:55:24.411+0200] {dag.py:4180} INFO - Setting next_dagrun for example_branch_datetime_operator_3 to 2026-09-17 00:00:00+00:00, run_after=2026-09-18 00:00:00+00:00
[2026-09-18T10:55:24.435+0200] {processor.py:208} INFO - Processing /Users/swarnalidatta/Desktop/AutoQueryChatbot/.airflow-venv/lib/python3.12/site-packages/airflow/example_dags/example_branch_datetime_operator.py took 0.063 seconds
[2026-09-18T14:56:12.222+0200] {processor.py:186} INFO - Started process (PID=2569) to work on /Users/swarnalidatta/Desktop/AutoQueryChatbot/.airflow-venv/lib/python3.12/site-packages/airflow/example_dags/example_branch_datetime_operator.py
[2026-09-18T14:56:12.222+0200] {processor.py:914} INFO - Processing file /Users/swarnalidatta/Desktop/AutoQueryChatbot/.airflow-venv/lib/python3.12/site-packages/airflow/example_dags/example_branch_datetime_operator.py for tasks to queue
[2026-09-18T14:56:12.223+0200] {logging_mixin.py:190} INFO - [2026-09-18T14:56:12.223+0200] {dagbag.py:588} INFO - Filling up the DagBag from /Users/swarnalidatta/Desktop/AutoQueryChatbot/.airflow-venv/lib/python3.12/site-packages/airflow/example_dags/example_branch_datetime_operator.py
[2026-09-18T14:56:12.226+0200] {processor.py:925} INFO - DAG(s) 'example_branch_datetime_operator', 'example_branch_datetime_operator_2', 'example_branch_datetime_operator_3' retrieved from /Users/swarnalidatta/Desktop/AutoQueryChatbot/.airflow-venv/lib/python3.12/site-packages/airflow/example_dags/example_branch_datetime_operator.py
[2026-09-18T14:56:12.253+0200] {logging_mixin.py:190} INFO - [2026-09-18T14:56:12.253+0200] {dag.py:3239} INFO - Sync 3 DAGs
[2026-09-18T14:56:12.258+0200] {logging_mixin.py:190} INFO - [2026-09-18T14:56:12.258+0200] {dag.py:4180} INFO - Setting next_dagrun for example_branch_datetime_operator to 2026-09-17 00:00:00+00:00, run_after=2026-09-18 00:00:00+00:00
[2026-09-18T14:56:12.259+0200] {logging_mixin.py:190} INFO - [2026-09-18T14:56:12.259+0200] {dag.py:4180} INFO - Setting next_dagrun for example_branch_datetime_operator_2 to 2026-09-17 00:00:00+00:00, run_after=2026-09-18 00:00:00+00:00
[2026-09-18T14:56:12.260+0200] {logging_mixin.py:190} INFO - [2026-09-18T14:56:12.260+0200] {dag.py:4180} INFO - Setting next_dagrun for example_branch_datetime_operator_3 to 2026-09-17 00:00:00+00:00, run_after=2026-09-18 00:00:00+00:00
[2026-09-18T14:56:12.284+0200] {processor.py:208} INFO - Processing /Users/swarnalidatta/Desktop/AutoQueryChatbot/.airflow-venv/lib/python3.12/site-packages/airflow/example_dags/example_branch_datetime_operator.py took 0.064 seconds
[2026-09-18T21:14:17.632+0200] {processor.py:186} INFO - Started process (PID=3145) to work on /Users/swarnalidatta/Desktop/AutoQueryChatbot/.airflow-venv/lib/python3.12/site-packages/airflow/example_dags/example_branch_datetime_operator.py
[2026-09-18T21:14:17.633+0200] {processor.py:914} INFO - Processing file /Users/swarnalidatta/Desktop/AutoQueryChatbot/.airflow-venv/lib/python3.12/site-packages/airflow/example_dags/example_branch_datetime_operator.py for tasks to queue
[2026-09-18T21:14:17.633+0200] {logging_mixin.py:190} INFO - [2026-09-18T21:14:17.633+0200] {dagbag.py:588} INFO - Filling up the DagBag from /Users/swarnalidatta/Desktop/AutoQueryChatbot/.airflow-venv/lib/python3.12/site-packages/airflow/example_dags/example_branch_datetime_operator.py
[2026-09-18T21:14:17.637+0200] {processor.py:925} INFO - DAG(s) 'example_branch_datetime_operator_3', 'example_branch_datetime_operator_2', 'example_branch_datetime_operator' retrieved from /Users/swarnalidatta/Desktop/AutoQueryChatbot/.airflow-venv/lib/python3.12/site-packages/airflow/example_dags/example_branch_datetime_operator.py
[2026-09-18T21:14:17.664+0200] {logging_mixin.py:190} INFO - [2026-09-18T21:14:17.664+0200] {dag.py:3239} INFO - Sync 3 DAGs
[2026-09-18T21:14:17.669+0200] {logging_mixin.py:190} INFO - [2026-09-18T21:14:17.669+0200] {dag.py:4180} INFO - Setting next_dagrun for example_branch_datetime_operator to 2026-09-17 00:00:00+00:00, run_after=2026-09-18 00:00:00+00:00
[2026-09-18T21:14:17.670+0200] {logging_mixin.py:190} INFO - [2026-09-18T21:14:17.670+0200] {dag.py:4180} INFO - Setting next_dagrun for example_branch_datetime_operator_2 to 2026-09-17 00:00:00+00:00, run_after=2026-09-18 00:00:00+00:00
[2026-09-18T21:14:17.670+0200] {logging_mixin.py:190} INFO - [2026-09-18T21:14:17.670+0200] {dag.py:4180} INFO - Setting next_dagrun for example_branch_datetime_operator_3 to 2026-09-17 00:00:00+00:00, run_after=2026-09-18 00:00:00+00:00
[2026-09-18T21:14:17.694+0200] {processor.py:208} INFO - Processing /Users/swarnalidatta/Desktop/AutoQueryChatbot/.airflow-venv/lib/python3.12/site-packages/airflow/example_dags/example_branch_datetime_operator.py took 0.063 seconds
