[2026-09-18T04:23:54.077+0200] {processor.py:186} INFO - Started process (PID=1802) to work on /Users/swarnalidatta/Desktop/AutoQueryChatbot/.airflow-venv/lib/python3.12/site-packages/airflow/example_dags/example_sensors.py
[2026-09-18T04:23:54.077+0200] {processor.py:914} INFO - Processing file /Users/swarnalidatta/Desktop/AutoQueryChatbot/.airflow-venv/lib/python3.12/site-packages/airflow/example_dags/example_sensors.py for tasks to queue
[2026-09-18T04:23:54.077+0200] {logging_mixin.py:190} INFO - [2026-09-18T04:23:54.077+0200] {dagbag.py:588} INFO - Filling up the DagBag from /Users/swarnalidatta/Desktop/AutoQueryChatbot/.airflow-venv/lib/python3.12/site-packages/airflow/example_dags/example_sensors.py
[2026-09-18T04:23:54.081+0200] {processor.py:925} INFO - DAG(s) 'example_sensors' retrieved from /Users/swarnalidatta/Desktop/AutoQueryChatbot/.airflow-venv/lib/python3.12/site-packages/airflow/example_dags/example_sensors.py
[2026-09-18T04:23:54.272+0200] {logging_mixin.py:190} INFO - [2026-09-18T04:23:54.272+0200] {dag.py:3239} INFO - Sync 1 DAGs
[2026-09-18T04:23:54.276+0200] {logging_mixin.py:190} INFO - [2026-09-18T04:23:54.276+0200] {dag.py:4180} INFO - Setting next_dagrun for example_sensors to None, run_after=None
[2026-09-18T04:23:54.280+0200] {processor.py:208} INFO - Processing /Users/swarnalidatta/Desktop/AutoQueryChatbot/.airflow-venv/lib/python3.12/site-packages/airflow/example_dags/example_sensors.py took 0.205 seconds
[2026-09-18T08:54:07.578+0200] {processor.py:186} INFO - Started process (PID=2135) to work on /Users/swarnalidatta/Desktop/AutoQueryChatbot/.airflow-venv/lib/python3.12/site-packages/airflow/example_dags/example_sensors.py
[2026-09-18T08:54:07.578+0200] {processor.py:914} INFO - Processing file /Users/swarnalidatta/Desktop/AutoQueryChatbot/.airflow-venv/lib/python3.12/site-packages/airflow/example_dags/example_sensors.py for tasks to queue
[2026-09-18T08:54:07.579+0200] {logging_mixin.py:190} INFO - [2026-09-18T08:54:07.579+0200] {dagbag.py:588} INFO - Filling up the DagBag from /Users/swarnalidatta/Desktop/AutoQueryChatbot/.airflow-venv/lib/python3.12/site-packages/airflow/example_dags/example_sensors.py
[2026-09-18T08:54:07.583+0200] {processor.py:925} INFO - DAG(s) 'example_sensors' retrieved from /Users/swarnalidatta/Desktop/AutoQueryChatbot/.airflow-venv/lib/python3.12/site-packages/airflow/example_dags/example_sensors.py
[2026-09-18T08:54:07.780+0200] {logging_mixin.py:190} INFO - [2026-09-18T08:54:07.780+0200] {dag.py:3239} INFO - Sync 1 DAGs
[2026-09-18T08:54:07.783+0200] {logging_mixin.py:190} INFO - [2026-09-18T08:54:07.783+0200] {dag.py:4180} INFO - Setting next_dagrun for example_sensors to None, run_after=None
[2026-09-18T08:54:07.788+0200] {processor.py:208} INFO - Processing /Users/swarnalidatta/Desktop/AutoQueryChatbot/.airflow-venv/lib/python3.12/site-packages/airflow/example_dags/example_sensors.py took 0.211 seconds
[2026-09-18T12:41:16.810+0200] {processor.py:186} INFO - Started process (PID=2425) to work on /Users/swarnalidatta/Desktop/AutoQueryChatbot/.airflow-venv/lib/python3.12/site-packages/airflow/example_dags/example_sensors.py
[2026-09-18T12:41:16.811+0200] {processor.py:914} INFO - Processing file /Users/swarnalidatta/Desktop/AutoQueryChatbot/.airflow-venv/lib/python3.12/site-packages/airflow/example_dags/example_sensors.py for tasks to queue
[2026-09-18T12:41:16.811+0200] {logging_mixin.py:190} INFO - [2026-09-18T12:41:16.811+0200] {dagbag.py:588} INFO - Filling up the DagBag from /Users/swarnalidatta/Desktop/AutoQueryChatbot/.airflow-venv/lib/python3.12/site-packages/airflow/example_dags/example_sensors.py
[2026-09-18T12:41:16.815+0200] {processor.py:925} INFO - DAG(s) 'example_sensors' retrieved from /Users/swarnalidatta/Desktop/AutoQueryChatbot/.airflow-venv/lib/python3.12/site-packages/airflow/example_dags/example_sensors.py
[2026-09-18T12:41:17.006+0200] {logging_mixin.py:190} INFO - [2026-09-18T12:41:17.005+0200] {dag.py:3239} INFO - Sync 1 DAGs
[2026-09-18T12:41:17.009+0200] {logging_mixin.py:190} INFO - [2026-09-18T12:41:17.009+0200] {dag.py:4180} INFO - Setting next_dagrun for example_sensors to None, run_after=None
[2026-09-18T12:41:17.013+0200] {processor.py:208} INFO - Processing /Users/swarnalidatta/Desktop/AutoQueryChatbot/.airflow-venv/lib/python3.12/site-packages/airflow/example_dags/example_sensors.py took 0.204 seconds
[2026-09-18T16:25:57.823+0200] {processor.py:186} INFO - Started process (PID=2707) to work on /Users/swarnalidatta/Desktop/AutoQueryChatbot/.airflow-venv/lib/python3.12/site-packages/airflow/example_dags/example_sensors.py
[2026-09-18T16:25:57.824+0200] {processor.py:914} INFO - Processing file /Users/swarnalidatta/Desktop/AutoQueryChatbot/.airflow-venv/lib/python3.12/site-packages/airflow/example_dags/example_sensors.py for tasks to queue
[2026-09-18T16:25:57.824+0200] {logging_mixin.py:190} INFO - [2026-09-18T16:25:57.824+0200] {dagbag.py:588} INFO - Filling up the DagBag from /Users/swarnalidatta/Desktop/AutoQueryChatbot/.airflow-venv/lib/python3.12/site-packages/airflow/example_dags/example_sensors.py
[2026-09-18T16:25:57.828+0200] {processor.py:925} INFO - DAG(s) 'example_sensors' retrieved from /Users/swarnalidatta/Desktop/AutoQueryChatbot/.airflow-venv/lib/python3.12/site-packages/airflow/example_dags/example_sensors.py
[2026-09-18T16:25:58.020+0200] {logging_mixin.py:190} INFO - [2026-09-18T16:25:58.019+0200] {dag.py:3239} INFO - Sync 1 DAGs
[2026-09-18T16:25:58.023+0200] {logging_mixin.py:190} INFO - [2026-09-18T16:25:58.023+0200] {dag.py:4180} INFO - Setting next_dagrun for example_sensors to None, run_after=None
[2026-09-18T16:25:58.027+0200] {processor.py:208} INFO - Processing /Users/swarnalidatta/Desktop/AutoQueryChatbot/.airflow-venv/lib/python3.12/site-packages/airflow/example_dags/example_sensors.py took 0.206 seconds
[2026-09-18T20:13:17.732+0200] {processor.py:186} INFO - Started process (PID=3003) to work on /Users/swarnalidatta/Desktop/AutoQueryChatbot/.airflow-venv/lib/python3.12/site-packages/airflow/example_dags/example_sensors.py
[2026-09-18T20:13:17.733+0200] {processor.py:914} INFO - Processing file /Users/swarnalidatta/Desktop/AutoQueryChatbot/.airflow-venv/lib/python3.12/site-packages/airflow/example_dags/example_sensors.py for tasks to queue
[2026-09-18T20:13:17.733+0200] {logging_mixin.py:190} INFO - [2026-09-18T20:13:17.733+0200] {dagbag.py:588} INFO - Filling up the DagBag from /Users/swarnalidatta/Desktop/AutoQueryChatbot/.airflow-venv/lib/python3.12/site-packages/airflow/example_dags/example_sensors.py
[2026-09-18T20:13:17.737+0200] {processor.py:925} INFO - DAG(s) 'example_sensors' retrieved from /Users/swarnalidatta/Desktop/AutoQueryChatbot/.airflow-venv/lib/python3.12/site-packages/airflow/example_dags/example_sensors.py
[2026-09-18T20:13:17.929+0200] {logging_mixin.py:190} INFO - [2026-09-18T20:13:17.929+0200] {dag.py:3239} INFO - Sync 1 DAGs
[2026-09-18T20:13:17.933+0200] {logging_mixin.py:190} INFO - [2026-09-18T20:13:17.932+0200] {dag.py:4180} INFO - Setting next_dagrun for example_sensors to None, run_after=None
[2026-09-18T20:13:17.937+0200] {processor.py:208} INFO - Processing /Users/swarnalidatta/Desktop/AutoQueryChatbot/.airflow-venv/lib/python3.12/site-packages/airflow/example_dags/example_sensors.py took 0.206 seconds
[2026-09-18T22:47:04.387+0200] {processor.py:186} INFO - Started process (PID=3283) to work on /Users/swarnalidatta/Desktop/AutoQueryChatbot/.airflow-venv/lib/python3.12/site-packages/airflow/example_dags/example_sensors.py
[2026-09-18T22:47:04.388+0200] {processor.py:914} INFO - Processing file /Users/swarnalidatta/Desktop/AutoQueryChatbot/.airflow-venv/lib/python3.12/site-packages/airflow/example_dags/example_sensors.py for tasks to queue
[2026-09-18T22:47:04.388+0200] {logging_mixin.py:190} INFO - [2026-09-18T22:47:04.388+0200] {dagbag.py:588} INFO - Filling up the DagBag from /Users/swarnalidatta/Desktop/AutoQueryChatbot/.airflow-venv/lib/python3.12/site-packages/airflow/example_dags/example_sensors.py
[2026-09-18T22:47:04.392+0200] {processor.py:925} INFO - DAG(s) 'example_sensors' retrieved from /Users/swarnalidatta/Desktop/AutoQueryChatbot/.airflow-venv/lib/python3.12/site-packages/airflow/example_dags/example_sensors.py
[2026-09-18T22:47:04.586+0200] {logging_mixin.py:190} INFO - [2026-09-18T22:47:04.586+0200] {dag.py:3239} INFO - Sync 1 DAGs
[2026-09-18T22:47:04.589+0200] {logging_mixin.py:190} INFO - [2026-09-18T22:47:04.589+0200] {dag.py:4180} INFO - Setting next_dagrun for example_sensors to None, run_after=None
[2026-09-18T22:47:04.594+0200] {processor.py:208} INFO - Processing /Users/swarnalidatta/Desktop/AutoQueryChatbot/.airflow-venv/lib/python3.12/site-packages/airflow/example_dags/example_sensors.py took 0.208 seconds
