[2026-09-18T02:11:28.537+0200] {processor.py:186} INFO - Started process (PID=1640) to work on /Users/swarnalidatta/Desktop/AutoQueryChatbot/.airflow-venv/lib/python3.12/site-packages/airflow/example_dags/example_bash_decorator.py
[2026-09-18T02:11:28.537+0200] {processor.py:914} INFO - Processing file /Users/swarnalidatta/Desktop/AutoQueryChatbot/.airflow-venv/lib/python3.12/site-packages/airflow/example_dags/example_bash_decorator.py for tasks to queue
[2026-09-18T02:11:28.537+0200] {logging_mixin.py:190} INFO - [2026-09-18T02:11:28.537+0200] {dagbag.py:588} INFO - Filling up the DagBag from /Users/swarnalidatta/Desktop/AutoQueryChatbot/.airflow-venv/lib/python3.12/site-packages/airflow/example_dags/example_bash_decorator.py
[2026-09-18T02:11:28.551+0200] {processor.py:925} INFO - DAG(s) 'example_bash_decorator' retrieved from /Users/swarnalidatta/Desktop/AutoQueryChatbot/.airflow-venv/lib/python3.12/site-packages/airflow/example_dags/example_bash_decorator.py
[2026-09-18T02:11:28.621+0200] {logging_mixin.py:190} INFO - [2026-09-18T02:11:28.620+0200] {dag.py:3239} INFO - Sync 1 DAGs
[2026-09-18T02:11:28.623+0200] {logging_mixin.py:190} INFO - [2026-09-18T02:11:28.623+0200] {dag.py:4180} INFO - Setting next_dagrun for example_bash_decorator to None, run_after=None
[2026-09-18T02:11:28.628+0200] {processor.py:208} INFO - Processing /Users/swarnalidatta/Desktop/AutoQueryChatbot/.airflow-venv/lib/python3.12/site-packages/airflow/example_dags/example_bash_decorator.py took 0.092 seconds
[2026-09-18T11:04:15.603+0200] {processor.py:186} INFO - Started process (PID=2288) to work on /Users/swarnalidatta/Desktop/AutoQueryChatbot/.airflow-venv/lib/python3.12/site-packages/airflow/example_dags/example_bash_decorator.py
[2026-09-18T11:04:15.603+0200] {processor.py:914} INFO - Processing file /Users/swarnalidatta/Desktop/AutoQueryChatbot/.airflow-venv/lib/python3.12/site-packages/airflow/example_dags/example_bash_decorator.py for tasks to queue
[2026-09-18T11:04:15.603+0200] {logging_mixin.py:190} INFO - [2026-09-18T11:04:15.603+0200] {dagbag.py:588} INFO - Filling up the DagBag from /Users/swarnalidatta/Desktop/AutoQueryChatbot/.airflow-venv/lib/python3.12/site-packages/airflow/example_dags/example_bash_decorator.py
[2026-09-18T11:04:15.617+0200] {processor.py:925} INFO - DAG(s) 'example_bash_decorator' retrieved from /Users/swarnalidatta/Desktop/AutoQueryChatbot/.airflow-venv/lib/python3.12/site-packages/airflow/example_dags/example_bash_decorator.py
[2026-09-18T11:04:15.687+0200] {logging_mixin.py:190} INFO - [2026-09-18T11:04:15.687+0200] {dag.py:3239} INFO - Sync 1 DAGs
[2026-09-18T11:04:15.690+0200] {logging_mixin.py:190} INFO - [2026-09-18T11:04:15.690+0200] {dag.py:4180} INFO - Setting next_dagrun for example_bash_decorator to None, run_after=None
[2026-09-18T11:04:15.695+0200] {processor.py:208} INFO - Processing /Users/swarnalidatta/Desktop/AutoQueryChatbot/.airflow-venv/lib/python3.12/site-packages/airflow/example_dags/example_bash_decorator.py took 0.093 seconds
[2026-09-18T18:11:19.734+0200] {processor.py:186} INFO - Started process (PID=2860) to work on /Users/swarnalidatta/Desktop/AutoQueryChatbot/.airflow-venv/lib/python3.12/site-packages/airflow/example_dags/example_bash_decorator.py
[2026-09-18T18:11:19.736+0200] {processor.py:914} INFO - Processing file /Users/swarnalidatta/Desktop/AutoQueryChatbot/.airflow-venv/lib/python3.12/site-packages/airflow/example_dags/example_bash_decorator.py for tasks to queue
[2026-09-18T18:11:19.736+0200] {logging_mixin.py:190} INFO - [2026-09-18T18:11:19.736+0200] {dagbag.py:588} INFO - Filling up the DagBag from /Users/swarnalidatta/Desktop/AutoQueryChatbot/.airflow-venv/lib/python3.12/site-packages/airflow/example_dags/example_bash_decorator.py
[2026-09-18T18:11:19.749+0200] {processor.py:925} INFO - DAG(s) 'example_bash_decorator' retrieved from /Users/swarnalidatta/Desktop/AutoQueryChatbot/.airflow-venv/lib/python3.12/site-packages/airflow/example_dags/example_bash_decorator.py
[2026-09-18T18:11:19.819+0200] {logging_mixin.py:190} INFO - [2026-09-18T18:11:19.819+0200] {dag.py:3239} INFO - Sync 1 DAGs
[2026-09-18T18:11:19.822+0200] {logging_mixin.py:190} INFO - [2026-09-18T18:11:19.822+0200] {dag.py:4180} INFO - Setting next_dagrun for example_bash_decorator to None, run_after=None
[2026-09-18T18:11:19.827+0200] {processor.py:208} INFO - Processing /Users/swarnalidatta/Desktop/AutoQueryChatbot/.airflow-venv/lib/python3.12/site-packages/airflow/example_dags/example_bash_decorator.py took 0.093 seconds
[2026-09-19T00:17:17.487+0200] {processor.py:186} INFO - Started process (PID=3437) to work on /Users/swarnalidatta/Desktop/AutoQueryChatbot/.airflow-venv/lib/python3.12/site-packages/airflow/example_dags/example_bash_decorator.py
[2026-09-19T00:17:17.488+0200] {processor.py:914} INFO - Processing file /Users/swarnalidatta/Desktop/AutoQueryChatbot/.airflow-venv/lib/python3.12/site-packages/airflow/example_dags/example_bash_decorator.py for tasks to queue
[2026-09-19T00:17:17.488+0200] {logging_mixin.py:190} INFO - [2026-09-19T00:17:17.488+0200] {dagbag.py:588} INFO - Filling up the DagBag from /Users/swarnalidatta/Desktop/AutoQueryChatbot/.airflow-venv/lib/python3.12/site-packages/airflow/example_dags/example_bash_decorator.py
[2026-09-19T00:17:17.502+0200] {processor.py:925} INFO - DAG(s) 'example_bash_decorator' retrieved from /Users/swarnalidatta/Desktop/AutoQueryChatbot/.airflow-venv/lib/python3.12/site-packages/airflow/example_dags/example_bash_decorator.py
[2026-09-19T00:17:17.583+0200] {logging_mixin.py:190} INFO - [2026-09-19T00:17:17.583+0200] {dag.py:3239} INFO - Sync 1 DAGs
[2026-09-19T00:17:17.586+0200] {logging_mixin.py:190} INFO - [2026-09-19T00:17:17.586+0200] {dag.py:4180} INFO - Setting next_dagrun for example_bash_decorator to None, run_after=None
[2026-09-19T00:17:17.590+0200] {processor.py:208} INFO - Processing /Users/swarnalidatta/Desktop/AutoQueryChatbot/.airflow-venv/lib/python3.12/site-packages/airflow/example_dags/example_bash_decorator.py took 0.104 seconds
