[2026-09-18T04:23:55.955+0200] {processor.py:186} INFO - Started process (PID=1809) to work on /Users/swarnalidatta/Desktop/AutoQueryChatbot/.airflow-venv/lib/python3.12/site-packages/airflow/example_dags/example_sensor_decorator.py
[2026-09-18T04:23:55.955+0200] {processor.py:914} INFO - Processing file /Users/swarnalidatta/Desktop/AutoQueryChatbot/.airflow-venv/lib/python3.12/site-packages/airflow/example_dags/example_sensor_decorator.py for tasks to queue
[2026-09-18T04:23:55.956+0200] {logging_mixin.py:190} INFO - [2026-09-18T04:23:55.955+0200] {dagbag.py:588} INFO - Filling up the DagBag from /Users/swarnalidatta/Desktop/AutoQueryChatbot/.airflow-venv/lib/python3.12/site-packages/airflow/example_dags/example_sensor_decorator.py
[2026-09-18T04:23:55.968+0200] {processor.py:925} INFO - DAG(s) 'example_sensor_decorator' retrieved from /Users/swarnalidatta/Desktop/AutoQueryChatbot/.airflow-venv/lib/python3.12/site-packages/airflow/example_dags/example_sensor_decorator.py
[2026-09-18T04:23:56.156+0200] {logging_mixin.py:190} INFO - [2026-09-18T04:23:56.156+0200] {dag.py:3239} INFO - Sync 1 DAGs
[2026-09-18T04:23:56.159+0200] {logging_mixin.py:190} INFO - [2026-09-18T04:23:56.159+0200] {dag.py:4180} INFO - Setting next_dagrun for example_sensor_decorator to None, run_after=None
[2026-09-18T04:23:56.164+0200] {processor.py:208} INFO - Processing /Users/swarnalidatta/Desktop/AutoQueryChatbot/.airflow-venv/lib/python3.12/site-packages/airflow/example_dags/example_sensor_decorator.py took 0.210 seconds
[2026-09-18T09:02:13.318+0200] {processor.py:186} INFO - Started process (PID=2138) to work on /Users/swarnalidatta/Desktop/AutoQueryChatbot/.airflow-venv/lib/python3.12/site-packages/airflow/example_dags/example_sensor_decorator.py
[2026-09-18T09:02:13.319+0200] {processor.py:914} INFO - Processing file /Users/swarnalidatta/Desktop/AutoQueryChatbot/.airflow-venv/lib/python3.12/site-packages/airflow/example_dags/example_sensor_decorator.py for tasks to queue
[2026-09-18T09:02:13.319+0200] {logging_mixin.py:190} INFO - [2026-09-18T09:02:13.319+0200] {dagbag.py:588} INFO - Filling up the DagBag from /Users/swarnalidatta/Desktop/AutoQueryChatbot/.airflow-venv/lib/python3.12/site-packages/airflow/example_dags/example_sensor_decorator.py
[2026-09-18T09:02:13.332+0200] {processor.py:925} INFO - DAG(s) 'example_sensor_decorator' retrieved from /Users/swarnalidatta/Desktop/AutoQueryChatbot/.airflow-venv/lib/python3.12/site-packages/airflow/example_dags/example_sensor_decorator.py
[2026-09-18T09:02:13.527+0200] {logging_mixin.py:190} INFO - [2026-09-18T09:02:13.527+0200] {dag.py:3239} INFO - Sync 1 DAGs
[2026-09-18T09:02:13.530+0200] {logging_mixin.py:190} INFO - [2026-09-18T09:02:13.530+0200] {dag.py:4180} INFO - Setting next_dagrun for example_sensor_decorator to None, run_after=None
[2026-09-18T09:02:13.535+0200] {processor.py:208} INFO - Processing /Users/swarnalidatta/Desktop/AutoQueryChatbot/.airflow-venv/lib/python3.12/site-packages/airflow/example_dags/example_sensor_decorator.py took 0.217 seconds
[2026-09-18T12:56:51.625+0200] {processor.py:186} INFO - Started process (PID=2429) to work on /Users/swarnalidatta/Desktop/AutoQueryChatbot/.airflow-venv/lib/python3.12/site-packages/airflow/example_dags/example_sensor_decorator.py
[2026-09-18T12:56:51.625+0200] {processor.py:914} INFO - Processing file /Users/swarnalidatta/Desktop/AutoQueryChatbot/.airflow-venv/lib/python3.12/site-packages/airflow/example_dags/example_sensor_decorator.py for tasks to queue
[2026-09-18T12:56:51.625+0200] {logging_mixin.py:190} INFO - [2026-09-18T12:56:51.625+0200] {dagbag.py:588} INFO - Filling up the DagBag from /Users/swarnalidatta/Desktop/AutoQueryChatbot/.airflow-venv/lib/python3.12/site-packages/airflow/example_dags/example_sensor_decorator.py
[2026-09-18T12:56:51.638+0200] {processor.py:925} INFO - DAG(s) 'example_sensor_decorator' retrieved from /Users/swarnalidatta/Desktop/AutoQueryChatbot/.airflow-venv/lib/python3.12/site-packages/airflow/example_dags/example_sensor_decorator.py
[2026-09-18T12:56:51.832+0200] {logging_mixin.py:190} INFO - [2026-09-18T12:56:51.832+0200] {dag.py:3239} INFO - Sync 1 DAGs
[2026-09-18T12:56:51.835+0200] {logging_mixin.py:190} INFO - [2026-09-18T12:56:51.835+0200] {dag.py:4180} INFO - Setting next_dagrun for example_sensor_decorator to None, run_after=None
[2026-09-18T12:56:51.840+0200] {processor.py:208} INFO - Processing /Users/swarnalidatta/Desktop/AutoQueryChatbot/.airflow-venv/lib/python3.12/site-packages/airflow/example_dags/example_sensor_decorator.py took 0.216 seconds
[2026-09-18T16:25:59.703+0200] {processor.py:186} INFO - Started process (PID=2709) to work on /Users/swarnalidatta/Desktop/AutoQueryChatbot/.airflow-venv/lib/python3.12/site-packages/airflow/example_dags/example_sensor_decorator.py
[2026-09-18T16:25:59.704+0200] {processor.py:914} INFO - Processing file /Users/swarnalidatta/Desktop/AutoQueryChatbot/.airflow-venv/lib/python3.12/site-packages/airflow/example_dags/example_sensor_decorator.py for tasks to queue
[2026-09-18T16:25:59.704+0200] {logging_mixin.py:190} INFO - [2026-09-18T16:25:59.704+0200] {dagbag.py:588} INFO - Filling up the DagBag from /Users/swarnalidatta/Desktop/AutoQueryChatbot/.airflow-venv/lib/python3.12/site-packages/airflow/example_dags/example_sensor_decorator.py
[2026-09-18T16:25:59.716+0200] {processor.py:925} INFO - DAG(s) 'example_sensor_decorator' retrieved from /Users/swarnalidatta/Desktop/AutoQueryChatbot/.airflow-venv/lib/python3.12/site-packages/airflow/example_dags/example_sensor_decorator.py
[2026-09-18T16:25:59.906+0200] {logging_mixin.py:190} INFO - [2026-09-18T16:25:59.906+0200] {dag.py:3239} INFO - Sync 1 DAGs
[2026-09-18T16:25:59.909+0200] {logging_mixin.py:190} INFO - [2026-09-18T16:25:59.909+0200] {dag.py:4180} INFO - Setting next_dagrun for example_sensor_decorator to None, run_after=None
[2026-09-18T16:25:59.914+0200] {processor.py:208} INFO - Processing /Users/swarnalidatta/Desktop/AutoQueryChatbot/.airflow-venv/lib/python3.12/site-packages/airflow/example_dags/example_sensor_decorator.py took 0.212 seconds
[2026-09-18T20:13:20.607+0200] {processor.py:186} INFO - Started process (PID=3010) to work on /Users/swarnalidatta/Desktop/AutoQueryChatbot/.airflow-venv/lib/python3.12/site-packages/airflow/example_dags/example_sensor_decorator.py
[2026-09-18T20:13:20.608+0200] {processor.py:914} INFO - Processing file /Users/swarnalidatta/Desktop/AutoQueryChatbot/.airflow-venv/lib/python3.12/site-packages/airflow/example_dags/example_sensor_decorator.py for tasks to queue
[2026-09-18T20:13:20.609+0200] {logging_mixin.py:190} INFO - [2026-09-18T20:13:20.609+0200] {dagbag.py:588} INFO - Filling up the DagBag from /Users/swarnalidatta/Desktop/AutoQueryChatbot/.airflow-venv/lib/python3.12/site-packages/airflow/example_dags/example_sensor_decorator.py
[2026-09-18T20:13:20.639+0200] {processor.py:925} INFO - DAG(s) 'example_sensor_decorator' retrieved from /Users/swarnalidatta/Desktop/AutoQueryChatbot/.airflow-venv/lib/python3.12/site-packages/airflow/example_dags/example_sensor_decorator.py
[2026-09-18T20:13:20.960+0200] {logging_mixin.py:190} INFO - [2026-09-18T20:13:20.960+0200] {dag.py:3239} INFO - Sync 1 DAGs
[2026-09-18T20:13:20.963+0200] {logging_mixin.py:190} INFO - [2026-09-18T20:13:20.963+0200] {dag.py:4180} INFO - Setting next_dagrun for example_sensor_decorator to None, run_after=None
[2026-09-18T20:13:20.969+0200] {processor.py:208} INFO - Processing /Users/swarnalidatta/Desktop/AutoQueryChatbot/.airflow-venv/lib/python3.12/site-packages/airflow/example_dags/example_sensor_decorator.py took 0.364 seconds
[2026-09-18T22:47:06.329+0200] {processor.py:186} INFO - Started process (PID=3294) to work on /Users/swarnalidatta/Desktop/AutoQueryChatbot/.airflow-venv/lib/python3.12/site-packages/airflow/example_dags/example_sensor_decorator.py
[2026-09-18T22:47:06.330+0200] {processor.py:914} INFO - Processing file /Users/swarnalidatta/Desktop/AutoQueryChatbot/.airflow-venv/lib/python3.12/site-packages/airflow/example_dags/example_sensor_decorator.py for tasks to queue
[2026-09-18T22:47:06.331+0200] {logging_mixin.py:190} INFO - [2026-09-18T22:47:06.331+0200] {dagbag.py:588} INFO - Filling up the DagBag from /Users/swarnalidatta/Desktop/AutoQueryChatbot/.airflow-venv/lib/python3.12/site-packages/airflow/example_dags/example_sensor_decorator.py
[2026-09-18T22:47:06.343+0200] {processor.py:925} INFO - DAG(s) 'example_sensor_decorator' retrieved from /Users/swarnalidatta/Desktop/AutoQueryChatbot/.airflow-venv/lib/python3.12/site-packages/airflow/example_dags/example_sensor_decorator.py
[2026-09-18T22:47:06.531+0200] {logging_mixin.py:190} INFO - [2026-09-18T22:47:06.531+0200] {dag.py:3239} INFO - Sync 1 DAGs
[2026-09-18T22:47:06.534+0200] {logging_mixin.py:190} INFO - [2026-09-18T22:47:06.534+0200] {dag.py:4180} INFO - Setting next_dagrun for example_sensor_decorator to None, run_after=None
[2026-09-18T22:47:06.539+0200] {processor.py:208} INFO - Processing /Users/swarnalidatta/Desktop/AutoQueryChatbot/.airflow-venv/lib/python3.12/site-packages/airflow/example_dags/example_sensor_decorator.py took 0.211 seconds
