[2026-09-18T03:15:26.412+0200] {processor.py:186} INFO - Started process (PID=1732) to work on /Users/swarnalidatta/Desktop/AutoQueryChatbot/.airflow-venv/lib/python3.12/site-packages/airflow/example_dags/example_trigger_target_dag.py
[2026-09-18T03:15:26.412+0200] {processor.py:914} INFO - Processing file /Users/swarnalidatta/Desktop/AutoQueryChatbot/.airflow-venv/lib/python3.12/site-packages/airflow/example_dags/example_trigger_target_dag.py for tasks to queue
[2026-09-18T03:15:26.412+0200] {logging_mixin.py:190} INFO - [2026-09-18T03:15:26.412+0200] {dagbag.py:588} INFO - Filling up the DagBag from /Users/swarnalidatta/Desktop/AutoQueryChatbot/.airflow-venv/lib/python3.12/site-packages/airflow/example_dags/example_trigger_target_dag.py
[2026-09-18T03:15:26.424+0200] {processor.py:925} INFO - DAG(s) 'example_trigger_target_dag' retrieved from /Users/swarnalidatta/Desktop/AutoQueryChatbot/.airflow-venv/lib/python3.12/site-packages/airflow/example_dags/example_trigger_target_dag.py
[2026-09-18T03:15:26.448+0200] {logging_mixin.py:190} INFO - [2026-09-18T03:15:26.448+0200] {dag.py:3239} INFO - Sync 1 DAGs
[2026-09-18T03:15:26.471+0200] {logging_mixin.py:190} INFO - [2026-09-18T03:15:26.471+0200] {dag.py:4180} INFO - Setting next_dagrun for example_trigger_target_dag to None, run_after=None
[2026-09-18T03:15:26.476+0200] {processor.py:208} INFO - Processing /Users/swarnalidatta/Desktop/AutoQueryChatbot/.airflow-venv/lib/python3.12/site-packages/airflow/example_dags/example_trigger_target_dag.py took 0.065 seconds
[2026-09-18T07:45:21.477+0200] {processor.py:186} INFO - Started process (PID=2062) to work on /Users/swarnalidatta/Desktop/AutoQueryChatbot/.airflow-venv/lib/python3.12/site-packages/airflow/example_dags/example_trigger_target_dag.py
[2026-09-18T07:45:21.477+0200] {processor.py:914} INFO - Processing file /Users/swarnalidatta/Desktop/AutoQueryChatbot/.airflow-venv/lib/python3.12/site-packages/airflow/example_dags/example_trigger_target_dag.py for tasks to queue
[2026-09-18T07:45:21.477+0200] {logging_mixin.py:190} INFO - [2026-09-18T07:45:21.477+0200] {dagbag.py:588} INFO - Filling up the DagBag from /Users/swarnalidatta/Desktop/AutoQueryChatbot/.airflow-venv/lib/python3.12/site-packages/airflow/example_dags/example_trigger_target_dag.py
[2026-09-18T07:45:21.489+0200] {processor.py:925} INFO - DAG(s) 'example_trigger_target_dag' retrieved from /Users/swarnalidatta/Desktop/AutoQueryChatbot/.airflow-venv/lib/python3.12/site-packages/airflow/example_dags/example_trigger_target_dag.py
[2026-09-18T07:45:21.514+0200] {logging_mixin.py:190} INFO - [2026-09-18T07:45:21.514+0200] {dag.py:3239} INFO - Sync 1 DAGs
[2026-09-18T07:45:21.536+0200] {logging_mixin.py:190} INFO - [2026-09-18T07:45:21.536+0200] {dag.py:4180} INFO - Setting next_dagrun for example_trigger_target_dag to None, run_after=None
[2026-09-18T07:45:21.541+0200] {processor.py:208} INFO - Processing /Users/swarnalidatta/Desktop/AutoQueryChatbot/.airflow-venv/lib/python3.12/site-packages/airflow/example_dags/example_trigger_target_dag.py took 0.066 seconds
[2026-09-18T12:05:18.199+0200] {processor.py:186} INFO - Started process (PID=2367) to work on /Users/swarnalidatta/Desktop/AutoQueryChatbot/.airflow-venv/lib/python3.12/site-packages/airflow/example_dags/example_trigger_target_dag.py
[2026-09-18T12:05:18.201+0200] {processor.py:914} INFO - Processing file /Users/swarnalidatta/Desktop/AutoQueryChatbot/.airflow-venv/lib/python3.12/site-packages/airflow/example_dags/example_trigger_target_dag.py for tasks to queue
[2026-09-18T12:05:18.201+0200] {logging_mixin.py:190} INFO - [2026-09-18T12:05:18.201+0200] {dagbag.py:588} INFO - Filling up the DagBag from /Users/swarnalidatta/Desktop/AutoQueryChatbot/.airflow-venv/lib/python3.12/site-packages/airflow/example_dags/example_trigger_target_dag.py
[2026-09-18T12:05:18.223+0200] {processor.py:925} INFO - DAG(s) 'example_trigger_target_dag' retrieved from /Users/swarnalidatta/Desktop/AutoQueryChatbot/.airflow-venv/lib/python3.12/site-packages/airflow/example_dags/example_trigger_target_dag.py
[2026-09-18T12:05:18.270+0200] {logging_mixin.py:190} INFO - [2026-09-18T12:05:18.270+0200] {dag.py:3239} INFO - Sync 1 DAGs
[2026-09-18T12:05:18.309+0200] {logging_mixin.py:190} INFO - [2026-09-18T12:05:18.309+0200] {dag.py:4180} INFO - Setting next_dagrun for example_trigger_target_dag to None, run_after=None
[2026-09-18T12:05:18.318+0200] {processor.py:208} INFO - Processing /Users/swarnalidatta/Desktop/AutoQueryChatbot/.airflow-venv/lib/python3.12/site-packages/airflow/example_dags/example_trigger_target_dag.py took 0.120 seconds
[2026-09-18T15:55:50.868+0200] {processor.py:186} INFO - Started process (PID=2655) to work on /Users/swarnalidatta/Desktop/AutoQueryChatbot/.airflow-venv/lib/python3.12/site-packages/airflow/example_dags/example_trigger_target_dag.py
[2026-09-18T15:55:50.868+0200] {processor.py:914} INFO - Processing file /Users/swarnalidatta/Desktop/AutoQueryChatbot/.airflow-venv/lib/python3.12/site-packages/airflow/example_dags/example_trigger_target_dag.py for tasks to queue
[2026-09-18T15:55:50.869+0200] {logging_mixin.py:190} INFO - [2026-09-18T15:55:50.869+0200] {dagbag.py:588} INFO - Filling up the DagBag from /Users/swarnalidatta/Desktop/AutoQueryChatbot/.airflow-venv/lib/python3.12/site-packages/airflow/example_dags/example_trigger_target_dag.py
[2026-09-18T15:55:50.883+0200] {processor.py:925} INFO - DAG(s) 'example_trigger_target_dag' retrieved from /Users/swarnalidatta/Desktop/AutoQueryChatbot/.airflow-venv/lib/python3.12/site-packages/airflow/example_dags/example_trigger_target_dag.py
[2026-09-18T15:55:50.909+0200] {logging_mixin.py:190} INFO - [2026-09-18T15:55:50.909+0200] {dag.py:3239} INFO - Sync 1 DAGs
[2026-09-18T15:55:50.936+0200] {logging_mixin.py:190} INFO - [2026-09-18T15:55:50.936+0200] {dag.py:4180} INFO - Setting next_dagrun for example_trigger_target_dag to None, run_after=None
[2026-09-18T15:55:50.941+0200] {processor.py:208} INFO - Processing /Users/swarnalidatta/Desktop/AutoQueryChatbot/.airflow-venv/lib/python3.12/site-packages/airflow/example_dags/example_trigger_target_dag.py took 0.075 seconds
[2026-09-18T19:28:32.828+0200] {processor.py:186} INFO - Started process (PID=2938) to work on /Users/swarnalidatta/Desktop/AutoQueryChatbot/.airflow-venv/lib/python3.12/site-packages/airflow/example_dags/example_trigger_target_dag.py
[2026-09-18T19:28:32.829+0200] {processor.py:914} INFO - Processing file /Users/swarnalidatta/Desktop/AutoQueryChatbot/.airflow-venv/lib/python3.12/site-packages/airflow/example_dags/example_trigger_target_dag.py for tasks to queue
[2026-09-18T19:28:32.829+0200] {logging_mixin.py:190} INFO - [2026-09-18T19:28:32.829+0200] {dagbag.py:588} INFO - Filling up the DagBag from /Users/swarnalidatta/Desktop/AutoQueryChatbot/.airflow-venv/lib/python3.12/site-packages/airflow/example_dags/example_trigger_target_dag.py
[2026-09-18T19:28:32.841+0200] {processor.py:925} INFO - DAG(s) 'example_trigger_target_dag' retrieved from /Users/swarnalidatta/Desktop/AutoQueryChatbot/.airflow-venv/lib/python3.12/site-packages/airflow/example_dags/example_trigger_target_dag.py
[2026-09-18T19:28:32.866+0200] {logging_mixin.py:190} INFO - [2026-09-18T19:28:32.866+0200] {dag.py:3239} INFO - Sync 1 DAGs
[2026-09-18T19:28:32.891+0200] {logging_mixin.py:190} INFO - [2026-09-18T19:28:32.891+0200] {dag.py:4180} INFO - Setting next_dagrun for example_trigger_target_dag to None, run_after=None
[2026-09-18T19:28:32.896+0200] {processor.py:208} INFO - Processing /Users/swarnalidatta/Desktop/AutoQueryChatbot/.airflow-venv/lib/python3.12/site-packages/airflow/example_dags/example_trigger_target_dag.py took 0.069 seconds
[2026-09-18T22:00:35.883+0200] {processor.py:186} INFO - Started process (PID=3224) to work on /Users/swarnalidatta/Desktop/AutoQueryChatbot/.airflow-venv/lib/python3.12/site-packages/airflow/example_dags/example_trigger_target_dag.py
[2026-09-18T22:00:35.884+0200] {processor.py:914} INFO - Processing file /Users/swarnalidatta/Desktop/AutoQueryChatbot/.airflow-venv/lib/python3.12/site-packages/airflow/example_dags/example_trigger_target_dag.py for tasks to queue
[2026-09-18T22:00:35.884+0200] {logging_mixin.py:190} INFO - [2026-09-18T22:00:35.884+0200] {dagbag.py:588} INFO - Filling up the DagBag from /Users/swarnalidatta/Desktop/AutoQueryChatbot/.airflow-venv/lib/python3.12/site-packages/airflow/example_dags/example_trigger_target_dag.py
[2026-09-18T22:00:35.896+0200] {processor.py:925} INFO - DAG(s) 'example_trigger_target_dag' retrieved from /Users/swarnalidatta/Desktop/AutoQueryChatbot/.airflow-venv/lib/python3.12/site-packages/airflow/example_dags/example_trigger_target_dag.py
[2026-09-18T22:00:35.920+0200] {logging_mixin.py:190} INFO - [2026-09-18T22:00:35.920+0200] {dag.py:3239} INFO - Sync 1 DAGs
[2026-09-18T22:00:35.943+0200] {logging_mixin.py:190} INFO - [2026-09-18T22:00:35.943+0200] {dag.py:4180} INFO - Setting next_dagrun for example_trigger_target_dag to None, run_after=None
[2026-09-18T22:00:35.948+0200] {processor.py:208} INFO - Processing /Users/swarnalidatta/Desktop/AutoQueryChatbot/.airflow-venv/lib/python3.12/site-packages/airflow/example_dags/example_trigger_target_dag.py took 0.066 seconds
[2026-09-19T01:34:58.702+0200] {processor.py:186} INFO - Started process (PID=3520) to work on /Users/swarnalidatta/Desktop/AutoQueryChatbot/.airflow-venv/lib/python3.12/site-packages/airflow/example_dags/example_trigger_target_dag.py
[2026-09-19T01:34:58.703+0200] {processor.py:914} INFO - Processing file /Users/swarnalidatta/Desktop/AutoQueryChatbot/.airflow-venv/lib/python3.12/site-packages/airflow/example_dags/example_trigger_target_dag.py for tasks to queue
[2026-09-19T01:34:58.703+0200] {logging_mixin.py:190} INFO - [2026-09-19T01:34:58.703+0200] {dagbag.py:588} INFO - Filling up the DagBag from /Users/swarnalidatta/Desktop/AutoQueryChatbot/.airflow-venv/lib/python3.12/site-packages/airflow/example_dags/example_trigger_target_dag.py
[2026-09-19T01:34:58.715+0200] {processor.py:925} INFO - DAG(s) 'example_trigger_target_dag' retrieved from /Users/swarnalidatta/Desktop/AutoQueryChatbot/.airflow-venv/lib/python3.12/site-packages/airflow/example_dags/example_trigger_target_dag.py
[2026-09-19T01:34:58.740+0200] {logging_mixin.py:190} INFO - [2026-09-19T01:34:58.740+0200] {dag.py:3239} INFO - Sync 1 DAGs
[2026-09-19T01:34:58.764+0200] {logging_mixin.py:190} INFO - [2026-09-19T01:34:58.763+0200] {dag.py:4180} INFO - Setting next_dagrun for example_trigger_target_dag to None, run_after=None
[2026-09-19T01:34:58.768+0200] {processor.py:208} INFO - Processing /Users/swarnalidatta/Desktop/AutoQueryChatbot/.airflow-venv/lib/python3.12/site-packages/airflow/example_dags/example_trigger_target_dag.py took 0.067 seconds
