[2026-09-18T03:32:35.181+0200] {processor.py:186} INFO - Started process (PID=1746) to work on /Users/swarnalidatta/Desktop/AutoQueryChatbot/.airflow-venv/lib/python3.12/site-packages/airflow/example_dags/example_task_group_decorator.py
[2026-09-18T03:32:35.181+0200] {processor.py:914} INFO - Processing file /Users/swarnalidatta/Desktop/AutoQueryChatbot/.airflow-venv/lib/python3.12/site-packages/airflow/example_dags/example_task_group_decorator.py for tasks to queue
[2026-09-18T03:32:35.181+0200] {logging_mixin.py:190} INFO - [2026-09-18T03:32:35.181+0200] {dagbag.py:588} INFO - Filling up the DagBag from /Users/swarnalidatta/Desktop/AutoQueryChatbot/.airflow-venv/lib/python3.12/site-packages/airflow/example_dags/example_task_group_decorator.py
[2026-09-18T03:32:35.195+0200] {processor.py:925} INFO - DAG(s) 'example_task_group_decorator' retrieved from /Users/swarnalidatta/Desktop/AutoQueryChatbot/.airflow-venv/lib/python3.12/site-packages/airflow/example_dags/example_task_group_decorator.py
[2026-09-18T03:32:35.241+0200] {logging_mixin.py:190} INFO - [2026-09-18T03:32:35.241+0200] {dag.py:3239} INFO - Sync 1 DAGs
[2026-09-18T03:32:35.244+0200] {logging_mixin.py:190} INFO - [2026-09-18T03:32:35.244+0200] {dag.py:4180} INFO - Setting next_dagrun for example_task_group_decorator to None, run_after=None
[2026-09-18T03:32:35.249+0200] {processor.py:208} INFO - Processing /Users/swarnalidatta/Desktop/AutoQueryChatbot/.airflow-venv/lib/python3.12/site-packages/airflow/example_dags/example_task_group_decorator.py took 0.069 seconds
[2026-09-18T08:01:17.492+0200] {processor.py:186} INFO - Started process (PID=2079) to work on /Users/swarnalidatta/Desktop/AutoQueryChatbot/.airflow-venv/lib/python3.12/site-packages/airflow/example_dags/example_task_group_decorator.py
[2026-09-18T08:01:17.492+0200] {processor.py:914} INFO - Processing file /Users/swarnalidatta/Desktop/AutoQueryChatbot/.airflow-venv/lib/python3.12/site-packages/airflow/example_dags/example_task_group_decorator.py for tasks to queue
[2026-09-18T08:01:17.493+0200] {logging_mixin.py:190} INFO - [2026-09-18T08:01:17.493+0200] {dagbag.py:588} INFO - Filling up the DagBag from /Users/swarnalidatta/Desktop/AutoQueryChatbot/.airflow-venv/lib/python3.12/site-packages/airflow/example_dags/example_task_group_decorator.py
[2026-09-18T08:01:17.506+0200] {processor.py:925} INFO - DAG(s) 'example_task_group_decorator' retrieved from /Users/swarnalidatta/Desktop/AutoQueryChatbot/.airflow-venv/lib/python3.12/site-packages/airflow/example_dags/example_task_group_decorator.py
[2026-09-18T08:01:17.552+0200] {logging_mixin.py:190} INFO - [2026-09-18T08:01:17.552+0200] {dag.py:3239} INFO - Sync 1 DAGs
[2026-09-18T08:01:17.555+0200] {logging_mixin.py:190} INFO - [2026-09-18T08:01:17.555+0200] {dag.py:4180} INFO - Setting next_dagrun for example_task_group_decorator to None, run_after=None
[2026-09-18T08:01:17.560+0200] {processor.py:208} INFO - Processing /Users/swarnalidatta/Desktop/AutoQueryChatbot/.airflow-venv/lib/python3.12/site-packages/airflow/example_dags/example_task_group_decorator.py took 0.069 seconds
[2026-09-18T12:23:20.249+0200] {processor.py:186} INFO - Started process (PID=2382) to work on /Users/swarnalidatta/Desktop/AutoQueryChatbot/.airflow-venv/lib/python3.12/site-packages/airflow/example_dags/example_task_group_decorator.py
[2026-09-18T12:23:20.250+0200] {processor.py:914} INFO - Processing file /Users/swarnalidatta/Desktop/AutoQueryChatbot/.airflow-venv/lib/python3.12/site-packages/airflow/example_dags/example_task_group_decorator.py for tasks to queue
[2026-09-18T12:23:20.250+0200] {logging_mixin.py:190} INFO - [2026-09-18T12:23:20.250+0200] {dagbag.py:588} INFO - Filling up the DagBag from /Users/swarnalidatta/Desktop/AutoQueryChatbot/.airflow-venv/lib/python3.12/site-packages/airflow/example_dags/example_task_group_decorator.py
[2026-09-18T12:23:20.264+0200] {processor.py:925} INFO - DAG(s) 'example_task_group_decorator' retrieved from /Users/swarnalidatta/Desktop/AutoQueryChatbot/.airflow-venv/lib/python3.12/site-packages/airflow/example_dags/example_task_group_decorator.py
[2026-09-18T12:23:20.310+0200] {logging_mixin.py:190} INFO - [2026-09-18T12:23:20.310+0200] {dag.py:3239} INFO - Sync 1 DAGs
[2026-09-18T12:23:20.313+0200] {logging_mixin.py:190} INFO - [2026-09-18T12:23:20.313+0200] {dag.py:4180} INFO - Setting next_dagrun for example_task_group_decorator to None, run_after=None
[2026-09-18T12:23:20.318+0200] {processor.py:208} INFO - Processing /Users/swarnalidatta/Desktop/AutoQueryChatbot/.airflow-venv/lib/python3.12/site-packages/airflow/example_dags/example_task_group_decorator.py took 0.070 seconds
[2026-09-18T15:55:56.185+0200] {processor.py:186} INFO - Started process (PID=2666) to work on /Users/swarnalidatta/Desktop/AutoQueryChatbot/.airflow-venv/lib/python3.12/site-packages/airflow/example_dags/example_task_group_decorator.py
[2026-09-18T15:55:56.185+0200] {processor.py:914} INFO - Processing file /Users/swarnalidatta/Desktop/AutoQueryChatbot/.airflow-venv/lib/python3.12/site-packages/airflow/example_dags/example_task_group_decorator.py for tasks to queue
[2026-09-18T15:55:56.186+0200] {logging_mixin.py:190} INFO - [2026-09-18T15:55:56.186+0200] {dagbag.py:588} INFO - Filling up the DagBag from /Users/swarnalidatta/Desktop/AutoQueryChatbot/.airflow-venv/lib/python3.12/site-packages/airflow/example_dags/example_task_group_decorator.py
[2026-09-18T15:55:56.200+0200] {processor.py:925} INFO - DAG(s) 'example_task_group_decorator' retrieved from /Users/swarnalidatta/Desktop/AutoQueryChatbot/.airflow-venv/lib/python3.12/site-packages/airflow/example_dags/example_task_group_decorator.py
[2026-09-18T15:55:56.246+0200] {logging_mixin.py:190} INFO - [2026-09-18T15:55:56.245+0200] {dag.py:3239} INFO - Sync 1 DAGs
[2026-09-18T15:55:56.248+0200] {logging_mixin.py:190} INFO - [2026-09-18T15:55:56.248+0200] {dag.py:4180} INFO - Setting next_dagrun for example_task_group_decorator to None, run_after=None
[2026-09-18T15:55:56.253+0200] {processor.py:208} INFO - Processing /Users/swarnalidatta/Desktop/AutoQueryChatbot/.airflow-venv/lib/python3.12/site-packages/airflow/example_dags/example_task_group_decorator.py took 0.069 seconds
[2026-09-18T19:28:37.269+0200] {processor.py:186} INFO - Started process (PID=2952) to work on /Users/swarnalidatta/Desktop/AutoQueryChatbot/.airflow-venv/lib/python3.12/site-packages/airflow/example_dags/example_task_group_decorator.py
[2026-09-18T19:28:37.270+0200] {processor.py:914} INFO - Processing file /Users/swarnalidatta/Desktop/AutoQueryChatbot/.airflow-venv/lib/python3.12/site-packages/airflow/example_dags/example_task_group_decorator.py for tasks to queue
[2026-09-18T19:28:37.270+0200] {logging_mixin.py:190} INFO - [2026-09-18T19:28:37.270+0200] {dagbag.py:588} INFO - Filling up the DagBag from /Users/swarnalidatta/Desktop/AutoQueryChatbot/.airflow-venv/lib/python3.12/site-packages/airflow/example_dags/example_task_group_decorator.py
[2026-09-18T19:28:37.284+0200] {processor.py:925} INFO - DAG(s) 'example_task_group_decorator' retrieved from /Users/swarnalidatta/Desktop/AutoQueryChatbot/.airflow-venv/lib/python3.12/site-packages/airflow/example_dags/example_task_group_decorator.py
[2026-09-18T19:44:34.151+0200] {logging_mixin.py:190} INFO - [2026-09-18T19:44:34.151+0200] {dag.py:3239} INFO - Sync 1 DAGs
[2026-09-18T19:44:34.158+0200] {logging_mixin.py:190} INFO - [2026-09-18T19:44:34.158+0200] {dag.py:4180} INFO - Setting next_dagrun for example_task_group_decorator to None, run_after=None
[2026-09-18T19:44:34.210+0200] {processor.py:208} INFO - Processing /Users/swarnalidatta/Desktop/AutoQueryChatbot/.airflow-venv/lib/python3.12/site-packages/airflow/example_dags/example_task_group_decorator.py took 0.218 seconds
[2026-09-18T22:08:58.001+0200] {processor.py:186} INFO - Started process (PID=3237) to work on /Users/swarnalidatta/Desktop/AutoQueryChatbot/.airflow-venv/lib/python3.12/site-packages/airflow/example_dags/example_task_group_decorator.py
[2026-09-18T22:08:58.003+0200] {processor.py:914} INFO - Processing file /Users/swarnalidatta/Desktop/AutoQueryChatbot/.airflow-venv/lib/python3.12/site-packages/airflow/example_dags/example_task_group_decorator.py for tasks to queue
[2026-09-18T22:08:58.003+0200] {logging_mixin.py:190} INFO - [2026-09-18T22:08:58.003+0200] {dagbag.py:588} INFO - Filling up the DagBag from /Users/swarnalidatta/Desktop/AutoQueryChatbot/.airflow-venv/lib/python3.12/site-packages/airflow/example_dags/example_task_group_decorator.py
[2026-09-18T22:08:58.036+0200] {processor.py:925} INFO - DAG(s) 'example_task_group_decorator' retrieved from /Users/swarnalidatta/Desktop/AutoQueryChatbot/.airflow-venv/lib/python3.12/site-packages/airflow/example_dags/example_task_group_decorator.py
[2026-09-18T22:08:58.130+0200] {logging_mixin.py:190} INFO - [2026-09-18T22:08:58.130+0200] {dag.py:3239} INFO - Sync 1 DAGs
[2026-09-18T22:08:58.136+0200] {logging_mixin.py:190} INFO - [2026-09-18T22:08:58.136+0200] {dag.py:4180} INFO - Setting next_dagrun for example_task_group_decorator to None, run_after=None
[2026-09-18T22:08:58.144+0200] {processor.py:208} INFO - Processing /Users/swarnalidatta/Desktop/AutoQueryChatbot/.airflow-venv/lib/python3.12/site-packages/airflow/example_dags/example_task_group_decorator.py took 0.146 seconds
[2026-09-19T01:51:45.852+0200] {processor.py:186} INFO - Started process (PID=3534) to work on /Users/swarnalidatta/Desktop/AutoQueryChatbot/.airflow-venv/lib/python3.12/site-packages/airflow/example_dags/example_task_group_decorator.py
[2026-09-19T01:51:45.853+0200] {processor.py:914} INFO - Processing file /Users/swarnalidatta/Desktop/AutoQueryChatbot/.airflow-venv/lib/python3.12/site-packages/airflow/example_dags/example_task_group_decorator.py for tasks to queue
[2026-09-19T01:51:45.853+0200] {logging_mixin.py:190} INFO - [2026-09-19T01:51:45.853+0200] {dagbag.py:588} INFO - Filling up the DagBag from /Users/swarnalidatta/Desktop/AutoQueryChatbot/.airflow-venv/lib/python3.12/site-packages/airflow/example_dags/example_task_group_decorator.py
[2026-09-19T01:51:45.868+0200] {processor.py:925} INFO - DAG(s) 'example_task_group_decorator' retrieved from /Users/swarnalidatta/Desktop/AutoQueryChatbot/.airflow-venv/lib/python3.12/site-packages/airflow/example_dags/example_task_group_decorator.py
[2026-09-19T01:51:45.916+0200] {logging_mixin.py:190} INFO - [2026-09-19T01:51:45.916+0200] {dag.py:3239} INFO - Sync 1 DAGs
[2026-09-19T01:51:45.919+0200] {logging_mixin.py:190} INFO - [2026-09-19T01:51:45.919+0200] {dag.py:4180} INFO - Setting next_dagrun for example_task_group_decorator to None, run_after=None
[2026-09-19T01:51:45.924+0200] {processor.py:208} INFO - Processing /Users/swarnalidatta/Desktop/AutoQueryChatbot/.airflow-venv/lib/python3.12/site-packages/airflow/example_dags/example_task_group_decorator.py took 0.073 seconds
