[2026-09-18T04:41:39.301+0200] {processor.py:186} INFO - Started process (PID=1817) to work on /Users/swarnalidatta/Desktop/AutoQueryChatbot/.airflow-venv/lib/python3.12/site-packages/airflow/example_dags/example_python_decorator.py
[2026-09-18T04:41:39.301+0200] {processor.py:914} INFO - Processing file /Users/swarnalidatta/Desktop/AutoQueryChatbot/.airflow-venv/lib/python3.12/site-packages/airflow/example_dags/example_python_decorator.py for tasks to queue
[2026-09-18T04:41:39.301+0200] {logging_mixin.py:190} INFO - [2026-09-18T04:41:39.301+0200] {dagbag.py:588} INFO - Filling up the DagBag from /Users/swarnalidatta/Desktop/AutoQueryChatbot/.airflow-venv/lib/python3.12/site-packages/airflow/example_dags/example_python_decorator.py
[2026-09-18T04:41:39.313+0200] {logging_mixin.py:190} INFO - [2026-09-18T04:41:39.313+0200] {example_python_decorator.py:80} WARNING - The virtalenv_python example task requires virtualenv, please install it.
[2026-09-18T04:41:39.314+0200] {processor.py:925} INFO - DAG(s) 'example_python_decorator' retrieved from /Users/swarnalidatta/Desktop/AutoQueryChatbot/.airflow-venv/lib/python3.12/site-packages/airflow/example_dags/example_python_decorator.py
[2026-09-18T04:41:39.358+0200] {logging_mixin.py:190} INFO - [2026-09-18T04:41:39.338+0200] {dag.py:3239} INFO - Sync 1 DAGs
[2026-09-18T04:41:39.361+0200] {logging_mixin.py:190} INFO - [2026-09-18T04:41:39.361+0200] {dag.py:4180} INFO - Setting next_dagrun for example_python_decorator to None, run_after=None
[2026-09-18T04:41:39.366+0200] {processor.py:208} INFO - Processing /Users/swarnalidatta/Desktop/AutoQueryChatbot/.airflow-venv/lib/python3.12/site-packages/airflow/example_dags/example_python_decorator.py took 0.066 seconds
[2026-09-18T09:02:18.064+0200] {processor.py:186} INFO - Started process (PID=2150) to work on /Users/swarnalidatta/Desktop/AutoQueryChatbot/.airflow-venv/lib/python3.12/site-packages/airflow/example_dags/example_python_decorator.py
[2026-09-18T09:02:18.066+0200] {processor.py:914} INFO - Processing file /Users/swarnalidatta/Desktop/AutoQueryChatbot/.airflow-venv/lib/python3.12/site-packages/airflow/example_dags/example_python_decorator.py for tasks to queue
[2026-09-18T09:02:18.067+0200] {logging_mixin.py:190} INFO - [2026-09-18T09:02:18.067+0200] {dagbag.py:588} INFO - Filling up the DagBag from /Users/swarnalidatta/Desktop/AutoQueryChatbot/.airflow-venv/lib/python3.12/site-packages/airflow/example_dags/example_python_decorator.py
[2026-09-18T09:02:18.103+0200] {logging_mixin.py:190} INFO - [2026-09-18T09:02:18.103+0200] {example_python_decorator.py:80} WARNING - The virtalenv_python example task requires virtualenv, please install it.
[2026-09-18T09:02:18.105+0200] {processor.py:925} INFO - DAG(s) 'example_python_decorator' retrieved from /Users/swarnalidatta/Desktop/AutoQueryChatbot/.airflow-venv/lib/python3.12/site-packages/airflow/example_dags/example_python_decorator.py
[2026-09-18T09:02:18.221+0200] {logging_mixin.py:190} INFO - [2026-09-18T09:02:18.169+0200] {dag.py:3239} INFO - Sync 1 DAGs
[2026-09-18T09:02:18.228+0200] {logging_mixin.py:190} INFO - [2026-09-18T09:02:18.228+0200] {dag.py:4180} INFO - Setting next_dagrun for example_python_decorator to None, run_after=None
[2026-09-18T09:02:18.240+0200] {processor.py:208} INFO - Processing /Users/swarnalidatta/Desktop/AutoQueryChatbot/.airflow-venv/lib/python3.12/site-packages/airflow/example_dags/example_python_decorator.py took 0.178 seconds
[2026-09-18T13:06:13.135+0200] {processor.py:186} INFO - Started process (PID=2442) to work on /Users/swarnalidatta/Desktop/AutoQueryChatbot/.airflow-venv/lib/python3.12/site-packages/airflow/example_dags/example_python_decorator.py
[2026-09-18T13:06:13.135+0200] {processor.py:914} INFO - Processing file /Users/swarnalidatta/Desktop/AutoQueryChatbot/.airflow-venv/lib/python3.12/site-packages/airflow/example_dags/example_python_decorator.py for tasks to queue
[2026-09-18T13:06:13.135+0200] {logging_mixin.py:190} INFO - [2026-09-18T13:06:13.135+0200] {dagbag.py:588} INFO - Filling up the DagBag from /Users/swarnalidatta/Desktop/AutoQueryChatbot/.airflow-venv/lib/python3.12/site-packages/airflow/example_dags/example_python_decorator.py
[2026-09-18T13:06:13.147+0200] {logging_mixin.py:190} INFO - [2026-09-18T13:06:13.147+0200] {example_python_decorator.py:80} WARNING - The virtalenv_python example task requires virtualenv, please install it.
[2026-09-18T13:06:13.148+0200] {processor.py:925} INFO - DAG(s) 'example_python_decorator' retrieved from /Users/swarnalidatta/Desktop/AutoQueryChatbot/.airflow-venv/lib/python3.12/site-packages/airflow/example_dags/example_python_decorator.py
[2026-09-18T13:06:13.193+0200] {logging_mixin.py:190} INFO - [2026-09-18T13:06:13.173+0200] {dag.py:3239} INFO - Sync 1 DAGs
[2026-09-18T13:06:13.197+0200] {logging_mixin.py:190} INFO - [2026-09-18T13:06:13.196+0200] {dag.py:4180} INFO - Setting next_dagrun for example_python_decorator to None, run_after=None
[2026-09-18T13:06:13.201+0200] {processor.py:208} INFO - Processing /Users/swarnalidatta/Desktop/AutoQueryChatbot/.airflow-venv/lib/python3.12/site-packages/airflow/example_dags/example_python_decorator.py took 0.068 seconds
[2026-09-18T16:26:03.297+0200] {processor.py:186} INFO - Started process (PID=2721) to work on /Users/swarnalidatta/Desktop/AutoQueryChatbot/.airflow-venv/lib/python3.12/site-packages/airflow/example_dags/example_python_decorator.py
[2026-09-18T16:26:03.298+0200] {processor.py:914} INFO - Processing file /Users/swarnalidatta/Desktop/AutoQueryChatbot/.airflow-venv/lib/python3.12/site-packages/airflow/example_dags/example_python_decorator.py for tasks to queue
[2026-09-18T16:26:03.298+0200] {logging_mixin.py:190} INFO - [2026-09-18T16:26:03.298+0200] {dagbag.py:588} INFO - Filling up the DagBag from /Users/swarnalidatta/Desktop/AutoQueryChatbot/.airflow-venv/lib/python3.12/site-packages/airflow/example_dags/example_python_decorator.py
[2026-09-18T16:26:03.310+0200] {logging_mixin.py:190} INFO - [2026-09-18T16:26:03.310+0200] {example_python_decorator.py:80} WARNING - The virtalenv_python example task requires virtualenv, please install it.
[2026-09-18T16:26:03.311+0200] {processor.py:925} INFO - DAG(s) 'example_python_decorator' retrieved from /Users/swarnalidatta/Desktop/AutoQueryChatbot/.airflow-venv/lib/python3.12/site-packages/airflow/example_dags/example_python_decorator.py
[2026-09-18T16:26:03.357+0200] {logging_mixin.py:190} INFO - [2026-09-18T16:26:03.336+0200] {dag.py:3239} INFO - Sync 1 DAGs
[2026-09-18T16:26:03.360+0200] {logging_mixin.py:190} INFO - [2026-09-18T16:26:03.360+0200] {dag.py:4180} INFO - Setting next_dagrun for example_python_decorator to None, run_after=None
[2026-09-18T16:26:03.364+0200] {processor.py:208} INFO - Processing /Users/swarnalidatta/Desktop/AutoQueryChatbot/.airflow-venv/lib/python3.12/site-packages/airflow/example_dags/example_python_decorator.py took 0.068 seconds
[2026-09-18T20:29:41.101+0200] {processor.py:186} INFO - Started process (PID=3015) to work on /Users/swarnalidatta/Desktop/AutoQueryChatbot/.airflow-venv/lib/python3.12/site-packages/airflow/example_dags/example_python_decorator.py
[2026-09-18T20:29:41.102+0200] {processor.py:914} INFO - Processing file /Users/swarnalidatta/Desktop/AutoQueryChatbot/.airflow-venv/lib/python3.12/site-packages/airflow/example_dags/example_python_decorator.py for tasks to queue
[2026-09-18T20:29:41.102+0200] {logging_mixin.py:190} INFO - [2026-09-18T20:29:41.102+0200] {dagbag.py:588} INFO - Filling up the DagBag from /Users/swarnalidatta/Desktop/AutoQueryChatbot/.airflow-venv/lib/python3.12/site-packages/airflow/example_dags/example_python_decorator.py
[2026-09-18T20:29:41.115+0200] {logging_mixin.py:190} INFO - [2026-09-18T20:29:41.115+0200] {example_python_decorator.py:80} WARNING - The virtalenv_python example task requires virtualenv, please install it.
[2026-09-18T20:29:41.115+0200] {processor.py:925} INFO - DAG(s) 'example_python_decorator' retrieved from /Users/swarnalidatta/Desktop/AutoQueryChatbot/.airflow-venv/lib/python3.12/site-packages/airflow/example_dags/example_python_decorator.py
[2026-09-18T20:29:41.165+0200] {logging_mixin.py:190} INFO - [2026-09-18T20:29:41.141+0200] {dag.py:3239} INFO - Sync 1 DAGs
[2026-09-18T20:29:41.169+0200] {logging_mixin.py:190} INFO - [2026-09-18T20:29:41.169+0200] {dag.py:4180} INFO - Setting next_dagrun for example_python_decorator to None, run_after=None
[2026-09-18T20:29:41.174+0200] {processor.py:208} INFO - Processing /Users/swarnalidatta/Desktop/AutoQueryChatbot/.airflow-venv/lib/python3.12/site-packages/airflow/example_dags/example_python_decorator.py took 0.074 seconds
[2026-09-18T22:47:10.687+0200] {processor.py:186} INFO - Started process (PID=3303) to work on /Users/swarnalidatta/Desktop/AutoQueryChatbot/.airflow-venv/lib/python3.12/site-packages/airflow/example_dags/example_python_decorator.py
[2026-09-18T22:47:10.688+0200] {processor.py:914} INFO - Processing file /Users/swarnalidatta/Desktop/AutoQueryChatbot/.airflow-venv/lib/python3.12/site-packages/airflow/example_dags/example_python_decorator.py for tasks to queue
[2026-09-18T22:47:10.689+0200] {logging_mixin.py:190} INFO - [2026-09-18T22:47:10.689+0200] {dagbag.py:588} INFO - Filling up the DagBag from /Users/swarnalidatta/Desktop/AutoQueryChatbot/.airflow-venv/lib/python3.12/site-packages/airflow/example_dags/example_python_decorator.py
[2026-09-18T22:47:10.701+0200] {logging_mixin.py:190} INFO - [2026-09-18T22:47:10.701+0200] {example_python_decorator.py:80} WARNING - The virtalenv_python example task requires virtualenv, please install it.
[2026-09-18T22:47:10.702+0200] {processor.py:925} INFO - DAG(s) 'example_python_decorator' retrieved from /Users/swarnalidatta/Desktop/AutoQueryChatbot/.airflow-venv/lib/python3.12/site-packages/airflow/example_dags/example_python_decorator.py
[2026-09-18T22:47:10.746+0200] {logging_mixin.py:190} INFO - [2026-09-18T22:47:10.727+0200] {dag.py:3239} INFO - Sync 1 DAGs
[2026-09-18T22:47:10.749+0200] {logging_mixin.py:190} INFO - [2026-09-18T22:47:10.749+0200] {dag.py:4180} INFO - Setting next_dagrun for example_python_decorator to None, run_after=None
[2026-09-18T22:47:10.754+0200] {processor.py:208} INFO - Processing /Users/swarnalidatta/Desktop/AutoQueryChatbot/.airflow-venv/lib/python3.12/site-packages/airflow/example_dags/example_python_decorator.py took 0.068 seconds
