[2026-09-18T05:43:00.935+0200] {processor.py:186} INFO - Started process (PID=1894) to work on /Users/swarnalidatta/Desktop/AutoQueryChatbot/.airflow-venv/lib/python3.12/site-packages/airflow/example_dags/example_datasets.py
[2026-09-18T05:43:00.935+0200] {processor.py:914} INFO - Processing file /Users/swarnalidatta/Desktop/AutoQueryChatbot/.airflow-venv/lib/python3.12/site-packages/airflow/example_dags/example_datasets.py for tasks to queue
[2026-09-18T05:43:00.935+0200] {logging_mixin.py:190} INFO - [2026-09-18T05:43:00.935+0200] {dagbag.py:588} INFO - Filling up the DagBag from /Users/swarnalidatta/Desktop/AutoQueryChatbot/.airflow-venv/lib/python3.12/site-packages/airflow/example_dags/example_datasets.py
[2026-09-18T05:43:00.950+0200] {processor.py:925} INFO - DAG(s) 'consume_1_or_2_with_dataset_expressions', 'conditional_dataset_and_time_based_timetable', 'dataset_consumes_1', 'dataset_produces_2', 'dataset_consumes_1_never_scheduled', 'dataset_consumes_1_and_2', 'consume_1_or_both_2_and_3_with_dataset_expressions', 'dataset_consumes_unknown_never_scheduled', 'dataset_produces_1', 'consume_1_and_2_with_dataset_expressions' retrieved from /Users/swarnalidatta/Desktop/AutoQueryChatbot/.airflow-venv/lib/python3.12/site-packages/airflow/example_dags/example_datasets.py
[2026-09-18T05:43:00.980+0200] {logging_mixin.py:190} INFO - [2026-09-18T05:43:00.980+0200] {dag.py:3239} INFO - Sync 10 DAGs
[2026-09-18T05:43:01.006+0200] {logging_mixin.py:190} INFO - [2026-09-18T05:43:01.006+0200] {dag.py:4180} INFO - Setting next_dagrun for conditional_dataset_and_time_based_timetable to 2026-09-16 01:00:00+00:00, run_after=2026-09-16 01:00:00+00:00
[2026-09-18T05:43:01.007+0200] {logging_mixin.py:190} INFO - [2026-09-18T05:43:01.007+0200] {dag.py:4180} INFO - Setting next_dagrun for consume_1_and_2_with_dataset_expressions to None, run_after=None
[2026-09-18T05:43:01.007+0200] {logging_mixin.py:190} INFO - [2026-09-18T05:43:01.007+0200] {dag.py:4180} INFO - Setting next_dagrun for consume_1_or_2_with_dataset_expressions to None, run_after=None
[2026-09-18T05:43:01.008+0200] {logging_mixin.py:190} INFO - [2026-09-18T05:43:01.007+0200] {dag.py:4180} INFO - Setting next_dagrun for consume_1_or_both_2_and_3_with_dataset_expressions to None, run_after=None
[2026-09-18T05:43:01.008+0200] {logging_mixin.py:190} INFO - [2026-09-18T05:43:01.008+0200] {dag.py:4180} INFO - Setting next_dagrun for dataset_consumes_1 to None, run_after=None
[2026-09-18T05:43:01.008+0200] {logging_mixin.py:190} INFO - [2026-09-18T05:43:01.008+0200] {dag.py:4180} INFO - Setting next_dagrun for dataset_consumes_1_and_2 to None, run_after=None
[2026-09-18T05:43:01.008+0200] {logging_mixin.py:190} INFO - [2026-09-18T05:43:01.008+0200] {dag.py:4180} INFO - Setting next_dagrun for dataset_consumes_1_never_scheduled to None, run_after=None
[2026-09-18T05:43:01.008+0200] {logging_mixin.py:190} INFO - [2026-09-18T05:43:01.008+0200] {dag.py:4180} INFO - Setting next_dagrun for dataset_consumes_unknown_never_scheduled to None, run_after=None
[2026-09-18T05:43:01.009+0200] {logging_mixin.py:190} INFO - [2026-09-18T05:43:01.009+0200] {dag.py:4180} INFO - Setting next_dagrun for dataset_produces_1 to 2026-09-17 00:00:00+00:00, run_after=2026-09-18 00:00:00+00:00
[2026-09-18T05:43:01.009+0200] {logging_mixin.py:190} INFO - [2026-09-18T05:43:01.009+0200] {dag.py:4180} INFO - Setting next_dagrun for dataset_produces_2 to None, run_after=None
[2026-09-18T05:43:01.016+0200] {processor.py:208} INFO - Processing /Users/swarnalidatta/Desktop/AutoQueryChatbot/.airflow-venv/lib/python3.12/site-packages/airflow/example_dags/example_datasets.py took 0.082 seconds
[2026-09-18T10:20:20.106+0200] {processor.py:186} INFO - Started process (PID=2229) to work on /Users/swarnalidatta/Desktop/AutoQueryChatbot/.airflow-venv/lib/python3.12/site-packages/airflow/example_dags/example_datasets.py
[2026-09-18T10:20:20.107+0200] {processor.py:914} INFO - Processing file /Users/swarnalidatta/Desktop/AutoQueryChatbot/.airflow-venv/lib/python3.12/site-packages/airflow/example_dags/example_datasets.py for tasks to queue
[2026-09-18T10:20:20.107+0200] {logging_mixin.py:190} INFO - [2026-09-18T10:20:20.107+0200] {dagbag.py:588} INFO - Filling up the DagBag from /Users/swarnalidatta/Desktop/AutoQueryChatbot/.airflow-venv/lib/python3.12/site-packages/airflow/example_dags/example_datasets.py
[2026-09-18T10:20:20.121+0200] {processor.py:925} INFO - DAG(s) 'dataset_consumes_1_never_scheduled', 'dataset_consumes_1', 'dataset_consumes_unknown_never_scheduled', 'conditional_dataset_and_time_based_timetable', 'consume_1_or_2_with_dataset_expressions', 'consume_1_or_both_2_and_3_with_dataset_expressions', 'consume_1_and_2_with_dataset_expressions', 'dataset_produces_2', 'dataset_produces_1', 'dataset_consumes_1_and_2' retrieved from /Users/swarnalidatta/Desktop/AutoQueryChatbot/.airflow-venv/lib/python3.12/site-packages/airflow/example_dags/example_datasets.py
[2026-09-18T10:20:20.151+0200] {logging_mixin.py:190} INFO - [2026-09-18T10:20:20.151+0200] {dag.py:3239} INFO - Sync 10 DAGs
[2026-09-18T10:20:20.177+0200] {logging_mixin.py:190} INFO - [2026-09-18T10:20:20.177+0200] {dag.py:4180} INFO - Setting next_dagrun for conditional_dataset_and_time_based_timetable to 2026-09-16 01:00:00+00:00, run_after=2026-09-16 01:00:00+00:00
[2026-09-18T10:20:20.177+0200] {logging_mixin.py:190} INFO - [2026-09-18T10:20:20.177+0200] {dag.py:4180} INFO - Setting next_dagrun for consume_1_and_2_with_dataset_expressions to None, run_after=None
[2026-09-18T10:20:20.178+0200] {logging_mixin.py:190} INFO - [2026-09-18T10:20:20.178+0200] {dag.py:4180} INFO - Setting next_dagrun for consume_1_or_2_with_dataset_expressions to None, run_after=None
[2026-09-18T10:20:20.178+0200] {logging_mixin.py:190} INFO - [2026-09-18T10:20:20.178+0200] {dag.py:4180} INFO - Setting next_dagrun for consume_1_or_both_2_and_3_with_dataset_expressions to None, run_after=None
[2026-09-18T10:20:20.178+0200] {logging_mixin.py:190} INFO - [2026-09-18T10:20:20.178+0200] {dag.py:4180} INFO - Setting next_dagrun for dataset_consumes_1 to None, run_after=None
[2026-09-18T10:20:20.178+0200] {logging_mixin.py:190} INFO - [2026-09-18T10:20:20.178+0200] {dag.py:4180} INFO - Setting next_dagrun for dataset_consumes_1_and_2 to None, run_after=None
[2026-09-18T10:20:20.178+0200] {logging_mixin.py:190} INFO - [2026-09-18T10:20:20.178+0200] {dag.py:4180} INFO - Setting next_dagrun for dataset_consumes_1_never_scheduled to None, run_after=None
[2026-09-18T10:20:20.179+0200] {logging_mixin.py:190} INFO - [2026-09-18T10:20:20.179+0200] {dag.py:4180} INFO - Setting next_dagrun for dataset_consumes_unknown_never_scheduled to None, run_after=None
[2026-09-18T10:20:20.179+0200] {logging_mixin.py:190} INFO - [2026-09-18T10:20:20.179+0200] {dag.py:4180} INFO - Setting next_dagrun for dataset_produces_1 to 2026-09-17 00:00:00+00:00, run_after=2026-09-18 00:00:00+00:00
[2026-09-18T10:20:20.179+0200] {logging_mixin.py:190} INFO - [2026-09-18T10:20:20.179+0200] {dag.py:4180} INFO - Setting next_dagrun for dataset_produces_2 to None, run_after=None
[2026-09-18T10:20:20.186+0200] {processor.py:208} INFO - Processing /Users/swarnalidatta/Desktop/AutoQueryChatbot/.airflow-venv/lib/python3.12/site-packages/airflow/example_dags/example_datasets.py took 0.082 seconds
[2026-09-18T14:07:13.752+0200] {processor.py:186} INFO - Started process (PID=2515) to work on /Users/swarnalidatta/Desktop/AutoQueryChatbot/.airflow-venv/lib/python3.12/site-packages/airflow/example_dags/example_datasets.py
[2026-09-18T14:07:13.753+0200] {processor.py:914} INFO - Processing file /Users/swarnalidatta/Desktop/AutoQueryChatbot/.airflow-venv/lib/python3.12/site-packages/airflow/example_dags/example_datasets.py for tasks to queue
[2026-09-18T14:07:13.753+0200] {logging_mixin.py:190} INFO - [2026-09-18T14:07:13.753+0200] {dagbag.py:588} INFO - Filling up the DagBag from /Users/swarnalidatta/Desktop/AutoQueryChatbot/.airflow-venv/lib/python3.12/site-packages/airflow/example_dags/example_datasets.py
[2026-09-18T14:07:13.767+0200] {processor.py:925} INFO - DAG(s) 'dataset_produces_2', 'consume_1_or_2_with_dataset_expressions', 'conditional_dataset_and_time_based_timetable', 'dataset_consumes_unknown_never_scheduled', 'dataset_consumes_1_and_2', 'dataset_consumes_1_never_scheduled', 'dataset_produces_1', 'dataset_consumes_1', 'consume_1_and_2_with_dataset_expressions', 'consume_1_or_both_2_and_3_with_dataset_expressions' retrieved from /Users/swarnalidatta/Desktop/AutoQueryChatbot/.airflow-venv/lib/python3.12/site-packages/airflow/example_dags/example_datasets.py
[2026-09-18T14:07:13.798+0200] {logging_mixin.py:190} INFO - [2026-09-18T14:07:13.798+0200] {dag.py:3239} INFO - Sync 10 DAGs
[2026-09-18T14:07:13.825+0200] {logging_mixin.py:190} INFO - [2026-09-18T14:07:13.825+0200] {dag.py:4180} INFO - Setting next_dagrun for conditional_dataset_and_time_based_timetable to 2026-09-16 01:00:00+00:00, run_after=2026-09-16 01:00:00+00:00
[2026-09-18T14:07:13.826+0200] {logging_mixin.py:190} INFO - [2026-09-18T14:07:13.826+0200] {dag.py:4180} INFO - Setting next_dagrun for consume_1_and_2_with_dataset_expressions to None, run_after=None
[2026-09-18T14:07:13.827+0200] {logging_mixin.py:190} INFO - [2026-09-18T14:07:13.827+0200] {dag.py:4180} INFO - Setting next_dagrun for consume_1_or_2_with_dataset_expressions to None, run_after=None
[2026-09-18T14:07:13.827+0200] {logging_mixin.py:190} INFO - [2026-09-18T14:07:13.827+0200] {dag.py:4180} INFO - Setting next_dagrun for consume_1_or_both_2_and_3_with_dataset_expressions to None, run_after=None
[2026-09-18T14:07:13.827+0200] {logging_mixin.py:190} INFO - [2026-09-18T14:07:13.827+0200] {dag.py:4180} INFO - Setting next_dagrun for dataset_consumes_1 to None, run_after=None
[2026-09-18T14:07:13.827+0200] {logging_mixin.py:190} INFO - [2026-09-18T14:07:13.827+0200] {dag.py:4180} INFO - Setting next_dagrun for dataset_consumes_1_and_2 to None, run_after=None
[2026-09-18T14:07:13.827+0200] {logging_mixin.py:190} INFO - [2026-09-18T14:07:13.827+0200] {dag.py:4180} INFO - Setting next_dagrun for dataset_consumes_1_never_scheduled to None, run_after=None
[2026-09-18T14:07:13.828+0200] {logging_mixin.py:190} INFO - [2026-09-18T14:07:13.828+0200] {dag.py:4180} INFO - Setting next_dagrun for dataset_consumes_unknown_never_scheduled to None, run_after=None
[2026-09-18T14:07:13.828+0200] {logging_mixin.py:190} INFO - [2026-09-18T14:07:13.828+0200] {dag.py:4180} INFO - Setting next_dagrun for dataset_produces_1 to 2026-09-17 00:00:00+00:00, run_after=2026-09-18 00:00:00+00:00
[2026-09-18T14:07:13.828+0200] {logging_mixin.py:190} INFO - [2026-09-18T14:07:13.828+0200] {dag.py:4180} INFO - Setting next_dagrun for dataset_produces_2 to None, run_after=None
[2026-09-18T14:07:13.835+0200] {processor.py:208} INFO - Processing /Users/swarnalidatta/Desktop/AutoQueryChatbot/.airflow-venv/lib/python3.12/site-packages/airflow/example_dags/example_datasets.py took 0.085 seconds
[2026-09-18T17:44:36.939+0200] {processor.py:186} INFO - Started process (PID=2798) to work on /Users/swarnalidatta/Desktop/AutoQueryChatbot/.airflow-venv/lib/python3.12/site-packages/airflow/example_dags/example_datasets.py
[2026-09-18T17:44:36.940+0200] {processor.py:914} INFO - Processing file /Users/swarnalidatta/Desktop/AutoQueryChatbot/.airflow-venv/lib/python3.12/site-packages/airflow/example_dags/example_datasets.py for tasks to queue
[2026-09-18T17:44:36.940+0200] {logging_mixin.py:190} INFO - [2026-09-18T17:44:36.940+0200] {dagbag.py:588} INFO - Filling up the DagBag from /Users/swarnalidatta/Desktop/AutoQueryChatbot/.airflow-venv/lib/python3.12/site-packages/airflow/example_dags/example_datasets.py
[2026-09-18T17:44:36.954+0200] {processor.py:925} INFO - DAG(s) 'consume_1_and_2_with_dataset_expressions', 'dataset_consumes_unknown_never_scheduled', 'dataset_consumes_1', 'dataset_consumes_1_and_2', 'conditional_dataset_and_time_based_timetable', 'consume_1_or_both_2_and_3_with_dataset_expressions', 'dataset_consumes_1_never_scheduled', 'dataset_produces_2', 'dataset_produces_1', 'consume_1_or_2_with_dataset_expressions' retrieved from /Users/swarnalidatta/Desktop/AutoQueryChatbot/.airflow-venv/lib/python3.12/site-packages/airflow/example_dags/example_datasets.py
[2026-09-18T17:44:36.983+0200] {logging_mixin.py:190} INFO - [2026-09-18T17:44:36.983+0200] {dag.py:3239} INFO - Sync 10 DAGs
[2026-09-18T17:44:37.009+0200] {logging_mixin.py:190} INFO - [2026-09-18T17:44:37.009+0200] {dag.py:4180} INFO - Setting next_dagrun for conditional_dataset_and_time_based_timetable to 2026-09-16 01:00:00+00:00, run_after=2026-09-16 01:00:00+00:00
[2026-09-18T17:44:37.010+0200] {logging_mixin.py:190} INFO - [2026-09-18T17:44:37.010+0200] {dag.py:4180} INFO - Setting next_dagrun for consume_1_and_2_with_dataset_expressions to None, run_after=None
[2026-09-18T17:44:37.010+0200] {logging_mixin.py:190} INFO - [2026-09-18T17:44:37.010+0200] {dag.py:4180} INFO - Setting next_dagrun for consume_1_or_2_with_dataset_expressions to None, run_after=None
[2026-09-18T17:44:37.011+0200] {logging_mixin.py:190} INFO - [2026-09-18T17:44:37.011+0200] {dag.py:4180} INFO - Setting next_dagrun for consume_1_or_both_2_and_3_with_dataset_expressions to None, run_after=None
[2026-09-18T17:44:37.011+0200] {logging_mixin.py:190} INFO - [2026-09-18T17:44:37.011+0200] {dag.py:4180} INFO - Setting next_dagrun for dataset_consumes_1 to None, run_after=None
[2026-09-18T17:44:37.011+0200] {logging_mixin.py:190} INFO - [2026-09-18T17:44:37.011+0200] {dag.py:4180} INFO - Setting next_dagrun for dataset_consumes_1_and_2 to None, run_after=None
[2026-09-18T17:44:37.011+0200] {logging_mixin.py:190} INFO - [2026-09-18T17:44:37.011+0200] {dag.py:4180} INFO - Setting next_dagrun for dataset_consumes_1_never_scheduled to None, run_after=None
[2026-09-18T17:44:37.011+0200] {logging_mixin.py:190} INFO - [2026-09-18T17:44:37.011+0200] {dag.py:4180} INFO - Setting next_dagrun for dataset_consumes_unknown_never_scheduled to None, run_after=None
[2026-09-18T17:44:37.012+0200] {logging_mixin.py:190} INFO - [2026-09-18T17:44:37.012+0200] {dag.py:4180} INFO - Setting next_dagrun for dataset_produces_1 to 2026-09-17 00:00:00+00:00, run_after=2026-09-18 00:00:00+00:00
[2026-09-18T17:44:37.012+0200] {logging_mixin.py:190} INFO - [2026-09-18T17:44:37.012+0200] {dag.py:4180} INFO - Setting next_dagrun for dataset_produces_2 to None, run_after=None
[2026-09-18T17:44:37.019+0200] {processor.py:208} INFO - Processing /Users/swarnalidatta/Desktop/AutoQueryChatbot/.airflow-venv/lib/python3.12/site-packages/airflow/example_dags/example_datasets.py took 0.081 seconds
[2026-09-18T21:00:45.988+0200] {processor.py:186} INFO - Started process (PID=3108) to work on /Users/swarnalidatta/Desktop/AutoQueryChatbot/.airflow-venv/lib/python3.12/site-packages/airflow/example_dags/example_datasets.py
[2026-09-18T21:00:45.989+0200] {processor.py:914} INFO - Processing file /Users/swarnalidatta/Desktop/AutoQueryChatbot/.airflow-venv/lib/python3.12/site-packages/airflow/example_dags/example_datasets.py for tasks to queue
[2026-09-18T21:00:45.990+0200] {logging_mixin.py:190} INFO - [2026-09-18T21:00:45.990+0200] {dagbag.py:588} INFO - Filling up the DagBag from /Users/swarnalidatta/Desktop/AutoQueryChatbot/.airflow-venv/lib/python3.12/site-packages/airflow/example_dags/example_datasets.py
[2026-09-18T21:00:46.003+0200] {processor.py:925} INFO - DAG(s) 'dataset_consumes_1_and_2', 'dataset_consumes_1_never_scheduled', 'dataset_produces_1', 'consume_1_and_2_with_dataset_expressions', 'dataset_produces_2', 'consume_1_or_both_2_and_3_with_dataset_expressions', 'dataset_consumes_1', 'conditional_dataset_and_time_based_timetable', 'consume_1_or_2_with_dataset_expressions', 'dataset_consumes_unknown_never_scheduled' retrieved from /Users/swarnalidatta/Desktop/AutoQueryChatbot/.airflow-venv/lib/python3.12/site-packages/airflow/example_dags/example_datasets.py
[2026-09-18T21:00:46.033+0200] {logging_mixin.py:190} INFO - [2026-09-18T21:00:46.033+0200] {dag.py:3239} INFO - Sync 10 DAGs
[2026-09-18T21:00:46.059+0200] {logging_mixin.py:190} INFO - [2026-09-18T21:00:46.059+0200] {dag.py:4180} INFO - Setting next_dagrun for conditional_dataset_and_time_based_timetable to 2026-09-16 01:00:00+00:00, run_after=2026-09-16 01:00:00+00:00
[2026-09-18T21:00:46.060+0200] {logging_mixin.py:190} INFO - [2026-09-18T21:00:46.060+0200] {dag.py:4180} INFO - Setting next_dagrun for consume_1_and_2_with_dataset_expressions to None, run_after=None
[2026-09-18T21:00:46.060+0200] {logging_mixin.py:190} INFO - [2026-09-18T21:00:46.060+0200] {dag.py:4180} INFO - Setting next_dagrun for consume_1_or_2_with_dataset_expressions to None, run_after=None
[2026-09-18T21:00:46.060+0200] {logging_mixin.py:190} INFO - [2026-09-18T21:00:46.060+0200] {dag.py:4180} INFO - Setting next_dagrun for consume_1_or_both_2_and_3_with_dataset_expressions to None, run_after=None
[2026-09-18T21:00:46.060+0200] {logging_mixin.py:190} INFO - [2026-09-18T21:00:46.060+0200] {dag.py:4180} INFO - Setting next_dagrun for dataset_consumes_1 to None, run_after=None
[2026-09-18T21:00:46.061+0200] {logging_mixin.py:190} INFO - [2026-09-18T21:00:46.061+0200] {dag.py:4180} INFO - Setting next_dagrun for dataset_consumes_1_and_2 to None, run_after=None
[2026-09-18T21:00:46.061+0200] {logging_mixin.py:190} INFO - [2026-09-18T21:00:46.061+0200] {dag.py:4180} INFO - Setting next_dagrun for dataset_consumes_1_never_scheduled to None, run_after=None
[2026-09-18T21:00:46.061+0200] {logging_mixin.py:190} INFO - [2026-09-18T21:00:46.061+0200] {dag.py:4180} INFO - Setting next_dagrun for dataset_consumes_unknown_never_scheduled to None, run_after=None
[2026-09-18T21:00:46.061+0200] {logging_mixin.py:190} INFO - [2026-09-18T21:00:46.061+0200] {dag.py:4180} INFO - Setting next_dagrun for dataset_produces_1 to 2026-09-17 00:00:00+00:00, run_after=2026-09-18 00:00:00+00:00
[2026-09-18T21:00:46.062+0200] {logging_mixin.py:190} INFO - [2026-09-18T21:00:46.062+0200] {dag.py:4180} INFO - Setting next_dagrun for dataset_produces_2 to None, run_after=None
[2026-09-18T21:00:46.069+0200] {processor.py:208} INFO - Processing /Users/swarnalidatta/Desktop/AutoQueryChatbot/.airflow-venv/lib/python3.12/site-packages/airflow/example_dags/example_datasets.py took 0.082 seconds
[2026-09-18T23:32:11.426+0200] {processor.py:186} INFO - Started process (PID=3371) to work on /Users/swarnalidatta/Desktop/AutoQueryChatbot/.airflow-venv/lib/python3.12/site-packages/airflow/example_dags/example_datasets.py
[2026-09-18T23:32:11.426+0200] {processor.py:914} INFO - Processing file /Users/swarnalidatta/Desktop/AutoQueryChatbot/.airflow-venv/lib/python3.12/site-packages/airflow/example_dags/example_datasets.py for tasks to queue
[2026-09-18T23:32:11.427+0200] {logging_mixin.py:190} INFO - [2026-09-18T23:32:11.427+0200] {dagbag.py:588} INFO - Filling up the DagBag from /Users/swarnalidatta/Desktop/AutoQueryChatbot/.airflow-venv/lib/python3.12/site-packages/airflow/example_dags/example_datasets.py
[2026-09-18T23:32:11.441+0200] {processor.py:925} INFO - DAG(s) 'dataset_produces_1', 'consume_1_or_both_2_and_3_with_dataset_expressions', 'consume_1_or_2_with_dataset_expressions', 'consume_1_and_2_with_dataset_expressions', 'dataset_consumes_1_never_scheduled', 'dataset_consumes_1_and_2', 'dataset_consumes_unknown_never_scheduled', 'dataset_consumes_1', 'dataset_produces_2', 'conditional_dataset_and_time_based_timetable' retrieved from /Users/swarnalidatta/Desktop/AutoQueryChatbot/.airflow-venv/lib/python3.12/site-packages/airflow/example_dags/example_datasets.py
[2026-09-18T23:32:11.470+0200] {logging_mixin.py:190} INFO - [2026-09-18T23:32:11.470+0200] {dag.py:3239} INFO - Sync 10 DAGs
[2026-09-18T23:32:11.496+0200] {logging_mixin.py:190} INFO - [2026-09-18T23:32:11.496+0200] {dag.py:4180} INFO - Setting next_dagrun for conditional_dataset_and_time_based_timetable to 2026-09-16 01:00:00+00:00, run_after=2026-09-16 01:00:00+00:00
[2026-09-18T23:32:11.497+0200] {logging_mixin.py:190} INFO - [2026-09-18T23:32:11.497+0200] {dag.py:4180} INFO - Setting next_dagrun for consume_1_and_2_with_dataset_expressions to None, run_after=None
[2026-09-18T23:32:11.497+0200] {logging_mixin.py:190} INFO - [2026-09-18T23:32:11.497+0200] {dag.py:4180} INFO - Setting next_dagrun for consume_1_or_2_with_dataset_expressions to None, run_after=None
[2026-09-18T23:32:11.497+0200] {logging_mixin.py:190} INFO - [2026-09-18T23:32:11.497+0200] {dag.py:4180} INFO - Setting next_dagrun for consume_1_or_both_2_and_3_with_dataset_expressions to None, run_after=None
[2026-09-18T23:32:11.498+0200] {logging_mixin.py:190} INFO - [2026-09-18T23:32:11.498+0200] {dag.py:4180} INFO - Setting next_dagrun for dataset_consumes_1 to None, run_after=None
[2026-09-18T23:32:11.498+0200] {logging_mixin.py:190} INFO - [2026-09-18T23:32:11.498+0200] {dag.py:4180} INFO - Setting next_dagrun for dataset_consumes_1_and_2 to None, run_after=None
[2026-09-18T23:32:11.498+0200] {logging_mixin.py:190} INFO - [2026-09-18T23:32:11.498+0200] {dag.py:4180} INFO - Setting next_dagrun for dataset_consumes_1_never_scheduled to None, run_after=None
[2026-09-18T23:32:11.498+0200] {logging_mixin.py:190} INFO - [2026-09-18T23:32:11.498+0200] {dag.py:4180} INFO - Setting next_dagrun for dataset_consumes_unknown_never_scheduled to None, run_after=None
[2026-09-18T23:32:11.499+0200] {logging_mixin.py:190} INFO - [2026-09-18T23:32:11.499+0200] {dag.py:4180} INFO - Setting next_dagrun for dataset_produces_1 to 2026-09-17 00:00:00+00:00, run_after=2026-09-18 00:00:00+00:00
[2026-09-18T23:32:11.499+0200] {logging_mixin.py:190} INFO - [2026-09-18T23:32:11.499+0200] {dag.py:4180} INFO - Setting next_dagrun for dataset_produces_2 to None, run_after=None
[2026-09-18T23:32:11.506+0200] {processor.py:208} INFO - Processing /Users/swarnalidatta/Desktop/AutoQueryChatbot/.airflow-venv/lib/python3.12/site-packages/airflow/example_dags/example_datasets.py took 0.081 seconds
