[2026-09-18T02:42:33.597+0200] {processor.py:186} INFO - Started process (PID=1685) to work on /Users/swarnalidatta/Desktop/AutoQueryChatbot/.airflow-venv/lib/python3.12/site-packages/airflow/example_dags/tutorial_dag.py
[2026-09-18T02:42:33.597+0200] {processor.py:914} INFO - Processing file /Users/swarnalidatta/Desktop/AutoQueryChatbot/.airflow-venv/lib/python3.12/site-packages/airflow/example_dags/tutorial_dag.py for tasks to queue
[2026-09-18T02:42:33.597+0200] {logging_mixin.py:190} INFO - [2026-09-18T02:42:33.597+0200] {dagbag.py:588} INFO - Filling up the DagBag from /Users/swarnalidatta/Desktop/AutoQueryChatbot/.airflow-venv/lib/python3.12/site-packages/airflow/example_dags/tutorial_dag.py
[2026-09-18T02:42:33.605+0200] {processor.py:925} INFO - DAG(s) 'tutorial_dag' retrieved from /Users/swarnalidatta/Desktop/AutoQueryChatbot/.airflow-venv/lib/python3.12/site-packages/airflow/example_dags/tutorial_dag.py
[2026-09-18T02:42:33.630+0200] {logging_mixin.py:190} INFO - [2026-09-18T02:42:33.630+0200] {dag.py:3239} INFO - Sync 1 DAGs
[2026-09-18T02:42:33.653+0200] {logging_mixin.py:190} INFO - [2026-09-18T02:42:33.653+0200] {dag.py:4180} INFO - Setting next_dagrun for tutorial_dag to None, run_after=None
[2026-09-18T02:42:33.658+0200] {processor.py:208} INFO - Processing /Users/swarnalidatta/Desktop/AutoQueryChatbot/.airflow-venv/lib/python3.12/site-packages/airflow/example_dags/tutorial_dag.py took 0.062 seconds
[2026-09-18T07:28:23.895+0200] {processor.py:186} INFO - Started process (PID=2028) to work on /Users/swarnalidatta/Desktop/AutoQueryChatbot/.airflow-venv/lib/python3.12/site-packages/airflow/example_dags/tutorial_dag.py
[2026-09-18T07:28:23.895+0200] {processor.py:914} INFO - Processing file /Users/swarnalidatta/Desktop/AutoQueryChatbot/.airflow-venv/lib/python3.12/site-packages/airflow/example_dags/tutorial_dag.py for tasks to queue
[2026-09-18T07:28:23.895+0200] {logging_mixin.py:190} INFO - [2026-09-18T07:28:23.895+0200] {dagbag.py:588} INFO - Filling up the DagBag from /Users/swarnalidatta/Desktop/AutoQueryChatbot/.airflow-venv/lib/python3.12/site-packages/airflow/example_dags/tutorial_dag.py
[2026-09-18T07:28:23.904+0200] {processor.py:925} INFO - DAG(s) 'tutorial_dag' retrieved from /Users/swarnalidatta/Desktop/AutoQueryChatbot/.airflow-venv/lib/python3.12/site-packages/airflow/example_dags/tutorial_dag.py
[2026-09-18T07:28:23.929+0200] {logging_mixin.py:190} INFO - [2026-09-18T07:28:23.929+0200] {dag.py:3239} INFO - Sync 1 DAGs
[2026-09-18T07:28:23.952+0200] {logging_mixin.py:190} INFO - [2026-09-18T07:28:23.952+0200] {dag.py:4180} INFO - Setting next_dagrun for tutorial_dag to None, run_after=None
[2026-09-18T07:28:23.957+0200] {processor.py:208} INFO - Processing /Users/swarnalidatta/Desktop/AutoQueryChatbot/.airflow-venv/lib/python3.12/site-packages/airflow/example_dags/tutorial_dag.py took 0.064 seconds
[2026-09-18T11:53:37.976+0200] {processor.py:186} INFO - Started process (PID=2341) to work on /Users/swarnalidatta/Desktop/AutoQueryChatbot/.airflow-venv/lib/python3.12/site-packages/airflow/example_dags/tutorial_dag.py
[2026-09-18T11:53:37.977+0200] {processor.py:914} INFO - Processing file /Users/swarnalidatta/Desktop/AutoQueryChatbot/.airflow-venv/lib/python3.12/site-packages/airflow/example_dags/tutorial_dag.py for tasks to queue
[2026-09-18T11:53:37.978+0200] {logging_mixin.py:190} INFO - [2026-09-18T11:53:37.978+0200] {dagbag.py:588} INFO - Filling up the DagBag from /Users/swarnalidatta/Desktop/AutoQueryChatbot/.airflow-venv/lib/python3.12/site-packages/airflow/example_dags/tutorial_dag.py
[2026-09-18T11:53:37.986+0200] {processor.py:925} INFO - DAG(s) 'tutorial_dag' retrieved from /Users/swarnalidatta/Desktop/AutoQueryChatbot/.airflow-venv/lib/python3.12/site-packages/airflow/example_dags/tutorial_dag.py
[2026-09-18T11:53:38.010+0200] {logging_mixin.py:190} INFO - [2026-09-18T11:53:38.010+0200] {dag.py:3239} INFO - Sync 1 DAGs
[2026-09-18T11:53:38.033+0200] {logging_mixin.py:190} INFO - [2026-09-18T11:53:38.033+0200] {dag.py:4180} INFO - Setting next_dagrun for tutorial_dag to None, run_after=None
[2026-09-18T11:53:38.038+0200] {processor.py:208} INFO - Processing /Users/swarnalidatta/Desktop/AutoQueryChatbot/.airflow-venv/lib/python3.12/site-packages/airflow/example_dags/tutorial_dag.py took 0.063 seconds
[2026-09-18T15:39:56.915+0200] {processor.py:186} INFO - Started process (PID=2625) to work on /Users/swarnalidatta/Desktop/AutoQueryChatbot/.airflow-venv/lib/python3.12/site-packages/airflow/example_dags/tutorial_dag.py
[2026-09-18T15:39:56.916+0200] {processor.py:914} INFO - Processing file /Users/swarnalidatta/Desktop/AutoQueryChatbot/.airflow-venv/lib/python3.12/site-packages/airflow/example_dags/tutorial_dag.py for tasks to queue
[2026-09-18T15:39:56.916+0200] {logging_mixin.py:190} INFO - [2026-09-18T15:39:56.916+0200] {dagbag.py:588} INFO - Filling up the DagBag from /Users/swarnalidatta/Desktop/AutoQueryChatbot/.airflow-venv/lib/python3.12/site-packages/airflow/example_dags/tutorial_dag.py
[2026-09-18T15:39:56.924+0200] {processor.py:925} INFO - DAG(s) 'tutorial_dag' retrieved from /Users/swarnalidatta/Desktop/AutoQueryChatbot/.airflow-venv/lib/python3.12/site-packages/airflow/example_dags/tutorial_dag.py
[2026-09-18T15:39:56.949+0200] {logging_mixin.py:190} INFO - [2026-09-18T15:39:56.949+0200] {dag.py:3239} INFO - Sync 1 DAGs
[2026-09-18T15:39:56.972+0200] {logging_mixin.py:190} INFO - [2026-09-18T15:39:56.972+0200] {dag.py:4180} INFO - Setting next_dagrun for tutorial_dag to None, run_after=None
[2026-09-18T15:39:56.977+0200] {processor.py:208} INFO - Processing /Users/swarnalidatta/Desktop/AutoQueryChatbot/.airflow-venv/lib/python3.12/site-packages/airflow/example_dags/tutorial_dag.py took 0.063 seconds
[2026-09-18T19:12:15.711+0200] {processor.py:186} INFO - Started process (PID=2921) to work on /Users/swarnalidatta/Desktop/AutoQueryChatbot/.airflow-venv/lib/python3.12/site-packages/airflow/example_dags/tutorial_dag.py
[2026-09-18T19:12:15.711+0200] {processor.py:914} INFO - Processing file /Users/swarnalidatta/Desktop/AutoQueryChatbot/.airflow-venv/lib/python3.12/site-packages/airflow/example_dags/tutorial_dag.py for tasks to queue
[2026-09-18T19:12:15.712+0200] {logging_mixin.py:190} INFO - [2026-09-18T19:12:15.712+0200] {dagbag.py:588} INFO - Filling up the DagBag from /Users/swarnalidatta/Desktop/AutoQueryChatbot/.airflow-venv/lib/python3.12/site-packages/airflow/example_dags/tutorial_dag.py
[2026-09-18T19:12:15.720+0200] {processor.py:925} INFO - DAG(s) 'tutorial_dag' retrieved from /Users/swarnalidatta/Desktop/AutoQueryChatbot/.airflow-venv/lib/python3.12/site-packages/airflow/example_dags/tutorial_dag.py
[2026-09-18T19:12:15.745+0200] {logging_mixin.py:190} INFO - [2026-09-18T19:12:15.744+0200] {dag.py:3239} INFO - Sync 1 DAGs
[2026-09-18T19:12:15.770+0200] {logging_mixin.py:190} INFO - [2026-09-18T19:12:15.770+0200] {dag.py:4180} INFO - Setting next_dagrun for tutorial_dag to None, run_after=None
[2026-09-18T19:12:15.775+0200] {processor.py:208} INFO - Processing /Users/swarnalidatta/Desktop/AutoQueryChatbot/.airflow-venv/lib/python3.12/site-packages/airflow/example_dags/tutorial_dag.py took 0.065 seconds
[2026-09-18T22:00:28.302+0200] {processor.py:186} INFO - Started process (PID=3202) to work on /Users/swarnalidatta/Desktop/AutoQueryChatbot/.airflow-venv/lib/python3.12/site-packages/airflow/example_dags/tutorial_dag.py
[2026-09-18T22:00:28.303+0200] {processor.py:914} INFO - Processing file /Users/swarnalidatta/Desktop/AutoQueryChatbot/.airflow-venv/lib/python3.12/site-packages/airflow/example_dags/tutorial_dag.py for tasks to queue
[2026-09-18T22:00:28.303+0200] {logging_mixin.py:190} INFO - [2026-09-18T22:00:28.303+0200] {dagbag.py:588} INFO - Filling up the DagBag from /Users/swarnalidatta/Desktop/AutoQueryChatbot/.airflow-venv/lib/python3.12/site-packages/airflow/example_dags/tutorial_dag.py
[2026-09-18T22:00:28.311+0200] {processor.py:925} INFO - DAG(s) 'tutorial_dag' retrieved from /Users/swarnalidatta/Desktop/AutoQueryChatbot/.airflow-venv/lib/python3.12/site-packages/airflow/example_dags/tutorial_dag.py
[2026-09-18T22:00:28.336+0200] {logging_mixin.py:190} INFO - [2026-09-18T22:00:28.336+0200] {dag.py:3239} INFO - Sync 1 DAGs
[2026-09-18T22:00:28.359+0200] {logging_mixin.py:190} INFO - [2026-09-18T22:00:28.359+0200] {dag.py:4180} INFO - Setting next_dagrun for tutorial_dag to None, run_after=None
[2026-09-18T22:00:28.364+0200] {processor.py:208} INFO - Processing /Users/swarnalidatta/Desktop/AutoQueryChatbot/.airflow-venv/lib/python3.12/site-packages/airflow/example_dags/tutorial_dag.py took 0.063 seconds
[2026-09-19T01:06:34.821+0200] {processor.py:186} INFO - Started process (PID=3496) to work on /Users/swarnalidatta/Desktop/AutoQueryChatbot/.airflow-venv/lib/python3.12/site-packages/airflow/example_dags/tutorial_dag.py
[2026-09-19T01:06:34.823+0200] {processor.py:914} INFO - Processing file /Users/swarnalidatta/Desktop/AutoQueryChatbot/.airflow-venv/lib/python3.12/site-packages/airflow/example_dags/tutorial_dag.py for tasks to queue
[2026-09-19T01:06:34.823+0200] {logging_mixin.py:190} INFO - [2026-09-19T01:06:34.823+0200] {dagbag.py:588} INFO - Filling up the DagBag from /Users/swarnalidatta/Desktop/AutoQueryChatbot/.airflow-venv/lib/python3.12/site-packages/airflow/example_dags/tutorial_dag.py
[2026-09-19T01:06:34.831+0200] {processor.py:925} INFO - DAG(s) 'tutorial_dag' retrieved from /Users/swarnalidatta/Desktop/AutoQueryChatbot/.airflow-venv/lib/python3.12/site-packages/airflow/example_dags/tutorial_dag.py
[2026-09-19T01:06:34.856+0200] {logging_mixin.py:190} INFO - [2026-09-19T01:06:34.856+0200] {dag.py:3239} INFO - Sync 1 DAGs
[2026-09-19T01:06:34.879+0200] {logging_mixin.py:190} INFO - [2026-09-19T01:06:34.879+0200] {dag.py:4180} INFO - Setting next_dagrun for tutorial_dag to None, run_after=None
[2026-09-19T01:06:34.884+0200] {processor.py:208} INFO - Processing /Users/swarnalidatta/Desktop/AutoQueryChatbot/.airflow-venv/lib/python3.12/site-packages/airflow/example_dags/tutorial_dag.py took 0.063 seconds
