[2026-09-18T02:42:29.296+0200] {processor.py:186} INFO - Started process (PID=1680) to work on /Users/swarnalidatta/Desktop/AutoQueryChatbot/.airflow-venv/lib/python3.12/site-packages/airflow/example_dags/tutorial_taskflow_api.py
[2026-09-18T02:42:29.296+0200] {processor.py:914} INFO - Processing file /Users/swarnalidatta/Desktop/AutoQueryChatbot/.airflow-venv/lib/python3.12/site-packages/airflow/example_dags/tutorial_taskflow_api.py for tasks to queue
[2026-09-18T02:42:29.296+0200] {logging_mixin.py:190} INFO - [2026-09-18T02:42:29.296+0200] {dagbag.py:588} INFO - Filling up the DagBag from /Users/swarnalidatta/Desktop/AutoQueryChatbot/.airflow-venv/lib/python3.12/site-packages/airflow/example_dags/tutorial_taskflow_api.py
[2026-09-18T02:42:29.308+0200] {processor.py:925} INFO - DAG(s) 'tutorial_taskflow_api' retrieved from /Users/swarnalidatta/Desktop/AutoQueryChatbot/.airflow-venv/lib/python3.12/site-packages/airflow/example_dags/tutorial_taskflow_api.py
[2026-09-18T02:42:29.333+0200] {logging_mixin.py:190} INFO - [2026-09-18T02:42:29.333+0200] {dag.py:3239} INFO - Sync 1 DAGs
[2026-09-18T02:42:29.355+0200] {logging_mixin.py:190} INFO - [2026-09-18T02:42:29.355+0200] {dag.py:4180} INFO - Setting next_dagrun for tutorial_taskflow_api to None, run_after=None
[2026-09-18T02:42:29.360+0200] {processor.py:208} INFO - Processing /Users/swarnalidatta/Desktop/AutoQueryChatbot/.airflow-venv/lib/python3.12/site-packages/airflow/example_dags/tutorial_taskflow_api.py took 0.066 seconds
[2026-09-18T07:10:33.708+0200] {processor.py:186} INFO - Started process (PID=2019) to work on /Users/swarnalidatta/Desktop/AutoQueryChatbot/.airflow-venv/lib/python3.12/site-packages/airflow/example_dags/tutorial_taskflow_api.py
[2026-09-18T07:10:33.709+0200] {processor.py:914} INFO - Processing file /Users/swarnalidatta/Desktop/AutoQueryChatbot/.airflow-venv/lib/python3.12/site-packages/airflow/example_dags/tutorial_taskflow_api.py for tasks to queue
[2026-09-18T07:10:33.709+0200] {logging_mixin.py:190} INFO - [2026-09-18T07:10:33.709+0200] {dagbag.py:588} INFO - Filling up the DagBag from /Users/swarnalidatta/Desktop/AutoQueryChatbot/.airflow-venv/lib/python3.12/site-packages/airflow/example_dags/tutorial_taskflow_api.py
[2026-09-18T07:10:33.721+0200] {processor.py:925} INFO - DAG(s) 'tutorial_taskflow_api' retrieved from /Users/swarnalidatta/Desktop/AutoQueryChatbot/.airflow-venv/lib/python3.12/site-packages/airflow/example_dags/tutorial_taskflow_api.py
[2026-09-18T07:10:33.746+0200] {logging_mixin.py:190} INFO - [2026-09-18T07:10:33.746+0200] {dag.py:3239} INFO - Sync 1 DAGs
[2026-09-18T07:10:33.768+0200] {logging_mixin.py:190} INFO - [2026-09-18T07:10:33.768+0200] {dag.py:4180} INFO - Setting next_dagrun for tutorial_taskflow_api to None, run_after=None
[2026-09-18T07:10:33.774+0200] {processor.py:208} INFO - Processing /Users/swarnalidatta/Desktop/AutoQueryChatbot/.airflow-venv/lib/python3.12/site-packages/airflow/example_dags/tutorial_taskflow_api.py took 0.067 seconds
[2026-09-18T11:36:54.825+0200] {processor.py:186} INFO - Started process (PID=2333) to work on /Users/swarnalidatta/Desktop/AutoQueryChatbot/.airflow-venv/lib/python3.12/site-packages/airflow/example_dags/tutorial_taskflow_api.py
[2026-09-18T11:36:54.826+0200] {processor.py:914} INFO - Processing file /Users/swarnalidatta/Desktop/AutoQueryChatbot/.airflow-venv/lib/python3.12/site-packages/airflow/example_dags/tutorial_taskflow_api.py for tasks to queue
[2026-09-18T11:36:54.827+0200] {logging_mixin.py:190} INFO - [2026-09-18T11:36:54.827+0200] {dagbag.py:588} INFO - Filling up the DagBag from /Users/swarnalidatta/Desktop/AutoQueryChatbot/.airflow-venv/lib/python3.12/site-packages/airflow/example_dags/tutorial_taskflow_api.py
[2026-09-18T11:36:54.838+0200] {processor.py:925} INFO - DAG(s) 'tutorial_taskflow_api' retrieved from /Users/swarnalidatta/Desktop/AutoQueryChatbot/.airflow-venv/lib/python3.12/site-packages/airflow/example_dags/tutorial_taskflow_api.py
[2026-09-18T11:36:54.863+0200] {logging_mixin.py:190} INFO - [2026-09-18T11:36:54.863+0200] {dag.py:3239} INFO - Sync 1 DAGs
[2026-09-18T11:36:54.887+0200] {logging_mixin.py:190} INFO - [2026-09-18T11:36:54.887+0200] {dag.py:4180} INFO - Setting next_dagrun for tutorial_taskflow_api to None, run_after=None
[2026-09-18T11:36:54.892+0200] {processor.py:208} INFO - Processing /Users/swarnalidatta/Desktop/AutoQueryChatbot/.airflow-venv/lib/python3.12/site-packages/airflow/example_dags/tutorial_taskflow_api.py took 0.068 seconds
[2026-09-18T15:23:30.717+0200] {processor.py:186} INFO - Started process (PID=2616) to work on /Users/swarnalidatta/Desktop/AutoQueryChatbot/.airflow-venv/lib/python3.12/site-packages/airflow/example_dags/tutorial_taskflow_api.py
[2026-09-18T15:23:30.718+0200] {processor.py:914} INFO - Processing file /Users/swarnalidatta/Desktop/AutoQueryChatbot/.airflow-venv/lib/python3.12/site-packages/airflow/example_dags/tutorial_taskflow_api.py for tasks to queue
[2026-09-18T15:23:30.718+0200] {logging_mixin.py:190} INFO - [2026-09-18T15:23:30.718+0200] {dagbag.py:588} INFO - Filling up the DagBag from /Users/swarnalidatta/Desktop/AutoQueryChatbot/.airflow-venv/lib/python3.12/site-packages/airflow/example_dags/tutorial_taskflow_api.py
[2026-09-18T15:23:30.730+0200] {processor.py:925} INFO - DAG(s) 'tutorial_taskflow_api' retrieved from /Users/swarnalidatta/Desktop/AutoQueryChatbot/.airflow-venv/lib/python3.12/site-packages/airflow/example_dags/tutorial_taskflow_api.py
[2026-09-18T15:23:30.754+0200] {logging_mixin.py:190} INFO - [2026-09-18T15:23:30.754+0200] {dag.py:3239} INFO - Sync 1 DAGs
[2026-09-18T15:23:30.777+0200] {logging_mixin.py:190} INFO - [2026-09-18T15:23:30.777+0200] {dag.py:4180} INFO - Setting next_dagrun for tutorial_taskflow_api to None, run_after=None
[2026-09-18T15:23:30.782+0200] {processor.py:208} INFO - Processing /Users/swarnalidatta/Desktop/AutoQueryChatbot/.airflow-venv/lib/python3.12/site-packages/airflow/example_dags/tutorial_taskflow_api.py took 0.067 seconds
[2026-09-18T19:00:25.435+0200] {processor.py:186} INFO - Started process (PID=2910) to work on /Users/swarnalidatta/Desktop/AutoQueryChatbot/.airflow-venv/lib/python3.12/site-packages/airflow/example_dags/tutorial_taskflow_api.py
[2026-09-18T19:00:25.435+0200] {processor.py:914} INFO - Processing file /Users/swarnalidatta/Desktop/AutoQueryChatbot/.airflow-venv/lib/python3.12/site-packages/airflow/example_dags/tutorial_taskflow_api.py for tasks to queue
[2026-09-18T19:00:25.435+0200] {logging_mixin.py:190} INFO - [2026-09-18T19:00:25.435+0200] {dagbag.py:588} INFO - Filling up the DagBag from /Users/swarnalidatta/Desktop/AutoQueryChatbot/.airflow-venv/lib/python3.12/site-packages/airflow/example_dags/tutorial_taskflow_api.py
[2026-09-18T19:00:25.448+0200] {processor.py:925} INFO - DAG(s) 'tutorial_taskflow_api' retrieved from /Users/swarnalidatta/Desktop/AutoQueryChatbot/.airflow-venv/lib/python3.12/site-packages/airflow/example_dags/tutorial_taskflow_api.py
[2026-09-18T19:00:25.472+0200] {logging_mixin.py:190} INFO - [2026-09-18T19:00:25.472+0200] {dag.py:3239} INFO - Sync 1 DAGs
[2026-09-18T19:00:25.495+0200] {logging_mixin.py:190} INFO - [2026-09-18T19:00:25.495+0200] {dag.py:4180} INFO - Setting next_dagrun for tutorial_taskflow_api to None, run_after=None
[2026-09-18T19:00:25.500+0200] {processor.py:208} INFO - Processing /Users/swarnalidatta/Desktop/AutoQueryChatbot/.airflow-venv/lib/python3.12/site-packages/airflow/example_dags/tutorial_taskflow_api.py took 0.066 seconds
[2026-09-18T21:48:06.136+0200] {processor.py:186} INFO - Started process (PID=3194) to work on /Users/swarnalidatta/Desktop/AutoQueryChatbot/.airflow-venv/lib/python3.12/site-packages/airflow/example_dags/tutorial_taskflow_api.py
[2026-09-18T21:48:06.137+0200] {processor.py:914} INFO - Processing file /Users/swarnalidatta/Desktop/AutoQueryChatbot/.airflow-venv/lib/python3.12/site-packages/airflow/example_dags/tutorial_taskflow_api.py for tasks to queue
[2026-09-18T21:48:06.137+0200] {logging_mixin.py:190} INFO - [2026-09-18T21:48:06.137+0200] {dagbag.py:588} INFO - Filling up the DagBag from /Users/swarnalidatta/Desktop/AutoQueryChatbot/.airflow-venv/lib/python3.12/site-packages/airflow/example_dags/tutorial_taskflow_api.py
[2026-09-18T21:48:06.149+0200] {processor.py:925} INFO - DAG(s) 'tutorial_taskflow_api' retrieved from /Users/swarnalidatta/Desktop/AutoQueryChatbot/.airflow-venv/lib/python3.12/site-packages/airflow/example_dags/tutorial_taskflow_api.py
[2026-09-18T21:48:06.173+0200] {logging_mixin.py:190} INFO - [2026-09-18T21:48:06.173+0200] {dag.py:3239} INFO - Sync 1 DAGs
[2026-09-18T21:48:06.195+0200] {logging_mixin.py:190} INFO - [2026-09-18T21:48:06.195+0200] {dag.py:4180} INFO - Setting next_dagrun for tutorial_taskflow_api to None, run_after=None
[2026-09-18T21:48:06.201+0200] {processor.py:208} INFO - Processing /Users/swarnalidatta/Desktop/AutoQueryChatbot/.airflow-venv/lib/python3.12/site-packages/airflow/example_dags/tutorial_taskflow_api.py took 0.066 seconds
[2026-09-19T01:06:31.398+0200] {processor.py:186} INFO - Started process (PID=3485) to work on /Users/swarnalidatta/Desktop/AutoQueryChatbot/.airflow-venv/lib/python3.12/site-packages/airflow/example_dags/tutorial_taskflow_api.py
[2026-09-19T01:06:31.400+0200] {processor.py:914} INFO - Processing file /Users/swarnalidatta/Desktop/AutoQueryChatbot/.airflow-venv/lib/python3.12/site-packages/airflow/example_dags/tutorial_taskflow_api.py for tasks to queue
[2026-09-19T01:06:31.400+0200] {logging_mixin.py:190} INFO - [2026-09-19T01:06:31.400+0200] {dagbag.py:588} INFO - Filling up the DagBag from /Users/swarnalidatta/Desktop/AutoQueryChatbot/.airflow-venv/lib/python3.12/site-packages/airflow/example_dags/tutorial_taskflow_api.py
[2026-09-19T01:06:31.412+0200] {processor.py:925} INFO - DAG(s) 'tutorial_taskflow_api' retrieved from /Users/swarnalidatta/Desktop/AutoQueryChatbot/.airflow-venv/lib/python3.12/site-packages/airflow/example_dags/tutorial_taskflow_api.py
[2026-09-19T01:06:31.436+0200] {logging_mixin.py:190} INFO - [2026-09-19T01:06:31.436+0200] {dag.py:3239} INFO - Sync 1 DAGs
[2026-09-19T01:06:31.459+0200] {logging_mixin.py:190} INFO - [2026-09-19T01:06:31.459+0200] {dag.py:4180} INFO - Setting next_dagrun for tutorial_taskflow_api to None, run_after=None
[2026-09-19T01:06:31.464+0200] {processor.py:208} INFO - Processing /Users/swarnalidatta/Desktop/AutoQueryChatbot/.airflow-venv/lib/python3.12/site-packages/airflow/example_dags/tutorial_taskflow_api.py took 0.067 seconds
