[2026-09-18T02:42:27.126+0200] {processor.py:186} INFO - Started process (PID=1672) to work on /Users/swarnalidatta/Desktop/AutoQueryChatbot/.airflow-venv/lib/python3.12/site-packages/airflow/example_dags/tutorial_taskflow_templates.py
[2026-09-18T02:42:27.127+0200] {processor.py:914} INFO - Processing file /Users/swarnalidatta/Desktop/AutoQueryChatbot/.airflow-venv/lib/python3.12/site-packages/airflow/example_dags/tutorial_taskflow_templates.py for tasks to queue
[2026-09-18T02:42:27.127+0200] {logging_mixin.py:190} INFO - [2026-09-18T02:42:27.127+0200] {dagbag.py:588} INFO - Filling up the DagBag from /Users/swarnalidatta/Desktop/AutoQueryChatbot/.airflow-venv/lib/python3.12/site-packages/airflow/example_dags/tutorial_taskflow_templates.py
[2026-09-18T02:42:27.140+0200] {processor.py:925} INFO - DAG(s) 'tutorial_taskflow_templates' retrieved from /Users/swarnalidatta/Desktop/AutoQueryChatbot/.airflow-venv/lib/python3.12/site-packages/airflow/example_dags/tutorial_taskflow_templates.py
[2026-09-18T02:42:27.165+0200] {logging_mixin.py:190} INFO - [2026-09-18T02:42:27.165+0200] {dag.py:3239} INFO - Sync 1 DAGs
[2026-09-18T02:42:27.192+0200] {logging_mixin.py:190} INFO - [2026-09-18T02:42:27.192+0200] {dag.py:4180} INFO - Setting next_dagrun for tutorial_taskflow_templates to 2026-09-17 00:00:00+00:00, run_after=2026-09-18 00:00:00+00:00
[2026-09-18T02:42:27.196+0200] {processor.py:208} INFO - Processing /Users/swarnalidatta/Desktop/AutoQueryChatbot/.airflow-venv/lib/python3.12/site-packages/airflow/example_dags/tutorial_taskflow_templates.py took 0.071 seconds
[2026-09-18T06:52:39.439+0200] {processor.py:186} INFO - Started process (PID=2004) to work on /Users/swarnalidatta/Desktop/AutoQueryChatbot/.airflow-venv/lib/python3.12/site-packages/airflow/example_dags/tutorial_taskflow_templates.py
[2026-09-18T06:52:39.439+0200] {processor.py:914} INFO - Processing file /Users/swarnalidatta/Desktop/AutoQueryChatbot/.airflow-venv/lib/python3.12/site-packages/airflow/example_dags/tutorial_taskflow_templates.py for tasks to queue
[2026-09-18T06:52:39.439+0200] {logging_mixin.py:190} INFO - [2026-09-18T06:52:39.439+0200] {dagbag.py:588} INFO - Filling up the DagBag from /Users/swarnalidatta/Desktop/AutoQueryChatbot/.airflow-venv/lib/python3.12/site-packages/airflow/example_dags/tutorial_taskflow_templates.py
[2026-09-18T06:52:39.453+0200] {processor.py:925} INFO - DAG(s) 'tutorial_taskflow_templates' retrieved from /Users/swarnalidatta/Desktop/AutoQueryChatbot/.airflow-venv/lib/python3.12/site-packages/airflow/example_dags/tutorial_taskflow_templates.py
[2026-09-18T06:52:39.478+0200] {logging_mixin.py:190} INFO - [2026-09-18T06:52:39.478+0200] {dag.py:3239} INFO - Sync 1 DAGs
[2026-09-18T06:52:39.503+0200] {logging_mixin.py:190} INFO - [2026-09-18T06:52:39.502+0200] {dag.py:4180} INFO - Setting next_dagrun for tutorial_taskflow_templates to 2026-09-17 00:00:00+00:00, run_after=2026-09-18 00:00:00+00:00
[2026-09-18T06:52:39.507+0200] {processor.py:208} INFO - Processing /Users/swarnalidatta/Desktop/AutoQueryChatbot/.airflow-venv/lib/python3.12/site-packages/airflow/example_dags/tutorial_taskflow_templates.py took 0.070 seconds
[2026-09-18T11:36:52.269+0200] {processor.py:186} INFO - Started process (PID=2317) to work on /Users/swarnalidatta/Desktop/AutoQueryChatbot/.airflow-venv/lib/python3.12/site-packages/airflow/example_dags/tutorial_taskflow_templates.py
[2026-09-18T11:36:52.270+0200] {processor.py:914} INFO - Processing file /Users/swarnalidatta/Desktop/AutoQueryChatbot/.airflow-venv/lib/python3.12/site-packages/airflow/example_dags/tutorial_taskflow_templates.py for tasks to queue
[2026-09-18T11:36:52.270+0200] {logging_mixin.py:190} INFO - [2026-09-18T11:36:52.270+0200] {dagbag.py:588} INFO - Filling up the DagBag from /Users/swarnalidatta/Desktop/AutoQueryChatbot/.airflow-venv/lib/python3.12/site-packages/airflow/example_dags/tutorial_taskflow_templates.py
[2026-09-18T11:36:52.284+0200] {processor.py:925} INFO - DAG(s) 'tutorial_taskflow_templates' retrieved from /Users/swarnalidatta/Desktop/AutoQueryChatbot/.airflow-venv/lib/python3.12/site-packages/airflow/example_dags/tutorial_taskflow_templates.py
[2026-09-18T11:36:52.308+0200] {logging_mixin.py:190} INFO - [2026-09-18T11:36:52.308+0200] {dag.py:3239} INFO - Sync 1 DAGs
[2026-09-18T11:36:52.334+0200] {logging_mixin.py:190} INFO - [2026-09-18T11:36:52.334+0200] {dag.py:4180} INFO - Setting next_dagrun for tutorial_taskflow_templates to 2026-09-17 00:00:00+00:00, run_after=2026-09-18 00:00:00+00:00
[2026-09-18T11:36:52.339+0200] {processor.py:208} INFO - Processing /Users/swarnalidatta/Desktop/AutoQueryChatbot/.airflow-venv/lib/python3.12/site-packages/airflow/example_dags/tutorial_taskflow_templates.py took 0.071 seconds
[2026-09-18T15:23:27.344+0200] {processor.py:186} INFO - Started process (PID=2607) to work on /Users/swarnalidatta/Desktop/AutoQueryChatbot/.airflow-venv/lib/python3.12/site-packages/airflow/example_dags/tutorial_taskflow_templates.py
[2026-09-18T15:23:27.345+0200] {processor.py:914} INFO - Processing file /Users/swarnalidatta/Desktop/AutoQueryChatbot/.airflow-venv/lib/python3.12/site-packages/airflow/example_dags/tutorial_taskflow_templates.py for tasks to queue
[2026-09-18T15:23:27.345+0200] {logging_mixin.py:190} INFO - [2026-09-18T15:23:27.345+0200] {dagbag.py:588} INFO - Filling up the DagBag from /Users/swarnalidatta/Desktop/AutoQueryChatbot/.airflow-venv/lib/python3.12/site-packages/airflow/example_dags/tutorial_taskflow_templates.py
[2026-09-18T15:23:27.358+0200] {processor.py:925} INFO - DAG(s) 'tutorial_taskflow_templates' retrieved from /Users/swarnalidatta/Desktop/AutoQueryChatbot/.airflow-venv/lib/python3.12/site-packages/airflow/example_dags/tutorial_taskflow_templates.py
[2026-09-18T15:23:27.383+0200] {logging_mixin.py:190} INFO - [2026-09-18T15:23:27.383+0200] {dag.py:3239} INFO - Sync 1 DAGs
[2026-09-18T15:23:27.408+0200] {logging_mixin.py:190} INFO - [2026-09-18T15:23:27.408+0200] {dag.py:4180} INFO - Setting next_dagrun for tutorial_taskflow_templates to 2026-09-17 00:00:00+00:00, run_after=2026-09-18 00:00:00+00:00
[2026-09-18T15:23:27.413+0200] {processor.py:208} INFO - Processing /Users/swarnalidatta/Desktop/AutoQueryChatbot/.airflow-venv/lib/python3.12/site-packages/airflow/example_dags/tutorial_taskflow_templates.py took 0.070 seconds
[2026-09-18T18:44:27.154+0200] {processor.py:186} INFO - Started process (PID=2903) to work on /Users/swarnalidatta/Desktop/AutoQueryChatbot/.airflow-venv/lib/python3.12/site-packages/airflow/example_dags/tutorial_taskflow_templates.py
[2026-09-18T18:44:27.155+0200] {processor.py:914} INFO - Processing file /Users/swarnalidatta/Desktop/AutoQueryChatbot/.airflow-venv/lib/python3.12/site-packages/airflow/example_dags/tutorial_taskflow_templates.py for tasks to queue
[2026-09-18T18:44:27.156+0200] {logging_mixin.py:190} INFO - [2026-09-18T18:44:27.155+0200] {dagbag.py:588} INFO - Filling up the DagBag from /Users/swarnalidatta/Desktop/AutoQueryChatbot/.airflow-venv/lib/python3.12/site-packages/airflow/example_dags/tutorial_taskflow_templates.py
[2026-09-18T18:44:27.168+0200] {processor.py:925} INFO - DAG(s) 'tutorial_taskflow_templates' retrieved from /Users/swarnalidatta/Desktop/AutoQueryChatbot/.airflow-venv/lib/python3.12/site-packages/airflow/example_dags/tutorial_taskflow_templates.py
[2026-09-18T18:44:27.193+0200] {logging_mixin.py:190} INFO - [2026-09-18T18:44:27.193+0200] {dag.py:3239} INFO - Sync 1 DAGs
[2026-09-18T18:44:27.219+0200] {logging_mixin.py:190} INFO - [2026-09-18T18:44:27.219+0200] {dag.py:4180} INFO - Setting next_dagrun for tutorial_taskflow_templates to 2026-09-17 00:00:00+00:00, run_after=2026-09-18 00:00:00+00:00
[2026-09-18T18:44:27.224+0200] {processor.py:208} INFO - Processing /Users/swarnalidatta/Desktop/AutoQueryChatbot/.airflow-venv/lib/python3.12/site-packages/airflow/example_dags/tutorial_taskflow_templates.py took 0.070 seconds
[2026-09-18T21:48:02.742+0200] {processor.py:186} INFO - Started process (PID=3181) to work on /Users/swarnalidatta/Desktop/AutoQueryChatbot/.airflow-venv/lib/python3.12/site-packages/airflow/example_dags/tutorial_taskflow_templates.py
[2026-09-18T21:48:02.743+0200] {processor.py:914} INFO - Processing file /Users/swarnalidatta/Desktop/AutoQueryChatbot/.airflow-venv/lib/python3.12/site-packages/airflow/example_dags/tutorial_taskflow_templates.py for tasks to queue
[2026-09-18T21:48:02.743+0200] {logging_mixin.py:190} INFO - [2026-09-18T21:48:02.743+0200] {dagbag.py:588} INFO - Filling up the DagBag from /Users/swarnalidatta/Desktop/AutoQueryChatbot/.airflow-venv/lib/python3.12/site-packages/airflow/example_dags/tutorial_taskflow_templates.py
[2026-09-18T21:48:02.756+0200] {processor.py:925} INFO - DAG(s) 'tutorial_taskflow_templates' retrieved from /Users/swarnalidatta/Desktop/AutoQueryChatbot/.airflow-venv/lib/python3.12/site-packages/airflow/example_dags/tutorial_taskflow_templates.py
[2026-09-18T21:48:02.781+0200] {logging_mixin.py:190} INFO - [2026-09-18T21:48:02.781+0200] {dag.py:3239} INFO - Sync 1 DAGs
[2026-09-18T21:48:02.806+0200] {logging_mixin.py:190} INFO - [2026-09-18T21:48:02.806+0200] {dag.py:4180} INFO - Setting next_dagrun for tutorial_taskflow_templates to 2026-09-17 00:00:00+00:00, run_after=2026-09-18 00:00:00+00:00
[2026-09-18T21:48:02.811+0200] {processor.py:208} INFO - Processing /Users/swarnalidatta/Desktop/AutoQueryChatbot/.airflow-venv/lib/python3.12/site-packages/airflow/example_dags/tutorial_taskflow_templates.py took 0.070 seconds
[2026-09-19T00:51:30.318+0200] {processor.py:186} INFO - Started process (PID=3479) to work on /Users/swarnalidatta/Desktop/AutoQueryChatbot/.airflow-venv/lib/python3.12/site-packages/airflow/example_dags/tutorial_taskflow_templates.py
[2026-09-19T00:51:30.319+0200] {processor.py:914} INFO - Processing file /Users/swarnalidatta/Desktop/AutoQueryChatbot/.airflow-venv/lib/python3.12/site-packages/airflow/example_dags/tutorial_taskflow_templates.py for tasks to queue
[2026-09-19T00:51:30.320+0200] {logging_mixin.py:190} INFO - [2026-09-19T00:51:30.320+0200] {dagbag.py:588} INFO - Filling up the DagBag from /Users/swarnalidatta/Desktop/AutoQueryChatbot/.airflow-venv/lib/python3.12/site-packages/airflow/example_dags/tutorial_taskflow_templates.py
[2026-09-19T00:51:30.333+0200] {processor.py:925} INFO - DAG(s) 'tutorial_taskflow_templates' retrieved from /Users/swarnalidatta/Desktop/AutoQueryChatbot/.airflow-venv/lib/python3.12/site-packages/airflow/example_dags/tutorial_taskflow_templates.py
[2026-09-19T00:51:30.358+0200] {logging_mixin.py:190} INFO - [2026-09-19T00:51:30.357+0200] {dag.py:3239} INFO - Sync 1 DAGs
[2026-09-19T00:51:30.383+0200] {logging_mixin.py:190} INFO - [2026-09-19T00:51:30.383+0200] {dag.py:4180} INFO - Setting next_dagrun for tutorial_taskflow_templates to 2026-09-17 00:00:00+00:00, run_after=2026-09-18 00:00:00+00:00
[2026-09-19T00:51:30.388+0200] {processor.py:208} INFO - Processing /Users/swarnalidatta/Desktop/AutoQueryChatbot/.airflow-venv/lib/python3.12/site-packages/airflow/example_dags/tutorial_taskflow_templates.py took 0.070 seconds
