[2026-09-21T02:20:04.471+0200] {processor.py:186} INFO - Started process (PID=7776) to work on /Users/swarnalidatta/Desktop/AutoQueryChatbot/.airflow-venv/lib/python3.12/site-packages/airflow/example_dags/example_trigger_target_dag.py
[2026-09-21T02:20:04.472+0200] {processor.py:914} INFO - Processing file /Users/swarnalidatta/Desktop/AutoQueryChatbot/.airflow-venv/lib/python3.12/site-packages/airflow/example_dags/example_trigger_target_dag.py for tasks to queue
[2026-09-21T02:20:04.472+0200] {logging_mixin.py:190} INFO - [2026-09-21T02:20:04.472+0200] {dagbag.py:588} INFO - Filling up the DagBag from /Users/swarnalidatta/Desktop/AutoQueryChatbot/.airflow-venv/lib/python3.12/site-packages/airflow/example_dags/example_trigger_target_dag.py
[2026-09-21T02:20:04.484+0200] {processor.py:925} INFO - DAG(s) 'example_trigger_target_dag' retrieved from /Users/swarnalidatta/Desktop/AutoQueryChatbot/.airflow-venv/lib/python3.12/site-packages/airflow/example_dags/example_trigger_target_dag.py
[2026-09-21T02:20:04.508+0200] {logging_mixin.py:190} INFO - [2026-09-21T02:20:04.508+0200] {dag.py:3239} INFO - Sync 1 DAGs
[2026-09-21T02:20:04.531+0200] {logging_mixin.py:190} INFO - [2026-09-21T02:20:04.531+0200] {dag.py:4180} INFO - Setting next_dagrun for example_trigger_target_dag to None, run_after=None
[2026-09-21T02:20:04.536+0200] {processor.py:208} INFO - Processing /Users/swarnalidatta/Desktop/AutoQueryChatbot/.airflow-venv/lib/python3.12/site-packages/airflow/example_dags/example_trigger_target_dag.py took 0.066 seconds
[2026-09-21T06:18:56.887+0200] {processor.py:186} INFO - Started process (PID=8047) to work on /Users/swarnalidatta/Desktop/AutoQueryChatbot/.airflow-venv/lib/python3.12/site-packages/airflow/example_dags/example_trigger_target_dag.py
[2026-09-21T06:18:56.887+0200] {processor.py:914} INFO - Processing file /Users/swarnalidatta/Desktop/AutoQueryChatbot/.airflow-venv/lib/python3.12/site-packages/airflow/example_dags/example_trigger_target_dag.py for tasks to queue
[2026-09-21T06:18:56.888+0200] {logging_mixin.py:190} INFO - [2026-09-21T06:18:56.888+0200] {dagbag.py:588} INFO - Filling up the DagBag from /Users/swarnalidatta/Desktop/AutoQueryChatbot/.airflow-venv/lib/python3.12/site-packages/airflow/example_dags/example_trigger_target_dag.py
[2026-09-21T06:18:56.902+0200] {processor.py:925} INFO - DAG(s) 'example_trigger_target_dag' retrieved from /Users/swarnalidatta/Desktop/AutoQueryChatbot/.airflow-venv/lib/python3.12/site-packages/airflow/example_dags/example_trigger_target_dag.py
[2026-09-21T06:18:56.928+0200] {logging_mixin.py:190} INFO - [2026-09-21T06:18:56.928+0200] {dag.py:3239} INFO - Sync 1 DAGs
[2026-09-21T06:18:56.952+0200] {logging_mixin.py:190} INFO - [2026-09-21T06:18:56.952+0200] {dag.py:4180} INFO - Setting next_dagrun for example_trigger_target_dag to None, run_after=None
[2026-09-21T06:18:56.957+0200] {processor.py:208} INFO - Processing /Users/swarnalidatta/Desktop/AutoQueryChatbot/.airflow-venv/lib/python3.12/site-packages/airflow/example_dags/example_trigger_target_dag.py took 0.071 seconds
[2026-09-21T10:03:59.793+0200] {processor.py:186} INFO - Started process (PID=8360) to work on /Users/swarnalidatta/Desktop/AutoQueryChatbot/.airflow-venv/lib/python3.12/site-packages/airflow/example_dags/example_trigger_target_dag.py
[2026-09-21T10:03:59.794+0200] {processor.py:914} INFO - Processing file /Users/swarnalidatta/Desktop/AutoQueryChatbot/.airflow-venv/lib/python3.12/site-packages/airflow/example_dags/example_trigger_target_dag.py for tasks to queue
[2026-09-21T10:03:59.794+0200] {logging_mixin.py:190} INFO - [2026-09-21T10:03:59.794+0200] {dagbag.py:588} INFO - Filling up the DagBag from /Users/swarnalidatta/Desktop/AutoQueryChatbot/.airflow-venv/lib/python3.12/site-packages/airflow/example_dags/example_trigger_target_dag.py
[2026-09-21T10:03:59.809+0200] {processor.py:925} INFO - DAG(s) 'example_trigger_target_dag' retrieved from /Users/swarnalidatta/Desktop/AutoQueryChatbot/.airflow-venv/lib/python3.12/site-packages/airflow/example_dags/example_trigger_target_dag.py
[2026-09-21T10:03:59.834+0200] {logging_mixin.py:190} INFO - [2026-09-21T10:03:59.834+0200] {dag.py:3239} INFO - Sync 1 DAGs
[2026-09-21T10:03:59.857+0200] {logging_mixin.py:190} INFO - [2026-09-21T10:03:59.857+0200] {dag.py:4180} INFO - Setting next_dagrun for example_trigger_target_dag to None, run_after=None
[2026-09-21T10:03:59.862+0200] {processor.py:208} INFO - Processing /Users/swarnalidatta/Desktop/AutoQueryChatbot/.airflow-venv/lib/python3.12/site-packages/airflow/example_dags/example_trigger_target_dag.py took 0.070 seconds
[2026-09-21T13:23:23.182+0200] {processor.py:186} INFO - Started process (PID=8646) to work on /Users/swarnalidatta/Desktop/AutoQueryChatbot/.airflow-venv/lib/python3.12/site-packages/airflow/example_dags/example_trigger_target_dag.py
[2026-09-21T13:23:23.182+0200] {processor.py:914} INFO - Processing file /Users/swarnalidatta/Desktop/AutoQueryChatbot/.airflow-venv/lib/python3.12/site-packages/airflow/example_dags/example_trigger_target_dag.py for tasks to queue
[2026-09-21T13:23:23.182+0200] {logging_mixin.py:190} INFO - [2026-09-21T13:23:23.182+0200] {dagbag.py:588} INFO - Filling up the DagBag from /Users/swarnalidatta/Desktop/AutoQueryChatbot/.airflow-venv/lib/python3.12/site-packages/airflow/example_dags/example_trigger_target_dag.py
[2026-09-21T13:23:23.194+0200] {processor.py:925} INFO - DAG(s) 'example_trigger_target_dag' retrieved from /Users/swarnalidatta/Desktop/AutoQueryChatbot/.airflow-venv/lib/python3.12/site-packages/airflow/example_dags/example_trigger_target_dag.py
[2026-09-21T13:23:23.218+0200] {logging_mixin.py:190} INFO - [2026-09-21T13:23:23.218+0200] {dag.py:3239} INFO - Sync 1 DAGs
[2026-09-21T13:23:23.241+0200] {logging_mixin.py:190} INFO - [2026-09-21T13:23:23.241+0200] {dag.py:4180} INFO - Setting next_dagrun for example_trigger_target_dag to None, run_after=None
[2026-09-21T13:23:23.246+0200] {processor.py:208} INFO - Processing /Users/swarnalidatta/Desktop/AutoQueryChatbot/.airflow-venv/lib/python3.12/site-packages/airflow/example_dags/example_trigger_target_dag.py took 0.065 seconds
[2026-09-21T13:52:39.087+0200] {processor.py:186} INFO - Started process (PID=8862) to work on /Users/swarnalidatta/Desktop/AutoQueryChatbot/.airflow-venv/lib/python3.12/site-packages/airflow/example_dags/example_trigger_target_dag.py
[2026-09-21T13:52:39.087+0200] {processor.py:914} INFO - Processing file /Users/swarnalidatta/Desktop/AutoQueryChatbot/.airflow-venv/lib/python3.12/site-packages/airflow/example_dags/example_trigger_target_dag.py for tasks to queue
[2026-09-21T13:52:39.088+0200] {logging_mixin.py:190} INFO - [2026-09-21T13:52:39.088+0200] {dagbag.py:588} INFO - Filling up the DagBag from /Users/swarnalidatta/Desktop/AutoQueryChatbot/.airflow-venv/lib/python3.12/site-packages/airflow/example_dags/example_trigger_target_dag.py
[2026-09-21T13:52:39.100+0200] {processor.py:925} INFO - DAG(s) 'example_trigger_target_dag' retrieved from /Users/swarnalidatta/Desktop/AutoQueryChatbot/.airflow-venv/lib/python3.12/site-packages/airflow/example_dags/example_trigger_target_dag.py
[2026-09-21T13:52:39.125+0200] {logging_mixin.py:190} INFO - [2026-09-21T13:52:39.125+0200] {dag.py:3239} INFO - Sync 1 DAGs
[2026-09-21T13:52:39.148+0200] {logging_mixin.py:190} INFO - [2026-09-21T13:52:39.148+0200] {dag.py:4180} INFO - Setting next_dagrun for example_trigger_target_dag to None, run_after=None
[2026-09-21T13:52:39.153+0200] {processor.py:208} INFO - Processing /Users/swarnalidatta/Desktop/AutoQueryChatbot/.airflow-venv/lib/python3.12/site-packages/airflow/example_dags/example_trigger_target_dag.py took 0.067 seconds
[2026-09-21T14:00:46.849+0200] {processor.py:186} INFO - Started process (PID=9014) to work on /Users/swarnalidatta/Desktop/AutoQueryChatbot/.airflow-venv/lib/python3.12/site-packages/airflow/example_dags/example_trigger_target_dag.py
[2026-09-21T14:00:46.850+0200] {processor.py:914} INFO - Processing file /Users/swarnalidatta/Desktop/AutoQueryChatbot/.airflow-venv/lib/python3.12/site-packages/airflow/example_dags/example_trigger_target_dag.py for tasks to queue
[2026-09-21T14:00:46.850+0200] {logging_mixin.py:190} INFO - [2026-09-21T14:00:46.850+0200] {dagbag.py:588} INFO - Filling up the DagBag from /Users/swarnalidatta/Desktop/AutoQueryChatbot/.airflow-venv/lib/python3.12/site-packages/airflow/example_dags/example_trigger_target_dag.py
[2026-09-21T14:00:46.862+0200] {processor.py:925} INFO - DAG(s) 'example_trigger_target_dag' retrieved from /Users/swarnalidatta/Desktop/AutoQueryChatbot/.airflow-venv/lib/python3.12/site-packages/airflow/example_dags/example_trigger_target_dag.py
[2026-09-21T14:00:46.886+0200] {logging_mixin.py:190} INFO - [2026-09-21T14:00:46.886+0200] {dag.py:3239} INFO - Sync 1 DAGs
[2026-09-21T14:00:46.909+0200] {logging_mixin.py:190} INFO - [2026-09-21T14:00:46.909+0200] {dag.py:4180} INFO - Setting next_dagrun for example_trigger_target_dag to None, run_after=None
[2026-09-21T14:00:46.914+0200] {processor.py:208} INFO - Processing /Users/swarnalidatta/Desktop/AutoQueryChatbot/.airflow-venv/lib/python3.12/site-packages/airflow/example_dags/example_trigger_target_dag.py took 0.065 seconds
[2026-09-21T16:41:23.747+0200] {processor.py:186} INFO - Started process (PID=9305) to work on /Users/swarnalidatta/Desktop/AutoQueryChatbot/.airflow-venv/lib/python3.12/site-packages/airflow/example_dags/example_trigger_target_dag.py
[2026-09-21T16:41:23.748+0200] {processor.py:914} INFO - Processing file /Users/swarnalidatta/Desktop/AutoQueryChatbot/.airflow-venv/lib/python3.12/site-packages/airflow/example_dags/example_trigger_target_dag.py for tasks to queue
[2026-09-21T16:41:23.748+0200] {logging_mixin.py:190} INFO - [2026-09-21T16:41:23.748+0200] {dagbag.py:588} INFO - Filling up the DagBag from /Users/swarnalidatta/Desktop/AutoQueryChatbot/.airflow-venv/lib/python3.12/site-packages/airflow/example_dags/example_trigger_target_dag.py
[2026-09-21T16:41:23.760+0200] {processor.py:925} INFO - DAG(s) 'example_trigger_target_dag' retrieved from /Users/swarnalidatta/Desktop/AutoQueryChatbot/.airflow-venv/lib/python3.12/site-packages/airflow/example_dags/example_trigger_target_dag.py
[2026-09-21T16:41:23.784+0200] {logging_mixin.py:190} INFO - [2026-09-21T16:41:23.784+0200] {dag.py:3239} INFO - Sync 1 DAGs
[2026-09-21T16:41:23.807+0200] {logging_mixin.py:190} INFO - [2026-09-21T16:41:23.807+0200] {dag.py:4180} INFO - Setting next_dagrun for example_trigger_target_dag to None, run_after=None
[2026-09-21T16:41:23.812+0200] {processor.py:208} INFO - Processing /Users/swarnalidatta/Desktop/AutoQueryChatbot/.airflow-venv/lib/python3.12/site-packages/airflow/example_dags/example_trigger_target_dag.py took 0.066 seconds
[2026-09-21T18:12:57.108+0200] {processor.py:186} INFO - Started process (PID=9547) to work on /Users/swarnalidatta/Desktop/AutoQueryChatbot/.airflow-venv/lib/python3.12/site-packages/airflow/example_dags/example_trigger_target_dag.py
[2026-09-21T18:12:57.108+0200] {processor.py:914} INFO - Processing file /Users/swarnalidatta/Desktop/AutoQueryChatbot/.airflow-venv/lib/python3.12/site-packages/airflow/example_dags/example_trigger_target_dag.py for tasks to queue
[2026-09-21T18:12:57.108+0200] {logging_mixin.py:190} INFO - [2026-09-21T18:12:57.108+0200] {dagbag.py:588} INFO - Filling up the DagBag from /Users/swarnalidatta/Desktop/AutoQueryChatbot/.airflow-venv/lib/python3.12/site-packages/airflow/example_dags/example_trigger_target_dag.py
[2026-09-21T18:12:57.120+0200] {processor.py:925} INFO - DAG(s) 'example_trigger_target_dag' retrieved from /Users/swarnalidatta/Desktop/AutoQueryChatbot/.airflow-venv/lib/python3.12/site-packages/airflow/example_dags/example_trigger_target_dag.py
[2026-09-21T18:12:57.144+0200] {logging_mixin.py:190} INFO - [2026-09-21T18:12:57.144+0200] {dag.py:3239} INFO - Sync 1 DAGs
[2026-09-21T18:12:57.167+0200] {logging_mixin.py:190} INFO - [2026-09-21T18:12:57.167+0200] {dag.py:4180} INFO - Setting next_dagrun for example_trigger_target_dag to None, run_after=None
[2026-09-21T18:12:57.172+0200] {processor.py:208} INFO - Processing /Users/swarnalidatta/Desktop/AutoQueryChatbot/.airflow-venv/lib/python3.12/site-packages/airflow/example_dags/example_trigger_target_dag.py took 0.065 seconds
[2026-09-21T18:13:57.015+0200] {processor.py:186} INFO - Started process (PID=9686) to work on /Users/swarnalidatta/Desktop/AutoQueryChatbot/.airflow-venv/lib/python3.12/site-packages/airflow/example_dags/example_trigger_target_dag.py
[2026-09-21T18:13:57.015+0200] {processor.py:914} INFO - Processing file /Users/swarnalidatta/Desktop/AutoQueryChatbot/.airflow-venv/lib/python3.12/site-packages/airflow/example_dags/example_trigger_target_dag.py for tasks to queue
[2026-09-21T18:13:57.015+0200] {logging_mixin.py:190} INFO - [2026-09-21T18:13:57.015+0200] {dagbag.py:588} INFO - Filling up the DagBag from /Users/swarnalidatta/Desktop/AutoQueryChatbot/.airflow-venv/lib/python3.12/site-packages/airflow/example_dags/example_trigger_target_dag.py
[2026-09-21T18:13:57.028+0200] {processor.py:925} INFO - DAG(s) 'example_trigger_target_dag' retrieved from /Users/swarnalidatta/Desktop/AutoQueryChatbot/.airflow-venv/lib/python3.12/site-packages/airflow/example_dags/example_trigger_target_dag.py
[2026-09-21T18:13:57.053+0200] {logging_mixin.py:190} INFO - [2026-09-21T18:13:57.053+0200] {dag.py:3239} INFO - Sync 1 DAGs
[2026-09-21T18:13:57.077+0200] {logging_mixin.py:190} INFO - [2026-09-21T18:13:57.077+0200] {dag.py:4180} INFO - Setting next_dagrun for example_trigger_target_dag to None, run_after=None
[2026-09-21T18:13:57.082+0200] {processor.py:208} INFO - Processing /Users/swarnalidatta/Desktop/AutoQueryChatbot/.airflow-venv/lib/python3.12/site-packages/airflow/example_dags/example_trigger_target_dag.py took 0.068 seconds
[2026-09-21T19:01:04.777+0200] {processor.py:186} INFO - Started process (PID=9845) to work on /Users/swarnalidatta/Desktop/AutoQueryChatbot/.airflow-venv/lib/python3.12/site-packages/airflow/example_dags/example_trigger_target_dag.py
[2026-09-21T19:01:04.777+0200] {processor.py:914} INFO - Processing file /Users/swarnalidatta/Desktop/AutoQueryChatbot/.airflow-venv/lib/python3.12/site-packages/airflow/example_dags/example_trigger_target_dag.py for tasks to queue
[2026-09-21T19:01:04.777+0200] {logging_mixin.py:190} INFO - [2026-09-21T19:01:04.777+0200] {dagbag.py:588} INFO - Filling up the DagBag from /Users/swarnalidatta/Desktop/AutoQueryChatbot/.airflow-venv/lib/python3.12/site-packages/airflow/example_dags/example_trigger_target_dag.py
[2026-09-21T19:01:04.789+0200] {processor.py:925} INFO - DAG(s) 'example_trigger_target_dag' retrieved from /Users/swarnalidatta/Desktop/AutoQueryChatbot/.airflow-venv/lib/python3.12/site-packages/airflow/example_dags/example_trigger_target_dag.py
[2026-09-21T19:01:04.814+0200] {logging_mixin.py:190} INFO - [2026-09-21T19:01:04.814+0200] {dag.py:3239} INFO - Sync 1 DAGs
[2026-09-21T19:01:04.837+0200] {logging_mixin.py:190} INFO - [2026-09-21T19:01:04.837+0200] {dag.py:4180} INFO - Setting next_dagrun for example_trigger_target_dag to None, run_after=None
[2026-09-21T19:01:04.842+0200] {processor.py:208} INFO - Processing /Users/swarnalidatta/Desktop/AutoQueryChatbot/.airflow-venv/lib/python3.12/site-packages/airflow/example_dags/example_trigger_target_dag.py took 0.067 seconds
[2026-09-21T19:11:02.521+0200] {processor.py:186} INFO - Started process (PID=10079) to work on /Users/swarnalidatta/Desktop/AutoQueryChatbot/.airflow-venv/lib/python3.12/site-packages/airflow/example_dags/example_trigger_target_dag.py
[2026-09-21T19:11:02.522+0200] {processor.py:914} INFO - Processing file /Users/swarnalidatta/Desktop/AutoQueryChatbot/.airflow-venv/lib/python3.12/site-packages/airflow/example_dags/example_trigger_target_dag.py for tasks to queue
[2026-09-21T19:11:02.522+0200] {logging_mixin.py:190} INFO - [2026-09-21T19:11:02.522+0200] {dagbag.py:588} INFO - Filling up the DagBag from /Users/swarnalidatta/Desktop/AutoQueryChatbot/.airflow-venv/lib/python3.12/site-packages/airflow/example_dags/example_trigger_target_dag.py
[2026-09-21T19:11:02.534+0200] {processor.py:925} INFO - DAG(s) 'example_trigger_target_dag' retrieved from /Users/swarnalidatta/Desktop/AutoQueryChatbot/.airflow-venv/lib/python3.12/site-packages/airflow/example_dags/example_trigger_target_dag.py
[2026-09-21T19:11:02.558+0200] {logging_mixin.py:190} INFO - [2026-09-21T19:11:02.558+0200] {dag.py:3239} INFO - Sync 1 DAGs
[2026-09-21T19:11:02.580+0200] {logging_mixin.py:190} INFO - [2026-09-21T19:11:02.580+0200] {dag.py:4180} INFO - Setting next_dagrun for example_trigger_target_dag to None, run_after=None
[2026-09-21T19:11:02.585+0200] {processor.py:208} INFO - Processing /Users/swarnalidatta/Desktop/AutoQueryChatbot/.airflow-venv/lib/python3.12/site-packages/airflow/example_dags/example_trigger_target_dag.py took 0.065 seconds
[2026-09-21T21:24:26.479+0200] {processor.py:186} INFO - Started process (PID=10276) to work on /Users/swarnalidatta/Desktop/AutoQueryChatbot/.airflow-venv/lib/python3.12/site-packages/airflow/example_dags/example_trigger_target_dag.py
[2026-09-21T21:24:26.480+0200] {processor.py:914} INFO - Processing file /Users/swarnalidatta/Desktop/AutoQueryChatbot/.airflow-venv/lib/python3.12/site-packages/airflow/example_dags/example_trigger_target_dag.py for tasks to queue
[2026-09-21T21:24:26.480+0200] {logging_mixin.py:190} INFO - [2026-09-21T21:24:26.480+0200] {dagbag.py:588} INFO - Filling up the DagBag from /Users/swarnalidatta/Desktop/AutoQueryChatbot/.airflow-venv/lib/python3.12/site-packages/airflow/example_dags/example_trigger_target_dag.py
[2026-09-21T21:24:26.492+0200] {processor.py:925} INFO - DAG(s) 'example_trigger_target_dag' retrieved from /Users/swarnalidatta/Desktop/AutoQueryChatbot/.airflow-venv/lib/python3.12/site-packages/airflow/example_dags/example_trigger_target_dag.py
[2026-09-21T21:24:26.517+0200] {logging_mixin.py:190} INFO - [2026-09-21T21:24:26.517+0200] {dag.py:3239} INFO - Sync 1 DAGs
[2026-09-21T21:24:26.539+0200] {logging_mixin.py:190} INFO - [2026-09-21T21:24:26.539+0200] {dag.py:4180} INFO - Setting next_dagrun for example_trigger_target_dag to None, run_after=None
[2026-09-21T21:24:26.544+0200] {processor.py:208} INFO - Processing /Users/swarnalidatta/Desktop/AutoQueryChatbot/.airflow-venv/lib/python3.12/site-packages/airflow/example_dags/example_trigger_target_dag.py took 0.066 seconds
[2026-09-22T00:38:23.065+0200] {processor.py:186} INFO - Started process (PID=10571) to work on /Users/swarnalidatta/Desktop/AutoQueryChatbot/.airflow-venv/lib/python3.12/site-packages/airflow/example_dags/example_trigger_target_dag.py
[2026-09-22T00:38:23.066+0200] {processor.py:914} INFO - Processing file /Users/swarnalidatta/Desktop/AutoQueryChatbot/.airflow-venv/lib/python3.12/site-packages/airflow/example_dags/example_trigger_target_dag.py for tasks to queue
[2026-09-22T00:38:23.067+0200] {logging_mixin.py:190} INFO - [2026-09-22T00:38:23.067+0200] {dagbag.py:588} INFO - Filling up the DagBag from /Users/swarnalidatta/Desktop/AutoQueryChatbot/.airflow-venv/lib/python3.12/site-packages/airflow/example_dags/example_trigger_target_dag.py
[2026-09-22T00:38:23.079+0200] {processor.py:925} INFO - DAG(s) 'example_trigger_target_dag' retrieved from /Users/swarnalidatta/Desktop/AutoQueryChatbot/.airflow-venv/lib/python3.12/site-packages/airflow/example_dags/example_trigger_target_dag.py
[2026-09-22T00:38:23.103+0200] {logging_mixin.py:190} INFO - [2026-09-22T00:38:23.103+0200] {dag.py:3239} INFO - Sync 1 DAGs
[2026-09-22T00:38:23.126+0200] {logging_mixin.py:190} INFO - [2026-09-22T00:38:23.126+0200] {dag.py:4180} INFO - Setting next_dagrun for example_trigger_target_dag to None, run_after=None
[2026-09-22T00:38:23.131+0200] {processor.py:208} INFO - Processing /Users/swarnalidatta/Desktop/AutoQueryChatbot/.airflow-venv/lib/python3.12/site-packages/airflow/example_dags/example_trigger_target_dag.py took 0.067 seconds
