[2026-09-21T03:51:55.164+0200] {processor.py:186} INFO - Started process (PID=7869) to work on /Users/swarnalidatta/Desktop/AutoQueryChatbot/.airflow-venv/lib/python3.12/site-packages/airflow/example_dags/example_nested_branch_dag.py
[2026-09-21T03:51:55.165+0200] {processor.py:914} INFO - Processing file /Users/swarnalidatta/Desktop/AutoQueryChatbot/.airflow-venv/lib/python3.12/site-packages/airflow/example_dags/example_nested_branch_dag.py for tasks to queue
[2026-09-21T03:51:55.165+0200] {logging_mixin.py:190} INFO - [2026-09-21T03:51:55.165+0200] {dagbag.py:588} INFO - Filling up the DagBag from /Users/swarnalidatta/Desktop/AutoQueryChatbot/.airflow-venv/lib/python3.12/site-packages/airflow/example_dags/example_nested_branch_dag.py
[2026-09-21T03:51:55.179+0200] {processor.py:925} INFO - DAG(s) 'example_nested_branch_dag' retrieved from /Users/swarnalidatta/Desktop/AutoQueryChatbot/.airflow-venv/lib/python3.12/site-packages/airflow/example_dags/example_nested_branch_dag.py
[2026-09-21T03:51:55.226+0200] {logging_mixin.py:190} INFO - [2026-09-21T03:51:55.226+0200] {dag.py:3239} INFO - Sync 1 DAGs
[2026-09-21T03:51:55.232+0200] {logging_mixin.py:190} INFO - [2026-09-21T03:51:55.231+0200] {dag.py:4180} INFO - Setting next_dagrun for example_nested_branch_dag to 2026-09-20 00:00:00+00:00, run_after=2026-09-21 00:00:00+00:00
[2026-09-21T03:51:55.236+0200] {processor.py:208} INFO - Processing /Users/swarnalidatta/Desktop/AutoQueryChatbot/.airflow-venv/lib/python3.12/site-packages/airflow/example_dags/example_nested_branch_dag.py took 0.073 seconds
[2026-09-21T08:02:00.193+0200] {processor.py:186} INFO - Started process (PID=8166) to work on /Users/swarnalidatta/Desktop/AutoQueryChatbot/.airflow-venv/lib/python3.12/site-packages/airflow/example_dags/example_nested_branch_dag.py
[2026-09-21T08:02:00.194+0200] {processor.py:914} INFO - Processing file /Users/swarnalidatta/Desktop/AutoQueryChatbot/.airflow-venv/lib/python3.12/site-packages/airflow/example_dags/example_nested_branch_dag.py for tasks to queue
[2026-09-21T08:02:00.194+0200] {logging_mixin.py:190} INFO - [2026-09-21T08:02:00.194+0200] {dagbag.py:588} INFO - Filling up the DagBag from /Users/swarnalidatta/Desktop/AutoQueryChatbot/.airflow-venv/lib/python3.12/site-packages/airflow/example_dags/example_nested_branch_dag.py
[2026-09-21T08:02:00.207+0200] {processor.py:925} INFO - DAG(s) 'example_nested_branch_dag' retrieved from /Users/swarnalidatta/Desktop/AutoQueryChatbot/.airflow-venv/lib/python3.12/site-packages/airflow/example_dags/example_nested_branch_dag.py
[2026-09-21T08:02:00.252+0200] {logging_mixin.py:190} INFO - [2026-09-21T08:02:00.252+0200] {dag.py:3239} INFO - Sync 1 DAGs
[2026-09-21T08:02:00.257+0200] {logging_mixin.py:190} INFO - [2026-09-21T08:02:00.257+0200] {dag.py:4180} INFO - Setting next_dagrun for example_nested_branch_dag to 2026-09-20 00:00:00+00:00, run_after=2026-09-21 00:00:00+00:00
[2026-09-21T08:02:00.262+0200] {processor.py:208} INFO - Processing /Users/swarnalidatta/Desktop/AutoQueryChatbot/.airflow-venv/lib/python3.12/site-packages/airflow/example_dags/example_nested_branch_dag.py took 0.070 seconds
[2026-09-21T11:05:02.461+0200] {processor.py:186} INFO - Started process (PID=8457) to work on /Users/swarnalidatta/Desktop/AutoQueryChatbot/.airflow-venv/lib/python3.12/site-packages/airflow/example_dags/example_nested_branch_dag.py
[2026-09-21T11:05:02.462+0200] {processor.py:914} INFO - Processing file /Users/swarnalidatta/Desktop/AutoQueryChatbot/.airflow-venv/lib/python3.12/site-packages/airflow/example_dags/example_nested_branch_dag.py for tasks to queue
[2026-09-21T11:05:02.462+0200] {logging_mixin.py:190} INFO - [2026-09-21T11:05:02.462+0200] {dagbag.py:588} INFO - Filling up the DagBag from /Users/swarnalidatta/Desktop/AutoQueryChatbot/.airflow-venv/lib/python3.12/site-packages/airflow/example_dags/example_nested_branch_dag.py
[2026-09-21T11:05:02.475+0200] {processor.py:925} INFO - DAG(s) 'example_nested_branch_dag' retrieved from /Users/swarnalidatta/Desktop/AutoQueryChatbot/.airflow-venv/lib/python3.12/site-packages/airflow/example_dags/example_nested_branch_dag.py
[2026-09-21T11:05:02.519+0200] {logging_mixin.py:190} INFO - [2026-09-21T11:05:02.519+0200] {dag.py:3239} INFO - Sync 1 DAGs
[2026-09-21T11:05:02.524+0200] {logging_mixin.py:190} INFO - [2026-09-21T11:05:02.524+0200] {dag.py:4180} INFO - Setting next_dagrun for example_nested_branch_dag to 2026-09-20 00:00:00+00:00, run_after=2026-09-21 00:00:00+00:00
[2026-09-21T11:05:02.529+0200] {processor.py:208} INFO - Processing /Users/swarnalidatta/Desktop/AutoQueryChatbot/.airflow-venv/lib/python3.12/site-packages/airflow/example_dags/example_nested_branch_dag.py took 0.069 seconds
[2026-09-21T13:51:42.640+0200] {processor.py:186} INFO - Started process (PID=8733) to work on /Users/swarnalidatta/Desktop/AutoQueryChatbot/.airflow-venv/lib/python3.12/site-packages/airflow/example_dags/example_nested_branch_dag.py
[2026-09-21T13:51:42.641+0200] {processor.py:914} INFO - Processing file /Users/swarnalidatta/Desktop/AutoQueryChatbot/.airflow-venv/lib/python3.12/site-packages/airflow/example_dags/example_nested_branch_dag.py for tasks to queue
[2026-09-21T13:51:42.641+0200] {logging_mixin.py:190} INFO - [2026-09-21T13:51:42.641+0200] {dagbag.py:588} INFO - Filling up the DagBag from /Users/swarnalidatta/Desktop/AutoQueryChatbot/.airflow-venv/lib/python3.12/site-packages/airflow/example_dags/example_nested_branch_dag.py
[2026-09-21T13:51:42.654+0200] {processor.py:925} INFO - DAG(s) 'example_nested_branch_dag' retrieved from /Users/swarnalidatta/Desktop/AutoQueryChatbot/.airflow-venv/lib/python3.12/site-packages/airflow/example_dags/example_nested_branch_dag.py
[2026-09-21T13:51:42.698+0200] {logging_mixin.py:190} INFO - [2026-09-21T13:51:42.698+0200] {dag.py:3239} INFO - Sync 1 DAGs
[2026-09-21T13:51:42.703+0200] {logging_mixin.py:190} INFO - [2026-09-21T13:51:42.703+0200] {dag.py:4180} INFO - Setting next_dagrun for example_nested_branch_dag to 2026-09-20 00:00:00+00:00, run_after=2026-09-21 00:00:00+00:00
[2026-09-21T13:51:42.708+0200] {processor.py:208} INFO - Processing /Users/swarnalidatta/Desktop/AutoQueryChatbot/.airflow-venv/lib/python3.12/site-packages/airflow/example_dags/example_nested_branch_dag.py took 0.068 seconds
[2026-09-21T13:53:12.673+0200] {processor.py:186} INFO - Started process (PID=8937) to work on /Users/swarnalidatta/Desktop/AutoQueryChatbot/.airflow-venv/lib/python3.12/site-packages/airflow/example_dags/example_nested_branch_dag.py
[2026-09-21T13:53:12.674+0200] {processor.py:914} INFO - Processing file /Users/swarnalidatta/Desktop/AutoQueryChatbot/.airflow-venv/lib/python3.12/site-packages/airflow/example_dags/example_nested_branch_dag.py for tasks to queue
[2026-09-21T13:53:12.674+0200] {logging_mixin.py:190} INFO - [2026-09-21T13:53:12.674+0200] {dagbag.py:588} INFO - Filling up the DagBag from /Users/swarnalidatta/Desktop/AutoQueryChatbot/.airflow-venv/lib/python3.12/site-packages/airflow/example_dags/example_nested_branch_dag.py
[2026-09-21T13:53:12.687+0200] {processor.py:925} INFO - DAG(s) 'example_nested_branch_dag' retrieved from /Users/swarnalidatta/Desktop/AutoQueryChatbot/.airflow-venv/lib/python3.12/site-packages/airflow/example_dags/example_nested_branch_dag.py
[2026-09-21T13:53:12.732+0200] {logging_mixin.py:190} INFO - [2026-09-21T13:53:12.731+0200] {dag.py:3239} INFO - Sync 1 DAGs
[2026-09-21T13:53:12.737+0200] {logging_mixin.py:190} INFO - [2026-09-21T13:53:12.736+0200] {dag.py:4180} INFO - Setting next_dagrun for example_nested_branch_dag to 2026-09-20 00:00:00+00:00, run_after=2026-09-21 00:00:00+00:00
[2026-09-21T13:53:12.741+0200] {processor.py:208} INFO - Processing /Users/swarnalidatta/Desktop/AutoQueryChatbot/.airflow-venv/lib/python3.12/site-packages/airflow/example_dags/example_nested_branch_dag.py took 0.069 seconds
[2026-09-21T14:19:56.815+0200] {processor.py:186} INFO - Started process (PID=9103) to work on /Users/swarnalidatta/Desktop/AutoQueryChatbot/.airflow-venv/lib/python3.12/site-packages/airflow/example_dags/example_nested_branch_dag.py
[2026-09-21T14:19:56.815+0200] {processor.py:914} INFO - Processing file /Users/swarnalidatta/Desktop/AutoQueryChatbot/.airflow-venv/lib/python3.12/site-packages/airflow/example_dags/example_nested_branch_dag.py for tasks to queue
[2026-09-21T14:19:56.815+0200] {logging_mixin.py:190} INFO - [2026-09-21T14:19:56.815+0200] {dagbag.py:588} INFO - Filling up the DagBag from /Users/swarnalidatta/Desktop/AutoQueryChatbot/.airflow-venv/lib/python3.12/site-packages/airflow/example_dags/example_nested_branch_dag.py
[2026-09-21T14:19:56.828+0200] {processor.py:925} INFO - DAG(s) 'example_nested_branch_dag' retrieved from /Users/swarnalidatta/Desktop/AutoQueryChatbot/.airflow-venv/lib/python3.12/site-packages/airflow/example_dags/example_nested_branch_dag.py
[2026-09-21T14:19:56.875+0200] {logging_mixin.py:190} INFO - [2026-09-21T14:19:56.875+0200] {dag.py:3239} INFO - Sync 1 DAGs
[2026-09-21T14:19:56.880+0200] {logging_mixin.py:190} INFO - [2026-09-21T14:19:56.880+0200] {dag.py:4180} INFO - Setting next_dagrun for example_nested_branch_dag to 2026-09-20 00:00:00+00:00, run_after=2026-09-21 00:00:00+00:00
[2026-09-21T14:19:56.884+0200] {processor.py:208} INFO - Processing /Users/swarnalidatta/Desktop/AutoQueryChatbot/.airflow-venv/lib/python3.12/site-packages/airflow/example_dags/example_nested_branch_dag.py took 0.071 seconds
[2026-09-21T17:55:43.587+0200] {processor.py:186} INFO - Started process (PID=9409) to work on /Users/swarnalidatta/Desktop/AutoQueryChatbot/.airflow-venv/lib/python3.12/site-packages/airflow/example_dags/example_nested_branch_dag.py
[2026-09-21T17:55:43.588+0200] {processor.py:914} INFO - Processing file /Users/swarnalidatta/Desktop/AutoQueryChatbot/.airflow-venv/lib/python3.12/site-packages/airflow/example_dags/example_nested_branch_dag.py for tasks to queue
[2026-09-21T17:55:43.588+0200] {logging_mixin.py:190} INFO - [2026-09-21T17:55:43.588+0200] {dagbag.py:588} INFO - Filling up the DagBag from /Users/swarnalidatta/Desktop/AutoQueryChatbot/.airflow-venv/lib/python3.12/site-packages/airflow/example_dags/example_nested_branch_dag.py
[2026-09-21T17:55:43.601+0200] {processor.py:925} INFO - DAG(s) 'example_nested_branch_dag' retrieved from /Users/swarnalidatta/Desktop/AutoQueryChatbot/.airflow-venv/lib/python3.12/site-packages/airflow/example_dags/example_nested_branch_dag.py
[2026-09-21T17:55:43.645+0200] {logging_mixin.py:190} INFO - [2026-09-21T17:55:43.645+0200] {dag.py:3239} INFO - Sync 1 DAGs
[2026-09-21T17:55:43.650+0200] {logging_mixin.py:190} INFO - [2026-09-21T17:55:43.650+0200] {dag.py:4180} INFO - Setting next_dagrun for example_nested_branch_dag to 2026-09-20 00:00:00+00:00, run_after=2026-09-21 00:00:00+00:00
[2026-09-21T17:55:43.655+0200] {processor.py:208} INFO - Processing /Users/swarnalidatta/Desktop/AutoQueryChatbot/.airflow-venv/lib/python3.12/site-packages/airflow/example_dags/example_nested_branch_dag.py took 0.069 seconds
[2026-09-21T18:13:28.326+0200] {processor.py:186} INFO - Started process (PID=9622) to work on /Users/swarnalidatta/Desktop/AutoQueryChatbot/.airflow-venv/lib/python3.12/site-packages/airflow/example_dags/example_nested_branch_dag.py
[2026-09-21T18:13:28.327+0200] {processor.py:914} INFO - Processing file /Users/swarnalidatta/Desktop/AutoQueryChatbot/.airflow-venv/lib/python3.12/site-packages/airflow/example_dags/example_nested_branch_dag.py for tasks to queue
[2026-09-21T18:13:28.327+0200] {logging_mixin.py:190} INFO - [2026-09-21T18:13:28.327+0200] {dagbag.py:588} INFO - Filling up the DagBag from /Users/swarnalidatta/Desktop/AutoQueryChatbot/.airflow-venv/lib/python3.12/site-packages/airflow/example_dags/example_nested_branch_dag.py
[2026-09-21T18:13:28.340+0200] {processor.py:925} INFO - DAG(s) 'example_nested_branch_dag' retrieved from /Users/swarnalidatta/Desktop/AutoQueryChatbot/.airflow-venv/lib/python3.12/site-packages/airflow/example_dags/example_nested_branch_dag.py
[2026-09-21T18:13:28.385+0200] {logging_mixin.py:190} INFO - [2026-09-21T18:13:28.385+0200] {dag.py:3239} INFO - Sync 1 DAGs
[2026-09-21T18:13:28.390+0200] {logging_mixin.py:190} INFO - [2026-09-21T18:13:28.390+0200] {dag.py:4180} INFO - Setting next_dagrun for example_nested_branch_dag to 2026-09-20 00:00:00+00:00, run_after=2026-09-21 00:00:00+00:00
[2026-09-21T18:13:28.395+0200] {processor.py:208} INFO - Processing /Users/swarnalidatta/Desktop/AutoQueryChatbot/.airflow-venv/lib/python3.12/site-packages/airflow/example_dags/example_nested_branch_dag.py took 0.070 seconds
[2026-09-21T19:10:07.352+0200] {processor.py:186} INFO - Started process (PID=9960) to work on /Users/swarnalidatta/Desktop/AutoQueryChatbot/.airflow-venv/lib/python3.12/site-packages/airflow/example_dags/example_nested_branch_dag.py
[2026-09-21T19:10:07.353+0200] {processor.py:914} INFO - Processing file /Users/swarnalidatta/Desktop/AutoQueryChatbot/.airflow-venv/lib/python3.12/site-packages/airflow/example_dags/example_nested_branch_dag.py for tasks to queue
[2026-09-21T19:10:07.353+0200] {logging_mixin.py:190} INFO - [2026-09-21T19:10:07.353+0200] {dagbag.py:588} INFO - Filling up the DagBag from /Users/swarnalidatta/Desktop/AutoQueryChatbot/.airflow-venv/lib/python3.12/site-packages/airflow/example_dags/example_nested_branch_dag.py
[2026-09-21T19:10:07.366+0200] {processor.py:925} INFO - DAG(s) 'example_nested_branch_dag' retrieved from /Users/swarnalidatta/Desktop/AutoQueryChatbot/.airflow-venv/lib/python3.12/site-packages/airflow/example_dags/example_nested_branch_dag.py
[2026-09-21T19:10:07.411+0200] {logging_mixin.py:190} INFO - [2026-09-21T19:10:07.411+0200] {dag.py:3239} INFO - Sync 1 DAGs
[2026-09-21T19:10:07.416+0200] {logging_mixin.py:190} INFO - [2026-09-21T19:10:07.416+0200] {dag.py:4180} INFO - Setting next_dagrun for example_nested_branch_dag to 2026-09-20 00:00:00+00:00, run_after=2026-09-21 00:00:00+00:00
[2026-09-21T19:10:07.421+0200] {processor.py:208} INFO - Processing /Users/swarnalidatta/Desktop/AutoQueryChatbot/.airflow-venv/lib/python3.12/site-packages/airflow/example_dags/example_nested_branch_dag.py took 0.070 seconds
[2026-09-21T20:18:31.537+0200] {processor.py:186} INFO - Started process (PID=10180) to work on /Users/swarnalidatta/Desktop/AutoQueryChatbot/.airflow-venv/lib/python3.12/site-packages/airflow/example_dags/example_nested_branch_dag.py
[2026-09-21T20:18:31.538+0200] {processor.py:914} INFO - Processing file /Users/swarnalidatta/Desktop/AutoQueryChatbot/.airflow-venv/lib/python3.12/site-packages/airflow/example_dags/example_nested_branch_dag.py for tasks to queue
[2026-09-21T20:18:31.538+0200] {logging_mixin.py:190} INFO - [2026-09-21T20:18:31.538+0200] {dagbag.py:588} INFO - Filling up the DagBag from /Users/swarnalidatta/Desktop/AutoQueryChatbot/.airflow-venv/lib/python3.12/site-packages/airflow/example_dags/example_nested_branch_dag.py
[2026-09-21T20:18:31.551+0200] {processor.py:925} INFO - DAG(s) 'example_nested_branch_dag' retrieved from /Users/swarnalidatta/Desktop/AutoQueryChatbot/.airflow-venv/lib/python3.12/site-packages/airflow/example_dags/example_nested_branch_dag.py
[2026-09-21T20:18:31.596+0200] {logging_mixin.py:190} INFO - [2026-09-21T20:18:31.596+0200] {dag.py:3239} INFO - Sync 1 DAGs
[2026-09-21T20:18:31.601+0200] {logging_mixin.py:190} INFO - [2026-09-21T20:18:31.601+0200] {dag.py:4180} INFO - Setting next_dagrun for example_nested_branch_dag to 2026-09-20 00:00:00+00:00, run_after=2026-09-21 00:00:00+00:00
[2026-09-21T20:18:31.606+0200] {processor.py:208} INFO - Processing /Users/swarnalidatta/Desktop/AutoQueryChatbot/.airflow-venv/lib/python3.12/site-packages/airflow/example_dags/example_nested_branch_dag.py took 0.070 seconds
[2026-09-21T22:24:39.090+0200] {processor.py:186} INFO - Started process (PID=10373) to work on /Users/swarnalidatta/Desktop/AutoQueryChatbot/.airflow-venv/lib/python3.12/site-packages/airflow/example_dags/example_nested_branch_dag.py
[2026-09-21T22:24:39.090+0200] {processor.py:914} INFO - Processing file /Users/swarnalidatta/Desktop/AutoQueryChatbot/.airflow-venv/lib/python3.12/site-packages/airflow/example_dags/example_nested_branch_dag.py for tasks to queue
[2026-09-21T22:24:39.090+0200] {logging_mixin.py:190} INFO - [2026-09-21T22:24:39.090+0200] {dagbag.py:588} INFO - Filling up the DagBag from /Users/swarnalidatta/Desktop/AutoQueryChatbot/.airflow-venv/lib/python3.12/site-packages/airflow/example_dags/example_nested_branch_dag.py
[2026-09-21T22:24:39.103+0200] {processor.py:925} INFO - DAG(s) 'example_nested_branch_dag' retrieved from /Users/swarnalidatta/Desktop/AutoQueryChatbot/.airflow-venv/lib/python3.12/site-packages/airflow/example_dags/example_nested_branch_dag.py
[2026-09-21T22:24:39.149+0200] {logging_mixin.py:190} INFO - [2026-09-21T22:24:39.149+0200] {dag.py:3239} INFO - Sync 1 DAGs
[2026-09-21T22:24:39.154+0200] {logging_mixin.py:190} INFO - [2026-09-21T22:24:39.154+0200] {dag.py:4180} INFO - Setting next_dagrun for example_nested_branch_dag to 2026-09-20 00:00:00+00:00, run_after=2026-09-21 00:00:00+00:00
[2026-09-21T22:24:39.158+0200] {processor.py:208} INFO - Processing /Users/swarnalidatta/Desktop/AutoQueryChatbot/.airflow-venv/lib/python3.12/site-packages/airflow/example_dags/example_nested_branch_dag.py took 0.070 seconds
[2026-09-22T01:48:29.380+0200] {processor.py:186} INFO - Started process (PID=10668) to work on /Users/swarnalidatta/Desktop/AutoQueryChatbot/.airflow-venv/lib/python3.12/site-packages/airflow/example_dags/example_nested_branch_dag.py
[2026-09-22T01:48:29.380+0200] {processor.py:914} INFO - Processing file /Users/swarnalidatta/Desktop/AutoQueryChatbot/.airflow-venv/lib/python3.12/site-packages/airflow/example_dags/example_nested_branch_dag.py for tasks to queue
[2026-09-22T01:48:29.380+0200] {logging_mixin.py:190} INFO - [2026-09-22T01:48:29.380+0200] {dagbag.py:588} INFO - Filling up the DagBag from /Users/swarnalidatta/Desktop/AutoQueryChatbot/.airflow-venv/lib/python3.12/site-packages/airflow/example_dags/example_nested_branch_dag.py
[2026-09-22T01:48:29.393+0200] {processor.py:925} INFO - DAG(s) 'example_nested_branch_dag' retrieved from /Users/swarnalidatta/Desktop/AutoQueryChatbot/.airflow-venv/lib/python3.12/site-packages/airflow/example_dags/example_nested_branch_dag.py
[2026-09-22T02:05:46.050+0200] {logging_mixin.py:190} INFO - [2026-09-22T02:05:46.050+0200] {dag.py:3239} INFO - Sync 1 DAGs
[2026-09-22T02:05:46.063+0200] {logging_mixin.py:190} INFO - [2026-09-22T02:05:46.063+0200] {dag.py:4180} INFO - Setting next_dagrun for example_nested_branch_dag to 2026-09-21 00:00:00+00:00, run_after=2026-09-22 00:00:00+00:00
[2026-09-22T02:05:46.139+0200] {processor.py:208} INFO - Processing /Users/swarnalidatta/Desktop/AutoQueryChatbot/.airflow-venv/lib/python3.12/site-packages/airflow/example_dags/example_nested_branch_dag.py took 0.208 seconds
