[2026-09-21T02:02:49.181+0200] {processor.py:186} INFO - Started process (PID=7771) to work on /Users/swarnalidatta/Desktop/AutoQueryChatbot/.airflow-venv/lib/python3.12/site-packages/airflow/example_dags/example_xcom.py
[2026-09-21T02:02:49.181+0200] {processor.py:914} INFO - Processing file /Users/swarnalidatta/Desktop/AutoQueryChatbot/.airflow-venv/lib/python3.12/site-packages/airflow/example_dags/example_xcom.py for tasks to queue
[2026-09-21T02:02:49.182+0200] {logging_mixin.py:190} INFO - [2026-09-21T02:02:49.182+0200] {dagbag.py:588} INFO - Filling up the DagBag from /Users/swarnalidatta/Desktop/AutoQueryChatbot/.airflow-venv/lib/python3.12/site-packages/airflow/example_dags/example_xcom.py
[2026-09-21T02:02:49.194+0200] {processor.py:925} INFO - DAG(s) 'example_xcom' retrieved from /Users/swarnalidatta/Desktop/AutoQueryChatbot/.airflow-venv/lib/python3.12/site-packages/airflow/example_dags/example_xcom.py
[2026-09-21T02:02:49.238+0200] {logging_mixin.py:190} INFO - [2026-09-21T02:02:49.238+0200] {dag.py:3239} INFO - Sync 1 DAGs
[2026-09-21T02:02:49.243+0200] {logging_mixin.py:190} INFO - [2026-09-21T02:02:49.243+0200] {dag.py:4180} INFO - Setting next_dagrun for example_xcom to 2021-01-01 00:00:00+00:00, run_after=2021-01-01 00:00:00+00:00
[2026-09-21T02:02:49.248+0200] {processor.py:208} INFO - Processing /Users/swarnalidatta/Desktop/AutoQueryChatbot/.airflow-venv/lib/python3.12/site-packages/airflow/example_dags/example_xcom.py took 0.068 seconds
[2026-09-21T06:18:53.110+0200] {processor.py:186} INFO - Started process (PID=8025) to work on /Users/swarnalidatta/Desktop/AutoQueryChatbot/.airflow-venv/lib/python3.12/site-packages/airflow/example_dags/example_xcom.py
[2026-09-21T06:18:53.111+0200] {processor.py:914} INFO - Processing file /Users/swarnalidatta/Desktop/AutoQueryChatbot/.airflow-venv/lib/python3.12/site-packages/airflow/example_dags/example_xcom.py for tasks to queue
[2026-09-21T06:18:53.111+0200] {logging_mixin.py:190} INFO - [2026-09-21T06:18:53.111+0200] {dagbag.py:588} INFO - Filling up the DagBag from /Users/swarnalidatta/Desktop/AutoQueryChatbot/.airflow-venv/lib/python3.12/site-packages/airflow/example_dags/example_xcom.py
[2026-09-21T06:18:53.124+0200] {processor.py:925} INFO - DAG(s) 'example_xcom' retrieved from /Users/swarnalidatta/Desktop/AutoQueryChatbot/.airflow-venv/lib/python3.12/site-packages/airflow/example_dags/example_xcom.py
[2026-09-21T06:18:53.171+0200] {logging_mixin.py:190} INFO - [2026-09-21T06:18:53.171+0200] {dag.py:3239} INFO - Sync 1 DAGs
[2026-09-21T06:18:53.176+0200] {logging_mixin.py:190} INFO - [2026-09-21T06:18:53.176+0200] {dag.py:4180} INFO - Setting next_dagrun for example_xcom to 2021-01-01 00:00:00+00:00, run_after=2021-01-01 00:00:00+00:00
[2026-09-21T06:18:53.181+0200] {processor.py:208} INFO - Processing /Users/swarnalidatta/Desktop/AutoQueryChatbot/.airflow-venv/lib/python3.12/site-packages/airflow/example_dags/example_xcom.py took 0.072 seconds
[2026-09-21T10:00:53.299+0200] {processor.py:186} INFO - Started process (PID=8349) to work on /Users/swarnalidatta/Desktop/AutoQueryChatbot/.airflow-venv/lib/python3.12/site-packages/airflow/example_dags/example_xcom.py
[2026-09-21T10:00:53.300+0200] {processor.py:914} INFO - Processing file /Users/swarnalidatta/Desktop/AutoQueryChatbot/.airflow-venv/lib/python3.12/site-packages/airflow/example_dags/example_xcom.py for tasks to queue
[2026-09-21T10:00:53.300+0200] {logging_mixin.py:190} INFO - [2026-09-21T10:00:53.300+0200] {dagbag.py:588} INFO - Filling up the DagBag from /Users/swarnalidatta/Desktop/AutoQueryChatbot/.airflow-venv/lib/python3.12/site-packages/airflow/example_dags/example_xcom.py
[2026-09-21T10:00:53.313+0200] {processor.py:925} INFO - DAG(s) 'example_xcom' retrieved from /Users/swarnalidatta/Desktop/AutoQueryChatbot/.airflow-venv/lib/python3.12/site-packages/airflow/example_dags/example_xcom.py
[2026-09-21T10:00:53.357+0200] {logging_mixin.py:190} INFO - [2026-09-21T10:00:53.357+0200] {dag.py:3239} INFO - Sync 1 DAGs
[2026-09-21T10:00:53.362+0200] {logging_mixin.py:190} INFO - [2026-09-21T10:00:53.362+0200] {dag.py:4180} INFO - Setting next_dagrun for example_xcom to 2021-01-01 00:00:00+00:00, run_after=2021-01-01 00:00:00+00:00
[2026-09-21T10:00:53.367+0200] {processor.py:208} INFO - Processing /Users/swarnalidatta/Desktop/AutoQueryChatbot/.airflow-venv/lib/python3.12/site-packages/airflow/example_dags/example_xcom.py took 0.069 seconds
[2026-09-21T13:23:20.023+0200] {processor.py:186} INFO - Started process (PID=8634) to work on /Users/swarnalidatta/Desktop/AutoQueryChatbot/.airflow-venv/lib/python3.12/site-packages/airflow/example_dags/example_xcom.py
[2026-09-21T13:23:20.024+0200] {processor.py:914} INFO - Processing file /Users/swarnalidatta/Desktop/AutoQueryChatbot/.airflow-venv/lib/python3.12/site-packages/airflow/example_dags/example_xcom.py for tasks to queue
[2026-09-21T13:23:20.024+0200] {logging_mixin.py:190} INFO - [2026-09-21T13:23:20.024+0200] {dagbag.py:588} INFO - Filling up the DagBag from /Users/swarnalidatta/Desktop/AutoQueryChatbot/.airflow-venv/lib/python3.12/site-packages/airflow/example_dags/example_xcom.py
[2026-09-21T13:23:20.037+0200] {processor.py:925} INFO - DAG(s) 'example_xcom' retrieved from /Users/swarnalidatta/Desktop/AutoQueryChatbot/.airflow-venv/lib/python3.12/site-packages/airflow/example_dags/example_xcom.py
[2026-09-21T13:23:20.084+0200] {logging_mixin.py:190} INFO - [2026-09-21T13:23:20.084+0200] {dag.py:3239} INFO - Sync 1 DAGs
[2026-09-21T13:23:20.089+0200] {logging_mixin.py:190} INFO - [2026-09-21T13:23:20.089+0200] {dag.py:4180} INFO - Setting next_dagrun for example_xcom to 2021-01-01 00:00:00+00:00, run_after=2021-01-01 00:00:00+00:00
[2026-09-21T13:23:20.094+0200] {processor.py:208} INFO - Processing /Users/swarnalidatta/Desktop/AutoQueryChatbot/.airflow-venv/lib/python3.12/site-packages/airflow/example_dags/example_xcom.py took 0.072 seconds
[2026-09-21T13:52:35.474+0200] {processor.py:186} INFO - Started process (PID=8857) to work on /Users/swarnalidatta/Desktop/AutoQueryChatbot/.airflow-venv/lib/python3.12/site-packages/airflow/example_dags/example_xcom.py
[2026-09-21T13:52:35.475+0200] {processor.py:914} INFO - Processing file /Users/swarnalidatta/Desktop/AutoQueryChatbot/.airflow-venv/lib/python3.12/site-packages/airflow/example_dags/example_xcom.py for tasks to queue
[2026-09-21T13:52:35.475+0200] {logging_mixin.py:190} INFO - [2026-09-21T13:52:35.475+0200] {dagbag.py:588} INFO - Filling up the DagBag from /Users/swarnalidatta/Desktop/AutoQueryChatbot/.airflow-venv/lib/python3.12/site-packages/airflow/example_dags/example_xcom.py
[2026-09-21T13:52:35.487+0200] {processor.py:925} INFO - DAG(s) 'example_xcom' retrieved from /Users/swarnalidatta/Desktop/AutoQueryChatbot/.airflow-venv/lib/python3.12/site-packages/airflow/example_dags/example_xcom.py
[2026-09-21T13:52:35.532+0200] {logging_mixin.py:190} INFO - [2026-09-21T13:52:35.532+0200] {dag.py:3239} INFO - Sync 1 DAGs
[2026-09-21T13:52:35.537+0200] {logging_mixin.py:190} INFO - [2026-09-21T13:52:35.537+0200] {dag.py:4180} INFO - Setting next_dagrun for example_xcom to 2021-01-01 00:00:00+00:00, run_after=2021-01-01 00:00:00+00:00
[2026-09-21T13:52:35.542+0200] {processor.py:208} INFO - Processing /Users/swarnalidatta/Desktop/AutoQueryChatbot/.airflow-venv/lib/python3.12/site-packages/airflow/example_dags/example_xcom.py took 0.069 seconds
[2026-09-21T14:00:43.050+0200] {processor.py:186} INFO - Started process (PID=9006) to work on /Users/swarnalidatta/Desktop/AutoQueryChatbot/.airflow-venv/lib/python3.12/site-packages/airflow/example_dags/example_xcom.py
[2026-09-21T14:00:43.051+0200] {processor.py:914} INFO - Processing file /Users/swarnalidatta/Desktop/AutoQueryChatbot/.airflow-venv/lib/python3.12/site-packages/airflow/example_dags/example_xcom.py for tasks to queue
[2026-09-21T14:00:43.051+0200] {logging_mixin.py:190} INFO - [2026-09-21T14:00:43.051+0200] {dagbag.py:588} INFO - Filling up the DagBag from /Users/swarnalidatta/Desktop/AutoQueryChatbot/.airflow-venv/lib/python3.12/site-packages/airflow/example_dags/example_xcom.py
[2026-09-21T14:00:43.063+0200] {processor.py:925} INFO - DAG(s) 'example_xcom' retrieved from /Users/swarnalidatta/Desktop/AutoQueryChatbot/.airflow-venv/lib/python3.12/site-packages/airflow/example_dags/example_xcom.py
[2026-09-21T14:00:43.108+0200] {logging_mixin.py:190} INFO - [2026-09-21T14:00:43.108+0200] {dag.py:3239} INFO - Sync 1 DAGs
[2026-09-21T14:00:43.112+0200] {logging_mixin.py:190} INFO - [2026-09-21T14:00:43.112+0200] {dag.py:4180} INFO - Setting next_dagrun for example_xcom to 2021-01-01 00:00:00+00:00, run_after=2021-01-01 00:00:00+00:00
[2026-09-21T14:00:43.117+0200] {processor.py:208} INFO - Processing /Users/swarnalidatta/Desktop/AutoQueryChatbot/.airflow-venv/lib/python3.12/site-packages/airflow/example_dags/example_xcom.py took 0.068 seconds
[2026-09-21T16:40:22.361+0200] {processor.py:186} INFO - Started process (PID=9297) to work on /Users/swarnalidatta/Desktop/AutoQueryChatbot/.airflow-venv/lib/python3.12/site-packages/airflow/example_dags/example_xcom.py
[2026-09-21T16:40:22.362+0200] {processor.py:914} INFO - Processing file /Users/swarnalidatta/Desktop/AutoQueryChatbot/.airflow-venv/lib/python3.12/site-packages/airflow/example_dags/example_xcom.py for tasks to queue
[2026-09-21T16:40:22.362+0200] {logging_mixin.py:190} INFO - [2026-09-21T16:40:22.362+0200] {dagbag.py:588} INFO - Filling up the DagBag from /Users/swarnalidatta/Desktop/AutoQueryChatbot/.airflow-venv/lib/python3.12/site-packages/airflow/example_dags/example_xcom.py
[2026-09-21T16:40:22.374+0200] {processor.py:925} INFO - DAG(s) 'example_xcom' retrieved from /Users/swarnalidatta/Desktop/AutoQueryChatbot/.airflow-venv/lib/python3.12/site-packages/airflow/example_dags/example_xcom.py
[2026-09-21T16:40:22.420+0200] {logging_mixin.py:190} INFO - [2026-09-21T16:40:22.420+0200] {dag.py:3239} INFO - Sync 1 DAGs
[2026-09-21T16:40:22.425+0200] {logging_mixin.py:190} INFO - [2026-09-21T16:40:22.424+0200] {dag.py:4180} INFO - Setting next_dagrun for example_xcom to 2021-01-01 00:00:00+00:00, run_after=2021-01-01 00:00:00+00:00
[2026-09-21T16:40:22.429+0200] {processor.py:208} INFO - Processing /Users/swarnalidatta/Desktop/AutoQueryChatbot/.airflow-venv/lib/python3.12/site-packages/airflow/example_dags/example_xcom.py took 0.069 seconds
[2026-09-21T18:12:53.532+0200] {processor.py:186} INFO - Started process (PID=9543) to work on /Users/swarnalidatta/Desktop/AutoQueryChatbot/.airflow-venv/lib/python3.12/site-packages/airflow/example_dags/example_xcom.py
[2026-09-21T18:12:53.532+0200] {processor.py:914} INFO - Processing file /Users/swarnalidatta/Desktop/AutoQueryChatbot/.airflow-venv/lib/python3.12/site-packages/airflow/example_dags/example_xcom.py for tasks to queue
[2026-09-21T18:12:53.533+0200] {logging_mixin.py:190} INFO - [2026-09-21T18:12:53.532+0200] {dagbag.py:588} INFO - Filling up the DagBag from /Users/swarnalidatta/Desktop/AutoQueryChatbot/.airflow-venv/lib/python3.12/site-packages/airflow/example_dags/example_xcom.py
[2026-09-21T18:12:53.545+0200] {processor.py:925} INFO - DAG(s) 'example_xcom' retrieved from /Users/swarnalidatta/Desktop/AutoQueryChatbot/.airflow-venv/lib/python3.12/site-packages/airflow/example_dags/example_xcom.py
[2026-09-21T18:12:53.591+0200] {logging_mixin.py:190} INFO - [2026-09-21T18:12:53.591+0200] {dag.py:3239} INFO - Sync 1 DAGs
[2026-09-21T18:12:53.596+0200] {logging_mixin.py:190} INFO - [2026-09-21T18:12:53.596+0200] {dag.py:4180} INFO - Setting next_dagrun for example_xcom to 2021-01-01 00:00:00+00:00, run_after=2021-01-01 00:00:00+00:00
[2026-09-21T18:12:53.601+0200] {processor.py:208} INFO - Processing /Users/swarnalidatta/Desktop/AutoQueryChatbot/.airflow-venv/lib/python3.12/site-packages/airflow/example_dags/example_xcom.py took 0.070 seconds
[2026-09-21T18:13:54.070+0200] {processor.py:186} INFO - Started process (PID=9682) to work on /Users/swarnalidatta/Desktop/AutoQueryChatbot/.airflow-venv/lib/python3.12/site-packages/airflow/example_dags/example_xcom.py
[2026-09-21T18:13:54.071+0200] {processor.py:914} INFO - Processing file /Users/swarnalidatta/Desktop/AutoQueryChatbot/.airflow-venv/lib/python3.12/site-packages/airflow/example_dags/example_xcom.py for tasks to queue
[2026-09-21T18:13:54.071+0200] {logging_mixin.py:190} INFO - [2026-09-21T18:13:54.071+0200] {dagbag.py:588} INFO - Filling up the DagBag from /Users/swarnalidatta/Desktop/AutoQueryChatbot/.airflow-venv/lib/python3.12/site-packages/airflow/example_dags/example_xcom.py
[2026-09-21T18:13:54.084+0200] {processor.py:925} INFO - DAG(s) 'example_xcom' retrieved from /Users/swarnalidatta/Desktop/AutoQueryChatbot/.airflow-venv/lib/python3.12/site-packages/airflow/example_dags/example_xcom.py
[2026-09-21T18:13:54.131+0200] {logging_mixin.py:190} INFO - [2026-09-21T18:13:54.131+0200] {dag.py:3239} INFO - Sync 1 DAGs
[2026-09-21T18:13:54.136+0200] {logging_mixin.py:190} INFO - [2026-09-21T18:13:54.136+0200] {dag.py:4180} INFO - Setting next_dagrun for example_xcom to 2021-01-01 00:00:00+00:00, run_after=2021-01-01 00:00:00+00:00
[2026-09-21T18:13:54.142+0200] {processor.py:208} INFO - Processing /Users/swarnalidatta/Desktop/AutoQueryChatbot/.airflow-venv/lib/python3.12/site-packages/airflow/example_dags/example_xcom.py took 0.072 seconds
[2026-09-21T19:01:01.169+0200] {processor.py:186} INFO - Started process (PID=9840) to work on /Users/swarnalidatta/Desktop/AutoQueryChatbot/.airflow-venv/lib/python3.12/site-packages/airflow/example_dags/example_xcom.py
[2026-09-21T19:01:01.170+0200] {processor.py:914} INFO - Processing file /Users/swarnalidatta/Desktop/AutoQueryChatbot/.airflow-venv/lib/python3.12/site-packages/airflow/example_dags/example_xcom.py for tasks to queue
[2026-09-21T19:01:01.170+0200] {logging_mixin.py:190} INFO - [2026-09-21T19:01:01.170+0200] {dagbag.py:588} INFO - Filling up the DagBag from /Users/swarnalidatta/Desktop/AutoQueryChatbot/.airflow-venv/lib/python3.12/site-packages/airflow/example_dags/example_xcom.py
[2026-09-21T19:01:01.182+0200] {processor.py:925} INFO - DAG(s) 'example_xcom' retrieved from /Users/swarnalidatta/Desktop/AutoQueryChatbot/.airflow-venv/lib/python3.12/site-packages/airflow/example_dags/example_xcom.py
[2026-09-21T19:01:01.226+0200] {logging_mixin.py:190} INFO - [2026-09-21T19:01:01.226+0200] {dag.py:3239} INFO - Sync 1 DAGs
[2026-09-21T19:01:01.231+0200] {logging_mixin.py:190} INFO - [2026-09-21T19:01:01.231+0200] {dag.py:4180} INFO - Setting next_dagrun for example_xcom to 2021-01-01 00:00:00+00:00, run_after=2021-01-01 00:00:00+00:00
[2026-09-21T19:01:01.236+0200] {processor.py:208} INFO - Processing /Users/swarnalidatta/Desktop/AutoQueryChatbot/.airflow-venv/lib/python3.12/site-packages/airflow/example_dags/example_xcom.py took 0.067 seconds
[2026-09-21T19:10:58.936+0200] {processor.py:186} INFO - Started process (PID=10075) to work on /Users/swarnalidatta/Desktop/AutoQueryChatbot/.airflow-venv/lib/python3.12/site-packages/airflow/example_dags/example_xcom.py
[2026-09-21T19:10:58.936+0200] {processor.py:914} INFO - Processing file /Users/swarnalidatta/Desktop/AutoQueryChatbot/.airflow-venv/lib/python3.12/site-packages/airflow/example_dags/example_xcom.py for tasks to queue
[2026-09-21T19:10:58.936+0200] {logging_mixin.py:190} INFO - [2026-09-21T19:10:58.936+0200] {dagbag.py:588} INFO - Filling up the DagBag from /Users/swarnalidatta/Desktop/AutoQueryChatbot/.airflow-venv/lib/python3.12/site-packages/airflow/example_dags/example_xcom.py
[2026-09-21T19:10:58.948+0200] {processor.py:925} INFO - DAG(s) 'example_xcom' retrieved from /Users/swarnalidatta/Desktop/AutoQueryChatbot/.airflow-venv/lib/python3.12/site-packages/airflow/example_dags/example_xcom.py
[2026-09-21T19:10:58.994+0200] {logging_mixin.py:190} INFO - [2026-09-21T19:10:58.994+0200] {dag.py:3239} INFO - Sync 1 DAGs
[2026-09-21T19:10:58.999+0200] {logging_mixin.py:190} INFO - [2026-09-21T19:10:58.999+0200] {dag.py:4180} INFO - Setting next_dagrun for example_xcom to 2021-01-01 00:00:00+00:00, run_after=2021-01-01 00:00:00+00:00
[2026-09-21T19:10:59.004+0200] {processor.py:208} INFO - Processing /Users/swarnalidatta/Desktop/AutoQueryChatbot/.airflow-venv/lib/python3.12/site-packages/airflow/example_dags/example_xcom.py took 0.069 seconds
[2026-09-21T21:24:23.416+0200] {processor.py:186} INFO - Started process (PID=10267) to work on /Users/swarnalidatta/Desktop/AutoQueryChatbot/.airflow-venv/lib/python3.12/site-packages/airflow/example_dags/example_xcom.py
[2026-09-21T21:24:23.417+0200] {processor.py:914} INFO - Processing file /Users/swarnalidatta/Desktop/AutoQueryChatbot/.airflow-venv/lib/python3.12/site-packages/airflow/example_dags/example_xcom.py for tasks to queue
[2026-09-21T21:24:23.417+0200] {logging_mixin.py:190} INFO - [2026-09-21T21:24:23.417+0200] {dagbag.py:588} INFO - Filling up the DagBag from /Users/swarnalidatta/Desktop/AutoQueryChatbot/.airflow-venv/lib/python3.12/site-packages/airflow/example_dags/example_xcom.py
[2026-09-21T21:24:23.430+0200] {processor.py:925} INFO - DAG(s) 'example_xcom' retrieved from /Users/swarnalidatta/Desktop/AutoQueryChatbot/.airflow-venv/lib/python3.12/site-packages/airflow/example_dags/example_xcom.py
[2026-09-21T21:24:23.477+0200] {logging_mixin.py:190} INFO - [2026-09-21T21:24:23.477+0200] {dag.py:3239} INFO - Sync 1 DAGs
[2026-09-21T21:24:23.482+0200] {logging_mixin.py:190} INFO - [2026-09-21T21:24:23.482+0200] {dag.py:4180} INFO - Setting next_dagrun for example_xcom to 2021-01-01 00:00:00+00:00, run_after=2021-01-01 00:00:00+00:00
[2026-09-21T21:24:23.486+0200] {processor.py:208} INFO - Processing /Users/swarnalidatta/Desktop/AutoQueryChatbot/.airflow-venv/lib/python3.12/site-packages/airflow/example_dags/example_xcom.py took 0.071 seconds
[2026-09-22T00:21:38.682+0200] {processor.py:186} INFO - Started process (PID=10555) to work on /Users/swarnalidatta/Desktop/AutoQueryChatbot/.airflow-venv/lib/python3.12/site-packages/airflow/example_dags/example_xcom.py
[2026-09-22T00:21:38.683+0200] {processor.py:914} INFO - Processing file /Users/swarnalidatta/Desktop/AutoQueryChatbot/.airflow-venv/lib/python3.12/site-packages/airflow/example_dags/example_xcom.py for tasks to queue
[2026-09-22T00:21:38.684+0200] {logging_mixin.py:190} INFO - [2026-09-22T00:21:38.684+0200] {dagbag.py:588} INFO - Filling up the DagBag from /Users/swarnalidatta/Desktop/AutoQueryChatbot/.airflow-venv/lib/python3.12/site-packages/airflow/example_dags/example_xcom.py
[2026-09-22T00:21:38.696+0200] {processor.py:925} INFO - DAG(s) 'example_xcom' retrieved from /Users/swarnalidatta/Desktop/AutoQueryChatbot/.airflow-venv/lib/python3.12/site-packages/airflow/example_dags/example_xcom.py
[2026-09-22T00:21:38.742+0200] {logging_mixin.py:190} INFO - [2026-09-22T00:21:38.742+0200] {dag.py:3239} INFO - Sync 1 DAGs
[2026-09-22T00:21:38.746+0200] {logging_mixin.py:190} INFO - [2026-09-22T00:21:38.746+0200] {dag.py:4180} INFO - Setting next_dagrun for example_xcom to 2021-01-01 00:00:00+00:00, run_after=2021-01-01 00:00:00+00:00
[2026-09-22T00:21:38.751+0200] {processor.py:208} INFO - Processing /Users/swarnalidatta/Desktop/AutoQueryChatbot/.airflow-venv/lib/python3.12/site-packages/airflow/example_dags/example_xcom.py took 0.070 seconds
