[2026-09-21T05:08:29.320+0200] {processor.py:186} INFO - Started process (PID=7958) to work on /Users/swarnalidatta/Desktop/AutoQueryChatbot/.airflow-venv/lib/python3.12/site-packages/airflow/example_dags/example_branch_datetime_operator.py
[2026-09-21T05:08:29.321+0200] {processor.py:914} INFO - Processing file /Users/swarnalidatta/Desktop/AutoQueryChatbot/.airflow-venv/lib/python3.12/site-packages/airflow/example_dags/example_branch_datetime_operator.py for tasks to queue
[2026-09-21T05:08:29.321+0200] {logging_mixin.py:190} INFO - [2026-09-21T05:08:29.321+0200] {dagbag.py:588} INFO - Filling up the DagBag from /Users/swarnalidatta/Desktop/AutoQueryChatbot/.airflow-venv/lib/python3.12/site-packages/airflow/example_dags/example_branch_datetime_operator.py
[2026-09-21T05:08:29.325+0200] {processor.py:925} INFO - DAG(s) 'example_branch_datetime_operator', 'example_branch_datetime_operator_2', 'example_branch_datetime_operator_3' retrieved from /Users/swarnalidatta/Desktop/AutoQueryChatbot/.airflow-venv/lib/python3.12/site-packages/airflow/example_dags/example_branch_datetime_operator.py
[2026-09-21T05:08:29.351+0200] {logging_mixin.py:190} INFO - [2026-09-21T05:08:29.351+0200] {dag.py:3239} INFO - Sync 3 DAGs
[2026-09-21T05:08:29.356+0200] {logging_mixin.py:190} INFO - [2026-09-21T05:08:29.356+0200] {dag.py:4180} INFO - Setting next_dagrun for example_branch_datetime_operator to 2026-09-20 00:00:00+00:00, run_after=2026-09-21 00:00:00+00:00
[2026-09-21T05:08:29.357+0200] {logging_mixin.py:190} INFO - [2026-09-21T05:08:29.357+0200] {dag.py:4180} INFO - Setting next_dagrun for example_branch_datetime_operator_2 to 2026-09-20 00:00:00+00:00, run_after=2026-09-21 00:00:00+00:00
[2026-09-21T05:08:29.358+0200] {logging_mixin.py:190} INFO - [2026-09-21T05:08:29.358+0200] {dag.py:4180} INFO - Setting next_dagrun for example_branch_datetime_operator_3 to 2026-09-20 00:00:00+00:00, run_after=2026-09-21 00:00:00+00:00
[2026-09-21T05:08:29.382+0200] {processor.py:208} INFO - Processing /Users/swarnalidatta/Desktop/AutoQueryChatbot/.airflow-venv/lib/python3.12/site-packages/airflow/example_dags/example_branch_datetime_operator.py took 0.063 seconds
[2026-09-21T09:18:42.897+0200] {processor.py:186} INFO - Started process (PID=8274) to work on /Users/swarnalidatta/Desktop/AutoQueryChatbot/.airflow-venv/lib/python3.12/site-packages/airflow/example_dags/example_branch_datetime_operator.py
[2026-09-21T09:18:42.897+0200] {processor.py:914} INFO - Processing file /Users/swarnalidatta/Desktop/AutoQueryChatbot/.airflow-venv/lib/python3.12/site-packages/airflow/example_dags/example_branch_datetime_operator.py for tasks to queue
[2026-09-21T09:18:42.897+0200] {logging_mixin.py:190} INFO - [2026-09-21T09:18:42.897+0200] {dagbag.py:588} INFO - Filling up the DagBag from /Users/swarnalidatta/Desktop/AutoQueryChatbot/.airflow-venv/lib/python3.12/site-packages/airflow/example_dags/example_branch_datetime_operator.py
[2026-09-21T09:18:42.901+0200] {processor.py:925} INFO - DAG(s) 'example_branch_datetime_operator', 'example_branch_datetime_operator_3', 'example_branch_datetime_operator_2' retrieved from /Users/swarnalidatta/Desktop/AutoQueryChatbot/.airflow-venv/lib/python3.12/site-packages/airflow/example_dags/example_branch_datetime_operator.py
[2026-09-21T09:18:42.928+0200] {logging_mixin.py:190} INFO - [2026-09-21T09:18:42.928+0200] {dag.py:3239} INFO - Sync 3 DAGs
[2026-09-21T09:18:42.933+0200] {logging_mixin.py:190} INFO - [2026-09-21T09:18:42.933+0200] {dag.py:4180} INFO - Setting next_dagrun for example_branch_datetime_operator to 2026-09-20 00:00:00+00:00, run_after=2026-09-21 00:00:00+00:00
[2026-09-21T09:18:42.934+0200] {logging_mixin.py:190} INFO - [2026-09-21T09:18:42.934+0200] {dag.py:4180} INFO - Setting next_dagrun for example_branch_datetime_operator_2 to 2026-09-20 00:00:00+00:00, run_after=2026-09-21 00:00:00+00:00
[2026-09-21T09:18:42.935+0200] {logging_mixin.py:190} INFO - [2026-09-21T09:18:42.935+0200] {dag.py:4180} INFO - Setting next_dagrun for example_branch_datetime_operator_3 to 2026-09-20 00:00:00+00:00, run_after=2026-09-21 00:00:00+00:00
[2026-09-21T09:18:42.961+0200] {processor.py:208} INFO - Processing /Users/swarnalidatta/Desktop/AutoQueryChatbot/.airflow-venv/lib/python3.12/site-packages/airflow/example_dags/example_branch_datetime_operator.py took 0.065 seconds
[2026-09-21T13:52:12.877+0200] {processor.py:186} INFO - Started process (PID=8801) to work on /Users/swarnalidatta/Desktop/AutoQueryChatbot/.airflow-venv/lib/python3.12/site-packages/airflow/example_dags/example_branch_datetime_operator.py
[2026-09-21T13:52:12.878+0200] {processor.py:914} INFO - Processing file /Users/swarnalidatta/Desktop/AutoQueryChatbot/.airflow-venv/lib/python3.12/site-packages/airflow/example_dags/example_branch_datetime_operator.py for tasks to queue
[2026-09-21T13:52:12.878+0200] {logging_mixin.py:190} INFO - [2026-09-21T13:52:12.878+0200] {dagbag.py:588} INFO - Filling up the DagBag from /Users/swarnalidatta/Desktop/AutoQueryChatbot/.airflow-venv/lib/python3.12/site-packages/airflow/example_dags/example_branch_datetime_operator.py
[2026-09-21T13:52:12.882+0200] {processor.py:925} INFO - DAG(s) 'example_branch_datetime_operator_2', 'example_branch_datetime_operator_3', 'example_branch_datetime_operator' retrieved from /Users/swarnalidatta/Desktop/AutoQueryChatbot/.airflow-venv/lib/python3.12/site-packages/airflow/example_dags/example_branch_datetime_operator.py
[2026-09-21T13:52:12.908+0200] {logging_mixin.py:190} INFO - [2026-09-21T13:52:12.908+0200] {dag.py:3239} INFO - Sync 3 DAGs
[2026-09-21T13:52:12.913+0200] {logging_mixin.py:190} INFO - [2026-09-21T13:52:12.913+0200] {dag.py:4180} INFO - Setting next_dagrun for example_branch_datetime_operator to 2026-09-20 00:00:00+00:00, run_after=2026-09-21 00:00:00+00:00
[2026-09-21T13:52:12.914+0200] {logging_mixin.py:190} INFO - [2026-09-21T13:52:12.914+0200] {dag.py:4180} INFO - Setting next_dagrun for example_branch_datetime_operator_2 to 2026-09-20 00:00:00+00:00, run_after=2026-09-21 00:00:00+00:00
[2026-09-21T13:52:12.915+0200] {logging_mixin.py:190} INFO - [2026-09-21T13:52:12.915+0200] {dag.py:4180} INFO - Setting next_dagrun for example_branch_datetime_operator_3 to 2026-09-20 00:00:00+00:00, run_after=2026-09-21 00:00:00+00:00
[2026-09-21T13:52:12.939+0200] {processor.py:208} INFO - Processing /Users/swarnalidatta/Desktop/AutoQueryChatbot/.airflow-venv/lib/python3.12/site-packages/airflow/example_dags/example_branch_datetime_operator.py took 0.063 seconds
[2026-09-21T15:43:00.109+0200] {processor.py:186} INFO - Started process (PID=9219) to work on /Users/swarnalidatta/Desktop/AutoQueryChatbot/.airflow-venv/lib/python3.12/site-packages/airflow/example_dags/example_branch_datetime_operator.py
[2026-09-21T15:43:00.110+0200] {processor.py:914} INFO - Processing file /Users/swarnalidatta/Desktop/AutoQueryChatbot/.airflow-venv/lib/python3.12/site-packages/airflow/example_dags/example_branch_datetime_operator.py for tasks to queue
[2026-09-21T15:43:00.110+0200] {logging_mixin.py:190} INFO - [2026-09-21T15:43:00.110+0200] {dagbag.py:588} INFO - Filling up the DagBag from /Users/swarnalidatta/Desktop/AutoQueryChatbot/.airflow-venv/lib/python3.12/site-packages/airflow/example_dags/example_branch_datetime_operator.py
[2026-09-21T15:43:00.114+0200] {processor.py:925} INFO - DAG(s) 'example_branch_datetime_operator', 'example_branch_datetime_operator_3', 'example_branch_datetime_operator_2' retrieved from /Users/swarnalidatta/Desktop/AutoQueryChatbot/.airflow-venv/lib/python3.12/site-packages/airflow/example_dags/example_branch_datetime_operator.py
[2026-09-21T15:43:00.141+0200] {logging_mixin.py:190} INFO - [2026-09-21T15:43:00.141+0200] {dag.py:3239} INFO - Sync 3 DAGs
[2026-09-21T15:43:00.146+0200] {logging_mixin.py:190} INFO - [2026-09-21T15:43:00.146+0200] {dag.py:4180} INFO - Setting next_dagrun for example_branch_datetime_operator to 2026-09-20 00:00:00+00:00, run_after=2026-09-21 00:00:00+00:00
[2026-09-21T15:43:00.147+0200] {logging_mixin.py:190} INFO - [2026-09-21T15:43:00.147+0200] {dag.py:4180} INFO - Setting next_dagrun for example_branch_datetime_operator_2 to 2026-09-20 00:00:00+00:00, run_after=2026-09-21 00:00:00+00:00
[2026-09-21T15:43:00.148+0200] {logging_mixin.py:190} INFO - [2026-09-21T15:43:00.147+0200] {dag.py:4180} INFO - Setting next_dagrun for example_branch_datetime_operator_3 to 2026-09-20 00:00:00+00:00, run_after=2026-09-21 00:00:00+00:00
[2026-09-21T15:43:00.173+0200] {processor.py:208} INFO - Processing /Users/swarnalidatta/Desktop/AutoQueryChatbot/.airflow-venv/lib/python3.12/site-packages/airflow/example_dags/example_branch_datetime_operator.py took 0.065 seconds
[2026-09-21T18:12:29.799+0200] {processor.py:186} INFO - Started process (PID=9486) to work on /Users/swarnalidatta/Desktop/AutoQueryChatbot/.airflow-venv/lib/python3.12/site-packages/airflow/example_dags/example_branch_datetime_operator.py
[2026-09-21T18:12:29.800+0200] {processor.py:914} INFO - Processing file /Users/swarnalidatta/Desktop/AutoQueryChatbot/.airflow-venv/lib/python3.12/site-packages/airflow/example_dags/example_branch_datetime_operator.py for tasks to queue
[2026-09-21T18:12:29.800+0200] {logging_mixin.py:190} INFO - [2026-09-21T18:12:29.800+0200] {dagbag.py:588} INFO - Filling up the DagBag from /Users/swarnalidatta/Desktop/AutoQueryChatbot/.airflow-venv/lib/python3.12/site-packages/airflow/example_dags/example_branch_datetime_operator.py
[2026-09-21T18:12:29.804+0200] {processor.py:925} INFO - DAG(s) 'example_branch_datetime_operator', 'example_branch_datetime_operator_2', 'example_branch_datetime_operator_3' retrieved from /Users/swarnalidatta/Desktop/AutoQueryChatbot/.airflow-venv/lib/python3.12/site-packages/airflow/example_dags/example_branch_datetime_operator.py
[2026-09-21T18:12:29.832+0200] {logging_mixin.py:190} INFO - [2026-09-21T18:12:29.832+0200] {dag.py:3239} INFO - Sync 3 DAGs
[2026-09-21T18:12:29.837+0200] {logging_mixin.py:190} INFO - [2026-09-21T18:12:29.837+0200] {dag.py:4180} INFO - Setting next_dagrun for example_branch_datetime_operator to 2026-09-20 00:00:00+00:00, run_after=2026-09-21 00:00:00+00:00
[2026-09-21T18:12:29.838+0200] {logging_mixin.py:190} INFO - [2026-09-21T18:12:29.838+0200] {dag.py:4180} INFO - Setting next_dagrun for example_branch_datetime_operator_2 to 2026-09-20 00:00:00+00:00, run_after=2026-09-21 00:00:00+00:00
[2026-09-21T18:12:29.839+0200] {logging_mixin.py:190} INFO - [2026-09-21T18:12:29.839+0200] {dag.py:4180} INFO - Setting next_dagrun for example_branch_datetime_operator_3 to 2026-09-20 00:00:00+00:00, run_after=2026-09-21 00:00:00+00:00
[2026-09-21T18:12:29.864+0200] {processor.py:208} INFO - Processing /Users/swarnalidatta/Desktop/AutoQueryChatbot/.airflow-venv/lib/python3.12/site-packages/airflow/example_dags/example_branch_datetime_operator.py took 0.065 seconds
[2026-09-21T19:00:38.310+0200] {processor.py:186} INFO - Started process (PID=9785) to work on /Users/swarnalidatta/Desktop/AutoQueryChatbot/.airflow-venv/lib/python3.12/site-packages/airflow/example_dags/example_branch_datetime_operator.py
[2026-09-21T19:00:38.310+0200] {processor.py:914} INFO - Processing file /Users/swarnalidatta/Desktop/AutoQueryChatbot/.airflow-venv/lib/python3.12/site-packages/airflow/example_dags/example_branch_datetime_operator.py for tasks to queue
[2026-09-21T19:00:38.310+0200] {logging_mixin.py:190} INFO - [2026-09-21T19:00:38.310+0200] {dagbag.py:588} INFO - Filling up the DagBag from /Users/swarnalidatta/Desktop/AutoQueryChatbot/.airflow-venv/lib/python3.12/site-packages/airflow/example_dags/example_branch_datetime_operator.py
[2026-09-21T19:00:38.314+0200] {processor.py:925} INFO - DAG(s) 'example_branch_datetime_operator', 'example_branch_datetime_operator_2', 'example_branch_datetime_operator_3' retrieved from /Users/swarnalidatta/Desktop/AutoQueryChatbot/.airflow-venv/lib/python3.12/site-packages/airflow/example_dags/example_branch_datetime_operator.py
[2026-09-21T19:00:38.341+0200] {logging_mixin.py:190} INFO - [2026-09-21T19:00:38.341+0200] {dag.py:3239} INFO - Sync 3 DAGs
[2026-09-21T19:00:38.346+0200] {logging_mixin.py:190} INFO - [2026-09-21T19:00:38.346+0200] {dag.py:4180} INFO - Setting next_dagrun for example_branch_datetime_operator to 2026-09-20 00:00:00+00:00, run_after=2026-09-21 00:00:00+00:00
[2026-09-21T19:00:38.347+0200] {logging_mixin.py:190} INFO - [2026-09-21T19:00:38.347+0200] {dag.py:4180} INFO - Setting next_dagrun for example_branch_datetime_operator_2 to 2026-09-20 00:00:00+00:00, run_after=2026-09-21 00:00:00+00:00
[2026-09-21T19:00:38.347+0200] {logging_mixin.py:190} INFO - [2026-09-21T19:00:38.347+0200] {dag.py:4180} INFO - Setting next_dagrun for example_branch_datetime_operator_3 to 2026-09-20 00:00:00+00:00, run_after=2026-09-21 00:00:00+00:00
[2026-09-21T19:00:38.372+0200] {processor.py:208} INFO - Processing /Users/swarnalidatta/Desktop/AutoQueryChatbot/.airflow-venv/lib/python3.12/site-packages/airflow/example_dags/example_branch_datetime_operator.py took 0.063 seconds
[2026-09-21T20:18:59.450+0200] {processor.py:186} INFO - Started process (PID=10192) to work on /Users/swarnalidatta/Desktop/AutoQueryChatbot/.airflow-venv/lib/python3.12/site-packages/airflow/example_dags/example_branch_datetime_operator.py
[2026-09-21T20:18:59.451+0200] {processor.py:914} INFO - Processing file /Users/swarnalidatta/Desktop/AutoQueryChatbot/.airflow-venv/lib/python3.12/site-packages/airflow/example_dags/example_branch_datetime_operator.py for tasks to queue
[2026-09-21T20:18:59.451+0200] {logging_mixin.py:190} INFO - [2026-09-21T20:18:59.451+0200] {dagbag.py:588} INFO - Filling up the DagBag from /Users/swarnalidatta/Desktop/AutoQueryChatbot/.airflow-venv/lib/python3.12/site-packages/airflow/example_dags/example_branch_datetime_operator.py
[2026-09-21T20:18:59.455+0200] {processor.py:925} INFO - DAG(s) 'example_branch_datetime_operator', 'example_branch_datetime_operator_3', 'example_branch_datetime_operator_2' retrieved from /Users/swarnalidatta/Desktop/AutoQueryChatbot/.airflow-venv/lib/python3.12/site-packages/airflow/example_dags/example_branch_datetime_operator.py
[2026-09-21T20:18:59.482+0200] {logging_mixin.py:190} INFO - [2026-09-21T20:18:59.482+0200] {dag.py:3239} INFO - Sync 3 DAGs
[2026-09-21T20:18:59.487+0200] {logging_mixin.py:190} INFO - [2026-09-21T20:18:59.487+0200] {dag.py:4180} INFO - Setting next_dagrun for example_branch_datetime_operator to 2026-09-20 00:00:00+00:00, run_after=2026-09-21 00:00:00+00:00
[2026-09-21T20:18:59.488+0200] {logging_mixin.py:190} INFO - [2026-09-21T20:18:59.488+0200] {dag.py:4180} INFO - Setting next_dagrun for example_branch_datetime_operator_2 to 2026-09-20 00:00:00+00:00, run_after=2026-09-21 00:00:00+00:00
[2026-09-21T20:18:59.488+0200] {logging_mixin.py:190} INFO - [2026-09-21T20:18:59.488+0200] {dag.py:4180} INFO - Setting next_dagrun for example_branch_datetime_operator_3 to 2026-09-20 00:00:00+00:00, run_after=2026-09-21 00:00:00+00:00
[2026-09-21T20:18:59.513+0200] {processor.py:208} INFO - Processing /Users/swarnalidatta/Desktop/AutoQueryChatbot/.airflow-venv/lib/python3.12/site-packages/airflow/example_dags/example_branch_datetime_operator.py took 0.064 seconds
