[2026-09-21T03:01:27.775+0200] {processor.py:186} INFO - Started process (PID=7832) to work on /Users/swarnalidatta/Desktop/AutoQueryChatbot/.airflow-venv/lib/python3.12/site-packages/airflow/example_dags/example_sensors.py
[2026-09-21T03:01:27.776+0200] {processor.py:914} INFO - Processing file /Users/swarnalidatta/Desktop/AutoQueryChatbot/.airflow-venv/lib/python3.12/site-packages/airflow/example_dags/example_sensors.py for tasks to queue
[2026-09-21T03:01:27.777+0200] {logging_mixin.py:190} INFO - [2026-09-21T03:01:27.776+0200] {dagbag.py:588} INFO - Filling up the DagBag from /Users/swarnalidatta/Desktop/AutoQueryChatbot/.airflow-venv/lib/python3.12/site-packages/airflow/example_dags/example_sensors.py
[2026-09-21T03:01:27.786+0200] {processor.py:925} INFO - DAG(s) 'example_sensors' retrieved from /Users/swarnalidatta/Desktop/AutoQueryChatbot/.airflow-venv/lib/python3.12/site-packages/airflow/example_dags/example_sensors.py
[2026-09-21T03:01:28.163+0200] {logging_mixin.py:190} INFO - [2026-09-21T03:01:28.163+0200] {dag.py:3239} INFO - Sync 1 DAGs
[2026-09-21T03:01:28.167+0200] {logging_mixin.py:190} INFO - [2026-09-21T03:01:28.167+0200] {dag.py:4180} INFO - Setting next_dagrun for example_sensors to None, run_after=None
[2026-09-21T03:01:28.172+0200] {processor.py:208} INFO - Processing /Users/swarnalidatta/Desktop/AutoQueryChatbot/.airflow-venv/lib/python3.12/site-packages/airflow/example_dags/example_sensors.py took 0.400 seconds
[2026-09-21T07:26:53.444+0200] {processor.py:186} INFO - Started process (PID=8125) to work on /Users/swarnalidatta/Desktop/AutoQueryChatbot/.airflow-venv/lib/python3.12/site-packages/airflow/example_dags/example_sensors.py
[2026-09-21T07:26:53.444+0200] {processor.py:914} INFO - Processing file /Users/swarnalidatta/Desktop/AutoQueryChatbot/.airflow-venv/lib/python3.12/site-packages/airflow/example_dags/example_sensors.py for tasks to queue
[2026-09-21T07:26:53.444+0200] {logging_mixin.py:190} INFO - [2026-09-21T07:26:53.444+0200] {dagbag.py:588} INFO - Filling up the DagBag from /Users/swarnalidatta/Desktop/AutoQueryChatbot/.airflow-venv/lib/python3.12/site-packages/airflow/example_dags/example_sensors.py
[2026-09-21T07:26:53.448+0200] {processor.py:925} INFO - DAG(s) 'example_sensors' retrieved from /Users/swarnalidatta/Desktop/AutoQueryChatbot/.airflow-venv/lib/python3.12/site-packages/airflow/example_dags/example_sensors.py
[2026-09-21T07:26:53.639+0200] {logging_mixin.py:190} INFO - [2026-09-21T07:26:53.639+0200] {dag.py:3239} INFO - Sync 1 DAGs
[2026-09-21T07:26:53.642+0200] {logging_mixin.py:190} INFO - [2026-09-21T07:26:53.642+0200] {dag.py:4180} INFO - Setting next_dagrun for example_sensors to None, run_after=None
[2026-09-21T07:26:53.647+0200] {processor.py:208} INFO - Processing /Users/swarnalidatta/Desktop/AutoQueryChatbot/.airflow-venv/lib/python3.12/site-packages/airflow/example_dags/example_sensors.py took 0.204 seconds
[2026-09-21T10:55:54.613+0200] {processor.py:186} INFO - Started process (PID=8426) to work on /Users/swarnalidatta/Desktop/AutoQueryChatbot/.airflow-venv/lib/python3.12/site-packages/airflow/example_dags/example_sensors.py
[2026-09-21T10:55:54.614+0200] {processor.py:914} INFO - Processing file /Users/swarnalidatta/Desktop/AutoQueryChatbot/.airflow-venv/lib/python3.12/site-packages/airflow/example_dags/example_sensors.py for tasks to queue
[2026-09-21T10:55:54.615+0200] {logging_mixin.py:190} INFO - [2026-09-21T10:55:54.615+0200] {dagbag.py:588} INFO - Filling up the DagBag from /Users/swarnalidatta/Desktop/AutoQueryChatbot/.airflow-venv/lib/python3.12/site-packages/airflow/example_dags/example_sensors.py
[2026-09-21T10:55:54.619+0200] {processor.py:925} INFO - DAG(s) 'example_sensors' retrieved from /Users/swarnalidatta/Desktop/AutoQueryChatbot/.airflow-venv/lib/python3.12/site-packages/airflow/example_dags/example_sensors.py
[2026-09-21T10:55:54.810+0200] {logging_mixin.py:190} INFO - [2026-09-21T10:55:54.810+0200] {dag.py:3239} INFO - Sync 1 DAGs
[2026-09-21T10:55:54.813+0200] {logging_mixin.py:190} INFO - [2026-09-21T10:55:54.813+0200] {dag.py:4180} INFO - Setting next_dagrun for example_sensors to None, run_after=None
[2026-09-21T10:55:54.818+0200] {processor.py:208} INFO - Processing /Users/swarnalidatta/Desktop/AutoQueryChatbot/.airflow-venv/lib/python3.12/site-packages/airflow/example_dags/example_sensors.py took 0.205 seconds
[2026-09-21T13:51:29.095+0200] {processor.py:186} INFO - Started process (PID=8705) to work on /Users/swarnalidatta/Desktop/AutoQueryChatbot/.airflow-venv/lib/python3.12/site-packages/airflow/example_dags/example_sensors.py
[2026-09-21T13:51:29.095+0200] {processor.py:914} INFO - Processing file /Users/swarnalidatta/Desktop/AutoQueryChatbot/.airflow-venv/lib/python3.12/site-packages/airflow/example_dags/example_sensors.py for tasks to queue
[2026-09-21T13:51:29.096+0200] {logging_mixin.py:190} INFO - [2026-09-21T13:51:29.096+0200] {dagbag.py:588} INFO - Filling up the DagBag from /Users/swarnalidatta/Desktop/AutoQueryChatbot/.airflow-venv/lib/python3.12/site-packages/airflow/example_dags/example_sensors.py
[2026-09-21T13:51:29.100+0200] {processor.py:925} INFO - DAG(s) 'example_sensors' retrieved from /Users/swarnalidatta/Desktop/AutoQueryChatbot/.airflow-venv/lib/python3.12/site-packages/airflow/example_dags/example_sensors.py
[2026-09-21T13:51:29.305+0200] {logging_mixin.py:190} INFO - [2026-09-21T13:51:29.305+0200] {dag.py:3239} INFO - Sync 1 DAGs
[2026-09-21T13:51:29.309+0200] {logging_mixin.py:190} INFO - [2026-09-21T13:51:29.309+0200] {dag.py:4180} INFO - Setting next_dagrun for example_sensors to None, run_after=None
[2026-09-21T13:51:29.314+0200] {processor.py:208} INFO - Processing /Users/swarnalidatta/Desktop/AutoQueryChatbot/.airflow-venv/lib/python3.12/site-packages/airflow/example_dags/example_sensors.py took 0.220 seconds
[2026-09-21T13:52:58.625+0200] {processor.py:186} INFO - Started process (PID=8908) to work on /Users/swarnalidatta/Desktop/AutoQueryChatbot/.airflow-venv/lib/python3.12/site-packages/airflow/example_dags/example_sensors.py
[2026-09-21T13:52:58.625+0200] {processor.py:914} INFO - Processing file /Users/swarnalidatta/Desktop/AutoQueryChatbot/.airflow-venv/lib/python3.12/site-packages/airflow/example_dags/example_sensors.py for tasks to queue
[2026-09-21T13:52:58.626+0200] {logging_mixin.py:190} INFO - [2026-09-21T13:52:58.626+0200] {dagbag.py:588} INFO - Filling up the DagBag from /Users/swarnalidatta/Desktop/AutoQueryChatbot/.airflow-venv/lib/python3.12/site-packages/airflow/example_dags/example_sensors.py
[2026-09-21T13:52:58.630+0200] {processor.py:925} INFO - DAG(s) 'example_sensors' retrieved from /Users/swarnalidatta/Desktop/AutoQueryChatbot/.airflow-venv/lib/python3.12/site-packages/airflow/example_dags/example_sensors.py
[2026-09-21T13:52:58.828+0200] {logging_mixin.py:190} INFO - [2026-09-21T13:52:58.828+0200] {dag.py:3239} INFO - Sync 1 DAGs
[2026-09-21T13:52:58.832+0200] {logging_mixin.py:190} INFO - [2026-09-21T13:52:58.832+0200] {dag.py:4180} INFO - Setting next_dagrun for example_sensors to None, run_after=None
[2026-09-21T13:52:58.837+0200] {processor.py:208} INFO - Processing /Users/swarnalidatta/Desktop/AutoQueryChatbot/.airflow-venv/lib/python3.12/site-packages/airflow/example_dags/example_sensors.py took 0.213 seconds
[2026-09-21T14:08:10.153+0200] {processor.py:186} INFO - Started process (PID=9059) to work on /Users/swarnalidatta/Desktop/AutoQueryChatbot/.airflow-venv/lib/python3.12/site-packages/airflow/example_dags/example_sensors.py
[2026-09-21T14:08:10.154+0200] {processor.py:914} INFO - Processing file /Users/swarnalidatta/Desktop/AutoQueryChatbot/.airflow-venv/lib/python3.12/site-packages/airflow/example_dags/example_sensors.py for tasks to queue
[2026-09-21T14:08:10.154+0200] {logging_mixin.py:190} INFO - [2026-09-21T14:08:10.154+0200] {dagbag.py:588} INFO - Filling up the DagBag from /Users/swarnalidatta/Desktop/AutoQueryChatbot/.airflow-venv/lib/python3.12/site-packages/airflow/example_dags/example_sensors.py
[2026-09-21T14:08:10.158+0200] {processor.py:925} INFO - DAG(s) 'example_sensors' retrieved from /Users/swarnalidatta/Desktop/AutoQueryChatbot/.airflow-venv/lib/python3.12/site-packages/airflow/example_dags/example_sensors.py
[2026-09-21T14:08:10.350+0200] {logging_mixin.py:190} INFO - [2026-09-21T14:08:10.350+0200] {dag.py:3239} INFO - Sync 1 DAGs
[2026-09-21T14:08:10.353+0200] {logging_mixin.py:190} INFO - [2026-09-21T14:08:10.353+0200] {dag.py:4180} INFO - Setting next_dagrun for example_sensors to None, run_after=None
[2026-09-21T14:08:10.358+0200] {processor.py:208} INFO - Processing /Users/swarnalidatta/Desktop/AutoQueryChatbot/.airflow-venv/lib/python3.12/site-packages/airflow/example_dags/example_sensors.py took 0.206 seconds
[2026-09-21T17:11:06.558+0200] {processor.py:186} INFO - Started process (PID=9360) to work on /Users/swarnalidatta/Desktop/AutoQueryChatbot/.airflow-venv/lib/python3.12/site-packages/airflow/example_dags/example_sensors.py
[2026-09-21T17:11:06.558+0200] {processor.py:914} INFO - Processing file /Users/swarnalidatta/Desktop/AutoQueryChatbot/.airflow-venv/lib/python3.12/site-packages/airflow/example_dags/example_sensors.py for tasks to queue
[2026-09-21T17:11:06.558+0200] {logging_mixin.py:190} INFO - [2026-09-21T17:11:06.558+0200] {dagbag.py:588} INFO - Filling up the DagBag from /Users/swarnalidatta/Desktop/AutoQueryChatbot/.airflow-venv/lib/python3.12/site-packages/airflow/example_dags/example_sensors.py
[2026-09-21T17:11:06.562+0200] {processor.py:925} INFO - DAG(s) 'example_sensors' retrieved from /Users/swarnalidatta/Desktop/AutoQueryChatbot/.airflow-venv/lib/python3.12/site-packages/airflow/example_dags/example_sensors.py
[2026-09-21T17:11:06.756+0200] {logging_mixin.py:190} INFO - [2026-09-21T17:11:06.756+0200] {dag.py:3239} INFO - Sync 1 DAGs
[2026-09-21T17:11:06.760+0200] {logging_mixin.py:190} INFO - [2026-09-21T17:11:06.760+0200] {dag.py:4180} INFO - Setting next_dagrun for example_sensors to None, run_after=None
[2026-09-21T17:11:06.765+0200] {processor.py:208} INFO - Processing /Users/swarnalidatta/Desktop/AutoQueryChatbot/.airflow-venv/lib/python3.12/site-packages/airflow/example_dags/example_sensors.py took 0.208 seconds
[2026-09-21T18:13:15.525+0200] {processor.py:186} INFO - Started process (PID=9592) to work on /Users/swarnalidatta/Desktop/AutoQueryChatbot/.airflow-venv/lib/python3.12/site-packages/airflow/example_dags/example_sensors.py
[2026-09-21T18:13:15.526+0200] {processor.py:914} INFO - Processing file /Users/swarnalidatta/Desktop/AutoQueryChatbot/.airflow-venv/lib/python3.12/site-packages/airflow/example_dags/example_sensors.py for tasks to queue
[2026-09-21T18:13:15.526+0200] {logging_mixin.py:190} INFO - [2026-09-21T18:13:15.526+0200] {dagbag.py:588} INFO - Filling up the DagBag from /Users/swarnalidatta/Desktop/AutoQueryChatbot/.airflow-venv/lib/python3.12/site-packages/airflow/example_dags/example_sensors.py
[2026-09-21T18:13:15.530+0200] {processor.py:925} INFO - DAG(s) 'example_sensors' retrieved from /Users/swarnalidatta/Desktop/AutoQueryChatbot/.airflow-venv/lib/python3.12/site-packages/airflow/example_dags/example_sensors.py
[2026-09-21T18:13:15.731+0200] {logging_mixin.py:190} INFO - [2026-09-21T18:13:15.730+0200] {dag.py:3239} INFO - Sync 1 DAGs
[2026-09-21T18:13:15.734+0200] {logging_mixin.py:190} INFO - [2026-09-21T18:13:15.734+0200] {dag.py:4180} INFO - Setting next_dagrun for example_sensors to None, run_after=None
[2026-09-21T18:13:15.739+0200] {processor.py:208} INFO - Processing /Users/swarnalidatta/Desktop/AutoQueryChatbot/.airflow-venv/lib/python3.12/site-packages/airflow/example_dags/example_sensors.py took 0.215 seconds
[2026-09-21T19:09:55.982+0200] {processor.py:186} INFO - Started process (PID=9918) to work on /Users/swarnalidatta/Desktop/AutoQueryChatbot/.airflow-venv/lib/python3.12/site-packages/airflow/example_dags/example_sensors.py
[2026-09-21T19:09:55.983+0200] {processor.py:914} INFO - Processing file /Users/swarnalidatta/Desktop/AutoQueryChatbot/.airflow-venv/lib/python3.12/site-packages/airflow/example_dags/example_sensors.py for tasks to queue
[2026-09-21T19:09:55.983+0200] {logging_mixin.py:190} INFO - [2026-09-21T19:09:55.983+0200] {dagbag.py:588} INFO - Filling up the DagBag from /Users/swarnalidatta/Desktop/AutoQueryChatbot/.airflow-venv/lib/python3.12/site-packages/airflow/example_dags/example_sensors.py
[2026-09-21T19:09:55.988+0200] {processor.py:925} INFO - DAG(s) 'example_sensors' retrieved from /Users/swarnalidatta/Desktop/AutoQueryChatbot/.airflow-venv/lib/python3.12/site-packages/airflow/example_dags/example_sensors.py
[2026-09-21T19:09:56.202+0200] {logging_mixin.py:190} INFO - [2026-09-21T19:09:56.202+0200] {dag.py:3239} INFO - Sync 1 DAGs
[2026-09-21T19:09:56.206+0200] {logging_mixin.py:190} INFO - [2026-09-21T19:09:56.206+0200] {dag.py:4180} INFO - Setting next_dagrun for example_sensors to None, run_after=None
[2026-09-21T19:09:56.210+0200] {processor.py:208} INFO - Processing /Users/swarnalidatta/Desktop/AutoQueryChatbot/.airflow-venv/lib/python3.12/site-packages/airflow/example_dags/example_sensors.py took 0.230 seconds
[2026-09-21T20:01:10.243+0200] {processor.py:186} INFO - Started process (PID=10143) to work on /Users/swarnalidatta/Desktop/AutoQueryChatbot/.airflow-venv/lib/python3.12/site-packages/airflow/example_dags/example_sensors.py
[2026-09-21T20:01:10.244+0200] {processor.py:914} INFO - Processing file /Users/swarnalidatta/Desktop/AutoQueryChatbot/.airflow-venv/lib/python3.12/site-packages/airflow/example_dags/example_sensors.py for tasks to queue
[2026-09-21T20:01:10.244+0200] {logging_mixin.py:190} INFO - [2026-09-21T20:01:10.244+0200] {dagbag.py:588} INFO - Filling up the DagBag from /Users/swarnalidatta/Desktop/AutoQueryChatbot/.airflow-venv/lib/python3.12/site-packages/airflow/example_dags/example_sensors.py
[2026-09-21T20:01:10.248+0200] {processor.py:925} INFO - DAG(s) 'example_sensors' retrieved from /Users/swarnalidatta/Desktop/AutoQueryChatbot/.airflow-venv/lib/python3.12/site-packages/airflow/example_dags/example_sensors.py
[2026-09-21T20:01:10.441+0200] {logging_mixin.py:190} INFO - [2026-09-21T20:01:10.441+0200] {dag.py:3239} INFO - Sync 1 DAGs
[2026-09-21T20:01:10.444+0200] {logging_mixin.py:190} INFO - [2026-09-21T20:01:10.444+0200] {dag.py:4180} INFO - Setting next_dagrun for example_sensors to None, run_after=None
[2026-09-21T20:01:10.449+0200] {processor.py:208} INFO - Processing /Users/swarnalidatta/Desktop/AutoQueryChatbot/.airflow-venv/lib/python3.12/site-packages/airflow/example_dags/example_sensors.py took 0.207 seconds
[2026-09-21T21:54:59.394+0200] {processor.py:186} INFO - Started process (PID=10338) to work on /Users/swarnalidatta/Desktop/AutoQueryChatbot/.airflow-venv/lib/python3.12/site-packages/airflow/example_dags/example_sensors.py
[2026-09-21T21:54:59.395+0200] {processor.py:914} INFO - Processing file /Users/swarnalidatta/Desktop/AutoQueryChatbot/.airflow-venv/lib/python3.12/site-packages/airflow/example_dags/example_sensors.py for tasks to queue
[2026-09-21T21:54:59.395+0200] {logging_mixin.py:190} INFO - [2026-09-21T21:54:59.395+0200] {dagbag.py:588} INFO - Filling up the DagBag from /Users/swarnalidatta/Desktop/AutoQueryChatbot/.airflow-venv/lib/python3.12/site-packages/airflow/example_dags/example_sensors.py
[2026-09-21T21:54:59.399+0200] {processor.py:925} INFO - DAG(s) 'example_sensors' retrieved from /Users/swarnalidatta/Desktop/AutoQueryChatbot/.airflow-venv/lib/python3.12/site-packages/airflow/example_dags/example_sensors.py
[2026-09-21T21:54:59.593+0200] {logging_mixin.py:190} INFO - [2026-09-21T21:54:59.593+0200] {dag.py:3239} INFO - Sync 1 DAGs
[2026-09-21T21:54:59.597+0200] {logging_mixin.py:190} INFO - [2026-09-21T21:54:59.597+0200] {dag.py:4180} INFO - Setting next_dagrun for example_sensors to None, run_after=None
[2026-09-21T21:54:59.601+0200] {processor.py:208} INFO - Processing /Users/swarnalidatta/Desktop/AutoQueryChatbot/.airflow-venv/lib/python3.12/site-packages/airflow/example_dags/example_sensors.py took 0.208 seconds
[2026-09-22T01:19:29.571+0200] {processor.py:186} INFO - Started process (PID=10623) to work on /Users/swarnalidatta/Desktop/AutoQueryChatbot/.airflow-venv/lib/python3.12/site-packages/airflow/example_dags/example_sensors.py
[2026-09-22T01:19:29.573+0200] {processor.py:914} INFO - Processing file /Users/swarnalidatta/Desktop/AutoQueryChatbot/.airflow-venv/lib/python3.12/site-packages/airflow/example_dags/example_sensors.py for tasks to queue
[2026-09-22T01:19:29.573+0200] {logging_mixin.py:190} INFO - [2026-09-22T01:19:29.573+0200] {dagbag.py:588} INFO - Filling up the DagBag from /Users/swarnalidatta/Desktop/AutoQueryChatbot/.airflow-venv/lib/python3.12/site-packages/airflow/example_dags/example_sensors.py
[2026-09-22T01:19:29.577+0200] {processor.py:925} INFO - DAG(s) 'example_sensors' retrieved from /Users/swarnalidatta/Desktop/AutoQueryChatbot/.airflow-venv/lib/python3.12/site-packages/airflow/example_dags/example_sensors.py
[2026-09-22T01:19:29.766+0200] {logging_mixin.py:190} INFO - [2026-09-22T01:19:29.765+0200] {dag.py:3239} INFO - Sync 1 DAGs
[2026-09-22T01:19:29.769+0200] {logging_mixin.py:190} INFO - [2026-09-22T01:19:29.769+0200] {dag.py:4180} INFO - Setting next_dagrun for example_sensors to None, run_after=None
[2026-09-22T01:19:29.773+0200] {processor.py:208} INFO - Processing /Users/swarnalidatta/Desktop/AutoQueryChatbot/.airflow-venv/lib/python3.12/site-packages/airflow/example_dags/example_sensors.py took 0.203 seconds
