[2026-09-21T03:01:25.057+0200] {processor.py:186} INFO - Started process (PID=7830) to work on /Users/swarnalidatta/Desktop/AutoQueryChatbot/.airflow-venv/lib/python3.12/site-packages/airflow/example_dags/example_setup_teardown.py
[2026-09-21T03:01:25.058+0200] {processor.py:914} INFO - Processing file /Users/swarnalidatta/Desktop/AutoQueryChatbot/.airflow-venv/lib/python3.12/site-packages/airflow/example_dags/example_setup_teardown.py for tasks to queue
[2026-09-21T03:01:25.058+0200] {logging_mixin.py:190} INFO - [2026-09-21T03:01:25.058+0200] {dagbag.py:588} INFO - Filling up the DagBag from /Users/swarnalidatta/Desktop/AutoQueryChatbot/.airflow-venv/lib/python3.12/site-packages/airflow/example_dags/example_setup_teardown.py
[2026-09-21T03:01:25.061+0200] {processor.py:925} INFO - DAG(s) 'example_setup_teardown' retrieved from /Users/swarnalidatta/Desktop/AutoQueryChatbot/.airflow-venv/lib/python3.12/site-packages/airflow/example_dags/example_setup_teardown.py
[2026-09-21T03:01:25.087+0200] {logging_mixin.py:190} INFO - [2026-09-21T03:01:25.086+0200] {dag.py:3239} INFO - Sync 1 DAGs
[2026-09-21T03:01:25.089+0200] {logging_mixin.py:190} INFO - [2026-09-21T03:01:25.089+0200] {dag.py:4180} INFO - Setting next_dagrun for example_setup_teardown to None, run_after=None
[2026-09-21T03:01:25.094+0200] {processor.py:208} INFO - Processing /Users/swarnalidatta/Desktop/AutoQueryChatbot/.airflow-venv/lib/python3.12/site-packages/airflow/example_dags/example_setup_teardown.py took 0.037 seconds
[2026-09-21T07:26:51.758+0200] {processor.py:186} INFO - Started process (PID=8118) to work on /Users/swarnalidatta/Desktop/AutoQueryChatbot/.airflow-venv/lib/python3.12/site-packages/airflow/example_dags/example_setup_teardown.py
[2026-09-21T07:26:51.758+0200] {processor.py:914} INFO - Processing file /Users/swarnalidatta/Desktop/AutoQueryChatbot/.airflow-venv/lib/python3.12/site-packages/airflow/example_dags/example_setup_teardown.py for tasks to queue
[2026-09-21T07:26:51.758+0200] {logging_mixin.py:190} INFO - [2026-09-21T07:26:51.758+0200] {dagbag.py:588} INFO - Filling up the DagBag from /Users/swarnalidatta/Desktop/AutoQueryChatbot/.airflow-venv/lib/python3.12/site-packages/airflow/example_dags/example_setup_teardown.py
[2026-09-21T07:26:51.761+0200] {processor.py:925} INFO - DAG(s) 'example_setup_teardown' retrieved from /Users/swarnalidatta/Desktop/AutoQueryChatbot/.airflow-venv/lib/python3.12/site-packages/airflow/example_dags/example_setup_teardown.py
[2026-09-21T07:26:51.787+0200] {logging_mixin.py:190} INFO - [2026-09-21T07:26:51.787+0200] {dag.py:3239} INFO - Sync 1 DAGs
[2026-09-21T07:26:51.790+0200] {logging_mixin.py:190} INFO - [2026-09-21T07:26:51.790+0200] {dag.py:4180} INFO - Setting next_dagrun for example_setup_teardown to None, run_after=None
[2026-09-21T07:26:51.795+0200] {processor.py:208} INFO - Processing /Users/swarnalidatta/Desktop/AutoQueryChatbot/.airflow-venv/lib/python3.12/site-packages/airflow/example_dags/example_setup_teardown.py took 0.038 seconds
[2026-09-21T10:55:52.852+0200] {processor.py:186} INFO - Started process (PID=8416) to work on /Users/swarnalidatta/Desktop/AutoQueryChatbot/.airflow-venv/lib/python3.12/site-packages/airflow/example_dags/example_setup_teardown.py
[2026-09-21T10:55:52.853+0200] {processor.py:914} INFO - Processing file /Users/swarnalidatta/Desktop/AutoQueryChatbot/.airflow-venv/lib/python3.12/site-packages/airflow/example_dags/example_setup_teardown.py for tasks to queue
[2026-09-21T10:55:52.853+0200] {logging_mixin.py:190} INFO - [2026-09-21T10:55:52.853+0200] {dagbag.py:588} INFO - Filling up the DagBag from /Users/swarnalidatta/Desktop/AutoQueryChatbot/.airflow-venv/lib/python3.12/site-packages/airflow/example_dags/example_setup_teardown.py
[2026-09-21T10:55:52.856+0200] {processor.py:925} INFO - DAG(s) 'example_setup_teardown' retrieved from /Users/swarnalidatta/Desktop/AutoQueryChatbot/.airflow-venv/lib/python3.12/site-packages/airflow/example_dags/example_setup_teardown.py
[2026-09-21T10:55:52.882+0200] {logging_mixin.py:190} INFO - [2026-09-21T10:55:52.882+0200] {dag.py:3239} INFO - Sync 1 DAGs
[2026-09-21T10:55:52.884+0200] {logging_mixin.py:190} INFO - [2026-09-21T10:55:52.884+0200] {dag.py:4180} INFO - Setting next_dagrun for example_setup_teardown to None, run_after=None
[2026-09-21T10:55:52.889+0200] {processor.py:208} INFO - Processing /Users/swarnalidatta/Desktop/AutoQueryChatbot/.airflow-venv/lib/python3.12/site-packages/airflow/example_dags/example_setup_teardown.py took 0.038 seconds
[2026-09-21T13:51:27.343+0200] {processor.py:186} INFO - Started process (PID=8699) to work on /Users/swarnalidatta/Desktop/AutoQueryChatbot/.airflow-venv/lib/python3.12/site-packages/airflow/example_dags/example_setup_teardown.py
[2026-09-21T13:51:27.343+0200] {processor.py:914} INFO - Processing file /Users/swarnalidatta/Desktop/AutoQueryChatbot/.airflow-venv/lib/python3.12/site-packages/airflow/example_dags/example_setup_teardown.py for tasks to queue
[2026-09-21T13:51:27.343+0200] {logging_mixin.py:190} INFO - [2026-09-21T13:51:27.343+0200] {dagbag.py:588} INFO - Filling up the DagBag from /Users/swarnalidatta/Desktop/AutoQueryChatbot/.airflow-venv/lib/python3.12/site-packages/airflow/example_dags/example_setup_teardown.py
[2026-09-21T13:51:27.346+0200] {processor.py:925} INFO - DAG(s) 'example_setup_teardown' retrieved from /Users/swarnalidatta/Desktop/AutoQueryChatbot/.airflow-venv/lib/python3.12/site-packages/airflow/example_dags/example_setup_teardown.py
[2026-09-21T13:51:27.375+0200] {logging_mixin.py:190} INFO - [2026-09-21T13:51:27.375+0200] {dag.py:3239} INFO - Sync 1 DAGs
[2026-09-21T13:51:27.379+0200] {logging_mixin.py:190} INFO - [2026-09-21T13:51:27.378+0200] {dag.py:4180} INFO - Setting next_dagrun for example_setup_teardown to None, run_after=None
[2026-09-21T13:51:27.384+0200] {processor.py:208} INFO - Processing /Users/swarnalidatta/Desktop/AutoQueryChatbot/.airflow-venv/lib/python3.12/site-packages/airflow/example_dags/example_setup_teardown.py took 0.042 seconds
[2026-09-21T13:52:57.237+0200] {processor.py:186} INFO - Started process (PID=8906) to work on /Users/swarnalidatta/Desktop/AutoQueryChatbot/.airflow-venv/lib/python3.12/site-packages/airflow/example_dags/example_setup_teardown.py
[2026-09-21T13:52:57.237+0200] {processor.py:914} INFO - Processing file /Users/swarnalidatta/Desktop/AutoQueryChatbot/.airflow-venv/lib/python3.12/site-packages/airflow/example_dags/example_setup_teardown.py for tasks to queue
[2026-09-21T13:52:57.238+0200] {logging_mixin.py:190} INFO - [2026-09-21T13:52:57.237+0200] {dagbag.py:588} INFO - Filling up the DagBag from /Users/swarnalidatta/Desktop/AutoQueryChatbot/.airflow-venv/lib/python3.12/site-packages/airflow/example_dags/example_setup_teardown.py
[2026-09-21T13:52:57.240+0200] {processor.py:925} INFO - DAG(s) 'example_setup_teardown' retrieved from /Users/swarnalidatta/Desktop/AutoQueryChatbot/.airflow-venv/lib/python3.12/site-packages/airflow/example_dags/example_setup_teardown.py
[2026-09-21T13:52:57.269+0200] {logging_mixin.py:190} INFO - [2026-09-21T13:52:57.269+0200] {dag.py:3239} INFO - Sync 1 DAGs
[2026-09-21T13:52:57.272+0200] {logging_mixin.py:190} INFO - [2026-09-21T13:52:57.272+0200] {dag.py:4180} INFO - Setting next_dagrun for example_setup_teardown to None, run_after=None
[2026-09-21T13:52:57.277+0200] {processor.py:208} INFO - Processing /Users/swarnalidatta/Desktop/AutoQueryChatbot/.airflow-venv/lib/python3.12/site-packages/airflow/example_dags/example_setup_teardown.py took 0.042 seconds
[2026-09-21T14:08:09.395+0200] {processor.py:186} INFO - Started process (PID=9057) to work on /Users/swarnalidatta/Desktop/AutoQueryChatbot/.airflow-venv/lib/python3.12/site-packages/airflow/example_dags/example_setup_teardown.py
[2026-09-21T14:08:09.395+0200] {processor.py:914} INFO - Processing file /Users/swarnalidatta/Desktop/AutoQueryChatbot/.airflow-venv/lib/python3.12/site-packages/airflow/example_dags/example_setup_teardown.py for tasks to queue
[2026-09-21T14:08:09.396+0200] {logging_mixin.py:190} INFO - [2026-09-21T14:08:09.396+0200] {dagbag.py:588} INFO - Filling up the DagBag from /Users/swarnalidatta/Desktop/AutoQueryChatbot/.airflow-venv/lib/python3.12/site-packages/airflow/example_dags/example_setup_teardown.py
[2026-09-21T14:08:09.398+0200] {processor.py:925} INFO - DAG(s) 'example_setup_teardown' retrieved from /Users/swarnalidatta/Desktop/AutoQueryChatbot/.airflow-venv/lib/python3.12/site-packages/airflow/example_dags/example_setup_teardown.py
[2026-09-21T14:08:09.424+0200] {logging_mixin.py:190} INFO - [2026-09-21T14:08:09.424+0200] {dag.py:3239} INFO - Sync 1 DAGs
[2026-09-21T14:08:09.427+0200] {logging_mixin.py:190} INFO - [2026-09-21T14:08:09.427+0200] {dag.py:4180} INFO - Setting next_dagrun for example_setup_teardown to None, run_after=None
[2026-09-21T14:08:09.431+0200] {processor.py:208} INFO - Processing /Users/swarnalidatta/Desktop/AutoQueryChatbot/.airflow-venv/lib/python3.12/site-packages/airflow/example_dags/example_setup_teardown.py took 0.038 seconds
[2026-09-21T17:11:04.731+0200] {processor.py:186} INFO - Started process (PID=9358) to work on /Users/swarnalidatta/Desktop/AutoQueryChatbot/.airflow-venv/lib/python3.12/site-packages/airflow/example_dags/example_setup_teardown.py
[2026-09-21T17:11:04.732+0200] {processor.py:914} INFO - Processing file /Users/swarnalidatta/Desktop/AutoQueryChatbot/.airflow-venv/lib/python3.12/site-packages/airflow/example_dags/example_setup_teardown.py for tasks to queue
[2026-09-21T17:11:04.733+0200] {logging_mixin.py:190} INFO - [2026-09-21T17:11:04.733+0200] {dagbag.py:588} INFO - Filling up the DagBag from /Users/swarnalidatta/Desktop/AutoQueryChatbot/.airflow-venv/lib/python3.12/site-packages/airflow/example_dags/example_setup_teardown.py
[2026-09-21T17:11:04.739+0200] {processor.py:925} INFO - DAG(s) 'example_setup_teardown' retrieved from /Users/swarnalidatta/Desktop/AutoQueryChatbot/.airflow-venv/lib/python3.12/site-packages/airflow/example_dags/example_setup_teardown.py
[2026-09-21T17:11:04.803+0200] {logging_mixin.py:190} INFO - [2026-09-21T17:11:04.803+0200] {dag.py:3239} INFO - Sync 1 DAGs
[2026-09-21T17:11:04.810+0200] {logging_mixin.py:190} INFO - [2026-09-21T17:11:04.810+0200] {dag.py:4180} INFO - Setting next_dagrun for example_setup_teardown to None, run_after=None
[2026-09-21T17:11:04.822+0200] {processor.py:208} INFO - Processing /Users/swarnalidatta/Desktop/AutoQueryChatbot/.airflow-venv/lib/python3.12/site-packages/airflow/example_dags/example_setup_teardown.py took 0.093 seconds
[2026-09-21T18:13:14.248+0200] {processor.py:186} INFO - Started process (PID=9590) to work on /Users/swarnalidatta/Desktop/AutoQueryChatbot/.airflow-venv/lib/python3.12/site-packages/airflow/example_dags/example_setup_teardown.py
[2026-09-21T18:13:14.249+0200] {processor.py:914} INFO - Processing file /Users/swarnalidatta/Desktop/AutoQueryChatbot/.airflow-venv/lib/python3.12/site-packages/airflow/example_dags/example_setup_teardown.py for tasks to queue
[2026-09-21T18:13:14.249+0200] {logging_mixin.py:190} INFO - [2026-09-21T18:13:14.249+0200] {dagbag.py:588} INFO - Filling up the DagBag from /Users/swarnalidatta/Desktop/AutoQueryChatbot/.airflow-venv/lib/python3.12/site-packages/airflow/example_dags/example_setup_teardown.py
[2026-09-21T18:13:14.252+0200] {processor.py:925} INFO - DAG(s) 'example_setup_teardown' retrieved from /Users/swarnalidatta/Desktop/AutoQueryChatbot/.airflow-venv/lib/python3.12/site-packages/airflow/example_dags/example_setup_teardown.py
[2026-09-21T18:13:14.280+0200] {logging_mixin.py:190} INFO - [2026-09-21T18:13:14.280+0200] {dag.py:3239} INFO - Sync 1 DAGs
[2026-09-21T18:13:14.283+0200] {logging_mixin.py:190} INFO - [2026-09-21T18:13:14.283+0200] {dag.py:4180} INFO - Setting next_dagrun for example_setup_teardown to None, run_after=None
[2026-09-21T18:13:14.288+0200] {processor.py:208} INFO - Processing /Users/swarnalidatta/Desktop/AutoQueryChatbot/.airflow-venv/lib/python3.12/site-packages/airflow/example_dags/example_setup_teardown.py took 0.041 seconds
[2026-09-21T19:09:54.224+0200] {processor.py:186} INFO - Started process (PID=9915) to work on /Users/swarnalidatta/Desktop/AutoQueryChatbot/.airflow-venv/lib/python3.12/site-packages/airflow/example_dags/example_setup_teardown.py
[2026-09-21T19:09:54.224+0200] {processor.py:914} INFO - Processing file /Users/swarnalidatta/Desktop/AutoQueryChatbot/.airflow-venv/lib/python3.12/site-packages/airflow/example_dags/example_setup_teardown.py for tasks to queue
[2026-09-21T19:09:54.225+0200] {logging_mixin.py:190} INFO - [2026-09-21T19:09:54.225+0200] {dagbag.py:588} INFO - Filling up the DagBag from /Users/swarnalidatta/Desktop/AutoQueryChatbot/.airflow-venv/lib/python3.12/site-packages/airflow/example_dags/example_setup_teardown.py
[2026-09-21T19:09:54.227+0200] {processor.py:925} INFO - DAG(s) 'example_setup_teardown' retrieved from /Users/swarnalidatta/Desktop/AutoQueryChatbot/.airflow-venv/lib/python3.12/site-packages/airflow/example_dags/example_setup_teardown.py
[2026-09-21T19:09:54.254+0200] {logging_mixin.py:190} INFO - [2026-09-21T19:09:54.254+0200] {dag.py:3239} INFO - Sync 1 DAGs
[2026-09-21T19:09:54.256+0200] {logging_mixin.py:190} INFO - [2026-09-21T19:09:54.256+0200] {dag.py:4180} INFO - Setting next_dagrun for example_setup_teardown to None, run_after=None
[2026-09-21T19:09:54.261+0200] {processor.py:208} INFO - Processing /Users/swarnalidatta/Desktop/AutoQueryChatbot/.airflow-venv/lib/python3.12/site-packages/airflow/example_dags/example_setup_teardown.py took 0.038 seconds
[2026-09-21T19:44:22.634+0200] {processor.py:186} INFO - Started process (PID=10138) to work on /Users/swarnalidatta/Desktop/AutoQueryChatbot/.airflow-venv/lib/python3.12/site-packages/airflow/example_dags/example_setup_teardown.py
[2026-09-21T19:44:22.635+0200] {processor.py:914} INFO - Processing file /Users/swarnalidatta/Desktop/AutoQueryChatbot/.airflow-venv/lib/python3.12/site-packages/airflow/example_dags/example_setup_teardown.py for tasks to queue
[2026-09-21T19:44:22.635+0200] {logging_mixin.py:190} INFO - [2026-09-21T19:44:22.635+0200] {dagbag.py:588} INFO - Filling up the DagBag from /Users/swarnalidatta/Desktop/AutoQueryChatbot/.airflow-venv/lib/python3.12/site-packages/airflow/example_dags/example_setup_teardown.py
[2026-09-21T19:44:22.638+0200] {processor.py:925} INFO - DAG(s) 'example_setup_teardown' retrieved from /Users/swarnalidatta/Desktop/AutoQueryChatbot/.airflow-venv/lib/python3.12/site-packages/airflow/example_dags/example_setup_teardown.py
[2026-09-21T19:44:22.664+0200] {logging_mixin.py:190} INFO - [2026-09-21T19:44:22.663+0200] {dag.py:3239} INFO - Sync 1 DAGs
[2026-09-21T19:44:22.666+0200] {logging_mixin.py:190} INFO - [2026-09-21T19:44:22.666+0200] {dag.py:4180} INFO - Setting next_dagrun for example_setup_teardown to None, run_after=None
[2026-09-21T19:44:22.671+0200] {processor.py:208} INFO - Processing /Users/swarnalidatta/Desktop/AutoQueryChatbot/.airflow-venv/lib/python3.12/site-packages/airflow/example_dags/example_setup_teardown.py took 0.038 seconds
[2026-09-21T21:54:57.587+0200] {processor.py:186} INFO - Started process (PID=10332) to work on /Users/swarnalidatta/Desktop/AutoQueryChatbot/.airflow-venv/lib/python3.12/site-packages/airflow/example_dags/example_setup_teardown.py
[2026-09-21T21:54:57.588+0200] {processor.py:914} INFO - Processing file /Users/swarnalidatta/Desktop/AutoQueryChatbot/.airflow-venv/lib/python3.12/site-packages/airflow/example_dags/example_setup_teardown.py for tasks to queue
[2026-09-21T21:54:57.588+0200] {logging_mixin.py:190} INFO - [2026-09-21T21:54:57.588+0200] {dagbag.py:588} INFO - Filling up the DagBag from /Users/swarnalidatta/Desktop/AutoQueryChatbot/.airflow-venv/lib/python3.12/site-packages/airflow/example_dags/example_setup_teardown.py
[2026-09-21T21:54:57.595+0200] {processor.py:925} INFO - DAG(s) 'example_setup_teardown' retrieved from /Users/swarnalidatta/Desktop/AutoQueryChatbot/.airflow-venv/lib/python3.12/site-packages/airflow/example_dags/example_setup_teardown.py
[2026-09-21T21:54:57.658+0200] {logging_mixin.py:190} INFO - [2026-09-21T21:54:57.658+0200] {dag.py:3239} INFO - Sync 1 DAGs
[2026-09-21T21:54:57.664+0200] {logging_mixin.py:190} INFO - [2026-09-21T21:54:57.664+0200] {dag.py:4180} INFO - Setting next_dagrun for example_setup_teardown to None, run_after=None
[2026-09-21T21:54:57.674+0200] {processor.py:208} INFO - Processing /Users/swarnalidatta/Desktop/AutoQueryChatbot/.airflow-venv/lib/python3.12/site-packages/airflow/example_dags/example_setup_teardown.py took 0.090 seconds
[2026-09-22T01:19:27.888+0200] {processor.py:186} INFO - Started process (PID=10620) to work on /Users/swarnalidatta/Desktop/AutoQueryChatbot/.airflow-venv/lib/python3.12/site-packages/airflow/example_dags/example_setup_teardown.py
[2026-09-22T01:19:27.888+0200] {processor.py:914} INFO - Processing file /Users/swarnalidatta/Desktop/AutoQueryChatbot/.airflow-venv/lib/python3.12/site-packages/airflow/example_dags/example_setup_teardown.py for tasks to queue
[2026-09-22T01:19:27.888+0200] {logging_mixin.py:190} INFO - [2026-09-22T01:19:27.888+0200] {dagbag.py:588} INFO - Filling up the DagBag from /Users/swarnalidatta/Desktop/AutoQueryChatbot/.airflow-venv/lib/python3.12/site-packages/airflow/example_dags/example_setup_teardown.py
[2026-09-22T01:19:27.891+0200] {processor.py:925} INFO - DAG(s) 'example_setup_teardown' retrieved from /Users/swarnalidatta/Desktop/AutoQueryChatbot/.airflow-venv/lib/python3.12/site-packages/airflow/example_dags/example_setup_teardown.py
[2026-09-22T01:19:27.916+0200] {logging_mixin.py:190} INFO - [2026-09-22T01:19:27.916+0200] {dag.py:3239} INFO - Sync 1 DAGs
[2026-09-22T01:19:27.919+0200] {logging_mixin.py:190} INFO - [2026-09-22T01:19:27.919+0200] {dag.py:4180} INFO - Setting next_dagrun for example_setup_teardown to None, run_after=None
[2026-09-22T01:19:27.924+0200] {processor.py:208} INFO - Processing /Users/swarnalidatta/Desktop/AutoQueryChatbot/.airflow-venv/lib/python3.12/site-packages/airflow/example_dags/example_setup_teardown.py took 0.038 seconds
