[2026-09-21T03:34:16.675+0200] {processor.py:186} INFO - Started process (PID=7867) to work on /Users/swarnalidatta/Desktop/AutoQueryChatbot/.airflow-venv/lib/python3.12/site-packages/airflow/example_dags/example_outlet_event_extra.py
[2026-09-21T03:34:16.676+0200] {processor.py:914} INFO - Processing file /Users/swarnalidatta/Desktop/AutoQueryChatbot/.airflow-venv/lib/python3.12/site-packages/airflow/example_dags/example_outlet_event_extra.py for tasks to queue
[2026-09-21T03:34:16.676+0200] {logging_mixin.py:190} INFO - [2026-09-21T03:34:16.676+0200] {dagbag.py:588} INFO - Filling up the DagBag from /Users/swarnalidatta/Desktop/AutoQueryChatbot/.airflow-venv/lib/python3.12/site-packages/airflow/example_dags/example_outlet_event_extra.py
[2026-09-21T03:34:16.698+0200] {processor.py:925} INFO - DAG(s) 'dataset_with_extra_from_classic_operator', 'dataset_with_extra_by_yield', 'dataset_with_extra_by_context' retrieved from /Users/swarnalidatta/Desktop/AutoQueryChatbot/.airflow-venv/lib/python3.12/site-packages/airflow/example_dags/example_outlet_event_extra.py
[2026-09-21T03:34:16.744+0200] {logging_mixin.py:190} INFO - [2026-09-21T03:34:16.744+0200] {dag.py:3239} INFO - Sync 3 DAGs
[2026-09-21T03:34:16.749+0200] {logging_mixin.py:190} INFO - [2026-09-21T03:34:16.749+0200] {dag.py:4180} INFO - Setting next_dagrun for dataset_with_extra_by_context to 2026-09-20 00:00:00+00:00, run_after=2026-09-21 00:00:00+00:00
[2026-09-21T03:34:16.750+0200] {logging_mixin.py:190} INFO - [2026-09-21T03:34:16.750+0200] {dag.py:4180} INFO - Setting next_dagrun for dataset_with_extra_by_yield to 2026-09-20 00:00:00+00:00, run_after=2026-09-21 00:00:00+00:00
[2026-09-21T03:34:16.751+0200] {logging_mixin.py:190} INFO - [2026-09-21T03:34:16.750+0200] {dag.py:4180} INFO - Setting next_dagrun for dataset_with_extra_from_classic_operator to 2026-09-20 00:00:00+00:00, run_after=2026-09-21 00:00:00+00:00
[2026-09-21T03:34:16.756+0200] {processor.py:208} INFO - Processing /Users/swarnalidatta/Desktop/AutoQueryChatbot/.airflow-venv/lib/python3.12/site-packages/airflow/example_dags/example_outlet_event_extra.py took 0.081 seconds
[2026-09-21T07:57:46.793+0200] {processor.py:186} INFO - Started process (PID=8162) to work on /Users/swarnalidatta/Desktop/AutoQueryChatbot/.airflow-venv/lib/python3.12/site-packages/airflow/example_dags/example_outlet_event_extra.py
[2026-09-21T07:57:46.793+0200] {processor.py:914} INFO - Processing file /Users/swarnalidatta/Desktop/AutoQueryChatbot/.airflow-venv/lib/python3.12/site-packages/airflow/example_dags/example_outlet_event_extra.py for tasks to queue
[2026-09-21T07:57:46.794+0200] {logging_mixin.py:190} INFO - [2026-09-21T07:57:46.794+0200] {dagbag.py:588} INFO - Filling up the DagBag from /Users/swarnalidatta/Desktop/AutoQueryChatbot/.airflow-venv/lib/python3.12/site-packages/airflow/example_dags/example_outlet_event_extra.py
[2026-09-21T07:57:46.816+0200] {processor.py:925} INFO - DAG(s) 'dataset_with_extra_from_classic_operator', 'dataset_with_extra_by_context', 'dataset_with_extra_by_yield' retrieved from /Users/swarnalidatta/Desktop/AutoQueryChatbot/.airflow-venv/lib/python3.12/site-packages/airflow/example_dags/example_outlet_event_extra.py
[2026-09-21T07:57:46.863+0200] {logging_mixin.py:190} INFO - [2026-09-21T07:57:46.862+0200] {dag.py:3239} INFO - Sync 3 DAGs
[2026-09-21T07:57:46.868+0200] {logging_mixin.py:190} INFO - [2026-09-21T07:57:46.867+0200] {dag.py:4180} INFO - Setting next_dagrun for dataset_with_extra_by_context to 2026-09-20 00:00:00+00:00, run_after=2026-09-21 00:00:00+00:00
[2026-09-21T07:57:46.869+0200] {logging_mixin.py:190} INFO - [2026-09-21T07:57:46.869+0200] {dag.py:4180} INFO - Setting next_dagrun for dataset_with_extra_by_yield to 2026-09-20 00:00:00+00:00, run_after=2026-09-21 00:00:00+00:00
[2026-09-21T07:57:46.869+0200] {logging_mixin.py:190} INFO - [2026-09-21T07:57:46.869+0200] {dag.py:4180} INFO - Setting next_dagrun for dataset_with_extra_from_classic_operator to 2026-09-20 00:00:00+00:00, run_after=2026-09-21 00:00:00+00:00
[2026-09-21T07:57:46.874+0200] {processor.py:208} INFO - Processing /Users/swarnalidatta/Desktop/AutoQueryChatbot/.airflow-venv/lib/python3.12/site-packages/airflow/example_dags/example_outlet_event_extra.py took 0.083 seconds
[2026-09-21T11:05:00.715+0200] {processor.py:186} INFO - Started process (PID=8451) to work on /Users/swarnalidatta/Desktop/AutoQueryChatbot/.airflow-venv/lib/python3.12/site-packages/airflow/example_dags/example_outlet_event_extra.py
[2026-09-21T11:05:00.716+0200] {processor.py:914} INFO - Processing file /Users/swarnalidatta/Desktop/AutoQueryChatbot/.airflow-venv/lib/python3.12/site-packages/airflow/example_dags/example_outlet_event_extra.py for tasks to queue
[2026-09-21T11:05:00.717+0200] {logging_mixin.py:190} INFO - [2026-09-21T11:05:00.717+0200] {dagbag.py:588} INFO - Filling up the DagBag from /Users/swarnalidatta/Desktop/AutoQueryChatbot/.airflow-venv/lib/python3.12/site-packages/airflow/example_dags/example_outlet_event_extra.py
[2026-09-21T11:05:00.741+0200] {processor.py:925} INFO - DAG(s) 'dataset_with_extra_by_yield', 'dataset_with_extra_by_context', 'dataset_with_extra_from_classic_operator' retrieved from /Users/swarnalidatta/Desktop/AutoQueryChatbot/.airflow-venv/lib/python3.12/site-packages/airflow/example_dags/example_outlet_event_extra.py
[2026-09-21T11:05:00.788+0200] {logging_mixin.py:190} INFO - [2026-09-21T11:05:00.788+0200] {dag.py:3239} INFO - Sync 3 DAGs
[2026-09-21T11:05:00.793+0200] {logging_mixin.py:190} INFO - [2026-09-21T11:05:00.793+0200] {dag.py:4180} INFO - Setting next_dagrun for dataset_with_extra_by_context to 2026-09-20 00:00:00+00:00, run_after=2026-09-21 00:00:00+00:00
[2026-09-21T11:05:00.794+0200] {logging_mixin.py:190} INFO - [2026-09-21T11:05:00.794+0200] {dag.py:4180} INFO - Setting next_dagrun for dataset_with_extra_by_yield to 2026-09-20 00:00:00+00:00, run_after=2026-09-21 00:00:00+00:00
[2026-09-21T11:05:00.795+0200] {logging_mixin.py:190} INFO - [2026-09-21T11:05:00.795+0200] {dag.py:4180} INFO - Setting next_dagrun for dataset_with_extra_from_classic_operator to 2026-09-20 00:00:00+00:00, run_after=2026-09-21 00:00:00+00:00
[2026-09-21T11:05:00.800+0200] {processor.py:208} INFO - Processing /Users/swarnalidatta/Desktop/AutoQueryChatbot/.airflow-venv/lib/python3.12/site-packages/airflow/example_dags/example_outlet_event_extra.py took 0.086 seconds
[2026-09-21T13:51:40.912+0200] {processor.py:186} INFO - Started process (PID=8731) to work on /Users/swarnalidatta/Desktop/AutoQueryChatbot/.airflow-venv/lib/python3.12/site-packages/airflow/example_dags/example_outlet_event_extra.py
[2026-09-21T13:51:40.912+0200] {processor.py:914} INFO - Processing file /Users/swarnalidatta/Desktop/AutoQueryChatbot/.airflow-venv/lib/python3.12/site-packages/airflow/example_dags/example_outlet_event_extra.py for tasks to queue
[2026-09-21T13:51:40.912+0200] {logging_mixin.py:190} INFO - [2026-09-21T13:51:40.912+0200] {dagbag.py:588} INFO - Filling up the DagBag from /Users/swarnalidatta/Desktop/AutoQueryChatbot/.airflow-venv/lib/python3.12/site-packages/airflow/example_dags/example_outlet_event_extra.py
[2026-09-21T13:51:40.936+0200] {processor.py:925} INFO - DAG(s) 'dataset_with_extra_from_classic_operator', 'dataset_with_extra_by_context', 'dataset_with_extra_by_yield' retrieved from /Users/swarnalidatta/Desktop/AutoQueryChatbot/.airflow-venv/lib/python3.12/site-packages/airflow/example_dags/example_outlet_event_extra.py
[2026-09-21T13:51:40.981+0200] {logging_mixin.py:190} INFO - [2026-09-21T13:51:40.981+0200] {dag.py:3239} INFO - Sync 3 DAGs
[2026-09-21T13:51:40.986+0200] {logging_mixin.py:190} INFO - [2026-09-21T13:51:40.986+0200] {dag.py:4180} INFO - Setting next_dagrun for dataset_with_extra_by_context to 2026-09-20 00:00:00+00:00, run_after=2026-09-21 00:00:00+00:00
[2026-09-21T13:51:40.987+0200] {logging_mixin.py:190} INFO - [2026-09-21T13:51:40.987+0200] {dag.py:4180} INFO - Setting next_dagrun for dataset_with_extra_by_yield to 2026-09-20 00:00:00+00:00, run_after=2026-09-21 00:00:00+00:00
[2026-09-21T13:51:40.988+0200] {logging_mixin.py:190} INFO - [2026-09-21T13:51:40.988+0200] {dag.py:4180} INFO - Setting next_dagrun for dataset_with_extra_from_classic_operator to 2026-09-20 00:00:00+00:00, run_after=2026-09-21 00:00:00+00:00
[2026-09-21T13:51:40.993+0200] {processor.py:208} INFO - Processing /Users/swarnalidatta/Desktop/AutoQueryChatbot/.airflow-venv/lib/python3.12/site-packages/airflow/example_dags/example_outlet_event_extra.py took 0.082 seconds
[2026-09-21T13:53:10.954+0200] {processor.py:186} INFO - Started process (PID=8935) to work on /Users/swarnalidatta/Desktop/AutoQueryChatbot/.airflow-venv/lib/python3.12/site-packages/airflow/example_dags/example_outlet_event_extra.py
[2026-09-21T13:53:10.954+0200] {processor.py:914} INFO - Processing file /Users/swarnalidatta/Desktop/AutoQueryChatbot/.airflow-venv/lib/python3.12/site-packages/airflow/example_dags/example_outlet_event_extra.py for tasks to queue
[2026-09-21T13:53:10.954+0200] {logging_mixin.py:190} INFO - [2026-09-21T13:53:10.954+0200] {dagbag.py:588} INFO - Filling up the DagBag from /Users/swarnalidatta/Desktop/AutoQueryChatbot/.airflow-venv/lib/python3.12/site-packages/airflow/example_dags/example_outlet_event_extra.py
[2026-09-21T13:53:10.977+0200] {processor.py:925} INFO - DAG(s) 'dataset_with_extra_by_yield', 'dataset_with_extra_by_context', 'dataset_with_extra_from_classic_operator' retrieved from /Users/swarnalidatta/Desktop/AutoQueryChatbot/.airflow-venv/lib/python3.12/site-packages/airflow/example_dags/example_outlet_event_extra.py
[2026-09-21T13:53:11.022+0200] {logging_mixin.py:190} INFO - [2026-09-21T13:53:11.022+0200] {dag.py:3239} INFO - Sync 3 DAGs
[2026-09-21T13:53:11.027+0200] {logging_mixin.py:190} INFO - [2026-09-21T13:53:11.027+0200] {dag.py:4180} INFO - Setting next_dagrun for dataset_with_extra_by_context to 2026-09-20 00:00:00+00:00, run_after=2026-09-21 00:00:00+00:00
[2026-09-21T13:53:11.028+0200] {logging_mixin.py:190} INFO - [2026-09-21T13:53:11.028+0200] {dag.py:4180} INFO - Setting next_dagrun for dataset_with_extra_by_yield to 2026-09-20 00:00:00+00:00, run_after=2026-09-21 00:00:00+00:00
[2026-09-21T13:53:11.029+0200] {logging_mixin.py:190} INFO - [2026-09-21T13:53:11.029+0200] {dag.py:4180} INFO - Setting next_dagrun for dataset_with_extra_from_classic_operator to 2026-09-20 00:00:00+00:00, run_after=2026-09-21 00:00:00+00:00
[2026-09-21T13:53:11.034+0200] {processor.py:208} INFO - Processing /Users/swarnalidatta/Desktop/AutoQueryChatbot/.airflow-venv/lib/python3.12/site-packages/airflow/example_dags/example_outlet_event_extra.py took 0.082 seconds
[2026-09-21T14:19:54.948+0200] {processor.py:186} INFO - Started process (PID=9097) to work on /Users/swarnalidatta/Desktop/AutoQueryChatbot/.airflow-venv/lib/python3.12/site-packages/airflow/example_dags/example_outlet_event_extra.py
[2026-09-21T14:19:54.949+0200] {processor.py:914} INFO - Processing file /Users/swarnalidatta/Desktop/AutoQueryChatbot/.airflow-venv/lib/python3.12/site-packages/airflow/example_dags/example_outlet_event_extra.py for tasks to queue
[2026-09-21T14:19:54.949+0200] {logging_mixin.py:190} INFO - [2026-09-21T14:19:54.949+0200] {dagbag.py:588} INFO - Filling up the DagBag from /Users/swarnalidatta/Desktop/AutoQueryChatbot/.airflow-venv/lib/python3.12/site-packages/airflow/example_dags/example_outlet_event_extra.py
[2026-09-21T14:19:54.999+0200] {processor.py:925} INFO - DAG(s) 'dataset_with_extra_by_yield', 'dataset_with_extra_by_context', 'dataset_with_extra_from_classic_operator' retrieved from /Users/swarnalidatta/Desktop/AutoQueryChatbot/.airflow-venv/lib/python3.12/site-packages/airflow/example_dags/example_outlet_event_extra.py
[2026-09-21T14:19:55.090+0200] {logging_mixin.py:190} INFO - [2026-09-21T14:19:55.089+0200] {dag.py:3239} INFO - Sync 3 DAGs
[2026-09-21T14:19:55.099+0200] {logging_mixin.py:190} INFO - [2026-09-21T14:19:55.099+0200] {dag.py:4180} INFO - Setting next_dagrun for dataset_with_extra_by_context to 2026-09-20 00:00:00+00:00, run_after=2026-09-21 00:00:00+00:00
[2026-09-21T14:19:55.101+0200] {logging_mixin.py:190} INFO - [2026-09-21T14:19:55.101+0200] {dag.py:4180} INFO - Setting next_dagrun for dataset_with_extra_by_yield to 2026-09-20 00:00:00+00:00, run_after=2026-09-21 00:00:00+00:00
[2026-09-21T14:19:55.102+0200] {logging_mixin.py:190} INFO - [2026-09-21T14:19:55.102+0200] {dag.py:4180} INFO - Setting next_dagrun for dataset_with_extra_from_classic_operator to 2026-09-20 00:00:00+00:00, run_after=2026-09-21 00:00:00+00:00
[2026-09-21T14:19:55.112+0200] {processor.py:208} INFO - Processing /Users/swarnalidatta/Desktop/AutoQueryChatbot/.airflow-venv/lib/python3.12/site-packages/airflow/example_dags/example_outlet_event_extra.py took 0.166 seconds
[2026-09-21T17:55:41.783+0200] {processor.py:186} INFO - Started process (PID=9402) to work on /Users/swarnalidatta/Desktop/AutoQueryChatbot/.airflow-venv/lib/python3.12/site-packages/airflow/example_dags/example_outlet_event_extra.py
[2026-09-21T17:55:41.783+0200] {processor.py:914} INFO - Processing file /Users/swarnalidatta/Desktop/AutoQueryChatbot/.airflow-venv/lib/python3.12/site-packages/airflow/example_dags/example_outlet_event_extra.py for tasks to queue
[2026-09-21T17:55:41.784+0200] {logging_mixin.py:190} INFO - [2026-09-21T17:55:41.784+0200] {dagbag.py:588} INFO - Filling up the DagBag from /Users/swarnalidatta/Desktop/AutoQueryChatbot/.airflow-venv/lib/python3.12/site-packages/airflow/example_dags/example_outlet_event_extra.py
[2026-09-21T17:55:41.808+0200] {processor.py:925} INFO - DAG(s) 'dataset_with_extra_by_context', 'dataset_with_extra_by_yield', 'dataset_with_extra_from_classic_operator' retrieved from /Users/swarnalidatta/Desktop/AutoQueryChatbot/.airflow-venv/lib/python3.12/site-packages/airflow/example_dags/example_outlet_event_extra.py
[2026-09-21T17:55:41.855+0200] {logging_mixin.py:190} INFO - [2026-09-21T17:55:41.855+0200] {dag.py:3239} INFO - Sync 3 DAGs
[2026-09-21T17:55:41.860+0200] {logging_mixin.py:190} INFO - [2026-09-21T17:55:41.860+0200] {dag.py:4180} INFO - Setting next_dagrun for dataset_with_extra_by_context to 2026-09-20 00:00:00+00:00, run_after=2026-09-21 00:00:00+00:00
[2026-09-21T17:55:41.861+0200] {logging_mixin.py:190} INFO - [2026-09-21T17:55:41.861+0200] {dag.py:4180} INFO - Setting next_dagrun for dataset_with_extra_by_yield to 2026-09-20 00:00:00+00:00, run_after=2026-09-21 00:00:00+00:00
[2026-09-21T17:55:41.862+0200] {logging_mixin.py:190} INFO - [2026-09-21T17:55:41.862+0200] {dag.py:4180} INFO - Setting next_dagrun for dataset_with_extra_from_classic_operator to 2026-09-20 00:00:00+00:00, run_after=2026-09-21 00:00:00+00:00
[2026-09-21T17:55:41.867+0200] {processor.py:208} INFO - Processing /Users/swarnalidatta/Desktop/AutoQueryChatbot/.airflow-venv/lib/python3.12/site-packages/airflow/example_dags/example_outlet_event_extra.py took 0.085 seconds
[2026-09-21T18:13:26.602+0200] {processor.py:186} INFO - Started process (PID=9615) to work on /Users/swarnalidatta/Desktop/AutoQueryChatbot/.airflow-venv/lib/python3.12/site-packages/airflow/example_dags/example_outlet_event_extra.py
[2026-09-21T18:13:26.602+0200] {processor.py:914} INFO - Processing file /Users/swarnalidatta/Desktop/AutoQueryChatbot/.airflow-venv/lib/python3.12/site-packages/airflow/example_dags/example_outlet_event_extra.py for tasks to queue
[2026-09-21T18:13:26.603+0200] {logging_mixin.py:190} INFO - [2026-09-21T18:13:26.603+0200] {dagbag.py:588} INFO - Filling up the DagBag from /Users/swarnalidatta/Desktop/AutoQueryChatbot/.airflow-venv/lib/python3.12/site-packages/airflow/example_dags/example_outlet_event_extra.py
[2026-09-21T18:13:26.626+0200] {processor.py:925} INFO - DAG(s) 'dataset_with_extra_from_classic_operator', 'dataset_with_extra_by_yield', 'dataset_with_extra_by_context' retrieved from /Users/swarnalidatta/Desktop/AutoQueryChatbot/.airflow-venv/lib/python3.12/site-packages/airflow/example_dags/example_outlet_event_extra.py
[2026-09-21T18:13:26.673+0200] {logging_mixin.py:190} INFO - [2026-09-21T18:13:26.673+0200] {dag.py:3239} INFO - Sync 3 DAGs
[2026-09-21T18:13:26.679+0200] {logging_mixin.py:190} INFO - [2026-09-21T18:13:26.678+0200] {dag.py:4180} INFO - Setting next_dagrun for dataset_with_extra_by_context to 2026-09-20 00:00:00+00:00, run_after=2026-09-21 00:00:00+00:00
[2026-09-21T18:13:26.680+0200] {logging_mixin.py:190} INFO - [2026-09-21T18:13:26.680+0200] {dag.py:4180} INFO - Setting next_dagrun for dataset_with_extra_by_yield to 2026-09-20 00:00:00+00:00, run_after=2026-09-21 00:00:00+00:00
[2026-09-21T18:13:26.680+0200] {logging_mixin.py:190} INFO - [2026-09-21T18:13:26.680+0200] {dag.py:4180} INFO - Setting next_dagrun for dataset_with_extra_from_classic_operator to 2026-09-20 00:00:00+00:00, run_after=2026-09-21 00:00:00+00:00
[2026-09-21T18:13:26.685+0200] {processor.py:208} INFO - Processing /Users/swarnalidatta/Desktop/AutoQueryChatbot/.airflow-venv/lib/python3.12/site-packages/airflow/example_dags/example_outlet_event_extra.py took 0.085 seconds
[2026-09-21T19:10:05.645+0200] {processor.py:186} INFO - Started process (PID=9954) to work on /Users/swarnalidatta/Desktop/AutoQueryChatbot/.airflow-venv/lib/python3.12/site-packages/airflow/example_dags/example_outlet_event_extra.py
[2026-09-21T19:10:05.645+0200] {processor.py:914} INFO - Processing file /Users/swarnalidatta/Desktop/AutoQueryChatbot/.airflow-venv/lib/python3.12/site-packages/airflow/example_dags/example_outlet_event_extra.py for tasks to queue
[2026-09-21T19:10:05.645+0200] {logging_mixin.py:190} INFO - [2026-09-21T19:10:05.645+0200] {dagbag.py:588} INFO - Filling up the DagBag from /Users/swarnalidatta/Desktop/AutoQueryChatbot/.airflow-venv/lib/python3.12/site-packages/airflow/example_dags/example_outlet_event_extra.py
[2026-09-21T19:10:05.668+0200] {processor.py:925} INFO - DAG(s) 'dataset_with_extra_by_context', 'dataset_with_extra_from_classic_operator', 'dataset_with_extra_by_yield' retrieved from /Users/swarnalidatta/Desktop/AutoQueryChatbot/.airflow-venv/lib/python3.12/site-packages/airflow/example_dags/example_outlet_event_extra.py
[2026-09-21T19:10:05.714+0200] {logging_mixin.py:190} INFO - [2026-09-21T19:10:05.714+0200] {dag.py:3239} INFO - Sync 3 DAGs
[2026-09-21T19:10:05.719+0200] {logging_mixin.py:190} INFO - [2026-09-21T19:10:05.719+0200] {dag.py:4180} INFO - Setting next_dagrun for dataset_with_extra_by_context to 2026-09-20 00:00:00+00:00, run_after=2026-09-21 00:00:00+00:00
[2026-09-21T19:10:05.720+0200] {logging_mixin.py:190} INFO - [2026-09-21T19:10:05.720+0200] {dag.py:4180} INFO - Setting next_dagrun for dataset_with_extra_by_yield to 2026-09-20 00:00:00+00:00, run_after=2026-09-21 00:00:00+00:00
[2026-09-21T19:10:05.721+0200] {logging_mixin.py:190} INFO - [2026-09-21T19:10:05.721+0200] {dag.py:4180} INFO - Setting next_dagrun for dataset_with_extra_from_classic_operator to 2026-09-20 00:00:00+00:00, run_after=2026-09-21 00:00:00+00:00
[2026-09-21T19:10:05.726+0200] {processor.py:208} INFO - Processing /Users/swarnalidatta/Desktop/AutoQueryChatbot/.airflow-venv/lib/python3.12/site-packages/airflow/example_dags/example_outlet_event_extra.py took 0.082 seconds
[2026-09-21T20:18:29.794+0200] {processor.py:186} INFO - Started process (PID=10174) to work on /Users/swarnalidatta/Desktop/AutoQueryChatbot/.airflow-venv/lib/python3.12/site-packages/airflow/example_dags/example_outlet_event_extra.py
[2026-09-21T20:18:29.795+0200] {processor.py:914} INFO - Processing file /Users/swarnalidatta/Desktop/AutoQueryChatbot/.airflow-venv/lib/python3.12/site-packages/airflow/example_dags/example_outlet_event_extra.py for tasks to queue
[2026-09-21T20:18:29.795+0200] {logging_mixin.py:190} INFO - [2026-09-21T20:18:29.795+0200] {dagbag.py:588} INFO - Filling up the DagBag from /Users/swarnalidatta/Desktop/AutoQueryChatbot/.airflow-venv/lib/python3.12/site-packages/airflow/example_dags/example_outlet_event_extra.py
[2026-09-21T20:18:29.820+0200] {processor.py:925} INFO - DAG(s) 'dataset_with_extra_by_yield', 'dataset_with_extra_from_classic_operator', 'dataset_with_extra_by_context' retrieved from /Users/swarnalidatta/Desktop/AutoQueryChatbot/.airflow-venv/lib/python3.12/site-packages/airflow/example_dags/example_outlet_event_extra.py
[2026-09-21T20:18:29.866+0200] {logging_mixin.py:190} INFO - [2026-09-21T20:18:29.865+0200] {dag.py:3239} INFO - Sync 3 DAGs
[2026-09-21T20:18:29.871+0200] {logging_mixin.py:190} INFO - [2026-09-21T20:18:29.871+0200] {dag.py:4180} INFO - Setting next_dagrun for dataset_with_extra_by_context to 2026-09-20 00:00:00+00:00, run_after=2026-09-21 00:00:00+00:00
[2026-09-21T20:18:29.872+0200] {logging_mixin.py:190} INFO - [2026-09-21T20:18:29.872+0200] {dag.py:4180} INFO - Setting next_dagrun for dataset_with_extra_by_yield to 2026-09-20 00:00:00+00:00, run_after=2026-09-21 00:00:00+00:00
[2026-09-21T20:18:29.872+0200] {logging_mixin.py:190} INFO - [2026-09-21T20:18:29.872+0200] {dag.py:4180} INFO - Setting next_dagrun for dataset_with_extra_from_classic_operator to 2026-09-20 00:00:00+00:00, run_after=2026-09-21 00:00:00+00:00
[2026-09-21T20:18:29.877+0200] {processor.py:208} INFO - Processing /Users/swarnalidatta/Desktop/AutoQueryChatbot/.airflow-venv/lib/python3.12/site-packages/airflow/example_dags/example_outlet_event_extra.py took 0.085 seconds
[2026-09-21T22:24:37.362+0200] {processor.py:186} INFO - Started process (PID=10369) to work on /Users/swarnalidatta/Desktop/AutoQueryChatbot/.airflow-venv/lib/python3.12/site-packages/airflow/example_dags/example_outlet_event_extra.py
[2026-09-21T22:24:37.362+0200] {processor.py:914} INFO - Processing file /Users/swarnalidatta/Desktop/AutoQueryChatbot/.airflow-venv/lib/python3.12/site-packages/airflow/example_dags/example_outlet_event_extra.py for tasks to queue
[2026-09-21T22:24:37.362+0200] {logging_mixin.py:190} INFO - [2026-09-21T22:24:37.362+0200] {dagbag.py:588} INFO - Filling up the DagBag from /Users/swarnalidatta/Desktop/AutoQueryChatbot/.airflow-venv/lib/python3.12/site-packages/airflow/example_dags/example_outlet_event_extra.py
[2026-09-21T22:24:37.385+0200] {processor.py:925} INFO - DAG(s) 'dataset_with_extra_from_classic_operator', 'dataset_with_extra_by_context', 'dataset_with_extra_by_yield' retrieved from /Users/swarnalidatta/Desktop/AutoQueryChatbot/.airflow-venv/lib/python3.12/site-packages/airflow/example_dags/example_outlet_event_extra.py
[2026-09-21T22:24:37.431+0200] {logging_mixin.py:190} INFO - [2026-09-21T22:24:37.431+0200] {dag.py:3239} INFO - Sync 3 DAGs
[2026-09-21T22:24:37.436+0200] {logging_mixin.py:190} INFO - [2026-09-21T22:24:37.436+0200] {dag.py:4180} INFO - Setting next_dagrun for dataset_with_extra_by_context to 2026-09-20 00:00:00+00:00, run_after=2026-09-21 00:00:00+00:00
[2026-09-21T22:24:37.437+0200] {logging_mixin.py:190} INFO - [2026-09-21T22:24:37.437+0200] {dag.py:4180} INFO - Setting next_dagrun for dataset_with_extra_by_yield to 2026-09-20 00:00:00+00:00, run_after=2026-09-21 00:00:00+00:00
[2026-09-21T22:24:37.438+0200] {logging_mixin.py:190} INFO - [2026-09-21T22:24:37.438+0200] {dag.py:4180} INFO - Setting next_dagrun for dataset_with_extra_from_classic_operator to 2026-09-20 00:00:00+00:00, run_after=2026-09-21 00:00:00+00:00
[2026-09-21T22:24:37.443+0200] {processor.py:208} INFO - Processing /Users/swarnalidatta/Desktop/AutoQueryChatbot/.airflow-venv/lib/python3.12/site-packages/airflow/example_dags/example_outlet_event_extra.py took 0.082 seconds
[2026-09-22T01:48:28.555+0200] {processor.py:186} INFO - Started process (PID=10665) to work on /Users/swarnalidatta/Desktop/AutoQueryChatbot/.airflow-venv/lib/python3.12/site-packages/airflow/example_dags/example_outlet_event_extra.py
[2026-09-22T01:48:28.555+0200] {processor.py:914} INFO - Processing file /Users/swarnalidatta/Desktop/AutoQueryChatbot/.airflow-venv/lib/python3.12/site-packages/airflow/example_dags/example_outlet_event_extra.py for tasks to queue
[2026-09-22T01:48:28.556+0200] {logging_mixin.py:190} INFO - [2026-09-22T01:48:28.556+0200] {dagbag.py:588} INFO - Filling up the DagBag from /Users/swarnalidatta/Desktop/AutoQueryChatbot/.airflow-venv/lib/python3.12/site-packages/airflow/example_dags/example_outlet_event_extra.py
[2026-09-22T01:48:28.580+0200] {processor.py:925} INFO - DAG(s) 'dataset_with_extra_by_context', 'dataset_with_extra_from_classic_operator', 'dataset_with_extra_by_yield' retrieved from /Users/swarnalidatta/Desktop/AutoQueryChatbot/.airflow-venv/lib/python3.12/site-packages/airflow/example_dags/example_outlet_event_extra.py
[2026-09-22T01:48:28.627+0200] {logging_mixin.py:190} INFO - [2026-09-22T01:48:28.627+0200] {dag.py:3239} INFO - Sync 3 DAGs
[2026-09-22T01:48:28.632+0200] {logging_mixin.py:190} INFO - [2026-09-22T01:48:28.632+0200] {dag.py:4180} INFO - Setting next_dagrun for dataset_with_extra_by_context to 2026-09-20 00:00:00+00:00, run_after=2026-09-21 00:00:00+00:00
[2026-09-22T01:48:28.633+0200] {logging_mixin.py:190} INFO - [2026-09-22T01:48:28.633+0200] {dag.py:4180} INFO - Setting next_dagrun for dataset_with_extra_by_yield to 2026-09-20 00:00:00+00:00, run_after=2026-09-21 00:00:00+00:00
[2026-09-22T01:48:28.634+0200] {logging_mixin.py:190} INFO - [2026-09-22T01:48:28.634+0200] {dag.py:4180} INFO - Setting next_dagrun for dataset_with_extra_from_classic_operator to 2026-09-20 00:00:00+00:00, run_after=2026-09-21 00:00:00+00:00
[2026-09-22T01:48:28.639+0200] {processor.py:208} INFO - Processing /Users/swarnalidatta/Desktop/AutoQueryChatbot/.airflow-venv/lib/python3.12/site-packages/airflow/example_dags/example_outlet_event_extra.py took 0.085 seconds
