[2026-09-21T02:20:08.412+0200] {processor.py:186} INFO - Started process (PID=7786) to work on /Users/swarnalidatta/Desktop/AutoQueryChatbot/.airflow-venv/lib/python3.12/site-packages/airflow/example_dags/example_task_group_decorator.py
[2026-09-21T02:20:08.412+0200] {processor.py:914} INFO - Processing file /Users/swarnalidatta/Desktop/AutoQueryChatbot/.airflow-venv/lib/python3.12/site-packages/airflow/example_dags/example_task_group_decorator.py for tasks to queue
[2026-09-21T02:20:08.413+0200] {logging_mixin.py:190} INFO - [2026-09-21T02:20:08.413+0200] {dagbag.py:588} INFO - Filling up the DagBag from /Users/swarnalidatta/Desktop/AutoQueryChatbot/.airflow-venv/lib/python3.12/site-packages/airflow/example_dags/example_task_group_decorator.py
[2026-09-21T02:20:08.426+0200] {processor.py:925} INFO - DAG(s) 'example_task_group_decorator' retrieved from /Users/swarnalidatta/Desktop/AutoQueryChatbot/.airflow-venv/lib/python3.12/site-packages/airflow/example_dags/example_task_group_decorator.py
[2026-09-21T02:20:08.472+0200] {logging_mixin.py:190} INFO - [2026-09-21T02:20:08.472+0200] {dag.py:3239} INFO - Sync 1 DAGs
[2026-09-21T02:20:08.475+0200] {logging_mixin.py:190} INFO - [2026-09-21T02:20:08.475+0200] {dag.py:4180} INFO - Setting next_dagrun for example_task_group_decorator to None, run_after=None
[2026-09-21T02:20:08.480+0200] {processor.py:208} INFO - Processing /Users/swarnalidatta/Desktop/AutoQueryChatbot/.airflow-venv/lib/python3.12/site-packages/airflow/example_dags/example_task_group_decorator.py took 0.069 seconds
[2026-09-21T06:35:25.712+0200] {processor.py:186} INFO - Started process (PID=8069) to work on /Users/swarnalidatta/Desktop/AutoQueryChatbot/.airflow-venv/lib/python3.12/site-packages/airflow/example_dags/example_task_group_decorator.py
[2026-09-21T06:35:25.712+0200] {processor.py:914} INFO - Processing file /Users/swarnalidatta/Desktop/AutoQueryChatbot/.airflow-venv/lib/python3.12/site-packages/airflow/example_dags/example_task_group_decorator.py for tasks to queue
[2026-09-21T06:35:25.713+0200] {logging_mixin.py:190} INFO - [2026-09-21T06:35:25.713+0200] {dagbag.py:588} INFO - Filling up the DagBag from /Users/swarnalidatta/Desktop/AutoQueryChatbot/.airflow-venv/lib/python3.12/site-packages/airflow/example_dags/example_task_group_decorator.py
[2026-09-21T06:35:25.727+0200] {processor.py:925} INFO - DAG(s) 'example_task_group_decorator' retrieved from /Users/swarnalidatta/Desktop/AutoQueryChatbot/.airflow-venv/lib/python3.12/site-packages/airflow/example_dags/example_task_group_decorator.py
[2026-09-21T06:35:25.773+0200] {logging_mixin.py:190} INFO - [2026-09-21T06:35:25.773+0200] {dag.py:3239} INFO - Sync 1 DAGs
[2026-09-21T06:35:25.776+0200] {logging_mixin.py:190} INFO - [2026-09-21T06:35:25.776+0200] {dag.py:4180} INFO - Setting next_dagrun for example_task_group_decorator to None, run_after=None
[2026-09-21T06:35:25.781+0200] {processor.py:208} INFO - Processing /Users/swarnalidatta/Desktop/AutoQueryChatbot/.airflow-venv/lib/python3.12/site-packages/airflow/example_dags/example_task_group_decorator.py took 0.070 seconds
[2026-09-21T10:04:05.179+0200] {processor.py:186} INFO - Started process (PID=8376) to work on /Users/swarnalidatta/Desktop/AutoQueryChatbot/.airflow-venv/lib/python3.12/site-packages/airflow/example_dags/example_task_group_decorator.py
[2026-09-21T10:04:05.181+0200] {processor.py:914} INFO - Processing file /Users/swarnalidatta/Desktop/AutoQueryChatbot/.airflow-venv/lib/python3.12/site-packages/airflow/example_dags/example_task_group_decorator.py for tasks to queue
[2026-09-21T10:04:05.182+0200] {logging_mixin.py:190} INFO - [2026-09-21T10:04:05.182+0200] {dagbag.py:588} INFO - Filling up the DagBag from /Users/swarnalidatta/Desktop/AutoQueryChatbot/.airflow-venv/lib/python3.12/site-packages/airflow/example_dags/example_task_group_decorator.py
[2026-09-21T10:04:05.197+0200] {processor.py:925} INFO - DAG(s) 'example_task_group_decorator' retrieved from /Users/swarnalidatta/Desktop/AutoQueryChatbot/.airflow-venv/lib/python3.12/site-packages/airflow/example_dags/example_task_group_decorator.py
[2026-09-21T10:04:05.248+0200] {logging_mixin.py:190} INFO - [2026-09-21T10:04:05.248+0200] {dag.py:3239} INFO - Sync 1 DAGs
[2026-09-21T10:04:05.251+0200] {logging_mixin.py:190} INFO - [2026-09-21T10:04:05.251+0200] {dag.py:4180} INFO - Setting next_dagrun for example_task_group_decorator to None, run_after=None
[2026-09-21T10:04:05.256+0200] {processor.py:208} INFO - Processing /Users/swarnalidatta/Desktop/AutoQueryChatbot/.airflow-venv/lib/python3.12/site-packages/airflow/example_dags/example_task_group_decorator.py took 0.078 seconds
[2026-09-21T13:41:23.592+0200] {processor.py:186} INFO - Started process (PID=8666) to work on /Users/swarnalidatta/Desktop/AutoQueryChatbot/.airflow-venv/lib/python3.12/site-packages/airflow/example_dags/example_task_group_decorator.py
[2026-09-21T13:41:23.593+0200] {processor.py:914} INFO - Processing file /Users/swarnalidatta/Desktop/AutoQueryChatbot/.airflow-venv/lib/python3.12/site-packages/airflow/example_dags/example_task_group_decorator.py for tasks to queue
[2026-09-21T13:41:23.593+0200] {logging_mixin.py:190} INFO - [2026-09-21T13:41:23.593+0200] {dagbag.py:588} INFO - Filling up the DagBag from /Users/swarnalidatta/Desktop/AutoQueryChatbot/.airflow-venv/lib/python3.12/site-packages/airflow/example_dags/example_task_group_decorator.py
[2026-09-21T13:41:23.607+0200] {processor.py:925} INFO - DAG(s) 'example_task_group_decorator' retrieved from /Users/swarnalidatta/Desktop/AutoQueryChatbot/.airflow-venv/lib/python3.12/site-packages/airflow/example_dags/example_task_group_decorator.py
[2026-09-21T13:41:23.653+0200] {logging_mixin.py:190} INFO - [2026-09-21T13:41:23.653+0200] {dag.py:3239} INFO - Sync 1 DAGs
[2026-09-21T13:41:23.656+0200] {logging_mixin.py:190} INFO - [2026-09-21T13:41:23.656+0200] {dag.py:4180} INFO - Setting next_dagrun for example_task_group_decorator to None, run_after=None
[2026-09-21T13:41:23.661+0200] {processor.py:208} INFO - Processing /Users/swarnalidatta/Desktop/AutoQueryChatbot/.airflow-venv/lib/python3.12/site-packages/airflow/example_dags/example_task_group_decorator.py took 0.069 seconds
[2026-09-21T13:52:44.340+0200] {processor.py:186} INFO - Started process (PID=8877) to work on /Users/swarnalidatta/Desktop/AutoQueryChatbot/.airflow-venv/lib/python3.12/site-packages/airflow/example_dags/example_task_group_decorator.py
[2026-09-21T13:52:44.341+0200] {processor.py:914} INFO - Processing file /Users/swarnalidatta/Desktop/AutoQueryChatbot/.airflow-venv/lib/python3.12/site-packages/airflow/example_dags/example_task_group_decorator.py for tasks to queue
[2026-09-21T13:52:44.341+0200] {logging_mixin.py:190} INFO - [2026-09-21T13:52:44.341+0200] {dagbag.py:588} INFO - Filling up the DagBag from /Users/swarnalidatta/Desktop/AutoQueryChatbot/.airflow-venv/lib/python3.12/site-packages/airflow/example_dags/example_task_group_decorator.py
[2026-09-21T13:52:44.355+0200] {processor.py:925} INFO - DAG(s) 'example_task_group_decorator' retrieved from /Users/swarnalidatta/Desktop/AutoQueryChatbot/.airflow-venv/lib/python3.12/site-packages/airflow/example_dags/example_task_group_decorator.py
[2026-09-21T13:52:44.402+0200] {logging_mixin.py:190} INFO - [2026-09-21T13:52:44.402+0200] {dag.py:3239} INFO - Sync 1 DAGs
[2026-09-21T13:52:44.405+0200] {logging_mixin.py:190} INFO - [2026-09-21T13:52:44.405+0200] {dag.py:4180} INFO - Setting next_dagrun for example_task_group_decorator to None, run_after=None
[2026-09-21T13:52:44.410+0200] {processor.py:208} INFO - Processing /Users/swarnalidatta/Desktop/AutoQueryChatbot/.airflow-venv/lib/python3.12/site-packages/airflow/example_dags/example_task_group_decorator.py took 0.071 seconds
[2026-09-21T14:05:40.951+0200] {processor.py:186} INFO - Started process (PID=9029) to work on /Users/swarnalidatta/Desktop/AutoQueryChatbot/.airflow-venv/lib/python3.12/site-packages/airflow/example_dags/example_task_group_decorator.py
[2026-09-21T14:05:40.952+0200] {processor.py:914} INFO - Processing file /Users/swarnalidatta/Desktop/AutoQueryChatbot/.airflow-venv/lib/python3.12/site-packages/airflow/example_dags/example_task_group_decorator.py for tasks to queue
[2026-09-21T14:05:40.952+0200] {logging_mixin.py:190} INFO - [2026-09-21T14:05:40.952+0200] {dagbag.py:588} INFO - Filling up the DagBag from /Users/swarnalidatta/Desktop/AutoQueryChatbot/.airflow-venv/lib/python3.12/site-packages/airflow/example_dags/example_task_group_decorator.py
[2026-09-21T14:05:40.966+0200] {processor.py:925} INFO - DAG(s) 'example_task_group_decorator' retrieved from /Users/swarnalidatta/Desktop/AutoQueryChatbot/.airflow-venv/lib/python3.12/site-packages/airflow/example_dags/example_task_group_decorator.py
[2026-09-21T14:05:41.014+0200] {logging_mixin.py:190} INFO - [2026-09-21T14:05:41.014+0200] {dag.py:3239} INFO - Sync 1 DAGs
[2026-09-21T14:05:41.017+0200] {logging_mixin.py:190} INFO - [2026-09-21T14:05:41.017+0200] {dag.py:4180} INFO - Setting next_dagrun for example_task_group_decorator to None, run_after=None
[2026-09-21T14:05:41.022+0200] {processor.py:208} INFO - Processing /Users/swarnalidatta/Desktop/AutoQueryChatbot/.airflow-venv/lib/python3.12/site-packages/airflow/example_dags/example_task_group_decorator.py took 0.071 seconds
[2026-09-21T16:41:29.036+0200] {processor.py:186} INFO - Started process (PID=9320) to work on /Users/swarnalidatta/Desktop/AutoQueryChatbot/.airflow-venv/lib/python3.12/site-packages/airflow/example_dags/example_task_group_decorator.py
[2026-09-21T16:41:29.036+0200] {processor.py:914} INFO - Processing file /Users/swarnalidatta/Desktop/AutoQueryChatbot/.airflow-venv/lib/python3.12/site-packages/airflow/example_dags/example_task_group_decorator.py for tasks to queue
[2026-09-21T16:41:29.036+0200] {logging_mixin.py:190} INFO - [2026-09-21T16:41:29.036+0200] {dagbag.py:588} INFO - Filling up the DagBag from /Users/swarnalidatta/Desktop/AutoQueryChatbot/.airflow-venv/lib/python3.12/site-packages/airflow/example_dags/example_task_group_decorator.py
[2026-09-21T16:41:29.051+0200] {processor.py:925} INFO - DAG(s) 'example_task_group_decorator' retrieved from /Users/swarnalidatta/Desktop/AutoQueryChatbot/.airflow-venv/lib/python3.12/site-packages/airflow/example_dags/example_task_group_decorator.py
[2026-09-21T16:41:29.101+0200] {logging_mixin.py:190} INFO - [2026-09-21T16:41:29.101+0200] {dag.py:3239} INFO - Sync 1 DAGs
[2026-09-21T16:41:29.104+0200] {logging_mixin.py:190} INFO - [2026-09-21T16:41:29.104+0200] {dag.py:4180} INFO - Setting next_dagrun for example_task_group_decorator to None, run_after=None
[2026-09-21T16:41:29.109+0200] {processor.py:208} INFO - Processing /Users/swarnalidatta/Desktop/AutoQueryChatbot/.airflow-venv/lib/python3.12/site-packages/airflow/example_dags/example_task_group_decorator.py took 0.075 seconds
[2026-09-21T18:13:01.460+0200] {processor.py:186} INFO - Started process (PID=9558) to work on /Users/swarnalidatta/Desktop/AutoQueryChatbot/.airflow-venv/lib/python3.12/site-packages/airflow/example_dags/example_task_group_decorator.py
[2026-09-21T18:13:01.460+0200] {processor.py:914} INFO - Processing file /Users/swarnalidatta/Desktop/AutoQueryChatbot/.airflow-venv/lib/python3.12/site-packages/airflow/example_dags/example_task_group_decorator.py for tasks to queue
[2026-09-21T18:13:01.461+0200] {logging_mixin.py:190} INFO - [2026-09-21T18:13:01.461+0200] {dagbag.py:588} INFO - Filling up the DagBag from /Users/swarnalidatta/Desktop/AutoQueryChatbot/.airflow-venv/lib/python3.12/site-packages/airflow/example_dags/example_task_group_decorator.py
[2026-09-21T18:13:01.475+0200] {processor.py:925} INFO - DAG(s) 'example_task_group_decorator' retrieved from /Users/swarnalidatta/Desktop/AutoQueryChatbot/.airflow-venv/lib/python3.12/site-packages/airflow/example_dags/example_task_group_decorator.py
[2026-09-21T18:13:01.522+0200] {logging_mixin.py:190} INFO - [2026-09-21T18:13:01.522+0200] {dag.py:3239} INFO - Sync 1 DAGs
[2026-09-21T18:13:01.525+0200] {logging_mixin.py:190} INFO - [2026-09-21T18:13:01.525+0200] {dag.py:4180} INFO - Setting next_dagrun for example_task_group_decorator to None, run_after=None
[2026-09-21T18:13:01.530+0200] {processor.py:208} INFO - Processing /Users/swarnalidatta/Desktop/AutoQueryChatbot/.airflow-venv/lib/python3.12/site-packages/airflow/example_dags/example_task_group_decorator.py took 0.071 seconds
[2026-09-21T18:14:02.291+0200] {processor.py:186} INFO - Started process (PID=9697) to work on /Users/swarnalidatta/Desktop/AutoQueryChatbot/.airflow-venv/lib/python3.12/site-packages/airflow/example_dags/example_task_group_decorator.py
[2026-09-21T18:14:02.291+0200] {processor.py:914} INFO - Processing file /Users/swarnalidatta/Desktop/AutoQueryChatbot/.airflow-venv/lib/python3.12/site-packages/airflow/example_dags/example_task_group_decorator.py for tasks to queue
[2026-09-21T18:14:02.292+0200] {logging_mixin.py:190} INFO - [2026-09-21T18:14:02.292+0200] {dagbag.py:588} INFO - Filling up the DagBag from /Users/swarnalidatta/Desktop/AutoQueryChatbot/.airflow-venv/lib/python3.12/site-packages/airflow/example_dags/example_task_group_decorator.py
[2026-09-21T18:14:02.305+0200] {processor.py:925} INFO - DAG(s) 'example_task_group_decorator' retrieved from /Users/swarnalidatta/Desktop/AutoQueryChatbot/.airflow-venv/lib/python3.12/site-packages/airflow/example_dags/example_task_group_decorator.py
[2026-09-21T18:14:02.351+0200] {logging_mixin.py:190} INFO - [2026-09-21T18:14:02.351+0200] {dag.py:3239} INFO - Sync 1 DAGs
[2026-09-21T18:14:02.354+0200] {logging_mixin.py:190} INFO - [2026-09-21T18:14:02.354+0200] {dag.py:4180} INFO - Setting next_dagrun for example_task_group_decorator to None, run_after=None
[2026-09-21T18:14:02.359+0200] {processor.py:208} INFO - Processing /Users/swarnalidatta/Desktop/AutoQueryChatbot/.airflow-venv/lib/python3.12/site-packages/airflow/example_dags/example_task_group_decorator.py took 0.069 seconds
[2026-09-21T19:01:09.694+0200] {processor.py:186} INFO - Started process (PID=9858) to work on /Users/swarnalidatta/Desktop/AutoQueryChatbot/.airflow-venv/lib/python3.12/site-packages/airflow/example_dags/example_task_group_decorator.py
[2026-09-21T19:01:09.694+0200] {processor.py:914} INFO - Processing file /Users/swarnalidatta/Desktop/AutoQueryChatbot/.airflow-venv/lib/python3.12/site-packages/airflow/example_dags/example_task_group_decorator.py for tasks to queue
[2026-09-21T19:01:09.695+0200] {logging_mixin.py:190} INFO - [2026-09-21T19:01:09.695+0200] {dagbag.py:588} INFO - Filling up the DagBag from /Users/swarnalidatta/Desktop/AutoQueryChatbot/.airflow-venv/lib/python3.12/site-packages/airflow/example_dags/example_task_group_decorator.py
[2026-09-21T19:01:09.713+0200] {processor.py:925} INFO - DAG(s) 'example_task_group_decorator' retrieved from /Users/swarnalidatta/Desktop/AutoQueryChatbot/.airflow-venv/lib/python3.12/site-packages/airflow/example_dags/example_task_group_decorator.py
[2026-09-21T19:01:09.778+0200] {logging_mixin.py:190} INFO - [2026-09-21T19:01:09.778+0200] {dag.py:3239} INFO - Sync 1 DAGs
[2026-09-21T19:01:09.782+0200] {logging_mixin.py:190} INFO - [2026-09-21T19:01:09.782+0200] {dag.py:4180} INFO - Setting next_dagrun for example_task_group_decorator to None, run_after=None
[2026-09-21T19:01:09.788+0200] {processor.py:208} INFO - Processing /Users/swarnalidatta/Desktop/AutoQueryChatbot/.airflow-venv/lib/python3.12/site-packages/airflow/example_dags/example_task_group_decorator.py took 0.096 seconds
[2026-09-21T19:11:06.499+0200] {processor.py:186} INFO - Started process (PID=10092) to work on /Users/swarnalidatta/Desktop/AutoQueryChatbot/.airflow-venv/lib/python3.12/site-packages/airflow/example_dags/example_task_group_decorator.py
[2026-09-21T19:11:06.499+0200] {processor.py:914} INFO - Processing file /Users/swarnalidatta/Desktop/AutoQueryChatbot/.airflow-venv/lib/python3.12/site-packages/airflow/example_dags/example_task_group_decorator.py for tasks to queue
[2026-09-21T19:11:06.499+0200] {logging_mixin.py:190} INFO - [2026-09-21T19:11:06.499+0200] {dagbag.py:588} INFO - Filling up the DagBag from /Users/swarnalidatta/Desktop/AutoQueryChatbot/.airflow-venv/lib/python3.12/site-packages/airflow/example_dags/example_task_group_decorator.py
[2026-09-21T19:11:06.513+0200] {processor.py:925} INFO - DAG(s) 'example_task_group_decorator' retrieved from /Users/swarnalidatta/Desktop/AutoQueryChatbot/.airflow-venv/lib/python3.12/site-packages/airflow/example_dags/example_task_group_decorator.py
[2026-09-21T19:11:06.559+0200] {logging_mixin.py:190} INFO - [2026-09-21T19:11:06.559+0200] {dag.py:3239} INFO - Sync 1 DAGs
[2026-09-21T19:11:06.562+0200] {logging_mixin.py:190} INFO - [2026-09-21T19:11:06.562+0200] {dag.py:4180} INFO - Setting next_dagrun for example_task_group_decorator to None, run_after=None
[2026-09-21T19:11:06.567+0200] {processor.py:208} INFO - Processing /Users/swarnalidatta/Desktop/AutoQueryChatbot/.airflow-venv/lib/python3.12/site-packages/airflow/example_dags/example_task_group_decorator.py took 0.069 seconds
[2026-09-21T21:42:01.199+0200] {processor.py:186} INFO - Started process (PID=10292) to work on /Users/swarnalidatta/Desktop/AutoQueryChatbot/.airflow-venv/lib/python3.12/site-packages/airflow/example_dags/example_task_group_decorator.py
[2026-09-21T21:42:01.201+0200] {processor.py:914} INFO - Processing file /Users/swarnalidatta/Desktop/AutoQueryChatbot/.airflow-venv/lib/python3.12/site-packages/airflow/example_dags/example_task_group_decorator.py for tasks to queue
[2026-09-21T21:42:01.201+0200] {logging_mixin.py:190} INFO - [2026-09-21T21:42:01.201+0200] {dagbag.py:588} INFO - Filling up the DagBag from /Users/swarnalidatta/Desktop/AutoQueryChatbot/.airflow-venv/lib/python3.12/site-packages/airflow/example_dags/example_task_group_decorator.py
[2026-09-21T21:42:01.215+0200] {processor.py:925} INFO - DAG(s) 'example_task_group_decorator' retrieved from /Users/swarnalidatta/Desktop/AutoQueryChatbot/.airflow-venv/lib/python3.12/site-packages/airflow/example_dags/example_task_group_decorator.py
[2026-09-21T21:42:01.261+0200] {logging_mixin.py:190} INFO - [2026-09-21T21:42:01.261+0200] {dag.py:3239} INFO - Sync 1 DAGs
[2026-09-21T21:42:01.264+0200] {logging_mixin.py:190} INFO - [2026-09-21T21:42:01.264+0200] {dag.py:4180} INFO - Setting next_dagrun for example_task_group_decorator to None, run_after=None
[2026-09-21T21:42:01.269+0200] {processor.py:208} INFO - Processing /Users/swarnalidatta/Desktop/AutoQueryChatbot/.airflow-venv/lib/python3.12/site-packages/airflow/example_dags/example_task_group_decorator.py took 0.070 seconds
[2026-09-22T00:47:23.886+0200] {processor.py:186} INFO - Started process (PID=10581) to work on /Users/swarnalidatta/Desktop/AutoQueryChatbot/.airflow-venv/lib/python3.12/site-packages/airflow/example_dags/example_task_group_decorator.py
[2026-09-22T00:47:23.887+0200] {processor.py:914} INFO - Processing file /Users/swarnalidatta/Desktop/AutoQueryChatbot/.airflow-venv/lib/python3.12/site-packages/airflow/example_dags/example_task_group_decorator.py for tasks to queue
[2026-09-22T00:47:23.887+0200] {logging_mixin.py:190} INFO - [2026-09-22T00:47:23.887+0200] {dagbag.py:588} INFO - Filling up the DagBag from /Users/swarnalidatta/Desktop/AutoQueryChatbot/.airflow-venv/lib/python3.12/site-packages/airflow/example_dags/example_task_group_decorator.py
[2026-09-22T00:47:23.901+0200] {processor.py:925} INFO - DAG(s) 'example_task_group_decorator' retrieved from /Users/swarnalidatta/Desktop/AutoQueryChatbot/.airflow-venv/lib/python3.12/site-packages/airflow/example_dags/example_task_group_decorator.py
[2026-09-22T00:47:23.948+0200] {logging_mixin.py:190} INFO - [2026-09-22T00:47:23.947+0200] {dag.py:3239} INFO - Sync 1 DAGs
[2026-09-22T00:47:23.950+0200] {logging_mixin.py:190} INFO - [2026-09-22T00:47:23.950+0200] {dag.py:4180} INFO - Setting next_dagrun for example_task_group_decorator to None, run_after=None
[2026-09-22T00:47:23.955+0200] {processor.py:208} INFO - Processing /Users/swarnalidatta/Desktop/AutoQueryChatbot/.airflow-venv/lib/python3.12/site-packages/airflow/example_dags/example_task_group_decorator.py took 0.070 seconds
