[2026-09-21T02:37:53.752+0200] {processor.py:186} INFO - Started process (PID=7799) to work on /Users/swarnalidatta/Desktop/AutoQueryChatbot/.airflow-venv/lib/python3.12/site-packages/airflow/example_dags/example_subdag_operator.py
[2026-09-21T02:37:53.752+0200] {processor.py:914} INFO - Processing file /Users/swarnalidatta/Desktop/AutoQueryChatbot/.airflow-venv/lib/python3.12/site-packages/airflow/example_dags/example_subdag_operator.py for tasks to queue
[2026-09-21T02:37:53.752+0200] {logging_mixin.py:190} INFO - [2026-09-21T02:37:53.752+0200] {dagbag.py:588} INFO - Filling up the DagBag from /Users/swarnalidatta/Desktop/AutoQueryChatbot/.airflow-venv/lib/python3.12/site-packages/airflow/example_dags/example_subdag_operator.py
[2026-09-21T02:37:53.779+0200] {processor.py:925} INFO - DAG(s) 'example_subdag_operator.section-1', 'example_subdag_operator.section-2', 'example_subdag_operator' retrieved from /Users/swarnalidatta/Desktop/AutoQueryChatbot/.airflow-venv/lib/python3.12/site-packages/airflow/example_dags/example_subdag_operator.py
[2026-09-21T02:37:53.951+0200] {logging_mixin.py:190} INFO - [2026-09-21T02:37:53.951+0200] {dag.py:3239} INFO - Sync 3 DAGs
[2026-09-21T02:37:53.956+0200] {logging_mixin.py:190} INFO - [2026-09-21T02:37:53.956+0200] {dag.py:4180} INFO - Setting next_dagrun for example_subdag_operator to 2022-01-01 00:00:00+00:00, run_after=2022-01-01 00:00:00+00:00
[2026-09-21T02:37:53.957+0200] {logging_mixin.py:190} INFO - [2026-09-21T02:37:53.957+0200] {dag.py:4180} INFO - Setting next_dagrun for example_subdag_operator.section-1 to None, run_after=None
[2026-09-21T02:37:53.957+0200] {logging_mixin.py:190} INFO - [2026-09-21T02:37:53.957+0200] {dag.py:4180} INFO - Setting next_dagrun for example_subdag_operator.section-2 to None, run_after=None
[2026-09-21T02:37:53.959+0200] {logging_mixin.py:190} INFO - [2026-09-21T02:37:53.959+0200] {dag.py:3239} INFO - Sync 2 DAGs
[2026-09-21T02:37:53.960+0200] {logging_mixin.py:190} INFO - [2026-09-21T02:37:53.960+0200] {dag.py:4180} INFO - Setting next_dagrun for example_subdag_operator.section-1 to None, run_after=None
[2026-09-21T02:37:53.960+0200] {logging_mixin.py:190} INFO - [2026-09-21T02:37:53.960+0200] {dag.py:4180} INFO - Setting next_dagrun for example_subdag_operator.section-2 to None, run_after=None
[2026-09-21T02:37:53.963+0200] {processor.py:208} INFO - Processing /Users/swarnalidatta/Desktop/AutoQueryChatbot/.airflow-venv/lib/python3.12/site-packages/airflow/example_dags/example_subdag_operator.py took 0.212 seconds
[2026-09-21T06:53:03.913+0200] {processor.py:186} INFO - Started process (PID=8084) to work on /Users/swarnalidatta/Desktop/AutoQueryChatbot/.airflow-venv/lib/python3.12/site-packages/airflow/example_dags/example_subdag_operator.py
[2026-09-21T06:53:03.914+0200] {processor.py:914} INFO - Processing file /Users/swarnalidatta/Desktop/AutoQueryChatbot/.airflow-venv/lib/python3.12/site-packages/airflow/example_dags/example_subdag_operator.py for tasks to queue
[2026-09-21T06:53:03.914+0200] {logging_mixin.py:190} INFO - [2026-09-21T06:53:03.914+0200] {dagbag.py:588} INFO - Filling up the DagBag from /Users/swarnalidatta/Desktop/AutoQueryChatbot/.airflow-venv/lib/python3.12/site-packages/airflow/example_dags/example_subdag_operator.py
[2026-09-21T06:53:03.941+0200] {processor.py:925} INFO - DAG(s) 'example_subdag_operator.section-1', 'example_subdag_operator.section-2', 'example_subdag_operator' retrieved from /Users/swarnalidatta/Desktop/AutoQueryChatbot/.airflow-venv/lib/python3.12/site-packages/airflow/example_dags/example_subdag_operator.py
[2026-09-21T06:53:04.112+0200] {logging_mixin.py:190} INFO - [2026-09-21T06:53:04.112+0200] {dag.py:3239} INFO - Sync 3 DAGs
[2026-09-21T06:53:04.117+0200] {logging_mixin.py:190} INFO - [2026-09-21T06:53:04.117+0200] {dag.py:4180} INFO - Setting next_dagrun for example_subdag_operator to 2022-01-01 00:00:00+00:00, run_after=2022-01-01 00:00:00+00:00
[2026-09-21T06:53:04.118+0200] {logging_mixin.py:190} INFO - [2026-09-21T06:53:04.118+0200] {dag.py:4180} INFO - Setting next_dagrun for example_subdag_operator.section-1 to None, run_after=None
[2026-09-21T06:53:04.118+0200] {logging_mixin.py:190} INFO - [2026-09-21T06:53:04.118+0200] {dag.py:4180} INFO - Setting next_dagrun for example_subdag_operator.section-2 to None, run_after=None
[2026-09-21T06:53:04.119+0200] {logging_mixin.py:190} INFO - [2026-09-21T06:53:04.119+0200] {dag.py:3239} INFO - Sync 2 DAGs
[2026-09-21T06:53:04.120+0200] {logging_mixin.py:190} INFO - [2026-09-21T06:53:04.120+0200] {dag.py:4180} INFO - Setting next_dagrun for example_subdag_operator.section-1 to None, run_after=None
[2026-09-21T06:53:04.120+0200] {logging_mixin.py:190} INFO - [2026-09-21T06:53:04.120+0200] {dag.py:4180} INFO - Setting next_dagrun for example_subdag_operator.section-2 to None, run_after=None
[2026-09-21T06:53:04.123+0200] {processor.py:208} INFO - Processing /Users/swarnalidatta/Desktop/AutoQueryChatbot/.airflow-venv/lib/python3.12/site-packages/airflow/example_dags/example_subdag_operator.py took 0.211 seconds
[2026-09-21T10:20:03.911+0200] {processor.py:186} INFO - Started process (PID=8381) to work on /Users/swarnalidatta/Desktop/AutoQueryChatbot/.airflow-venv/lib/python3.12/site-packages/airflow/example_dags/example_subdag_operator.py
[2026-09-21T10:20:03.912+0200] {processor.py:914} INFO - Processing file /Users/swarnalidatta/Desktop/AutoQueryChatbot/.airflow-venv/lib/python3.12/site-packages/airflow/example_dags/example_subdag_operator.py for tasks to queue
[2026-09-21T10:20:03.913+0200] {logging_mixin.py:190} INFO - [2026-09-21T10:20:03.913+0200] {dagbag.py:588} INFO - Filling up the DagBag from /Users/swarnalidatta/Desktop/AutoQueryChatbot/.airflow-venv/lib/python3.12/site-packages/airflow/example_dags/example_subdag_operator.py
[2026-09-21T10:20:03.939+0200] {processor.py:925} INFO - DAG(s) 'example_subdag_operator.section-1', 'example_subdag_operator.section-2', 'example_subdag_operator' retrieved from /Users/swarnalidatta/Desktop/AutoQueryChatbot/.airflow-venv/lib/python3.12/site-packages/airflow/example_dags/example_subdag_operator.py
[2026-09-21T10:20:04.109+0200] {logging_mixin.py:190} INFO - [2026-09-21T10:20:04.109+0200] {dag.py:3239} INFO - Sync 3 DAGs
[2026-09-21T10:20:04.114+0200] {logging_mixin.py:190} INFO - [2026-09-21T10:20:04.114+0200] {dag.py:4180} INFO - Setting next_dagrun for example_subdag_operator to 2022-01-01 00:00:00+00:00, run_after=2022-01-01 00:00:00+00:00
[2026-09-21T10:20:04.115+0200] {logging_mixin.py:190} INFO - [2026-09-21T10:20:04.115+0200] {dag.py:4180} INFO - Setting next_dagrun for example_subdag_operator.section-1 to None, run_after=None
[2026-09-21T10:20:04.116+0200] {logging_mixin.py:190} INFO - [2026-09-21T10:20:04.115+0200] {dag.py:4180} INFO - Setting next_dagrun for example_subdag_operator.section-2 to None, run_after=None
[2026-09-21T10:20:04.117+0200] {logging_mixin.py:190} INFO - [2026-09-21T10:20:04.117+0200] {dag.py:3239} INFO - Sync 2 DAGs
[2026-09-21T10:20:04.118+0200] {logging_mixin.py:190} INFO - [2026-09-21T10:20:04.118+0200] {dag.py:4180} INFO - Setting next_dagrun for example_subdag_operator.section-1 to None, run_after=None
[2026-09-21T10:20:04.118+0200] {logging_mixin.py:190} INFO - [2026-09-21T10:20:04.118+0200] {dag.py:4180} INFO - Setting next_dagrun for example_subdag_operator.section-2 to None, run_after=None
[2026-09-21T10:20:04.121+0200] {processor.py:208} INFO - Processing /Users/swarnalidatta/Desktop/AutoQueryChatbot/.airflow-venv/lib/python3.12/site-packages/airflow/example_dags/example_subdag_operator.py took 0.210 seconds
[2026-09-21T13:51:17.853+0200] {processor.py:186} INFO - Started process (PID=8681) to work on /Users/swarnalidatta/Desktop/AutoQueryChatbot/.airflow-venv/lib/python3.12/site-packages/airflow/example_dags/example_subdag_operator.py
[2026-09-21T13:51:17.854+0200] {processor.py:914} INFO - Processing file /Users/swarnalidatta/Desktop/AutoQueryChatbot/.airflow-venv/lib/python3.12/site-packages/airflow/example_dags/example_subdag_operator.py for tasks to queue
[2026-09-21T13:51:17.854+0200] {logging_mixin.py:190} INFO - [2026-09-21T13:51:17.854+0200] {dagbag.py:588} INFO - Filling up the DagBag from /Users/swarnalidatta/Desktop/AutoQueryChatbot/.airflow-venv/lib/python3.12/site-packages/airflow/example_dags/example_subdag_operator.py
[2026-09-21T13:51:17.880+0200] {processor.py:925} INFO - DAG(s) 'example_subdag_operator.section-1', 'example_subdag_operator.section-2', 'example_subdag_operator' retrieved from /Users/swarnalidatta/Desktop/AutoQueryChatbot/.airflow-venv/lib/python3.12/site-packages/airflow/example_dags/example_subdag_operator.py
[2026-09-21T13:51:18.048+0200] {logging_mixin.py:190} INFO - [2026-09-21T13:51:18.048+0200] {dag.py:3239} INFO - Sync 3 DAGs
[2026-09-21T13:51:18.053+0200] {logging_mixin.py:190} INFO - [2026-09-21T13:51:18.053+0200] {dag.py:4180} INFO - Setting next_dagrun for example_subdag_operator to 2022-01-01 00:00:00+00:00, run_after=2022-01-01 00:00:00+00:00
[2026-09-21T13:51:18.054+0200] {logging_mixin.py:190} INFO - [2026-09-21T13:51:18.054+0200] {dag.py:4180} INFO - Setting next_dagrun for example_subdag_operator.section-1 to None, run_after=None
[2026-09-21T13:51:18.054+0200] {logging_mixin.py:190} INFO - [2026-09-21T13:51:18.054+0200] {dag.py:4180} INFO - Setting next_dagrun for example_subdag_operator.section-2 to None, run_after=None
[2026-09-21T13:51:18.056+0200] {logging_mixin.py:190} INFO - [2026-09-21T13:51:18.056+0200] {dag.py:3239} INFO - Sync 2 DAGs
[2026-09-21T13:51:18.057+0200] {logging_mixin.py:190} INFO - [2026-09-21T13:51:18.057+0200] {dag.py:4180} INFO - Setting next_dagrun for example_subdag_operator.section-1 to None, run_after=None
[2026-09-21T13:51:18.057+0200] {logging_mixin.py:190} INFO - [2026-09-21T13:51:18.057+0200] {dag.py:4180} INFO - Setting next_dagrun for example_subdag_operator.section-2 to None, run_after=None
[2026-09-21T13:51:18.060+0200] {processor.py:208} INFO - Processing /Users/swarnalidatta/Desktop/AutoQueryChatbot/.airflow-venv/lib/python3.12/site-packages/airflow/example_dags/example_subdag_operator.py took 0.207 seconds
[2026-09-21T13:52:46.504+0200] {processor.py:186} INFO - Started process (PID=8882) to work on /Users/swarnalidatta/Desktop/AutoQueryChatbot/.airflow-venv/lib/python3.12/site-packages/airflow/example_dags/example_subdag_operator.py
[2026-09-21T13:52:46.504+0200] {processor.py:914} INFO - Processing file /Users/swarnalidatta/Desktop/AutoQueryChatbot/.airflow-venv/lib/python3.12/site-packages/airflow/example_dags/example_subdag_operator.py for tasks to queue
[2026-09-21T13:52:46.504+0200] {logging_mixin.py:190} INFO - [2026-09-21T13:52:46.504+0200] {dagbag.py:588} INFO - Filling up the DagBag from /Users/swarnalidatta/Desktop/AutoQueryChatbot/.airflow-venv/lib/python3.12/site-packages/airflow/example_dags/example_subdag_operator.py
[2026-09-21T13:52:46.532+0200] {processor.py:925} INFO - DAG(s) 'example_subdag_operator.section-1', 'example_subdag_operator.section-2', 'example_subdag_operator' retrieved from /Users/swarnalidatta/Desktop/AutoQueryChatbot/.airflow-venv/lib/python3.12/site-packages/airflow/example_dags/example_subdag_operator.py
[2026-09-21T13:52:46.707+0200] {logging_mixin.py:190} INFO - [2026-09-21T13:52:46.707+0200] {dag.py:3239} INFO - Sync 3 DAGs
[2026-09-21T13:52:46.712+0200] {logging_mixin.py:190} INFO - [2026-09-21T13:52:46.712+0200] {dag.py:4180} INFO - Setting next_dagrun for example_subdag_operator to 2022-01-01 00:00:00+00:00, run_after=2022-01-01 00:00:00+00:00
[2026-09-21T13:52:46.713+0200] {logging_mixin.py:190} INFO - [2026-09-21T13:52:46.713+0200] {dag.py:4180} INFO - Setting next_dagrun for example_subdag_operator.section-1 to None, run_after=None
[2026-09-21T13:52:46.713+0200] {logging_mixin.py:190} INFO - [2026-09-21T13:52:46.713+0200] {dag.py:4180} INFO - Setting next_dagrun for example_subdag_operator.section-2 to None, run_after=None
[2026-09-21T13:52:46.715+0200] {logging_mixin.py:190} INFO - [2026-09-21T13:52:46.715+0200] {dag.py:3239} INFO - Sync 2 DAGs
[2026-09-21T13:52:46.716+0200] {logging_mixin.py:190} INFO - [2026-09-21T13:52:46.716+0200] {dag.py:4180} INFO - Setting next_dagrun for example_subdag_operator.section-1 to None, run_after=None
[2026-09-21T13:52:46.716+0200] {logging_mixin.py:190} INFO - [2026-09-21T13:52:46.716+0200] {dag.py:4180} INFO - Setting next_dagrun for example_subdag_operator.section-2 to None, run_after=None
[2026-09-21T13:52:46.719+0200] {processor.py:208} INFO - Processing /Users/swarnalidatta/Desktop/AutoQueryChatbot/.airflow-venv/lib/python3.12/site-packages/airflow/example_dags/example_subdag_operator.py took 0.216 seconds
[2026-09-21T14:05:44.114+0200] {processor.py:186} INFO - Started process (PID=9033) to work on /Users/swarnalidatta/Desktop/AutoQueryChatbot/.airflow-venv/lib/python3.12/site-packages/airflow/example_dags/example_subdag_operator.py
[2026-09-21T14:05:44.114+0200] {processor.py:914} INFO - Processing file /Users/swarnalidatta/Desktop/AutoQueryChatbot/.airflow-venv/lib/python3.12/site-packages/airflow/example_dags/example_subdag_operator.py for tasks to queue
[2026-09-21T14:05:44.114+0200] {logging_mixin.py:190} INFO - [2026-09-21T14:05:44.114+0200] {dagbag.py:588} INFO - Filling up the DagBag from /Users/swarnalidatta/Desktop/AutoQueryChatbot/.airflow-venv/lib/python3.12/site-packages/airflow/example_dags/example_subdag_operator.py
[2026-09-21T14:05:44.140+0200] {processor.py:925} INFO - DAG(s) 'example_subdag_operator.section-1', 'example_subdag_operator.section-2', 'example_subdag_operator' retrieved from /Users/swarnalidatta/Desktop/AutoQueryChatbot/.airflow-venv/lib/python3.12/site-packages/airflow/example_dags/example_subdag_operator.py
[2026-09-21T14:05:44.309+0200] {logging_mixin.py:190} INFO - [2026-09-21T14:05:44.308+0200] {dag.py:3239} INFO - Sync 3 DAGs
[2026-09-21T14:05:44.314+0200] {logging_mixin.py:190} INFO - [2026-09-21T14:05:44.314+0200] {dag.py:4180} INFO - Setting next_dagrun for example_subdag_operator to 2022-01-01 00:00:00+00:00, run_after=2022-01-01 00:00:00+00:00
[2026-09-21T14:05:44.314+0200] {logging_mixin.py:190} INFO - [2026-09-21T14:05:44.314+0200] {dag.py:4180} INFO - Setting next_dagrun for example_subdag_operator.section-1 to None, run_after=None
[2026-09-21T14:05:44.315+0200] {logging_mixin.py:190} INFO - [2026-09-21T14:05:44.315+0200] {dag.py:4180} INFO - Setting next_dagrun for example_subdag_operator.section-2 to None, run_after=None
[2026-09-21T14:05:44.316+0200] {logging_mixin.py:190} INFO - [2026-09-21T14:05:44.316+0200] {dag.py:3239} INFO - Sync 2 DAGs
[2026-09-21T14:05:44.317+0200] {logging_mixin.py:190} INFO - [2026-09-21T14:05:44.317+0200] {dag.py:4180} INFO - Setting next_dagrun for example_subdag_operator.section-1 to None, run_after=None
[2026-09-21T14:05:44.317+0200] {logging_mixin.py:190} INFO - [2026-09-21T14:05:44.317+0200] {dag.py:4180} INFO - Setting next_dagrun for example_subdag_operator.section-2 to None, run_after=None
[2026-09-21T14:05:44.320+0200] {processor.py:208} INFO - Processing /Users/swarnalidatta/Desktop/AutoQueryChatbot/.airflow-venv/lib/python3.12/site-packages/airflow/example_dags/example_subdag_operator.py took 0.207 seconds
[2026-09-21T16:41:32.525+0200] {processor.py:186} INFO - Started process (PID=9329) to work on /Users/swarnalidatta/Desktop/AutoQueryChatbot/.airflow-venv/lib/python3.12/site-packages/airflow/example_dags/example_subdag_operator.py
[2026-09-21T16:41:32.525+0200] {processor.py:914} INFO - Processing file /Users/swarnalidatta/Desktop/AutoQueryChatbot/.airflow-venv/lib/python3.12/site-packages/airflow/example_dags/example_subdag_operator.py for tasks to queue
[2026-09-21T16:41:32.526+0200] {logging_mixin.py:190} INFO - [2026-09-21T16:41:32.526+0200] {dagbag.py:588} INFO - Filling up the DagBag from /Users/swarnalidatta/Desktop/AutoQueryChatbot/.airflow-venv/lib/python3.12/site-packages/airflow/example_dags/example_subdag_operator.py
[2026-09-21T16:41:32.552+0200] {processor.py:925} INFO - DAG(s) 'example_subdag_operator.section-1', 'example_subdag_operator.section-2', 'example_subdag_operator' retrieved from /Users/swarnalidatta/Desktop/AutoQueryChatbot/.airflow-venv/lib/python3.12/site-packages/airflow/example_dags/example_subdag_operator.py
[2026-09-21T16:41:32.719+0200] {logging_mixin.py:190} INFO - [2026-09-21T16:41:32.718+0200] {dag.py:3239} INFO - Sync 3 DAGs
[2026-09-21T16:41:32.724+0200] {logging_mixin.py:190} INFO - [2026-09-21T16:41:32.724+0200] {dag.py:4180} INFO - Setting next_dagrun for example_subdag_operator to 2022-01-01 00:00:00+00:00, run_after=2022-01-01 00:00:00+00:00
[2026-09-21T16:41:32.724+0200] {logging_mixin.py:190} INFO - [2026-09-21T16:41:32.724+0200] {dag.py:4180} INFO - Setting next_dagrun for example_subdag_operator.section-1 to None, run_after=None
[2026-09-21T16:41:32.725+0200] {logging_mixin.py:190} INFO - [2026-09-21T16:41:32.725+0200] {dag.py:4180} INFO - Setting next_dagrun for example_subdag_operator.section-2 to None, run_after=None
[2026-09-21T16:41:32.726+0200] {logging_mixin.py:190} INFO - [2026-09-21T16:41:32.726+0200] {dag.py:3239} INFO - Sync 2 DAGs
[2026-09-21T16:41:32.727+0200] {logging_mixin.py:190} INFO - [2026-09-21T16:41:32.727+0200] {dag.py:4180} INFO - Setting next_dagrun for example_subdag_operator.section-1 to None, run_after=None
[2026-09-21T16:41:32.727+0200] {logging_mixin.py:190} INFO - [2026-09-21T16:41:32.727+0200] {dag.py:4180} INFO - Setting next_dagrun for example_subdag_operator.section-2 to None, run_after=None
[2026-09-21T16:41:32.730+0200] {processor.py:208} INFO - Processing /Users/swarnalidatta/Desktop/AutoQueryChatbot/.airflow-venv/lib/python3.12/site-packages/airflow/example_dags/example_subdag_operator.py took 0.206 seconds
[2026-09-21T18:13:04.515+0200] {processor.py:186} INFO - Started process (PID=9566) to work on /Users/swarnalidatta/Desktop/AutoQueryChatbot/.airflow-venv/lib/python3.12/site-packages/airflow/example_dags/example_subdag_operator.py
[2026-09-21T18:13:04.516+0200] {processor.py:914} INFO - Processing file /Users/swarnalidatta/Desktop/AutoQueryChatbot/.airflow-venv/lib/python3.12/site-packages/airflow/example_dags/example_subdag_operator.py for tasks to queue
[2026-09-21T18:13:04.516+0200] {logging_mixin.py:190} INFO - [2026-09-21T18:13:04.516+0200] {dagbag.py:588} INFO - Filling up the DagBag from /Users/swarnalidatta/Desktop/AutoQueryChatbot/.airflow-venv/lib/python3.12/site-packages/airflow/example_dags/example_subdag_operator.py
[2026-09-21T18:13:04.543+0200] {processor.py:925} INFO - DAG(s) 'example_subdag_operator.section-1', 'example_subdag_operator.section-2', 'example_subdag_operator' retrieved from /Users/swarnalidatta/Desktop/AutoQueryChatbot/.airflow-venv/lib/python3.12/site-packages/airflow/example_dags/example_subdag_operator.py
[2026-09-21T18:13:04.713+0200] {logging_mixin.py:190} INFO - [2026-09-21T18:13:04.713+0200] {dag.py:3239} INFO - Sync 3 DAGs
[2026-09-21T18:13:04.719+0200] {logging_mixin.py:190} INFO - [2026-09-21T18:13:04.719+0200] {dag.py:4180} INFO - Setting next_dagrun for example_subdag_operator to 2022-01-01 00:00:00+00:00, run_after=2022-01-01 00:00:00+00:00
[2026-09-21T18:13:04.720+0200] {logging_mixin.py:190} INFO - [2026-09-21T18:13:04.720+0200] {dag.py:4180} INFO - Setting next_dagrun for example_subdag_operator.section-1 to None, run_after=None
[2026-09-21T18:13:04.720+0200] {logging_mixin.py:190} INFO - [2026-09-21T18:13:04.720+0200] {dag.py:4180} INFO - Setting next_dagrun for example_subdag_operator.section-2 to None, run_after=None
[2026-09-21T18:13:04.721+0200] {logging_mixin.py:190} INFO - [2026-09-21T18:13:04.721+0200] {dag.py:3239} INFO - Sync 2 DAGs
[2026-09-21T18:13:04.722+0200] {logging_mixin.py:190} INFO - [2026-09-21T18:13:04.722+0200] {dag.py:4180} INFO - Setting next_dagrun for example_subdag_operator.section-1 to None, run_after=None
[2026-09-21T18:13:04.722+0200] {logging_mixin.py:190} INFO - [2026-09-21T18:13:04.722+0200] {dag.py:4180} INFO - Setting next_dagrun for example_subdag_operator.section-2 to None, run_after=None
[2026-09-21T18:13:04.725+0200] {processor.py:208} INFO - Processing /Users/swarnalidatta/Desktop/AutoQueryChatbot/.airflow-venv/lib/python3.12/site-packages/airflow/example_dags/example_subdag_operator.py took 0.211 seconds
[2026-09-21T19:01:13.278+0200] {processor.py:186} INFO - Started process (PID=9866) to work on /Users/swarnalidatta/Desktop/AutoQueryChatbot/.airflow-venv/lib/python3.12/site-packages/airflow/example_dags/example_subdag_operator.py
[2026-09-21T19:01:13.278+0200] {processor.py:914} INFO - Processing file /Users/swarnalidatta/Desktop/AutoQueryChatbot/.airflow-venv/lib/python3.12/site-packages/airflow/example_dags/example_subdag_operator.py for tasks to queue
[2026-09-21T19:01:13.279+0200] {logging_mixin.py:190} INFO - [2026-09-21T19:01:13.278+0200] {dagbag.py:588} INFO - Filling up the DagBag from /Users/swarnalidatta/Desktop/AutoQueryChatbot/.airflow-venv/lib/python3.12/site-packages/airflow/example_dags/example_subdag_operator.py
[2026-09-21T19:01:13.307+0200] {processor.py:925} INFO - DAG(s) 'example_subdag_operator.section-1', 'example_subdag_operator.section-2', 'example_subdag_operator' retrieved from /Users/swarnalidatta/Desktop/AutoQueryChatbot/.airflow-venv/lib/python3.12/site-packages/airflow/example_dags/example_subdag_operator.py
[2026-09-21T19:01:13.490+0200] {logging_mixin.py:190} INFO - [2026-09-21T19:01:13.490+0200] {dag.py:3239} INFO - Sync 3 DAGs
[2026-09-21T19:01:13.496+0200] {logging_mixin.py:190} INFO - [2026-09-21T19:01:13.495+0200] {dag.py:4180} INFO - Setting next_dagrun for example_subdag_operator to 2022-01-01 00:00:00+00:00, run_after=2022-01-01 00:00:00+00:00
[2026-09-21T19:01:13.496+0200] {logging_mixin.py:190} INFO - [2026-09-21T19:01:13.496+0200] {dag.py:4180} INFO - Setting next_dagrun for example_subdag_operator.section-1 to None, run_after=None
[2026-09-21T19:01:13.497+0200] {logging_mixin.py:190} INFO - [2026-09-21T19:01:13.497+0200] {dag.py:4180} INFO - Setting next_dagrun for example_subdag_operator.section-2 to None, run_after=None
[2026-09-21T19:01:13.498+0200] {logging_mixin.py:190} INFO - [2026-09-21T19:01:13.498+0200] {dag.py:3239} INFO - Sync 2 DAGs
[2026-09-21T19:01:13.499+0200] {logging_mixin.py:190} INFO - [2026-09-21T19:01:13.499+0200] {dag.py:4180} INFO - Setting next_dagrun for example_subdag_operator.section-1 to None, run_after=None
[2026-09-21T19:01:13.499+0200] {logging_mixin.py:190} INFO - [2026-09-21T19:01:13.499+0200] {dag.py:4180} INFO - Setting next_dagrun for example_subdag_operator.section-2 to None, run_after=None
[2026-09-21T19:01:13.503+0200] {processor.py:208} INFO - Processing /Users/swarnalidatta/Desktop/AutoQueryChatbot/.airflow-venv/lib/python3.12/site-packages/airflow/example_dags/example_subdag_operator.py took 0.226 seconds
[2026-09-21T19:27:47.322+0200] {processor.py:186} INFO - Started process (PID=10102) to work on /Users/swarnalidatta/Desktop/AutoQueryChatbot/.airflow-venv/lib/python3.12/site-packages/airflow/example_dags/example_subdag_operator.py
[2026-09-21T19:27:47.322+0200] {processor.py:914} INFO - Processing file /Users/swarnalidatta/Desktop/AutoQueryChatbot/.airflow-venv/lib/python3.12/site-packages/airflow/example_dags/example_subdag_operator.py for tasks to queue
[2026-09-21T19:27:47.323+0200] {logging_mixin.py:190} INFO - [2026-09-21T19:27:47.323+0200] {dagbag.py:588} INFO - Filling up the DagBag from /Users/swarnalidatta/Desktop/AutoQueryChatbot/.airflow-venv/lib/python3.12/site-packages/airflow/example_dags/example_subdag_operator.py
[2026-09-21T19:27:47.349+0200] {processor.py:925} INFO - DAG(s) 'example_subdag_operator.section-1', 'example_subdag_operator.section-2', 'example_subdag_operator' retrieved from /Users/swarnalidatta/Desktop/AutoQueryChatbot/.airflow-venv/lib/python3.12/site-packages/airflow/example_dags/example_subdag_operator.py
[2026-09-21T19:27:47.519+0200] {logging_mixin.py:190} INFO - [2026-09-21T19:27:47.519+0200] {dag.py:3239} INFO - Sync 3 DAGs
[2026-09-21T19:27:47.524+0200] {logging_mixin.py:190} INFO - [2026-09-21T19:27:47.524+0200] {dag.py:4180} INFO - Setting next_dagrun for example_subdag_operator to 2022-01-01 00:00:00+00:00, run_after=2022-01-01 00:00:00+00:00
[2026-09-21T19:27:47.525+0200] {logging_mixin.py:190} INFO - [2026-09-21T19:27:47.525+0200] {dag.py:4180} INFO - Setting next_dagrun for example_subdag_operator.section-1 to None, run_after=None
[2026-09-21T19:27:47.525+0200] {logging_mixin.py:190} INFO - [2026-09-21T19:27:47.525+0200] {dag.py:4180} INFO - Setting next_dagrun for example_subdag_operator.section-2 to None, run_after=None
[2026-09-21T19:27:47.527+0200] {logging_mixin.py:190} INFO - [2026-09-21T19:27:47.527+0200] {dag.py:3239} INFO - Sync 2 DAGs
[2026-09-21T19:27:47.528+0200] {logging_mixin.py:190} INFO - [2026-09-21T19:27:47.527+0200] {dag.py:4180} INFO - Setting next_dagrun for example_subdag_operator.section-1 to None, run_after=None
[2026-09-21T19:27:47.528+0200] {logging_mixin.py:190} INFO - [2026-09-21T19:27:47.528+0200] {dag.py:4180} INFO - Setting next_dagrun for example_subdag_operator.section-2 to None, run_after=None
[2026-09-21T19:27:47.531+0200] {processor.py:208} INFO - Processing /Users/swarnalidatta/Desktop/AutoQueryChatbot/.airflow-venv/lib/python3.12/site-packages/airflow/example_dags/example_subdag_operator.py took 0.210 seconds
[2026-09-21T21:45:18.038+0200] {processor.py:186} INFO - Started process (PID=10297) to work on /Users/swarnalidatta/Desktop/AutoQueryChatbot/.airflow-venv/lib/python3.12/site-packages/airflow/example_dags/example_subdag_operator.py
[2026-09-21T21:45:18.040+0200] {processor.py:914} INFO - Processing file /Users/swarnalidatta/Desktop/AutoQueryChatbot/.airflow-venv/lib/python3.12/site-packages/airflow/example_dags/example_subdag_operator.py for tasks to queue
[2026-09-21T21:45:18.040+0200] {logging_mixin.py:190} INFO - [2026-09-21T21:45:18.040+0200] {dagbag.py:588} INFO - Filling up the DagBag from /Users/swarnalidatta/Desktop/AutoQueryChatbot/.airflow-venv/lib/python3.12/site-packages/airflow/example_dags/example_subdag_operator.py
[2026-09-21T21:45:18.066+0200] {processor.py:925} INFO - DAG(s) 'example_subdag_operator.section-1', 'example_subdag_operator.section-2', 'example_subdag_operator' retrieved from /Users/swarnalidatta/Desktop/AutoQueryChatbot/.airflow-venv/lib/python3.12/site-packages/airflow/example_dags/example_subdag_operator.py
[2026-09-21T21:45:18.238+0200] {logging_mixin.py:190} INFO - [2026-09-21T21:45:18.238+0200] {dag.py:3239} INFO - Sync 3 DAGs
[2026-09-21T21:45:18.243+0200] {logging_mixin.py:190} INFO - [2026-09-21T21:45:18.243+0200] {dag.py:4180} INFO - Setting next_dagrun for example_subdag_operator to 2022-01-01 00:00:00+00:00, run_after=2022-01-01 00:00:00+00:00
[2026-09-21T21:45:18.244+0200] {logging_mixin.py:190} INFO - [2026-09-21T21:45:18.244+0200] {dag.py:4180} INFO - Setting next_dagrun for example_subdag_operator.section-1 to None, run_after=None
[2026-09-21T21:45:18.244+0200] {logging_mixin.py:190} INFO - [2026-09-21T21:45:18.244+0200] {dag.py:4180} INFO - Setting next_dagrun for example_subdag_operator.section-2 to None, run_after=None
[2026-09-21T21:45:18.246+0200] {logging_mixin.py:190} INFO - [2026-09-21T21:45:18.246+0200] {dag.py:3239} INFO - Sync 2 DAGs
[2026-09-21T21:45:18.247+0200] {logging_mixin.py:190} INFO - [2026-09-21T21:45:18.247+0200] {dag.py:4180} INFO - Setting next_dagrun for example_subdag_operator.section-1 to None, run_after=None
[2026-09-21T21:45:18.247+0200] {logging_mixin.py:190} INFO - [2026-09-21T21:45:18.247+0200] {dag.py:4180} INFO - Setting next_dagrun for example_subdag_operator.section-2 to None, run_after=None
[2026-09-21T21:45:18.250+0200] {processor.py:208} INFO - Processing /Users/swarnalidatta/Desktop/AutoQueryChatbot/.airflow-venv/lib/python3.12/site-packages/airflow/example_dags/example_subdag_operator.py took 0.213 seconds
[2026-09-22T00:47:27.275+0200] {processor.py:186} INFO - Started process (PID=10590) to work on /Users/swarnalidatta/Desktop/AutoQueryChatbot/.airflow-venv/lib/python3.12/site-packages/airflow/example_dags/example_subdag_operator.py
[2026-09-22T00:47:27.276+0200] {processor.py:914} INFO - Processing file /Users/swarnalidatta/Desktop/AutoQueryChatbot/.airflow-venv/lib/python3.12/site-packages/airflow/example_dags/example_subdag_operator.py for tasks to queue
[2026-09-22T00:47:27.276+0200] {logging_mixin.py:190} INFO - [2026-09-22T00:47:27.276+0200] {dagbag.py:588} INFO - Filling up the DagBag from /Users/swarnalidatta/Desktop/AutoQueryChatbot/.airflow-venv/lib/python3.12/site-packages/airflow/example_dags/example_subdag_operator.py
[2026-09-22T00:47:27.302+0200] {processor.py:925} INFO - DAG(s) 'example_subdag_operator.section-1', 'example_subdag_operator.section-2', 'example_subdag_operator' retrieved from /Users/swarnalidatta/Desktop/AutoQueryChatbot/.airflow-venv/lib/python3.12/site-packages/airflow/example_dags/example_subdag_operator.py
[2026-09-22T00:47:27.469+0200] {logging_mixin.py:190} INFO - [2026-09-22T00:47:27.469+0200] {dag.py:3239} INFO - Sync 3 DAGs
[2026-09-22T00:47:27.474+0200] {logging_mixin.py:190} INFO - [2026-09-22T00:47:27.474+0200] {dag.py:4180} INFO - Setting next_dagrun for example_subdag_operator to 2022-01-01 00:00:00+00:00, run_after=2022-01-01 00:00:00+00:00
[2026-09-22T00:47:27.475+0200] {logging_mixin.py:190} INFO - [2026-09-22T00:47:27.475+0200] {dag.py:4180} INFO - Setting next_dagrun for example_subdag_operator.section-1 to None, run_after=None
[2026-09-22T00:47:27.475+0200] {logging_mixin.py:190} INFO - [2026-09-22T00:47:27.475+0200] {dag.py:4180} INFO - Setting next_dagrun for example_subdag_operator.section-2 to None, run_after=None
[2026-09-22T00:47:27.476+0200] {logging_mixin.py:190} INFO - [2026-09-22T00:47:27.476+0200] {dag.py:3239} INFO - Sync 2 DAGs
[2026-09-22T00:47:27.477+0200] {logging_mixin.py:190} INFO - [2026-09-22T00:47:27.477+0200] {dag.py:4180} INFO - Setting next_dagrun for example_subdag_operator.section-1 to None, run_after=None
[2026-09-22T00:47:27.477+0200] {logging_mixin.py:190} INFO - [2026-09-22T00:47:27.477+0200] {dag.py:4180} INFO - Setting next_dagrun for example_subdag_operator.section-2 to None, run_after=None
[2026-09-22T00:47:27.480+0200] {processor.py:208} INFO - Processing /Users/swarnalidatta/Desktop/AutoQueryChatbot/.airflow-venv/lib/python3.12/site-packages/airflow/example_dags/example_subdag_operator.py took 0.207 seconds
