[2026-09-21T09:03:01.180+0200] {processor.py:186} INFO - Started process (PID=8250) to work on /Users/swarnalidatta/Desktop/AutoQueryChatbot/.airflow-venv/lib/python3.12/site-packages/airflow/example_dags/example_branch_python_dop_operator_3.py
[2026-09-21T09:03:01.180+0200] {processor.py:914} INFO - Processing file /Users/swarnalidatta/Desktop/AutoQueryChatbot/.airflow-venv/lib/python3.12/site-packages/airflow/example_dags/example_branch_python_dop_operator_3.py for tasks to queue
[2026-09-21T09:03:01.181+0200] {logging_mixin.py:190} INFO - [2026-09-21T09:03:01.181+0200] {dagbag.py:588} INFO - Filling up the DagBag from /Users/swarnalidatta/Desktop/AutoQueryChatbot/.airflow-venv/lib/python3.12/site-packages/airflow/example_dags/example_branch_python_dop_operator_3.py
[2026-09-21T09:03:01.193+0200] {processor.py:925} INFO - DAG(s) 'example_branch_dop_operator_v3' retrieved from /Users/swarnalidatta/Desktop/AutoQueryChatbot/.airflow-venv/lib/python3.12/site-packages/airflow/example_dags/example_branch_python_dop_operator_3.py
[2026-09-21T09:03:01.218+0200] {logging_mixin.py:190} INFO - [2026-09-21T09:03:01.218+0200] {dag.py:3239} INFO - Sync 1 DAGs
[2026-09-21T09:03:01.244+0200] {logging_mixin.py:190} INFO - [2026-09-21T09:03:01.244+0200] {dag.py:4180} INFO - Setting next_dagrun for example_branch_dop_operator_v3 to 2026-09-21 07:02:00+00:00, run_after=2026-09-21 07:03:00+00:00
[2026-09-21T09:03:01.249+0200] {processor.py:208} INFO - Processing /Users/swarnalidatta/Desktop/AutoQueryChatbot/.airflow-venv/lib/python3.12/site-packages/airflow/example_dags/example_branch_python_dop_operator_3.py took 0.070 seconds
[2026-09-21T12:06:06.827+0200] {processor.py:186} INFO - Started process (PID=8536) to work on /Users/swarnalidatta/Desktop/AutoQueryChatbot/.airflow-venv/lib/python3.12/site-packages/airflow/example_dags/example_branch_python_dop_operator_3.py
[2026-09-21T12:06:06.827+0200] {processor.py:914} INFO - Processing file /Users/swarnalidatta/Desktop/AutoQueryChatbot/.airflow-venv/lib/python3.12/site-packages/airflow/example_dags/example_branch_python_dop_operator_3.py for tasks to queue
[2026-09-21T12:06:06.827+0200] {logging_mixin.py:190} INFO - [2026-09-21T12:06:06.827+0200] {dagbag.py:588} INFO - Filling up the DagBag from /Users/swarnalidatta/Desktop/AutoQueryChatbot/.airflow-venv/lib/python3.12/site-packages/airflow/example_dags/example_branch_python_dop_operator_3.py
[2026-09-21T12:06:06.840+0200] {processor.py:925} INFO - DAG(s) 'example_branch_dop_operator_v3' retrieved from /Users/swarnalidatta/Desktop/AutoQueryChatbot/.airflow-venv/lib/python3.12/site-packages/airflow/example_dags/example_branch_python_dop_operator_3.py
[2026-09-21T12:06:06.867+0200] {logging_mixin.py:190} INFO - [2026-09-21T12:06:06.866+0200] {dag.py:3239} INFO - Sync 1 DAGs
[2026-09-21T12:06:06.892+0200] {logging_mixin.py:190} INFO - [2026-09-21T12:06:06.892+0200] {dag.py:4180} INFO - Setting next_dagrun for example_branch_dop_operator_v3 to 2026-09-21 10:05:00+00:00, run_after=2026-09-21 10:06:00+00:00
[2026-09-21T12:06:06.897+0200] {processor.py:208} INFO - Processing /Users/swarnalidatta/Desktop/AutoQueryChatbot/.airflow-venv/lib/python3.12/site-packages/airflow/example_dags/example_branch_python_dop_operator_3.py took 0.071 seconds
[2026-09-21T13:52:06.173+0200] {processor.py:186} INFO - Started process (PID=8789) to work on /Users/swarnalidatta/Desktop/AutoQueryChatbot/.airflow-venv/lib/python3.12/site-packages/airflow/example_dags/example_branch_python_dop_operator_3.py
[2026-09-21T13:52:06.173+0200] {processor.py:914} INFO - Processing file /Users/swarnalidatta/Desktop/AutoQueryChatbot/.airflow-venv/lib/python3.12/site-packages/airflow/example_dags/example_branch_python_dop_operator_3.py for tasks to queue
[2026-09-21T13:52:06.173+0200] {logging_mixin.py:190} INFO - [2026-09-21T13:52:06.173+0200] {dagbag.py:588} INFO - Filling up the DagBag from /Users/swarnalidatta/Desktop/AutoQueryChatbot/.airflow-venv/lib/python3.12/site-packages/airflow/example_dags/example_branch_python_dop_operator_3.py
[2026-09-21T13:52:06.186+0200] {processor.py:925} INFO - DAG(s) 'example_branch_dop_operator_v3' retrieved from /Users/swarnalidatta/Desktop/AutoQueryChatbot/.airflow-venv/lib/python3.12/site-packages/airflow/example_dags/example_branch_python_dop_operator_3.py
[2026-09-21T13:52:06.212+0200] {logging_mixin.py:190} INFO - [2026-09-21T13:52:06.211+0200] {dag.py:3239} INFO - Sync 1 DAGs
[2026-09-21T13:52:06.237+0200] {logging_mixin.py:190} INFO - [2026-09-21T13:52:06.237+0200] {dag.py:4180} INFO - Setting next_dagrun for example_branch_dop_operator_v3 to 2026-09-21 11:51:00+00:00, run_after=2026-09-21 11:52:00+00:00
[2026-09-21T13:52:06.242+0200] {processor.py:208} INFO - Processing /Users/swarnalidatta/Desktop/AutoQueryChatbot/.airflow-venv/lib/python3.12/site-packages/airflow/example_dags/example_branch_python_dop_operator_3.py took 0.071 seconds
[2026-09-21T15:09:06.783+0200] {processor.py:186} INFO - Started process (PID=9186) to work on /Users/swarnalidatta/Desktop/AutoQueryChatbot/.airflow-venv/lib/python3.12/site-packages/airflow/example_dags/example_branch_python_dop_operator_3.py
[2026-09-21T15:09:06.784+0200] {processor.py:914} INFO - Processing file /Users/swarnalidatta/Desktop/AutoQueryChatbot/.airflow-venv/lib/python3.12/site-packages/airflow/example_dags/example_branch_python_dop_operator_3.py for tasks to queue
[2026-09-21T15:09:06.784+0200] {logging_mixin.py:190} INFO - [2026-09-21T15:09:06.784+0200] {dagbag.py:588} INFO - Filling up the DagBag from /Users/swarnalidatta/Desktop/AutoQueryChatbot/.airflow-venv/lib/python3.12/site-packages/airflow/example_dags/example_branch_python_dop_operator_3.py
[2026-09-21T15:09:06.799+0200] {processor.py:925} INFO - DAG(s) 'example_branch_dop_operator_v3' retrieved from /Users/swarnalidatta/Desktop/AutoQueryChatbot/.airflow-venv/lib/python3.12/site-packages/airflow/example_dags/example_branch_python_dop_operator_3.py
[2026-09-21T15:09:06.826+0200] {logging_mixin.py:190} INFO - [2026-09-21T15:09:06.826+0200] {dag.py:3239} INFO - Sync 1 DAGs
[2026-09-21T15:09:06.857+0200] {logging_mixin.py:190} INFO - [2026-09-21T15:09:06.857+0200] {dag.py:4180} INFO - Setting next_dagrun for example_branch_dop_operator_v3 to 2026-09-21 13:08:00+00:00, run_after=2026-09-21 13:09:00+00:00
[2026-09-21T15:09:06.862+0200] {processor.py:208} INFO - Processing /Users/swarnalidatta/Desktop/AutoQueryChatbot/.airflow-venv/lib/python3.12/site-packages/airflow/example_dags/example_branch_python_dop_operator_3.py took 0.080 seconds
[2026-09-21T18:12:22.380+0200] {processor.py:186} INFO - Started process (PID=9471) to work on /Users/swarnalidatta/Desktop/AutoQueryChatbot/.airflow-venv/lib/python3.12/site-packages/airflow/example_dags/example_branch_python_dop_operator_3.py
[2026-09-21T18:12:22.381+0200] {processor.py:914} INFO - Processing file /Users/swarnalidatta/Desktop/AutoQueryChatbot/.airflow-venv/lib/python3.12/site-packages/airflow/example_dags/example_branch_python_dop_operator_3.py for tasks to queue
[2026-09-21T18:12:22.381+0200] {logging_mixin.py:190} INFO - [2026-09-21T18:12:22.381+0200] {dagbag.py:588} INFO - Filling up the DagBag from /Users/swarnalidatta/Desktop/AutoQueryChatbot/.airflow-venv/lib/python3.12/site-packages/airflow/example_dags/example_branch_python_dop_operator_3.py
[2026-09-21T18:12:22.394+0200] {processor.py:925} INFO - DAG(s) 'example_branch_dop_operator_v3' retrieved from /Users/swarnalidatta/Desktop/AutoQueryChatbot/.airflow-venv/lib/python3.12/site-packages/airflow/example_dags/example_branch_python_dop_operator_3.py
[2026-09-21T18:12:22.420+0200] {logging_mixin.py:190} INFO - [2026-09-21T18:12:22.419+0200] {dag.py:3239} INFO - Sync 1 DAGs
[2026-09-21T18:12:22.445+0200] {logging_mixin.py:190} INFO - [2026-09-21T18:12:22.445+0200] {dag.py:4180} INFO - Setting next_dagrun for example_branch_dop_operator_v3 to 2026-09-21 16:11:00+00:00, run_after=2026-09-21 16:12:00+00:00
[2026-09-21T18:12:22.451+0200] {processor.py:208} INFO - Processing /Users/swarnalidatta/Desktop/AutoQueryChatbot/.airflow-venv/lib/python3.12/site-packages/airflow/example_dags/example_branch_python_dop_operator_3.py took 0.072 seconds
[2026-09-21T18:30:27.662+0200] {processor.py:186} INFO - Started process (PID=9754) to work on /Users/swarnalidatta/Desktop/AutoQueryChatbot/.airflow-venv/lib/python3.12/site-packages/airflow/example_dags/example_branch_python_dop_operator_3.py
[2026-09-21T18:30:27.663+0200] {processor.py:914} INFO - Processing file /Users/swarnalidatta/Desktop/AutoQueryChatbot/.airflow-venv/lib/python3.12/site-packages/airflow/example_dags/example_branch_python_dop_operator_3.py for tasks to queue
[2026-09-21T18:30:27.663+0200] {logging_mixin.py:190} INFO - [2026-09-21T18:30:27.663+0200] {dagbag.py:588} INFO - Filling up the DagBag from /Users/swarnalidatta/Desktop/AutoQueryChatbot/.airflow-venv/lib/python3.12/site-packages/airflow/example_dags/example_branch_python_dop_operator_3.py
[2026-09-21T18:30:27.675+0200] {processor.py:925} INFO - DAG(s) 'example_branch_dop_operator_v3' retrieved from /Users/swarnalidatta/Desktop/AutoQueryChatbot/.airflow-venv/lib/python3.12/site-packages/airflow/example_dags/example_branch_python_dop_operator_3.py
[2026-09-21T18:30:27.700+0200] {logging_mixin.py:190} INFO - [2026-09-21T18:30:27.700+0200] {dag.py:3239} INFO - Sync 1 DAGs
[2026-09-21T18:30:27.725+0200] {logging_mixin.py:190} INFO - [2026-09-21T18:30:27.725+0200] {dag.py:4180} INFO - Setting next_dagrun for example_branch_dop_operator_v3 to 2026-09-21 16:29:00+00:00, run_after=2026-09-21 16:30:00+00:00
[2026-09-21T18:30:27.730+0200] {processor.py:208} INFO - Processing /Users/swarnalidatta/Desktop/AutoQueryChatbot/.airflow-venv/lib/python3.12/site-packages/airflow/example_dags/example_branch_python_dop_operator_3.py took 0.069 seconds
[2026-09-21T19:10:32.008+0200] {processor.py:186} INFO - Started process (PID=10015) to work on /Users/swarnalidatta/Desktop/AutoQueryChatbot/.airflow-venv/lib/python3.12/site-packages/airflow/example_dags/example_branch_python_dop_operator_3.py
[2026-09-21T19:10:32.009+0200] {processor.py:914} INFO - Processing file /Users/swarnalidatta/Desktop/AutoQueryChatbot/.airflow-venv/lib/python3.12/site-packages/airflow/example_dags/example_branch_python_dop_operator_3.py for tasks to queue
[2026-09-21T19:10:32.009+0200] {logging_mixin.py:190} INFO - [2026-09-21T19:10:32.009+0200] {dagbag.py:588} INFO - Filling up the DagBag from /Users/swarnalidatta/Desktop/AutoQueryChatbot/.airflow-venv/lib/python3.12/site-packages/airflow/example_dags/example_branch_python_dop_operator_3.py
[2026-09-21T19:10:32.022+0200] {processor.py:925} INFO - DAG(s) 'example_branch_dop_operator_v3' retrieved from /Users/swarnalidatta/Desktop/AutoQueryChatbot/.airflow-venv/lib/python3.12/site-packages/airflow/example_dags/example_branch_python_dop_operator_3.py
[2026-09-21T19:10:32.047+0200] {logging_mixin.py:190} INFO - [2026-09-21T19:10:32.046+0200] {dag.py:3239} INFO - Sync 1 DAGs
[2026-09-21T19:10:32.073+0200] {logging_mixin.py:190} INFO - [2026-09-21T19:10:32.073+0200] {dag.py:4180} INFO - Setting next_dagrun for example_branch_dop_operator_v3 to 2026-09-21 17:09:00+00:00, run_after=2026-09-21 17:10:00+00:00
[2026-09-21T19:10:32.078+0200] {processor.py:208} INFO - Processing /Users/swarnalidatta/Desktop/AutoQueryChatbot/.airflow-venv/lib/python3.12/site-packages/airflow/example_dags/example_branch_python_dop_operator_3.py took 0.070 seconds
[2026-09-21T23:30:03.483+0200] {processor.py:186} INFO - Started process (PID=10455) to work on /Users/swarnalidatta/Desktop/AutoQueryChatbot/.airflow-venv/lib/python3.12/site-packages/airflow/example_dags/example_branch_python_dop_operator_3.py
[2026-09-21T23:30:03.484+0200] {processor.py:914} INFO - Processing file /Users/swarnalidatta/Desktop/AutoQueryChatbot/.airflow-venv/lib/python3.12/site-packages/airflow/example_dags/example_branch_python_dop_operator_3.py for tasks to queue
[2026-09-21T23:30:03.484+0200] {logging_mixin.py:190} INFO - [2026-09-21T23:30:03.484+0200] {dagbag.py:588} INFO - Filling up the DagBag from /Users/swarnalidatta/Desktop/AutoQueryChatbot/.airflow-venv/lib/python3.12/site-packages/airflow/example_dags/example_branch_python_dop_operator_3.py
[2026-09-21T23:30:03.497+0200] {processor.py:925} INFO - DAG(s) 'example_branch_dop_operator_v3' retrieved from /Users/swarnalidatta/Desktop/AutoQueryChatbot/.airflow-venv/lib/python3.12/site-packages/airflow/example_dags/example_branch_python_dop_operator_3.py
[2026-09-21T23:30:03.522+0200] {logging_mixin.py:190} INFO - [2026-09-21T23:30:03.522+0200] {dag.py:3239} INFO - Sync 1 DAGs
[2026-09-21T23:30:03.549+0200] {logging_mixin.py:190} INFO - [2026-09-21T23:30:03.548+0200] {dag.py:4180} INFO - Setting next_dagrun for example_branch_dop_operator_v3 to 2026-09-21 21:29:00+00:00, run_after=2026-09-21 21:30:00+00:00
[2026-09-21T23:30:03.553+0200] {processor.py:208} INFO - Processing /Users/swarnalidatta/Desktop/AutoQueryChatbot/.airflow-venv/lib/python3.12/site-packages/airflow/example_dags/example_branch_python_dop_operator_3.py took 0.071 seconds
