[2026-09-21T04:35:22.795+0200] {processor.py:186} INFO - Started process (PID=7919) to work on /Users/swarnalidatta/Desktop/AutoQueryChatbot/.airflow-venv/lib/python3.12/site-packages/airflow/example_dags/example_datasets.py
[2026-09-21T04:35:22.795+0200] {processor.py:914} INFO - Processing file /Users/swarnalidatta/Desktop/AutoQueryChatbot/.airflow-venv/lib/python3.12/site-packages/airflow/example_dags/example_datasets.py for tasks to queue
[2026-09-21T04:35:22.796+0200] {logging_mixin.py:190} INFO - [2026-09-21T04:35:22.796+0200] {dagbag.py:588} INFO - Filling up the DagBag from /Users/swarnalidatta/Desktop/AutoQueryChatbot/.airflow-venv/lib/python3.12/site-packages/airflow/example_dags/example_datasets.py
[2026-09-21T04:35:22.809+0200] {processor.py:925} INFO - DAG(s) 'dataset_produces_1', 'conditional_dataset_and_time_based_timetable', 'consume_1_and_2_with_dataset_expressions', 'consume_1_or_2_with_dataset_expressions', 'consume_1_or_both_2_and_3_with_dataset_expressions', 'dataset_consumes_unknown_never_scheduled', 'dataset_consumes_1_never_scheduled', 'dataset_produces_2', 'dataset_consumes_1', 'dataset_consumes_1_and_2' retrieved from /Users/swarnalidatta/Desktop/AutoQueryChatbot/.airflow-venv/lib/python3.12/site-packages/airflow/example_dags/example_datasets.py
[2026-09-21T04:35:22.838+0200] {logging_mixin.py:190} INFO - [2026-09-21T04:35:22.838+0200] {dag.py:3239} INFO - Sync 10 DAGs
[2026-09-21T04:35:22.864+0200] {logging_mixin.py:190} INFO - [2026-09-21T04:35:22.864+0200] {dag.py:4180} INFO - Setting next_dagrun for conditional_dataset_and_time_based_timetable to 2026-09-16 01:00:00+00:00, run_after=2026-09-16 01:00:00+00:00
[2026-09-21T04:35:22.865+0200] {logging_mixin.py:190} INFO - [2026-09-21T04:35:22.865+0200] {dag.py:4180} INFO - Setting next_dagrun for consume_1_and_2_with_dataset_expressions to None, run_after=None
[2026-09-21T04:35:22.865+0200] {logging_mixin.py:190} INFO - [2026-09-21T04:35:22.865+0200] {dag.py:4180} INFO - Setting next_dagrun for consume_1_or_2_with_dataset_expressions to None, run_after=None
[2026-09-21T04:35:22.865+0200] {logging_mixin.py:190} INFO - [2026-09-21T04:35:22.865+0200] {dag.py:4180} INFO - Setting next_dagrun for consume_1_or_both_2_and_3_with_dataset_expressions to None, run_after=None
[2026-09-21T04:35:22.866+0200] {logging_mixin.py:190} INFO - [2026-09-21T04:35:22.866+0200] {dag.py:4180} INFO - Setting next_dagrun for dataset_consumes_1 to None, run_after=None
[2026-09-21T04:35:22.866+0200] {logging_mixin.py:190} INFO - [2026-09-21T04:35:22.866+0200] {dag.py:4180} INFO - Setting next_dagrun for dataset_consumes_1_and_2 to None, run_after=None
[2026-09-21T04:35:22.866+0200] {logging_mixin.py:190} INFO - [2026-09-21T04:35:22.866+0200] {dag.py:4180} INFO - Setting next_dagrun for dataset_consumes_1_never_scheduled to None, run_after=None
[2026-09-21T04:35:22.866+0200] {logging_mixin.py:190} INFO - [2026-09-21T04:35:22.866+0200] {dag.py:4180} INFO - Setting next_dagrun for dataset_consumes_unknown_never_scheduled to None, run_after=None
[2026-09-21T04:35:22.867+0200] {logging_mixin.py:190} INFO - [2026-09-21T04:35:22.867+0200] {dag.py:4180} INFO - Setting next_dagrun for dataset_produces_1 to 2026-09-20 00:00:00+00:00, run_after=2026-09-21 00:00:00+00:00
[2026-09-21T04:35:22.867+0200] {logging_mixin.py:190} INFO - [2026-09-21T04:35:22.867+0200] {dag.py:4180} INFO - Setting next_dagrun for dataset_produces_2 to None, run_after=None
[2026-09-21T04:35:22.874+0200] {processor.py:208} INFO - Processing /Users/swarnalidatta/Desktop/AutoQueryChatbot/.airflow-venv/lib/python3.12/site-packages/airflow/example_dags/example_datasets.py took 0.080 seconds
[2026-09-21T08:36:24.409+0200] {processor.py:186} INFO - Started process (PID=8221) to work on /Users/swarnalidatta/Desktop/AutoQueryChatbot/.airflow-venv/lib/python3.12/site-packages/airflow/example_dags/example_datasets.py
[2026-09-21T08:36:24.410+0200] {processor.py:914} INFO - Processing file /Users/swarnalidatta/Desktop/AutoQueryChatbot/.airflow-venv/lib/python3.12/site-packages/airflow/example_dags/example_datasets.py for tasks to queue
[2026-09-21T08:36:24.410+0200] {logging_mixin.py:190} INFO - [2026-09-21T08:36:24.410+0200] {dagbag.py:588} INFO - Filling up the DagBag from /Users/swarnalidatta/Desktop/AutoQueryChatbot/.airflow-venv/lib/python3.12/site-packages/airflow/example_dags/example_datasets.py
[2026-09-21T08:36:24.424+0200] {processor.py:925} INFO - DAG(s) 'consume_1_or_2_with_dataset_expressions', 'dataset_consumes_unknown_never_scheduled', 'dataset_produces_1', 'dataset_consumes_1', 'dataset_produces_2', 'consume_1_or_both_2_and_3_with_dataset_expressions', 'dataset_consumes_1_and_2', 'consume_1_and_2_with_dataset_expressions', 'dataset_consumes_1_never_scheduled', 'conditional_dataset_and_time_based_timetable' retrieved from /Users/swarnalidatta/Desktop/AutoQueryChatbot/.airflow-venv/lib/python3.12/site-packages/airflow/example_dags/example_datasets.py
[2026-09-21T08:36:24.454+0200] {logging_mixin.py:190} INFO - [2026-09-21T08:36:24.454+0200] {dag.py:3239} INFO - Sync 10 DAGs
[2026-09-21T08:36:24.479+0200] {logging_mixin.py:190} INFO - [2026-09-21T08:36:24.479+0200] {dag.py:4180} INFO - Setting next_dagrun for conditional_dataset_and_time_based_timetable to 2026-09-16 01:00:00+00:00, run_after=2026-09-16 01:00:00+00:00
[2026-09-21T08:36:24.480+0200] {logging_mixin.py:190} INFO - [2026-09-21T08:36:24.480+0200] {dag.py:4180} INFO - Setting next_dagrun for consume_1_and_2_with_dataset_expressions to None, run_after=None
[2026-09-21T08:36:24.481+0200] {logging_mixin.py:190} INFO - [2026-09-21T08:36:24.480+0200] {dag.py:4180} INFO - Setting next_dagrun for consume_1_or_2_with_dataset_expressions to None, run_after=None
[2026-09-21T08:36:24.481+0200] {logging_mixin.py:190} INFO - [2026-09-21T08:36:24.481+0200] {dag.py:4180} INFO - Setting next_dagrun for consume_1_or_both_2_and_3_with_dataset_expressions to None, run_after=None
[2026-09-21T08:36:24.481+0200] {logging_mixin.py:190} INFO - [2026-09-21T08:36:24.481+0200] {dag.py:4180} INFO - Setting next_dagrun for dataset_consumes_1 to None, run_after=None
[2026-09-21T08:36:24.481+0200] {logging_mixin.py:190} INFO - [2026-09-21T08:36:24.481+0200] {dag.py:4180} INFO - Setting next_dagrun for dataset_consumes_1_and_2 to None, run_after=None
[2026-09-21T08:36:24.481+0200] {logging_mixin.py:190} INFO - [2026-09-21T08:36:24.481+0200] {dag.py:4180} INFO - Setting next_dagrun for dataset_consumes_1_never_scheduled to None, run_after=None
[2026-09-21T08:36:24.482+0200] {logging_mixin.py:190} INFO - [2026-09-21T08:36:24.481+0200] {dag.py:4180} INFO - Setting next_dagrun for dataset_consumes_unknown_never_scheduled to None, run_after=None
[2026-09-21T08:36:24.482+0200] {logging_mixin.py:190} INFO - [2026-09-21T08:36:24.482+0200] {dag.py:4180} INFO - Setting next_dagrun for dataset_produces_1 to 2026-09-20 00:00:00+00:00, run_after=2026-09-21 00:00:00+00:00
[2026-09-21T08:36:24.482+0200] {logging_mixin.py:190} INFO - [2026-09-21T08:36:24.482+0200] {dag.py:4180} INFO - Setting next_dagrun for dataset_produces_2 to None, run_after=None
[2026-09-21T08:36:24.489+0200] {processor.py:208} INFO - Processing /Users/swarnalidatta/Desktop/AutoQueryChatbot/.airflow-venv/lib/python3.12/site-packages/airflow/example_dags/example_datasets.py took 0.081 seconds
[2026-09-21T11:56:12.008+0200] {processor.py:186} INFO - Started process (PID=8509) to work on /Users/swarnalidatta/Desktop/AutoQueryChatbot/.airflow-venv/lib/python3.12/site-packages/airflow/example_dags/example_datasets.py
[2026-09-21T11:56:12.009+0200] {processor.py:914} INFO - Processing file /Users/swarnalidatta/Desktop/AutoQueryChatbot/.airflow-venv/lib/python3.12/site-packages/airflow/example_dags/example_datasets.py for tasks to queue
[2026-09-21T11:56:12.010+0200] {logging_mixin.py:190} INFO - [2026-09-21T11:56:12.010+0200] {dagbag.py:588} INFO - Filling up the DagBag from /Users/swarnalidatta/Desktop/AutoQueryChatbot/.airflow-venv/lib/python3.12/site-packages/airflow/example_dags/example_datasets.py
[2026-09-21T11:56:12.023+0200] {processor.py:925} INFO - DAG(s) 'conditional_dataset_and_time_based_timetable', 'consume_1_or_2_with_dataset_expressions', 'dataset_consumes_1_never_scheduled', 'consume_1_or_both_2_and_3_with_dataset_expressions', 'consume_1_and_2_with_dataset_expressions', 'dataset_consumes_1', 'dataset_produces_1', 'dataset_consumes_1_and_2', 'dataset_produces_2', 'dataset_consumes_unknown_never_scheduled' retrieved from /Users/swarnalidatta/Desktop/AutoQueryChatbot/.airflow-venv/lib/python3.12/site-packages/airflow/example_dags/example_datasets.py
[2026-09-21T11:56:12.053+0200] {logging_mixin.py:190} INFO - [2026-09-21T11:56:12.053+0200] {dag.py:3239} INFO - Sync 10 DAGs
[2026-09-21T11:56:12.079+0200] {logging_mixin.py:190} INFO - [2026-09-21T11:56:12.079+0200] {dag.py:4180} INFO - Setting next_dagrun for conditional_dataset_and_time_based_timetable to 2026-09-16 01:00:00+00:00, run_after=2026-09-16 01:00:00+00:00
[2026-09-21T11:56:12.080+0200] {logging_mixin.py:190} INFO - [2026-09-21T11:56:12.080+0200] {dag.py:4180} INFO - Setting next_dagrun for consume_1_and_2_with_dataset_expressions to None, run_after=None
[2026-09-21T11:56:12.080+0200] {logging_mixin.py:190} INFO - [2026-09-21T11:56:12.080+0200] {dag.py:4180} INFO - Setting next_dagrun for consume_1_or_2_with_dataset_expressions to None, run_after=None
[2026-09-21T11:56:12.080+0200] {logging_mixin.py:190} INFO - [2026-09-21T11:56:12.080+0200] {dag.py:4180} INFO - Setting next_dagrun for consume_1_or_both_2_and_3_with_dataset_expressions to None, run_after=None
[2026-09-21T11:56:12.081+0200] {logging_mixin.py:190} INFO - [2026-09-21T11:56:12.081+0200] {dag.py:4180} INFO - Setting next_dagrun for dataset_consumes_1 to None, run_after=None
[2026-09-21T11:56:12.081+0200] {logging_mixin.py:190} INFO - [2026-09-21T11:56:12.081+0200] {dag.py:4180} INFO - Setting next_dagrun for dataset_consumes_1_and_2 to None, run_after=None
[2026-09-21T11:56:12.081+0200] {logging_mixin.py:190} INFO - [2026-09-21T11:56:12.081+0200] {dag.py:4180} INFO - Setting next_dagrun for dataset_consumes_1_never_scheduled to None, run_after=None
[2026-09-21T11:56:12.081+0200] {logging_mixin.py:190} INFO - [2026-09-21T11:56:12.081+0200] {dag.py:4180} INFO - Setting next_dagrun for dataset_consumes_unknown_never_scheduled to None, run_after=None
[2026-09-21T11:56:12.082+0200] {logging_mixin.py:190} INFO - [2026-09-21T11:56:12.082+0200] {dag.py:4180} INFO - Setting next_dagrun for dataset_produces_1 to 2026-09-20 00:00:00+00:00, run_after=2026-09-21 00:00:00+00:00
[2026-09-21T11:56:12.082+0200] {logging_mixin.py:190} INFO - [2026-09-21T11:56:12.082+0200] {dag.py:4180} INFO - Setting next_dagrun for dataset_produces_2 to None, run_after=None
[2026-09-21T11:56:12.089+0200] {processor.py:208} INFO - Processing /Users/swarnalidatta/Desktop/AutoQueryChatbot/.airflow-venv/lib/python3.12/site-packages/airflow/example_dags/example_datasets.py took 0.081 seconds
[2026-09-21T13:51:58.358+0200] {processor.py:186} INFO - Started process (PID=8774) to work on /Users/swarnalidatta/Desktop/AutoQueryChatbot/.airflow-venv/lib/python3.12/site-packages/airflow/example_dags/example_datasets.py
[2026-09-21T13:51:58.359+0200] {processor.py:914} INFO - Processing file /Users/swarnalidatta/Desktop/AutoQueryChatbot/.airflow-venv/lib/python3.12/site-packages/airflow/example_dags/example_datasets.py for tasks to queue
[2026-09-21T13:51:58.359+0200] {logging_mixin.py:190} INFO - [2026-09-21T13:51:58.359+0200] {dagbag.py:588} INFO - Filling up the DagBag from /Users/swarnalidatta/Desktop/AutoQueryChatbot/.airflow-venv/lib/python3.12/site-packages/airflow/example_dags/example_datasets.py
[2026-09-21T13:51:58.374+0200] {processor.py:925} INFO - DAG(s) 'dataset_consumes_unknown_never_scheduled', 'consume_1_or_2_with_dataset_expressions', 'consume_1_and_2_with_dataset_expressions', 'conditional_dataset_and_time_based_timetable', 'dataset_consumes_1', 'dataset_produces_1', 'dataset_consumes_1_and_2', 'dataset_produces_2', 'consume_1_or_both_2_and_3_with_dataset_expressions', 'dataset_consumes_1_never_scheduled' retrieved from /Users/swarnalidatta/Desktop/AutoQueryChatbot/.airflow-venv/lib/python3.12/site-packages/airflow/example_dags/example_datasets.py
[2026-09-21T13:51:58.405+0200] {logging_mixin.py:190} INFO - [2026-09-21T13:51:58.405+0200] {dag.py:3239} INFO - Sync 10 DAGs
[2026-09-21T13:51:58.432+0200] {logging_mixin.py:190} INFO - [2026-09-21T13:51:58.432+0200] {dag.py:4180} INFO - Setting next_dagrun for conditional_dataset_and_time_based_timetable to 2026-09-16 01:00:00+00:00, run_after=2026-09-16 01:00:00+00:00
[2026-09-21T13:51:58.433+0200] {logging_mixin.py:190} INFO - [2026-09-21T13:51:58.433+0200] {dag.py:4180} INFO - Setting next_dagrun for consume_1_and_2_with_dataset_expressions to None, run_after=None
[2026-09-21T13:51:58.433+0200] {logging_mixin.py:190} INFO - [2026-09-21T13:51:58.433+0200] {dag.py:4180} INFO - Setting next_dagrun for consume_1_or_2_with_dataset_expressions to None, run_after=None
[2026-09-21T13:51:58.433+0200] {logging_mixin.py:190} INFO - [2026-09-21T13:51:58.433+0200] {dag.py:4180} INFO - Setting next_dagrun for consume_1_or_both_2_and_3_with_dataset_expressions to None, run_after=None
[2026-09-21T13:51:58.434+0200] {logging_mixin.py:190} INFO - [2026-09-21T13:51:58.433+0200] {dag.py:4180} INFO - Setting next_dagrun for dataset_consumes_1 to None, run_after=None
[2026-09-21T13:51:58.434+0200] {logging_mixin.py:190} INFO - [2026-09-21T13:51:58.434+0200] {dag.py:4180} INFO - Setting next_dagrun for dataset_consumes_1_and_2 to None, run_after=None
[2026-09-21T13:51:58.434+0200] {logging_mixin.py:190} INFO - [2026-09-21T13:51:58.434+0200] {dag.py:4180} INFO - Setting next_dagrun for dataset_consumes_1_never_scheduled to None, run_after=None
[2026-09-21T13:51:58.434+0200] {logging_mixin.py:190} INFO - [2026-09-21T13:51:58.434+0200] {dag.py:4180} INFO - Setting next_dagrun for dataset_consumes_unknown_never_scheduled to None, run_after=None
[2026-09-21T13:51:58.435+0200] {logging_mixin.py:190} INFO - [2026-09-21T13:51:58.435+0200] {dag.py:4180} INFO - Setting next_dagrun for dataset_produces_1 to 2026-09-20 00:00:00+00:00, run_after=2026-09-21 00:00:00+00:00
[2026-09-21T13:51:58.435+0200] {logging_mixin.py:190} INFO - [2026-09-21T13:51:58.435+0200] {dag.py:4180} INFO - Setting next_dagrun for dataset_produces_2 to None, run_after=None
[2026-09-21T13:51:58.442+0200] {processor.py:208} INFO - Processing /Users/swarnalidatta/Desktop/AutoQueryChatbot/.airflow-venv/lib/python3.12/site-packages/airflow/example_dags/example_datasets.py took 0.085 seconds
[2026-09-21T15:00:19.515+0200] {processor.py:186} INFO - Started process (PID=9164) to work on /Users/swarnalidatta/Desktop/AutoQueryChatbot/.airflow-venv/lib/python3.12/site-packages/airflow/example_dags/example_datasets.py
[2026-09-21T15:00:19.515+0200] {processor.py:914} INFO - Processing file /Users/swarnalidatta/Desktop/AutoQueryChatbot/.airflow-venv/lib/python3.12/site-packages/airflow/example_dags/example_datasets.py for tasks to queue
[2026-09-21T15:00:19.515+0200] {logging_mixin.py:190} INFO - [2026-09-21T15:00:19.515+0200] {dagbag.py:588} INFO - Filling up the DagBag from /Users/swarnalidatta/Desktop/AutoQueryChatbot/.airflow-venv/lib/python3.12/site-packages/airflow/example_dags/example_datasets.py
[2026-09-21T15:00:19.529+0200] {processor.py:925} INFO - DAG(s) 'dataset_consumes_1', 'dataset_produces_2', 'consume_1_and_2_with_dataset_expressions', 'dataset_consumes_1_never_scheduled', 'consume_1_or_both_2_and_3_with_dataset_expressions', 'conditional_dataset_and_time_based_timetable', 'consume_1_or_2_with_dataset_expressions', 'dataset_consumes_1_and_2', 'dataset_consumes_unknown_never_scheduled', 'dataset_produces_1' retrieved from /Users/swarnalidatta/Desktop/AutoQueryChatbot/.airflow-venv/lib/python3.12/site-packages/airflow/example_dags/example_datasets.py
[2026-09-21T15:00:19.560+0200] {logging_mixin.py:190} INFO - [2026-09-21T15:00:19.560+0200] {dag.py:3239} INFO - Sync 10 DAGs
[2026-09-21T15:00:19.587+0200] {logging_mixin.py:190} INFO - [2026-09-21T15:00:19.587+0200] {dag.py:4180} INFO - Setting next_dagrun for conditional_dataset_and_time_based_timetable to 2026-09-16 01:00:00+00:00, run_after=2026-09-16 01:00:00+00:00
[2026-09-21T15:00:19.587+0200] {logging_mixin.py:190} INFO - [2026-09-21T15:00:19.587+0200] {dag.py:4180} INFO - Setting next_dagrun for consume_1_and_2_with_dataset_expressions to None, run_after=None
[2026-09-21T15:00:19.588+0200] {logging_mixin.py:190} INFO - [2026-09-21T15:00:19.588+0200] {dag.py:4180} INFO - Setting next_dagrun for consume_1_or_2_with_dataset_expressions to None, run_after=None
[2026-09-21T15:00:19.588+0200] {logging_mixin.py:190} INFO - [2026-09-21T15:00:19.588+0200] {dag.py:4180} INFO - Setting next_dagrun for consume_1_or_both_2_and_3_with_dataset_expressions to None, run_after=None
[2026-09-21T15:00:19.588+0200] {logging_mixin.py:190} INFO - [2026-09-21T15:00:19.588+0200] {dag.py:4180} INFO - Setting next_dagrun for dataset_consumes_1 to None, run_after=None
[2026-09-21T15:00:19.588+0200] {logging_mixin.py:190} INFO - [2026-09-21T15:00:19.588+0200] {dag.py:4180} INFO - Setting next_dagrun for dataset_consumes_1_and_2 to None, run_after=None
[2026-09-21T15:00:19.589+0200] {logging_mixin.py:190} INFO - [2026-09-21T15:00:19.589+0200] {dag.py:4180} INFO - Setting next_dagrun for dataset_consumes_1_never_scheduled to None, run_after=None
[2026-09-21T15:00:19.589+0200] {logging_mixin.py:190} INFO - [2026-09-21T15:00:19.589+0200] {dag.py:4180} INFO - Setting next_dagrun for dataset_consumes_unknown_never_scheduled to None, run_after=None
[2026-09-21T15:00:19.589+0200] {logging_mixin.py:190} INFO - [2026-09-21T15:00:19.589+0200] {dag.py:4180} INFO - Setting next_dagrun for dataset_produces_1 to 2026-09-20 00:00:00+00:00, run_after=2026-09-21 00:00:00+00:00
[2026-09-21T15:00:19.589+0200] {logging_mixin.py:190} INFO - [2026-09-21T15:00:19.589+0200] {dag.py:4180} INFO - Setting next_dagrun for dataset_produces_2 to None, run_after=None
[2026-09-21T15:00:19.597+0200] {processor.py:208} INFO - Processing /Users/swarnalidatta/Desktop/AutoQueryChatbot/.airflow-venv/lib/python3.12/site-packages/airflow/example_dags/example_datasets.py took 0.083 seconds
[2026-09-21T18:12:14.763+0200] {processor.py:186} INFO - Started process (PID=9451) to work on /Users/swarnalidatta/Desktop/AutoQueryChatbot/.airflow-venv/lib/python3.12/site-packages/airflow/example_dags/example_datasets.py
[2026-09-21T18:12:14.763+0200] {processor.py:914} INFO - Processing file /Users/swarnalidatta/Desktop/AutoQueryChatbot/.airflow-venv/lib/python3.12/site-packages/airflow/example_dags/example_datasets.py for tasks to queue
[2026-09-21T18:12:14.763+0200] {logging_mixin.py:190} INFO - [2026-09-21T18:12:14.763+0200] {dagbag.py:588} INFO - Filling up the DagBag from /Users/swarnalidatta/Desktop/AutoQueryChatbot/.airflow-venv/lib/python3.12/site-packages/airflow/example_dags/example_datasets.py
[2026-09-21T18:12:14.777+0200] {processor.py:925} INFO - DAG(s) 'dataset_produces_2', 'dataset_consumes_unknown_never_scheduled', 'consume_1_or_both_2_and_3_with_dataset_expressions', 'consume_1_or_2_with_dataset_expressions', 'conditional_dataset_and_time_based_timetable', 'consume_1_and_2_with_dataset_expressions', 'dataset_consumes_1', 'dataset_produces_1', 'dataset_consumes_1_never_scheduled', 'dataset_consumes_1_and_2' retrieved from /Users/swarnalidatta/Desktop/AutoQueryChatbot/.airflow-venv/lib/python3.12/site-packages/airflow/example_dags/example_datasets.py
[2026-09-21T18:12:14.809+0200] {logging_mixin.py:190} INFO - [2026-09-21T18:12:14.809+0200] {dag.py:3239} INFO - Sync 10 DAGs
[2026-09-21T18:12:14.837+0200] {logging_mixin.py:190} INFO - [2026-09-21T18:12:14.836+0200] {dag.py:4180} INFO - Setting next_dagrun for conditional_dataset_and_time_based_timetable to 2026-09-16 01:00:00+00:00, run_after=2026-09-16 01:00:00+00:00
[2026-09-21T18:12:14.837+0200] {logging_mixin.py:190} INFO - [2026-09-21T18:12:14.837+0200] {dag.py:4180} INFO - Setting next_dagrun for consume_1_and_2_with_dataset_expressions to None, run_after=None
[2026-09-21T18:12:14.838+0200] {logging_mixin.py:190} INFO - [2026-09-21T18:12:14.838+0200] {dag.py:4180} INFO - Setting next_dagrun for consume_1_or_2_with_dataset_expressions to None, run_after=None
[2026-09-21T18:12:14.838+0200] {logging_mixin.py:190} INFO - [2026-09-21T18:12:14.838+0200] {dag.py:4180} INFO - Setting next_dagrun for consume_1_or_both_2_and_3_with_dataset_expressions to None, run_after=None
[2026-09-21T18:12:14.838+0200] {logging_mixin.py:190} INFO - [2026-09-21T18:12:14.838+0200] {dag.py:4180} INFO - Setting next_dagrun for dataset_consumes_1 to None, run_after=None
[2026-09-21T18:12:14.838+0200] {logging_mixin.py:190} INFO - [2026-09-21T18:12:14.838+0200] {dag.py:4180} INFO - Setting next_dagrun for dataset_consumes_1_and_2 to None, run_after=None
[2026-09-21T18:12:14.839+0200] {logging_mixin.py:190} INFO - [2026-09-21T18:12:14.839+0200] {dag.py:4180} INFO - Setting next_dagrun for dataset_consumes_1_never_scheduled to None, run_after=None
[2026-09-21T18:12:14.839+0200] {logging_mixin.py:190} INFO - [2026-09-21T18:12:14.839+0200] {dag.py:4180} INFO - Setting next_dagrun for dataset_consumes_unknown_never_scheduled to None, run_after=None
[2026-09-21T18:12:14.839+0200] {logging_mixin.py:190} INFO - [2026-09-21T18:12:14.839+0200] {dag.py:4180} INFO - Setting next_dagrun for dataset_produces_1 to 2026-09-20 00:00:00+00:00, run_after=2026-09-21 00:00:00+00:00
[2026-09-21T18:12:14.839+0200] {logging_mixin.py:190} INFO - [2026-09-21T18:12:14.839+0200] {dag.py:4180} INFO - Setting next_dagrun for dataset_produces_2 to None, run_after=None
[2026-09-21T18:12:14.847+0200] {processor.py:208} INFO - Processing /Users/swarnalidatta/Desktop/AutoQueryChatbot/.airflow-venv/lib/python3.12/site-packages/airflow/example_dags/example_datasets.py took 0.085 seconds
[2026-09-21T18:30:19.018+0200] {processor.py:186} INFO - Started process (PID=9735) to work on /Users/swarnalidatta/Desktop/AutoQueryChatbot/.airflow-venv/lib/python3.12/site-packages/airflow/example_dags/example_datasets.py
[2026-09-21T18:30:19.019+0200] {processor.py:914} INFO - Processing file /Users/swarnalidatta/Desktop/AutoQueryChatbot/.airflow-venv/lib/python3.12/site-packages/airflow/example_dags/example_datasets.py for tasks to queue
[2026-09-21T18:30:19.019+0200] {logging_mixin.py:190} INFO - [2026-09-21T18:30:19.019+0200] {dagbag.py:588} INFO - Filling up the DagBag from /Users/swarnalidatta/Desktop/AutoQueryChatbot/.airflow-venv/lib/python3.12/site-packages/airflow/example_dags/example_datasets.py
[2026-09-21T18:30:19.032+0200] {processor.py:925} INFO - DAG(s) 'consume_1_and_2_with_dataset_expressions', 'dataset_produces_2', 'consume_1_or_2_with_dataset_expressions', 'dataset_consumes_1_and_2', 'dataset_consumes_unknown_never_scheduled', 'dataset_consumes_1_never_scheduled', 'dataset_produces_1', 'conditional_dataset_and_time_based_timetable', 'consume_1_or_both_2_and_3_with_dataset_expressions', 'dataset_consumes_1' retrieved from /Users/swarnalidatta/Desktop/AutoQueryChatbot/.airflow-venv/lib/python3.12/site-packages/airflow/example_dags/example_datasets.py
[2026-09-21T18:30:19.062+0200] {logging_mixin.py:190} INFO - [2026-09-21T18:30:19.062+0200] {dag.py:3239} INFO - Sync 10 DAGs
[2026-09-21T18:30:19.088+0200] {logging_mixin.py:190} INFO - [2026-09-21T18:30:19.087+0200] {dag.py:4180} INFO - Setting next_dagrun for conditional_dataset_and_time_based_timetable to 2026-09-16 01:00:00+00:00, run_after=2026-09-16 01:00:00+00:00
[2026-09-21T18:30:19.088+0200] {logging_mixin.py:190} INFO - [2026-09-21T18:30:19.088+0200] {dag.py:4180} INFO - Setting next_dagrun for consume_1_and_2_with_dataset_expressions to None, run_after=None
[2026-09-21T18:30:19.089+0200] {logging_mixin.py:190} INFO - [2026-09-21T18:30:19.089+0200] {dag.py:4180} INFO - Setting next_dagrun for consume_1_or_2_with_dataset_expressions to None, run_after=None
[2026-09-21T18:30:19.089+0200] {logging_mixin.py:190} INFO - [2026-09-21T18:30:19.089+0200] {dag.py:4180} INFO - Setting next_dagrun for consume_1_or_both_2_and_3_with_dataset_expressions to None, run_after=None
[2026-09-21T18:30:19.089+0200] {logging_mixin.py:190} INFO - [2026-09-21T18:30:19.089+0200] {dag.py:4180} INFO - Setting next_dagrun for dataset_consumes_1 to None, run_after=None
[2026-09-21T18:30:19.089+0200] {logging_mixin.py:190} INFO - [2026-09-21T18:30:19.089+0200] {dag.py:4180} INFO - Setting next_dagrun for dataset_consumes_1_and_2 to None, run_after=None
[2026-09-21T18:30:19.089+0200] {logging_mixin.py:190} INFO - [2026-09-21T18:30:19.089+0200] {dag.py:4180} INFO - Setting next_dagrun for dataset_consumes_1_never_scheduled to None, run_after=None
[2026-09-21T18:30:19.090+0200] {logging_mixin.py:190} INFO - [2026-09-21T18:30:19.090+0200] {dag.py:4180} INFO - Setting next_dagrun for dataset_consumes_unknown_never_scheduled to None, run_after=None
[2026-09-21T18:30:19.090+0200] {logging_mixin.py:190} INFO - [2026-09-21T18:30:19.090+0200] {dag.py:4180} INFO - Setting next_dagrun for dataset_produces_1 to 2026-09-20 00:00:00+00:00, run_after=2026-09-21 00:00:00+00:00
[2026-09-21T18:30:19.090+0200] {logging_mixin.py:190} INFO - [2026-09-21T18:30:19.090+0200] {dag.py:4180} INFO - Setting next_dagrun for dataset_produces_2 to None, run_after=None
[2026-09-21T18:30:19.097+0200] {processor.py:208} INFO - Processing /Users/swarnalidatta/Desktop/AutoQueryChatbot/.airflow-venv/lib/python3.12/site-packages/airflow/example_dags/example_datasets.py took 0.080 seconds
[2026-09-21T19:10:23.477+0200] {processor.py:186} INFO - Started process (PID=9996) to work on /Users/swarnalidatta/Desktop/AutoQueryChatbot/.airflow-venv/lib/python3.12/site-packages/airflow/example_dags/example_datasets.py
[2026-09-21T19:10:23.477+0200] {processor.py:914} INFO - Processing file /Users/swarnalidatta/Desktop/AutoQueryChatbot/.airflow-venv/lib/python3.12/site-packages/airflow/example_dags/example_datasets.py for tasks to queue
[2026-09-21T19:10:23.477+0200] {logging_mixin.py:190} INFO - [2026-09-21T19:10:23.477+0200] {dagbag.py:588} INFO - Filling up the DagBag from /Users/swarnalidatta/Desktop/AutoQueryChatbot/.airflow-venv/lib/python3.12/site-packages/airflow/example_dags/example_datasets.py
[2026-09-21T19:10:23.491+0200] {processor.py:925} INFO - DAG(s) 'dataset_consumes_1', 'dataset_produces_1', 'dataset_consumes_1_never_scheduled', 'conditional_dataset_and_time_based_timetable', 'dataset_produces_2', 'consume_1_and_2_with_dataset_expressions', 'dataset_consumes_unknown_never_scheduled', 'consume_1_or_both_2_and_3_with_dataset_expressions', 'consume_1_or_2_with_dataset_expressions', 'dataset_consumes_1_and_2' retrieved from /Users/swarnalidatta/Desktop/AutoQueryChatbot/.airflow-venv/lib/python3.12/site-packages/airflow/example_dags/example_datasets.py
[2026-09-21T19:10:23.520+0200] {logging_mixin.py:190} INFO - [2026-09-21T19:10:23.520+0200] {dag.py:3239} INFO - Sync 10 DAGs
[2026-09-21T19:10:23.546+0200] {logging_mixin.py:190} INFO - [2026-09-21T19:10:23.546+0200] {dag.py:4180} INFO - Setting next_dagrun for conditional_dataset_and_time_based_timetable to 2026-09-16 01:00:00+00:00, run_after=2026-09-16 01:00:00+00:00
[2026-09-21T19:10:23.547+0200] {logging_mixin.py:190} INFO - [2026-09-21T19:10:23.546+0200] {dag.py:4180} INFO - Setting next_dagrun for consume_1_and_2_with_dataset_expressions to None, run_after=None
[2026-09-21T19:10:23.547+0200] {logging_mixin.py:190} INFO - [2026-09-21T19:10:23.547+0200] {dag.py:4180} INFO - Setting next_dagrun for consume_1_or_2_with_dataset_expressions to None, run_after=None
[2026-09-21T19:10:23.547+0200] {logging_mixin.py:190} INFO - [2026-09-21T19:10:23.547+0200] {dag.py:4180} INFO - Setting next_dagrun for consume_1_or_both_2_and_3_with_dataset_expressions to None, run_after=None
[2026-09-21T19:10:23.547+0200] {logging_mixin.py:190} INFO - [2026-09-21T19:10:23.547+0200] {dag.py:4180} INFO - Setting next_dagrun for dataset_consumes_1 to None, run_after=None
[2026-09-21T19:10:23.547+0200] {logging_mixin.py:190} INFO - [2026-09-21T19:10:23.547+0200] {dag.py:4180} INFO - Setting next_dagrun for dataset_consumes_1_and_2 to None, run_after=None
[2026-09-21T19:10:23.548+0200] {logging_mixin.py:190} INFO - [2026-09-21T19:10:23.548+0200] {dag.py:4180} INFO - Setting next_dagrun for dataset_consumes_1_never_scheduled to None, run_after=None
[2026-09-21T19:10:23.548+0200] {logging_mixin.py:190} INFO - [2026-09-21T19:10:23.548+0200] {dag.py:4180} INFO - Setting next_dagrun for dataset_consumes_unknown_never_scheduled to None, run_after=None
[2026-09-21T19:10:23.548+0200] {logging_mixin.py:190} INFO - [2026-09-21T19:10:23.548+0200] {dag.py:4180} INFO - Setting next_dagrun for dataset_produces_1 to 2026-09-20 00:00:00+00:00, run_after=2026-09-21 00:00:00+00:00
[2026-09-21T19:10:23.548+0200] {logging_mixin.py:190} INFO - [2026-09-21T19:10:23.548+0200] {dag.py:4180} INFO - Setting next_dagrun for dataset_produces_2 to None, run_after=None
[2026-09-21T19:10:23.556+0200] {processor.py:208} INFO - Processing /Users/swarnalidatta/Desktop/AutoQueryChatbot/.airflow-venv/lib/python3.12/site-packages/airflow/example_dags/example_datasets.py took 0.080 seconds
[2026-09-21T23:03:18.059+0200] {processor.py:186} INFO - Started process (PID=10429) to work on /Users/swarnalidatta/Desktop/AutoQueryChatbot/.airflow-venv/lib/python3.12/site-packages/airflow/example_dags/example_datasets.py
[2026-09-21T23:03:18.061+0200] {processor.py:914} INFO - Processing file /Users/swarnalidatta/Desktop/AutoQueryChatbot/.airflow-venv/lib/python3.12/site-packages/airflow/example_dags/example_datasets.py for tasks to queue
[2026-09-21T23:03:18.061+0200] {logging_mixin.py:190} INFO - [2026-09-21T23:03:18.061+0200] {dagbag.py:588} INFO - Filling up the DagBag from /Users/swarnalidatta/Desktop/AutoQueryChatbot/.airflow-venv/lib/python3.12/site-packages/airflow/example_dags/example_datasets.py
[2026-09-21T23:03:18.075+0200] {processor.py:925} INFO - DAG(s) 'dataset_produces_1', 'dataset_consumes_1', 'conditional_dataset_and_time_based_timetable', 'dataset_consumes_1_and_2', 'consume_1_or_2_with_dataset_expressions', 'dataset_consumes_1_never_scheduled', 'consume_1_and_2_with_dataset_expressions', 'dataset_produces_2', 'dataset_consumes_unknown_never_scheduled', 'consume_1_or_both_2_and_3_with_dataset_expressions' retrieved from /Users/swarnalidatta/Desktop/AutoQueryChatbot/.airflow-venv/lib/python3.12/site-packages/airflow/example_dags/example_datasets.py
[2026-09-21T23:03:18.104+0200] {logging_mixin.py:190} INFO - [2026-09-21T23:03:18.104+0200] {dag.py:3239} INFO - Sync 10 DAGs
[2026-09-21T23:03:18.130+0200] {logging_mixin.py:190} INFO - [2026-09-21T23:03:18.130+0200] {dag.py:4180} INFO - Setting next_dagrun for conditional_dataset_and_time_based_timetable to 2026-09-16 01:00:00+00:00, run_after=2026-09-16 01:00:00+00:00
[2026-09-21T23:03:18.131+0200] {logging_mixin.py:190} INFO - [2026-09-21T23:03:18.131+0200] {dag.py:4180} INFO - Setting next_dagrun for consume_1_and_2_with_dataset_expressions to None, run_after=None
[2026-09-21T23:03:18.131+0200] {logging_mixin.py:190} INFO - [2026-09-21T23:03:18.131+0200] {dag.py:4180} INFO - Setting next_dagrun for consume_1_or_2_with_dataset_expressions to None, run_after=None
[2026-09-21T23:03:18.131+0200] {logging_mixin.py:190} INFO - [2026-09-21T23:03:18.131+0200] {dag.py:4180} INFO - Setting next_dagrun for consume_1_or_both_2_and_3_with_dataset_expressions to None, run_after=None
[2026-09-21T23:03:18.131+0200] {logging_mixin.py:190} INFO - [2026-09-21T23:03:18.131+0200] {dag.py:4180} INFO - Setting next_dagrun for dataset_consumes_1 to None, run_after=None
[2026-09-21T23:03:18.132+0200] {logging_mixin.py:190} INFO - [2026-09-21T23:03:18.132+0200] {dag.py:4180} INFO - Setting next_dagrun for dataset_consumes_1_and_2 to None, run_after=None
[2026-09-21T23:03:18.132+0200] {logging_mixin.py:190} INFO - [2026-09-21T23:03:18.132+0200] {dag.py:4180} INFO - Setting next_dagrun for dataset_consumes_1_never_scheduled to None, run_after=None
[2026-09-21T23:03:18.132+0200] {logging_mixin.py:190} INFO - [2026-09-21T23:03:18.132+0200] {dag.py:4180} INFO - Setting next_dagrun for dataset_consumes_unknown_never_scheduled to None, run_after=None
[2026-09-21T23:03:18.133+0200] {logging_mixin.py:190} INFO - [2026-09-21T23:03:18.132+0200] {dag.py:4180} INFO - Setting next_dagrun for dataset_produces_1 to 2026-09-20 00:00:00+00:00, run_after=2026-09-21 00:00:00+00:00
[2026-09-21T23:03:18.133+0200] {logging_mixin.py:190} INFO - [2026-09-21T23:03:18.133+0200] {dag.py:4180} INFO - Setting next_dagrun for dataset_produces_2 to None, run_after=None
[2026-09-21T23:03:18.140+0200] {processor.py:208} INFO - Processing /Users/swarnalidatta/Desktop/AutoQueryChatbot/.airflow-venv/lib/python3.12/site-packages/airflow/example_dags/example_datasets.py took 0.081 seconds
