[2026-09-21T02:20:05.784+0200] {processor.py:186} INFO - Started process (PID=7782) to work on /Users/swarnalidatta/Desktop/AutoQueryChatbot/.airflow-venv/lib/python3.12/site-packages/airflow/example_dags/example_trigger_controller_dag.py
[2026-09-21T02:20:05.785+0200] {processor.py:914} INFO - Processing file /Users/swarnalidatta/Desktop/AutoQueryChatbot/.airflow-venv/lib/python3.12/site-packages/airflow/example_dags/example_trigger_controller_dag.py for tasks to queue
[2026-09-21T02:20:05.785+0200] {logging_mixin.py:190} INFO - [2026-09-21T02:20:05.785+0200] {dagbag.py:588} INFO - Filling up the DagBag from /Users/swarnalidatta/Desktop/AutoQueryChatbot/.airflow-venv/lib/python3.12/site-packages/airflow/example_dags/example_trigger_controller_dag.py
[2026-09-21T02:20:05.788+0200] {processor.py:925} INFO - DAG(s) 'example_trigger_controller_dag' retrieved from /Users/swarnalidatta/Desktop/AutoQueryChatbot/.airflow-venv/lib/python3.12/site-packages/airflow/example_dags/example_trigger_controller_dag.py
[2026-09-21T02:20:05.812+0200] {logging_mixin.py:190} INFO - [2026-09-21T02:20:05.812+0200] {dag.py:3239} INFO - Sync 1 DAGs
[2026-09-21T02:20:05.816+0200] {logging_mixin.py:190} INFO - [2026-09-21T02:20:05.816+0200] {dag.py:4180} INFO - Setting next_dagrun for example_trigger_controller_dag to 2021-01-01 00:00:00+00:00, run_after=2021-01-01 00:00:00+00:00
[2026-09-21T02:20:05.821+0200] {processor.py:208} INFO - Processing /Users/swarnalidatta/Desktop/AutoQueryChatbot/.airflow-venv/lib/python3.12/site-packages/airflow/example_dags/example_trigger_controller_dag.py took 0.038 seconds
[2026-09-21T06:35:22.392+0200] {processor.py:186} INFO - Started process (PID=8053) to work on /Users/swarnalidatta/Desktop/AutoQueryChatbot/.airflow-venv/lib/python3.12/site-packages/airflow/example_dags/example_trigger_controller_dag.py
[2026-09-21T06:35:22.392+0200] {processor.py:914} INFO - Processing file /Users/swarnalidatta/Desktop/AutoQueryChatbot/.airflow-venv/lib/python3.12/site-packages/airflow/example_dags/example_trigger_controller_dag.py for tasks to queue
[2026-09-21T06:35:22.392+0200] {logging_mixin.py:190} INFO - [2026-09-21T06:35:22.392+0200] {dagbag.py:588} INFO - Filling up the DagBag from /Users/swarnalidatta/Desktop/AutoQueryChatbot/.airflow-venv/lib/python3.12/site-packages/airflow/example_dags/example_trigger_controller_dag.py
[2026-09-21T06:35:22.396+0200] {processor.py:925} INFO - DAG(s) 'example_trigger_controller_dag' retrieved from /Users/swarnalidatta/Desktop/AutoQueryChatbot/.airflow-venv/lib/python3.12/site-packages/airflow/example_dags/example_trigger_controller_dag.py
[2026-09-21T06:35:22.421+0200] {logging_mixin.py:190} INFO - [2026-09-21T06:35:22.421+0200] {dag.py:3239} INFO - Sync 1 DAGs
[2026-09-21T06:35:22.426+0200] {logging_mixin.py:190} INFO - [2026-09-21T06:35:22.426+0200] {dag.py:4180} INFO - Setting next_dagrun for example_trigger_controller_dag to 2021-01-01 00:00:00+00:00, run_after=2021-01-01 00:00:00+00:00
[2026-09-21T06:35:22.431+0200] {processor.py:208} INFO - Processing /Users/swarnalidatta/Desktop/AutoQueryChatbot/.airflow-venv/lib/python3.12/site-packages/airflow/example_dags/example_trigger_controller_dag.py took 0.040 seconds
[2026-09-21T10:04:01.566+0200] {processor.py:186} INFO - Started process (PID=8366) to work on /Users/swarnalidatta/Desktop/AutoQueryChatbot/.airflow-venv/lib/python3.12/site-packages/airflow/example_dags/example_trigger_controller_dag.py
[2026-09-21T10:04:01.567+0200] {processor.py:914} INFO - Processing file /Users/swarnalidatta/Desktop/AutoQueryChatbot/.airflow-venv/lib/python3.12/site-packages/airflow/example_dags/example_trigger_controller_dag.py for tasks to queue
[2026-09-21T10:04:01.567+0200] {logging_mixin.py:190} INFO - [2026-09-21T10:04:01.567+0200] {dagbag.py:588} INFO - Filling up the DagBag from /Users/swarnalidatta/Desktop/AutoQueryChatbot/.airflow-venv/lib/python3.12/site-packages/airflow/example_dags/example_trigger_controller_dag.py
[2026-09-21T10:04:01.570+0200] {processor.py:925} INFO - DAG(s) 'example_trigger_controller_dag' retrieved from /Users/swarnalidatta/Desktop/AutoQueryChatbot/.airflow-venv/lib/python3.12/site-packages/airflow/example_dags/example_trigger_controller_dag.py
[2026-09-21T10:04:01.595+0200] {logging_mixin.py:190} INFO - [2026-09-21T10:04:01.595+0200] {dag.py:3239} INFO - Sync 1 DAGs
[2026-09-21T10:04:01.599+0200] {logging_mixin.py:190} INFO - [2026-09-21T10:04:01.599+0200] {dag.py:4180} INFO - Setting next_dagrun for example_trigger_controller_dag to 2021-01-01 00:00:00+00:00, run_after=2021-01-01 00:00:00+00:00
[2026-09-21T10:04:01.604+0200] {processor.py:208} INFO - Processing /Users/swarnalidatta/Desktop/AutoQueryChatbot/.airflow-venv/lib/python3.12/site-packages/airflow/example_dags/example_trigger_controller_dag.py took 0.040 seconds
[2026-09-21T13:41:19.864+0200] {processor.py:186} INFO - Started process (PID=8648) to work on /Users/swarnalidatta/Desktop/AutoQueryChatbot/.airflow-venv/lib/python3.12/site-packages/airflow/example_dags/example_trigger_controller_dag.py
[2026-09-21T13:41:19.864+0200] {processor.py:914} INFO - Processing file /Users/swarnalidatta/Desktop/AutoQueryChatbot/.airflow-venv/lib/python3.12/site-packages/airflow/example_dags/example_trigger_controller_dag.py for tasks to queue
[2026-09-21T13:41:19.865+0200] {logging_mixin.py:190} INFO - [2026-09-21T13:41:19.865+0200] {dagbag.py:588} INFO - Filling up the DagBag from /Users/swarnalidatta/Desktop/AutoQueryChatbot/.airflow-venv/lib/python3.12/site-packages/airflow/example_dags/example_trigger_controller_dag.py
[2026-09-21T13:41:19.870+0200] {processor.py:925} INFO - DAG(s) 'example_trigger_controller_dag' retrieved from /Users/swarnalidatta/Desktop/AutoQueryChatbot/.airflow-venv/lib/python3.12/site-packages/airflow/example_dags/example_trigger_controller_dag.py
[2026-09-21T13:41:19.906+0200] {logging_mixin.py:190} INFO - [2026-09-21T13:41:19.906+0200] {dag.py:3239} INFO - Sync 1 DAGs
[2026-09-21T13:41:19.911+0200] {logging_mixin.py:190} INFO - [2026-09-21T13:41:19.911+0200] {dag.py:4180} INFO - Setting next_dagrun for example_trigger_controller_dag to 2021-01-01 00:00:00+00:00, run_after=2021-01-01 00:00:00+00:00
[2026-09-21T13:41:19.917+0200] {processor.py:208} INFO - Processing /Users/swarnalidatta/Desktop/AutoQueryChatbot/.airflow-venv/lib/python3.12/site-packages/airflow/example_dags/example_trigger_controller_dag.py took 0.054 seconds
[2026-09-21T13:52:40.796+0200] {processor.py:186} INFO - Started process (PID=8868) to work on /Users/swarnalidatta/Desktop/AutoQueryChatbot/.airflow-venv/lib/python3.12/site-packages/airflow/example_dags/example_trigger_controller_dag.py
[2026-09-21T13:52:40.796+0200] {processor.py:914} INFO - Processing file /Users/swarnalidatta/Desktop/AutoQueryChatbot/.airflow-venv/lib/python3.12/site-packages/airflow/example_dags/example_trigger_controller_dag.py for tasks to queue
[2026-09-21T13:52:40.797+0200] {logging_mixin.py:190} INFO - [2026-09-21T13:52:40.796+0200] {dagbag.py:588} INFO - Filling up the DagBag from /Users/swarnalidatta/Desktop/AutoQueryChatbot/.airflow-venv/lib/python3.12/site-packages/airflow/example_dags/example_trigger_controller_dag.py
[2026-09-21T13:52:40.800+0200] {processor.py:925} INFO - DAG(s) 'example_trigger_controller_dag' retrieved from /Users/swarnalidatta/Desktop/AutoQueryChatbot/.airflow-venv/lib/python3.12/site-packages/airflow/example_dags/example_trigger_controller_dag.py
[2026-09-21T13:52:40.823+0200] {logging_mixin.py:190} INFO - [2026-09-21T13:52:40.823+0200] {dag.py:3239} INFO - Sync 1 DAGs
[2026-09-21T13:52:40.828+0200] {logging_mixin.py:190} INFO - [2026-09-21T13:52:40.828+0200] {dag.py:4180} INFO - Setting next_dagrun for example_trigger_controller_dag to 2021-01-01 00:00:00+00:00, run_after=2021-01-01 00:00:00+00:00
[2026-09-21T13:52:40.833+0200] {processor.py:208} INFO - Processing /Users/swarnalidatta/Desktop/AutoQueryChatbot/.airflow-venv/lib/python3.12/site-packages/airflow/example_dags/example_trigger_controller_dag.py took 0.038 seconds
[2026-09-21T14:00:48.109+0200] {processor.py:186} INFO - Started process (PID=9017) to work on /Users/swarnalidatta/Desktop/AutoQueryChatbot/.airflow-venv/lib/python3.12/site-packages/airflow/example_dags/example_trigger_controller_dag.py
[2026-09-21T14:00:48.109+0200] {processor.py:914} INFO - Processing file /Users/swarnalidatta/Desktop/AutoQueryChatbot/.airflow-venv/lib/python3.12/site-packages/airflow/example_dags/example_trigger_controller_dag.py for tasks to queue
[2026-09-21T14:00:48.109+0200] {logging_mixin.py:190} INFO - [2026-09-21T14:00:48.109+0200] {dagbag.py:588} INFO - Filling up the DagBag from /Users/swarnalidatta/Desktop/AutoQueryChatbot/.airflow-venv/lib/python3.12/site-packages/airflow/example_dags/example_trigger_controller_dag.py
[2026-09-21T14:00:48.112+0200] {processor.py:925} INFO - DAG(s) 'example_trigger_controller_dag' retrieved from /Users/swarnalidatta/Desktop/AutoQueryChatbot/.airflow-venv/lib/python3.12/site-packages/airflow/example_dags/example_trigger_controller_dag.py
[2026-09-21T14:05:37.336+0200] {logging_mixin.py:190} INFO - [2026-09-21T14:05:37.336+0200] {dag.py:3239} INFO - Sync 1 DAGs
[2026-09-21T14:05:37.343+0200] {logging_mixin.py:190} INFO - [2026-09-21T14:05:37.343+0200] {dag.py:4180} INFO - Setting next_dagrun for example_trigger_controller_dag to 2021-01-01 00:00:00+00:00, run_after=2021-01-01 00:00:00+00:00
[2026-09-21T14:05:37.369+0200] {processor.py:208} INFO - Processing /Users/swarnalidatta/Desktop/AutoQueryChatbot/.airflow-venv/lib/python3.12/site-packages/airflow/example_dags/example_trigger_controller_dag.py took 0.153 seconds
[2026-09-21T16:41:25.463+0200] {processor.py:186} INFO - Started process (PID=9307) to work on /Users/swarnalidatta/Desktop/AutoQueryChatbot/.airflow-venv/lib/python3.12/site-packages/airflow/example_dags/example_trigger_controller_dag.py
[2026-09-21T16:41:25.463+0200] {processor.py:914} INFO - Processing file /Users/swarnalidatta/Desktop/AutoQueryChatbot/.airflow-venv/lib/python3.12/site-packages/airflow/example_dags/example_trigger_controller_dag.py for tasks to queue
[2026-09-21T16:41:25.463+0200] {logging_mixin.py:190} INFO - [2026-09-21T16:41:25.463+0200] {dagbag.py:588} INFO - Filling up the DagBag from /Users/swarnalidatta/Desktop/AutoQueryChatbot/.airflow-venv/lib/python3.12/site-packages/airflow/example_dags/example_trigger_controller_dag.py
[2026-09-21T16:41:25.467+0200] {processor.py:925} INFO - DAG(s) 'example_trigger_controller_dag' retrieved from /Users/swarnalidatta/Desktop/AutoQueryChatbot/.airflow-venv/lib/python3.12/site-packages/airflow/example_dags/example_trigger_controller_dag.py
[2026-09-21T16:41:25.490+0200] {logging_mixin.py:190} INFO - [2026-09-21T16:41:25.490+0200] {dag.py:3239} INFO - Sync 1 DAGs
[2026-09-21T16:41:25.495+0200] {logging_mixin.py:190} INFO - [2026-09-21T16:41:25.495+0200] {dag.py:4180} INFO - Setting next_dagrun for example_trigger_controller_dag to 2021-01-01 00:00:00+00:00, run_after=2021-01-01 00:00:00+00:00
[2026-09-21T16:41:25.500+0200] {processor.py:208} INFO - Processing /Users/swarnalidatta/Desktop/AutoQueryChatbot/.airflow-venv/lib/python3.12/site-packages/airflow/example_dags/example_trigger_controller_dag.py took 0.038 seconds
[2026-09-21T18:12:58.816+0200] {processor.py:186} INFO - Started process (PID=9554) to work on /Users/swarnalidatta/Desktop/AutoQueryChatbot/.airflow-venv/lib/python3.12/site-packages/airflow/example_dags/example_trigger_controller_dag.py
[2026-09-21T18:12:58.816+0200] {processor.py:914} INFO - Processing file /Users/swarnalidatta/Desktop/AutoQueryChatbot/.airflow-venv/lib/python3.12/site-packages/airflow/example_dags/example_trigger_controller_dag.py for tasks to queue
[2026-09-21T18:12:58.817+0200] {logging_mixin.py:190} INFO - [2026-09-21T18:12:58.817+0200] {dagbag.py:588} INFO - Filling up the DagBag from /Users/swarnalidatta/Desktop/AutoQueryChatbot/.airflow-venv/lib/python3.12/site-packages/airflow/example_dags/example_trigger_controller_dag.py
[2026-09-21T18:12:58.820+0200] {processor.py:925} INFO - DAG(s) 'example_trigger_controller_dag' retrieved from /Users/swarnalidatta/Desktop/AutoQueryChatbot/.airflow-venv/lib/python3.12/site-packages/airflow/example_dags/example_trigger_controller_dag.py
[2026-09-21T18:12:58.844+0200] {logging_mixin.py:190} INFO - [2026-09-21T18:12:58.844+0200] {dag.py:3239} INFO - Sync 1 DAGs
[2026-09-21T18:12:58.849+0200] {logging_mixin.py:190} INFO - [2026-09-21T18:12:58.848+0200] {dag.py:4180} INFO - Setting next_dagrun for example_trigger_controller_dag to 2021-01-01 00:00:00+00:00, run_after=2021-01-01 00:00:00+00:00
[2026-09-21T18:12:58.854+0200] {processor.py:208} INFO - Processing /Users/swarnalidatta/Desktop/AutoQueryChatbot/.airflow-venv/lib/python3.12/site-packages/airflow/example_dags/example_trigger_controller_dag.py took 0.039 seconds
[2026-09-21T18:13:58.733+0200] {processor.py:186} INFO - Started process (PID=9689) to work on /Users/swarnalidatta/Desktop/AutoQueryChatbot/.airflow-venv/lib/python3.12/site-packages/airflow/example_dags/example_trigger_controller_dag.py
[2026-09-21T18:13:58.734+0200] {processor.py:914} INFO - Processing file /Users/swarnalidatta/Desktop/AutoQueryChatbot/.airflow-venv/lib/python3.12/site-packages/airflow/example_dags/example_trigger_controller_dag.py for tasks to queue
[2026-09-21T18:13:58.734+0200] {logging_mixin.py:190} INFO - [2026-09-21T18:13:58.734+0200] {dagbag.py:588} INFO - Filling up the DagBag from /Users/swarnalidatta/Desktop/AutoQueryChatbot/.airflow-venv/lib/python3.12/site-packages/airflow/example_dags/example_trigger_controller_dag.py
[2026-09-21T18:13:58.737+0200] {processor.py:925} INFO - DAG(s) 'example_trigger_controller_dag' retrieved from /Users/swarnalidatta/Desktop/AutoQueryChatbot/.airflow-venv/lib/python3.12/site-packages/airflow/example_dags/example_trigger_controller_dag.py
[2026-09-21T18:13:58.762+0200] {logging_mixin.py:190} INFO - [2026-09-21T18:13:58.762+0200] {dag.py:3239} INFO - Sync 1 DAGs
[2026-09-21T18:13:58.767+0200] {logging_mixin.py:190} INFO - [2026-09-21T18:13:58.767+0200] {dag.py:4180} INFO - Setting next_dagrun for example_trigger_controller_dag to 2021-01-01 00:00:00+00:00, run_after=2021-01-01 00:00:00+00:00
[2026-09-21T18:13:58.772+0200] {processor.py:208} INFO - Processing /Users/swarnalidatta/Desktop/AutoQueryChatbot/.airflow-venv/lib/python3.12/site-packages/airflow/example_dags/example_trigger_controller_dag.py took 0.040 seconds
[2026-09-21T19:01:05.874+0200] {processor.py:186} INFO - Started process (PID=9851) to work on /Users/swarnalidatta/Desktop/AutoQueryChatbot/.airflow-venv/lib/python3.12/site-packages/airflow/example_dags/example_trigger_controller_dag.py
[2026-09-21T19:01:05.875+0200] {processor.py:914} INFO - Processing file /Users/swarnalidatta/Desktop/AutoQueryChatbot/.airflow-venv/lib/python3.12/site-packages/airflow/example_dags/example_trigger_controller_dag.py for tasks to queue
[2026-09-21T19:01:05.875+0200] {logging_mixin.py:190} INFO - [2026-09-21T19:01:05.875+0200] {dagbag.py:588} INFO - Filling up the DagBag from /Users/swarnalidatta/Desktop/AutoQueryChatbot/.airflow-venv/lib/python3.12/site-packages/airflow/example_dags/example_trigger_controller_dag.py
[2026-09-21T19:01:05.878+0200] {processor.py:925} INFO - DAG(s) 'example_trigger_controller_dag' retrieved from /Users/swarnalidatta/Desktop/AutoQueryChatbot/.airflow-venv/lib/python3.12/site-packages/airflow/example_dags/example_trigger_controller_dag.py
[2026-09-21T19:01:05.904+0200] {logging_mixin.py:190} INFO - [2026-09-21T19:01:05.904+0200] {dag.py:3239} INFO - Sync 1 DAGs
[2026-09-21T19:01:05.908+0200] {logging_mixin.py:190} INFO - [2026-09-21T19:01:05.908+0200] {dag.py:4180} INFO - Setting next_dagrun for example_trigger_controller_dag to 2021-01-01 00:00:00+00:00, run_after=2021-01-01 00:00:00+00:00
[2026-09-21T19:01:05.913+0200] {processor.py:208} INFO - Processing /Users/swarnalidatta/Desktop/AutoQueryChatbot/.airflow-venv/lib/python3.12/site-packages/airflow/example_dags/example_trigger_controller_dag.py took 0.040 seconds
[2026-09-21T19:11:03.491+0200] {processor.py:186} INFO - Started process (PID=10085) to work on /Users/swarnalidatta/Desktop/AutoQueryChatbot/.airflow-venv/lib/python3.12/site-packages/airflow/example_dags/example_trigger_controller_dag.py
[2026-09-21T19:11:03.492+0200] {processor.py:914} INFO - Processing file /Users/swarnalidatta/Desktop/AutoQueryChatbot/.airflow-venv/lib/python3.12/site-packages/airflow/example_dags/example_trigger_controller_dag.py for tasks to queue
[2026-09-21T19:11:03.492+0200] {logging_mixin.py:190} INFO - [2026-09-21T19:11:03.492+0200] {dagbag.py:588} INFO - Filling up the DagBag from /Users/swarnalidatta/Desktop/AutoQueryChatbot/.airflow-venv/lib/python3.12/site-packages/airflow/example_dags/example_trigger_controller_dag.py
[2026-09-21T19:11:03.495+0200] {processor.py:925} INFO - DAG(s) 'example_trigger_controller_dag' retrieved from /Users/swarnalidatta/Desktop/AutoQueryChatbot/.airflow-venv/lib/python3.12/site-packages/airflow/example_dags/example_trigger_controller_dag.py
[2026-09-21T19:11:03.519+0200] {logging_mixin.py:190} INFO - [2026-09-21T19:11:03.519+0200] {dag.py:3239} INFO - Sync 1 DAGs
[2026-09-21T19:11:03.523+0200] {logging_mixin.py:190} INFO - [2026-09-21T19:11:03.523+0200] {dag.py:4180} INFO - Setting next_dagrun for example_trigger_controller_dag to 2021-01-01 00:00:00+00:00, run_after=2021-01-01 00:00:00+00:00
[2026-09-21T19:11:03.528+0200] {processor.py:208} INFO - Processing /Users/swarnalidatta/Desktop/AutoQueryChatbot/.airflow-venv/lib/python3.12/site-packages/airflow/example_dags/example_trigger_controller_dag.py took 0.038 seconds
[2026-09-21T21:24:27.202+0200] {processor.py:186} INFO - Started process (PID=10279) to work on /Users/swarnalidatta/Desktop/AutoQueryChatbot/.airflow-venv/lib/python3.12/site-packages/airflow/example_dags/example_trigger_controller_dag.py
[2026-09-21T21:24:27.203+0200] {processor.py:914} INFO - Processing file /Users/swarnalidatta/Desktop/AutoQueryChatbot/.airflow-venv/lib/python3.12/site-packages/airflow/example_dags/example_trigger_controller_dag.py for tasks to queue
[2026-09-21T21:24:27.203+0200] {logging_mixin.py:190} INFO - [2026-09-21T21:24:27.203+0200] {dagbag.py:588} INFO - Filling up the DagBag from /Users/swarnalidatta/Desktop/AutoQueryChatbot/.airflow-venv/lib/python3.12/site-packages/airflow/example_dags/example_trigger_controller_dag.py
[2026-09-21T21:24:27.207+0200] {processor.py:925} INFO - DAG(s) 'example_trigger_controller_dag' retrieved from /Users/swarnalidatta/Desktop/AutoQueryChatbot/.airflow-venv/lib/python3.12/site-packages/airflow/example_dags/example_trigger_controller_dag.py
[2026-09-21T21:24:27.230+0200] {logging_mixin.py:190} INFO - [2026-09-21T21:24:27.230+0200] {dag.py:3239} INFO - Sync 1 DAGs
[2026-09-21T21:24:27.235+0200] {logging_mixin.py:190} INFO - [2026-09-21T21:24:27.235+0200] {dag.py:4180} INFO - Setting next_dagrun for example_trigger_controller_dag to 2021-01-01 00:00:00+00:00, run_after=2021-01-01 00:00:00+00:00
[2026-09-21T21:24:27.239+0200] {processor.py:208} INFO - Processing /Users/swarnalidatta/Desktop/AutoQueryChatbot/.airflow-venv/lib/python3.12/site-packages/airflow/example_dags/example_trigger_controller_dag.py took 0.039 seconds
[2026-09-22T00:38:24.263+0200] {processor.py:186} INFO - Started process (PID=10573) to work on /Users/swarnalidatta/Desktop/AutoQueryChatbot/.airflow-venv/lib/python3.12/site-packages/airflow/example_dags/example_trigger_controller_dag.py
[2026-09-22T00:38:24.264+0200] {processor.py:914} INFO - Processing file /Users/swarnalidatta/Desktop/AutoQueryChatbot/.airflow-venv/lib/python3.12/site-packages/airflow/example_dags/example_trigger_controller_dag.py for tasks to queue
[2026-09-22T00:38:24.264+0200] {logging_mixin.py:190} INFO - [2026-09-22T00:38:24.264+0200] {dagbag.py:588} INFO - Filling up the DagBag from /Users/swarnalidatta/Desktop/AutoQueryChatbot/.airflow-venv/lib/python3.12/site-packages/airflow/example_dags/example_trigger_controller_dag.py
[2026-09-22T00:38:24.268+0200] {processor.py:925} INFO - DAG(s) 'example_trigger_controller_dag' retrieved from /Users/swarnalidatta/Desktop/AutoQueryChatbot/.airflow-venv/lib/python3.12/site-packages/airflow/example_dags/example_trigger_controller_dag.py
[2026-09-22T00:38:24.292+0200] {logging_mixin.py:190} INFO - [2026-09-22T00:38:24.291+0200] {dag.py:3239} INFO - Sync 1 DAGs
[2026-09-22T00:38:24.296+0200] {logging_mixin.py:190} INFO - [2026-09-22T00:38:24.296+0200] {dag.py:4180} INFO - Setting next_dagrun for example_trigger_controller_dag to 2021-01-01 00:00:00+00:00, run_after=2021-01-01 00:00:00+00:00
[2026-09-22T00:38:24.301+0200] {processor.py:208} INFO - Processing /Users/swarnalidatta/Desktop/AutoQueryChatbot/.airflow-venv/lib/python3.12/site-packages/airflow/example_dags/example_trigger_controller_dag.py took 0.038 seconds
