[2026-09-21T03:18:51.530+0200] {processor.py:186} INFO - Started process (PID=7847) to work on /Users/swarnalidatta/Desktop/AutoQueryChatbot/.airflow-venv/lib/python3.12/site-packages/airflow/example_dags/example_python_decorator.py
[2026-09-21T03:18:51.531+0200] {processor.py:914} INFO - Processing file /Users/swarnalidatta/Desktop/AutoQueryChatbot/.airflow-venv/lib/python3.12/site-packages/airflow/example_dags/example_python_decorator.py for tasks to queue
[2026-09-21T03:18:51.531+0200] {logging_mixin.py:190} INFO - [2026-09-21T03:18:51.531+0200] {dagbag.py:588} INFO - Filling up the DagBag from /Users/swarnalidatta/Desktop/AutoQueryChatbot/.airflow-venv/lib/python3.12/site-packages/airflow/example_dags/example_python_decorator.py
[2026-09-21T03:18:51.543+0200] {logging_mixin.py:190} INFO - [2026-09-21T03:18:51.543+0200] {example_python_decorator.py:80} WARNING - The virtalenv_python example task requires virtualenv, please install it.
[2026-09-21T03:18:51.544+0200] {processor.py:925} INFO - DAG(s) 'example_python_decorator' retrieved from /Users/swarnalidatta/Desktop/AutoQueryChatbot/.airflow-venv/lib/python3.12/site-packages/airflow/example_dags/example_python_decorator.py
[2026-09-21T03:18:51.590+0200] {logging_mixin.py:190} INFO - [2026-09-21T03:18:51.569+0200] {dag.py:3239} INFO - Sync 1 DAGs
[2026-09-21T03:18:51.593+0200] {logging_mixin.py:190} INFO - [2026-09-21T03:18:51.593+0200] {dag.py:4180} INFO - Setting next_dagrun for example_python_decorator to None, run_after=None
[2026-09-21T03:18:51.598+0200] {processor.py:208} INFO - Processing /Users/swarnalidatta/Desktop/AutoQueryChatbot/.airflow-venv/lib/python3.12/site-packages/airflow/example_dags/example_python_decorator.py took 0.068 seconds
[2026-09-21T07:39:59.770+0200] {processor.py:186} INFO - Started process (PID=8146) to work on /Users/swarnalidatta/Desktop/AutoQueryChatbot/.airflow-venv/lib/python3.12/site-packages/airflow/example_dags/example_python_decorator.py
[2026-09-21T07:39:59.771+0200] {processor.py:914} INFO - Processing file /Users/swarnalidatta/Desktop/AutoQueryChatbot/.airflow-venv/lib/python3.12/site-packages/airflow/example_dags/example_python_decorator.py for tasks to queue
[2026-09-21T07:39:59.772+0200] {logging_mixin.py:190} INFO - [2026-09-21T07:39:59.772+0200] {dagbag.py:588} INFO - Filling up the DagBag from /Users/swarnalidatta/Desktop/AutoQueryChatbot/.airflow-venv/lib/python3.12/site-packages/airflow/example_dags/example_python_decorator.py
[2026-09-21T07:39:59.802+0200] {logging_mixin.py:190} INFO - [2026-09-21T07:39:59.802+0200] {example_python_decorator.py:80} WARNING - The virtalenv_python example task requires virtualenv, please install it.
[2026-09-21T07:39:59.804+0200] {processor.py:925} INFO - DAG(s) 'example_python_decorator' retrieved from /Users/swarnalidatta/Desktop/AutoQueryChatbot/.airflow-venv/lib/python3.12/site-packages/airflow/example_dags/example_python_decorator.py
[2026-09-21T07:39:59.903+0200] {logging_mixin.py:190} INFO - [2026-09-21T07:39:59.861+0200] {dag.py:3239} INFO - Sync 1 DAGs
[2026-09-21T07:39:59.909+0200] {logging_mixin.py:190} INFO - [2026-09-21T07:39:59.909+0200] {dag.py:4180} INFO - Setting next_dagrun for example_python_decorator to None, run_after=None
[2026-09-21T07:39:59.919+0200] {processor.py:208} INFO - Processing /Users/swarnalidatta/Desktop/AutoQueryChatbot/.airflow-venv/lib/python3.12/site-packages/airflow/example_dags/example_python_decorator.py took 0.151 seconds
[2026-09-21T10:56:05.909+0200] {processor.py:186} INFO - Started process (PID=8438) to work on /Users/swarnalidatta/Desktop/AutoQueryChatbot/.airflow-venv/lib/python3.12/site-packages/airflow/example_dags/example_python_decorator.py
[2026-09-21T10:56:05.910+0200] {processor.py:914} INFO - Processing file /Users/swarnalidatta/Desktop/AutoQueryChatbot/.airflow-venv/lib/python3.12/site-packages/airflow/example_dags/example_python_decorator.py for tasks to queue
[2026-09-21T10:56:05.910+0200] {logging_mixin.py:190} INFO - [2026-09-21T10:56:05.910+0200] {dagbag.py:588} INFO - Filling up the DagBag from /Users/swarnalidatta/Desktop/AutoQueryChatbot/.airflow-venv/lib/python3.12/site-packages/airflow/example_dags/example_python_decorator.py
[2026-09-21T10:56:05.922+0200] {logging_mixin.py:190} INFO - [2026-09-21T10:56:05.922+0200] {example_python_decorator.py:80} WARNING - The virtalenv_python example task requires virtualenv, please install it.
[2026-09-21T10:56:05.923+0200] {processor.py:925} INFO - DAG(s) 'example_python_decorator' retrieved from /Users/swarnalidatta/Desktop/AutoQueryChatbot/.airflow-venv/lib/python3.12/site-packages/airflow/example_dags/example_python_decorator.py
[2026-09-21T10:56:05.968+0200] {logging_mixin.py:190} INFO - [2026-09-21T10:56:05.948+0200] {dag.py:3239} INFO - Sync 1 DAGs
[2026-09-21T10:56:05.971+0200] {logging_mixin.py:190} INFO - [2026-09-21T10:56:05.971+0200] {dag.py:4180} INFO - Setting next_dagrun for example_python_decorator to None, run_after=None
[2026-09-21T10:56:05.976+0200] {processor.py:208} INFO - Processing /Users/swarnalidatta/Desktop/AutoQueryChatbot/.airflow-venv/lib/python3.12/site-packages/airflow/example_dags/example_python_decorator.py took 0.068 seconds
[2026-09-21T13:51:33.995+0200] {processor.py:186} INFO - Started process (PID=8717) to work on /Users/swarnalidatta/Desktop/AutoQueryChatbot/.airflow-venv/lib/python3.12/site-packages/airflow/example_dags/example_python_decorator.py
[2026-09-21T13:51:33.995+0200] {processor.py:914} INFO - Processing file /Users/swarnalidatta/Desktop/AutoQueryChatbot/.airflow-venv/lib/python3.12/site-packages/airflow/example_dags/example_python_decorator.py for tasks to queue
[2026-09-21T13:51:33.995+0200] {logging_mixin.py:190} INFO - [2026-09-21T13:51:33.995+0200] {dagbag.py:588} INFO - Filling up the DagBag from /Users/swarnalidatta/Desktop/AutoQueryChatbot/.airflow-venv/lib/python3.12/site-packages/airflow/example_dags/example_python_decorator.py
[2026-09-21T13:51:34.008+0200] {logging_mixin.py:190} INFO - [2026-09-21T13:51:34.008+0200] {example_python_decorator.py:80} WARNING - The virtalenv_python example task requires virtualenv, please install it.
[2026-09-21T13:51:34.009+0200] {processor.py:925} INFO - DAG(s) 'example_python_decorator' retrieved from /Users/swarnalidatta/Desktop/AutoQueryChatbot/.airflow-venv/lib/python3.12/site-packages/airflow/example_dags/example_python_decorator.py
[2026-09-21T13:51:34.055+0200] {logging_mixin.py:190} INFO - [2026-09-21T13:51:34.035+0200] {dag.py:3239} INFO - Sync 1 DAGs
[2026-09-21T13:51:34.059+0200] {logging_mixin.py:190} INFO - [2026-09-21T13:51:34.058+0200] {dag.py:4180} INFO - Setting next_dagrun for example_python_decorator to None, run_after=None
[2026-09-21T13:51:34.064+0200] {processor.py:208} INFO - Processing /Users/swarnalidatta/Desktop/AutoQueryChatbot/.airflow-venv/lib/python3.12/site-packages/airflow/example_dags/example_python_decorator.py took 0.070 seconds
[2026-09-21T13:53:04.114+0200] {processor.py:186} INFO - Started process (PID=8918) to work on /Users/swarnalidatta/Desktop/AutoQueryChatbot/.airflow-venv/lib/python3.12/site-packages/airflow/example_dags/example_python_decorator.py
[2026-09-21T13:53:04.115+0200] {processor.py:914} INFO - Processing file /Users/swarnalidatta/Desktop/AutoQueryChatbot/.airflow-venv/lib/python3.12/site-packages/airflow/example_dags/example_python_decorator.py for tasks to queue
[2026-09-21T13:53:04.115+0200] {logging_mixin.py:190} INFO - [2026-09-21T13:53:04.115+0200] {dagbag.py:588} INFO - Filling up the DagBag from /Users/swarnalidatta/Desktop/AutoQueryChatbot/.airflow-venv/lib/python3.12/site-packages/airflow/example_dags/example_python_decorator.py
[2026-09-21T13:53:04.127+0200] {logging_mixin.py:190} INFO - [2026-09-21T13:53:04.127+0200] {example_python_decorator.py:80} WARNING - The virtalenv_python example task requires virtualenv, please install it.
[2026-09-21T13:53:04.128+0200] {processor.py:925} INFO - DAG(s) 'example_python_decorator' retrieved from /Users/swarnalidatta/Desktop/AutoQueryChatbot/.airflow-venv/lib/python3.12/site-packages/airflow/example_dags/example_python_decorator.py
[2026-09-21T13:53:04.173+0200] {logging_mixin.py:190} INFO - [2026-09-21T13:53:04.153+0200] {dag.py:3239} INFO - Sync 1 DAGs
[2026-09-21T13:53:04.176+0200] {logging_mixin.py:190} INFO - [2026-09-21T13:53:04.176+0200] {dag.py:4180} INFO - Setting next_dagrun for example_python_decorator to None, run_after=None
[2026-09-21T13:53:04.181+0200] {processor.py:208} INFO - Processing /Users/swarnalidatta/Desktop/AutoQueryChatbot/.airflow-venv/lib/python3.12/site-packages/airflow/example_dags/example_python_decorator.py took 0.068 seconds
[2026-09-21T14:18:59.202+0200] {processor.py:186} INFO - Started process (PID=9081) to work on /Users/swarnalidatta/Desktop/AutoQueryChatbot/.airflow-venv/lib/python3.12/site-packages/airflow/example_dags/example_python_decorator.py
[2026-09-21T14:18:59.203+0200] {processor.py:914} INFO - Processing file /Users/swarnalidatta/Desktop/AutoQueryChatbot/.airflow-venv/lib/python3.12/site-packages/airflow/example_dags/example_python_decorator.py for tasks to queue
[2026-09-21T14:18:59.204+0200] {logging_mixin.py:190} INFO - [2026-09-21T14:18:59.204+0200] {dagbag.py:588} INFO - Filling up the DagBag from /Users/swarnalidatta/Desktop/AutoQueryChatbot/.airflow-venv/lib/python3.12/site-packages/airflow/example_dags/example_python_decorator.py
[2026-09-21T14:18:59.235+0200] {logging_mixin.py:190} INFO - [2026-09-21T14:18:59.234+0200] {example_python_decorator.py:80} WARNING - The virtalenv_python example task requires virtualenv, please install it.
[2026-09-21T14:18:59.236+0200] {processor.py:925} INFO - DAG(s) 'example_python_decorator' retrieved from /Users/swarnalidatta/Desktop/AutoQueryChatbot/.airflow-venv/lib/python3.12/site-packages/airflow/example_dags/example_python_decorator.py
[2026-09-21T14:18:59.342+0200] {logging_mixin.py:190} INFO - [2026-09-21T14:18:59.294+0200] {dag.py:3239} INFO - Sync 1 DAGs
[2026-09-21T14:18:59.347+0200] {logging_mixin.py:190} INFO - [2026-09-21T14:18:59.347+0200] {dag.py:4180} INFO - Setting next_dagrun for example_python_decorator to None, run_after=None
[2026-09-21T14:18:59.356+0200] {processor.py:208} INFO - Processing /Users/swarnalidatta/Desktop/AutoQueryChatbot/.airflow-venv/lib/python3.12/site-packages/airflow/example_dags/example_python_decorator.py took 0.156 seconds
[2026-09-21T17:22:55.013+0200] {processor.py:186} INFO - Started process (PID=9374) to work on /Users/swarnalidatta/Desktop/AutoQueryChatbot/.airflow-venv/lib/python3.12/site-packages/airflow/example_dags/example_python_decorator.py
[2026-09-21T17:22:55.014+0200] {processor.py:914} INFO - Processing file /Users/swarnalidatta/Desktop/AutoQueryChatbot/.airflow-venv/lib/python3.12/site-packages/airflow/example_dags/example_python_decorator.py for tasks to queue
[2026-09-21T17:22:55.015+0200] {logging_mixin.py:190} INFO - [2026-09-21T17:22:55.014+0200] {dagbag.py:588} INFO - Filling up the DagBag from /Users/swarnalidatta/Desktop/AutoQueryChatbot/.airflow-venv/lib/python3.12/site-packages/airflow/example_dags/example_python_decorator.py
[2026-09-21T17:22:55.044+0200] {logging_mixin.py:190} INFO - [2026-09-21T17:22:55.044+0200] {example_python_decorator.py:80} WARNING - The virtalenv_python example task requires virtualenv, please install it.
[2026-09-21T17:22:55.046+0200] {processor.py:925} INFO - DAG(s) 'example_python_decorator' retrieved from /Users/swarnalidatta/Desktop/AutoQueryChatbot/.airflow-venv/lib/python3.12/site-packages/airflow/example_dags/example_python_decorator.py
[2026-09-21T17:22:55.150+0200] {logging_mixin.py:190} INFO - [2026-09-21T17:22:55.103+0200] {dag.py:3239} INFO - Sync 1 DAGs
[2026-09-21T17:22:55.155+0200] {logging_mixin.py:190} INFO - [2026-09-21T17:22:55.155+0200] {dag.py:4180} INFO - Setting next_dagrun for example_python_decorator to None, run_after=None
[2026-09-21T17:22:55.164+0200] {processor.py:208} INFO - Processing /Users/swarnalidatta/Desktop/AutoQueryChatbot/.airflow-venv/lib/python3.12/site-packages/airflow/example_dags/example_python_decorator.py took 0.153 seconds
[2026-09-21T18:13:20.516+0200] {processor.py:186} INFO - Started process (PID=9603) to work on /Users/swarnalidatta/Desktop/AutoQueryChatbot/.airflow-venv/lib/python3.12/site-packages/airflow/example_dags/example_python_decorator.py
[2026-09-21T18:13:20.517+0200] {processor.py:914} INFO - Processing file /Users/swarnalidatta/Desktop/AutoQueryChatbot/.airflow-venv/lib/python3.12/site-packages/airflow/example_dags/example_python_decorator.py for tasks to queue
[2026-09-21T18:13:20.517+0200] {logging_mixin.py:190} INFO - [2026-09-21T18:13:20.517+0200] {dagbag.py:588} INFO - Filling up the DagBag from /Users/swarnalidatta/Desktop/AutoQueryChatbot/.airflow-venv/lib/python3.12/site-packages/airflow/example_dags/example_python_decorator.py
[2026-09-21T18:13:20.529+0200] {logging_mixin.py:190} INFO - [2026-09-21T18:13:20.529+0200] {example_python_decorator.py:80} WARNING - The virtalenv_python example task requires virtualenv, please install it.
[2026-09-21T18:13:20.530+0200] {processor.py:925} INFO - DAG(s) 'example_python_decorator' retrieved from /Users/swarnalidatta/Desktop/AutoQueryChatbot/.airflow-venv/lib/python3.12/site-packages/airflow/example_dags/example_python_decorator.py
[2026-09-21T18:13:20.576+0200] {logging_mixin.py:190} INFO - [2026-09-21T18:13:20.556+0200] {dag.py:3239} INFO - Sync 1 DAGs
[2026-09-21T18:13:20.579+0200] {logging_mixin.py:190} INFO - [2026-09-21T18:13:20.579+0200] {dag.py:4180} INFO - Setting next_dagrun for example_python_decorator to None, run_after=None
[2026-09-21T18:13:20.584+0200] {processor.py:208} INFO - Processing /Users/swarnalidatta/Desktop/AutoQueryChatbot/.airflow-venv/lib/python3.12/site-packages/airflow/example_dags/example_python_decorator.py took 0.069 seconds
[2026-09-21T19:09:59.929+0200] {processor.py:186} INFO - Started process (PID=9935) to work on /Users/swarnalidatta/Desktop/AutoQueryChatbot/.airflow-venv/lib/python3.12/site-packages/airflow/example_dags/example_python_decorator.py
[2026-09-21T19:09:59.929+0200] {processor.py:914} INFO - Processing file /Users/swarnalidatta/Desktop/AutoQueryChatbot/.airflow-venv/lib/python3.12/site-packages/airflow/example_dags/example_python_decorator.py for tasks to queue
[2026-09-21T19:09:59.929+0200] {logging_mixin.py:190} INFO - [2026-09-21T19:09:59.929+0200] {dagbag.py:588} INFO - Filling up the DagBag from /Users/swarnalidatta/Desktop/AutoQueryChatbot/.airflow-venv/lib/python3.12/site-packages/airflow/example_dags/example_python_decorator.py
[2026-09-21T19:09:59.941+0200] {logging_mixin.py:190} INFO - [2026-09-21T19:09:59.941+0200] {example_python_decorator.py:80} WARNING - The virtalenv_python example task requires virtualenv, please install it.
[2026-09-21T19:09:59.942+0200] {processor.py:925} INFO - DAG(s) 'example_python_decorator' retrieved from /Users/swarnalidatta/Desktop/AutoQueryChatbot/.airflow-venv/lib/python3.12/site-packages/airflow/example_dags/example_python_decorator.py
[2026-09-21T19:09:59.987+0200] {logging_mixin.py:190} INFO - [2026-09-21T19:09:59.967+0200] {dag.py:3239} INFO - Sync 1 DAGs
[2026-09-21T19:09:59.990+0200] {logging_mixin.py:190} INFO - [2026-09-21T19:09:59.990+0200] {dag.py:4180} INFO - Setting next_dagrun for example_python_decorator to None, run_after=None
[2026-09-21T19:09:59.995+0200] {processor.py:208} INFO - Processing /Users/swarnalidatta/Desktop/AutoQueryChatbot/.airflow-venv/lib/python3.12/site-packages/airflow/example_dags/example_python_decorator.py took 0.068 seconds
[2026-09-21T20:01:16.381+0200] {processor.py:186} INFO - Started process (PID=10156) to work on /Users/swarnalidatta/Desktop/AutoQueryChatbot/.airflow-venv/lib/python3.12/site-packages/airflow/example_dags/example_python_decorator.py
[2026-09-21T20:01:16.382+0200] {processor.py:914} INFO - Processing file /Users/swarnalidatta/Desktop/AutoQueryChatbot/.airflow-venv/lib/python3.12/site-packages/airflow/example_dags/example_python_decorator.py for tasks to queue
[2026-09-21T20:01:16.382+0200] {logging_mixin.py:190} INFO - [2026-09-21T20:01:16.382+0200] {dagbag.py:588} INFO - Filling up the DagBag from /Users/swarnalidatta/Desktop/AutoQueryChatbot/.airflow-venv/lib/python3.12/site-packages/airflow/example_dags/example_python_decorator.py
[2026-09-21T20:01:16.394+0200] {logging_mixin.py:190} INFO - [2026-09-21T20:01:16.394+0200] {example_python_decorator.py:80} WARNING - The virtalenv_python example task requires virtualenv, please install it.
[2026-09-21T20:01:16.395+0200] {processor.py:925} INFO - DAG(s) 'example_python_decorator' retrieved from /Users/swarnalidatta/Desktop/AutoQueryChatbot/.airflow-venv/lib/python3.12/site-packages/airflow/example_dags/example_python_decorator.py
[2026-09-21T20:01:16.441+0200] {logging_mixin.py:190} INFO - [2026-09-21T20:01:16.420+0200] {dag.py:3239} INFO - Sync 1 DAGs
[2026-09-21T20:01:16.444+0200] {logging_mixin.py:190} INFO - [2026-09-21T20:01:16.444+0200] {dag.py:4180} INFO - Setting next_dagrun for example_python_decorator to None, run_after=None
[2026-09-21T20:01:16.449+0200] {processor.py:208} INFO - Processing /Users/swarnalidatta/Desktop/AutoQueryChatbot/.airflow-venv/lib/python3.12/site-packages/airflow/example_dags/example_python_decorator.py took 0.069 seconds
[2026-09-21T22:07:54.492+0200] {processor.py:186} INFO - Started process (PID=10354) to work on /Users/swarnalidatta/Desktop/AutoQueryChatbot/.airflow-venv/lib/python3.12/site-packages/airflow/example_dags/example_python_decorator.py
[2026-09-21T22:07:54.492+0200] {processor.py:914} INFO - Processing file /Users/swarnalidatta/Desktop/AutoQueryChatbot/.airflow-venv/lib/python3.12/site-packages/airflow/example_dags/example_python_decorator.py for tasks to queue
[2026-09-21T22:07:54.492+0200] {logging_mixin.py:190} INFO - [2026-09-21T22:07:54.492+0200] {dagbag.py:588} INFO - Filling up the DagBag from /Users/swarnalidatta/Desktop/AutoQueryChatbot/.airflow-venv/lib/python3.12/site-packages/airflow/example_dags/example_python_decorator.py
[2026-09-21T22:07:54.505+0200] {logging_mixin.py:190} INFO - [2026-09-21T22:07:54.505+0200] {example_python_decorator.py:80} WARNING - The virtalenv_python example task requires virtualenv, please install it.
[2026-09-21T22:07:54.506+0200] {processor.py:925} INFO - DAG(s) 'example_python_decorator' retrieved from /Users/swarnalidatta/Desktop/AutoQueryChatbot/.airflow-venv/lib/python3.12/site-packages/airflow/example_dags/example_python_decorator.py
[2026-09-21T22:07:54.555+0200] {logging_mixin.py:190} INFO - [2026-09-21T22:07:54.534+0200] {dag.py:3239} INFO - Sync 1 DAGs
[2026-09-21T22:07:54.559+0200] {logging_mixin.py:190} INFO - [2026-09-21T22:07:54.558+0200] {dag.py:4180} INFO - Setting next_dagrun for example_python_decorator to None, run_after=None
[2026-09-21T22:07:54.564+0200] {processor.py:208} INFO - Processing /Users/swarnalidatta/Desktop/AutoQueryChatbot/.airflow-venv/lib/python3.12/site-packages/airflow/example_dags/example_python_decorator.py took 0.073 seconds
[2026-09-22T01:34:57.836+0200] {processor.py:186} INFO - Started process (PID=10648) to work on /Users/swarnalidatta/Desktop/AutoQueryChatbot/.airflow-venv/lib/python3.12/site-packages/airflow/example_dags/example_python_decorator.py
[2026-09-22T01:34:57.837+0200] {processor.py:914} INFO - Processing file /Users/swarnalidatta/Desktop/AutoQueryChatbot/.airflow-venv/lib/python3.12/site-packages/airflow/example_dags/example_python_decorator.py for tasks to queue
[2026-09-22T01:34:57.837+0200] {logging_mixin.py:190} INFO - [2026-09-22T01:34:57.837+0200] {dagbag.py:588} INFO - Filling up the DagBag from /Users/swarnalidatta/Desktop/AutoQueryChatbot/.airflow-venv/lib/python3.12/site-packages/airflow/example_dags/example_python_decorator.py
[2026-09-22T01:34:57.850+0200] {logging_mixin.py:190} INFO - [2026-09-22T01:34:57.850+0200] {example_python_decorator.py:80} WARNING - The virtalenv_python example task requires virtualenv, please install it.
[2026-09-22T01:34:57.850+0200] {processor.py:925} INFO - DAG(s) 'example_python_decorator' retrieved from /Users/swarnalidatta/Desktop/AutoQueryChatbot/.airflow-venv/lib/python3.12/site-packages/airflow/example_dags/example_python_decorator.py
[2026-09-22T01:34:57.896+0200] {logging_mixin.py:190} INFO - [2026-09-22T01:34:57.876+0200] {dag.py:3239} INFO - Sync 1 DAGs
[2026-09-22T01:34:57.899+0200] {logging_mixin.py:190} INFO - [2026-09-22T01:34:57.899+0200] {dag.py:4180} INFO - Setting next_dagrun for example_python_decorator to None, run_after=None
[2026-09-22T01:34:57.904+0200] {processor.py:208} INFO - Processing /Users/swarnalidatta/Desktop/AutoQueryChatbot/.airflow-venv/lib/python3.12/site-packages/airflow/example_dags/example_python_decorator.py took 0.069 seconds
