[2026-09-21T03:51:58.601+0200] {processor.py:186} INFO - Started process (PID=7881) to work on /Users/swarnalidatta/Desktop/AutoQueryChatbot/.airflow-venv/lib/python3.12/site-packages/airflow/example_dags/example_latest_only_with_trigger.py
[2026-09-21T03:51:58.602+0200] {processor.py:914} INFO - Processing file /Users/swarnalidatta/Desktop/AutoQueryChatbot/.airflow-venv/lib/python3.12/site-packages/airflow/example_dags/example_latest_only_with_trigger.py for tasks to queue
[2026-09-21T03:51:58.602+0200] {logging_mixin.py:190} INFO - [2026-09-21T03:51:58.602+0200] {dagbag.py:588} INFO - Filling up the DagBag from /Users/swarnalidatta/Desktop/AutoQueryChatbot/.airflow-venv/lib/python3.12/site-packages/airflow/example_dags/example_latest_only_with_trigger.py
[2026-09-21T03:51:58.604+0200] {processor.py:925} INFO - DAG(s) 'latest_only_with_trigger' retrieved from /Users/swarnalidatta/Desktop/AutoQueryChatbot/.airflow-venv/lib/python3.12/site-packages/airflow/example_dags/example_latest_only_with_trigger.py
[2026-09-21T03:51:58.630+0200] {logging_mixin.py:190} INFO - [2026-09-21T03:51:58.630+0200] {dag.py:3239} INFO - Sync 1 DAGs
[2026-09-21T03:51:58.635+0200] {logging_mixin.py:190} INFO - [2026-09-21T03:51:58.635+0200] {dag.py:4180} INFO - Setting next_dagrun for latest_only_with_trigger to 2026-09-20 20:00:00+00:00, run_after=2026-09-21 00:00:00+00:00
[2026-09-21T03:51:58.661+0200] {processor.py:208} INFO - Processing /Users/swarnalidatta/Desktop/AutoQueryChatbot/.airflow-venv/lib/python3.12/site-packages/airflow/example_dags/example_latest_only_with_trigger.py took 0.060 seconds
[2026-09-21T08:02:02.865+0200] {processor.py:186} INFO - Started process (PID=8178) to work on /Users/swarnalidatta/Desktop/AutoQueryChatbot/.airflow-venv/lib/python3.12/site-packages/airflow/example_dags/example_latest_only_with_trigger.py
[2026-09-21T08:02:02.866+0200] {processor.py:914} INFO - Processing file /Users/swarnalidatta/Desktop/AutoQueryChatbot/.airflow-venv/lib/python3.12/site-packages/airflow/example_dags/example_latest_only_with_trigger.py for tasks to queue
[2026-09-21T08:02:02.866+0200] {logging_mixin.py:190} INFO - [2026-09-21T08:02:02.866+0200] {dagbag.py:588} INFO - Filling up the DagBag from /Users/swarnalidatta/Desktop/AutoQueryChatbot/.airflow-venv/lib/python3.12/site-packages/airflow/example_dags/example_latest_only_with_trigger.py
[2026-09-21T08:02:02.868+0200] {processor.py:925} INFO - DAG(s) 'latest_only_with_trigger' retrieved from /Users/swarnalidatta/Desktop/AutoQueryChatbot/.airflow-venv/lib/python3.12/site-packages/airflow/example_dags/example_latest_only_with_trigger.py
[2026-09-21T08:02:02.894+0200] {logging_mixin.py:190} INFO - [2026-09-21T08:02:02.894+0200] {dag.py:3239} INFO - Sync 1 DAGs
[2026-09-21T08:02:02.898+0200] {logging_mixin.py:190} INFO - [2026-09-21T08:02:02.898+0200] {dag.py:4180} INFO - Setting next_dagrun for latest_only_with_trigger to 2026-09-21 00:00:00+00:00, run_after=2026-09-21 04:00:00+00:00
[2026-09-21T08:02:02.923+0200] {processor.py:208} INFO - Processing /Users/swarnalidatta/Desktop/AutoQueryChatbot/.airflow-venv/lib/python3.12/site-packages/airflow/example_dags/example_latest_only_with_trigger.py took 0.059 seconds
[2026-09-21T11:05:06.596+0200] {processor.py:186} INFO - Started process (PID=8465) to work on /Users/swarnalidatta/Desktop/AutoQueryChatbot/.airflow-venv/lib/python3.12/site-packages/airflow/example_dags/example_latest_only_with_trigger.py
[2026-09-21T11:05:06.597+0200] {processor.py:914} INFO - Processing file /Users/swarnalidatta/Desktop/AutoQueryChatbot/.airflow-venv/lib/python3.12/site-packages/airflow/example_dags/example_latest_only_with_trigger.py for tasks to queue
[2026-09-21T11:05:06.597+0200] {logging_mixin.py:190} INFO - [2026-09-21T11:05:06.597+0200] {dagbag.py:588} INFO - Filling up the DagBag from /Users/swarnalidatta/Desktop/AutoQueryChatbot/.airflow-venv/lib/python3.12/site-packages/airflow/example_dags/example_latest_only_with_trigger.py
[2026-09-21T11:05:06.600+0200] {processor.py:925} INFO - DAG(s) 'latest_only_with_trigger' retrieved from /Users/swarnalidatta/Desktop/AutoQueryChatbot/.airflow-venv/lib/python3.12/site-packages/airflow/example_dags/example_latest_only_with_trigger.py
[2026-09-21T11:05:06.625+0200] {logging_mixin.py:190} INFO - [2026-09-21T11:05:06.625+0200] {dag.py:3239} INFO - Sync 1 DAGs
[2026-09-21T11:05:06.629+0200] {logging_mixin.py:190} INFO - [2026-09-21T11:05:06.629+0200] {dag.py:4180} INFO - Setting next_dagrun for latest_only_with_trigger to 2026-09-21 04:00:00+00:00, run_after=2026-09-21 08:00:00+00:00
[2026-09-21T11:05:06.654+0200] {processor.py:208} INFO - Processing /Users/swarnalidatta/Desktop/AutoQueryChatbot/.airflow-venv/lib/python3.12/site-packages/airflow/example_dags/example_latest_only_with_trigger.py took 0.059 seconds
[2026-09-21T13:51:45.926+0200] {processor.py:186} INFO - Started process (PID=8742) to work on /Users/swarnalidatta/Desktop/AutoQueryChatbot/.airflow-venv/lib/python3.12/site-packages/airflow/example_dags/example_latest_only_with_trigger.py
[2026-09-21T13:51:45.927+0200] {processor.py:914} INFO - Processing file /Users/swarnalidatta/Desktop/AutoQueryChatbot/.airflow-venv/lib/python3.12/site-packages/airflow/example_dags/example_latest_only_with_trigger.py for tasks to queue
[2026-09-21T13:51:45.927+0200] {logging_mixin.py:190} INFO - [2026-09-21T13:51:45.927+0200] {dagbag.py:588} INFO - Filling up the DagBag from /Users/swarnalidatta/Desktop/AutoQueryChatbot/.airflow-venv/lib/python3.12/site-packages/airflow/example_dags/example_latest_only_with_trigger.py
[2026-09-21T13:51:45.929+0200] {processor.py:925} INFO - DAG(s) 'latest_only_with_trigger' retrieved from /Users/swarnalidatta/Desktop/AutoQueryChatbot/.airflow-venv/lib/python3.12/site-packages/airflow/example_dags/example_latest_only_with_trigger.py
[2026-09-21T13:51:45.955+0200] {logging_mixin.py:190} INFO - [2026-09-21T13:51:45.955+0200] {dag.py:3239} INFO - Sync 1 DAGs
[2026-09-21T13:51:45.959+0200] {logging_mixin.py:190} INFO - [2026-09-21T13:51:45.959+0200] {dag.py:4180} INFO - Setting next_dagrun for latest_only_with_trigger to 2026-09-21 04:00:00+00:00, run_after=2026-09-21 08:00:00+00:00
[2026-09-21T13:51:45.984+0200] {processor.py:208} INFO - Processing /Users/swarnalidatta/Desktop/AutoQueryChatbot/.airflow-venv/lib/python3.12/site-packages/airflow/example_dags/example_latest_only_with_trigger.py took 0.059 seconds
[2026-09-21T14:37:09.507+0200] {processor.py:186} INFO - Started process (PID=9118) to work on /Users/swarnalidatta/Desktop/AutoQueryChatbot/.airflow-venv/lib/python3.12/site-packages/airflow/example_dags/example_latest_only_with_trigger.py
[2026-09-21T14:37:09.508+0200] {processor.py:914} INFO - Processing file /Users/swarnalidatta/Desktop/AutoQueryChatbot/.airflow-venv/lib/python3.12/site-packages/airflow/example_dags/example_latest_only_with_trigger.py for tasks to queue
[2026-09-21T14:37:09.508+0200] {logging_mixin.py:190} INFO - [2026-09-21T14:37:09.508+0200] {dagbag.py:588} INFO - Filling up the DagBag from /Users/swarnalidatta/Desktop/AutoQueryChatbot/.airflow-venv/lib/python3.12/site-packages/airflow/example_dags/example_latest_only_with_trigger.py
[2026-09-21T14:37:09.510+0200] {processor.py:925} INFO - DAG(s) 'latest_only_with_trigger' retrieved from /Users/swarnalidatta/Desktop/AutoQueryChatbot/.airflow-venv/lib/python3.12/site-packages/airflow/example_dags/example_latest_only_with_trigger.py
[2026-09-21T14:37:09.537+0200] {logging_mixin.py:190} INFO - [2026-09-21T14:37:09.536+0200] {dag.py:3239} INFO - Sync 1 DAGs
[2026-09-21T14:37:09.541+0200] {logging_mixin.py:190} INFO - [2026-09-21T14:37:09.541+0200] {dag.py:4180} INFO - Setting next_dagrun for latest_only_with_trigger to 2026-09-21 08:00:00+00:00, run_after=2026-09-21 12:00:00+00:00
[2026-09-21T14:37:09.567+0200] {processor.py:208} INFO - Processing /Users/swarnalidatta/Desktop/AutoQueryChatbot/.airflow-venv/lib/python3.12/site-packages/airflow/example_dags/example_latest_only_with_trigger.py took 0.061 seconds
[2026-09-21T18:12:02.128+0200] {processor.py:186} INFO - Started process (PID=9421) to work on /Users/swarnalidatta/Desktop/AutoQueryChatbot/.airflow-venv/lib/python3.12/site-packages/airflow/example_dags/example_latest_only_with_trigger.py
[2026-09-21T18:12:02.129+0200] {processor.py:914} INFO - Processing file /Users/swarnalidatta/Desktop/AutoQueryChatbot/.airflow-venv/lib/python3.12/site-packages/airflow/example_dags/example_latest_only_with_trigger.py for tasks to queue
[2026-09-21T18:12:02.129+0200] {logging_mixin.py:190} INFO - [2026-09-21T18:12:02.129+0200] {dagbag.py:588} INFO - Filling up the DagBag from /Users/swarnalidatta/Desktop/AutoQueryChatbot/.airflow-venv/lib/python3.12/site-packages/airflow/example_dags/example_latest_only_with_trigger.py
[2026-09-21T18:12:02.131+0200] {processor.py:925} INFO - DAG(s) 'latest_only_with_trigger' retrieved from /Users/swarnalidatta/Desktop/AutoQueryChatbot/.airflow-venv/lib/python3.12/site-packages/airflow/example_dags/example_latest_only_with_trigger.py
[2026-09-21T18:12:02.158+0200] {logging_mixin.py:190} INFO - [2026-09-21T18:12:02.157+0200] {dag.py:3239} INFO - Sync 1 DAGs
[2026-09-21T18:12:02.162+0200] {logging_mixin.py:190} INFO - [2026-09-21T18:12:02.162+0200] {dag.py:4180} INFO - Setting next_dagrun for latest_only_with_trigger to 2026-09-21 12:00:00+00:00, run_after=2026-09-21 16:00:00+00:00
[2026-09-21T18:12:02.188+0200] {processor.py:208} INFO - Processing /Users/swarnalidatta/Desktop/AutoQueryChatbot/.airflow-venv/lib/python3.12/site-packages/airflow/example_dags/example_latest_only_with_trigger.py took 0.061 seconds
[2026-09-21T18:13:31.224+0200] {processor.py:186} INFO - Started process (PID=9627) to work on /Users/swarnalidatta/Desktop/AutoQueryChatbot/.airflow-venv/lib/python3.12/site-packages/airflow/example_dags/example_latest_only_with_trigger.py
[2026-09-21T18:13:31.224+0200] {processor.py:914} INFO - Processing file /Users/swarnalidatta/Desktop/AutoQueryChatbot/.airflow-venv/lib/python3.12/site-packages/airflow/example_dags/example_latest_only_with_trigger.py for tasks to queue
[2026-09-21T18:13:31.225+0200] {logging_mixin.py:190} INFO - [2026-09-21T18:13:31.225+0200] {dagbag.py:588} INFO - Filling up the DagBag from /Users/swarnalidatta/Desktop/AutoQueryChatbot/.airflow-venv/lib/python3.12/site-packages/airflow/example_dags/example_latest_only_with_trigger.py
[2026-09-21T18:13:31.227+0200] {processor.py:925} INFO - DAG(s) 'latest_only_with_trigger' retrieved from /Users/swarnalidatta/Desktop/AutoQueryChatbot/.airflow-venv/lib/python3.12/site-packages/airflow/example_dags/example_latest_only_with_trigger.py
[2026-09-21T18:13:31.252+0200] {logging_mixin.py:190} INFO - [2026-09-21T18:13:31.252+0200] {dag.py:3239} INFO - Sync 1 DAGs
[2026-09-21T18:13:31.257+0200] {logging_mixin.py:190} INFO - [2026-09-21T18:13:31.257+0200] {dag.py:4180} INFO - Setting next_dagrun for latest_only_with_trigger to 2026-09-21 12:00:00+00:00, run_after=2026-09-21 16:00:00+00:00
[2026-09-21T18:13:31.283+0200] {processor.py:208} INFO - Processing /Users/swarnalidatta/Desktop/AutoQueryChatbot/.airflow-venv/lib/python3.12/site-packages/airflow/example_dags/example_latest_only_with_trigger.py took 0.060 seconds
[2026-09-21T19:10:10.746+0200] {processor.py:186} INFO - Started process (PID=9964) to work on /Users/swarnalidatta/Desktop/AutoQueryChatbot/.airflow-venv/lib/python3.12/site-packages/airflow/example_dags/example_latest_only_with_trigger.py
[2026-09-21T19:10:10.746+0200] {processor.py:914} INFO - Processing file /Users/swarnalidatta/Desktop/AutoQueryChatbot/.airflow-venv/lib/python3.12/site-packages/airflow/example_dags/example_latest_only_with_trigger.py for tasks to queue
[2026-09-21T19:10:10.746+0200] {logging_mixin.py:190} INFO - [2026-09-21T19:10:10.746+0200] {dagbag.py:588} INFO - Filling up the DagBag from /Users/swarnalidatta/Desktop/AutoQueryChatbot/.airflow-venv/lib/python3.12/site-packages/airflow/example_dags/example_latest_only_with_trigger.py
[2026-09-21T19:10:10.748+0200] {processor.py:925} INFO - DAG(s) 'latest_only_with_trigger' retrieved from /Users/swarnalidatta/Desktop/AutoQueryChatbot/.airflow-venv/lib/python3.12/site-packages/airflow/example_dags/example_latest_only_with_trigger.py
[2026-09-21T19:10:10.774+0200] {logging_mixin.py:190} INFO - [2026-09-21T19:10:10.774+0200] {dag.py:3239} INFO - Sync 1 DAGs
[2026-09-21T19:10:10.778+0200] {logging_mixin.py:190} INFO - [2026-09-21T19:10:10.778+0200] {dag.py:4180} INFO - Setting next_dagrun for latest_only_with_trigger to 2026-09-21 12:00:00+00:00, run_after=2026-09-21 16:00:00+00:00
[2026-09-21T19:10:10.803+0200] {processor.py:208} INFO - Processing /Users/swarnalidatta/Desktop/AutoQueryChatbot/.airflow-venv/lib/python3.12/site-packages/airflow/example_dags/example_latest_only_with_trigger.py took 0.059 seconds
[2026-09-21T22:41:08.343+0200] {processor.py:186} INFO - Started process (PID=10393) to work on /Users/swarnalidatta/Desktop/AutoQueryChatbot/.airflow-venv/lib/python3.12/site-packages/airflow/example_dags/example_latest_only_with_trigger.py
[2026-09-21T22:41:08.343+0200] {processor.py:914} INFO - Processing file /Users/swarnalidatta/Desktop/AutoQueryChatbot/.airflow-venv/lib/python3.12/site-packages/airflow/example_dags/example_latest_only_with_trigger.py for tasks to queue
[2026-09-21T22:41:08.344+0200] {logging_mixin.py:190} INFO - [2026-09-21T22:41:08.344+0200] {dagbag.py:588} INFO - Filling up the DagBag from /Users/swarnalidatta/Desktop/AutoQueryChatbot/.airflow-venv/lib/python3.12/site-packages/airflow/example_dags/example_latest_only_with_trigger.py
[2026-09-21T22:41:08.346+0200] {processor.py:925} INFO - DAG(s) 'latest_only_with_trigger' retrieved from /Users/swarnalidatta/Desktop/AutoQueryChatbot/.airflow-venv/lib/python3.12/site-packages/airflow/example_dags/example_latest_only_with_trigger.py
[2026-09-21T22:41:08.372+0200] {logging_mixin.py:190} INFO - [2026-09-21T22:41:08.372+0200] {dag.py:3239} INFO - Sync 1 DAGs
[2026-09-21T22:41:08.376+0200] {logging_mixin.py:190} INFO - [2026-09-21T22:41:08.376+0200] {dag.py:4180} INFO - Setting next_dagrun for latest_only_with_trigger to 2026-09-21 16:00:00+00:00, run_after=2026-09-21 20:00:00+00:00
[2026-09-21T22:41:08.401+0200] {processor.py:208} INFO - Processing /Users/swarnalidatta/Desktop/AutoQueryChatbot/.airflow-venv/lib/python3.12/site-packages/airflow/example_dags/example_latest_only_with_trigger.py took 0.059 seconds
