[2026-09-21T04:50:27.136+0200] {processor.py:186} INFO - Started process (PID=7931) to work on /Users/swarnalidatta/Desktop/AutoQueryChatbot/.airflow-venv/lib/python3.12/site-packages/airflow/example_dags/example_dag_decorator.py
[2026-09-21T04:50:27.136+0200] {processor.py:914} INFO - Processing file /Users/swarnalidatta/Desktop/AutoQueryChatbot/.airflow-venv/lib/python3.12/site-packages/airflow/example_dags/example_dag_decorator.py for tasks to queue
[2026-09-21T04:50:27.137+0200] {logging_mixin.py:190} INFO - [2026-09-21T04:50:27.137+0200] {dagbag.py:588} INFO - Filling up the DagBag from /Users/swarnalidatta/Desktop/AutoQueryChatbot/.airflow-venv/lib/python3.12/site-packages/airflow/example_dags/example_dag_decorator.py
[2026-09-21T04:50:27.204+0200] {processor.py:925} INFO - DAG(s) 'example_dag_decorator' retrieved from /Users/swarnalidatta/Desktop/AutoQueryChatbot/.airflow-venv/lib/python3.12/site-packages/airflow/example_dags/example_dag_decorator.py
[2026-09-21T04:50:27.252+0200] {logging_mixin.py:190} INFO - [2026-09-21T04:50:27.252+0200] {dag.py:3239} INFO - Sync 1 DAGs
[2026-09-21T04:50:27.255+0200] {logging_mixin.py:190} INFO - [2026-09-21T04:50:27.255+0200] {dag.py:4180} INFO - Setting next_dagrun for example_dag_decorator to None, run_after=None
[2026-09-21T04:50:27.260+0200] {processor.py:208} INFO - Processing /Users/swarnalidatta/Desktop/AutoQueryChatbot/.airflow-venv/lib/python3.12/site-packages/airflow/example_dags/example_dag_decorator.py took 0.125 seconds
[2026-09-21T08:51:38.515+0200] {processor.py:186} INFO - Started process (PID=8238) to work on /Users/swarnalidatta/Desktop/AutoQueryChatbot/.airflow-venv/lib/python3.12/site-packages/airflow/example_dags/example_dag_decorator.py
[2026-09-21T08:51:38.515+0200] {processor.py:914} INFO - Processing file /Users/swarnalidatta/Desktop/AutoQueryChatbot/.airflow-venv/lib/python3.12/site-packages/airflow/example_dags/example_dag_decorator.py for tasks to queue
[2026-09-21T08:51:38.515+0200] {logging_mixin.py:190} INFO - [2026-09-21T08:51:38.515+0200] {dagbag.py:588} INFO - Filling up the DagBag from /Users/swarnalidatta/Desktop/AutoQueryChatbot/.airflow-venv/lib/python3.12/site-packages/airflow/example_dags/example_dag_decorator.py
[2026-09-21T08:51:38.583+0200] {processor.py:925} INFO - DAG(s) 'example_dag_decorator' retrieved from /Users/swarnalidatta/Desktop/AutoQueryChatbot/.airflow-venv/lib/python3.12/site-packages/airflow/example_dags/example_dag_decorator.py
[2026-09-21T08:51:38.632+0200] {logging_mixin.py:190} INFO - [2026-09-21T08:51:38.632+0200] {dag.py:3239} INFO - Sync 1 DAGs
[2026-09-21T08:51:38.634+0200] {logging_mixin.py:190} INFO - [2026-09-21T08:51:38.634+0200] {dag.py:4180} INFO - Setting next_dagrun for example_dag_decorator to None, run_after=None
[2026-09-21T08:51:38.640+0200] {processor.py:208} INFO - Processing /Users/swarnalidatta/Desktop/AutoQueryChatbot/.airflow-venv/lib/python3.12/site-packages/airflow/example_dags/example_dag_decorator.py took 0.126 seconds
[2026-09-21T12:06:02.024+0200] {processor.py:186} INFO - Started process (PID=8526) to work on /Users/swarnalidatta/Desktop/AutoQueryChatbot/.airflow-venv/lib/python3.12/site-packages/airflow/example_dags/example_dag_decorator.py
[2026-09-21T12:06:02.025+0200] {processor.py:914} INFO - Processing file /Users/swarnalidatta/Desktop/AutoQueryChatbot/.airflow-venv/lib/python3.12/site-packages/airflow/example_dags/example_dag_decorator.py for tasks to queue
[2026-09-21T12:06:02.025+0200] {logging_mixin.py:190} INFO - [2026-09-21T12:06:02.025+0200] {dagbag.py:588} INFO - Filling up the DagBag from /Users/swarnalidatta/Desktop/AutoQueryChatbot/.airflow-venv/lib/python3.12/site-packages/airflow/example_dags/example_dag_decorator.py
[2026-09-21T12:06:02.092+0200] {processor.py:925} INFO - DAG(s) 'example_dag_decorator' retrieved from /Users/swarnalidatta/Desktop/AutoQueryChatbot/.airflow-venv/lib/python3.12/site-packages/airflow/example_dags/example_dag_decorator.py
[2026-09-21T12:06:02.140+0200] {logging_mixin.py:190} INFO - [2026-09-21T12:06:02.140+0200] {dag.py:3239} INFO - Sync 1 DAGs
[2026-09-21T12:06:02.142+0200] {logging_mixin.py:190} INFO - [2026-09-21T12:06:02.142+0200] {dag.py:4180} INFO - Setting next_dagrun for example_dag_decorator to None, run_after=None
[2026-09-21T12:06:02.147+0200] {processor.py:208} INFO - Processing /Users/swarnalidatta/Desktop/AutoQueryChatbot/.airflow-venv/lib/python3.12/site-packages/airflow/example_dags/example_dag_decorator.py took 0.124 seconds
[2026-09-21T13:52:02.677+0200] {processor.py:186} INFO - Started process (PID=8780) to work on /Users/swarnalidatta/Desktop/AutoQueryChatbot/.airflow-venv/lib/python3.12/site-packages/airflow/example_dags/example_dag_decorator.py
[2026-09-21T13:52:02.678+0200] {processor.py:914} INFO - Processing file /Users/swarnalidatta/Desktop/AutoQueryChatbot/.airflow-venv/lib/python3.12/site-packages/airflow/example_dags/example_dag_decorator.py for tasks to queue
[2026-09-21T13:52:02.678+0200] {logging_mixin.py:190} INFO - [2026-09-21T13:52:02.678+0200] {dagbag.py:588} INFO - Filling up the DagBag from /Users/swarnalidatta/Desktop/AutoQueryChatbot/.airflow-venv/lib/python3.12/site-packages/airflow/example_dags/example_dag_decorator.py
[2026-09-21T13:52:02.746+0200] {processor.py:925} INFO - DAG(s) 'example_dag_decorator' retrieved from /Users/swarnalidatta/Desktop/AutoQueryChatbot/.airflow-venv/lib/python3.12/site-packages/airflow/example_dags/example_dag_decorator.py
[2026-09-21T13:52:02.796+0200] {logging_mixin.py:190} INFO - [2026-09-21T13:52:02.796+0200] {dag.py:3239} INFO - Sync 1 DAGs
[2026-09-21T13:52:02.799+0200] {logging_mixin.py:190} INFO - [2026-09-21T13:52:02.799+0200] {dag.py:4180} INFO - Setting next_dagrun for example_dag_decorator to None, run_after=None
[2026-09-21T13:52:02.804+0200] {processor.py:208} INFO - Processing /Users/swarnalidatta/Desktop/AutoQueryChatbot/.airflow-venv/lib/python3.12/site-packages/airflow/example_dags/example_dag_decorator.py took 0.128 seconds
[2026-09-21T15:09:02.471+0200] {processor.py:186} INFO - Started process (PID=9178) to work on /Users/swarnalidatta/Desktop/AutoQueryChatbot/.airflow-venv/lib/python3.12/site-packages/airflow/example_dags/example_dag_decorator.py
[2026-09-21T15:09:02.471+0200] {processor.py:914} INFO - Processing file /Users/swarnalidatta/Desktop/AutoQueryChatbot/.airflow-venv/lib/python3.12/site-packages/airflow/example_dags/example_dag_decorator.py for tasks to queue
[2026-09-21T15:09:02.472+0200] {logging_mixin.py:190} INFO - [2026-09-21T15:09:02.472+0200] {dagbag.py:588} INFO - Filling up the DagBag from /Users/swarnalidatta/Desktop/AutoQueryChatbot/.airflow-venv/lib/python3.12/site-packages/airflow/example_dags/example_dag_decorator.py
[2026-09-21T15:09:02.537+0200] {processor.py:925} INFO - DAG(s) 'example_dag_decorator' retrieved from /Users/swarnalidatta/Desktop/AutoQueryChatbot/.airflow-venv/lib/python3.12/site-packages/airflow/example_dags/example_dag_decorator.py
[2026-09-21T15:09:02.585+0200] {logging_mixin.py:190} INFO - [2026-09-21T15:09:02.585+0200] {dag.py:3239} INFO - Sync 1 DAGs
[2026-09-21T15:09:02.587+0200] {logging_mixin.py:190} INFO - [2026-09-21T15:09:02.587+0200] {dag.py:4180} INFO - Setting next_dagrun for example_dag_decorator to None, run_after=None
[2026-09-21T15:09:02.592+0200] {processor.py:208} INFO - Processing /Users/swarnalidatta/Desktop/AutoQueryChatbot/.airflow-venv/lib/python3.12/site-packages/airflow/example_dags/example_dag_decorator.py took 0.123 seconds
[2026-09-21T18:12:18.781+0200] {processor.py:186} INFO - Started process (PID=9463) to work on /Users/swarnalidatta/Desktop/AutoQueryChatbot/.airflow-venv/lib/python3.12/site-packages/airflow/example_dags/example_dag_decorator.py
[2026-09-21T18:12:18.781+0200] {processor.py:914} INFO - Processing file /Users/swarnalidatta/Desktop/AutoQueryChatbot/.airflow-venv/lib/python3.12/site-packages/airflow/example_dags/example_dag_decorator.py for tasks to queue
[2026-09-21T18:12:18.781+0200] {logging_mixin.py:190} INFO - [2026-09-21T18:12:18.781+0200] {dagbag.py:588} INFO - Filling up the DagBag from /Users/swarnalidatta/Desktop/AutoQueryChatbot/.airflow-venv/lib/python3.12/site-packages/airflow/example_dags/example_dag_decorator.py
[2026-09-21T18:12:18.862+0200] {processor.py:925} INFO - DAG(s) 'example_dag_decorator' retrieved from /Users/swarnalidatta/Desktop/AutoQueryChatbot/.airflow-venv/lib/python3.12/site-packages/airflow/example_dags/example_dag_decorator.py
[2026-09-21T18:12:18.919+0200] {logging_mixin.py:190} INFO - [2026-09-21T18:12:18.918+0200] {dag.py:3239} INFO - Sync 1 DAGs
[2026-09-21T18:12:18.922+0200] {logging_mixin.py:190} INFO - [2026-09-21T18:12:18.922+0200] {dag.py:4180} INFO - Setting next_dagrun for example_dag_decorator to None, run_after=None
[2026-09-21T18:12:18.928+0200] {processor.py:208} INFO - Processing /Users/swarnalidatta/Desktop/AutoQueryChatbot/.airflow-venv/lib/python3.12/site-packages/airflow/example_dags/example_dag_decorator.py took 0.148 seconds
[2026-09-21T18:30:24.194+0200] {processor.py:186} INFO - Started process (PID=9746) to work on /Users/swarnalidatta/Desktop/AutoQueryChatbot/.airflow-venv/lib/python3.12/site-packages/airflow/example_dags/example_dag_decorator.py
[2026-09-21T18:30:24.194+0200] {processor.py:914} INFO - Processing file /Users/swarnalidatta/Desktop/AutoQueryChatbot/.airflow-venv/lib/python3.12/site-packages/airflow/example_dags/example_dag_decorator.py for tasks to queue
[2026-09-21T18:30:24.195+0200] {logging_mixin.py:190} INFO - [2026-09-21T18:30:24.195+0200] {dagbag.py:588} INFO - Filling up the DagBag from /Users/swarnalidatta/Desktop/AutoQueryChatbot/.airflow-venv/lib/python3.12/site-packages/airflow/example_dags/example_dag_decorator.py
[2026-09-21T18:30:24.262+0200] {processor.py:925} INFO - DAG(s) 'example_dag_decorator' retrieved from /Users/swarnalidatta/Desktop/AutoQueryChatbot/.airflow-venv/lib/python3.12/site-packages/airflow/example_dags/example_dag_decorator.py
[2026-09-21T18:30:24.310+0200] {logging_mixin.py:190} INFO - [2026-09-21T18:30:24.310+0200] {dag.py:3239} INFO - Sync 1 DAGs
[2026-09-21T18:30:24.313+0200] {logging_mixin.py:190} INFO - [2026-09-21T18:30:24.313+0200] {dag.py:4180} INFO - Setting next_dagrun for example_dag_decorator to None, run_after=None
[2026-09-21T18:30:24.318+0200] {processor.py:208} INFO - Processing /Users/swarnalidatta/Desktop/AutoQueryChatbot/.airflow-venv/lib/python3.12/site-packages/airflow/example_dags/example_dag_decorator.py took 0.125 seconds
[2026-09-21T19:10:28.551+0200] {processor.py:186} INFO - Started process (PID=10007) to work on /Users/swarnalidatta/Desktop/AutoQueryChatbot/.airflow-venv/lib/python3.12/site-packages/airflow/example_dags/example_dag_decorator.py
[2026-09-21T19:10:28.551+0200] {processor.py:914} INFO - Processing file /Users/swarnalidatta/Desktop/AutoQueryChatbot/.airflow-venv/lib/python3.12/site-packages/airflow/example_dags/example_dag_decorator.py for tasks to queue
[2026-09-21T19:10:28.551+0200] {logging_mixin.py:190} INFO - [2026-09-21T19:10:28.551+0200] {dagbag.py:588} INFO - Filling up the DagBag from /Users/swarnalidatta/Desktop/AutoQueryChatbot/.airflow-venv/lib/python3.12/site-packages/airflow/example_dags/example_dag_decorator.py
[2026-09-21T19:10:28.618+0200] {processor.py:925} INFO - DAG(s) 'example_dag_decorator' retrieved from /Users/swarnalidatta/Desktop/AutoQueryChatbot/.airflow-venv/lib/python3.12/site-packages/airflow/example_dags/example_dag_decorator.py
[2026-09-21T19:10:28.666+0200] {logging_mixin.py:190} INFO - [2026-09-21T19:10:28.666+0200] {dag.py:3239} INFO - Sync 1 DAGs
[2026-09-21T19:10:28.668+0200] {logging_mixin.py:190} INFO - [2026-09-21T19:10:28.668+0200] {dag.py:4180} INFO - Setting next_dagrun for example_dag_decorator to None, run_after=None
[2026-09-21T19:10:28.673+0200] {processor.py:208} INFO - Processing /Users/swarnalidatta/Desktop/AutoQueryChatbot/.airflow-venv/lib/python3.12/site-packages/airflow/example_dags/example_dag_decorator.py took 0.124 seconds
[2026-09-21T23:12:50.272+0200] {processor.py:186} INFO - Started process (PID=10447) to work on /Users/swarnalidatta/Desktop/AutoQueryChatbot/.airflow-venv/lib/python3.12/site-packages/airflow/example_dags/example_dag_decorator.py
[2026-09-21T23:12:50.273+0200] {processor.py:914} INFO - Processing file /Users/swarnalidatta/Desktop/AutoQueryChatbot/.airflow-venv/lib/python3.12/site-packages/airflow/example_dags/example_dag_decorator.py for tasks to queue
[2026-09-21T23:12:50.273+0200] {logging_mixin.py:190} INFO - [2026-09-21T23:12:50.273+0200] {dagbag.py:588} INFO - Filling up the DagBag from /Users/swarnalidatta/Desktop/AutoQueryChatbot/.airflow-venv/lib/python3.12/site-packages/airflow/example_dags/example_dag_decorator.py
[2026-09-21T23:12:50.340+0200] {processor.py:925} INFO - DAG(s) 'example_dag_decorator' retrieved from /Users/swarnalidatta/Desktop/AutoQueryChatbot/.airflow-venv/lib/python3.12/site-packages/airflow/example_dags/example_dag_decorator.py
[2026-09-21T23:12:50.401+0200] {logging_mixin.py:190} INFO - [2026-09-21T23:12:50.401+0200] {dag.py:3239} INFO - Sync 1 DAGs
[2026-09-21T23:12:50.403+0200] {logging_mixin.py:190} INFO - [2026-09-21T23:12:50.403+0200] {dag.py:4180} INFO - Setting next_dagrun for example_dag_decorator to None, run_after=None
[2026-09-21T23:12:50.408+0200] {processor.py:208} INFO - Processing /Users/swarnalidatta/Desktop/AutoQueryChatbot/.airflow-venv/lib/python3.12/site-packages/airflow/example_dags/example_dag_decorator.py took 0.137 seconds
