[2026-09-21T06:01:02.561+0200] {processor.py:186} INFO - Started process (PID=8012) to work on /Users/swarnalidatta/Desktop/AutoQueryChatbot/.airflow-venv/lib/python3.12/site-packages/airflow/example_dags/tutorial_dag.py
[2026-09-21T06:01:02.561+0200] {processor.py:914} INFO - Processing file /Users/swarnalidatta/Desktop/AutoQueryChatbot/.airflow-venv/lib/python3.12/site-packages/airflow/example_dags/tutorial_dag.py for tasks to queue
[2026-09-21T06:01:02.561+0200] {logging_mixin.py:190} INFO - [2026-09-21T06:01:02.561+0200] {dagbag.py:588} INFO - Filling up the DagBag from /Users/swarnalidatta/Desktop/AutoQueryChatbot/.airflow-venv/lib/python3.12/site-packages/airflow/example_dags/tutorial_dag.py
[2026-09-21T06:01:02.570+0200] {processor.py:925} INFO - DAG(s) 'tutorial_dag' retrieved from /Users/swarnalidatta/Desktop/AutoQueryChatbot/.airflow-venv/lib/python3.12/site-packages/airflow/example_dags/tutorial_dag.py
[2026-09-21T06:01:02.595+0200] {logging_mixin.py:190} INFO - [2026-09-21T06:01:02.595+0200] {dag.py:3239} INFO - Sync 1 DAGs
[2026-09-21T06:01:02.620+0200] {logging_mixin.py:190} INFO - [2026-09-21T06:01:02.619+0200] {dag.py:4180} INFO - Setting next_dagrun for tutorial_dag to None, run_after=None
[2026-09-21T06:01:02.625+0200] {processor.py:208} INFO - Processing /Users/swarnalidatta/Desktop/AutoQueryChatbot/.airflow-venv/lib/python3.12/site-packages/airflow/example_dags/tutorial_dag.py took 0.065 seconds
[2026-09-21T09:45:51.459+0200] {processor.py:186} INFO - Started process (PID=8338) to work on /Users/swarnalidatta/Desktop/AutoQueryChatbot/.airflow-venv/lib/python3.12/site-packages/airflow/example_dags/tutorial_dag.py
[2026-09-21T09:45:51.460+0200] {processor.py:914} INFO - Processing file /Users/swarnalidatta/Desktop/AutoQueryChatbot/.airflow-venv/lib/python3.12/site-packages/airflow/example_dags/tutorial_dag.py for tasks to queue
[2026-09-21T09:45:51.461+0200] {logging_mixin.py:190} INFO - [2026-09-21T09:45:51.461+0200] {dagbag.py:588} INFO - Filling up the DagBag from /Users/swarnalidatta/Desktop/AutoQueryChatbot/.airflow-venv/lib/python3.12/site-packages/airflow/example_dags/tutorial_dag.py
[2026-09-21T09:45:51.469+0200] {processor.py:925} INFO - DAG(s) 'tutorial_dag' retrieved from /Users/swarnalidatta/Desktop/AutoQueryChatbot/.airflow-venv/lib/python3.12/site-packages/airflow/example_dags/tutorial_dag.py
[2026-09-21T09:45:51.493+0200] {logging_mixin.py:190} INFO - [2026-09-21T09:45:51.493+0200] {dag.py:3239} INFO - Sync 1 DAGs
[2026-09-21T09:45:51.516+0200] {logging_mixin.py:190} INFO - [2026-09-21T09:45:51.516+0200] {dag.py:4180} INFO - Setting next_dagrun for tutorial_dag to None, run_after=None
[2026-09-21T09:45:51.521+0200] {processor.py:208} INFO - Processing /Users/swarnalidatta/Desktop/AutoQueryChatbot/.airflow-venv/lib/python3.12/site-packages/airflow/example_dags/tutorial_dag.py took 0.063 seconds
[2026-09-21T13:07:02.058+0200] {processor.py:186} INFO - Started process (PID=8618) to work on /Users/swarnalidatta/Desktop/AutoQueryChatbot/.airflow-venv/lib/python3.12/site-packages/airflow/example_dags/tutorial_dag.py
[2026-09-21T13:07:02.059+0200] {processor.py:914} INFO - Processing file /Users/swarnalidatta/Desktop/AutoQueryChatbot/.airflow-venv/lib/python3.12/site-packages/airflow/example_dags/tutorial_dag.py for tasks to queue
[2026-09-21T13:07:02.059+0200] {logging_mixin.py:190} INFO - [2026-09-21T13:07:02.059+0200] {dagbag.py:588} INFO - Filling up the DagBag from /Users/swarnalidatta/Desktop/AutoQueryChatbot/.airflow-venv/lib/python3.12/site-packages/airflow/example_dags/tutorial_dag.py
[2026-09-21T13:07:02.067+0200] {processor.py:925} INFO - DAG(s) 'tutorial_dag' retrieved from /Users/swarnalidatta/Desktop/AutoQueryChatbot/.airflow-venv/lib/python3.12/site-packages/airflow/example_dags/tutorial_dag.py
[2026-09-21T13:07:02.092+0200] {logging_mixin.py:190} INFO - [2026-09-21T13:07:02.091+0200] {dag.py:3239} INFO - Sync 1 DAGs
[2026-09-21T13:07:02.114+0200] {logging_mixin.py:190} INFO - [2026-09-21T13:07:02.114+0200] {dag.py:4180} INFO - Setting next_dagrun for tutorial_dag to None, run_after=None
[2026-09-21T13:07:02.120+0200] {processor.py:208} INFO - Processing /Users/swarnalidatta/Desktop/AutoQueryChatbot/.airflow-venv/lib/python3.12/site-packages/airflow/example_dags/tutorial_dag.py took 0.062 seconds
[2026-09-21T13:52:31.477+0200] {processor.py:186} INFO - Started process (PID=8846) to work on /Users/swarnalidatta/Desktop/AutoQueryChatbot/.airflow-venv/lib/python3.12/site-packages/airflow/example_dags/tutorial_dag.py
[2026-09-21T13:52:31.477+0200] {processor.py:914} INFO - Processing file /Users/swarnalidatta/Desktop/AutoQueryChatbot/.airflow-venv/lib/python3.12/site-packages/airflow/example_dags/tutorial_dag.py for tasks to queue
[2026-09-21T13:52:31.478+0200] {logging_mixin.py:190} INFO - [2026-09-21T13:52:31.478+0200] {dagbag.py:588} INFO - Filling up the DagBag from /Users/swarnalidatta/Desktop/AutoQueryChatbot/.airflow-venv/lib/python3.12/site-packages/airflow/example_dags/tutorial_dag.py
[2026-09-21T13:52:31.486+0200] {processor.py:925} INFO - DAG(s) 'tutorial_dag' retrieved from /Users/swarnalidatta/Desktop/AutoQueryChatbot/.airflow-venv/lib/python3.12/site-packages/airflow/example_dags/tutorial_dag.py
[2026-09-21T13:52:31.511+0200] {logging_mixin.py:190} INFO - [2026-09-21T13:52:31.511+0200] {dag.py:3239} INFO - Sync 1 DAGs
[2026-09-21T13:52:31.534+0200] {logging_mixin.py:190} INFO - [2026-09-21T13:52:31.534+0200] {dag.py:4180} INFO - Setting next_dagrun for tutorial_dag to None, run_after=None
[2026-09-21T13:52:31.540+0200] {processor.py:208} INFO - Processing /Users/swarnalidatta/Desktop/AutoQueryChatbot/.airflow-venv/lib/python3.12/site-packages/airflow/example_dags/tutorial_dag.py took 0.064 seconds
[2026-09-21T13:55:54.821+0200] {processor.py:186} INFO - Started process (PID=8993) to work on /Users/swarnalidatta/Desktop/AutoQueryChatbot/.airflow-venv/lib/python3.12/site-packages/airflow/example_dags/tutorial_dag.py
[2026-09-21T13:55:54.821+0200] {processor.py:914} INFO - Processing file /Users/swarnalidatta/Desktop/AutoQueryChatbot/.airflow-venv/lib/python3.12/site-packages/airflow/example_dags/tutorial_dag.py for tasks to queue
[2026-09-21T13:55:54.822+0200] {logging_mixin.py:190} INFO - [2026-09-21T13:55:54.822+0200] {dagbag.py:588} INFO - Filling up the DagBag from /Users/swarnalidatta/Desktop/AutoQueryChatbot/.airflow-venv/lib/python3.12/site-packages/airflow/example_dags/tutorial_dag.py
[2026-09-21T13:55:54.830+0200] {processor.py:925} INFO - DAG(s) 'tutorial_dag' retrieved from /Users/swarnalidatta/Desktop/AutoQueryChatbot/.airflow-venv/lib/python3.12/site-packages/airflow/example_dags/tutorial_dag.py
[2026-09-21T13:55:54.854+0200] {logging_mixin.py:190} INFO - [2026-09-21T13:55:54.854+0200] {dag.py:3239} INFO - Sync 1 DAGs
[2026-09-21T13:55:54.877+0200] {logging_mixin.py:190} INFO - [2026-09-21T13:55:54.877+0200] {dag.py:4180} INFO - Setting next_dagrun for tutorial_dag to None, run_after=None
[2026-09-21T13:55:54.882+0200] {processor.py:208} INFO - Processing /Users/swarnalidatta/Desktop/AutoQueryChatbot/.airflow-venv/lib/python3.12/site-packages/airflow/example_dags/tutorial_dag.py took 0.062 seconds
[2026-09-21T16:25:18.141+0200] {processor.py:186} INFO - Started process (PID=9276) to work on /Users/swarnalidatta/Desktop/AutoQueryChatbot/.airflow-venv/lib/python3.12/site-packages/airflow/example_dags/tutorial_dag.py
[2026-09-21T16:25:18.141+0200] {processor.py:914} INFO - Processing file /Users/swarnalidatta/Desktop/AutoQueryChatbot/.airflow-venv/lib/python3.12/site-packages/airflow/example_dags/tutorial_dag.py for tasks to queue
[2026-09-21T16:25:18.142+0200] {logging_mixin.py:190} INFO - [2026-09-21T16:25:18.142+0200] {dagbag.py:588} INFO - Filling up the DagBag from /Users/swarnalidatta/Desktop/AutoQueryChatbot/.airflow-venv/lib/python3.12/site-packages/airflow/example_dags/tutorial_dag.py
[2026-09-21T16:25:18.150+0200] {processor.py:925} INFO - DAG(s) 'tutorial_dag' retrieved from /Users/swarnalidatta/Desktop/AutoQueryChatbot/.airflow-venv/lib/python3.12/site-packages/airflow/example_dags/tutorial_dag.py
[2026-09-21T16:25:18.175+0200] {logging_mixin.py:190} INFO - [2026-09-21T16:25:18.175+0200] {dag.py:3239} INFO - Sync 1 DAGs
[2026-09-21T16:25:18.198+0200] {logging_mixin.py:190} INFO - [2026-09-21T16:25:18.198+0200] {dag.py:4180} INFO - Setting next_dagrun for tutorial_dag to None, run_after=None
[2026-09-21T16:25:18.203+0200] {processor.py:208} INFO - Processing /Users/swarnalidatta/Desktop/AutoQueryChatbot/.airflow-venv/lib/python3.12/site-packages/airflow/example_dags/tutorial_dag.py took 0.064 seconds
[2026-09-21T18:12:48.901+0200] {processor.py:186} INFO - Started process (PID=9533) to work on /Users/swarnalidatta/Desktop/AutoQueryChatbot/.airflow-venv/lib/python3.12/site-packages/airflow/example_dags/tutorial_dag.py
[2026-09-21T18:12:48.902+0200] {processor.py:914} INFO - Processing file /Users/swarnalidatta/Desktop/AutoQueryChatbot/.airflow-venv/lib/python3.12/site-packages/airflow/example_dags/tutorial_dag.py for tasks to queue
[2026-09-21T18:12:48.902+0200] {logging_mixin.py:190} INFO - [2026-09-21T18:12:48.902+0200] {dagbag.py:588} INFO - Filling up the DagBag from /Users/swarnalidatta/Desktop/AutoQueryChatbot/.airflow-venv/lib/python3.12/site-packages/airflow/example_dags/tutorial_dag.py
[2026-09-21T18:12:48.910+0200] {processor.py:925} INFO - DAG(s) 'tutorial_dag' retrieved from /Users/swarnalidatta/Desktop/AutoQueryChatbot/.airflow-venv/lib/python3.12/site-packages/airflow/example_dags/tutorial_dag.py
[2026-09-21T18:12:48.936+0200] {logging_mixin.py:190} INFO - [2026-09-21T18:12:48.936+0200] {dag.py:3239} INFO - Sync 1 DAGs
[2026-09-21T18:12:48.959+0200] {logging_mixin.py:190} INFO - [2026-09-21T18:12:48.959+0200] {dag.py:4180} INFO - Setting next_dagrun for tutorial_dag to None, run_after=None
[2026-09-21T18:12:48.965+0200] {processor.py:208} INFO - Processing /Users/swarnalidatta/Desktop/AutoQueryChatbot/.airflow-venv/lib/python3.12/site-packages/airflow/example_dags/tutorial_dag.py took 0.065 seconds
[2026-09-21T18:13:49.355+0200] {processor.py:186} INFO - Started process (PID=9672) to work on /Users/swarnalidatta/Desktop/AutoQueryChatbot/.airflow-venv/lib/python3.12/site-packages/airflow/example_dags/tutorial_dag.py
[2026-09-21T18:13:49.355+0200] {processor.py:914} INFO - Processing file /Users/swarnalidatta/Desktop/AutoQueryChatbot/.airflow-venv/lib/python3.12/site-packages/airflow/example_dags/tutorial_dag.py for tasks to queue
[2026-09-21T18:13:49.356+0200] {logging_mixin.py:190} INFO - [2026-09-21T18:13:49.356+0200] {dagbag.py:588} INFO - Filling up the DagBag from /Users/swarnalidatta/Desktop/AutoQueryChatbot/.airflow-venv/lib/python3.12/site-packages/airflow/example_dags/tutorial_dag.py
[2026-09-21T18:13:49.365+0200] {processor.py:925} INFO - DAG(s) 'tutorial_dag' retrieved from /Users/swarnalidatta/Desktop/AutoQueryChatbot/.airflow-venv/lib/python3.12/site-packages/airflow/example_dags/tutorial_dag.py
[2026-09-21T18:13:49.393+0200] {logging_mixin.py:190} INFO - [2026-09-21T18:13:49.393+0200] {dag.py:3239} INFO - Sync 1 DAGs
[2026-09-21T18:13:49.419+0200] {logging_mixin.py:190} INFO - [2026-09-21T18:13:49.419+0200] {dag.py:4180} INFO - Setting next_dagrun for tutorial_dag to None, run_after=None
[2026-09-21T18:13:49.425+0200] {processor.py:208} INFO - Processing /Users/swarnalidatta/Desktop/AutoQueryChatbot/.airflow-venv/lib/python3.12/site-packages/airflow/example_dags/tutorial_dag.py took 0.071 seconds
[2026-09-21T19:00:57.919+0200] {processor.py:186} INFO - Started process (PID=9830) to work on /Users/swarnalidatta/Desktop/AutoQueryChatbot/.airflow-venv/lib/python3.12/site-packages/airflow/example_dags/tutorial_dag.py
[2026-09-21T19:00:57.920+0200] {processor.py:914} INFO - Processing file /Users/swarnalidatta/Desktop/AutoQueryChatbot/.airflow-venv/lib/python3.12/site-packages/airflow/example_dags/tutorial_dag.py for tasks to queue
[2026-09-21T19:00:57.920+0200] {logging_mixin.py:190} INFO - [2026-09-21T19:00:57.920+0200] {dagbag.py:588} INFO - Filling up the DagBag from /Users/swarnalidatta/Desktop/AutoQueryChatbot/.airflow-venv/lib/python3.12/site-packages/airflow/example_dags/tutorial_dag.py
[2026-09-21T19:00:57.928+0200] {processor.py:925} INFO - DAG(s) 'tutorial_dag' retrieved from /Users/swarnalidatta/Desktop/AutoQueryChatbot/.airflow-venv/lib/python3.12/site-packages/airflow/example_dags/tutorial_dag.py
[2026-09-21T19:00:57.953+0200] {logging_mixin.py:190} INFO - [2026-09-21T19:00:57.953+0200] {dag.py:3239} INFO - Sync 1 DAGs
[2026-09-21T19:00:57.976+0200] {logging_mixin.py:190} INFO - [2026-09-21T19:00:57.976+0200] {dag.py:4180} INFO - Setting next_dagrun for tutorial_dag to None, run_after=None
[2026-09-21T19:00:57.981+0200] {processor.py:208} INFO - Processing /Users/swarnalidatta/Desktop/AutoQueryChatbot/.airflow-venv/lib/python3.12/site-packages/airflow/example_dags/tutorial_dag.py took 0.062 seconds
[2026-09-21T19:10:53.855+0200] {processor.py:186} INFO - Started process (PID=10064) to work on /Users/swarnalidatta/Desktop/AutoQueryChatbot/.airflow-venv/lib/python3.12/site-packages/airflow/example_dags/tutorial_dag.py
[2026-09-21T19:10:53.855+0200] {processor.py:914} INFO - Processing file /Users/swarnalidatta/Desktop/AutoQueryChatbot/.airflow-venv/lib/python3.12/site-packages/airflow/example_dags/tutorial_dag.py for tasks to queue
[2026-09-21T19:10:53.856+0200] {logging_mixin.py:190} INFO - [2026-09-21T19:10:53.856+0200] {dagbag.py:588} INFO - Filling up the DagBag from /Users/swarnalidatta/Desktop/AutoQueryChatbot/.airflow-venv/lib/python3.12/site-packages/airflow/example_dags/tutorial_dag.py
[2026-09-21T19:10:53.864+0200] {processor.py:925} INFO - DAG(s) 'tutorial_dag' retrieved from /Users/swarnalidatta/Desktop/AutoQueryChatbot/.airflow-venv/lib/python3.12/site-packages/airflow/example_dags/tutorial_dag.py
[2026-09-21T19:10:53.889+0200] {logging_mixin.py:190} INFO - [2026-09-21T19:10:53.888+0200] {dag.py:3239} INFO - Sync 1 DAGs
[2026-09-21T19:10:53.911+0200] {logging_mixin.py:190} INFO - [2026-09-21T19:10:53.911+0200] {dag.py:4180} INFO - Setting next_dagrun for tutorial_dag to None, run_after=None
[2026-09-21T19:10:53.916+0200] {processor.py:208} INFO - Processing /Users/swarnalidatta/Desktop/AutoQueryChatbot/.airflow-venv/lib/python3.12/site-packages/airflow/example_dags/tutorial_dag.py took 0.062 seconds
[2026-09-21T21:07:47.391+0200] {processor.py:186} INFO - Started process (PID=10252) to work on /Users/swarnalidatta/Desktop/AutoQueryChatbot/.airflow-venv/lib/python3.12/site-packages/airflow/example_dags/tutorial_dag.py
[2026-09-21T21:07:47.392+0200] {processor.py:914} INFO - Processing file /Users/swarnalidatta/Desktop/AutoQueryChatbot/.airflow-venv/lib/python3.12/site-packages/airflow/example_dags/tutorial_dag.py for tasks to queue
[2026-09-21T21:07:47.392+0200] {logging_mixin.py:190} INFO - [2026-09-21T21:07:47.392+0200] {dagbag.py:588} INFO - Filling up the DagBag from /Users/swarnalidatta/Desktop/AutoQueryChatbot/.airflow-venv/lib/python3.12/site-packages/airflow/example_dags/tutorial_dag.py
[2026-09-21T21:07:47.401+0200] {processor.py:925} INFO - DAG(s) 'tutorial_dag' retrieved from /Users/swarnalidatta/Desktop/AutoQueryChatbot/.airflow-venv/lib/python3.12/site-packages/airflow/example_dags/tutorial_dag.py
[2026-09-21T21:07:47.425+0200] {logging_mixin.py:190} INFO - [2026-09-21T21:07:47.425+0200] {dag.py:3239} INFO - Sync 1 DAGs
[2026-09-21T21:07:47.451+0200] {logging_mixin.py:190} INFO - [2026-09-21T21:07:47.451+0200] {dag.py:4180} INFO - Setting next_dagrun for tutorial_dag to None, run_after=None
[2026-09-21T21:07:47.456+0200] {processor.py:208} INFO - Processing /Users/swarnalidatta/Desktop/AutoQueryChatbot/.airflow-venv/lib/python3.12/site-packages/airflow/example_dags/tutorial_dag.py took 0.066 seconds
[2026-09-22T00:06:01.939+0200] {processor.py:186} INFO - Started process (PID=10538) to work on /Users/swarnalidatta/Desktop/AutoQueryChatbot/.airflow-venv/lib/python3.12/site-packages/airflow/example_dags/tutorial_dag.py
[2026-09-22T00:06:01.940+0200] {processor.py:914} INFO - Processing file /Users/swarnalidatta/Desktop/AutoQueryChatbot/.airflow-venv/lib/python3.12/site-packages/airflow/example_dags/tutorial_dag.py for tasks to queue
[2026-09-22T00:06:01.940+0200] {logging_mixin.py:190} INFO - [2026-09-22T00:06:01.940+0200] {dagbag.py:588} INFO - Filling up the DagBag from /Users/swarnalidatta/Desktop/AutoQueryChatbot/.airflow-venv/lib/python3.12/site-packages/airflow/example_dags/tutorial_dag.py
[2026-09-22T00:06:01.948+0200] {processor.py:925} INFO - DAG(s) 'tutorial_dag' retrieved from /Users/swarnalidatta/Desktop/AutoQueryChatbot/.airflow-venv/lib/python3.12/site-packages/airflow/example_dags/tutorial_dag.py
[2026-09-22T00:06:01.973+0200] {logging_mixin.py:190} INFO - [2026-09-22T00:06:01.972+0200] {dag.py:3239} INFO - Sync 1 DAGs
[2026-09-22T00:06:01.996+0200] {logging_mixin.py:190} INFO - [2026-09-22T00:06:01.995+0200] {dag.py:4180} INFO - Setting next_dagrun for tutorial_dag to None, run_after=None
[2026-09-22T00:06:02.001+0200] {processor.py:208} INFO - Processing /Users/swarnalidatta/Desktop/AutoQueryChatbot/.airflow-venv/lib/python3.12/site-packages/airflow/example_dags/tutorial_dag.py took 0.062 seconds
