[2026-09-21T06:01:00.841+0200] {processor.py:186} INFO - Started process (PID=8007) to work on /Users/swarnalidatta/Desktop/AutoQueryChatbot/.airflow-venv/lib/python3.12/site-packages/airflow/example_dags/tutorial_objectstorage.py
[2026-09-21T06:01:00.841+0200] {processor.py:914} INFO - Processing file /Users/swarnalidatta/Desktop/AutoQueryChatbot/.airflow-venv/lib/python3.12/site-packages/airflow/example_dags/tutorial_objectstorage.py for tasks to queue
[2026-09-21T06:01:00.842+0200] {logging_mixin.py:190} INFO - [2026-09-21T06:01:00.841+0200] {dagbag.py:588} INFO - Filling up the DagBag from /Users/swarnalidatta/Desktop/AutoQueryChatbot/.airflow-venv/lib/python3.12/site-packages/airflow/example_dags/tutorial_objectstorage.py
[2026-09-21T06:01:00.854+0200] {processor.py:925} INFO - DAG(s) 'tutorial_objectstorage' retrieved from /Users/swarnalidatta/Desktop/AutoQueryChatbot/.airflow-venv/lib/python3.12/site-packages/airflow/example_dags/tutorial_objectstorage.py
[2026-09-21T06:01:00.878+0200] {logging_mixin.py:190} INFO - [2026-09-21T06:01:00.878+0200] {dag.py:3239} INFO - Sync 1 DAGs
[2026-09-21T06:01:00.901+0200] {logging_mixin.py:190} INFO - [2026-09-21T06:01:00.901+0200] {dag.py:4180} INFO - Setting next_dagrun for tutorial_objectstorage to None, run_after=None
[2026-09-21T06:01:00.906+0200] {processor.py:208} INFO - Processing /Users/swarnalidatta/Desktop/AutoQueryChatbot/.airflow-venv/lib/python3.12/site-packages/airflow/example_dags/tutorial_objectstorage.py took 0.066 seconds
[2026-09-21T09:45:49.705+0200] {processor.py:186} INFO - Started process (PID=8329) to work on /Users/swarnalidatta/Desktop/AutoQueryChatbot/.airflow-venv/lib/python3.12/site-packages/airflow/example_dags/tutorial_objectstorage.py
[2026-09-21T09:45:49.705+0200] {processor.py:914} INFO - Processing file /Users/swarnalidatta/Desktop/AutoQueryChatbot/.airflow-venv/lib/python3.12/site-packages/airflow/example_dags/tutorial_objectstorage.py for tasks to queue
[2026-09-21T09:45:49.706+0200] {logging_mixin.py:190} INFO - [2026-09-21T09:45:49.706+0200] {dagbag.py:588} INFO - Filling up the DagBag from /Users/swarnalidatta/Desktop/AutoQueryChatbot/.airflow-venv/lib/python3.12/site-packages/airflow/example_dags/tutorial_objectstorage.py
[2026-09-21T09:45:49.718+0200] {processor.py:925} INFO - DAG(s) 'tutorial_objectstorage' retrieved from /Users/swarnalidatta/Desktop/AutoQueryChatbot/.airflow-venv/lib/python3.12/site-packages/airflow/example_dags/tutorial_objectstorage.py
[2026-09-21T09:45:49.743+0200] {logging_mixin.py:190} INFO - [2026-09-21T09:45:49.742+0200] {dag.py:3239} INFO - Sync 1 DAGs
[2026-09-21T09:45:49.765+0200] {logging_mixin.py:190} INFO - [2026-09-21T09:45:49.765+0200] {dag.py:4180} INFO - Setting next_dagrun for tutorial_objectstorage to None, run_after=None
[2026-09-21T09:45:49.770+0200] {processor.py:208} INFO - Processing /Users/swarnalidatta/Desktop/AutoQueryChatbot/.airflow-venv/lib/python3.12/site-packages/airflow/example_dags/tutorial_objectstorage.py took 0.067 seconds
[2026-09-21T13:07:00.344+0200] {processor.py:186} INFO - Started process (PID=8616) to work on /Users/swarnalidatta/Desktop/AutoQueryChatbot/.airflow-venv/lib/python3.12/site-packages/airflow/example_dags/tutorial_objectstorage.py
[2026-09-21T13:07:00.344+0200] {processor.py:914} INFO - Processing file /Users/swarnalidatta/Desktop/AutoQueryChatbot/.airflow-venv/lib/python3.12/site-packages/airflow/example_dags/tutorial_objectstorage.py for tasks to queue
[2026-09-21T13:07:00.345+0200] {logging_mixin.py:190} INFO - [2026-09-21T13:07:00.345+0200] {dagbag.py:588} INFO - Filling up the DagBag from /Users/swarnalidatta/Desktop/AutoQueryChatbot/.airflow-venv/lib/python3.12/site-packages/airflow/example_dags/tutorial_objectstorage.py
[2026-09-21T13:07:00.357+0200] {processor.py:925} INFO - DAG(s) 'tutorial_objectstorage' retrieved from /Users/swarnalidatta/Desktop/AutoQueryChatbot/.airflow-venv/lib/python3.12/site-packages/airflow/example_dags/tutorial_objectstorage.py
[2026-09-21T13:07:00.381+0200] {logging_mixin.py:190} INFO - [2026-09-21T13:07:00.381+0200] {dag.py:3239} INFO - Sync 1 DAGs
[2026-09-21T13:07:00.404+0200] {logging_mixin.py:190} INFO - [2026-09-21T13:07:00.404+0200] {dag.py:4180} INFO - Setting next_dagrun for tutorial_objectstorage to None, run_after=None
[2026-09-21T13:07:00.409+0200] {processor.py:208} INFO - Processing /Users/swarnalidatta/Desktop/AutoQueryChatbot/.airflow-venv/lib/python3.12/site-packages/airflow/example_dags/tutorial_objectstorage.py took 0.066 seconds
[2026-09-21T13:52:29.774+0200] {processor.py:186} INFO - Started process (PID=8844) to work on /Users/swarnalidatta/Desktop/AutoQueryChatbot/.airflow-venv/lib/python3.12/site-packages/airflow/example_dags/tutorial_objectstorage.py
[2026-09-21T13:52:29.774+0200] {processor.py:914} INFO - Processing file /Users/swarnalidatta/Desktop/AutoQueryChatbot/.airflow-venv/lib/python3.12/site-packages/airflow/example_dags/tutorial_objectstorage.py for tasks to queue
[2026-09-21T13:52:29.774+0200] {logging_mixin.py:190} INFO - [2026-09-21T13:52:29.774+0200] {dagbag.py:588} INFO - Filling up the DagBag from /Users/swarnalidatta/Desktop/AutoQueryChatbot/.airflow-venv/lib/python3.12/site-packages/airflow/example_dags/tutorial_objectstorage.py
[2026-09-21T13:52:29.786+0200] {processor.py:925} INFO - DAG(s) 'tutorial_objectstorage' retrieved from /Users/swarnalidatta/Desktop/AutoQueryChatbot/.airflow-venv/lib/python3.12/site-packages/airflow/example_dags/tutorial_objectstorage.py
[2026-09-21T13:52:29.811+0200] {logging_mixin.py:190} INFO - [2026-09-21T13:52:29.811+0200] {dag.py:3239} INFO - Sync 1 DAGs
[2026-09-21T13:52:29.834+0200] {logging_mixin.py:190} INFO - [2026-09-21T13:52:29.834+0200] {dag.py:4180} INFO - Setting next_dagrun for tutorial_objectstorage to None, run_after=None
[2026-09-21T13:52:29.839+0200] {processor.py:208} INFO - Processing /Users/swarnalidatta/Desktop/AutoQueryChatbot/.airflow-venv/lib/python3.12/site-packages/airflow/example_dags/tutorial_objectstorage.py took 0.067 seconds
[2026-09-21T13:55:53.103+0200] {processor.py:186} INFO - Started process (PID=8990) to work on /Users/swarnalidatta/Desktop/AutoQueryChatbot/.airflow-venv/lib/python3.12/site-packages/airflow/example_dags/tutorial_objectstorage.py
[2026-09-21T13:55:53.103+0200] {processor.py:914} INFO - Processing file /Users/swarnalidatta/Desktop/AutoQueryChatbot/.airflow-venv/lib/python3.12/site-packages/airflow/example_dags/tutorial_objectstorage.py for tasks to queue
[2026-09-21T13:55:53.103+0200] {logging_mixin.py:190} INFO - [2026-09-21T13:55:53.103+0200] {dagbag.py:588} INFO - Filling up the DagBag from /Users/swarnalidatta/Desktop/AutoQueryChatbot/.airflow-venv/lib/python3.12/site-packages/airflow/example_dags/tutorial_objectstorage.py
[2026-09-21T13:55:53.116+0200] {processor.py:925} INFO - DAG(s) 'tutorial_objectstorage' retrieved from /Users/swarnalidatta/Desktop/AutoQueryChatbot/.airflow-venv/lib/python3.12/site-packages/airflow/example_dags/tutorial_objectstorage.py
[2026-09-21T13:55:53.140+0200] {logging_mixin.py:190} INFO - [2026-09-21T13:55:53.140+0200] {dag.py:3239} INFO - Sync 1 DAGs
[2026-09-21T13:55:53.164+0200] {logging_mixin.py:190} INFO - [2026-09-21T13:55:53.163+0200] {dag.py:4180} INFO - Setting next_dagrun for tutorial_objectstorage to None, run_after=None
[2026-09-21T13:55:53.169+0200] {processor.py:208} INFO - Processing /Users/swarnalidatta/Desktop/AutoQueryChatbot/.airflow-venv/lib/python3.12/site-packages/airflow/example_dags/tutorial_objectstorage.py took 0.067 seconds
[2026-09-21T16:25:16.426+0200] {processor.py:186} INFO - Started process (PID=9273) to work on /Users/swarnalidatta/Desktop/AutoQueryChatbot/.airflow-venv/lib/python3.12/site-packages/airflow/example_dags/tutorial_objectstorage.py
[2026-09-21T16:25:16.426+0200] {processor.py:914} INFO - Processing file /Users/swarnalidatta/Desktop/AutoQueryChatbot/.airflow-venv/lib/python3.12/site-packages/airflow/example_dags/tutorial_objectstorage.py for tasks to queue
[2026-09-21T16:25:16.426+0200] {logging_mixin.py:190} INFO - [2026-09-21T16:25:16.426+0200] {dagbag.py:588} INFO - Filling up the DagBag from /Users/swarnalidatta/Desktop/AutoQueryChatbot/.airflow-venv/lib/python3.12/site-packages/airflow/example_dags/tutorial_objectstorage.py
[2026-09-21T16:25:16.438+0200] {processor.py:925} INFO - DAG(s) 'tutorial_objectstorage' retrieved from /Users/swarnalidatta/Desktop/AutoQueryChatbot/.airflow-venv/lib/python3.12/site-packages/airflow/example_dags/tutorial_objectstorage.py
[2026-09-21T16:25:16.462+0200] {logging_mixin.py:190} INFO - [2026-09-21T16:25:16.462+0200] {dag.py:3239} INFO - Sync 1 DAGs
[2026-09-21T16:25:16.487+0200] {logging_mixin.py:190} INFO - [2026-09-21T16:25:16.487+0200] {dag.py:4180} INFO - Setting next_dagrun for tutorial_objectstorage to None, run_after=None
[2026-09-21T16:25:16.491+0200] {processor.py:208} INFO - Processing /Users/swarnalidatta/Desktop/AutoQueryChatbot/.airflow-venv/lib/python3.12/site-packages/airflow/example_dags/tutorial_objectstorage.py took 0.067 seconds
[2026-09-21T18:12:47.181+0200] {processor.py:186} INFO - Started process (PID=9530) to work on /Users/swarnalidatta/Desktop/AutoQueryChatbot/.airflow-venv/lib/python3.12/site-packages/airflow/example_dags/tutorial_objectstorage.py
[2026-09-21T18:12:47.182+0200] {processor.py:914} INFO - Processing file /Users/swarnalidatta/Desktop/AutoQueryChatbot/.airflow-venv/lib/python3.12/site-packages/airflow/example_dags/tutorial_objectstorage.py for tasks to queue
[2026-09-21T18:12:47.182+0200] {logging_mixin.py:190} INFO - [2026-09-21T18:12:47.182+0200] {dagbag.py:588} INFO - Filling up the DagBag from /Users/swarnalidatta/Desktop/AutoQueryChatbot/.airflow-venv/lib/python3.12/site-packages/airflow/example_dags/tutorial_objectstorage.py
[2026-09-21T18:12:47.194+0200] {processor.py:925} INFO - DAG(s) 'tutorial_objectstorage' retrieved from /Users/swarnalidatta/Desktop/AutoQueryChatbot/.airflow-venv/lib/python3.12/site-packages/airflow/example_dags/tutorial_objectstorage.py
[2026-09-21T18:12:47.219+0200] {logging_mixin.py:190} INFO - [2026-09-21T18:12:47.219+0200] {dag.py:3239} INFO - Sync 1 DAGs
[2026-09-21T18:12:47.242+0200] {logging_mixin.py:190} INFO - [2026-09-21T18:12:47.242+0200] {dag.py:4180} INFO - Setting next_dagrun for tutorial_objectstorage to None, run_after=None
[2026-09-21T18:12:47.247+0200] {processor.py:208} INFO - Processing /Users/swarnalidatta/Desktop/AutoQueryChatbot/.airflow-venv/lib/python3.12/site-packages/airflow/example_dags/tutorial_objectstorage.py took 0.067 seconds
[2026-09-21T18:13:47.876+0200] {processor.py:186} INFO - Started process (PID=9665) to work on /Users/swarnalidatta/Desktop/AutoQueryChatbot/.airflow-venv/lib/python3.12/site-packages/airflow/example_dags/tutorial_objectstorage.py
[2026-09-21T18:13:47.876+0200] {processor.py:914} INFO - Processing file /Users/swarnalidatta/Desktop/AutoQueryChatbot/.airflow-venv/lib/python3.12/site-packages/airflow/example_dags/tutorial_objectstorage.py for tasks to queue
[2026-09-21T18:13:47.876+0200] {logging_mixin.py:190} INFO - [2026-09-21T18:13:47.876+0200] {dagbag.py:588} INFO - Filling up the DagBag from /Users/swarnalidatta/Desktop/AutoQueryChatbot/.airflow-venv/lib/python3.12/site-packages/airflow/example_dags/tutorial_objectstorage.py
[2026-09-21T18:13:47.890+0200] {processor.py:925} INFO - DAG(s) 'tutorial_objectstorage' retrieved from /Users/swarnalidatta/Desktop/AutoQueryChatbot/.airflow-venv/lib/python3.12/site-packages/airflow/example_dags/tutorial_objectstorage.py
[2026-09-21T18:13:47.917+0200] {logging_mixin.py:190} INFO - [2026-09-21T18:13:47.917+0200] {dag.py:3239} INFO - Sync 1 DAGs
[2026-09-21T18:13:47.942+0200] {logging_mixin.py:190} INFO - [2026-09-21T18:13:47.942+0200] {dag.py:4180} INFO - Setting next_dagrun for tutorial_objectstorage to None, run_after=None
[2026-09-21T18:13:47.948+0200] {processor.py:208} INFO - Processing /Users/swarnalidatta/Desktop/AutoQueryChatbot/.airflow-venv/lib/python3.12/site-packages/airflow/example_dags/tutorial_objectstorage.py took 0.073 seconds
[2026-09-21T19:00:56.207+0200] {processor.py:186} INFO - Started process (PID=9828) to work on /Users/swarnalidatta/Desktop/AutoQueryChatbot/.airflow-venv/lib/python3.12/site-packages/airflow/example_dags/tutorial_objectstorage.py
[2026-09-21T19:00:56.207+0200] {processor.py:914} INFO - Processing file /Users/swarnalidatta/Desktop/AutoQueryChatbot/.airflow-venv/lib/python3.12/site-packages/airflow/example_dags/tutorial_objectstorage.py for tasks to queue
[2026-09-21T19:00:56.208+0200] {logging_mixin.py:190} INFO - [2026-09-21T19:00:56.207+0200] {dagbag.py:588} INFO - Filling up the DagBag from /Users/swarnalidatta/Desktop/AutoQueryChatbot/.airflow-venv/lib/python3.12/site-packages/airflow/example_dags/tutorial_objectstorage.py
[2026-09-21T19:00:56.219+0200] {processor.py:925} INFO - DAG(s) 'tutorial_objectstorage' retrieved from /Users/swarnalidatta/Desktop/AutoQueryChatbot/.airflow-venv/lib/python3.12/site-packages/airflow/example_dags/tutorial_objectstorage.py
[2026-09-21T19:00:56.244+0200] {logging_mixin.py:190} INFO - [2026-09-21T19:00:56.244+0200] {dag.py:3239} INFO - Sync 1 DAGs
[2026-09-21T19:00:56.266+0200] {logging_mixin.py:190} INFO - [2026-09-21T19:00:56.266+0200] {dag.py:4180} INFO - Setting next_dagrun for tutorial_objectstorage to None, run_after=None
[2026-09-21T19:00:56.271+0200] {processor.py:208} INFO - Processing /Users/swarnalidatta/Desktop/AutoQueryChatbot/.airflow-venv/lib/python3.12/site-packages/airflow/example_dags/tutorial_objectstorage.py took 0.066 seconds
[2026-09-21T19:10:52.787+0200] {processor.py:186} INFO - Started process (PID=10062) to work on /Users/swarnalidatta/Desktop/AutoQueryChatbot/.airflow-venv/lib/python3.12/site-packages/airflow/example_dags/tutorial_objectstorage.py
[2026-09-21T19:10:52.788+0200] {processor.py:914} INFO - Processing file /Users/swarnalidatta/Desktop/AutoQueryChatbot/.airflow-venv/lib/python3.12/site-packages/airflow/example_dags/tutorial_objectstorage.py for tasks to queue
[2026-09-21T19:10:52.788+0200] {logging_mixin.py:190} INFO - [2026-09-21T19:10:52.788+0200] {dagbag.py:588} INFO - Filling up the DagBag from /Users/swarnalidatta/Desktop/AutoQueryChatbot/.airflow-venv/lib/python3.12/site-packages/airflow/example_dags/tutorial_objectstorage.py
[2026-09-21T19:10:52.800+0200] {processor.py:925} INFO - DAG(s) 'tutorial_objectstorage' retrieved from /Users/swarnalidatta/Desktop/AutoQueryChatbot/.airflow-venv/lib/python3.12/site-packages/airflow/example_dags/tutorial_objectstorage.py
[2026-09-21T19:10:52.825+0200] {logging_mixin.py:190} INFO - [2026-09-21T19:10:52.825+0200] {dag.py:3239} INFO - Sync 1 DAGs
[2026-09-21T19:10:52.847+0200] {logging_mixin.py:190} INFO - [2026-09-21T19:10:52.847+0200] {dag.py:4180} INFO - Setting next_dagrun for tutorial_objectstorage to None, run_after=None
[2026-09-21T19:10:52.852+0200] {processor.py:208} INFO - Processing /Users/swarnalidatta/Desktop/AutoQueryChatbot/.airflow-venv/lib/python3.12/site-packages/airflow/example_dags/tutorial_objectstorage.py took 0.066 seconds
[2026-09-21T20:52:43.811+0200] {processor.py:186} INFO - Started process (PID=10249) to work on /Users/swarnalidatta/Desktop/AutoQueryChatbot/.airflow-venv/lib/python3.12/site-packages/airflow/example_dags/tutorial_objectstorage.py
[2026-09-21T20:52:43.812+0200] {processor.py:914} INFO - Processing file /Users/swarnalidatta/Desktop/AutoQueryChatbot/.airflow-venv/lib/python3.12/site-packages/airflow/example_dags/tutorial_objectstorage.py for tasks to queue
[2026-09-21T20:52:43.812+0200] {logging_mixin.py:190} INFO - [2026-09-21T20:52:43.812+0200] {dagbag.py:588} INFO - Filling up the DagBag from /Users/swarnalidatta/Desktop/AutoQueryChatbot/.airflow-venv/lib/python3.12/site-packages/airflow/example_dags/tutorial_objectstorage.py
[2026-09-21T20:52:43.824+0200] {processor.py:925} INFO - DAG(s) 'tutorial_objectstorage' retrieved from /Users/swarnalidatta/Desktop/AutoQueryChatbot/.airflow-venv/lib/python3.12/site-packages/airflow/example_dags/tutorial_objectstorage.py
[2026-09-21T20:52:43.848+0200] {logging_mixin.py:190} INFO - [2026-09-21T20:52:43.848+0200] {dag.py:3239} INFO - Sync 1 DAGs
[2026-09-21T20:52:43.871+0200] {logging_mixin.py:190} INFO - [2026-09-21T20:52:43.871+0200] {dag.py:4180} INFO - Setting next_dagrun for tutorial_objectstorage to None, run_after=None
[2026-09-21T20:52:43.876+0200] {processor.py:208} INFO - Processing /Users/swarnalidatta/Desktop/AutoQueryChatbot/.airflow-venv/lib/python3.12/site-packages/airflow/example_dags/tutorial_objectstorage.py took 0.066 seconds
[2026-09-22T00:06:00.477+0200] {processor.py:186} INFO - Started process (PID=10536) to work on /Users/swarnalidatta/Desktop/AutoQueryChatbot/.airflow-venv/lib/python3.12/site-packages/airflow/example_dags/tutorial_objectstorage.py
[2026-09-22T00:06:00.477+0200] {processor.py:914} INFO - Processing file /Users/swarnalidatta/Desktop/AutoQueryChatbot/.airflow-venv/lib/python3.12/site-packages/airflow/example_dags/tutorial_objectstorage.py for tasks to queue
[2026-09-22T00:06:00.477+0200] {logging_mixin.py:190} INFO - [2026-09-22T00:06:00.477+0200] {dagbag.py:588} INFO - Filling up the DagBag from /Users/swarnalidatta/Desktop/AutoQueryChatbot/.airflow-venv/lib/python3.12/site-packages/airflow/example_dags/tutorial_objectstorage.py
[2026-09-22T00:06:00.492+0200] {processor.py:925} INFO - DAG(s) 'tutorial_objectstorage' retrieved from /Users/swarnalidatta/Desktop/AutoQueryChatbot/.airflow-venv/lib/python3.12/site-packages/airflow/example_dags/tutorial_objectstorage.py
[2026-09-22T00:06:00.521+0200] {logging_mixin.py:190} INFO - [2026-09-22T00:06:00.520+0200] {dag.py:3239} INFO - Sync 1 DAGs
[2026-09-22T00:06:00.551+0200] {logging_mixin.py:190} INFO - [2026-09-22T00:06:00.551+0200] {dag.py:4180} INFO - Setting next_dagrun for tutorial_objectstorage to None, run_after=None
[2026-09-22T00:06:00.556+0200] {processor.py:208} INFO - Processing /Users/swarnalidatta/Desktop/AutoQueryChatbot/.airflow-venv/lib/python3.12/site-packages/airflow/example_dags/tutorial_objectstorage.py took 0.081 seconds
