[2026-09-21T05:57:04.071+0200] {processor.py:186} INFO - Started process (PID=7997) to work on /Users/swarnalidatta/Desktop/AutoQueryChatbot/.airflow-venv/lib/python3.12/site-packages/airflow/example_dags/tutorial_taskflow_templates.py
[2026-09-21T05:57:04.072+0200] {processor.py:914} INFO - Processing file /Users/swarnalidatta/Desktop/AutoQueryChatbot/.airflow-venv/lib/python3.12/site-packages/airflow/example_dags/tutorial_taskflow_templates.py for tasks to queue
[2026-09-21T05:57:04.072+0200] {logging_mixin.py:190} INFO - [2026-09-21T05:57:04.072+0200] {dagbag.py:588} INFO - Filling up the DagBag from /Users/swarnalidatta/Desktop/AutoQueryChatbot/.airflow-venv/lib/python3.12/site-packages/airflow/example_dags/tutorial_taskflow_templates.py
[2026-09-21T05:57:04.085+0200] {processor.py:925} INFO - DAG(s) 'tutorial_taskflow_templates' retrieved from /Users/swarnalidatta/Desktop/AutoQueryChatbot/.airflow-venv/lib/python3.12/site-packages/airflow/example_dags/tutorial_taskflow_templates.py
[2026-09-21T05:57:04.110+0200] {logging_mixin.py:190} INFO - [2026-09-21T05:57:04.110+0200] {dag.py:3239} INFO - Sync 1 DAGs
[2026-09-21T05:57:04.134+0200] {logging_mixin.py:190} INFO - [2026-09-21T05:57:04.134+0200] {dag.py:4180} INFO - Setting next_dagrun for tutorial_taskflow_templates to 2026-09-20 00:00:00+00:00, run_after=2026-09-21 00:00:00+00:00
[2026-09-21T05:57:04.139+0200] {processor.py:208} INFO - Processing /Users/swarnalidatta/Desktop/AutoQueryChatbot/.airflow-venv/lib/python3.12/site-packages/airflow/example_dags/tutorial_taskflow_templates.py took 0.069 seconds
[2026-09-21T09:29:18.653+0200] {processor.py:186} INFO - Started process (PID=8314) to work on /Users/swarnalidatta/Desktop/AutoQueryChatbot/.airflow-venv/lib/python3.12/site-packages/airflow/example_dags/tutorial_taskflow_templates.py
[2026-09-21T09:29:18.654+0200] {processor.py:914} INFO - Processing file /Users/swarnalidatta/Desktop/AutoQueryChatbot/.airflow-venv/lib/python3.12/site-packages/airflow/example_dags/tutorial_taskflow_templates.py for tasks to queue
[2026-09-21T09:29:18.654+0200] {logging_mixin.py:190} INFO - [2026-09-21T09:29:18.654+0200] {dagbag.py:588} INFO - Filling up the DagBag from /Users/swarnalidatta/Desktop/AutoQueryChatbot/.airflow-venv/lib/python3.12/site-packages/airflow/example_dags/tutorial_taskflow_templates.py
[2026-09-21T09:29:18.667+0200] {processor.py:925} INFO - DAG(s) 'tutorial_taskflow_templates' retrieved from /Users/swarnalidatta/Desktop/AutoQueryChatbot/.airflow-venv/lib/python3.12/site-packages/airflow/example_dags/tutorial_taskflow_templates.py
[2026-09-21T09:29:18.692+0200] {logging_mixin.py:190} INFO - [2026-09-21T09:29:18.692+0200] {dag.py:3239} INFO - Sync 1 DAGs
[2026-09-21T09:29:18.718+0200] {logging_mixin.py:190} INFO - [2026-09-21T09:29:18.717+0200] {dag.py:4180} INFO - Setting next_dagrun for tutorial_taskflow_templates to 2026-09-20 00:00:00+00:00, run_after=2026-09-21 00:00:00+00:00
[2026-09-21T09:29:18.722+0200] {processor.py:208} INFO - Processing /Users/swarnalidatta/Desktop/AutoQueryChatbot/.airflow-venv/lib/python3.12/site-packages/airflow/example_dags/tutorial_taskflow_templates.py took 0.070 seconds
[2026-09-21T12:58:42.677+0200] {processor.py:186} INFO - Started process (PID=8604) to work on /Users/swarnalidatta/Desktop/AutoQueryChatbot/.airflow-venv/lib/python3.12/site-packages/airflow/example_dags/tutorial_taskflow_templates.py
[2026-09-21T12:58:42.677+0200] {processor.py:914} INFO - Processing file /Users/swarnalidatta/Desktop/AutoQueryChatbot/.airflow-venv/lib/python3.12/site-packages/airflow/example_dags/tutorial_taskflow_templates.py for tasks to queue
[2026-09-21T12:58:42.678+0200] {logging_mixin.py:190} INFO - [2026-09-21T12:58:42.678+0200] {dagbag.py:588} INFO - Filling up the DagBag from /Users/swarnalidatta/Desktop/AutoQueryChatbot/.airflow-venv/lib/python3.12/site-packages/airflow/example_dags/tutorial_taskflow_templates.py
[2026-09-21T12:58:42.690+0200] {processor.py:925} INFO - DAG(s) 'tutorial_taskflow_templates' retrieved from /Users/swarnalidatta/Desktop/AutoQueryChatbot/.airflow-venv/lib/python3.12/site-packages/airflow/example_dags/tutorial_taskflow_templates.py
[2026-09-21T12:58:42.715+0200] {logging_mixin.py:190} INFO - [2026-09-21T12:58:42.715+0200] {dag.py:3239} INFO - Sync 1 DAGs
[2026-09-21T12:58:42.740+0200] {logging_mixin.py:190} INFO - [2026-09-21T12:58:42.740+0200] {dag.py:4180} INFO - Setting next_dagrun for tutorial_taskflow_templates to 2026-09-20 00:00:00+00:00, run_after=2026-09-21 00:00:00+00:00
[2026-09-21T12:58:42.745+0200] {processor.py:208} INFO - Processing /Users/swarnalidatta/Desktop/AutoQueryChatbot/.airflow-venv/lib/python3.12/site-packages/airflow/example_dags/tutorial_taskflow_templates.py took 0.069 seconds
[2026-09-21T13:52:24.525+0200] {processor.py:186} INFO - Started process (PID=8833) to work on /Users/swarnalidatta/Desktop/AutoQueryChatbot/.airflow-venv/lib/python3.12/site-packages/airflow/example_dags/tutorial_taskflow_templates.py
[2026-09-21T13:52:24.525+0200] {processor.py:914} INFO - Processing file /Users/swarnalidatta/Desktop/AutoQueryChatbot/.airflow-venv/lib/python3.12/site-packages/airflow/example_dags/tutorial_taskflow_templates.py for tasks to queue
[2026-09-21T13:52:24.526+0200] {logging_mixin.py:190} INFO - [2026-09-21T13:52:24.526+0200] {dagbag.py:588} INFO - Filling up the DagBag from /Users/swarnalidatta/Desktop/AutoQueryChatbot/.airflow-venv/lib/python3.12/site-packages/airflow/example_dags/tutorial_taskflow_templates.py
[2026-09-21T13:52:24.544+0200] {processor.py:925} INFO - DAG(s) 'tutorial_taskflow_templates' retrieved from /Users/swarnalidatta/Desktop/AutoQueryChatbot/.airflow-venv/lib/python3.12/site-packages/airflow/example_dags/tutorial_taskflow_templates.py
[2026-09-21T13:52:24.579+0200] {logging_mixin.py:190} INFO - [2026-09-21T13:52:24.579+0200] {dag.py:3239} INFO - Sync 1 DAGs
[2026-09-21T13:52:24.615+0200] {logging_mixin.py:190} INFO - [2026-09-21T13:52:24.615+0200] {dag.py:4180} INFO - Setting next_dagrun for tutorial_taskflow_templates to 2026-09-20 00:00:00+00:00, run_after=2026-09-21 00:00:00+00:00
[2026-09-21T13:52:24.622+0200] {processor.py:208} INFO - Processing /Users/swarnalidatta/Desktop/AutoQueryChatbot/.airflow-venv/lib/python3.12/site-packages/airflow/example_dags/tutorial_taskflow_templates.py took 0.099 seconds
[2026-09-21T13:55:45.068+0200] {processor.py:186} INFO - Started process (PID=8979) to work on /Users/swarnalidatta/Desktop/AutoQueryChatbot/.airflow-venv/lib/python3.12/site-packages/airflow/example_dags/tutorial_taskflow_templates.py
[2026-09-21T13:55:45.069+0200] {processor.py:914} INFO - Processing file /Users/swarnalidatta/Desktop/AutoQueryChatbot/.airflow-venv/lib/python3.12/site-packages/airflow/example_dags/tutorial_taskflow_templates.py for tasks to queue
[2026-09-21T13:55:45.069+0200] {logging_mixin.py:190} INFO - [2026-09-21T13:55:45.069+0200] {dagbag.py:588} INFO - Filling up the DagBag from /Users/swarnalidatta/Desktop/AutoQueryChatbot/.airflow-venv/lib/python3.12/site-packages/airflow/example_dags/tutorial_taskflow_templates.py
[2026-09-21T13:55:45.082+0200] {processor.py:925} INFO - DAG(s) 'tutorial_taskflow_templates' retrieved from /Users/swarnalidatta/Desktop/AutoQueryChatbot/.airflow-venv/lib/python3.12/site-packages/airflow/example_dags/tutorial_taskflow_templates.py
[2026-09-21T13:55:45.107+0200] {logging_mixin.py:190} INFO - [2026-09-21T13:55:45.107+0200] {dag.py:3239} INFO - Sync 1 DAGs
[2026-09-21T13:55:45.132+0200] {logging_mixin.py:190} INFO - [2026-09-21T13:55:45.132+0200] {dag.py:4180} INFO - Setting next_dagrun for tutorial_taskflow_templates to 2026-09-20 00:00:00+00:00, run_after=2026-09-21 00:00:00+00:00
[2026-09-21T13:55:45.137+0200] {processor.py:208} INFO - Processing /Users/swarnalidatta/Desktop/AutoQueryChatbot/.airflow-venv/lib/python3.12/site-packages/airflow/example_dags/tutorial_taskflow_templates.py took 0.069 seconds
[2026-09-21T16:10:05.026+0200] {processor.py:186} INFO - Started process (PID=9260) to work on /Users/swarnalidatta/Desktop/AutoQueryChatbot/.airflow-venv/lib/python3.12/site-packages/airflow/example_dags/tutorial_taskflow_templates.py
[2026-09-21T16:10:05.026+0200] {processor.py:914} INFO - Processing file /Users/swarnalidatta/Desktop/AutoQueryChatbot/.airflow-venv/lib/python3.12/site-packages/airflow/example_dags/tutorial_taskflow_templates.py for tasks to queue
[2026-09-21T16:10:05.026+0200] {logging_mixin.py:190} INFO - [2026-09-21T16:10:05.026+0200] {dagbag.py:588} INFO - Filling up the DagBag from /Users/swarnalidatta/Desktop/AutoQueryChatbot/.airflow-venv/lib/python3.12/site-packages/airflow/example_dags/tutorial_taskflow_templates.py
[2026-09-21T16:10:05.040+0200] {processor.py:925} INFO - DAG(s) 'tutorial_taskflow_templates' retrieved from /Users/swarnalidatta/Desktop/AutoQueryChatbot/.airflow-venv/lib/python3.12/site-packages/airflow/example_dags/tutorial_taskflow_templates.py
[2026-09-21T16:10:05.065+0200] {logging_mixin.py:190} INFO - [2026-09-21T16:10:05.064+0200] {dag.py:3239} INFO - Sync 1 DAGs
[2026-09-21T16:10:05.090+0200] {logging_mixin.py:190} INFO - [2026-09-21T16:10:05.090+0200] {dag.py:4180} INFO - Setting next_dagrun for tutorial_taskflow_templates to 2026-09-20 00:00:00+00:00, run_after=2026-09-21 00:00:00+00:00
[2026-09-21T16:10:05.094+0200] {processor.py:208} INFO - Processing /Users/swarnalidatta/Desktop/AutoQueryChatbot/.airflow-venv/lib/python3.12/site-packages/airflow/example_dags/tutorial_taskflow_templates.py took 0.070 seconds
[2026-09-21T18:12:42.648+0200] {processor.py:186} INFO - Started process (PID=9520) to work on /Users/swarnalidatta/Desktop/AutoQueryChatbot/.airflow-venv/lib/python3.12/site-packages/airflow/example_dags/tutorial_taskflow_templates.py
[2026-09-21T18:12:42.649+0200] {processor.py:914} INFO - Processing file /Users/swarnalidatta/Desktop/AutoQueryChatbot/.airflow-venv/lib/python3.12/site-packages/airflow/example_dags/tutorial_taskflow_templates.py for tasks to queue
[2026-09-21T18:12:42.649+0200] {logging_mixin.py:190} INFO - [2026-09-21T18:12:42.649+0200] {dagbag.py:588} INFO - Filling up the DagBag from /Users/swarnalidatta/Desktop/AutoQueryChatbot/.airflow-venv/lib/python3.12/site-packages/airflow/example_dags/tutorial_taskflow_templates.py
[2026-09-21T18:12:42.664+0200] {processor.py:925} INFO - DAG(s) 'tutorial_taskflow_templates' retrieved from /Users/swarnalidatta/Desktop/AutoQueryChatbot/.airflow-venv/lib/python3.12/site-packages/airflow/example_dags/tutorial_taskflow_templates.py
[2026-09-21T18:12:42.692+0200] {logging_mixin.py:190} INFO - [2026-09-21T18:12:42.692+0200] {dag.py:3239} INFO - Sync 1 DAGs
[2026-09-21T18:12:42.719+0200] {logging_mixin.py:190} INFO - [2026-09-21T18:12:42.719+0200] {dag.py:4180} INFO - Setting next_dagrun for tutorial_taskflow_templates to 2026-09-20 00:00:00+00:00, run_after=2026-09-21 00:00:00+00:00
[2026-09-21T18:12:42.725+0200] {processor.py:208} INFO - Processing /Users/swarnalidatta/Desktop/AutoQueryChatbot/.airflow-venv/lib/python3.12/site-packages/airflow/example_dags/tutorial_taskflow_templates.py took 0.078 seconds
[2026-09-21T18:13:43.557+0200] {processor.py:186} INFO - Started process (PID=9655) to work on /Users/swarnalidatta/Desktop/AutoQueryChatbot/.airflow-venv/lib/python3.12/site-packages/airflow/example_dags/tutorial_taskflow_templates.py
[2026-09-21T18:13:43.557+0200] {processor.py:914} INFO - Processing file /Users/swarnalidatta/Desktop/AutoQueryChatbot/.airflow-venv/lib/python3.12/site-packages/airflow/example_dags/tutorial_taskflow_templates.py for tasks to queue
[2026-09-21T18:13:43.558+0200] {logging_mixin.py:190} INFO - [2026-09-21T18:13:43.558+0200] {dagbag.py:588} INFO - Filling up the DagBag from /Users/swarnalidatta/Desktop/AutoQueryChatbot/.airflow-venv/lib/python3.12/site-packages/airflow/example_dags/tutorial_taskflow_templates.py
[2026-09-21T18:13:43.574+0200] {processor.py:925} INFO - DAG(s) 'tutorial_taskflow_templates' retrieved from /Users/swarnalidatta/Desktop/AutoQueryChatbot/.airflow-venv/lib/python3.12/site-packages/airflow/example_dags/tutorial_taskflow_templates.py
[2026-09-21T18:13:43.605+0200] {logging_mixin.py:190} INFO - [2026-09-21T18:13:43.605+0200] {dag.py:3239} INFO - Sync 1 DAGs
[2026-09-21T18:13:43.642+0200] {logging_mixin.py:190} INFO - [2026-09-21T18:13:43.642+0200] {dag.py:4180} INFO - Setting next_dagrun for tutorial_taskflow_templates to 2026-09-20 00:00:00+00:00, run_after=2026-09-21 00:00:00+00:00
[2026-09-21T18:13:43.648+0200] {processor.py:208} INFO - Processing /Users/swarnalidatta/Desktop/AutoQueryChatbot/.airflow-venv/lib/python3.12/site-packages/airflow/example_dags/tutorial_taskflow_templates.py took 0.092 seconds
[2026-09-21T19:00:51.394+0200] {processor.py:186} INFO - Started process (PID=9817) to work on /Users/swarnalidatta/Desktop/AutoQueryChatbot/.airflow-venv/lib/python3.12/site-packages/airflow/example_dags/tutorial_taskflow_templates.py
[2026-09-21T19:00:51.394+0200] {processor.py:914} INFO - Processing file /Users/swarnalidatta/Desktop/AutoQueryChatbot/.airflow-venv/lib/python3.12/site-packages/airflow/example_dags/tutorial_taskflow_templates.py for tasks to queue
[2026-09-21T19:00:51.395+0200] {logging_mixin.py:190} INFO - [2026-09-21T19:00:51.395+0200] {dagbag.py:588} INFO - Filling up the DagBag from /Users/swarnalidatta/Desktop/AutoQueryChatbot/.airflow-venv/lib/python3.12/site-packages/airflow/example_dags/tutorial_taskflow_templates.py
[2026-09-21T19:00:51.408+0200] {processor.py:925} INFO - DAG(s) 'tutorial_taskflow_templates' retrieved from /Users/swarnalidatta/Desktop/AutoQueryChatbot/.airflow-venv/lib/python3.12/site-packages/airflow/example_dags/tutorial_taskflow_templates.py
[2026-09-21T19:00:51.433+0200] {logging_mixin.py:190} INFO - [2026-09-21T19:00:51.433+0200] {dag.py:3239} INFO - Sync 1 DAGs
[2026-09-21T19:00:51.459+0200] {logging_mixin.py:190} INFO - [2026-09-21T19:00:51.459+0200] {dag.py:4180} INFO - Setting next_dagrun for tutorial_taskflow_templates to 2026-09-20 00:00:00+00:00, run_after=2026-09-21 00:00:00+00:00
[2026-09-21T19:00:51.464+0200] {processor.py:208} INFO - Processing /Users/swarnalidatta/Desktop/AutoQueryChatbot/.airflow-venv/lib/python3.12/site-packages/airflow/example_dags/tutorial_taskflow_templates.py took 0.071 seconds
[2026-09-21T19:10:48.148+0200] {processor.py:186} INFO - Started process (PID=10049) to work on /Users/swarnalidatta/Desktop/AutoQueryChatbot/.airflow-venv/lib/python3.12/site-packages/airflow/example_dags/tutorial_taskflow_templates.py
[2026-09-21T19:10:48.149+0200] {processor.py:914} INFO - Processing file /Users/swarnalidatta/Desktop/AutoQueryChatbot/.airflow-venv/lib/python3.12/site-packages/airflow/example_dags/tutorial_taskflow_templates.py for tasks to queue
[2026-09-21T19:10:48.149+0200] {logging_mixin.py:190} INFO - [2026-09-21T19:10:48.149+0200] {dagbag.py:588} INFO - Filling up the DagBag from /Users/swarnalidatta/Desktop/AutoQueryChatbot/.airflow-venv/lib/python3.12/site-packages/airflow/example_dags/tutorial_taskflow_templates.py
[2026-09-21T19:10:48.162+0200] {processor.py:925} INFO - DAG(s) 'tutorial_taskflow_templates' retrieved from /Users/swarnalidatta/Desktop/AutoQueryChatbot/.airflow-venv/lib/python3.12/site-packages/airflow/example_dags/tutorial_taskflow_templates.py
[2026-09-21T19:10:48.187+0200] {logging_mixin.py:190} INFO - [2026-09-21T19:10:48.186+0200] {dag.py:3239} INFO - Sync 1 DAGs
[2026-09-21T19:10:48.211+0200] {logging_mixin.py:190} INFO - [2026-09-21T19:10:48.211+0200] {dag.py:4180} INFO - Setting next_dagrun for tutorial_taskflow_templates to 2026-09-20 00:00:00+00:00, run_after=2026-09-21 00:00:00+00:00
[2026-09-21T19:10:48.216+0200] {processor.py:208} INFO - Processing /Users/swarnalidatta/Desktop/AutoQueryChatbot/.airflow-venv/lib/python3.12/site-packages/airflow/example_dags/tutorial_taskflow_templates.py took 0.069 seconds
[2026-09-21T20:34:50.756+0200] {processor.py:186} INFO - Started process (PID=10234) to work on /Users/swarnalidatta/Desktop/AutoQueryChatbot/.airflow-venv/lib/python3.12/site-packages/airflow/example_dags/tutorial_taskflow_templates.py
[2026-09-21T20:34:50.758+0200] {processor.py:914} INFO - Processing file /Users/swarnalidatta/Desktop/AutoQueryChatbot/.airflow-venv/lib/python3.12/site-packages/airflow/example_dags/tutorial_taskflow_templates.py for tasks to queue
[2026-09-21T20:34:50.758+0200] {logging_mixin.py:190} INFO - [2026-09-21T20:34:50.758+0200] {dagbag.py:588} INFO - Filling up the DagBag from /Users/swarnalidatta/Desktop/AutoQueryChatbot/.airflow-venv/lib/python3.12/site-packages/airflow/example_dags/tutorial_taskflow_templates.py
[2026-09-21T20:34:50.771+0200] {processor.py:925} INFO - DAG(s) 'tutorial_taskflow_templates' retrieved from /Users/swarnalidatta/Desktop/AutoQueryChatbot/.airflow-venv/lib/python3.12/site-packages/airflow/example_dags/tutorial_taskflow_templates.py
[2026-09-21T20:34:50.795+0200] {logging_mixin.py:190} INFO - [2026-09-21T20:34:50.795+0200] {dag.py:3239} INFO - Sync 1 DAGs
[2026-09-21T20:34:50.820+0200] {logging_mixin.py:190} INFO - [2026-09-21T20:34:50.820+0200] {dag.py:4180} INFO - Setting next_dagrun for tutorial_taskflow_templates to 2026-09-20 00:00:00+00:00, run_after=2026-09-21 00:00:00+00:00
[2026-09-21T20:34:50.825+0200] {processor.py:208} INFO - Processing /Users/swarnalidatta/Desktop/AutoQueryChatbot/.airflow-venv/lib/python3.12/site-packages/airflow/example_dags/tutorial_taskflow_templates.py took 0.070 seconds
[2026-09-22T00:05:55.154+0200] {processor.py:186} INFO - Started process (PID=10521) to work on /Users/swarnalidatta/Desktop/AutoQueryChatbot/.airflow-venv/lib/python3.12/site-packages/airflow/example_dags/tutorial_taskflow_templates.py
[2026-09-22T00:05:55.155+0200] {processor.py:914} INFO - Processing file /Users/swarnalidatta/Desktop/AutoQueryChatbot/.airflow-venv/lib/python3.12/site-packages/airflow/example_dags/tutorial_taskflow_templates.py for tasks to queue
[2026-09-22T00:05:55.155+0200] {logging_mixin.py:190} INFO - [2026-09-22T00:05:55.155+0200] {dagbag.py:588} INFO - Filling up the DagBag from /Users/swarnalidatta/Desktop/AutoQueryChatbot/.airflow-venv/lib/python3.12/site-packages/airflow/example_dags/tutorial_taskflow_templates.py
[2026-09-22T00:05:55.176+0200] {processor.py:925} INFO - DAG(s) 'tutorial_taskflow_templates' retrieved from /Users/swarnalidatta/Desktop/AutoQueryChatbot/.airflow-venv/lib/python3.12/site-packages/airflow/example_dags/tutorial_taskflow_templates.py
[2026-09-22T00:05:55.206+0200] {logging_mixin.py:190} INFO - [2026-09-22T00:05:55.206+0200] {dag.py:3239} INFO - Sync 1 DAGs
[2026-09-22T00:05:55.235+0200] {logging_mixin.py:190} INFO - [2026-09-22T00:05:55.235+0200] {dag.py:4180} INFO - Setting next_dagrun for tutorial_taskflow_templates to 2026-09-20 00:00:00+00:00, run_after=2026-09-21 00:00:00+00:00
[2026-09-22T00:05:55.240+0200] {processor.py:208} INFO - Processing /Users/swarnalidatta/Desktop/AutoQueryChatbot/.airflow-venv/lib/python3.12/site-packages/airflow/example_dags/tutorial_taskflow_templates.py took 0.088 seconds
