[2026-09-05T20:33:03.215+0200] {local_task_job_runner.py:123} INFO - ::group::Pre task execution logs
[2026-09-05T20:33:03.218+0200] {taskinstance.py:2614} INFO - Dependencies all met for dep_context=non-requeueable deps ti=<TaskInstance: mini_riskagent_file_ingestion.wait_for_csv scheduled__2026-09-05T18:32:00+00:00 [queued]>
[2026-09-05T20:33:03.219+0200] {taskinstance.py:2614} INFO - Dependencies all met for dep_context=requeueable deps ti=<TaskInstance: mini_riskagent_file_ingestion.wait_for_csv scheduled__2026-09-05T18:32:00+00:00 [queued]>
[2026-09-05T20:33:03.219+0200] {taskinstance.py:2867} INFO - Starting attempt 1 of 2
[2026-09-05T20:33:03.223+0200] {taskinstance.py:2890} INFO - Executing <Task(PythonSensor): wait_for_csv> on 2026-09-05 18:32:00+00:00
[2026-09-05T20:33:03.227+0200] {logging_mixin.py:190} WARNING - /Users/swarnalidatta/Desktop/AutoQueryChatbot/.airflow-venv/lib/python3.12/site-packages/airflow/task/task_runner/standard_task_runner.py:70 DeprecationWarning: This process (pid=48153) is multi-threaded, use of fork() may lead to deadlocks in the child.
[2026-09-05T20:33:03.227+0200] {standard_task_runner.py:72} INFO - Started process 48155 to run task
[2026-09-05T20:33:03.226+0200] {standard_task_runner.py:104} INFO - Running: ['airflow', 'tasks', 'run', 'mini_riskagent_file_ingestion', 'wait_for_csv', 'scheduled__2026-09-05T18:32:00+00:00', '--job-id', '2798', '--raw', '--subdir', 'DAGS_FOLDER/data_ingest_pipeline.py', '--cfg-path', '/var/folders/5p/201rr1sj03g8gksxm9x48mbh0000gn/T/tmpwnhtnhvl']
[2026-09-05T20:33:03.227+0200] {standard_task_runner.py:105} INFO - Job 2798: Subtask wait_for_csv
[2026-09-05T20:33:03.240+0200] {task_command.py:467} INFO - Running <TaskInstance: mini_riskagent_file_ingestion.wait_for_csv scheduled__2026-09-05T18:32:00+00:00 [running]> on host mac.home
[2026-09-05T20:33:03.257+0200] {taskinstance.py:3134} INFO - Exporting env vars: AIRFLOW_CTX_DAG_OWNER='autoquery' AIRFLOW_CTX_DAG_ID='mini_riskagent_file_ingestion' AIRFLOW_CTX_TASK_ID='wait_for_csv' AIRFLOW_CTX_EXECUTION_DATE='2026-09-05T18:32:00+00:00' AIRFLOW_CTX_TRY_NUMBER='1' AIRFLOW_CTX_DAG_RUN_ID='scheduled__2026-09-05T18:32:00+00:00'
[2026-09-05T20:33:03.258+0200] {logging_mixin.py:190} INFO - Task instance is in running state
[2026-09-05T20:33:03.258+0200] {logging_mixin.py:190} INFO -  Previous state of the Task instance: queued
[2026-09-05T20:33:03.258+0200] {logging_mixin.py:190} INFO - Current task name:wait_for_csv state:running start_date:2026-09-05 18:33:03.218559+00:00
[2026-09-05T20:33:03.258+0200] {logging_mixin.py:190} INFO - Dag name:mini_riskagent_file_ingestion and current dag run status:running
[2026-09-05T20:33:03.258+0200] {taskinstance.py:732} INFO - ::endgroup::
[2026-09-05T20:33:03.260+0200] {python.py:75} INFO - Poking callable: <function check_for_csv_files at 0x1086e2b60>
[2026-09-05T20:33:03.264+0200] {taskinstance.py:310} INFO - Rescheduling task, marking task as UP_FOR_RESCHEDULE
[2026-09-05T20:33:03.265+0200] {taskinstance.py:341} INFO - ::group::Post task execution logs
[2026-09-05T20:33:03.283+0200] {local_task_job_runner.py:266} INFO - Task exited with return code 0
[2026-09-05T20:33:03.289+0200] {taskinstance.py:3901} INFO - 0 downstream tasks scheduled from follow-on schedule check
[2026-09-05T20:33:03.289+0200] {local_task_job_runner.py:245} INFO - ::endgroup::
[2026-09-05T20:33:35.700+0200] {local_task_job_runner.py:123} INFO - ::group::Pre task execution logs
[2026-09-05T20:33:35.703+0200] {taskinstance.py:2614} INFO - Dependencies all met for dep_context=non-requeueable deps ti=<TaskInstance: mini_riskagent_file_ingestion.wait_for_csv scheduled__2026-09-05T18:32:00+00:00 [queued]>
[2026-09-05T20:33:35.704+0200] {taskinstance.py:2614} INFO - Dependencies all met for dep_context=requeueable deps ti=<TaskInstance: mini_riskagent_file_ingestion.wait_for_csv scheduled__2026-09-05T18:32:00+00:00 [queued]>
[2026-09-05T20:33:35.704+0200] {taskinstance.py:2867} INFO - Starting attempt 1 of 2
[2026-09-05T20:33:35.707+0200] {taskinstance.py:2890} INFO - Executing <Task(PythonSensor): wait_for_csv> on 2026-09-05 18:32:00+00:00
[2026-09-05T20:33:35.711+0200] {logging_mixin.py:190} WARNING - /Users/swarnalidatta/Desktop/AutoQueryChatbot/.airflow-venv/lib/python3.12/site-packages/airflow/task/task_runner/standard_task_runner.py:70 DeprecationWarning: This process (pid=48227) is multi-threaded, use of fork() may lead to deadlocks in the child.
[2026-09-05T20:33:35.712+0200] {standard_task_runner.py:72} INFO - Started process 48229 to run task
[2026-09-05T20:33:35.711+0200] {standard_task_runner.py:104} INFO - Running: ['airflow', 'tasks', 'run', 'mini_riskagent_file_ingestion', 'wait_for_csv', 'scheduled__2026-09-05T18:32:00+00:00', '--job-id', '2801', '--raw', '--subdir', 'DAGS_FOLDER/data_ingest_pipeline.py', '--cfg-path', '/var/folders/5p/201rr1sj03g8gksxm9x48mbh0000gn/T/tmptsmzt9pn']
[2026-09-05T20:33:35.712+0200] {standard_task_runner.py:105} INFO - Job 2801: Subtask wait_for_csv
[2026-09-05T20:33:35.725+0200] {task_command.py:467} INFO - Running <TaskInstance: mini_riskagent_file_ingestion.wait_for_csv scheduled__2026-09-05T18:32:00+00:00 [running]> on host mac.home
[2026-09-05T20:33:35.741+0200] {taskinstance.py:3134} INFO - Exporting env vars: AIRFLOW_CTX_DAG_OWNER='autoquery' AIRFLOW_CTX_DAG_ID='mini_riskagent_file_ingestion' AIRFLOW_CTX_TASK_ID='wait_for_csv' AIRFLOW_CTX_EXECUTION_DATE='2026-09-05T18:32:00+00:00' AIRFLOW_CTX_TRY_NUMBER='1' AIRFLOW_CTX_DAG_RUN_ID='scheduled__2026-09-05T18:32:00+00:00'
[2026-09-05T20:33:35.742+0200] {logging_mixin.py:190} INFO - Task instance is in running state
[2026-09-05T20:33:35.742+0200] {logging_mixin.py:190} INFO -  Previous state of the Task instance: queued
[2026-09-05T20:33:35.742+0200] {logging_mixin.py:190} INFO - Current task name:wait_for_csv state:running start_date:2026-09-05 18:33:35.703380+00:00
[2026-09-05T20:33:35.742+0200] {logging_mixin.py:190} INFO - Dag name:mini_riskagent_file_ingestion and current dag run status:running
[2026-09-05T20:33:35.742+0200] {taskinstance.py:732} INFO - ::endgroup::
[2026-09-05T20:33:35.744+0200] {python.py:75} INFO - Poking callable: <function check_for_csv_files at 0x10cc42b60>
[2026-09-05T20:33:35.747+0200] {taskinstance.py:310} INFO - Rescheduling task, marking task as UP_FOR_RESCHEDULE
[2026-09-05T20:33:35.747+0200] {taskinstance.py:341} INFO - ::group::Post task execution logs
[2026-09-05T20:33:35.767+0200] {local_task_job_runner.py:266} INFO - Task exited with return code 0
[2026-09-05T20:33:35.774+0200] {taskinstance.py:3901} INFO - 0 downstream tasks scheduled from follow-on schedule check
[2026-09-05T20:33:35.774+0200] {local_task_job_runner.py:245} INFO - ::endgroup::
[2026-09-05T20:34:07.263+0200] {local_task_job_runner.py:123} INFO - ::group::Pre task execution logs
[2026-09-05T20:34:07.266+0200] {taskinstance.py:2614} INFO - Dependencies all met for dep_context=non-requeueable deps ti=<TaskInstance: mini_riskagent_file_ingestion.wait_for_csv scheduled__2026-09-05T18:32:00+00:00 [queued]>
[2026-09-05T20:34:07.267+0200] {taskinstance.py:2614} INFO - Dependencies all met for dep_context=requeueable deps ti=<TaskInstance: mini_riskagent_file_ingestion.wait_for_csv scheduled__2026-09-05T18:32:00+00:00 [queued]>
[2026-09-05T20:34:07.267+0200] {taskinstance.py:2867} INFO - Starting attempt 1 of 2
[2026-09-05T20:34:07.270+0200] {taskinstance.py:2890} INFO - Executing <Task(PythonSensor): wait_for_csv> on 2026-09-05 18:32:00+00:00
[2026-09-05T20:34:07.274+0200] {logging_mixin.py:190} WARNING - /Users/swarnalidatta/Desktop/AutoQueryChatbot/.airflow-venv/lib/python3.12/site-packages/airflow/task/task_runner/standard_task_runner.py:70 DeprecationWarning: This process (pid=48302) is multi-threaded, use of fork() may lead to deadlocks in the child.
[2026-09-05T20:34:07.274+0200] {standard_task_runner.py:104} INFO - Running: ['airflow', 'tasks', 'run', 'mini_riskagent_file_ingestion', 'wait_for_csv', 'scheduled__2026-09-05T18:32:00+00:00', '--job-id', '2805', '--raw', '--subdir', 'DAGS_FOLDER/data_ingest_pipeline.py', '--cfg-path', '/var/folders/5p/201rr1sj03g8gksxm9x48mbh0000gn/T/tmp0irgy7b9']
[2026-09-05T20:34:07.275+0200] {standard_task_runner.py:72} INFO - Started process 48304 to run task
[2026-09-05T20:34:07.275+0200] {standard_task_runner.py:105} INFO - Job 2805: Subtask wait_for_csv
[2026-09-05T20:34:07.289+0200] {task_command.py:467} INFO - Running <TaskInstance: mini_riskagent_file_ingestion.wait_for_csv scheduled__2026-09-05T18:32:00+00:00 [running]> on host mac.home
[2026-09-05T20:34:07.305+0200] {taskinstance.py:3134} INFO - Exporting env vars: AIRFLOW_CTX_DAG_OWNER='autoquery' AIRFLOW_CTX_DAG_ID='mini_riskagent_file_ingestion' AIRFLOW_CTX_TASK_ID='wait_for_csv' AIRFLOW_CTX_EXECUTION_DATE='2026-09-05T18:32:00+00:00' AIRFLOW_CTX_TRY_NUMBER='1' AIRFLOW_CTX_DAG_RUN_ID='scheduled__2026-09-05T18:32:00+00:00'
[2026-09-05T20:34:07.306+0200] {logging_mixin.py:190} INFO - Task instance is in running state
[2026-09-05T20:34:07.306+0200] {logging_mixin.py:190} INFO -  Previous state of the Task instance: queued
[2026-09-05T20:34:07.306+0200] {logging_mixin.py:190} INFO - Current task name:wait_for_csv state:running start_date:2026-09-05 18:34:07.266242+00:00
[2026-09-05T20:34:07.306+0200] {logging_mixin.py:190} INFO - Dag name:mini_riskagent_file_ingestion and current dag run status:running
[2026-09-05T20:34:07.306+0200] {taskinstance.py:732} INFO - ::endgroup::
[2026-09-05T20:34:07.308+0200] {python.py:75} INFO - Poking callable: <function check_for_csv_files at 0x10ac3eb60>
[2026-09-05T20:34:07.311+0200] {taskinstance.py:310} INFO - Rescheduling task, marking task as UP_FOR_RESCHEDULE
[2026-09-05T20:34:07.311+0200] {taskinstance.py:341} INFO - ::group::Post task execution logs
[2026-09-05T20:34:07.330+0200] {local_task_job_runner.py:266} INFO - Task exited with return code 0
[2026-09-05T20:34:07.337+0200] {taskinstance.py:3901} INFO - 0 downstream tasks scheduled from follow-on schedule check
[2026-09-05T20:34:07.337+0200] {local_task_job_runner.py:245} INFO - ::endgroup::
[2026-09-05T20:34:38.739+0200] {local_task_job_runner.py:123} INFO - ::group::Pre task execution logs
[2026-09-05T20:34:38.742+0200] {taskinstance.py:2614} INFO - Dependencies all met for dep_context=non-requeueable deps ti=<TaskInstance: mini_riskagent_file_ingestion.wait_for_csv scheduled__2026-09-05T18:32:00+00:00 [queued]>
[2026-09-05T20:34:38.744+0200] {taskinstance.py:2614} INFO - Dependencies all met for dep_context=requeueable deps ti=<TaskInstance: mini_riskagent_file_ingestion.wait_for_csv scheduled__2026-09-05T18:32:00+00:00 [queued]>
[2026-09-05T20:34:38.744+0200] {taskinstance.py:2867} INFO - Starting attempt 1 of 2
[2026-09-05T20:34:38.747+0200] {taskinstance.py:2890} INFO - Executing <Task(PythonSensor): wait_for_csv> on 2026-09-05 18:32:00+00:00
[2026-09-05T20:34:38.751+0200] {logging_mixin.py:190} WARNING - /Users/swarnalidatta/Desktop/AutoQueryChatbot/.airflow-venv/lib/python3.12/site-packages/airflow/task/task_runner/standard_task_runner.py:70 DeprecationWarning: This process (pid=48375) is multi-threaded, use of fork() may lead to deadlocks in the child.
[2026-09-05T20:34:38.751+0200] {standard_task_runner.py:72} INFO - Started process 48381 to run task
[2026-09-05T20:34:38.751+0200] {standard_task_runner.py:104} INFO - Running: ['airflow', 'tasks', 'run', 'mini_riskagent_file_ingestion', 'wait_for_csv', 'scheduled__2026-09-05T18:32:00+00:00', '--job-id', '2809', '--raw', '--subdir', 'DAGS_FOLDER/data_ingest_pipeline.py', '--cfg-path', '/var/folders/5p/201rr1sj03g8gksxm9x48mbh0000gn/T/tmpilc412dj']
[2026-09-05T20:34:38.752+0200] {standard_task_runner.py:105} INFO - Job 2809: Subtask wait_for_csv
[2026-09-05T20:34:38.765+0200] {task_command.py:467} INFO - Running <TaskInstance: mini_riskagent_file_ingestion.wait_for_csv scheduled__2026-09-05T18:32:00+00:00 [running]> on host mac.home
[2026-09-05T20:34:38.781+0200] {taskinstance.py:3134} INFO - Exporting env vars: AIRFLOW_CTX_DAG_OWNER='autoquery' AIRFLOW_CTX_DAG_ID='mini_riskagent_file_ingestion' AIRFLOW_CTX_TASK_ID='wait_for_csv' AIRFLOW_CTX_EXECUTION_DATE='2026-09-05T18:32:00+00:00' AIRFLOW_CTX_TRY_NUMBER='1' AIRFLOW_CTX_DAG_RUN_ID='scheduled__2026-09-05T18:32:00+00:00'
[2026-09-05T20:34:38.781+0200] {logging_mixin.py:190} INFO - Task instance is in running state
[2026-09-05T20:34:38.781+0200] {logging_mixin.py:190} INFO -  Previous state of the Task instance: queued
[2026-09-05T20:34:38.781+0200] {logging_mixin.py:190} INFO - Current task name:wait_for_csv state:running start_date:2026-09-05 18:34:38.742676+00:00
[2026-09-05T20:34:38.782+0200] {logging_mixin.py:190} INFO - Dag name:mini_riskagent_file_ingestion and current dag run status:running
[2026-09-05T20:34:38.782+0200] {taskinstance.py:732} INFO - ::endgroup::
[2026-09-05T20:34:38.783+0200] {python.py:75} INFO - Poking callable: <function check_for_csv_files at 0x10aef6b60>
[2026-09-05T20:34:38.787+0200] {taskinstance.py:310} INFO - Rescheduling task, marking task as UP_FOR_RESCHEDULE
[2026-09-05T20:34:38.787+0200] {taskinstance.py:341} INFO - ::group::Post task execution logs
[2026-09-05T20:34:38.807+0200] {local_task_job_runner.py:266} INFO - Task exited with return code 0
[2026-09-05T20:34:38.813+0200] {taskinstance.py:3901} INFO - 0 downstream tasks scheduled from follow-on schedule check
[2026-09-05T20:34:38.814+0200] {local_task_job_runner.py:245} INFO - ::endgroup::
[2026-09-05T20:52:20.871+0200] {local_task_job_runner.py:123} INFO - ::group::Pre task execution logs
[2026-09-05T20:52:20.874+0200] {taskinstance.py:2614} INFO - Dependencies all met for dep_context=non-requeueable deps ti=<TaskInstance: mini_riskagent_file_ingestion.wait_for_csv scheduled__2026-09-05T18:32:00+00:00 [queued]>
[2026-09-05T20:52:20.876+0200] {taskinstance.py:2614} INFO - Dependencies all met for dep_context=requeueable deps ti=<TaskInstance: mini_riskagent_file_ingestion.wait_for_csv scheduled__2026-09-05T18:32:00+00:00 [queued]>
[2026-09-05T20:52:20.876+0200] {taskinstance.py:2867} INFO - Starting attempt 1 of 2
[2026-09-05T20:52:20.880+0200] {taskinstance.py:2890} INFO - Executing <Task(PythonSensor): wait_for_csv> on 2026-09-05 18:32:00+00:00
[2026-09-05T20:52:20.886+0200] {logging_mixin.py:190} WARNING - /Users/swarnalidatta/Desktop/AutoQueryChatbot/.airflow-venv/lib/python3.12/site-packages/airflow/task/task_runner/standard_task_runner.py:70 DeprecationWarning: This process (pid=48464) is multi-threaded, use of fork() may lead to deadlocks in the child.
[2026-09-05T20:52:20.886+0200] {standard_task_runner.py:72} INFO - Started process 48467 to run task
[2026-09-05T20:52:20.885+0200] {standard_task_runner.py:104} INFO - Running: ['airflow', 'tasks', 'run', 'mini_riskagent_file_ingestion', 'wait_for_csv', 'scheduled__2026-09-05T18:32:00+00:00', '--job-id', '2814', '--raw', '--subdir', 'DAGS_FOLDER/data_ingest_pipeline.py', '--cfg-path', '/var/folders/5p/201rr1sj03g8gksxm9x48mbh0000gn/T/tmpwkf9z3hi']
[2026-09-05T20:52:20.886+0200] {standard_task_runner.py:105} INFO - Job 2814: Subtask wait_for_csv
[2026-09-05T20:52:20.902+0200] {task_command.py:467} INFO - Running <TaskInstance: mini_riskagent_file_ingestion.wait_for_csv scheduled__2026-09-05T18:32:00+00:00 [running]> on host mac.home
[2026-09-05T20:52:20.917+0200] {taskinstance.py:3134} INFO - Exporting env vars: AIRFLOW_CTX_DAG_OWNER='autoquery' AIRFLOW_CTX_DAG_ID='mini_riskagent_file_ingestion' AIRFLOW_CTX_TASK_ID='wait_for_csv' AIRFLOW_CTX_EXECUTION_DATE='2026-09-05T18:32:00+00:00' AIRFLOW_CTX_TRY_NUMBER='1' AIRFLOW_CTX_DAG_RUN_ID='scheduled__2026-09-05T18:32:00+00:00'
[2026-09-05T20:52:20.917+0200] {logging_mixin.py:190} INFO - Task instance is in running state
[2026-09-05T20:52:20.918+0200] {logging_mixin.py:190} INFO -  Previous state of the Task instance: queued
[2026-09-05T20:52:20.918+0200] {logging_mixin.py:190} INFO - Current task name:wait_for_csv state:running start_date:2026-09-05 18:52:20.874894+00:00
[2026-09-05T20:52:20.918+0200] {logging_mixin.py:190} INFO - Dag name:mini_riskagent_file_ingestion and current dag run status:running
[2026-09-05T20:52:20.918+0200] {taskinstance.py:732} INFO - ::endgroup::
[2026-09-05T20:52:20.919+0200] {python.py:75} INFO - Poking callable: <function check_for_csv_files at 0x120226b60>
[2026-09-05T20:52:20.923+0200] {taskinstance.py:310} INFO - Rescheduling task, marking task as UP_FOR_RESCHEDULE
[2026-09-05T20:52:20.923+0200] {taskinstance.py:341} INFO - ::group::Post task execution logs
[2026-09-05T20:52:20.945+0200] {local_task_job_runner.py:266} INFO - Task exited with return code 0
[2026-09-05T20:52:20.953+0200] {taskinstance.py:3901} INFO - 0 downstream tasks scheduled from follow-on schedule check
[2026-09-05T20:52:20.953+0200] {local_task_job_runner.py:245} INFO - ::endgroup::
[2026-09-05T21:10:28.835+0200] {local_task_job_runner.py:123} INFO - ::group::Pre task execution logs
[2026-09-05T21:10:28.838+0200] {taskinstance.py:2614} INFO - Dependencies all met for dep_context=non-requeueable deps ti=<TaskInstance: mini_riskagent_file_ingestion.wait_for_csv scheduled__2026-09-05T18:32:00+00:00 [queued]>
[2026-09-05T21:10:28.839+0200] {taskinstance.py:2614} INFO - Dependencies all met for dep_context=requeueable deps ti=<TaskInstance: mini_riskagent_file_ingestion.wait_for_csv scheduled__2026-09-05T18:32:00+00:00 [queued]>
[2026-09-05T21:10:28.839+0200] {taskinstance.py:2867} INFO - Starting attempt 1 of 2
[2026-09-05T21:10:28.842+0200] {taskinstance.py:2890} INFO - Executing <Task(PythonSensor): wait_for_csv> on 2026-09-05 18:32:00+00:00
[2026-09-05T21:10:28.846+0200] {logging_mixin.py:190} WARNING - /Users/swarnalidatta/Desktop/AutoQueryChatbot/.airflow-venv/lib/python3.12/site-packages/airflow/task/task_runner/standard_task_runner.py:70 DeprecationWarning: This process (pid=48534) is multi-threaded, use of fork() may lead to deadlocks in the child.
[2026-09-05T21:10:28.846+0200] {standard_task_runner.py:72} INFO - Started process 48536 to run task
[2026-09-05T21:10:28.846+0200] {standard_task_runner.py:104} INFO - Running: ['airflow', 'tasks', 'run', 'mini_riskagent_file_ingestion', 'wait_for_csv', 'scheduled__2026-09-05T18:32:00+00:00', '--job-id', '2823', '--raw', '--subdir', 'DAGS_FOLDER/data_ingest_pipeline.py', '--cfg-path', '/var/folders/5p/201rr1sj03g8gksxm9x48mbh0000gn/T/tmp_di_fm98']
[2026-09-05T21:10:28.847+0200] {standard_task_runner.py:105} INFO - Job 2823: Subtask wait_for_csv
[2026-09-05T21:10:28.859+0200] {task_command.py:467} INFO - Running <TaskInstance: mini_riskagent_file_ingestion.wait_for_csv scheduled__2026-09-05T18:32:00+00:00 [running]> on host mac.home
[2026-09-05T21:10:28.876+0200] {taskinstance.py:3134} INFO - Exporting env vars: AIRFLOW_CTX_DAG_OWNER='autoquery' AIRFLOW_CTX_DAG_ID='mini_riskagent_file_ingestion' AIRFLOW_CTX_TASK_ID='wait_for_csv' AIRFLOW_CTX_EXECUTION_DATE='2026-09-05T18:32:00+00:00' AIRFLOW_CTX_TRY_NUMBER='1' AIRFLOW_CTX_DAG_RUN_ID='scheduled__2026-09-05T18:32:00+00:00'
[2026-09-05T21:10:28.876+0200] {logging_mixin.py:190} INFO - Task instance is in running state
[2026-09-05T21:10:28.876+0200] {logging_mixin.py:190} INFO -  Previous state of the Task instance: queued
[2026-09-05T21:10:28.876+0200] {logging_mixin.py:190} INFO - Current task name:wait_for_csv state:running start_date:2026-09-05 19:10:28.838169+00:00
[2026-09-05T21:10:28.876+0200] {logging_mixin.py:190} INFO - Dag name:mini_riskagent_file_ingestion and current dag run status:running
[2026-09-05T21:10:28.877+0200] {taskinstance.py:732} INFO - ::endgroup::
[2026-09-05T21:10:28.878+0200] {python.py:75} INFO - Poking callable: <function check_for_csv_files at 0x10e026b60>
[2026-09-05T21:10:28.881+0200] {taskinstance.py:310} INFO - Rescheduling task, marking task as UP_FOR_RESCHEDULE
[2026-09-05T21:10:28.881+0200] {taskinstance.py:341} INFO - ::group::Post task execution logs
[2026-09-05T21:10:28.906+0200] {local_task_job_runner.py:266} INFO - Task exited with return code 0
[2026-09-05T21:10:28.912+0200] {taskinstance.py:3901} INFO - 0 downstream tasks scheduled from follow-on schedule check
[2026-09-05T21:10:28.912+0200] {local_task_job_runner.py:245} INFO - ::endgroup::
[2026-09-05T21:24:31.913+0200] {local_task_job_runner.py:123} INFO - ::group::Pre task execution logs
[2026-09-05T21:24:31.916+0200] {taskinstance.py:2614} INFO - Dependencies all met for dep_context=non-requeueable deps ti=<TaskInstance: mini_riskagent_file_ingestion.wait_for_csv scheduled__2026-09-05T18:32:00+00:00 [queued]>
[2026-09-05T21:24:31.917+0200] {taskinstance.py:2614} INFO - Dependencies all met for dep_context=requeueable deps ti=<TaskInstance: mini_riskagent_file_ingestion.wait_for_csv scheduled__2026-09-05T18:32:00+00:00 [queued]>
[2026-09-05T21:24:31.917+0200] {taskinstance.py:2867} INFO - Starting attempt 1 of 2
[2026-09-05T21:24:31.921+0200] {taskinstance.py:2890} INFO - Executing <Task(PythonSensor): wait_for_csv> on 2026-09-05 18:32:00+00:00
[2026-09-05T21:24:31.925+0200] {logging_mixin.py:190} WARNING - /Users/swarnalidatta/Desktop/AutoQueryChatbot/.airflow-venv/lib/python3.12/site-packages/airflow/task/task_runner/standard_task_runner.py:70 DeprecationWarning: This process (pid=48570) is multi-threaded, use of fork() may lead to deadlocks in the child.
[2026-09-05T21:24:31.924+0200] {standard_task_runner.py:104} INFO - Running: ['airflow', 'tasks', 'run', 'mini_riskagent_file_ingestion', 'wait_for_csv', 'scheduled__2026-09-05T18:32:00+00:00', '--job-id', '2831', '--raw', '--subdir', 'DAGS_FOLDER/data_ingest_pipeline.py', '--cfg-path', '/var/folders/5p/201rr1sj03g8gksxm9x48mbh0000gn/T/tmpzkbw9uzb']
[2026-09-05T21:24:31.925+0200] {standard_task_runner.py:72} INFO - Started process 48572 to run task
[2026-09-05T21:24:31.925+0200] {standard_task_runner.py:105} INFO - Job 2831: Subtask wait_for_csv
[2026-09-05T21:24:31.938+0200] {task_command.py:467} INFO - Running <TaskInstance: mini_riskagent_file_ingestion.wait_for_csv scheduled__2026-09-05T18:32:00+00:00 [running]> on host mac.home
[2026-09-05T21:24:31.953+0200] {taskinstance.py:3134} INFO - Exporting env vars: AIRFLOW_CTX_DAG_OWNER='autoquery' AIRFLOW_CTX_DAG_ID='mini_riskagent_file_ingestion' AIRFLOW_CTX_TASK_ID='wait_for_csv' AIRFLOW_CTX_EXECUTION_DATE='2026-09-05T18:32:00+00:00' AIRFLOW_CTX_TRY_NUMBER='1' AIRFLOW_CTX_DAG_RUN_ID='scheduled__2026-09-05T18:32:00+00:00'
[2026-09-05T21:24:31.953+0200] {logging_mixin.py:190} INFO - Task instance is in running state
[2026-09-05T21:24:31.953+0200] {logging_mixin.py:190} INFO -  Previous state of the Task instance: queued
[2026-09-05T21:24:31.954+0200] {logging_mixin.py:190} INFO - Current task name:wait_for_csv state:running start_date:2026-09-05 19:24:31.916494+00:00
[2026-09-05T21:24:31.954+0200] {logging_mixin.py:190} INFO - Dag name:mini_riskagent_file_ingestion and current dag run status:running
[2026-09-05T21:24:31.954+0200] {taskinstance.py:732} INFO - ::endgroup::
[2026-09-05T21:24:31.955+0200] {python.py:75} INFO - Poking callable: <function check_for_csv_files at 0x10b1c6b60>
[2026-09-05T21:24:31.958+0200] {taskinstance.py:310} INFO - Rescheduling task, marking task as UP_FOR_RESCHEDULE
[2026-09-05T21:24:31.959+0200] {taskinstance.py:341} INFO - ::group::Post task execution logs
[2026-09-05T21:24:31.983+0200] {local_task_job_runner.py:266} INFO - Task exited with return code 0
[2026-09-05T21:24:31.990+0200] {taskinstance.py:3901} INFO - 0 downstream tasks scheduled from follow-on schedule check
[2026-09-05T21:24:31.990+0200] {local_task_job_runner.py:245} INFO - ::endgroup::
[2026-09-05T21:28:35.971+0200] {local_task_job_runner.py:123} INFO - ::group::Pre task execution logs
[2026-09-05T21:28:35.974+0200] {taskinstance.py:2614} INFO - Dependencies all met for dep_context=non-requeueable deps ti=<TaskInstance: mini_riskagent_file_ingestion.wait_for_csv scheduled__2026-09-05T18:32:00+00:00 [queued]>
[2026-09-05T21:28:35.975+0200] {taskinstance.py:2614} INFO - Dependencies all met for dep_context=requeueable deps ti=<TaskInstance: mini_riskagent_file_ingestion.wait_for_csv scheduled__2026-09-05T18:32:00+00:00 [queued]>
[2026-09-05T21:28:35.976+0200] {taskinstance.py:2867} INFO - Starting attempt 1 of 2
[2026-09-05T21:28:35.978+0200] {taskinstance.py:2890} INFO - Executing <Task(PythonSensor): wait_for_csv> on 2026-09-05 18:32:00+00:00
[2026-09-05T21:28:35.983+0200] {logging_mixin.py:190} WARNING - /Users/swarnalidatta/Desktop/AutoQueryChatbot/.airflow-venv/lib/python3.12/site-packages/airflow/task/task_runner/standard_task_runner.py:70 DeprecationWarning: This process (pid=48645) is multi-threaded, use of fork() may lead to deadlocks in the child.
[2026-09-05T21:28:35.983+0200] {standard_task_runner.py:72} INFO - Started process 48647 to run task
[2026-09-05T21:28:35.983+0200] {standard_task_runner.py:104} INFO - Running: ['airflow', 'tasks', 'run', 'mini_riskagent_file_ingestion', 'wait_for_csv', 'scheduled__2026-09-05T18:32:00+00:00', '--job-id', '2836', '--raw', '--subdir', 'DAGS_FOLDER/data_ingest_pipeline.py', '--cfg-path', '/var/folders/5p/201rr1sj03g8gksxm9x48mbh0000gn/T/tmp1q3ywchr']
[2026-09-05T21:28:35.984+0200] {standard_task_runner.py:105} INFO - Job 2836: Subtask wait_for_csv
[2026-09-05T21:28:35.997+0200] {task_command.py:467} INFO - Running <TaskInstance: mini_riskagent_file_ingestion.wait_for_csv scheduled__2026-09-05T18:32:00+00:00 [running]> on host mac.home
[2026-09-05T21:28:36.012+0200] {taskinstance.py:3134} INFO - Exporting env vars: AIRFLOW_CTX_DAG_OWNER='autoquery' AIRFLOW_CTX_DAG_ID='mini_riskagent_file_ingestion' AIRFLOW_CTX_TASK_ID='wait_for_csv' AIRFLOW_CTX_EXECUTION_DATE='2026-09-05T18:32:00+00:00' AIRFLOW_CTX_TRY_NUMBER='1' AIRFLOW_CTX_DAG_RUN_ID='scheduled__2026-09-05T18:32:00+00:00'
[2026-09-05T21:28:36.012+0200] {logging_mixin.py:190} INFO - Task instance is in running state
[2026-09-05T21:28:36.013+0200] {logging_mixin.py:190} INFO -  Previous state of the Task instance: queued
[2026-09-05T21:28:36.013+0200] {logging_mixin.py:190} INFO - Current task name:wait_for_csv state:running start_date:2026-09-05 19:28:35.974686+00:00
[2026-09-05T21:28:36.013+0200] {logging_mixin.py:190} INFO - Dag name:mini_riskagent_file_ingestion and current dag run status:running
[2026-09-05T21:28:36.013+0200] {taskinstance.py:732} INFO - ::endgroup::
[2026-09-05T21:28:36.014+0200] {python.py:75} INFO - Poking callable: <function check_for_csv_files at 0x112beab60>
[2026-09-05T21:28:36.018+0200] {taskinstance.py:310} INFO - Rescheduling task, marking task as UP_FOR_RESCHEDULE
[2026-09-05T21:28:36.018+0200] {taskinstance.py:341} INFO - ::group::Post task execution logs
[2026-09-05T21:28:36.043+0200] {local_task_job_runner.py:266} INFO - Task exited with return code 0
[2026-09-05T21:28:36.049+0200] {taskinstance.py:3901} INFO - 0 downstream tasks scheduled from follow-on schedule check
[2026-09-05T21:28:36.050+0200] {local_task_job_runner.py:245} INFO - ::endgroup::
[2026-09-05T21:29:08.154+0200] {local_task_job_runner.py:123} INFO - ::group::Pre task execution logs
[2026-09-05T21:29:08.156+0200] {taskinstance.py:2614} INFO - Dependencies all met for dep_context=non-requeueable deps ti=<TaskInstance: mini_riskagent_file_ingestion.wait_for_csv scheduled__2026-09-05T18:32:00+00:00 [queued]>
[2026-09-05T21:29:08.157+0200] {taskinstance.py:2614} INFO - Dependencies all met for dep_context=requeueable deps ti=<TaskInstance: mini_riskagent_file_ingestion.wait_for_csv scheduled__2026-09-05T18:32:00+00:00 [queued]>
[2026-09-05T21:29:08.158+0200] {taskinstance.py:2867} INFO - Starting attempt 1 of 2
[2026-09-05T21:29:08.160+0200] {taskinstance.py:2890} INFO - Executing <Task(PythonSensor): wait_for_csv> on 2026-09-05 18:32:00+00:00
[2026-09-05T21:29:08.165+0200] {logging_mixin.py:190} WARNING - /Users/swarnalidatta/Desktop/AutoQueryChatbot/.airflow-venv/lib/python3.12/site-packages/airflow/task/task_runner/standard_task_runner.py:70 DeprecationWarning: This process (pid=48745) is multi-threaded, use of fork() may lead to deadlocks in the child.
[2026-09-05T21:29:08.166+0200] {standard_task_runner.py:72} INFO - Started process 48747 to run task
[2026-09-05T21:29:08.165+0200] {standard_task_runner.py:104} INFO - Running: ['airflow', 'tasks', 'run', 'mini_riskagent_file_ingestion', 'wait_for_csv', 'scheduled__2026-09-05T18:32:00+00:00', '--job-id', '2849', '--raw', '--subdir', 'DAGS_FOLDER/data_ingest_pipeline.py', '--cfg-path', '/var/folders/5p/201rr1sj03g8gksxm9x48mbh0000gn/T/tmp04ixkd2_']
[2026-09-05T21:29:08.166+0200] {standard_task_runner.py:105} INFO - Job 2849: Subtask wait_for_csv
[2026-09-05T21:29:08.180+0200] {task_command.py:467} INFO - Running <TaskInstance: mini_riskagent_file_ingestion.wait_for_csv scheduled__2026-09-05T18:32:00+00:00 [running]> on host mac.home
[2026-09-05T21:29:08.195+0200] {taskinstance.py:3134} INFO - Exporting env vars: AIRFLOW_CTX_DAG_OWNER='autoquery' AIRFLOW_CTX_DAG_ID='mini_riskagent_file_ingestion' AIRFLOW_CTX_TASK_ID='wait_for_csv' AIRFLOW_CTX_EXECUTION_DATE='2026-09-05T18:32:00+00:00' AIRFLOW_CTX_TRY_NUMBER='1' AIRFLOW_CTX_DAG_RUN_ID='scheduled__2026-09-05T18:32:00+00:00'
[2026-09-05T21:29:08.196+0200] {logging_mixin.py:190} INFO - Task instance is in running state
[2026-09-05T21:29:08.196+0200] {logging_mixin.py:190} INFO -  Previous state of the Task instance: queued
[2026-09-05T21:29:08.196+0200] {logging_mixin.py:190} INFO - Current task name:wait_for_csv state:running start_date:2026-09-05 19:29:08.156699+00:00
[2026-09-05T21:29:08.196+0200] {logging_mixin.py:190} INFO - Dag name:mini_riskagent_file_ingestion and current dag run status:running
[2026-09-05T21:29:08.196+0200] {taskinstance.py:732} INFO - ::endgroup::
[2026-09-05T21:29:08.198+0200] {python.py:75} INFO - Poking callable: <function check_for_csv_files at 0x10b1d2b60>
[2026-09-05T21:29:08.201+0200] {taskinstance.py:310} INFO - Rescheduling task, marking task as UP_FOR_RESCHEDULE
[2026-09-05T21:29:08.201+0200] {taskinstance.py:341} INFO - ::group::Post task execution logs
[2026-09-05T21:29:08.225+0200] {local_task_job_runner.py:266} INFO - Task exited with return code 0
[2026-09-05T21:29:08.231+0200] {taskinstance.py:3901} INFO - 0 downstream tasks scheduled from follow-on schedule check
[2026-09-05T21:29:08.232+0200] {local_task_job_runner.py:245} INFO - ::endgroup::
[2026-09-05T21:45:39.194+0200] {local_task_job_runner.py:123} INFO - ::group::Pre task execution logs
[2026-09-05T21:45:39.196+0200] {taskinstance.py:2614} INFO - Dependencies all met for dep_context=non-requeueable deps ti=<TaskInstance: mini_riskagent_file_ingestion.wait_for_csv scheduled__2026-09-05T18:32:00+00:00 [queued]>
[2026-09-05T21:45:39.197+0200] {taskinstance.py:2614} INFO - Dependencies all met for dep_context=requeueable deps ti=<TaskInstance: mini_riskagent_file_ingestion.wait_for_csv scheduled__2026-09-05T18:32:00+00:00 [queued]>
[2026-09-05T21:45:39.198+0200] {taskinstance.py:2867} INFO - Starting attempt 1 of 2
[2026-09-05T21:45:39.201+0200] {taskinstance.py:2890} INFO - Executing <Task(PythonSensor): wait_for_csv> on 2026-09-05 18:32:00+00:00
[2026-09-05T21:45:39.205+0200] {logging_mixin.py:190} WARNING - /Users/swarnalidatta/Desktop/AutoQueryChatbot/.airflow-venv/lib/python3.12/site-packages/airflow/task/task_runner/standard_task_runner.py:70 DeprecationWarning: This process (pid=48817) is multi-threaded, use of fork() may lead to deadlocks in the child.
[2026-09-05T21:45:39.205+0200] {standard_task_runner.py:104} INFO - Running: ['airflow', 'tasks', 'run', 'mini_riskagent_file_ingestion', 'wait_for_csv', 'scheduled__2026-09-05T18:32:00+00:00', '--job-id', '2860', '--raw', '--subdir', 'DAGS_FOLDER/data_ingest_pipeline.py', '--cfg-path', '/var/folders/5p/201rr1sj03g8gksxm9x48mbh0000gn/T/tmpaho_4qcz']
[2026-09-05T21:45:39.206+0200] {standard_task_runner.py:72} INFO - Started process 48825 to run task
[2026-09-05T21:45:39.206+0200] {standard_task_runner.py:105} INFO - Job 2860: Subtask wait_for_csv
[2026-09-05T21:45:39.220+0200] {task_command.py:467} INFO - Running <TaskInstance: mini_riskagent_file_ingestion.wait_for_csv scheduled__2026-09-05T18:32:00+00:00 [running]> on host mac.home
[2026-09-05T21:45:39.237+0200] {taskinstance.py:3134} INFO - Exporting env vars: AIRFLOW_CTX_DAG_OWNER='autoquery' AIRFLOW_CTX_DAG_ID='mini_riskagent_file_ingestion' AIRFLOW_CTX_TASK_ID='wait_for_csv' AIRFLOW_CTX_EXECUTION_DATE='2026-09-05T18:32:00+00:00' AIRFLOW_CTX_TRY_NUMBER='1' AIRFLOW_CTX_DAG_RUN_ID='scheduled__2026-09-05T18:32:00+00:00'
[2026-09-05T21:45:39.238+0200] {logging_mixin.py:190} INFO - Task instance is in running state
[2026-09-05T21:45:39.238+0200] {logging_mixin.py:190} INFO -  Previous state of the Task instance: queued
[2026-09-05T21:45:39.238+0200] {logging_mixin.py:190} INFO - Current task name:wait_for_csv state:running start_date:2026-09-05 19:45:39.196600+00:00
[2026-09-05T21:45:39.239+0200] {logging_mixin.py:190} INFO - Dag name:mini_riskagent_file_ingestion and current dag run status:running
[2026-09-05T21:45:39.239+0200] {taskinstance.py:732} INFO - ::endgroup::
[2026-09-05T21:45:39.240+0200] {python.py:75} INFO - Poking callable: <function check_for_csv_files at 0x10d096b60>
[2026-09-05T21:45:39.241+0200] {taskinstance.py:3313} ERROR - Task failed with exception
Traceback (most recent call last):
  File "/Users/swarnalidatta/Desktop/AutoQueryChatbot/.airflow-venv/lib/python3.12/site-packages/airflow/models/taskinstance.py", line 768, in _execute_task
    result = _execute_callable(context=context, **execute_callable_kwargs)
             ^^^^^^^^^^^^^^^^^^^^^^^^^^^^^^^^^^^^^^^^^^^^^^^^^^^^^^^^^^^^^
  File "/Users/swarnalidatta/Desktop/AutoQueryChatbot/.airflow-venv/lib/python3.12/site-packages/airflow/models/taskinstance.py", line 734, in _execute_callable
    return ExecutionCallableRunner(
           ^^^^^^^^^^^^^^^^^^^^^^^^
  File "/Users/swarnalidatta/Desktop/AutoQueryChatbot/.airflow-venv/lib/python3.12/site-packages/airflow/utils/operator_helpers.py", line 252, in run
    return self.func(*args, **kwargs)
           ^^^^^^^^^^^^^^^^^^^^^^^^^^
  File "/Users/swarnalidatta/Desktop/AutoQueryChatbot/.airflow-venv/lib/python3.12/site-packages/airflow/models/baseoperator.py", line 424, in wrapper
    return func(self, *args, **kwargs)
           ^^^^^^^^^^^^^^^^^^^^^^^^^^^
  File "/Users/swarnalidatta/Desktop/AutoQueryChatbot/.airflow-venv/lib/python3.12/site-packages/airflow/sensors/base.py", line 326, in execute
    raise AirflowSensorTimeout(message)
airflow.exceptions.AirflowSensorTimeout: Sensor has timed out; run duration of 4355.994437 seconds exceeds the specified timeout of 3600.0.
[2026-09-05T21:45:39.242+0200] {logging_mixin.py:190} INFO - Task instance in failure state
[2026-09-05T21:45:39.242+0200] {logging_mixin.py:190} INFO - Task start:2026-09-05 19:45:39.196600+00:00 end:2026-09-05 19:45:39.242642+00:00 duration:0.046042
[2026-09-05T21:45:39.243+0200] {logging_mixin.py:190} INFO - Task:<Task(PythonSensor): wait_for_csv> dag:<DAG: mini_riskagent_file_ingestion> dagrun:<DagRun mini_riskagent_file_ingestion @ 2026-09-05 18:32:00+00:00: scheduled__2026-09-05T18:32:00+00:00, state:running, queued_at: 2026-09-05 18:33:02.325148+00:00. externally triggered: False>
[2026-09-05T21:45:39.243+0200] {logging_mixin.py:190} INFO - Failure caused by Sensor has timed out; run duration of 4355.994437 seconds exceeds the specified timeout of 3600.0.
[2026-09-05T21:45:39.243+0200] {taskinstance.py:1226} INFO - Immediate failure requested. Marking task as FAILED. dag_id=mini_riskagent_file_ingestion, task_id=wait_for_csv, run_id=scheduled__2026-09-05T18:32:00+00:00, execution_date=20260905T183200, start_date=20260905T194539, end_date=20260905T194539
[2026-09-05T21:45:39.248+0200] {taskinstance.py:341} INFO - ::group::Post task execution logs
[2026-09-05T21:45:39.248+0200] {standard_task_runner.py:124} ERROR - Failed to execute job 2860 for task wait_for_csv (Sensor has timed out; run duration of 4355.994437 seconds exceeds the specified timeout of 3600.0.; 48825)
Traceback (most recent call last):
  File "/Users/swarnalidatta/Desktop/AutoQueryChatbot/.airflow-venv/lib/python3.12/site-packages/airflow/task/task_runner/standard_task_runner.py", line 117, in _start_by_fork
    ret = args.func(args, dag=self.dag)
          ^^^^^^^^^^^^^^^^^^^^^^^^^^^^^
  File "/Users/swarnalidatta/Desktop/AutoQueryChatbot/.airflow-venv/lib/python3.12/site-packages/airflow/cli/cli_config.py", line 49, in command
    return func(*args, **kwargs)
           ^^^^^^^^^^^^^^^^^^^^^
  File "/Users/swarnalidatta/Desktop/AutoQueryChatbot/.airflow-venv/lib/python3.12/site-packages/airflow/utils/cli.py", line 116, in wrapper
    return f(*args, **kwargs)
           ^^^^^^^^^^^^^^^^^^
  File "/Users/swarnalidatta/Desktop/AutoQueryChatbot/.airflow-venv/lib/python3.12/site-packages/airflow/cli/commands/task_command.py", line 483, in task_run
    task_return_code = _run_task_by_selected_method(args, _dag, ti)
                       ^^^^^^^^^^^^^^^^^^^^^^^^^^^^^^^^^^^^^^^^^^^^
  File "/Users/swarnalidatta/Desktop/AutoQueryChatbot/.airflow-venv/lib/python3.12/site-packages/airflow/cli/commands/task_command.py", line 256, in _run_task_by_selected_method
    return _run_raw_task(args, ti)
           ^^^^^^^^^^^^^^^^^^^^^^^
  File "/Users/swarnalidatta/Desktop/AutoQueryChatbot/.airflow-venv/lib/python3.12/site-packages/airflow/cli/commands/task_command.py", line 341, in _run_raw_task
    return ti._run_raw_task(
           ^^^^^^^^^^^^^^^^^
  File "/Users/swarnalidatta/Desktop/AutoQueryChatbot/.airflow-venv/lib/python3.12/site-packages/airflow/utils/session.py", line 97, in wrapper
    return func(*args, session=session, **kwargs)
           ^^^^^^^^^^^^^^^^^^^^^^^^^^^^^^^^^^^^^^
  File "/Users/swarnalidatta/Desktop/AutoQueryChatbot/.airflow-venv/lib/python3.12/site-packages/airflow/models/taskinstance.py", line 3006, in _run_raw_task
    return _run_raw_task(
           ^^^^^^^^^^^^^^
  File "/Users/swarnalidatta/Desktop/AutoQueryChatbot/.airflow-venv/lib/python3.12/site-packages/airflow/models/taskinstance.py", line 274, in _run_raw_task
    TaskInstance._execute_task_with_callbacks(
  File "/Users/swarnalidatta/Desktop/AutoQueryChatbot/.airflow-venv/lib/python3.12/site-packages/airflow/models/taskinstance.py", line 3161, in _execute_task_with_callbacks
    result = self._execute_task(context, task_orig)
             ^^^^^^^^^^^^^^^^^^^^^^^^^^^^^^^^^^^^^^
  File "/Users/swarnalidatta/Desktop/AutoQueryChatbot/.airflow-venv/lib/python3.12/site-packages/airflow/models/taskinstance.py", line 3185, in _execute_task
    return _execute_task(self, context, task_orig)
           ^^^^^^^^^^^^^^^^^^^^^^^^^^^^^^^^^^^^^^^
  File "/Users/swarnalidatta/Desktop/AutoQueryChatbot/.airflow-venv/lib/python3.12/site-packages/airflow/models/taskinstance.py", line 768, in _execute_task
    result = _execute_callable(context=context, **execute_callable_kwargs)
             ^^^^^^^^^^^^^^^^^^^^^^^^^^^^^^^^^^^^^^^^^^^^^^^^^^^^^^^^^^^^^
  File "/Users/swarnalidatta/Desktop/AutoQueryChatbot/.airflow-venv/lib/python3.12/site-packages/airflow/models/taskinstance.py", line 734, in _execute_callable
    return ExecutionCallableRunner(
           ^^^^^^^^^^^^^^^^^^^^^^^^
  File "/Users/swarnalidatta/Desktop/AutoQueryChatbot/.airflow-venv/lib/python3.12/site-packages/airflow/utils/operator_helpers.py", line 252, in run
    return self.func(*args, **kwargs)
           ^^^^^^^^^^^^^^^^^^^^^^^^^^
  File "/Users/swarnalidatta/Desktop/AutoQueryChatbot/.airflow-venv/lib/python3.12/site-packages/airflow/models/baseoperator.py", line 424, in wrapper
    return func(self, *args, **kwargs)
           ^^^^^^^^^^^^^^^^^^^^^^^^^^^
  File "/Users/swarnalidatta/Desktop/AutoQueryChatbot/.airflow-venv/lib/python3.12/site-packages/airflow/sensors/base.py", line 326, in execute
    raise AirflowSensorTimeout(message)
airflow.exceptions.AirflowSensorTimeout: Sensor has timed out; run duration of 4355.994437 seconds exceeds the specified timeout of 3600.0.
[2026-09-05T21:45:39.264+0200] {local_task_job_runner.py:266} INFO - Task exited with return code 1
[2026-09-05T21:45:39.271+0200] {taskinstance.py:3901} INFO - 0 downstream tasks scheduled from follow-on schedule check
[2026-09-05T21:45:39.273+0200] {local_task_job_runner.py:245} INFO - ::endgroup::
