[2026-09-22T03:10:48.355+0200] {local_task_job_runner.py:123} INFO - ::group::Pre task execution logs
[2026-09-22T03:10:48.357+0200] {taskinstance.py:2614} INFO - Dependencies all met for dep_context=non-requeueable deps ti=<TaskInstance: mini_riskagent_file_ingestion.wait_for_csv scheduled__2026-09-22T01:09:00+00:00 [queued]>
[2026-09-22T03:10:48.359+0200] {taskinstance.py:2614} INFO - Dependencies all met for dep_context=requeueable deps ti=<TaskInstance: mini_riskagent_file_ingestion.wait_for_csv scheduled__2026-09-22T01:09:00+00:00 [queued]>
[2026-09-22T03:10:48.359+0200] {taskinstance.py:2867} INFO - Starting attempt 1 of 2
[2026-09-22T03:10:48.362+0200] {taskinstance.py:2890} INFO - Executing <Task(PythonSensor): wait_for_csv> on 2026-09-22 01:09:00+00:00
[2026-09-22T03:10:48.367+0200] {logging_mixin.py:190} WARNING - /Users/swarnalidatta/Desktop/AutoQueryChatbot/.airflow-venv/lib/python3.12/site-packages/airflow/task/task_runner/standard_task_runner.py:70 DeprecationWarning: This process (pid=10777) is multi-threaded, use of fork() may lead to deadlocks in the child.
[2026-09-22T03:10:48.367+0200] {standard_task_runner.py:72} INFO - Started process 10779 to run task
[2026-09-22T03:10:48.367+0200] {standard_task_runner.py:104} INFO - Running: ['airflow', 'tasks', 'run', 'mini_riskagent_file_ingestion', 'wait_for_csv', 'scheduled__2026-09-22T01:09:00+00:00', '--job-id', '4949', '--raw', '--subdir', 'DAGS_FOLDER/data_ingest_pipeline.py', '--cfg-path', '/var/folders/5p/201rr1sj03g8gksxm9x48mbh0000gn/T/tmpsqnu50zb']
[2026-09-22T03:10:48.367+0200] {standard_task_runner.py:105} INFO - Job 4949: Subtask wait_for_csv
[2026-09-22T03:10:48.382+0200] {task_command.py:467} INFO - Running <TaskInstance: mini_riskagent_file_ingestion.wait_for_csv scheduled__2026-09-22T01:09:00+00:00 [running]> on host mac.home
[2026-09-22T03:10:48.398+0200] {taskinstance.py:3134} INFO - Exporting env vars: AIRFLOW_CTX_DAG_OWNER='autoquery' AIRFLOW_CTX_DAG_ID='mini_riskagent_file_ingestion' AIRFLOW_CTX_TASK_ID='wait_for_csv' AIRFLOW_CTX_EXECUTION_DATE='2026-09-22T01:09:00+00:00' AIRFLOW_CTX_TRY_NUMBER='1' AIRFLOW_CTX_DAG_RUN_ID='scheduled__2026-09-22T01:09:00+00:00'
[2026-09-22T03:10:48.398+0200] {logging_mixin.py:190} INFO - Task instance is in running state
[2026-09-22T03:10:48.399+0200] {logging_mixin.py:190} INFO -  Previous state of the Task instance: queued
[2026-09-22T03:10:48.399+0200] {logging_mixin.py:190} INFO - Current task name:wait_for_csv state:running start_date:2026-09-22 01:10:48.357963+00:00
[2026-09-22T03:10:48.399+0200] {logging_mixin.py:190} INFO - Dag name:mini_riskagent_file_ingestion and current dag run status:running
[2026-09-22T03:10:48.399+0200] {taskinstance.py:732} INFO - ::endgroup::
[2026-09-22T03:10:48.400+0200] {python.py:75} INFO - Poking callable: <function check_for_csv_files at 0x10ca22b60>
[2026-09-22T03:10:48.405+0200] {taskinstance.py:310} INFO - Rescheduling task, marking task as UP_FOR_RESCHEDULE
[2026-09-22T03:10:48.406+0200] {taskinstance.py:341} INFO - ::group::Post task execution logs
[2026-09-22T03:10:48.427+0200] {local_task_job_runner.py:266} INFO - Task exited with return code 0
[2026-09-22T03:10:48.434+0200] {taskinstance.py:3901} INFO - 0 downstream tasks scheduled from follow-on schedule check
[2026-09-22T03:10:48.434+0200] {local_task_job_runner.py:245} INFO - ::endgroup::
[2026-09-22T03:27:12.045+0200] {local_task_job_runner.py:123} INFO - ::group::Pre task execution logs
[2026-09-22T03:27:12.047+0200] {taskinstance.py:2614} INFO - Dependencies all met for dep_context=non-requeueable deps ti=<TaskInstance: mini_riskagent_file_ingestion.wait_for_csv scheduled__2026-09-22T01:09:00+00:00 [queued]>
[2026-09-22T03:27:12.049+0200] {taskinstance.py:2614} INFO - Dependencies all met for dep_context=requeueable deps ti=<TaskInstance: mini_riskagent_file_ingestion.wait_for_csv scheduled__2026-09-22T01:09:00+00:00 [queued]>
[2026-09-22T03:27:12.049+0200] {taskinstance.py:2867} INFO - Starting attempt 1 of 2
[2026-09-22T03:27:12.052+0200] {taskinstance.py:2890} INFO - Executing <Task(PythonSensor): wait_for_csv> on 2026-09-22 01:09:00+00:00
[2026-09-22T03:27:12.056+0200] {logging_mixin.py:190} WARNING - /Users/swarnalidatta/Desktop/AutoQueryChatbot/.airflow-venv/lib/python3.12/site-packages/airflow/task/task_runner/standard_task_runner.py:70 DeprecationWarning: This process (pid=10786) is multi-threaded, use of fork() may lead to deadlocks in the child.
[2026-09-22T03:27:12.057+0200] {standard_task_runner.py:72} INFO - Started process 10789 to run task
[2026-09-22T03:27:12.056+0200] {standard_task_runner.py:104} INFO - Running: ['airflow', 'tasks', 'run', 'mini_riskagent_file_ingestion', 'wait_for_csv', 'scheduled__2026-09-22T01:09:00+00:00', '--job-id', '4950', '--raw', '--subdir', 'DAGS_FOLDER/data_ingest_pipeline.py', '--cfg-path', '/var/folders/5p/201rr1sj03g8gksxm9x48mbh0000gn/T/tmplzy064ww']
[2026-09-22T03:27:12.057+0200] {standard_task_runner.py:105} INFO - Job 4950: Subtask wait_for_csv
[2026-09-22T03:27:12.071+0200] {task_command.py:467} INFO - Running <TaskInstance: mini_riskagent_file_ingestion.wait_for_csv scheduled__2026-09-22T01:09:00+00:00 [running]> on host mac.home
[2026-09-22T03:27:12.087+0200] {taskinstance.py:3134} INFO - Exporting env vars: AIRFLOW_CTX_DAG_OWNER='autoquery' AIRFLOW_CTX_DAG_ID='mini_riskagent_file_ingestion' AIRFLOW_CTX_TASK_ID='wait_for_csv' AIRFLOW_CTX_EXECUTION_DATE='2026-09-22T01:09:00+00:00' AIRFLOW_CTX_TRY_NUMBER='1' AIRFLOW_CTX_DAG_RUN_ID='scheduled__2026-09-22T01:09:00+00:00'
[2026-09-22T03:27:12.087+0200] {logging_mixin.py:190} INFO - Task instance is in running state
[2026-09-22T03:27:12.087+0200] {logging_mixin.py:190} INFO -  Previous state of the Task instance: queued
[2026-09-22T03:27:12.088+0200] {logging_mixin.py:190} INFO - Current task name:wait_for_csv state:running start_date:2026-09-22 01:27:12.047871+00:00
[2026-09-22T03:27:12.088+0200] {logging_mixin.py:190} INFO - Dag name:mini_riskagent_file_ingestion and current dag run status:running
[2026-09-22T03:27:12.088+0200] {taskinstance.py:732} INFO - ::endgroup::
[2026-09-22T03:27:12.089+0200] {python.py:75} INFO - Poking callable: <function check_for_csv_files at 0x112a12b60>
[2026-09-22T03:27:12.092+0200] {taskinstance.py:310} INFO - Rescheduling task, marking task as UP_FOR_RESCHEDULE
[2026-09-22T03:27:12.092+0200] {taskinstance.py:341} INFO - ::group::Post task execution logs
[2026-09-22T03:27:12.114+0200] {local_task_job_runner.py:266} INFO - Task exited with return code 0
[2026-09-22T03:27:12.120+0200] {taskinstance.py:3901} INFO - 0 downstream tasks scheduled from follow-on schedule check
[2026-09-22T03:27:12.121+0200] {local_task_job_runner.py:245} INFO - ::endgroup::
[2026-09-22T03:43:47.667+0200] {local_task_job_runner.py:123} INFO - ::group::Pre task execution logs
[2026-09-22T03:43:47.669+0200] {taskinstance.py:2614} INFO - Dependencies all met for dep_context=non-requeueable deps ti=<TaskInstance: mini_riskagent_file_ingestion.wait_for_csv scheduled__2026-09-22T01:09:00+00:00 [queued]>
[2026-09-22T03:43:47.671+0200] {taskinstance.py:2614} INFO - Dependencies all met for dep_context=requeueable deps ti=<TaskInstance: mini_riskagent_file_ingestion.wait_for_csv scheduled__2026-09-22T01:09:00+00:00 [queued]>
[2026-09-22T03:43:47.671+0200] {taskinstance.py:2867} INFO - Starting attempt 1 of 2
[2026-09-22T03:43:47.674+0200] {taskinstance.py:2890} INFO - Executing <Task(PythonSensor): wait_for_csv> on 2026-09-22 01:09:00+00:00
[2026-09-22T03:43:47.678+0200] {logging_mixin.py:190} WARNING - /Users/swarnalidatta/Desktop/AutoQueryChatbot/.airflow-venv/lib/python3.12/site-packages/airflow/task/task_runner/standard_task_runner.py:70 DeprecationWarning: This process (pid=10803) is multi-threaded, use of fork() may lead to deadlocks in the child.
[2026-09-22T03:43:47.678+0200] {standard_task_runner.py:72} INFO - Started process 10806 to run task
[2026-09-22T03:43:47.678+0200] {standard_task_runner.py:104} INFO - Running: ['airflow', 'tasks', 'run', 'mini_riskagent_file_ingestion', 'wait_for_csv', 'scheduled__2026-09-22T01:09:00+00:00', '--job-id', '4951', '--raw', '--subdir', 'DAGS_FOLDER/data_ingest_pipeline.py', '--cfg-path', '/var/folders/5p/201rr1sj03g8gksxm9x48mbh0000gn/T/tmpzmoo085j']
[2026-09-22T03:43:47.678+0200] {standard_task_runner.py:105} INFO - Job 4951: Subtask wait_for_csv
[2026-09-22T03:43:47.692+0200] {task_command.py:467} INFO - Running <TaskInstance: mini_riskagent_file_ingestion.wait_for_csv scheduled__2026-09-22T01:09:00+00:00 [running]> on host mac.home
[2026-09-22T03:43:47.708+0200] {taskinstance.py:3134} INFO - Exporting env vars: AIRFLOW_CTX_DAG_OWNER='autoquery' AIRFLOW_CTX_DAG_ID='mini_riskagent_file_ingestion' AIRFLOW_CTX_TASK_ID='wait_for_csv' AIRFLOW_CTX_EXECUTION_DATE='2026-09-22T01:09:00+00:00' AIRFLOW_CTX_TRY_NUMBER='1' AIRFLOW_CTX_DAG_RUN_ID='scheduled__2026-09-22T01:09:00+00:00'
[2026-09-22T03:43:47.708+0200] {logging_mixin.py:190} INFO - Task instance is in running state
[2026-09-22T03:43:47.708+0200] {logging_mixin.py:190} INFO -  Previous state of the Task instance: queued
[2026-09-22T03:43:47.709+0200] {logging_mixin.py:190} INFO - Current task name:wait_for_csv state:running start_date:2026-09-22 01:43:47.669968+00:00
[2026-09-22T03:43:47.709+0200] {logging_mixin.py:190} INFO - Dag name:mini_riskagent_file_ingestion and current dag run status:running
[2026-09-22T03:43:47.709+0200] {taskinstance.py:732} INFO - ::endgroup::
[2026-09-22T03:43:47.710+0200] {python.py:75} INFO - Poking callable: <function check_for_csv_files at 0x10b49eb60>
[2026-09-22T03:43:47.713+0200] {taskinstance.py:310} INFO - Rescheduling task, marking task as UP_FOR_RESCHEDULE
[2026-09-22T03:43:47.713+0200] {taskinstance.py:341} INFO - ::group::Post task execution logs
[2026-09-22T03:43:47.738+0200] {local_task_job_runner.py:266} INFO - Task exited with return code 0
[2026-09-22T03:43:47.744+0200] {taskinstance.py:3901} INFO - 0 downstream tasks scheduled from follow-on schedule check
[2026-09-22T03:43:47.745+0200] {local_task_job_runner.py:245} INFO - ::endgroup::
[2026-09-22T04:00:05.682+0200] {local_task_job_runner.py:123} INFO - ::group::Pre task execution logs
[2026-09-22T04:00:05.684+0200] {taskinstance.py:2614} INFO - Dependencies all met for dep_context=non-requeueable deps ti=<TaskInstance: mini_riskagent_file_ingestion.wait_for_csv scheduled__2026-09-22T01:09:00+00:00 [queued]>
[2026-09-22T04:00:05.686+0200] {taskinstance.py:2614} INFO - Dependencies all met for dep_context=requeueable deps ti=<TaskInstance: mini_riskagent_file_ingestion.wait_for_csv scheduled__2026-09-22T01:09:00+00:00 [queued]>
[2026-09-22T04:00:05.686+0200] {taskinstance.py:2867} INFO - Starting attempt 1 of 2
[2026-09-22T04:00:05.689+0200] {taskinstance.py:2890} INFO - Executing <Task(PythonSensor): wait_for_csv> on 2026-09-22 01:09:00+00:00
[2026-09-22T04:00:05.693+0200] {logging_mixin.py:190} WARNING - /Users/swarnalidatta/Desktop/AutoQueryChatbot/.airflow-venv/lib/python3.12/site-packages/airflow/task/task_runner/standard_task_runner.py:70 DeprecationWarning: This process (pid=10823) is multi-threaded, use of fork() may lead to deadlocks in the child.
[2026-09-22T04:00:05.694+0200] {standard_task_runner.py:72} INFO - Started process 10825 to run task
[2026-09-22T04:00:05.693+0200] {standard_task_runner.py:104} INFO - Running: ['airflow', 'tasks', 'run', 'mini_riskagent_file_ingestion', 'wait_for_csv', 'scheduled__2026-09-22T01:09:00+00:00', '--job-id', '4952', '--raw', '--subdir', 'DAGS_FOLDER/data_ingest_pipeline.py', '--cfg-path', '/var/folders/5p/201rr1sj03g8gksxm9x48mbh0000gn/T/tmpt8h5jml3']
[2026-09-22T04:00:05.694+0200] {standard_task_runner.py:105} INFO - Job 4952: Subtask wait_for_csv
[2026-09-22T04:00:05.707+0200] {task_command.py:467} INFO - Running <TaskInstance: mini_riskagent_file_ingestion.wait_for_csv scheduled__2026-09-22T01:09:00+00:00 [running]> on host mac.home
[2026-09-22T04:00:05.724+0200] {taskinstance.py:3134} INFO - Exporting env vars: AIRFLOW_CTX_DAG_OWNER='autoquery' AIRFLOW_CTX_DAG_ID='mini_riskagent_file_ingestion' AIRFLOW_CTX_TASK_ID='wait_for_csv' AIRFLOW_CTX_EXECUTION_DATE='2026-09-22T01:09:00+00:00' AIRFLOW_CTX_TRY_NUMBER='1' AIRFLOW_CTX_DAG_RUN_ID='scheduled__2026-09-22T01:09:00+00:00'
[2026-09-22T04:00:05.724+0200] {logging_mixin.py:190} INFO - Task instance is in running state
[2026-09-22T04:00:05.724+0200] {logging_mixin.py:190} INFO -  Previous state of the Task instance: queued
[2026-09-22T04:00:05.725+0200] {logging_mixin.py:190} INFO - Current task name:wait_for_csv state:running start_date:2026-09-22 02:00:05.684993+00:00
[2026-09-22T04:00:05.725+0200] {logging_mixin.py:190} INFO - Dag name:mini_riskagent_file_ingestion and current dag run status:running
[2026-09-22T04:00:05.725+0200] {taskinstance.py:732} INFO - ::endgroup::
[2026-09-22T04:00:05.726+0200] {python.py:75} INFO - Poking callable: <function check_for_csv_files at 0x10aa72b60>
[2026-09-22T04:00:05.729+0200] {taskinstance.py:310} INFO - Rescheduling task, marking task as UP_FOR_RESCHEDULE
[2026-09-22T04:00:05.730+0200] {taskinstance.py:341} INFO - ::group::Post task execution logs
[2026-09-22T04:00:05.753+0200] {local_task_job_runner.py:266} INFO - Task exited with return code 0
[2026-09-22T04:00:05.761+0200] {taskinstance.py:3901} INFO - 0 downstream tasks scheduled from follow-on schedule check
[2026-09-22T04:00:05.761+0200] {local_task_job_runner.py:245} INFO - ::endgroup::
[2026-09-22T04:16:49.681+0200] {local_task_job_runner.py:123} INFO - ::group::Pre task execution logs
[2026-09-22T04:16:49.684+0200] {taskinstance.py:2614} INFO - Dependencies all met for dep_context=non-requeueable deps ti=<TaskInstance: mini_riskagent_file_ingestion.wait_for_csv scheduled__2026-09-22T01:09:00+00:00 [queued]>
[2026-09-22T04:16:49.685+0200] {taskinstance.py:2614} INFO - Dependencies all met for dep_context=requeueable deps ti=<TaskInstance: mini_riskagent_file_ingestion.wait_for_csv scheduled__2026-09-22T01:09:00+00:00 [queued]>
[2026-09-22T04:16:49.685+0200] {taskinstance.py:2867} INFO - Starting attempt 1 of 2
[2026-09-22T04:16:49.688+0200] {taskinstance.py:2890} INFO - Executing <Task(PythonSensor): wait_for_csv> on 2026-09-22 01:09:00+00:00
[2026-09-22T04:16:49.692+0200] {logging_mixin.py:190} WARNING - /Users/swarnalidatta/Desktop/AutoQueryChatbot/.airflow-venv/lib/python3.12/site-packages/airflow/task/task_runner/standard_task_runner.py:70 DeprecationWarning: This process (pid=10837) is multi-threaded, use of fork() may lead to deadlocks in the child.
[2026-09-22T04:16:49.693+0200] {standard_task_runner.py:72} INFO - Started process 10839 to run task
[2026-09-22T04:16:49.692+0200] {standard_task_runner.py:104} INFO - Running: ['airflow', 'tasks', 'run', 'mini_riskagent_file_ingestion', 'wait_for_csv', 'scheduled__2026-09-22T01:09:00+00:00', '--job-id', '4953', '--raw', '--subdir', 'DAGS_FOLDER/data_ingest_pipeline.py', '--cfg-path', '/var/folders/5p/201rr1sj03g8gksxm9x48mbh0000gn/T/tmpyu8ify4l']
[2026-09-22T04:16:49.693+0200] {standard_task_runner.py:105} INFO - Job 4953: Subtask wait_for_csv
[2026-09-22T04:16:49.706+0200] {task_command.py:467} INFO - Running <TaskInstance: mini_riskagent_file_ingestion.wait_for_csv scheduled__2026-09-22T01:09:00+00:00 [running]> on host mac.home
[2026-09-22T04:16:49.722+0200] {taskinstance.py:3134} INFO - Exporting env vars: AIRFLOW_CTX_DAG_OWNER='autoquery' AIRFLOW_CTX_DAG_ID='mini_riskagent_file_ingestion' AIRFLOW_CTX_TASK_ID='wait_for_csv' AIRFLOW_CTX_EXECUTION_DATE='2026-09-22T01:09:00+00:00' AIRFLOW_CTX_TRY_NUMBER='1' AIRFLOW_CTX_DAG_RUN_ID='scheduled__2026-09-22T01:09:00+00:00'
[2026-09-22T04:16:49.722+0200] {logging_mixin.py:190} INFO - Task instance is in running state
[2026-09-22T04:16:49.722+0200] {logging_mixin.py:190} INFO -  Previous state of the Task instance: queued
[2026-09-22T04:16:49.722+0200] {logging_mixin.py:190} INFO - Current task name:wait_for_csv state:running start_date:2026-09-22 02:16:49.684145+00:00
[2026-09-22T04:16:49.723+0200] {logging_mixin.py:190} INFO - Dag name:mini_riskagent_file_ingestion and current dag run status:running
[2026-09-22T04:16:49.723+0200] {taskinstance.py:732} INFO - ::endgroup::
[2026-09-22T04:16:49.724+0200] {python.py:75} INFO - Poking callable: <function check_for_csv_files at 0x10c982b60>
[2026-09-22T04:16:49.724+0200] {taskinstance.py:3313} ERROR - Task failed with exception
Traceback (most recent call last):
  File "/Users/swarnalidatta/Desktop/AutoQueryChatbot/.airflow-venv/lib/python3.12/site-packages/airflow/models/taskinstance.py", line 768, in _execute_task
    result = _execute_callable(context=context, **execute_callable_kwargs)
             ^^^^^^^^^^^^^^^^^^^^^^^^^^^^^^^^^^^^^^^^^^^^^^^^^^^^^^^^^^^^^
  File "/Users/swarnalidatta/Desktop/AutoQueryChatbot/.airflow-venv/lib/python3.12/site-packages/airflow/models/taskinstance.py", line 734, in _execute_callable
    return ExecutionCallableRunner(
           ^^^^^^^^^^^^^^^^^^^^^^^^
  File "/Users/swarnalidatta/Desktop/AutoQueryChatbot/.airflow-venv/lib/python3.12/site-packages/airflow/utils/operator_helpers.py", line 252, in run
    return self.func(*args, **kwargs)
           ^^^^^^^^^^^^^^^^^^^^^^^^^^
  File "/Users/swarnalidatta/Desktop/AutoQueryChatbot/.airflow-venv/lib/python3.12/site-packages/airflow/models/baseoperator.py", line 424, in wrapper
    return func(self, *args, **kwargs)
           ^^^^^^^^^^^^^^^^^^^^^^^^^^^
  File "/Users/swarnalidatta/Desktop/AutoQueryChatbot/.airflow-venv/lib/python3.12/site-packages/airflow/sensors/base.py", line 326, in execute
    raise AirflowSensorTimeout(message)
airflow.exceptions.AirflowSensorTimeout: Sensor has timed out; run duration of 3961.336669 seconds exceeds the specified timeout of 3600.0.
[2026-09-22T04:16:49.726+0200] {logging_mixin.py:190} INFO - Task instance in failure state
[2026-09-22T04:16:49.726+0200] {logging_mixin.py:190} INFO - Task start:2026-09-22 02:16:49.684145+00:00 end:2026-09-22 02:16:49.726194+00:00 duration:0.042049
[2026-09-22T04:16:49.726+0200] {logging_mixin.py:190} INFO - Task:<Task(PythonSensor): wait_for_csv> dag:<DAG: mini_riskagent_file_ingestion> dagrun:<DagRun mini_riskagent_file_ingestion @ 2026-09-22 01:09:00+00:00: scheduled__2026-09-22T01:09:00+00:00, state:running, queued_at: 2026-09-22 01:10:47.463378+00:00. externally triggered: False>
[2026-09-22T04:16:49.726+0200] {logging_mixin.py:190} INFO - Failure caused by Sensor has timed out; run duration of 3961.336669 seconds exceeds the specified timeout of 3600.0.
[2026-09-22T04:16:49.727+0200] {taskinstance.py:1226} INFO - Immediate failure requested. Marking task as FAILED. dag_id=mini_riskagent_file_ingestion, task_id=wait_for_csv, run_id=scheduled__2026-09-22T01:09:00+00:00, execution_date=20260922T010900, start_date=20260922T021649, end_date=20260922T021649
[2026-09-22T04:16:49.730+0200] {taskinstance.py:341} INFO - ::group::Post task execution logs
[2026-09-22T04:16:49.730+0200] {standard_task_runner.py:124} ERROR - Failed to execute job 4953 for task wait_for_csv (Sensor has timed out; run duration of 3961.336669 seconds exceeds the specified timeout of 3600.0.; 10839)
Traceback (most recent call last):
  File "/Users/swarnalidatta/Desktop/AutoQueryChatbot/.airflow-venv/lib/python3.12/site-packages/airflow/task/task_runner/standard_task_runner.py", line 117, in _start_by_fork
    ret = args.func(args, dag=self.dag)
          ^^^^^^^^^^^^^^^^^^^^^^^^^^^^^
  File "/Users/swarnalidatta/Desktop/AutoQueryChatbot/.airflow-venv/lib/python3.12/site-packages/airflow/cli/cli_config.py", line 49, in command
    return func(*args, **kwargs)
           ^^^^^^^^^^^^^^^^^^^^^
  File "/Users/swarnalidatta/Desktop/AutoQueryChatbot/.airflow-venv/lib/python3.12/site-packages/airflow/utils/cli.py", line 116, in wrapper
    return f(*args, **kwargs)
           ^^^^^^^^^^^^^^^^^^
  File "/Users/swarnalidatta/Desktop/AutoQueryChatbot/.airflow-venv/lib/python3.12/site-packages/airflow/cli/commands/task_command.py", line 483, in task_run
    task_return_code = _run_task_by_selected_method(args, _dag, ti)
                       ^^^^^^^^^^^^^^^^^^^^^^^^^^^^^^^^^^^^^^^^^^^^
  File "/Users/swarnalidatta/Desktop/AutoQueryChatbot/.airflow-venv/lib/python3.12/site-packages/airflow/cli/commands/task_command.py", line 256, in _run_task_by_selected_method
    return _run_raw_task(args, ti)
           ^^^^^^^^^^^^^^^^^^^^^^^
  File "/Users/swarnalidatta/Desktop/AutoQueryChatbot/.airflow-venv/lib/python3.12/site-packages/airflow/cli/commands/task_command.py", line 341, in _run_raw_task
    return ti._run_raw_task(
           ^^^^^^^^^^^^^^^^^
  File "/Users/swarnalidatta/Desktop/AutoQueryChatbot/.airflow-venv/lib/python3.12/site-packages/airflow/utils/session.py", line 97, in wrapper
    return func(*args, session=session, **kwargs)
           ^^^^^^^^^^^^^^^^^^^^^^^^^^^^^^^^^^^^^^
  File "/Users/swarnalidatta/Desktop/AutoQueryChatbot/.airflow-venv/lib/python3.12/site-packages/airflow/models/taskinstance.py", line 3006, in _run_raw_task
    return _run_raw_task(
           ^^^^^^^^^^^^^^
  File "/Users/swarnalidatta/Desktop/AutoQueryChatbot/.airflow-venv/lib/python3.12/site-packages/airflow/models/taskinstance.py", line 274, in _run_raw_task
    TaskInstance._execute_task_with_callbacks(
  File "/Users/swarnalidatta/Desktop/AutoQueryChatbot/.airflow-venv/lib/python3.12/site-packages/airflow/models/taskinstance.py", line 3161, in _execute_task_with_callbacks
    result = self._execute_task(context, task_orig)
             ^^^^^^^^^^^^^^^^^^^^^^^^^^^^^^^^^^^^^^
  File "/Users/swarnalidatta/Desktop/AutoQueryChatbot/.airflow-venv/lib/python3.12/site-packages/airflow/models/taskinstance.py", line 3185, in _execute_task
    return _execute_task(self, context, task_orig)
           ^^^^^^^^^^^^^^^^^^^^^^^^^^^^^^^^^^^^^^^
  File "/Users/swarnalidatta/Desktop/AutoQueryChatbot/.airflow-venv/lib/python3.12/site-packages/airflow/models/taskinstance.py", line 768, in _execute_task
    result = _execute_callable(context=context, **execute_callable_kwargs)
             ^^^^^^^^^^^^^^^^^^^^^^^^^^^^^^^^^^^^^^^^^^^^^^^^^^^^^^^^^^^^^
  File "/Users/swarnalidatta/Desktop/AutoQueryChatbot/.airflow-venv/lib/python3.12/site-packages/airflow/models/taskinstance.py", line 734, in _execute_callable
    return ExecutionCallableRunner(
           ^^^^^^^^^^^^^^^^^^^^^^^^
  File "/Users/swarnalidatta/Desktop/AutoQueryChatbot/.airflow-venv/lib/python3.12/site-packages/airflow/utils/operator_helpers.py", line 252, in run
    return self.func(*args, **kwargs)
           ^^^^^^^^^^^^^^^^^^^^^^^^^^
  File "/Users/swarnalidatta/Desktop/AutoQueryChatbot/.airflow-venv/lib/python3.12/site-packages/airflow/models/baseoperator.py", line 424, in wrapper
    return func(self, *args, **kwargs)
           ^^^^^^^^^^^^^^^^^^^^^^^^^^^
  File "/Users/swarnalidatta/Desktop/AutoQueryChatbot/.airflow-venv/lib/python3.12/site-packages/airflow/sensors/base.py", line 326, in execute
    raise AirflowSensorTimeout(message)
airflow.exceptions.AirflowSensorTimeout: Sensor has timed out; run duration of 3961.336669 seconds exceeds the specified timeout of 3600.0.
[2026-09-22T04:16:49.752+0200] {local_task_job_runner.py:266} INFO - Task exited with return code 1
[2026-09-22T04:16:49.759+0200] {taskinstance.py:3901} INFO - 0 downstream tasks scheduled from follow-on schedule check
[2026-09-22T04:16:49.760+0200] {local_task_job_runner.py:245} INFO - ::endgroup::
