[2026-09-17T19:35:04.566+0200] {local_task_job_runner.py:123} INFO - ::group::Pre task execution logs
[2026-09-17T19:35:04.569+0200] {taskinstance.py:2614} INFO - Dependencies all met for dep_context=non-requeueable deps ti=<TaskInstance: mini_riskagent_file_ingestion.wait_for_csv scheduled__2026-09-17T17:34:00+00:00 [queued]>
[2026-09-17T19:35:04.570+0200] {taskinstance.py:2614} INFO - Dependencies all met for dep_context=requeueable deps ti=<TaskInstance: mini_riskagent_file_ingestion.wait_for_csv scheduled__2026-09-17T17:34:00+00:00 [queued]>
[2026-09-17T19:35:04.570+0200] {taskinstance.py:2867} INFO - Starting attempt 1 of 2
[2026-09-17T19:35:04.573+0200] {taskinstance.py:2890} INFO - Executing <Task(PythonSensor): wait_for_csv> on 2026-09-17 17:34:00+00:00
[2026-09-17T19:35:04.578+0200] {logging_mixin.py:190} WARNING - /Users/swarnalidatta/Desktop/AutoQueryChatbot/.airflow-venv/lib/python3.12/site-packages/airflow/task/task_runner/standard_task_runner.py:70 DeprecationWarning: This process (pid=76473) is multi-threaded, use of fork() may lead to deadlocks in the child.
[2026-09-17T19:35:04.578+0200] {standard_task_runner.py:72} INFO - Started process 76479 to run task
[2026-09-17T19:35:04.577+0200] {standard_task_runner.py:104} INFO - Running: ['airflow', 'tasks', 'run', 'mini_riskagent_file_ingestion', 'wait_for_csv', 'scheduled__2026-09-17T17:34:00+00:00', '--job-id', '3406', '--raw', '--subdir', 'DAGS_FOLDER/data_ingest_pipeline.py', '--cfg-path', '/var/folders/5p/201rr1sj03g8gksxm9x48mbh0000gn/T/tmpo8r07dog']
[2026-09-17T19:35:04.578+0200] {standard_task_runner.py:105} INFO - Job 3406: Subtask wait_for_csv
[2026-09-17T19:35:04.592+0200] {task_command.py:467} INFO - Running <TaskInstance: mini_riskagent_file_ingestion.wait_for_csv scheduled__2026-09-17T17:34:00+00:00 [running]> on host mac.home
[2026-09-17T19:35:04.608+0200] {taskinstance.py:3134} INFO - Exporting env vars: AIRFLOW_CTX_DAG_OWNER='autoquery' AIRFLOW_CTX_DAG_ID='mini_riskagent_file_ingestion' AIRFLOW_CTX_TASK_ID='wait_for_csv' AIRFLOW_CTX_EXECUTION_DATE='2026-09-17T17:34:00+00:00' AIRFLOW_CTX_TRY_NUMBER='1' AIRFLOW_CTX_DAG_RUN_ID='scheduled__2026-09-17T17:34:00+00:00'
[2026-09-17T19:35:04.609+0200] {logging_mixin.py:190} INFO - Task instance is in running state
[2026-09-17T19:35:04.609+0200] {logging_mixin.py:190} INFO -  Previous state of the Task instance: queued
[2026-09-17T19:35:04.609+0200] {logging_mixin.py:190} INFO - Current task name:wait_for_csv state:running start_date:2026-09-17 17:35:04.569249+00:00
[2026-09-17T19:35:04.609+0200] {logging_mixin.py:190} INFO - Dag name:mini_riskagent_file_ingestion and current dag run status:running
[2026-09-17T19:35:04.610+0200] {taskinstance.py:732} INFO - ::endgroup::
[2026-09-17T19:35:04.612+0200] {python.py:75} INFO - Poking callable: <function check_for_csv_files at 0x10a74ab60>
[2026-09-17T19:35:04.615+0200] {taskinstance.py:310} INFO - Rescheduling task, marking task as UP_FOR_RESCHEDULE
[2026-09-17T19:35:04.615+0200] {taskinstance.py:341} INFO - ::group::Post task execution logs
[2026-09-17T19:35:04.634+0200] {local_task_job_runner.py:266} INFO - Task exited with return code 0
[2026-09-17T19:35:04.640+0200] {taskinstance.py:3901} INFO - 0 downstream tasks scheduled from follow-on schedule check
[2026-09-17T19:35:04.640+0200] {local_task_job_runner.py:245} INFO - ::endgroup::
[2026-09-17T19:35:37.156+0200] {local_task_job_runner.py:123} INFO - ::group::Pre task execution logs
[2026-09-17T19:35:37.159+0200] {taskinstance.py:2614} INFO - Dependencies all met for dep_context=non-requeueable deps ti=<TaskInstance: mini_riskagent_file_ingestion.wait_for_csv scheduled__2026-09-17T17:34:00+00:00 [queued]>
[2026-09-17T19:35:37.160+0200] {taskinstance.py:2614} INFO - Dependencies all met for dep_context=requeueable deps ti=<TaskInstance: mini_riskagent_file_ingestion.wait_for_csv scheduled__2026-09-17T17:34:00+00:00 [queued]>
[2026-09-17T19:35:37.160+0200] {taskinstance.py:2867} INFO - Starting attempt 1 of 2
[2026-09-17T19:35:37.163+0200] {taskinstance.py:2890} INFO - Executing <Task(PythonSensor): wait_for_csv> on 2026-09-17 17:34:00+00:00
[2026-09-17T19:35:37.168+0200] {logging_mixin.py:190} WARNING - /Users/swarnalidatta/Desktop/AutoQueryChatbot/.airflow-venv/lib/python3.12/site-packages/airflow/task/task_runner/standard_task_runner.py:70 DeprecationWarning: This process (pid=76581) is multi-threaded, use of fork() may lead to deadlocks in the child.
[2026-09-17T19:35:37.168+0200] {standard_task_runner.py:72} INFO - Started process 76583 to run task
[2026-09-17T19:35:37.168+0200] {standard_task_runner.py:104} INFO - Running: ['airflow', 'tasks', 'run', 'mini_riskagent_file_ingestion', 'wait_for_csv', 'scheduled__2026-09-17T17:34:00+00:00', '--job-id', '3420', '--raw', '--subdir', 'DAGS_FOLDER/data_ingest_pipeline.py', '--cfg-path', '/var/folders/5p/201rr1sj03g8gksxm9x48mbh0000gn/T/tmpvuk1ap8p']
[2026-09-17T19:35:37.168+0200] {standard_task_runner.py:105} INFO - Job 3420: Subtask wait_for_csv
[2026-09-17T19:35:37.182+0200] {task_command.py:467} INFO - Running <TaskInstance: mini_riskagent_file_ingestion.wait_for_csv scheduled__2026-09-17T17:34:00+00:00 [running]> on host mac.home
[2026-09-17T19:35:37.199+0200] {taskinstance.py:3134} INFO - Exporting env vars: AIRFLOW_CTX_DAG_OWNER='autoquery' AIRFLOW_CTX_DAG_ID='mini_riskagent_file_ingestion' AIRFLOW_CTX_TASK_ID='wait_for_csv' AIRFLOW_CTX_EXECUTION_DATE='2026-09-17T17:34:00+00:00' AIRFLOW_CTX_TRY_NUMBER='1' AIRFLOW_CTX_DAG_RUN_ID='scheduled__2026-09-17T17:34:00+00:00'
[2026-09-17T19:35:37.199+0200] {logging_mixin.py:190} INFO - Task instance is in running state
[2026-09-17T19:35:37.199+0200] {logging_mixin.py:190} INFO -  Previous state of the Task instance: queued
[2026-09-17T19:35:37.199+0200] {logging_mixin.py:190} INFO - Current task name:wait_for_csv state:running start_date:2026-09-17 17:35:37.159467+00:00
[2026-09-17T19:35:37.200+0200] {logging_mixin.py:190} INFO - Dag name:mini_riskagent_file_ingestion and current dag run status:running
[2026-09-17T19:35:37.200+0200] {taskinstance.py:732} INFO - ::endgroup::
[2026-09-17T19:35:37.201+0200] {python.py:75} INFO - Poking callable: <function check_for_csv_files at 0x108e66b60>
[2026-09-17T19:35:37.204+0200] {taskinstance.py:310} INFO - Rescheduling task, marking task as UP_FOR_RESCHEDULE
[2026-09-17T19:35:37.205+0200] {taskinstance.py:341} INFO - ::group::Post task execution logs
[2026-09-17T19:35:37.224+0200] {local_task_job_runner.py:266} INFO - Task exited with return code 0
[2026-09-17T19:35:37.230+0200] {taskinstance.py:3901} INFO - 0 downstream tasks scheduled from follow-on schedule check
[2026-09-17T19:35:37.230+0200] {local_task_job_runner.py:245} INFO - ::endgroup::
[2026-09-17T19:36:09.066+0200] {local_task_job_runner.py:123} INFO - ::group::Pre task execution logs
[2026-09-17T19:36:09.069+0200] {taskinstance.py:2614} INFO - Dependencies all met for dep_context=non-requeueable deps ti=<TaskInstance: mini_riskagent_file_ingestion.wait_for_csv scheduled__2026-09-17T17:34:00+00:00 [queued]>
[2026-09-17T19:36:09.071+0200] {taskinstance.py:2614} INFO - Dependencies all met for dep_context=requeueable deps ti=<TaskInstance: mini_riskagent_file_ingestion.wait_for_csv scheduled__2026-09-17T17:34:00+00:00 [queued]>
[2026-09-17T19:36:09.071+0200] {taskinstance.py:2867} INFO - Starting attempt 1 of 2
[2026-09-17T19:36:09.074+0200] {taskinstance.py:2890} INFO - Executing <Task(PythonSensor): wait_for_csv> on 2026-09-17 17:34:00+00:00
[2026-09-17T19:36:09.078+0200] {logging_mixin.py:190} WARNING - /Users/swarnalidatta/Desktop/AutoQueryChatbot/.airflow-venv/lib/python3.12/site-packages/airflow/task/task_runner/standard_task_runner.py:70 DeprecationWarning: This process (pid=76686) is multi-threaded, use of fork() may lead to deadlocks in the child.
[2026-09-17T19:36:09.078+0200] {standard_task_runner.py:72} INFO - Started process 76688 to run task
[2026-09-17T19:36:09.078+0200] {standard_task_runner.py:104} INFO - Running: ['airflow', 'tasks', 'run', 'mini_riskagent_file_ingestion', 'wait_for_csv', 'scheduled__2026-09-17T17:34:00+00:00', '--job-id', '3435', '--raw', '--subdir', 'DAGS_FOLDER/data_ingest_pipeline.py', '--cfg-path', '/var/folders/5p/201rr1sj03g8gksxm9x48mbh0000gn/T/tmpycy7v223']
[2026-09-17T19:36:09.079+0200] {standard_task_runner.py:105} INFO - Job 3435: Subtask wait_for_csv
[2026-09-17T19:36:09.092+0200] {task_command.py:467} INFO - Running <TaskInstance: mini_riskagent_file_ingestion.wait_for_csv scheduled__2026-09-17T17:34:00+00:00 [running]> on host mac.home
[2026-09-17T19:36:09.107+0200] {taskinstance.py:3134} INFO - Exporting env vars: AIRFLOW_CTX_DAG_OWNER='autoquery' AIRFLOW_CTX_DAG_ID='mini_riskagent_file_ingestion' AIRFLOW_CTX_TASK_ID='wait_for_csv' AIRFLOW_CTX_EXECUTION_DATE='2026-09-17T17:34:00+00:00' AIRFLOW_CTX_TRY_NUMBER='1' AIRFLOW_CTX_DAG_RUN_ID='scheduled__2026-09-17T17:34:00+00:00'
[2026-09-17T19:36:09.108+0200] {logging_mixin.py:190} INFO - Task instance is in running state
[2026-09-17T19:36:09.108+0200] {logging_mixin.py:190} INFO -  Previous state of the Task instance: queued
[2026-09-17T19:36:09.108+0200] {logging_mixin.py:190} INFO - Current task name:wait_for_csv state:running start_date:2026-09-17 17:36:09.069765+00:00
[2026-09-17T19:36:09.108+0200] {logging_mixin.py:190} INFO - Dag name:mini_riskagent_file_ingestion and current dag run status:running
[2026-09-17T19:36:09.109+0200] {taskinstance.py:732} INFO - ::endgroup::
[2026-09-17T19:36:09.110+0200] {python.py:75} INFO - Poking callable: <function check_for_csv_files at 0x1093f2b60>
[2026-09-17T19:36:09.113+0200] {taskinstance.py:310} INFO - Rescheduling task, marking task as UP_FOR_RESCHEDULE
[2026-09-17T19:36:09.113+0200] {taskinstance.py:341} INFO - ::group::Post task execution logs
[2026-09-17T19:36:09.134+0200] {local_task_job_runner.py:266} INFO - Task exited with return code 0
[2026-09-17T19:36:09.140+0200] {taskinstance.py:3901} INFO - 0 downstream tasks scheduled from follow-on schedule check
[2026-09-17T19:36:09.140+0200] {local_task_job_runner.py:245} INFO - ::endgroup::
[2026-09-17T19:36:40.895+0200] {local_task_job_runner.py:123} INFO - ::group::Pre task execution logs
[2026-09-17T19:36:40.898+0200] {taskinstance.py:2614} INFO - Dependencies all met for dep_context=non-requeueable deps ti=<TaskInstance: mini_riskagent_file_ingestion.wait_for_csv scheduled__2026-09-17T17:34:00+00:00 [queued]>
[2026-09-17T19:36:40.899+0200] {taskinstance.py:2614} INFO - Dependencies all met for dep_context=requeueable deps ti=<TaskInstance: mini_riskagent_file_ingestion.wait_for_csv scheduled__2026-09-17T17:34:00+00:00 [queued]>
[2026-09-17T19:36:40.899+0200] {taskinstance.py:2867} INFO - Starting attempt 1 of 2
[2026-09-17T19:36:40.902+0200] {taskinstance.py:2890} INFO - Executing <Task(PythonSensor): wait_for_csv> on 2026-09-17 17:34:00+00:00
[2026-09-17T19:36:40.907+0200] {logging_mixin.py:190} WARNING - /Users/swarnalidatta/Desktop/AutoQueryChatbot/.airflow-venv/lib/python3.12/site-packages/airflow/task/task_runner/standard_task_runner.py:70 DeprecationWarning: This process (pid=76797) is multi-threaded, use of fork() may lead to deadlocks in the child.
[2026-09-17T19:36:40.907+0200] {standard_task_runner.py:104} INFO - Running: ['airflow', 'tasks', 'run', 'mini_riskagent_file_ingestion', 'wait_for_csv', 'scheduled__2026-09-17T17:34:00+00:00', '--job-id', '3450', '--raw', '--subdir', 'DAGS_FOLDER/data_ingest_pipeline.py', '--cfg-path', '/var/folders/5p/201rr1sj03g8gksxm9x48mbh0000gn/T/tmpa9tkvxyr']
[2026-09-17T19:36:40.908+0200] {standard_task_runner.py:72} INFO - Started process 76803 to run task
[2026-09-17T19:36:40.908+0200] {standard_task_runner.py:105} INFO - Job 3450: Subtask wait_for_csv
[2026-09-17T19:36:40.921+0200] {task_command.py:467} INFO - Running <TaskInstance: mini_riskagent_file_ingestion.wait_for_csv scheduled__2026-09-17T17:34:00+00:00 [running]> on host mac.home
[2026-09-17T19:36:40.937+0200] {taskinstance.py:3134} INFO - Exporting env vars: AIRFLOW_CTX_DAG_OWNER='autoquery' AIRFLOW_CTX_DAG_ID='mini_riskagent_file_ingestion' AIRFLOW_CTX_TASK_ID='wait_for_csv' AIRFLOW_CTX_EXECUTION_DATE='2026-09-17T17:34:00+00:00' AIRFLOW_CTX_TRY_NUMBER='1' AIRFLOW_CTX_DAG_RUN_ID='scheduled__2026-09-17T17:34:00+00:00'
[2026-09-17T19:36:40.937+0200] {logging_mixin.py:190} INFO - Task instance is in running state
[2026-09-17T19:36:40.937+0200] {logging_mixin.py:190} INFO -  Previous state of the Task instance: queued
[2026-09-17T19:36:40.938+0200] {logging_mixin.py:190} INFO - Current task name:wait_for_csv state:running start_date:2026-09-17 17:36:40.898504+00:00
[2026-09-17T19:36:40.938+0200] {logging_mixin.py:190} INFO - Dag name:mini_riskagent_file_ingestion and current dag run status:running
[2026-09-17T19:36:40.938+0200] {taskinstance.py:732} INFO - ::endgroup::
[2026-09-17T19:36:40.939+0200] {python.py:75} INFO - Poking callable: <function check_for_csv_files at 0x10ce26b60>
[2026-09-17T19:36:40.944+0200] {taskinstance.py:310} INFO - Rescheduling task, marking task as UP_FOR_RESCHEDULE
[2026-09-17T19:36:40.944+0200] {taskinstance.py:341} INFO - ::group::Post task execution logs
[2026-09-17T19:36:40.963+0200] {local_task_job_runner.py:266} INFO - Task exited with return code 0
[2026-09-17T19:36:40.969+0200] {taskinstance.py:3901} INFO - 0 downstream tasks scheduled from follow-on schedule check
[2026-09-17T19:36:40.970+0200] {local_task_job_runner.py:245} INFO - ::endgroup::
[2026-09-17T19:37:12.615+0200] {local_task_job_runner.py:123} INFO - ::group::Pre task execution logs
[2026-09-17T19:37:12.617+0200] {taskinstance.py:2614} INFO - Dependencies all met for dep_context=non-requeueable deps ti=<TaskInstance: mini_riskagent_file_ingestion.wait_for_csv scheduled__2026-09-17T17:34:00+00:00 [queued]>
[2026-09-17T19:37:12.619+0200] {taskinstance.py:2614} INFO - Dependencies all met for dep_context=requeueable deps ti=<TaskInstance: mini_riskagent_file_ingestion.wait_for_csv scheduled__2026-09-17T17:34:00+00:00 [queued]>
[2026-09-17T19:37:12.619+0200] {taskinstance.py:2867} INFO - Starting attempt 1 of 2
[2026-09-17T19:37:12.622+0200] {taskinstance.py:2890} INFO - Executing <Task(PythonSensor): wait_for_csv> on 2026-09-17 17:34:00+00:00
[2026-09-17T19:37:12.626+0200] {logging_mixin.py:190} WARNING - /Users/swarnalidatta/Desktop/AutoQueryChatbot/.airflow-venv/lib/python3.12/site-packages/airflow/task/task_runner/standard_task_runner.py:70 DeprecationWarning: This process (pid=76910) is multi-threaded, use of fork() may lead to deadlocks in the child.
[2026-09-17T19:37:12.627+0200] {standard_task_runner.py:72} INFO - Started process 76912 to run task
[2026-09-17T19:37:12.626+0200] {standard_task_runner.py:104} INFO - Running: ['airflow', 'tasks', 'run', 'mini_riskagent_file_ingestion', 'wait_for_csv', 'scheduled__2026-09-17T17:34:00+00:00', '--job-id', '3466', '--raw', '--subdir', 'DAGS_FOLDER/data_ingest_pipeline.py', '--cfg-path', '/var/folders/5p/201rr1sj03g8gksxm9x48mbh0000gn/T/tmpxz441pdh']
[2026-09-17T19:37:12.627+0200] {standard_task_runner.py:105} INFO - Job 3466: Subtask wait_for_csv
[2026-09-17T19:37:12.640+0200] {task_command.py:467} INFO - Running <TaskInstance: mini_riskagent_file_ingestion.wait_for_csv scheduled__2026-09-17T17:34:00+00:00 [running]> on host mac.home
[2026-09-17T19:37:12.657+0200] {taskinstance.py:3134} INFO - Exporting env vars: AIRFLOW_CTX_DAG_OWNER='autoquery' AIRFLOW_CTX_DAG_ID='mini_riskagent_file_ingestion' AIRFLOW_CTX_TASK_ID='wait_for_csv' AIRFLOW_CTX_EXECUTION_DATE='2026-09-17T17:34:00+00:00' AIRFLOW_CTX_TRY_NUMBER='1' AIRFLOW_CTX_DAG_RUN_ID='scheduled__2026-09-17T17:34:00+00:00'
[2026-09-17T19:37:12.657+0200] {logging_mixin.py:190} INFO - Task instance is in running state
[2026-09-17T19:37:12.657+0200] {logging_mixin.py:190} INFO -  Previous state of the Task instance: queued
[2026-09-17T19:37:12.657+0200] {logging_mixin.py:190} INFO - Current task name:wait_for_csv state:running start_date:2026-09-17 17:37:12.617940+00:00
[2026-09-17T19:37:12.658+0200] {logging_mixin.py:190} INFO - Dag name:mini_riskagent_file_ingestion and current dag run status:running
[2026-09-17T19:37:12.658+0200] {taskinstance.py:732} INFO - ::endgroup::
[2026-09-17T19:37:12.659+0200] {python.py:75} INFO - Poking callable: <function check_for_csv_files at 0x10d276b60>
[2026-09-17T19:37:12.662+0200] {taskinstance.py:310} INFO - Rescheduling task, marking task as UP_FOR_RESCHEDULE
[2026-09-17T19:37:12.663+0200] {taskinstance.py:341} INFO - ::group::Post task execution logs
[2026-09-17T19:37:12.682+0200] {local_task_job_runner.py:266} INFO - Task exited with return code 0
[2026-09-17T19:37:12.688+0200] {taskinstance.py:3901} INFO - 0 downstream tasks scheduled from follow-on schedule check
[2026-09-17T19:37:12.689+0200] {local_task_job_runner.py:245} INFO - ::endgroup::
[2026-09-17T19:37:44.876+0200] {local_task_job_runner.py:123} INFO - ::group::Pre task execution logs
[2026-09-17T19:37:44.879+0200] {taskinstance.py:2614} INFO - Dependencies all met for dep_context=non-requeueable deps ti=<TaskInstance: mini_riskagent_file_ingestion.wait_for_csv scheduled__2026-09-17T17:34:00+00:00 [queued]>
[2026-09-17T19:37:44.880+0200] {taskinstance.py:2614} INFO - Dependencies all met for dep_context=requeueable deps ti=<TaskInstance: mini_riskagent_file_ingestion.wait_for_csv scheduled__2026-09-17T17:34:00+00:00 [queued]>
[2026-09-17T19:37:44.880+0200] {taskinstance.py:2867} INFO - Starting attempt 1 of 2
[2026-09-17T19:37:44.883+0200] {taskinstance.py:2890} INFO - Executing <Task(PythonSensor): wait_for_csv> on 2026-09-17 17:34:00+00:00
[2026-09-17T19:37:44.887+0200] {logging_mixin.py:190} WARNING - /Users/swarnalidatta/Desktop/AutoQueryChatbot/.airflow-venv/lib/python3.12/site-packages/airflow/task/task_runner/standard_task_runner.py:70 DeprecationWarning: This process (pid=77019) is multi-threaded, use of fork() may lead to deadlocks in the child.
[2026-09-17T19:37:44.888+0200] {standard_task_runner.py:72} INFO - Started process 77021 to run task
[2026-09-17T19:37:44.887+0200] {standard_task_runner.py:104} INFO - Running: ['airflow', 'tasks', 'run', 'mini_riskagent_file_ingestion', 'wait_for_csv', 'scheduled__2026-09-17T17:34:00+00:00', '--job-id', '3482', '--raw', '--subdir', 'DAGS_FOLDER/data_ingest_pipeline.py', '--cfg-path', '/var/folders/5p/201rr1sj03g8gksxm9x48mbh0000gn/T/tmpp2hnep0c']
[2026-09-17T19:37:44.888+0200] {standard_task_runner.py:105} INFO - Job 3482: Subtask wait_for_csv
[2026-09-17T19:37:44.901+0200] {task_command.py:467} INFO - Running <TaskInstance: mini_riskagent_file_ingestion.wait_for_csv scheduled__2026-09-17T17:34:00+00:00 [running]> on host mac.home
[2026-09-17T19:37:44.918+0200] {taskinstance.py:3134} INFO - Exporting env vars: AIRFLOW_CTX_DAG_OWNER='autoquery' AIRFLOW_CTX_DAG_ID='mini_riskagent_file_ingestion' AIRFLOW_CTX_TASK_ID='wait_for_csv' AIRFLOW_CTX_EXECUTION_DATE='2026-09-17T17:34:00+00:00' AIRFLOW_CTX_TRY_NUMBER='1' AIRFLOW_CTX_DAG_RUN_ID='scheduled__2026-09-17T17:34:00+00:00'
[2026-09-17T19:37:44.918+0200] {logging_mixin.py:190} INFO - Task instance is in running state
[2026-09-17T19:37:44.918+0200] {logging_mixin.py:190} INFO -  Previous state of the Task instance: queued
[2026-09-17T19:37:44.918+0200] {logging_mixin.py:190} INFO - Current task name:wait_for_csv state:running start_date:2026-09-17 17:37:44.879304+00:00
[2026-09-17T19:37:44.919+0200] {logging_mixin.py:190} INFO - Dag name:mini_riskagent_file_ingestion and current dag run status:running
[2026-09-17T19:37:44.919+0200] {taskinstance.py:732} INFO - ::endgroup::
[2026-09-17T19:37:44.920+0200] {python.py:75} INFO - Poking callable: <function check_for_csv_files at 0x108b1eb60>
[2026-09-17T19:37:44.923+0200] {taskinstance.py:310} INFO - Rescheduling task, marking task as UP_FOR_RESCHEDULE
[2026-09-17T19:37:44.924+0200] {taskinstance.py:341} INFO - ::group::Post task execution logs
[2026-09-17T19:37:44.943+0200] {local_task_job_runner.py:266} INFO - Task exited with return code 0
[2026-09-17T19:37:44.950+0200] {taskinstance.py:3901} INFO - 0 downstream tasks scheduled from follow-on schedule check
[2026-09-17T19:37:44.950+0200] {local_task_job_runner.py:245} INFO - ::endgroup::
[2026-09-17T19:38:17.364+0200] {local_task_job_runner.py:123} INFO - ::group::Pre task execution logs
[2026-09-17T19:38:17.367+0200] {taskinstance.py:2614} INFO - Dependencies all met for dep_context=non-requeueable deps ti=<TaskInstance: mini_riskagent_file_ingestion.wait_for_csv scheduled__2026-09-17T17:34:00+00:00 [queued]>
[2026-09-17T19:38:17.368+0200] {taskinstance.py:2614} INFO - Dependencies all met for dep_context=requeueable deps ti=<TaskInstance: mini_riskagent_file_ingestion.wait_for_csv scheduled__2026-09-17T17:34:00+00:00 [queued]>
[2026-09-17T19:38:17.368+0200] {taskinstance.py:2867} INFO - Starting attempt 1 of 2
[2026-09-17T19:38:17.371+0200] {taskinstance.py:2890} INFO - Executing <Task(PythonSensor): wait_for_csv> on 2026-09-17 17:34:00+00:00
[2026-09-17T19:38:17.376+0200] {logging_mixin.py:190} WARNING - /Users/swarnalidatta/Desktop/AutoQueryChatbot/.airflow-venv/lib/python3.12/site-packages/airflow/task/task_runner/standard_task_runner.py:70 DeprecationWarning: This process (pid=77146) is multi-threaded, use of fork() may lead to deadlocks in the child.
[2026-09-17T19:38:17.376+0200] {standard_task_runner.py:72} INFO - Started process 77148 to run task
[2026-09-17T19:38:17.375+0200] {standard_task_runner.py:104} INFO - Running: ['airflow', 'tasks', 'run', 'mini_riskagent_file_ingestion', 'wait_for_csv', 'scheduled__2026-09-17T17:34:00+00:00', '--job-id', '3498', '--raw', '--subdir', 'DAGS_FOLDER/data_ingest_pipeline.py', '--cfg-path', '/var/folders/5p/201rr1sj03g8gksxm9x48mbh0000gn/T/tmp0p50exsy']
[2026-09-17T19:38:17.376+0200] {standard_task_runner.py:105} INFO - Job 3498: Subtask wait_for_csv
[2026-09-17T19:38:17.390+0200] {task_command.py:467} INFO - Running <TaskInstance: mini_riskagent_file_ingestion.wait_for_csv scheduled__2026-09-17T17:34:00+00:00 [running]> on host mac.home
[2026-09-17T19:38:17.406+0200] {taskinstance.py:3134} INFO - Exporting env vars: AIRFLOW_CTX_DAG_OWNER='autoquery' AIRFLOW_CTX_DAG_ID='mini_riskagent_file_ingestion' AIRFLOW_CTX_TASK_ID='wait_for_csv' AIRFLOW_CTX_EXECUTION_DATE='2026-09-17T17:34:00+00:00' AIRFLOW_CTX_TRY_NUMBER='1' AIRFLOW_CTX_DAG_RUN_ID='scheduled__2026-09-17T17:34:00+00:00'
[2026-09-17T19:38:17.407+0200] {logging_mixin.py:190} INFO - Task instance is in running state
[2026-09-17T19:38:17.407+0200] {logging_mixin.py:190} INFO -  Previous state of the Task instance: queued
[2026-09-17T19:38:17.407+0200] {logging_mixin.py:190} INFO - Current task name:wait_for_csv state:running start_date:2026-09-17 17:38:17.367322+00:00
[2026-09-17T19:38:17.407+0200] {logging_mixin.py:190} INFO - Dag name:mini_riskagent_file_ingestion and current dag run status:running
[2026-09-17T19:38:17.408+0200] {taskinstance.py:732} INFO - ::endgroup::
[2026-09-17T19:38:17.409+0200] {python.py:75} INFO - Poking callable: <function check_for_csv_files at 0x10c8d6b60>
[2026-09-17T19:38:17.412+0200] {taskinstance.py:310} INFO - Rescheduling task, marking task as UP_FOR_RESCHEDULE
[2026-09-17T19:38:17.412+0200] {taskinstance.py:341} INFO - ::group::Post task execution logs
[2026-09-17T19:38:17.431+0200] {local_task_job_runner.py:266} INFO - Task exited with return code 0
[2026-09-17T19:38:17.438+0200] {taskinstance.py:3901} INFO - 0 downstream tasks scheduled from follow-on schedule check
[2026-09-17T19:38:17.438+0200] {local_task_job_runner.py:245} INFO - ::endgroup::
[2026-09-17T19:38:48.968+0200] {local_task_job_runner.py:123} INFO - ::group::Pre task execution logs
[2026-09-17T19:38:48.971+0200] {taskinstance.py:2614} INFO - Dependencies all met for dep_context=non-requeueable deps ti=<TaskInstance: mini_riskagent_file_ingestion.wait_for_csv scheduled__2026-09-17T17:34:00+00:00 [queued]>
[2026-09-17T19:38:48.973+0200] {taskinstance.py:2614} INFO - Dependencies all met for dep_context=requeueable deps ti=<TaskInstance: mini_riskagent_file_ingestion.wait_for_csv scheduled__2026-09-17T17:34:00+00:00 [queued]>
[2026-09-17T19:38:48.973+0200] {taskinstance.py:2867} INFO - Starting attempt 1 of 2
[2026-09-17T19:38:48.976+0200] {taskinstance.py:2890} INFO - Executing <Task(PythonSensor): wait_for_csv> on 2026-09-17 17:34:00+00:00
[2026-09-17T19:38:48.980+0200] {logging_mixin.py:190} WARNING - /Users/swarnalidatta/Desktop/AutoQueryChatbot/.airflow-venv/lib/python3.12/site-packages/airflow/task/task_runner/standard_task_runner.py:70 DeprecationWarning: This process (pid=77257) is multi-threaded, use of fork() may lead to deadlocks in the child.
[2026-09-17T19:38:48.981+0200] {standard_task_runner.py:72} INFO - Started process 77259 to run task
[2026-09-17T19:38:48.980+0200] {standard_task_runner.py:104} INFO - Running: ['airflow', 'tasks', 'run', 'mini_riskagent_file_ingestion', 'wait_for_csv', 'scheduled__2026-09-17T17:34:00+00:00', '--job-id', '3514', '--raw', '--subdir', 'DAGS_FOLDER/data_ingest_pipeline.py', '--cfg-path', '/var/folders/5p/201rr1sj03g8gksxm9x48mbh0000gn/T/tmplwd1_if_']
[2026-09-17T19:38:48.981+0200] {standard_task_runner.py:105} INFO - Job 3514: Subtask wait_for_csv
[2026-09-17T19:38:48.995+0200] {task_command.py:467} INFO - Running <TaskInstance: mini_riskagent_file_ingestion.wait_for_csv scheduled__2026-09-17T17:34:00+00:00 [running]> on host mac.home
[2026-09-17T19:38:49.011+0200] {taskinstance.py:3134} INFO - Exporting env vars: AIRFLOW_CTX_DAG_OWNER='autoquery' AIRFLOW_CTX_DAG_ID='mini_riskagent_file_ingestion' AIRFLOW_CTX_TASK_ID='wait_for_csv' AIRFLOW_CTX_EXECUTION_DATE='2026-09-17T17:34:00+00:00' AIRFLOW_CTX_TRY_NUMBER='1' AIRFLOW_CTX_DAG_RUN_ID='scheduled__2026-09-17T17:34:00+00:00'
[2026-09-17T19:38:49.012+0200] {logging_mixin.py:190} INFO - Task instance is in running state
[2026-09-17T19:38:49.012+0200] {logging_mixin.py:190} INFO -  Previous state of the Task instance: queued
[2026-09-17T19:38:49.012+0200] {logging_mixin.py:190} INFO - Current task name:wait_for_csv state:running start_date:2026-09-17 17:38:48.971799+00:00
[2026-09-17T19:38:49.012+0200] {logging_mixin.py:190} INFO - Dag name:mini_riskagent_file_ingestion and current dag run status:running
[2026-09-17T19:38:49.012+0200] {taskinstance.py:732} INFO - ::endgroup::
[2026-09-17T19:38:49.014+0200] {python.py:75} INFO - Poking callable: <function check_for_csv_files at 0x10925eb60>
[2026-09-17T19:38:49.017+0200] {taskinstance.py:310} INFO - Rescheduling task, marking task as UP_FOR_RESCHEDULE
[2026-09-17T19:38:49.017+0200] {taskinstance.py:341} INFO - ::group::Post task execution logs
[2026-09-17T19:38:49.036+0200] {local_task_job_runner.py:266} INFO - Task exited with return code 0
[2026-09-17T19:38:49.043+0200] {taskinstance.py:3901} INFO - 0 downstream tasks scheduled from follow-on schedule check
[2026-09-17T19:38:49.043+0200] {local_task_job_runner.py:245} INFO - ::endgroup::
[2026-09-17T19:39:20.778+0200] {local_task_job_runner.py:123} INFO - ::group::Pre task execution logs
[2026-09-17T19:39:20.780+0200] {taskinstance.py:2614} INFO - Dependencies all met for dep_context=non-requeueable deps ti=<TaskInstance: mini_riskagent_file_ingestion.wait_for_csv scheduled__2026-09-17T17:34:00+00:00 [queued]>
[2026-09-17T19:39:20.782+0200] {taskinstance.py:2614} INFO - Dependencies all met for dep_context=requeueable deps ti=<TaskInstance: mini_riskagent_file_ingestion.wait_for_csv scheduled__2026-09-17T17:34:00+00:00 [queued]>
[2026-09-17T19:39:20.782+0200] {taskinstance.py:2867} INFO - Starting attempt 1 of 2
[2026-09-17T19:39:20.785+0200] {taskinstance.py:2890} INFO - Executing <Task(PythonSensor): wait_for_csv> on 2026-09-17 17:34:00+00:00
[2026-09-17T19:39:20.789+0200] {logging_mixin.py:190} WARNING - /Users/swarnalidatta/Desktop/AutoQueryChatbot/.airflow-venv/lib/python3.12/site-packages/airflow/task/task_runner/standard_task_runner.py:70 DeprecationWarning: This process (pid=77367) is multi-threaded, use of fork() may lead to deadlocks in the child.
[2026-09-17T19:39:20.790+0200] {standard_task_runner.py:72} INFO - Started process 77369 to run task
[2026-09-17T19:39:20.789+0200] {standard_task_runner.py:104} INFO - Running: ['airflow', 'tasks', 'run', 'mini_riskagent_file_ingestion', 'wait_for_csv', 'scheduled__2026-09-17T17:34:00+00:00', '--job-id', '3530', '--raw', '--subdir', 'DAGS_FOLDER/data_ingest_pipeline.py', '--cfg-path', '/var/folders/5p/201rr1sj03g8gksxm9x48mbh0000gn/T/tmp4d0ntgsx']
[2026-09-17T19:39:20.790+0200] {standard_task_runner.py:105} INFO - Job 3530: Subtask wait_for_csv
[2026-09-17T19:39:20.804+0200] {task_command.py:467} INFO - Running <TaskInstance: mini_riskagent_file_ingestion.wait_for_csv scheduled__2026-09-17T17:34:00+00:00 [running]> on host mac.home
[2026-09-17T19:39:20.820+0200] {taskinstance.py:3134} INFO - Exporting env vars: AIRFLOW_CTX_DAG_OWNER='autoquery' AIRFLOW_CTX_DAG_ID='mini_riskagent_file_ingestion' AIRFLOW_CTX_TASK_ID='wait_for_csv' AIRFLOW_CTX_EXECUTION_DATE='2026-09-17T17:34:00+00:00' AIRFLOW_CTX_TRY_NUMBER='1' AIRFLOW_CTX_DAG_RUN_ID='scheduled__2026-09-17T17:34:00+00:00'
[2026-09-17T19:39:20.821+0200] {logging_mixin.py:190} INFO - Task instance is in running state
[2026-09-17T19:39:20.821+0200] {logging_mixin.py:190} INFO -  Previous state of the Task instance: queued
[2026-09-17T19:39:20.821+0200] {logging_mixin.py:190} INFO - Current task name:wait_for_csv state:running start_date:2026-09-17 17:39:20.780842+00:00
[2026-09-17T19:39:20.821+0200] {logging_mixin.py:190} INFO - Dag name:mini_riskagent_file_ingestion and current dag run status:running
[2026-09-17T19:39:20.821+0200] {taskinstance.py:732} INFO - ::endgroup::
[2026-09-17T19:39:20.823+0200] {python.py:75} INFO - Poking callable: <function check_for_csv_files at 0x10d096b60>
[2026-09-17T19:39:20.826+0200] {taskinstance.py:310} INFO - Rescheduling task, marking task as UP_FOR_RESCHEDULE
[2026-09-17T19:39:20.826+0200] {taskinstance.py:341} INFO - ::group::Post task execution logs
[2026-09-17T19:39:20.845+0200] {local_task_job_runner.py:266} INFO - Task exited with return code 0
[2026-09-17T19:39:20.852+0200] {taskinstance.py:3901} INFO - 0 downstream tasks scheduled from follow-on schedule check
[2026-09-17T19:39:20.852+0200] {local_task_job_runner.py:245} INFO - ::endgroup::
[2026-09-17T19:39:53.199+0200] {local_task_job_runner.py:123} INFO - ::group::Pre task execution logs
[2026-09-17T19:39:53.202+0200] {taskinstance.py:2614} INFO - Dependencies all met for dep_context=non-requeueable deps ti=<TaskInstance: mini_riskagent_file_ingestion.wait_for_csv scheduled__2026-09-17T17:34:00+00:00 [queued]>
[2026-09-17T19:39:53.203+0200] {taskinstance.py:2614} INFO - Dependencies all met for dep_context=requeueable deps ti=<TaskInstance: mini_riskagent_file_ingestion.wait_for_csv scheduled__2026-09-17T17:34:00+00:00 [queued]>
[2026-09-17T19:39:53.203+0200] {taskinstance.py:2867} INFO - Starting attempt 1 of 2
[2026-09-17T19:39:53.206+0200] {taskinstance.py:2890} INFO - Executing <Task(PythonSensor): wait_for_csv> on 2026-09-17 17:34:00+00:00
[2026-09-17T19:39:53.211+0200] {logging_mixin.py:190} WARNING - /Users/swarnalidatta/Desktop/AutoQueryChatbot/.airflow-venv/lib/python3.12/site-packages/airflow/task/task_runner/standard_task_runner.py:70 DeprecationWarning: This process (pid=77478) is multi-threaded, use of fork() may lead to deadlocks in the child.
[2026-09-17T19:39:53.211+0200] {standard_task_runner.py:72} INFO - Started process 77485 to run task
[2026-09-17T19:39:53.211+0200] {standard_task_runner.py:104} INFO - Running: ['airflow', 'tasks', 'run', 'mini_riskagent_file_ingestion', 'wait_for_csv', 'scheduled__2026-09-17T17:34:00+00:00', '--job-id', '3546', '--raw', '--subdir', 'DAGS_FOLDER/data_ingest_pipeline.py', '--cfg-path', '/var/folders/5p/201rr1sj03g8gksxm9x48mbh0000gn/T/tmpgrp8x_8w']
[2026-09-17T19:39:53.212+0200] {standard_task_runner.py:105} INFO - Job 3546: Subtask wait_for_csv
[2026-09-17T19:39:53.225+0200] {task_command.py:467} INFO - Running <TaskInstance: mini_riskagent_file_ingestion.wait_for_csv scheduled__2026-09-17T17:34:00+00:00 [running]> on host mac.home
[2026-09-17T19:39:53.241+0200] {taskinstance.py:3134} INFO - Exporting env vars: AIRFLOW_CTX_DAG_OWNER='autoquery' AIRFLOW_CTX_DAG_ID='mini_riskagent_file_ingestion' AIRFLOW_CTX_TASK_ID='wait_for_csv' AIRFLOW_CTX_EXECUTION_DATE='2026-09-17T17:34:00+00:00' AIRFLOW_CTX_TRY_NUMBER='1' AIRFLOW_CTX_DAG_RUN_ID='scheduled__2026-09-17T17:34:00+00:00'
[2026-09-17T19:39:53.241+0200] {logging_mixin.py:190} INFO - Task instance is in running state
[2026-09-17T19:39:53.242+0200] {logging_mixin.py:190} INFO -  Previous state of the Task instance: queued
[2026-09-17T19:39:53.242+0200] {logging_mixin.py:190} INFO - Current task name:wait_for_csv state:running start_date:2026-09-17 17:39:53.202175+00:00
[2026-09-17T19:39:53.242+0200] {logging_mixin.py:190} INFO - Dag name:mini_riskagent_file_ingestion and current dag run status:running
[2026-09-17T19:39:53.242+0200] {taskinstance.py:732} INFO - ::endgroup::
[2026-09-17T19:39:53.244+0200] {python.py:75} INFO - Poking callable: <function check_for_csv_files at 0x11c042b60>
[2026-09-17T19:39:53.247+0200] {taskinstance.py:310} INFO - Rescheduling task, marking task as UP_FOR_RESCHEDULE
[2026-09-17T19:39:53.247+0200] {taskinstance.py:341} INFO - ::group::Post task execution logs
[2026-09-17T19:39:53.267+0200] {local_task_job_runner.py:266} INFO - Task exited with return code 0
[2026-09-17T19:39:53.273+0200] {taskinstance.py:3901} INFO - 0 downstream tasks scheduled from follow-on schedule check
[2026-09-17T19:39:53.273+0200] {local_task_job_runner.py:245} INFO - ::endgroup::
[2026-09-17T19:40:25.291+0200] {local_task_job_runner.py:123} INFO - ::group::Pre task execution logs
[2026-09-17T19:40:25.294+0200] {taskinstance.py:2614} INFO - Dependencies all met for dep_context=non-requeueable deps ti=<TaskInstance: mini_riskagent_file_ingestion.wait_for_csv scheduled__2026-09-17T17:34:00+00:00 [queued]>
[2026-09-17T19:40:25.296+0200] {taskinstance.py:2614} INFO - Dependencies all met for dep_context=requeueable deps ti=<TaskInstance: mini_riskagent_file_ingestion.wait_for_csv scheduled__2026-09-17T17:34:00+00:00 [queued]>
[2026-09-17T19:40:25.296+0200] {taskinstance.py:2867} INFO - Starting attempt 1 of 2
[2026-09-17T19:40:25.299+0200] {taskinstance.py:2890} INFO - Executing <Task(PythonSensor): wait_for_csv> on 2026-09-17 17:34:00+00:00
[2026-09-17T19:40:25.304+0200] {logging_mixin.py:190} WARNING - /Users/swarnalidatta/Desktop/AutoQueryChatbot/.airflow-venv/lib/python3.12/site-packages/airflow/task/task_runner/standard_task_runner.py:70 DeprecationWarning: This process (pid=77595) is multi-threaded, use of fork() may lead to deadlocks in the child.
[2026-09-17T19:40:25.305+0200] {standard_task_runner.py:72} INFO - Started process 77597 to run task
[2026-09-17T19:40:25.304+0200] {standard_task_runner.py:104} INFO - Running: ['airflow', 'tasks', 'run', 'mini_riskagent_file_ingestion', 'wait_for_csv', 'scheduled__2026-09-17T17:34:00+00:00', '--job-id', '3562', '--raw', '--subdir', 'DAGS_FOLDER/data_ingest_pipeline.py', '--cfg-path', '/var/folders/5p/201rr1sj03g8gksxm9x48mbh0000gn/T/tmp094lv76i']
[2026-09-17T19:40:25.305+0200] {standard_task_runner.py:105} INFO - Job 3562: Subtask wait_for_csv
[2026-09-17T19:40:25.320+0200] {task_command.py:467} INFO - Running <TaskInstance: mini_riskagent_file_ingestion.wait_for_csv scheduled__2026-09-17T17:34:00+00:00 [running]> on host mac.home
[2026-09-17T19:40:25.338+0200] {taskinstance.py:3134} INFO - Exporting env vars: AIRFLOW_CTX_DAG_OWNER='autoquery' AIRFLOW_CTX_DAG_ID='mini_riskagent_file_ingestion' AIRFLOW_CTX_TASK_ID='wait_for_csv' AIRFLOW_CTX_EXECUTION_DATE='2026-09-17T17:34:00+00:00' AIRFLOW_CTX_TRY_NUMBER='1' AIRFLOW_CTX_DAG_RUN_ID='scheduled__2026-09-17T17:34:00+00:00'
[2026-09-17T19:40:25.339+0200] {logging_mixin.py:190} INFO - Task instance is in running state
[2026-09-17T19:40:25.339+0200] {logging_mixin.py:190} INFO -  Previous state of the Task instance: queued
[2026-09-17T19:40:25.339+0200] {logging_mixin.py:190} INFO - Current task name:wait_for_csv state:running start_date:2026-09-17 17:40:25.294891+00:00
[2026-09-17T19:40:25.339+0200] {logging_mixin.py:190} INFO - Dag name:mini_riskagent_file_ingestion and current dag run status:running
[2026-09-17T19:40:25.339+0200] {taskinstance.py:732} INFO - ::endgroup::
[2026-09-17T19:40:25.341+0200] {python.py:75} INFO - Poking callable: <function check_for_csv_files at 0x10de12b60>
[2026-09-17T19:40:25.344+0200] {taskinstance.py:310} INFO - Rescheduling task, marking task as UP_FOR_RESCHEDULE
[2026-09-17T19:40:25.344+0200] {taskinstance.py:341} INFO - ::group::Post task execution logs
[2026-09-17T19:40:25.360+0200] {local_task_job_runner.py:266} INFO - Task exited with return code 0
[2026-09-17T19:40:25.367+0200] {taskinstance.py:3901} INFO - 0 downstream tasks scheduled from follow-on schedule check
[2026-09-17T19:40:25.367+0200] {local_task_job_runner.py:245} INFO - ::endgroup::
[2026-09-17T19:40:56.967+0200] {local_task_job_runner.py:123} INFO - ::group::Pre task execution logs
[2026-09-17T19:40:56.970+0200] {taskinstance.py:2614} INFO - Dependencies all met for dep_context=non-requeueable deps ti=<TaskInstance: mini_riskagent_file_ingestion.wait_for_csv scheduled__2026-09-17T17:34:00+00:00 [queued]>
[2026-09-17T19:40:56.971+0200] {taskinstance.py:2614} INFO - Dependencies all met for dep_context=requeueable deps ti=<TaskInstance: mini_riskagent_file_ingestion.wait_for_csv scheduled__2026-09-17T17:34:00+00:00 [queued]>
[2026-09-17T19:40:56.971+0200] {taskinstance.py:2867} INFO - Starting attempt 1 of 2
[2026-09-17T19:40:56.974+0200] {taskinstance.py:2890} INFO - Executing <Task(PythonSensor): wait_for_csv> on 2026-09-17 17:34:00+00:00
[2026-09-17T19:40:56.979+0200] {logging_mixin.py:190} WARNING - /Users/swarnalidatta/Desktop/AutoQueryChatbot/.airflow-venv/lib/python3.12/site-packages/airflow/task/task_runner/standard_task_runner.py:70 DeprecationWarning: This process (pid=77709) is multi-threaded, use of fork() may lead to deadlocks in the child.
[2026-09-17T19:40:56.979+0200] {standard_task_runner.py:104} INFO - Running: ['airflow', 'tasks', 'run', 'mini_riskagent_file_ingestion', 'wait_for_csv', 'scheduled__2026-09-17T17:34:00+00:00', '--job-id', '3578', '--raw', '--subdir', 'DAGS_FOLDER/data_ingest_pipeline.py', '--cfg-path', '/var/folders/5p/201rr1sj03g8gksxm9x48mbh0000gn/T/tmpni_zzo0n']
[2026-09-17T19:40:56.979+0200] {standard_task_runner.py:72} INFO - Started process 77711 to run task
[2026-09-17T19:40:56.979+0200] {standard_task_runner.py:105} INFO - Job 3578: Subtask wait_for_csv
[2026-09-17T19:40:56.994+0200] {task_command.py:467} INFO - Running <TaskInstance: mini_riskagent_file_ingestion.wait_for_csv scheduled__2026-09-17T17:34:00+00:00 [running]> on host mac.home
[2026-09-17T19:40:57.010+0200] {taskinstance.py:3134} INFO - Exporting env vars: AIRFLOW_CTX_DAG_OWNER='autoquery' AIRFLOW_CTX_DAG_ID='mini_riskagent_file_ingestion' AIRFLOW_CTX_TASK_ID='wait_for_csv' AIRFLOW_CTX_EXECUTION_DATE='2026-09-17T17:34:00+00:00' AIRFLOW_CTX_TRY_NUMBER='1' AIRFLOW_CTX_DAG_RUN_ID='scheduled__2026-09-17T17:34:00+00:00'
[2026-09-17T19:40:57.010+0200] {logging_mixin.py:190} INFO - Task instance is in running state
[2026-09-17T19:40:57.010+0200] {logging_mixin.py:190} INFO -  Previous state of the Task instance: queued
[2026-09-17T19:40:57.011+0200] {logging_mixin.py:190} INFO - Current task name:wait_for_csv state:running start_date:2026-09-17 17:40:56.970420+00:00
[2026-09-17T19:40:57.011+0200] {logging_mixin.py:190} INFO - Dag name:mini_riskagent_file_ingestion and current dag run status:running
[2026-09-17T19:40:57.011+0200] {taskinstance.py:732} INFO - ::endgroup::
[2026-09-17T19:40:57.012+0200] {python.py:75} INFO - Poking callable: <function check_for_csv_files at 0x10a69eb60>
[2026-09-17T19:40:57.016+0200] {taskinstance.py:310} INFO - Rescheduling task, marking task as UP_FOR_RESCHEDULE
[2026-09-17T19:40:57.016+0200] {taskinstance.py:341} INFO - ::group::Post task execution logs
[2026-09-17T19:40:57.035+0200] {local_task_job_runner.py:266} INFO - Task exited with return code 0
[2026-09-17T19:40:57.041+0200] {taskinstance.py:3901} INFO - 0 downstream tasks scheduled from follow-on schedule check
[2026-09-17T19:40:57.042+0200] {local_task_job_runner.py:245} INFO - ::endgroup::
[2026-09-17T19:41:29.182+0200] {local_task_job_runner.py:123} INFO - ::group::Pre task execution logs
[2026-09-17T19:41:29.185+0200] {taskinstance.py:2614} INFO - Dependencies all met for dep_context=non-requeueable deps ti=<TaskInstance: mini_riskagent_file_ingestion.wait_for_csv scheduled__2026-09-17T17:34:00+00:00 [queued]>
[2026-09-17T19:41:29.186+0200] {taskinstance.py:2614} INFO - Dependencies all met for dep_context=requeueable deps ti=<TaskInstance: mini_riskagent_file_ingestion.wait_for_csv scheduled__2026-09-17T17:34:00+00:00 [queued]>
[2026-09-17T19:41:29.187+0200] {taskinstance.py:2867} INFO - Starting attempt 1 of 2
[2026-09-17T19:41:29.190+0200] {taskinstance.py:2890} INFO - Executing <Task(PythonSensor): wait_for_csv> on 2026-09-17 17:34:00+00:00
[2026-09-17T19:41:29.194+0200] {logging_mixin.py:190} WARNING - /Users/swarnalidatta/Desktop/AutoQueryChatbot/.airflow-venv/lib/python3.12/site-packages/airflow/task/task_runner/standard_task_runner.py:70 DeprecationWarning: This process (pid=77820) is multi-threaded, use of fork() may lead to deadlocks in the child.
[2026-09-17T19:41:29.194+0200] {standard_task_runner.py:72} INFO - Started process 77826 to run task
[2026-09-17T19:41:29.194+0200] {standard_task_runner.py:104} INFO - Running: ['airflow', 'tasks', 'run', 'mini_riskagent_file_ingestion', 'wait_for_csv', 'scheduled__2026-09-17T17:34:00+00:00', '--job-id', '3594', '--raw', '--subdir', 'DAGS_FOLDER/data_ingest_pipeline.py', '--cfg-path', '/var/folders/5p/201rr1sj03g8gksxm9x48mbh0000gn/T/tmp3_ff2nwb']
[2026-09-17T19:41:29.195+0200] {standard_task_runner.py:105} INFO - Job 3594: Subtask wait_for_csv
[2026-09-17T19:41:29.208+0200] {task_command.py:467} INFO - Running <TaskInstance: mini_riskagent_file_ingestion.wait_for_csv scheduled__2026-09-17T17:34:00+00:00 [running]> on host mac.home
[2026-09-17T19:41:29.225+0200] {taskinstance.py:3134} INFO - Exporting env vars: AIRFLOW_CTX_DAG_OWNER='autoquery' AIRFLOW_CTX_DAG_ID='mini_riskagent_file_ingestion' AIRFLOW_CTX_TASK_ID='wait_for_csv' AIRFLOW_CTX_EXECUTION_DATE='2026-09-17T17:34:00+00:00' AIRFLOW_CTX_TRY_NUMBER='1' AIRFLOW_CTX_DAG_RUN_ID='scheduled__2026-09-17T17:34:00+00:00'
[2026-09-17T19:41:29.225+0200] {logging_mixin.py:190} INFO - Task instance is in running state
[2026-09-17T19:41:29.225+0200] {logging_mixin.py:190} INFO -  Previous state of the Task instance: queued
[2026-09-17T19:41:29.225+0200] {logging_mixin.py:190} INFO - Current task name:wait_for_csv state:running start_date:2026-09-17 17:41:29.185558+00:00
[2026-09-17T19:41:29.226+0200] {logging_mixin.py:190} INFO - Dag name:mini_riskagent_file_ingestion and current dag run status:running
[2026-09-17T19:41:29.226+0200] {taskinstance.py:732} INFO - ::endgroup::
[2026-09-17T19:41:29.227+0200] {python.py:75} INFO - Poking callable: <function check_for_csv_files at 0x108d1eb60>
[2026-09-17T19:41:29.231+0200] {taskinstance.py:310} INFO - Rescheduling task, marking task as UP_FOR_RESCHEDULE
[2026-09-17T19:41:29.231+0200] {taskinstance.py:341} INFO - ::group::Post task execution logs
[2026-09-17T19:41:29.250+0200] {local_task_job_runner.py:266} INFO - Task exited with return code 0
[2026-09-17T19:41:29.257+0200] {taskinstance.py:3901} INFO - 0 downstream tasks scheduled from follow-on schedule check
[2026-09-17T19:41:29.257+0200] {local_task_job_runner.py:245} INFO - ::endgroup::
[2026-09-17T19:42:01.893+0200] {local_task_job_runner.py:123} INFO - ::group::Pre task execution logs
[2026-09-17T19:42:01.896+0200] {taskinstance.py:2614} INFO - Dependencies all met for dep_context=non-requeueable deps ti=<TaskInstance: mini_riskagent_file_ingestion.wait_for_csv scheduled__2026-09-17T17:34:00+00:00 [queued]>
[2026-09-17T19:42:01.897+0200] {taskinstance.py:2614} INFO - Dependencies all met for dep_context=requeueable deps ti=<TaskInstance: mini_riskagent_file_ingestion.wait_for_csv scheduled__2026-09-17T17:34:00+00:00 [queued]>
[2026-09-17T19:42:01.897+0200] {taskinstance.py:2867} INFO - Starting attempt 1 of 2
[2026-09-17T19:42:01.900+0200] {taskinstance.py:2890} INFO - Executing <Task(PythonSensor): wait_for_csv> on 2026-09-17 17:34:00+00:00
[2026-09-17T19:42:01.905+0200] {logging_mixin.py:190} WARNING - /Users/swarnalidatta/Desktop/AutoQueryChatbot/.airflow-venv/lib/python3.12/site-packages/airflow/task/task_runner/standard_task_runner.py:70 DeprecationWarning: This process (pid=77940) is multi-threaded, use of fork() may lead to deadlocks in the child.
[2026-09-17T19:42:01.904+0200] {standard_task_runner.py:104} INFO - Running: ['airflow', 'tasks', 'run', 'mini_riskagent_file_ingestion', 'wait_for_csv', 'scheduled__2026-09-17T17:34:00+00:00', '--job-id', '3611', '--raw', '--subdir', 'DAGS_FOLDER/data_ingest_pipeline.py', '--cfg-path', '/var/folders/5p/201rr1sj03g8gksxm9x48mbh0000gn/T/tmpny4u84qs']
[2026-09-17T19:42:01.905+0200] {standard_task_runner.py:72} INFO - Started process 77942 to run task
[2026-09-17T19:42:01.905+0200] {standard_task_runner.py:105} INFO - Job 3611: Subtask wait_for_csv
[2026-09-17T19:42:01.919+0200] {task_command.py:467} INFO - Running <TaskInstance: mini_riskagent_file_ingestion.wait_for_csv scheduled__2026-09-17T17:34:00+00:00 [running]> on host mac.home
[2026-09-17T19:42:01.935+0200] {taskinstance.py:3134} INFO - Exporting env vars: AIRFLOW_CTX_DAG_OWNER='autoquery' AIRFLOW_CTX_DAG_ID='mini_riskagent_file_ingestion' AIRFLOW_CTX_TASK_ID='wait_for_csv' AIRFLOW_CTX_EXECUTION_DATE='2026-09-17T17:34:00+00:00' AIRFLOW_CTX_TRY_NUMBER='1' AIRFLOW_CTX_DAG_RUN_ID='scheduled__2026-09-17T17:34:00+00:00'
[2026-09-17T19:42:01.936+0200] {logging_mixin.py:190} INFO - Task instance is in running state
[2026-09-17T19:42:01.936+0200] {logging_mixin.py:190} INFO -  Previous state of the Task instance: queued
[2026-09-17T19:42:01.936+0200] {logging_mixin.py:190} INFO - Current task name:wait_for_csv state:running start_date:2026-09-17 17:42:01.896128+00:00
[2026-09-17T19:42:01.936+0200] {logging_mixin.py:190} INFO - Dag name:mini_riskagent_file_ingestion and current dag run status:running
[2026-09-17T19:42:01.937+0200] {taskinstance.py:732} INFO - ::endgroup::
[2026-09-17T19:42:01.938+0200] {python.py:75} INFO - Poking callable: <function check_for_csv_files at 0x10a556b60>
[2026-09-17T19:42:01.938+0200] {base.py:339} INFO - Success criteria met. Exiting.
[2026-09-17T19:42:01.940+0200] {taskinstance.py:341} INFO - ::group::Post task execution logs
[2026-09-17T19:42:01.940+0200] {taskinstance.py:353} INFO - Marking task as SUCCESS. dag_id=mini_riskagent_file_ingestion, task_id=wait_for_csv, run_id=scheduled__2026-09-17T17:34:00+00:00, execution_date=20260917T173400, start_date=20260917T174201, end_date=20260917T174201
[2026-09-17T19:42:01.944+0200] {logging_mixin.py:190} INFO - Task instance in success state
[2026-09-17T19:42:01.944+0200] {logging_mixin.py:190} INFO -  Previous state of the Task instance: running
[2026-09-17T19:42:01.944+0200] {logging_mixin.py:190} INFO - Dag name:mini_riskagent_file_ingestion queued_at:2026-09-17 17:35:02.559439+00:00
[2026-09-17T19:42:01.944+0200] {logging_mixin.py:190} INFO - Task hostname:mac.home operator:PythonSensor
[2026-09-17T19:42:01.960+0200] {local_task_job_runner.py:266} INFO - Task exited with return code 0
[2026-09-17T19:42:01.967+0200] {taskinstance.py:3901} INFO - 1 downstream tasks scheduled from follow-on schedule check
[2026-09-17T19:42:01.968+0200] {local_task_job_runner.py:245} INFO - ::endgroup::
