[2026-09-05T21:45:52.442+0200] {local_task_job_runner.py:123} INFO - ::group::Pre task execution logs
[2026-09-05T21:45:52.444+0200] {taskinstance.py:2614} INFO - Dependencies all met for dep_context=non-requeueable deps ti=<TaskInstance: mini_riskagent_file_ingestion.wait_for_csv scheduled__2026-09-05T19:44:00+00:00 [queued]>
[2026-09-05T21:45:52.446+0200] {taskinstance.py:2614} INFO - Dependencies all met for dep_context=requeueable deps ti=<TaskInstance: mini_riskagent_file_ingestion.wait_for_csv scheduled__2026-09-05T19:44:00+00:00 [queued]>
[2026-09-05T21:45:52.446+0200] {taskinstance.py:2867} INFO - Starting attempt 1 of 2
[2026-09-05T21:45:52.450+0200] {taskinstance.py:2890} INFO - Executing <Task(PythonSensor): wait_for_csv> on 2026-09-05 19:44:00+00:00
[2026-09-05T21:45:52.455+0200] {standard_task_runner.py:104} INFO - Running: ['airflow', 'tasks', 'run', 'mini_riskagent_file_ingestion', 'wait_for_csv', 'scheduled__2026-09-05T19:44:00+00:00', '--job-id', '2871', '--raw', '--subdir', 'DAGS_FOLDER/data_ingest_pipeline.py', '--cfg-path', '/var/folders/5p/201rr1sj03g8gksxm9x48mbh0000gn/T/tmp99m18fl1']
[2026-09-05T21:45:52.455+0200] {logging_mixin.py:190} WARNING - /Users/swarnalidatta/Desktop/AutoQueryChatbot/.airflow-venv/lib/python3.12/site-packages/airflow/task/task_runner/standard_task_runner.py:70 DeprecationWarning: This process (pid=48892) is multi-threaded, use of fork() may lead to deadlocks in the child.
[2026-09-05T21:45:52.455+0200] {standard_task_runner.py:105} INFO - Job 2871: Subtask wait_for_csv
[2026-09-05T21:45:52.456+0200] {standard_task_runner.py:72} INFO - Started process 48900 to run task
[2026-09-05T21:45:52.470+0200] {task_command.py:467} INFO - Running <TaskInstance: mini_riskagent_file_ingestion.wait_for_csv scheduled__2026-09-05T19:44:00+00:00 [running]> on host mac.home
[2026-09-05T21:45:52.487+0200] {taskinstance.py:3134} INFO - Exporting env vars: AIRFLOW_CTX_DAG_OWNER='autoquery' AIRFLOW_CTX_DAG_ID='mini_riskagent_file_ingestion' AIRFLOW_CTX_TASK_ID='wait_for_csv' AIRFLOW_CTX_EXECUTION_DATE='2026-09-05T19:44:00+00:00' AIRFLOW_CTX_TRY_NUMBER='1' AIRFLOW_CTX_DAG_RUN_ID='scheduled__2026-09-05T19:44:00+00:00'
[2026-09-05T21:45:52.487+0200] {logging_mixin.py:190} INFO - Task instance is in running state
[2026-09-05T21:45:52.488+0200] {logging_mixin.py:190} INFO -  Previous state of the Task instance: queued
[2026-09-05T21:45:52.488+0200] {logging_mixin.py:190} INFO - Current task name:wait_for_csv state:running start_date:2026-09-05 19:45:52.444849+00:00
[2026-09-05T21:45:52.488+0200] {logging_mixin.py:190} INFO - Dag name:mini_riskagent_file_ingestion and current dag run status:running
[2026-09-05T21:45:52.488+0200] {taskinstance.py:732} INFO - ::endgroup::
[2026-09-05T21:45:52.489+0200] {python.py:75} INFO - Poking callable: <function check_for_csv_files at 0x10900ab60>
[2026-09-05T21:45:52.493+0200] {taskinstance.py:310} INFO - Rescheduling task, marking task as UP_FOR_RESCHEDULE
[2026-09-05T21:45:52.493+0200] {taskinstance.py:341} INFO - ::group::Post task execution logs
[2026-09-05T21:45:52.515+0200] {local_task_job_runner.py:266} INFO - Task exited with return code 0
[2026-09-05T21:45:52.522+0200] {taskinstance.py:3901} INFO - 0 downstream tasks scheduled from follow-on schedule check
[2026-09-05T21:45:52.522+0200] {local_task_job_runner.py:245} INFO - ::endgroup::
[2026-09-05T21:46:26.007+0200] {local_task_job_runner.py:123} INFO - ::group::Pre task execution logs
[2026-09-05T21:46:26.010+0200] {taskinstance.py:2614} INFO - Dependencies all met for dep_context=non-requeueable deps ti=<TaskInstance: mini_riskagent_file_ingestion.wait_for_csv scheduled__2026-09-05T19:44:00+00:00 [queued]>
[2026-09-05T21:46:26.011+0200] {taskinstance.py:2614} INFO - Dependencies all met for dep_context=requeueable deps ti=<TaskInstance: mini_riskagent_file_ingestion.wait_for_csv scheduled__2026-09-05T19:44:00+00:00 [queued]>
[2026-09-05T21:46:26.011+0200] {taskinstance.py:2867} INFO - Starting attempt 1 of 2
[2026-09-05T21:46:26.014+0200] {taskinstance.py:2890} INFO - Executing <Task(PythonSensor): wait_for_csv> on 2026-09-05 19:44:00+00:00
[2026-09-05T21:46:26.019+0200] {logging_mixin.py:190} WARNING - /Users/swarnalidatta/Desktop/AutoQueryChatbot/.airflow-venv/lib/python3.12/site-packages/airflow/task/task_runner/standard_task_runner.py:70 DeprecationWarning: This process (pid=49041) is multi-threaded, use of fork() may lead to deadlocks in the child.
[2026-09-05T21:46:26.019+0200] {standard_task_runner.py:72} INFO - Started process 49047 to run task
[2026-09-05T21:46:26.019+0200] {standard_task_runner.py:104} INFO - Running: ['airflow', 'tasks', 'run', 'mini_riskagent_file_ingestion', 'wait_for_csv', 'scheduled__2026-09-05T19:44:00+00:00', '--job-id', '2882', '--raw', '--subdir', 'DAGS_FOLDER/data_ingest_pipeline.py', '--cfg-path', '/var/folders/5p/201rr1sj03g8gksxm9x48mbh0000gn/T/tmpu382leju']
[2026-09-05T21:46:26.019+0200] {standard_task_runner.py:105} INFO - Job 2882: Subtask wait_for_csv
[2026-09-05T21:46:26.034+0200] {task_command.py:467} INFO - Running <TaskInstance: mini_riskagent_file_ingestion.wait_for_csv scheduled__2026-09-05T19:44:00+00:00 [running]> on host mac.home
[2026-09-05T21:46:26.051+0200] {taskinstance.py:3134} INFO - Exporting env vars: AIRFLOW_CTX_DAG_OWNER='autoquery' AIRFLOW_CTX_DAG_ID='mini_riskagent_file_ingestion' AIRFLOW_CTX_TASK_ID='wait_for_csv' AIRFLOW_CTX_EXECUTION_DATE='2026-09-05T19:44:00+00:00' AIRFLOW_CTX_TRY_NUMBER='1' AIRFLOW_CTX_DAG_RUN_ID='scheduled__2026-09-05T19:44:00+00:00'
[2026-09-05T21:46:26.052+0200] {logging_mixin.py:190} INFO - Task instance is in running state
[2026-09-05T21:46:26.052+0200] {logging_mixin.py:190} INFO -  Previous state of the Task instance: queued
[2026-09-05T21:46:26.052+0200] {logging_mixin.py:190} INFO - Current task name:wait_for_csv state:running start_date:2026-09-05 19:46:26.010210+00:00
[2026-09-05T21:46:26.052+0200] {logging_mixin.py:190} INFO - Dag name:mini_riskagent_file_ingestion and current dag run status:running
[2026-09-05T21:46:26.052+0200] {taskinstance.py:732} INFO - ::endgroup::
[2026-09-05T21:46:26.054+0200] {python.py:75} INFO - Poking callable: <function check_for_csv_files at 0x10b49ab60>
[2026-09-05T21:46:26.057+0200] {taskinstance.py:310} INFO - Rescheduling task, marking task as UP_FOR_RESCHEDULE
[2026-09-05T21:46:26.058+0200] {taskinstance.py:341} INFO - ::group::Post task execution logs
[2026-09-05T21:46:26.078+0200] {local_task_job_runner.py:266} INFO - Task exited with return code 0
[2026-09-05T21:46:26.085+0200] {taskinstance.py:3901} INFO - 0 downstream tasks scheduled from follow-on schedule check
[2026-09-05T21:46:26.085+0200] {local_task_job_runner.py:245} INFO - ::endgroup::
[2026-09-05T21:46:58.994+0200] {local_task_job_runner.py:123} INFO - ::group::Pre task execution logs
[2026-09-05T21:46:58.997+0200] {taskinstance.py:2614} INFO - Dependencies all met for dep_context=non-requeueable deps ti=<TaskInstance: mini_riskagent_file_ingestion.wait_for_csv scheduled__2026-09-05T19:44:00+00:00 [queued]>
[2026-09-05T21:46:58.999+0200] {taskinstance.py:2614} INFO - Dependencies all met for dep_context=requeueable deps ti=<TaskInstance: mini_riskagent_file_ingestion.wait_for_csv scheduled__2026-09-05T19:44:00+00:00 [queued]>
[2026-09-05T21:46:58.999+0200] {taskinstance.py:2867} INFO - Starting attempt 1 of 2
[2026-09-05T21:46:59.002+0200] {taskinstance.py:2890} INFO - Executing <Task(PythonSensor): wait_for_csv> on 2026-09-05 19:44:00+00:00
[2026-09-05T21:46:59.006+0200] {logging_mixin.py:190} WARNING - /Users/swarnalidatta/Desktop/AutoQueryChatbot/.airflow-venv/lib/python3.12/site-packages/airflow/task/task_runner/standard_task_runner.py:70 DeprecationWarning: This process (pid=49153) is multi-threaded, use of fork() may lead to deadlocks in the child.
[2026-09-05T21:46:59.007+0200] {standard_task_runner.py:72} INFO - Started process 49155 to run task
[2026-09-05T21:46:59.006+0200] {standard_task_runner.py:104} INFO - Running: ['airflow', 'tasks', 'run', 'mini_riskagent_file_ingestion', 'wait_for_csv', 'scheduled__2026-09-05T19:44:00+00:00', '--job-id', '2893', '--raw', '--subdir', 'DAGS_FOLDER/data_ingest_pipeline.py', '--cfg-path', '/var/folders/5p/201rr1sj03g8gksxm9x48mbh0000gn/T/tmp82l58tas']
[2026-09-05T21:46:59.007+0200] {standard_task_runner.py:105} INFO - Job 2893: Subtask wait_for_csv
[2026-09-05T21:46:59.021+0200] {task_command.py:467} INFO - Running <TaskInstance: mini_riskagent_file_ingestion.wait_for_csv scheduled__2026-09-05T19:44:00+00:00 [running]> on host mac.home
[2026-09-05T21:46:59.038+0200] {taskinstance.py:3134} INFO - Exporting env vars: AIRFLOW_CTX_DAG_OWNER='autoquery' AIRFLOW_CTX_DAG_ID='mini_riskagent_file_ingestion' AIRFLOW_CTX_TASK_ID='wait_for_csv' AIRFLOW_CTX_EXECUTION_DATE='2026-09-05T19:44:00+00:00' AIRFLOW_CTX_TRY_NUMBER='1' AIRFLOW_CTX_DAG_RUN_ID='scheduled__2026-09-05T19:44:00+00:00'
[2026-09-05T21:46:59.038+0200] {logging_mixin.py:190} INFO - Task instance is in running state
[2026-09-05T21:46:59.039+0200] {logging_mixin.py:190} INFO -  Previous state of the Task instance: queued
[2026-09-05T21:46:59.039+0200] {logging_mixin.py:190} INFO - Current task name:wait_for_csv state:running start_date:2026-09-05 19:46:58.997903+00:00
[2026-09-05T21:46:59.039+0200] {logging_mixin.py:190} INFO - Dag name:mini_riskagent_file_ingestion and current dag run status:running
[2026-09-05T21:46:59.039+0200] {taskinstance.py:732} INFO - ::endgroup::
[2026-09-05T21:46:59.041+0200] {python.py:75} INFO - Poking callable: <function check_for_csv_files at 0x10cc42b60>
[2026-09-05T21:46:59.044+0200] {taskinstance.py:310} INFO - Rescheduling task, marking task as UP_FOR_RESCHEDULE
[2026-09-05T21:46:59.044+0200] {taskinstance.py:341} INFO - ::group::Post task execution logs
[2026-09-05T21:46:59.066+0200] {local_task_job_runner.py:266} INFO - Task exited with return code 0
[2026-09-05T21:46:59.073+0200] {taskinstance.py:3901} INFO - 0 downstream tasks scheduled from follow-on schedule check
[2026-09-05T21:46:59.073+0200] {local_task_job_runner.py:245} INFO - ::endgroup::
[2026-09-05T21:47:31.685+0200] {local_task_job_runner.py:123} INFO - ::group::Pre task execution logs
[2026-09-05T21:47:31.688+0200] {taskinstance.py:2614} INFO - Dependencies all met for dep_context=non-requeueable deps ti=<TaskInstance: mini_riskagent_file_ingestion.wait_for_csv scheduled__2026-09-05T19:44:00+00:00 [queued]>
[2026-09-05T21:47:31.689+0200] {taskinstance.py:2614} INFO - Dependencies all met for dep_context=requeueable deps ti=<TaskInstance: mini_riskagent_file_ingestion.wait_for_csv scheduled__2026-09-05T19:44:00+00:00 [queued]>
[2026-09-05T21:47:31.689+0200] {taskinstance.py:2867} INFO - Starting attempt 1 of 2
[2026-09-05T21:47:31.692+0200] {taskinstance.py:2890} INFO - Executing <Task(PythonSensor): wait_for_csv> on 2026-09-05 19:44:00+00:00
[2026-09-05T21:47:31.697+0200] {logging_mixin.py:190} WARNING - /Users/swarnalidatta/Desktop/AutoQueryChatbot/.airflow-venv/lib/python3.12/site-packages/airflow/task/task_runner/standard_task_runner.py:70 DeprecationWarning: This process (pid=49261) is multi-threaded, use of fork() may lead to deadlocks in the child.
[2026-09-05T21:47:31.697+0200] {standard_task_runner.py:72} INFO - Started process 49263 to run task
[2026-09-05T21:47:31.697+0200] {standard_task_runner.py:104} INFO - Running: ['airflow', 'tasks', 'run', 'mini_riskagent_file_ingestion', 'wait_for_csv', 'scheduled__2026-09-05T19:44:00+00:00', '--job-id', '2905', '--raw', '--subdir', 'DAGS_FOLDER/data_ingest_pipeline.py', '--cfg-path', '/var/folders/5p/201rr1sj03g8gksxm9x48mbh0000gn/T/tmp4_8h8m_o']
[2026-09-05T21:47:31.698+0200] {standard_task_runner.py:105} INFO - Job 2905: Subtask wait_for_csv
[2026-09-05T21:47:31.711+0200] {task_command.py:467} INFO - Running <TaskInstance: mini_riskagent_file_ingestion.wait_for_csv scheduled__2026-09-05T19:44:00+00:00 [running]> on host mac.home
[2026-09-05T21:47:31.727+0200] {taskinstance.py:3134} INFO - Exporting env vars: AIRFLOW_CTX_DAG_OWNER='autoquery' AIRFLOW_CTX_DAG_ID='mini_riskagent_file_ingestion' AIRFLOW_CTX_TASK_ID='wait_for_csv' AIRFLOW_CTX_EXECUTION_DATE='2026-09-05T19:44:00+00:00' AIRFLOW_CTX_TRY_NUMBER='1' AIRFLOW_CTX_DAG_RUN_ID='scheduled__2026-09-05T19:44:00+00:00'
[2026-09-05T21:47:31.728+0200] {logging_mixin.py:190} INFO - Task instance is in running state
[2026-09-05T21:47:31.728+0200] {logging_mixin.py:190} INFO -  Previous state of the Task instance: queued
[2026-09-05T21:47:31.728+0200] {logging_mixin.py:190} INFO - Current task name:wait_for_csv state:running start_date:2026-09-05 19:47:31.688462+00:00
[2026-09-05T21:47:31.729+0200] {logging_mixin.py:190} INFO - Dag name:mini_riskagent_file_ingestion and current dag run status:running
[2026-09-05T21:47:31.729+0200] {taskinstance.py:732} INFO - ::endgroup::
[2026-09-05T21:47:31.730+0200] {python.py:75} INFO - Poking callable: <function check_for_csv_files at 0x10c896b60>
[2026-09-05T21:47:31.733+0200] {taskinstance.py:310} INFO - Rescheduling task, marking task as UP_FOR_RESCHEDULE
[2026-09-05T21:47:31.734+0200] {taskinstance.py:341} INFO - ::group::Post task execution logs
[2026-09-05T21:47:31.757+0200] {local_task_job_runner.py:266} INFO - Task exited with return code 0
[2026-09-05T21:47:31.763+0200] {taskinstance.py:3901} INFO - 0 downstream tasks scheduled from follow-on schedule check
[2026-09-05T21:47:31.764+0200] {local_task_job_runner.py:245} INFO - ::endgroup::
[2026-09-05T21:48:04.741+0200] {local_task_job_runner.py:123} INFO - ::group::Pre task execution logs
[2026-09-05T21:48:04.744+0200] {taskinstance.py:2614} INFO - Dependencies all met for dep_context=non-requeueable deps ti=<TaskInstance: mini_riskagent_file_ingestion.wait_for_csv scheduled__2026-09-05T19:44:00+00:00 [queued]>
[2026-09-05T21:48:04.746+0200] {taskinstance.py:2614} INFO - Dependencies all met for dep_context=requeueable deps ti=<TaskInstance: mini_riskagent_file_ingestion.wait_for_csv scheduled__2026-09-05T19:44:00+00:00 [queued]>
[2026-09-05T21:48:04.746+0200] {taskinstance.py:2867} INFO - Starting attempt 1 of 2
[2026-09-05T21:48:04.749+0200] {taskinstance.py:2890} INFO - Executing <Task(PythonSensor): wait_for_csv> on 2026-09-05 19:44:00+00:00
[2026-09-05T21:48:04.754+0200] {logging_mixin.py:190} WARNING - /Users/swarnalidatta/Desktop/AutoQueryChatbot/.airflow-venv/lib/python3.12/site-packages/airflow/task/task_runner/standard_task_runner.py:70 DeprecationWarning: This process (pid=49385) is multi-threaded, use of fork() may lead to deadlocks in the child.
[2026-09-05T21:48:04.754+0200] {standard_task_runner.py:72} INFO - Started process 49387 to run task
[2026-09-05T21:48:04.753+0200] {standard_task_runner.py:104} INFO - Running: ['airflow', 'tasks', 'run', 'mini_riskagent_file_ingestion', 'wait_for_csv', 'scheduled__2026-09-05T19:44:00+00:00', '--job-id', '2917', '--raw', '--subdir', 'DAGS_FOLDER/data_ingest_pipeline.py', '--cfg-path', '/var/folders/5p/201rr1sj03g8gksxm9x48mbh0000gn/T/tmp16new3a1']
[2026-09-05T21:48:04.754+0200] {standard_task_runner.py:105} INFO - Job 2917: Subtask wait_for_csv
[2026-09-05T21:48:04.768+0200] {task_command.py:467} INFO - Running <TaskInstance: mini_riskagent_file_ingestion.wait_for_csv scheduled__2026-09-05T19:44:00+00:00 [running]> on host mac.home
[2026-09-05T21:48:04.784+0200] {taskinstance.py:3134} INFO - Exporting env vars: AIRFLOW_CTX_DAG_OWNER='autoquery' AIRFLOW_CTX_DAG_ID='mini_riskagent_file_ingestion' AIRFLOW_CTX_TASK_ID='wait_for_csv' AIRFLOW_CTX_EXECUTION_DATE='2026-09-05T19:44:00+00:00' AIRFLOW_CTX_TRY_NUMBER='1' AIRFLOW_CTX_DAG_RUN_ID='scheduled__2026-09-05T19:44:00+00:00'
[2026-09-05T21:48:04.784+0200] {logging_mixin.py:190} INFO - Task instance is in running state
[2026-09-05T21:48:04.784+0200] {logging_mixin.py:190} INFO -  Previous state of the Task instance: queued
[2026-09-05T21:48:04.785+0200] {logging_mixin.py:190} INFO - Current task name:wait_for_csv state:running start_date:2026-09-05 19:48:04.744754+00:00
[2026-09-05T21:48:04.785+0200] {logging_mixin.py:190} INFO - Dag name:mini_riskagent_file_ingestion and current dag run status:running
[2026-09-05T21:48:04.785+0200] {taskinstance.py:732} INFO - ::endgroup::
[2026-09-05T21:48:04.786+0200] {python.py:75} INFO - Poking callable: <function check_for_csv_files at 0x1085d6b60>
[2026-09-05T21:48:04.790+0200] {taskinstance.py:310} INFO - Rescheduling task, marking task as UP_FOR_RESCHEDULE
[2026-09-05T21:48:04.790+0200] {taskinstance.py:341} INFO - ::group::Post task execution logs
[2026-09-05T21:48:04.813+0200] {local_task_job_runner.py:266} INFO - Task exited with return code 0
[2026-09-05T21:48:04.820+0200] {taskinstance.py:3901} INFO - 0 downstream tasks scheduled from follow-on schedule check
[2026-09-05T21:48:04.820+0200] {local_task_job_runner.py:245} INFO - ::endgroup::
[2026-09-05T21:48:37.332+0200] {local_task_job_runner.py:123} INFO - ::group::Pre task execution logs
[2026-09-05T21:48:37.335+0200] {taskinstance.py:2614} INFO - Dependencies all met for dep_context=non-requeueable deps ti=<TaskInstance: mini_riskagent_file_ingestion.wait_for_csv scheduled__2026-09-05T19:44:00+00:00 [queued]>
[2026-09-05T21:48:37.336+0200] {taskinstance.py:2614} INFO - Dependencies all met for dep_context=requeueable deps ti=<TaskInstance: mini_riskagent_file_ingestion.wait_for_csv scheduled__2026-09-05T19:44:00+00:00 [queued]>
[2026-09-05T21:48:37.336+0200] {taskinstance.py:2867} INFO - Starting attempt 1 of 2
[2026-09-05T21:48:37.339+0200] {taskinstance.py:2890} INFO - Executing <Task(PythonSensor): wait_for_csv> on 2026-09-05 19:44:00+00:00
[2026-09-05T21:48:37.343+0200] {standard_task_runner.py:104} INFO - Running: ['airflow', 'tasks', 'run', 'mini_riskagent_file_ingestion', 'wait_for_csv', 'scheduled__2026-09-05T19:44:00+00:00', '--job-id', '2930', '--raw', '--subdir', 'DAGS_FOLDER/data_ingest_pipeline.py', '--cfg-path', '/var/folders/5p/201rr1sj03g8gksxm9x48mbh0000gn/T/tmpee7e6giv']
[2026-09-05T21:48:37.344+0200] {logging_mixin.py:190} WARNING - /Users/swarnalidatta/Desktop/AutoQueryChatbot/.airflow-venv/lib/python3.12/site-packages/airflow/task/task_runner/standard_task_runner.py:70 DeprecationWarning: This process (pid=49486) is multi-threaded, use of fork() may lead to deadlocks in the child.
[2026-09-05T21:48:37.344+0200] {standard_task_runner.py:72} INFO - Started process 49488 to run task
[2026-09-05T21:48:37.344+0200] {standard_task_runner.py:105} INFO - Job 2930: Subtask wait_for_csv
[2026-09-05T21:48:37.358+0200] {task_command.py:467} INFO - Running <TaskInstance: mini_riskagent_file_ingestion.wait_for_csv scheduled__2026-09-05T19:44:00+00:00 [running]> on host mac.home
[2026-09-05T21:48:37.374+0200] {taskinstance.py:3134} INFO - Exporting env vars: AIRFLOW_CTX_DAG_OWNER='autoquery' AIRFLOW_CTX_DAG_ID='mini_riskagent_file_ingestion' AIRFLOW_CTX_TASK_ID='wait_for_csv' AIRFLOW_CTX_EXECUTION_DATE='2026-09-05T19:44:00+00:00' AIRFLOW_CTX_TRY_NUMBER='1' AIRFLOW_CTX_DAG_RUN_ID='scheduled__2026-09-05T19:44:00+00:00'
[2026-09-05T21:48:37.375+0200] {logging_mixin.py:190} INFO - Task instance is in running state
[2026-09-05T21:48:37.375+0200] {logging_mixin.py:190} INFO -  Previous state of the Task instance: queued
[2026-09-05T21:48:37.375+0200] {logging_mixin.py:190} INFO - Current task name:wait_for_csv state:running start_date:2026-09-05 19:48:37.335403+00:00
[2026-09-05T21:48:37.375+0200] {logging_mixin.py:190} INFO - Dag name:mini_riskagent_file_ingestion and current dag run status:running
[2026-09-05T21:48:37.375+0200] {taskinstance.py:732} INFO - ::endgroup::
[2026-09-05T21:48:37.377+0200] {python.py:75} INFO - Poking callable: <function check_for_csv_files at 0x10a7d2b60>
[2026-09-05T21:48:37.380+0200] {taskinstance.py:310} INFO - Rescheduling task, marking task as UP_FOR_RESCHEDULE
[2026-09-05T21:48:37.380+0200] {taskinstance.py:341} INFO - ::group::Post task execution logs
[2026-09-05T21:48:37.403+0200] {local_task_job_runner.py:266} INFO - Task exited with return code 0
[2026-09-05T21:48:37.410+0200] {taskinstance.py:3901} INFO - 0 downstream tasks scheduled from follow-on schedule check
[2026-09-05T21:48:37.410+0200] {local_task_job_runner.py:245} INFO - ::endgroup::
[2026-09-05T21:49:10.070+0200] {local_task_job_runner.py:123} INFO - ::group::Pre task execution logs
[2026-09-05T21:49:10.073+0200] {taskinstance.py:2614} INFO - Dependencies all met for dep_context=non-requeueable deps ti=<TaskInstance: mini_riskagent_file_ingestion.wait_for_csv scheduled__2026-09-05T19:44:00+00:00 [queued]>
[2026-09-05T21:49:10.074+0200] {taskinstance.py:2614} INFO - Dependencies all met for dep_context=requeueable deps ti=<TaskInstance: mini_riskagent_file_ingestion.wait_for_csv scheduled__2026-09-05T19:44:00+00:00 [queued]>
[2026-09-05T21:49:10.074+0200] {taskinstance.py:2867} INFO - Starting attempt 1 of 2
[2026-09-05T21:49:10.077+0200] {taskinstance.py:2890} INFO - Executing <Task(PythonSensor): wait_for_csv> on 2026-09-05 19:44:00+00:00
[2026-09-05T21:49:10.082+0200] {logging_mixin.py:190} WARNING - /Users/swarnalidatta/Desktop/AutoQueryChatbot/.airflow-venv/lib/python3.12/site-packages/airflow/task/task_runner/standard_task_runner.py:70 DeprecationWarning: This process (pid=49610) is multi-threaded, use of fork() may lead to deadlocks in the child.
[2026-09-05T21:49:10.083+0200] {standard_task_runner.py:72} INFO - Started process 49612 to run task
[2026-09-05T21:49:10.082+0200] {standard_task_runner.py:104} INFO - Running: ['airflow', 'tasks', 'run', 'mini_riskagent_file_ingestion', 'wait_for_csv', 'scheduled__2026-09-05T19:44:00+00:00', '--job-id', '2944', '--raw', '--subdir', 'DAGS_FOLDER/data_ingest_pipeline.py', '--cfg-path', '/var/folders/5p/201rr1sj03g8gksxm9x48mbh0000gn/T/tmpkcc13euj']
[2026-09-05T21:49:10.083+0200] {standard_task_runner.py:105} INFO - Job 2944: Subtask wait_for_csv
[2026-09-05T21:49:10.096+0200] {task_command.py:467} INFO - Running <TaskInstance: mini_riskagent_file_ingestion.wait_for_csv scheduled__2026-09-05T19:44:00+00:00 [running]> on host mac.home
[2026-09-05T21:49:10.114+0200] {taskinstance.py:3134} INFO - Exporting env vars: AIRFLOW_CTX_DAG_OWNER='autoquery' AIRFLOW_CTX_DAG_ID='mini_riskagent_file_ingestion' AIRFLOW_CTX_TASK_ID='wait_for_csv' AIRFLOW_CTX_EXECUTION_DATE='2026-09-05T19:44:00+00:00' AIRFLOW_CTX_TRY_NUMBER='1' AIRFLOW_CTX_DAG_RUN_ID='scheduled__2026-09-05T19:44:00+00:00'
[2026-09-05T21:49:10.114+0200] {logging_mixin.py:190} INFO - Task instance is in running state
[2026-09-05T21:49:10.114+0200] {logging_mixin.py:190} INFO -  Previous state of the Task instance: queued
[2026-09-05T21:49:10.115+0200] {logging_mixin.py:190} INFO - Current task name:wait_for_csv state:running start_date:2026-09-05 19:49:10.073270+00:00
[2026-09-05T21:49:10.115+0200] {logging_mixin.py:190} INFO - Dag name:mini_riskagent_file_ingestion and current dag run status:running
[2026-09-05T21:49:10.115+0200] {taskinstance.py:732} INFO - ::endgroup::
[2026-09-05T21:49:10.117+0200] {python.py:75} INFO - Poking callable: <function check_for_csv_files at 0x10b302b60>
[2026-09-05T21:49:10.120+0200] {taskinstance.py:310} INFO - Rescheduling task, marking task as UP_FOR_RESCHEDULE
[2026-09-05T21:49:10.121+0200] {taskinstance.py:341} INFO - ::group::Post task execution logs
[2026-09-05T21:49:10.142+0200] {local_task_job_runner.py:266} INFO - Task exited with return code 0
[2026-09-05T21:49:10.149+0200] {taskinstance.py:3901} INFO - 0 downstream tasks scheduled from follow-on schedule check
[2026-09-05T21:49:10.149+0200] {local_task_job_runner.py:245} INFO - ::endgroup::
[2026-09-05T21:49:41.389+0200] {local_task_job_runner.py:123} INFO - ::group::Pre task execution logs
[2026-09-05T21:49:41.392+0200] {taskinstance.py:2614} INFO - Dependencies all met for dep_context=non-requeueable deps ti=<TaskInstance: mini_riskagent_file_ingestion.wait_for_csv scheduled__2026-09-05T19:44:00+00:00 [queued]>
[2026-09-05T21:49:41.393+0200] {taskinstance.py:2614} INFO - Dependencies all met for dep_context=requeueable deps ti=<TaskInstance: mini_riskagent_file_ingestion.wait_for_csv scheduled__2026-09-05T19:44:00+00:00 [queued]>
[2026-09-05T21:49:41.394+0200] {taskinstance.py:2867} INFO - Starting attempt 1 of 2
[2026-09-05T21:49:41.397+0200] {taskinstance.py:2890} INFO - Executing <Task(PythonSensor): wait_for_csv> on 2026-09-05 19:44:00+00:00
[2026-09-05T21:49:41.401+0200] {logging_mixin.py:190} WARNING - /Users/swarnalidatta/Desktop/AutoQueryChatbot/.airflow-venv/lib/python3.12/site-packages/airflow/task/task_runner/standard_task_runner.py:70 DeprecationWarning: This process (pid=49711) is multi-threaded, use of fork() may lead to deadlocks in the child.
[2026-09-05T21:49:41.401+0200] {standard_task_runner.py:104} INFO - Running: ['airflow', 'tasks', 'run', 'mini_riskagent_file_ingestion', 'wait_for_csv', 'scheduled__2026-09-05T19:44:00+00:00', '--job-id', '2958', '--raw', '--subdir', 'DAGS_FOLDER/data_ingest_pipeline.py', '--cfg-path', '/var/folders/5p/201rr1sj03g8gksxm9x48mbh0000gn/T/tmpevf54r8s']
[2026-09-05T21:49:41.402+0200] {standard_task_runner.py:72} INFO - Started process 49713 to run task
[2026-09-05T21:49:41.402+0200] {standard_task_runner.py:105} INFO - Job 2958: Subtask wait_for_csv
[2026-09-05T21:49:41.415+0200] {task_command.py:467} INFO - Running <TaskInstance: mini_riskagent_file_ingestion.wait_for_csv scheduled__2026-09-05T19:44:00+00:00 [running]> on host mac.home
[2026-09-05T21:49:41.431+0200] {taskinstance.py:3134} INFO - Exporting env vars: AIRFLOW_CTX_DAG_OWNER='autoquery' AIRFLOW_CTX_DAG_ID='mini_riskagent_file_ingestion' AIRFLOW_CTX_TASK_ID='wait_for_csv' AIRFLOW_CTX_EXECUTION_DATE='2026-09-05T19:44:00+00:00' AIRFLOW_CTX_TRY_NUMBER='1' AIRFLOW_CTX_DAG_RUN_ID='scheduled__2026-09-05T19:44:00+00:00'
[2026-09-05T21:49:41.432+0200] {logging_mixin.py:190} INFO - Task instance is in running state
[2026-09-05T21:49:41.432+0200] {logging_mixin.py:190} INFO -  Previous state of the Task instance: queued
[2026-09-05T21:49:41.432+0200] {logging_mixin.py:190} INFO - Current task name:wait_for_csv state:running start_date:2026-09-05 19:49:41.392713+00:00
[2026-09-05T21:49:41.432+0200] {logging_mixin.py:190} INFO - Dag name:mini_riskagent_file_ingestion and current dag run status:running
[2026-09-05T21:49:41.432+0200] {taskinstance.py:732} INFO - ::endgroup::
[2026-09-05T21:49:41.434+0200] {python.py:75} INFO - Poking callable: <function check_for_csv_files at 0x108996b60>
[2026-09-05T21:49:41.437+0200] {taskinstance.py:310} INFO - Rescheduling task, marking task as UP_FOR_RESCHEDULE
[2026-09-05T21:49:41.437+0200] {taskinstance.py:341} INFO - ::group::Post task execution logs
[2026-09-05T21:49:41.459+0200] {local_task_job_runner.py:266} INFO - Task exited with return code 0
[2026-09-05T21:49:41.466+0200] {taskinstance.py:3901} INFO - 0 downstream tasks scheduled from follow-on schedule check
[2026-09-05T21:49:41.466+0200] {local_task_job_runner.py:245} INFO - ::endgroup::
[2026-09-05T21:50:13.551+0200] {local_task_job_runner.py:123} INFO - ::group::Pre task execution logs
[2026-09-05T21:50:13.554+0200] {taskinstance.py:2614} INFO - Dependencies all met for dep_context=non-requeueable deps ti=<TaskInstance: mini_riskagent_file_ingestion.wait_for_csv scheduled__2026-09-05T19:44:00+00:00 [queued]>
[2026-09-05T21:50:13.555+0200] {taskinstance.py:2614} INFO - Dependencies all met for dep_context=requeueable deps ti=<TaskInstance: mini_riskagent_file_ingestion.wait_for_csv scheduled__2026-09-05T19:44:00+00:00 [queued]>
[2026-09-05T21:50:13.555+0200] {taskinstance.py:2867} INFO - Starting attempt 1 of 2
[2026-09-05T21:50:13.558+0200] {taskinstance.py:2890} INFO - Executing <Task(PythonSensor): wait_for_csv> on 2026-09-05 19:44:00+00:00
[2026-09-05T21:50:13.563+0200] {standard_task_runner.py:104} INFO - Running: ['airflow', 'tasks', 'run', 'mini_riskagent_file_ingestion', 'wait_for_csv', 'scheduled__2026-09-05T19:44:00+00:00', '--job-id', '2973', '--raw', '--subdir', 'DAGS_FOLDER/data_ingest_pipeline.py', '--cfg-path', '/var/folders/5p/201rr1sj03g8gksxm9x48mbh0000gn/T/tmpm4f0hap3']
[2026-09-05T21:50:13.563+0200] {logging_mixin.py:190} WARNING - /Users/swarnalidatta/Desktop/AutoQueryChatbot/.airflow-venv/lib/python3.12/site-packages/airflow/task/task_runner/standard_task_runner.py:70 DeprecationWarning: This process (pid=50042) is multi-threaded, use of fork() may lead to deadlocks in the child.
[2026-09-05T21:50:13.564+0200] {standard_task_runner.py:72} INFO - Started process 50044 to run task
[2026-09-05T21:50:13.563+0200] {standard_task_runner.py:105} INFO - Job 2973: Subtask wait_for_csv
[2026-09-05T21:50:13.577+0200] {task_command.py:467} INFO - Running <TaskInstance: mini_riskagent_file_ingestion.wait_for_csv scheduled__2026-09-05T19:44:00+00:00 [running]> on host mac.home
[2026-09-05T21:50:13.594+0200] {taskinstance.py:3134} INFO - Exporting env vars: AIRFLOW_CTX_DAG_OWNER='autoquery' AIRFLOW_CTX_DAG_ID='mini_riskagent_file_ingestion' AIRFLOW_CTX_TASK_ID='wait_for_csv' AIRFLOW_CTX_EXECUTION_DATE='2026-09-05T19:44:00+00:00' AIRFLOW_CTX_TRY_NUMBER='1' AIRFLOW_CTX_DAG_RUN_ID='scheduled__2026-09-05T19:44:00+00:00'
[2026-09-05T21:50:13.594+0200] {logging_mixin.py:190} INFO - Task instance is in running state
[2026-09-05T21:50:13.594+0200] {logging_mixin.py:190} INFO -  Previous state of the Task instance: queued
[2026-09-05T21:50:13.595+0200] {logging_mixin.py:190} INFO - Current task name:wait_for_csv state:running start_date:2026-09-05 19:50:13.554406+00:00
[2026-09-05T21:50:13.595+0200] {logging_mixin.py:190} INFO - Dag name:mini_riskagent_file_ingestion and current dag run status:running
[2026-09-05T21:50:13.595+0200] {taskinstance.py:732} INFO - ::endgroup::
[2026-09-05T21:50:13.597+0200] {python.py:75} INFO - Poking callable: <function check_for_csv_files at 0x112996b60>
[2026-09-05T21:50:13.600+0200] {taskinstance.py:310} INFO - Rescheduling task, marking task as UP_FOR_RESCHEDULE
[2026-09-05T21:50:13.601+0200] {taskinstance.py:341} INFO - ::group::Post task execution logs
[2026-09-05T21:50:13.623+0200] {local_task_job_runner.py:266} INFO - Task exited with return code 0
[2026-09-05T21:50:13.629+0200] {taskinstance.py:3901} INFO - 0 downstream tasks scheduled from follow-on schedule check
[2026-09-05T21:50:13.629+0200] {local_task_job_runner.py:245} INFO - ::endgroup::
[2026-09-05T21:50:46.266+0200] {local_task_job_runner.py:123} INFO - ::group::Pre task execution logs
[2026-09-05T21:50:46.269+0200] {taskinstance.py:2614} INFO - Dependencies all met for dep_context=non-requeueable deps ti=<TaskInstance: mini_riskagent_file_ingestion.wait_for_csv scheduled__2026-09-05T19:44:00+00:00 [queued]>
[2026-09-05T21:50:46.270+0200] {taskinstance.py:2614} INFO - Dependencies all met for dep_context=requeueable deps ti=<TaskInstance: mini_riskagent_file_ingestion.wait_for_csv scheduled__2026-09-05T19:44:00+00:00 [queued]>
[2026-09-05T21:50:46.270+0200] {taskinstance.py:2867} INFO - Starting attempt 1 of 2
[2026-09-05T21:50:46.273+0200] {taskinstance.py:2890} INFO - Executing <Task(PythonSensor): wait_for_csv> on 2026-09-05 19:44:00+00:00
[2026-09-05T21:50:46.278+0200] {logging_mixin.py:190} WARNING - /Users/swarnalidatta/Desktop/AutoQueryChatbot/.airflow-venv/lib/python3.12/site-packages/airflow/task/task_runner/standard_task_runner.py:70 DeprecationWarning: This process (pid=50150) is multi-threaded, use of fork() may lead to deadlocks in the child.
[2026-09-05T21:50:46.279+0200] {standard_task_runner.py:72} INFO - Started process 50153 to run task
[2026-09-05T21:50:46.278+0200] {standard_task_runner.py:104} INFO - Running: ['airflow', 'tasks', 'run', 'mini_riskagent_file_ingestion', 'wait_for_csv', 'scheduled__2026-09-05T19:44:00+00:00', '--job-id', '2988', '--raw', '--subdir', 'DAGS_FOLDER/data_ingest_pipeline.py', '--cfg-path', '/var/folders/5p/201rr1sj03g8gksxm9x48mbh0000gn/T/tmpq21mhov9']
[2026-09-05T21:50:46.279+0200] {standard_task_runner.py:105} INFO - Job 2988: Subtask wait_for_csv
[2026-09-05T21:50:46.293+0200] {task_command.py:467} INFO - Running <TaskInstance: mini_riskagent_file_ingestion.wait_for_csv scheduled__2026-09-05T19:44:00+00:00 [running]> on host mac.home
[2026-09-05T21:50:46.309+0200] {taskinstance.py:3134} INFO - Exporting env vars: AIRFLOW_CTX_DAG_OWNER='autoquery' AIRFLOW_CTX_DAG_ID='mini_riskagent_file_ingestion' AIRFLOW_CTX_TASK_ID='wait_for_csv' AIRFLOW_CTX_EXECUTION_DATE='2026-09-05T19:44:00+00:00' AIRFLOW_CTX_TRY_NUMBER='1' AIRFLOW_CTX_DAG_RUN_ID='scheduled__2026-09-05T19:44:00+00:00'
[2026-09-05T21:50:46.309+0200] {logging_mixin.py:190} INFO - Task instance is in running state
[2026-09-05T21:50:46.310+0200] {logging_mixin.py:190} INFO -  Previous state of the Task instance: queued
[2026-09-05T21:50:46.310+0200] {logging_mixin.py:190} INFO - Current task name:wait_for_csv state:running start_date:2026-09-05 19:50:46.269309+00:00
[2026-09-05T21:50:46.310+0200] {logging_mixin.py:190} INFO - Dag name:mini_riskagent_file_ingestion and current dag run status:running
[2026-09-05T21:50:46.310+0200] {taskinstance.py:732} INFO - ::endgroup::
[2026-09-05T21:50:46.312+0200] {python.py:75} INFO - Poking callable: <function check_for_csv_files at 0x10c396b60>
[2026-09-05T21:50:46.315+0200] {taskinstance.py:310} INFO - Rescheduling task, marking task as UP_FOR_RESCHEDULE
[2026-09-05T21:50:46.315+0200] {taskinstance.py:341} INFO - ::group::Post task execution logs
[2026-09-05T21:50:46.338+0200] {local_task_job_runner.py:266} INFO - Task exited with return code 0
[2026-09-05T21:50:46.344+0200] {taskinstance.py:3901} INFO - 0 downstream tasks scheduled from follow-on schedule check
[2026-09-05T21:50:46.344+0200] {local_task_job_runner.py:245} INFO - ::endgroup::
[2026-09-05T21:51:18.748+0200] {local_task_job_runner.py:123} INFO - ::group::Pre task execution logs
[2026-09-05T21:51:18.751+0200] {taskinstance.py:2614} INFO - Dependencies all met for dep_context=non-requeueable deps ti=<TaskInstance: mini_riskagent_file_ingestion.wait_for_csv scheduled__2026-09-05T19:44:00+00:00 [queued]>
[2026-09-05T21:51:18.753+0200] {taskinstance.py:2614} INFO - Dependencies all met for dep_context=requeueable deps ti=<TaskInstance: mini_riskagent_file_ingestion.wait_for_csv scheduled__2026-09-05T19:44:00+00:00 [queued]>
[2026-09-05T21:51:18.753+0200] {taskinstance.py:2867} INFO - Starting attempt 1 of 2
[2026-09-05T21:51:18.756+0200] {taskinstance.py:2890} INFO - Executing <Task(PythonSensor): wait_for_csv> on 2026-09-05 19:44:00+00:00
[2026-09-05T21:51:18.761+0200] {logging_mixin.py:190} WARNING - /Users/swarnalidatta/Desktop/AutoQueryChatbot/.airflow-venv/lib/python3.12/site-packages/airflow/task/task_runner/standard_task_runner.py:70 DeprecationWarning: This process (pid=50272) is multi-threaded, use of fork() may lead to deadlocks in the child.
[2026-09-05T21:51:18.761+0200] {standard_task_runner.py:72} INFO - Started process 50274 to run task
[2026-09-05T21:51:18.761+0200] {standard_task_runner.py:104} INFO - Running: ['airflow', 'tasks', 'run', 'mini_riskagent_file_ingestion', 'wait_for_csv', 'scheduled__2026-09-05T19:44:00+00:00', '--job-id', '3004', '--raw', '--subdir', 'DAGS_FOLDER/data_ingest_pipeline.py', '--cfg-path', '/var/folders/5p/201rr1sj03g8gksxm9x48mbh0000gn/T/tmpo5llauff']
[2026-09-05T21:51:18.762+0200] {standard_task_runner.py:105} INFO - Job 3004: Subtask wait_for_csv
[2026-09-05T21:51:18.776+0200] {task_command.py:467} INFO - Running <TaskInstance: mini_riskagent_file_ingestion.wait_for_csv scheduled__2026-09-05T19:44:00+00:00 [running]> on host mac.home
[2026-09-05T21:51:18.793+0200] {taskinstance.py:3134} INFO - Exporting env vars: AIRFLOW_CTX_DAG_OWNER='autoquery' AIRFLOW_CTX_DAG_ID='mini_riskagent_file_ingestion' AIRFLOW_CTX_TASK_ID='wait_for_csv' AIRFLOW_CTX_EXECUTION_DATE='2026-09-05T19:44:00+00:00' AIRFLOW_CTX_TRY_NUMBER='1' AIRFLOW_CTX_DAG_RUN_ID='scheduled__2026-09-05T19:44:00+00:00'
[2026-09-05T21:51:18.794+0200] {logging_mixin.py:190} INFO - Task instance is in running state
[2026-09-05T21:51:18.794+0200] {logging_mixin.py:190} INFO -  Previous state of the Task instance: queued
[2026-09-05T21:51:18.794+0200] {logging_mixin.py:190} INFO - Current task name:wait_for_csv state:running start_date:2026-09-05 19:51:18.751908+00:00
[2026-09-05T21:51:18.794+0200] {logging_mixin.py:190} INFO - Dag name:mini_riskagent_file_ingestion and current dag run status:running
[2026-09-05T21:51:18.794+0200] {taskinstance.py:732} INFO - ::endgroup::
[2026-09-05T21:51:18.796+0200] {python.py:75} INFO - Poking callable: <function check_for_csv_files at 0x10aefeb60>
[2026-09-05T21:51:18.799+0200] {taskinstance.py:310} INFO - Rescheduling task, marking task as UP_FOR_RESCHEDULE
[2026-09-05T21:51:18.799+0200] {taskinstance.py:341} INFO - ::group::Post task execution logs
[2026-09-05T21:51:18.821+0200] {local_task_job_runner.py:266} INFO - Task exited with return code 0
[2026-09-05T21:51:18.827+0200] {taskinstance.py:3901} INFO - 0 downstream tasks scheduled from follow-on schedule check
[2026-09-05T21:51:18.828+0200] {local_task_job_runner.py:245} INFO - ::endgroup::
[2026-09-05T21:51:51.386+0200] {local_task_job_runner.py:123} INFO - ::group::Pre task execution logs
[2026-09-05T21:51:51.389+0200] {taskinstance.py:2614} INFO - Dependencies all met for dep_context=non-requeueable deps ti=<TaskInstance: mini_riskagent_file_ingestion.wait_for_csv scheduled__2026-09-05T19:44:00+00:00 [queued]>
[2026-09-05T21:51:51.391+0200] {taskinstance.py:2614} INFO - Dependencies all met for dep_context=requeueable deps ti=<TaskInstance: mini_riskagent_file_ingestion.wait_for_csv scheduled__2026-09-05T19:44:00+00:00 [queued]>
[2026-09-05T21:51:51.391+0200] {taskinstance.py:2867} INFO - Starting attempt 1 of 2
[2026-09-05T21:51:51.394+0200] {taskinstance.py:2890} INFO - Executing <Task(PythonSensor): wait_for_csv> on 2026-09-05 19:44:00+00:00
[2026-09-05T21:51:51.399+0200] {logging_mixin.py:190} WARNING - /Users/swarnalidatta/Desktop/AutoQueryChatbot/.airflow-venv/lib/python3.12/site-packages/airflow/task/task_runner/standard_task_runner.py:70 DeprecationWarning: This process (pid=50383) is multi-threaded, use of fork() may lead to deadlocks in the child.
[2026-09-05T21:51:51.400+0200] {standard_task_runner.py:72} INFO - Started process 50385 to run task
[2026-09-05T21:51:51.399+0200] {standard_task_runner.py:104} INFO - Running: ['airflow', 'tasks', 'run', 'mini_riskagent_file_ingestion', 'wait_for_csv', 'scheduled__2026-09-05T19:44:00+00:00', '--job-id', '3020', '--raw', '--subdir', 'DAGS_FOLDER/data_ingest_pipeline.py', '--cfg-path', '/var/folders/5p/201rr1sj03g8gksxm9x48mbh0000gn/T/tmpksf3n_cu']
[2026-09-05T21:51:51.400+0200] {standard_task_runner.py:105} INFO - Job 3020: Subtask wait_for_csv
[2026-09-05T21:51:51.413+0200] {task_command.py:467} INFO - Running <TaskInstance: mini_riskagent_file_ingestion.wait_for_csv scheduled__2026-09-05T19:44:00+00:00 [running]> on host mac.home
[2026-09-05T21:51:51.430+0200] {taskinstance.py:3134} INFO - Exporting env vars: AIRFLOW_CTX_DAG_OWNER='autoquery' AIRFLOW_CTX_DAG_ID='mini_riskagent_file_ingestion' AIRFLOW_CTX_TASK_ID='wait_for_csv' AIRFLOW_CTX_EXECUTION_DATE='2026-09-05T19:44:00+00:00' AIRFLOW_CTX_TRY_NUMBER='1' AIRFLOW_CTX_DAG_RUN_ID='scheduled__2026-09-05T19:44:00+00:00'
[2026-09-05T21:51:51.430+0200] {logging_mixin.py:190} INFO - Task instance is in running state
[2026-09-05T21:51:51.431+0200] {logging_mixin.py:190} INFO -  Previous state of the Task instance: queued
[2026-09-05T21:51:51.431+0200] {logging_mixin.py:190} INFO - Current task name:wait_for_csv state:running start_date:2026-09-05 19:51:51.389763+00:00
[2026-09-05T21:51:51.431+0200] {logging_mixin.py:190} INFO - Dag name:mini_riskagent_file_ingestion and current dag run status:running
[2026-09-05T21:51:51.431+0200] {taskinstance.py:732} INFO - ::endgroup::
[2026-09-05T21:51:51.433+0200] {python.py:75} INFO - Poking callable: <function check_for_csv_files at 0x10d4c2b60>
[2026-09-05T21:51:51.436+0200] {taskinstance.py:310} INFO - Rescheduling task, marking task as UP_FOR_RESCHEDULE
[2026-09-05T21:51:51.436+0200] {taskinstance.py:341} INFO - ::group::Post task execution logs
[2026-09-05T21:51:51.459+0200] {local_task_job_runner.py:266} INFO - Task exited with return code 0
[2026-09-05T21:51:51.465+0200] {taskinstance.py:3901} INFO - 0 downstream tasks scheduled from follow-on schedule check
[2026-09-05T21:51:51.466+0200] {local_task_job_runner.py:245} INFO - ::endgroup::
[2026-09-05T21:52:23.923+0200] {local_task_job_runner.py:123} INFO - ::group::Pre task execution logs
[2026-09-05T21:52:23.926+0200] {taskinstance.py:2614} INFO - Dependencies all met for dep_context=non-requeueable deps ti=<TaskInstance: mini_riskagent_file_ingestion.wait_for_csv scheduled__2026-09-05T19:44:00+00:00 [queued]>
[2026-09-05T21:52:23.928+0200] {taskinstance.py:2614} INFO - Dependencies all met for dep_context=requeueable deps ti=<TaskInstance: mini_riskagent_file_ingestion.wait_for_csv scheduled__2026-09-05T19:44:00+00:00 [queued]>
[2026-09-05T21:52:23.928+0200] {taskinstance.py:2867} INFO - Starting attempt 1 of 2
[2026-09-05T21:52:23.931+0200] {taskinstance.py:2890} INFO - Executing <Task(PythonSensor): wait_for_csv> on 2026-09-05 19:44:00+00:00
[2026-09-05T21:52:23.936+0200] {logging_mixin.py:190} WARNING - /Users/swarnalidatta/Desktop/AutoQueryChatbot/.airflow-venv/lib/python3.12/site-packages/airflow/task/task_runner/standard_task_runner.py:70 DeprecationWarning: This process (pid=50497) is multi-threaded, use of fork() may lead to deadlocks in the child.
[2026-09-05T21:52:23.937+0200] {standard_task_runner.py:72} INFO - Started process 50499 to run task
[2026-09-05T21:52:23.936+0200] {standard_task_runner.py:104} INFO - Running: ['airflow', 'tasks', 'run', 'mini_riskagent_file_ingestion', 'wait_for_csv', 'scheduled__2026-09-05T19:44:00+00:00', '--job-id', '3036', '--raw', '--subdir', 'DAGS_FOLDER/data_ingest_pipeline.py', '--cfg-path', '/var/folders/5p/201rr1sj03g8gksxm9x48mbh0000gn/T/tmpji4zsobq']
[2026-09-05T21:52:23.937+0200] {standard_task_runner.py:105} INFO - Job 3036: Subtask wait_for_csv
[2026-09-05T21:52:23.951+0200] {task_command.py:467} INFO - Running <TaskInstance: mini_riskagent_file_ingestion.wait_for_csv scheduled__2026-09-05T19:44:00+00:00 [running]> on host mac.home
[2026-09-05T21:52:23.968+0200] {taskinstance.py:3134} INFO - Exporting env vars: AIRFLOW_CTX_DAG_OWNER='autoquery' AIRFLOW_CTX_DAG_ID='mini_riskagent_file_ingestion' AIRFLOW_CTX_TASK_ID='wait_for_csv' AIRFLOW_CTX_EXECUTION_DATE='2026-09-05T19:44:00+00:00' AIRFLOW_CTX_TRY_NUMBER='1' AIRFLOW_CTX_DAG_RUN_ID='scheduled__2026-09-05T19:44:00+00:00'
[2026-09-05T21:52:23.968+0200] {logging_mixin.py:190} INFO - Task instance is in running state
[2026-09-05T21:52:23.969+0200] {logging_mixin.py:190} INFO -  Previous state of the Task instance: queued
[2026-09-05T21:52:23.969+0200] {logging_mixin.py:190} INFO - Current task name:wait_for_csv state:running start_date:2026-09-05 19:52:23.927040+00:00
[2026-09-05T21:52:23.969+0200] {logging_mixin.py:190} INFO - Dag name:mini_riskagent_file_ingestion and current dag run status:running
[2026-09-05T21:52:23.969+0200] {taskinstance.py:732} INFO - ::endgroup::
[2026-09-05T21:52:23.971+0200] {python.py:75} INFO - Poking callable: <function check_for_csv_files at 0x10c996b60>
[2026-09-05T21:52:23.974+0200] {taskinstance.py:310} INFO - Rescheduling task, marking task as UP_FOR_RESCHEDULE
[2026-09-05T21:52:23.974+0200] {taskinstance.py:341} INFO - ::group::Post task execution logs
[2026-09-05T21:52:23.996+0200] {local_task_job_runner.py:266} INFO - Task exited with return code 0
[2026-09-05T21:52:24.003+0200] {taskinstance.py:3901} INFO - 0 downstream tasks scheduled from follow-on schedule check
[2026-09-05T21:52:24.003+0200] {local_task_job_runner.py:245} INFO - ::endgroup::
[2026-09-05T21:52:56.046+0200] {local_task_job_runner.py:123} INFO - ::group::Pre task execution logs
[2026-09-05T21:52:56.048+0200] {taskinstance.py:2614} INFO - Dependencies all met for dep_context=non-requeueable deps ti=<TaskInstance: mini_riskagent_file_ingestion.wait_for_csv scheduled__2026-09-05T19:44:00+00:00 [queued]>
[2026-09-05T21:52:56.050+0200] {taskinstance.py:2614} INFO - Dependencies all met for dep_context=requeueable deps ti=<TaskInstance: mini_riskagent_file_ingestion.wait_for_csv scheduled__2026-09-05T19:44:00+00:00 [queued]>
[2026-09-05T21:52:56.050+0200] {taskinstance.py:2867} INFO - Starting attempt 1 of 2
[2026-09-05T21:52:56.053+0200] {taskinstance.py:2890} INFO - Executing <Task(PythonSensor): wait_for_csv> on 2026-09-05 19:44:00+00:00
[2026-09-05T21:52:56.058+0200] {logging_mixin.py:190} WARNING - /Users/swarnalidatta/Desktop/AutoQueryChatbot/.airflow-venv/lib/python3.12/site-packages/airflow/task/task_runner/standard_task_runner.py:70 DeprecationWarning: This process (pid=50602) is multi-threaded, use of fork() may lead to deadlocks in the child.
[2026-09-05T21:52:56.058+0200] {standard_task_runner.py:72} INFO - Started process 50604 to run task
[2026-09-05T21:52:56.058+0200] {standard_task_runner.py:104} INFO - Running: ['airflow', 'tasks', 'run', 'mini_riskagent_file_ingestion', 'wait_for_csv', 'scheduled__2026-09-05T19:44:00+00:00', '--job-id', '3053', '--raw', '--subdir', 'DAGS_FOLDER/data_ingest_pipeline.py', '--cfg-path', '/var/folders/5p/201rr1sj03g8gksxm9x48mbh0000gn/T/tmprf5vkc38']
[2026-09-05T21:52:56.058+0200] {standard_task_runner.py:105} INFO - Job 3053: Subtask wait_for_csv
[2026-09-05T21:52:56.071+0200] {task_command.py:467} INFO - Running <TaskInstance: mini_riskagent_file_ingestion.wait_for_csv scheduled__2026-09-05T19:44:00+00:00 [running]> on host mac.home
[2026-09-05T21:52:56.087+0200] {taskinstance.py:3134} INFO - Exporting env vars: AIRFLOW_CTX_DAG_OWNER='autoquery' AIRFLOW_CTX_DAG_ID='mini_riskagent_file_ingestion' AIRFLOW_CTX_TASK_ID='wait_for_csv' AIRFLOW_CTX_EXECUTION_DATE='2026-09-05T19:44:00+00:00' AIRFLOW_CTX_TRY_NUMBER='1' AIRFLOW_CTX_DAG_RUN_ID='scheduled__2026-09-05T19:44:00+00:00'
[2026-09-05T21:52:56.088+0200] {logging_mixin.py:190} INFO - Task instance is in running state
[2026-09-05T21:52:56.088+0200] {logging_mixin.py:190} INFO -  Previous state of the Task instance: queued
[2026-09-05T21:52:56.088+0200] {logging_mixin.py:190} INFO - Current task name:wait_for_csv state:running start_date:2026-09-05 19:52:56.049076+00:00
[2026-09-05T21:52:56.088+0200] {logging_mixin.py:190} INFO - Dag name:mini_riskagent_file_ingestion and current dag run status:running
[2026-09-05T21:52:56.088+0200] {taskinstance.py:732} INFO - ::endgroup::
[2026-09-05T21:52:56.090+0200] {python.py:75} INFO - Poking callable: <function check_for_csv_files at 0x10a666b60>
[2026-09-05T21:52:56.093+0200] {taskinstance.py:310} INFO - Rescheduling task, marking task as UP_FOR_RESCHEDULE
[2026-09-05T21:52:56.093+0200] {taskinstance.py:341} INFO - ::group::Post task execution logs
[2026-09-05T21:52:56.117+0200] {local_task_job_runner.py:266} INFO - Task exited with return code 0
[2026-09-05T21:52:56.124+0200] {taskinstance.py:3901} INFO - 0 downstream tasks scheduled from follow-on schedule check
[2026-09-05T21:52:56.124+0200] {local_task_job_runner.py:245} INFO - ::endgroup::
[2026-09-05T21:53:28.759+0200] {local_task_job_runner.py:123} INFO - ::group::Pre task execution logs
[2026-09-05T21:53:28.762+0200] {taskinstance.py:2614} INFO - Dependencies all met for dep_context=non-requeueable deps ti=<TaskInstance: mini_riskagent_file_ingestion.wait_for_csv scheduled__2026-09-05T19:44:00+00:00 [queued]>
[2026-09-05T21:53:28.763+0200] {taskinstance.py:2614} INFO - Dependencies all met for dep_context=requeueable deps ti=<TaskInstance: mini_riskagent_file_ingestion.wait_for_csv scheduled__2026-09-05T19:44:00+00:00 [queued]>
[2026-09-05T21:53:28.764+0200] {taskinstance.py:2867} INFO - Starting attempt 1 of 2
[2026-09-05T21:53:28.767+0200] {taskinstance.py:2890} INFO - Executing <Task(PythonSensor): wait_for_csv> on 2026-09-05 19:44:00+00:00
[2026-09-05T21:53:28.772+0200] {logging_mixin.py:190} WARNING - /Users/swarnalidatta/Desktop/AutoQueryChatbot/.airflow-venv/lib/python3.12/site-packages/airflow/task/task_runner/standard_task_runner.py:70 DeprecationWarning: This process (pid=50712) is multi-threaded, use of fork() may lead to deadlocks in the child.
[2026-09-05T21:53:28.772+0200] {standard_task_runner.py:72} INFO - Started process 50714 to run task
[2026-09-05T21:53:28.771+0200] {standard_task_runner.py:104} INFO - Running: ['airflow', 'tasks', 'run', 'mini_riskagent_file_ingestion', 'wait_for_csv', 'scheduled__2026-09-05T19:44:00+00:00', '--job-id', '3069', '--raw', '--subdir', 'DAGS_FOLDER/data_ingest_pipeline.py', '--cfg-path', '/var/folders/5p/201rr1sj03g8gksxm9x48mbh0000gn/T/tmp6shee4l_']
[2026-09-05T21:53:28.772+0200] {standard_task_runner.py:105} INFO - Job 3069: Subtask wait_for_csv
[2026-09-05T21:53:28.786+0200] {task_command.py:467} INFO - Running <TaskInstance: mini_riskagent_file_ingestion.wait_for_csv scheduled__2026-09-05T19:44:00+00:00 [running]> on host mac.home
[2026-09-05T21:53:28.802+0200] {taskinstance.py:3134} INFO - Exporting env vars: AIRFLOW_CTX_DAG_OWNER='autoquery' AIRFLOW_CTX_DAG_ID='mini_riskagent_file_ingestion' AIRFLOW_CTX_TASK_ID='wait_for_csv' AIRFLOW_CTX_EXECUTION_DATE='2026-09-05T19:44:00+00:00' AIRFLOW_CTX_TRY_NUMBER='1' AIRFLOW_CTX_DAG_RUN_ID='scheduled__2026-09-05T19:44:00+00:00'
[2026-09-05T21:53:28.803+0200] {logging_mixin.py:190} INFO - Task instance is in running state
[2026-09-05T21:53:28.803+0200] {logging_mixin.py:190} INFO -  Previous state of the Task instance: queued
[2026-09-05T21:53:28.803+0200] {logging_mixin.py:190} INFO - Current task name:wait_for_csv state:running start_date:2026-09-05 19:53:28.762655+00:00
[2026-09-05T21:53:28.803+0200] {logging_mixin.py:190} INFO - Dag name:mini_riskagent_file_ingestion and current dag run status:running
[2026-09-05T21:53:28.804+0200] {taskinstance.py:732} INFO - ::endgroup::
[2026-09-05T21:53:28.805+0200] {python.py:75} INFO - Poking callable: <function check_for_csv_files at 0x10d11ab60>
[2026-09-05T21:53:28.808+0200] {taskinstance.py:310} INFO - Rescheduling task, marking task as UP_FOR_RESCHEDULE
[2026-09-05T21:53:28.808+0200] {taskinstance.py:341} INFO - ::group::Post task execution logs
[2026-09-05T21:53:28.831+0200] {local_task_job_runner.py:266} INFO - Task exited with return code 0
[2026-09-05T21:53:28.838+0200] {taskinstance.py:3901} INFO - 0 downstream tasks scheduled from follow-on schedule check
[2026-09-05T21:53:28.838+0200] {local_task_job_runner.py:245} INFO - ::endgroup::
[2026-09-05T21:54:01.185+0200] {local_task_job_runner.py:123} INFO - ::group::Pre task execution logs
[2026-09-05T21:54:01.188+0200] {taskinstance.py:2614} INFO - Dependencies all met for dep_context=non-requeueable deps ti=<TaskInstance: mini_riskagent_file_ingestion.wait_for_csv scheduled__2026-09-05T19:44:00+00:00 [queued]>
[2026-09-05T21:54:01.189+0200] {taskinstance.py:2614} INFO - Dependencies all met for dep_context=requeueable deps ti=<TaskInstance: mini_riskagent_file_ingestion.wait_for_csv scheduled__2026-09-05T19:44:00+00:00 [queued]>
[2026-09-05T21:54:01.189+0200] {taskinstance.py:2867} INFO - Starting attempt 1 of 2
[2026-09-05T21:54:01.192+0200] {taskinstance.py:2890} INFO - Executing <Task(PythonSensor): wait_for_csv> on 2026-09-05 19:44:00+00:00
[2026-09-05T21:54:01.197+0200] {logging_mixin.py:190} WARNING - /Users/swarnalidatta/Desktop/AutoQueryChatbot/.airflow-venv/lib/python3.12/site-packages/airflow/task/task_runner/standard_task_runner.py:70 DeprecationWarning: This process (pid=50817) is multi-threaded, use of fork() may lead to deadlocks in the child.
[2026-09-05T21:54:01.197+0200] {standard_task_runner.py:104} INFO - Running: ['airflow', 'tasks', 'run', 'mini_riskagent_file_ingestion', 'wait_for_csv', 'scheduled__2026-09-05T19:44:00+00:00', '--job-id', '3085', '--raw', '--subdir', 'DAGS_FOLDER/data_ingest_pipeline.py', '--cfg-path', '/var/folders/5p/201rr1sj03g8gksxm9x48mbh0000gn/T/tmpvh5l7_wy']
[2026-09-05T21:54:01.198+0200] {standard_task_runner.py:72} INFO - Started process 50819 to run task
[2026-09-05T21:54:01.198+0200] {standard_task_runner.py:105} INFO - Job 3085: Subtask wait_for_csv
[2026-09-05T21:54:01.211+0200] {task_command.py:467} INFO - Running <TaskInstance: mini_riskagent_file_ingestion.wait_for_csv scheduled__2026-09-05T19:44:00+00:00 [running]> on host mac.home
[2026-09-05T21:54:01.227+0200] {taskinstance.py:3134} INFO - Exporting env vars: AIRFLOW_CTX_DAG_OWNER='autoquery' AIRFLOW_CTX_DAG_ID='mini_riskagent_file_ingestion' AIRFLOW_CTX_TASK_ID='wait_for_csv' AIRFLOW_CTX_EXECUTION_DATE='2026-09-05T19:44:00+00:00' AIRFLOW_CTX_TRY_NUMBER='1' AIRFLOW_CTX_DAG_RUN_ID='scheduled__2026-09-05T19:44:00+00:00'
[2026-09-05T21:54:01.228+0200] {logging_mixin.py:190} INFO - Task instance is in running state
[2026-09-05T21:54:01.228+0200] {logging_mixin.py:190} INFO -  Previous state of the Task instance: queued
[2026-09-05T21:54:01.228+0200] {logging_mixin.py:190} INFO - Current task name:wait_for_csv state:running start_date:2026-09-05 19:54:01.188365+00:00
[2026-09-05T21:54:01.228+0200] {logging_mixin.py:190} INFO - Dag name:mini_riskagent_file_ingestion and current dag run status:running
[2026-09-05T21:54:01.229+0200] {taskinstance.py:732} INFO - ::endgroup::
[2026-09-05T21:54:01.230+0200] {python.py:75} INFO - Poking callable: <function check_for_csv_files at 0x10855ab60>
[2026-09-05T21:54:01.233+0200] {taskinstance.py:310} INFO - Rescheduling task, marking task as UP_FOR_RESCHEDULE
[2026-09-05T21:54:01.234+0200] {taskinstance.py:341} INFO - ::group::Post task execution logs
[2026-09-05T21:54:01.257+0200] {local_task_job_runner.py:266} INFO - Task exited with return code 0
[2026-09-05T21:54:01.264+0200] {taskinstance.py:3901} INFO - 0 downstream tasks scheduled from follow-on schedule check
[2026-09-05T21:54:01.264+0200] {local_task_job_runner.py:245} INFO - ::endgroup::
[2026-09-05T21:54:33.211+0200] {local_task_job_runner.py:123} INFO - ::group::Pre task execution logs
[2026-09-05T21:54:33.214+0200] {taskinstance.py:2614} INFO - Dependencies all met for dep_context=non-requeueable deps ti=<TaskInstance: mini_riskagent_file_ingestion.wait_for_csv scheduled__2026-09-05T19:44:00+00:00 [queued]>
[2026-09-05T21:54:33.215+0200] {taskinstance.py:2614} INFO - Dependencies all met for dep_context=requeueable deps ti=<TaskInstance: mini_riskagent_file_ingestion.wait_for_csv scheduled__2026-09-05T19:44:00+00:00 [queued]>
[2026-09-05T21:54:33.215+0200] {taskinstance.py:2867} INFO - Starting attempt 1 of 2
[2026-09-05T21:54:33.218+0200] {taskinstance.py:2890} INFO - Executing <Task(PythonSensor): wait_for_csv> on 2026-09-05 19:44:00+00:00
[2026-09-05T21:54:33.223+0200] {logging_mixin.py:190} WARNING - /Users/swarnalidatta/Desktop/AutoQueryChatbot/.airflow-venv/lib/python3.12/site-packages/airflow/task/task_runner/standard_task_runner.py:70 DeprecationWarning: This process (pid=50922) is multi-threaded, use of fork() may lead to deadlocks in the child.
[2026-09-05T21:54:33.223+0200] {standard_task_runner.py:72} INFO - Started process 50924 to run task
[2026-09-05T21:54:33.223+0200] {standard_task_runner.py:104} INFO - Running: ['airflow', 'tasks', 'run', 'mini_riskagent_file_ingestion', 'wait_for_csv', 'scheduled__2026-09-05T19:44:00+00:00', '--job-id', '3101', '--raw', '--subdir', 'DAGS_FOLDER/data_ingest_pipeline.py', '--cfg-path', '/var/folders/5p/201rr1sj03g8gksxm9x48mbh0000gn/T/tmp3tjsiago']
[2026-09-05T21:54:33.223+0200] {standard_task_runner.py:105} INFO - Job 3101: Subtask wait_for_csv
[2026-09-05T21:54:33.237+0200] {task_command.py:467} INFO - Running <TaskInstance: mini_riskagent_file_ingestion.wait_for_csv scheduled__2026-09-05T19:44:00+00:00 [running]> on host mac.home
[2026-09-05T21:54:33.253+0200] {taskinstance.py:3134} INFO - Exporting env vars: AIRFLOW_CTX_DAG_OWNER='autoquery' AIRFLOW_CTX_DAG_ID='mini_riskagent_file_ingestion' AIRFLOW_CTX_TASK_ID='wait_for_csv' AIRFLOW_CTX_EXECUTION_DATE='2026-09-05T19:44:00+00:00' AIRFLOW_CTX_TRY_NUMBER='1' AIRFLOW_CTX_DAG_RUN_ID='scheduled__2026-09-05T19:44:00+00:00'
[2026-09-05T21:54:33.254+0200] {logging_mixin.py:190} INFO - Task instance is in running state
[2026-09-05T21:54:33.254+0200] {logging_mixin.py:190} INFO -  Previous state of the Task instance: queued
[2026-09-05T21:54:33.254+0200] {logging_mixin.py:190} INFO - Current task name:wait_for_csv state:running start_date:2026-09-05 19:54:33.214269+00:00
[2026-09-05T21:54:33.254+0200] {logging_mixin.py:190} INFO - Dag name:mini_riskagent_file_ingestion and current dag run status:running
[2026-09-05T21:54:33.255+0200] {taskinstance.py:732} INFO - ::endgroup::
[2026-09-05T21:54:33.256+0200] {python.py:75} INFO - Poking callable: <function check_for_csv_files at 0x10c75eb60>
[2026-09-05T21:54:33.259+0200] {taskinstance.py:310} INFO - Rescheduling task, marking task as UP_FOR_RESCHEDULE
[2026-09-05T21:54:33.260+0200] {taskinstance.py:341} INFO - ::group::Post task execution logs
[2026-09-05T21:54:33.282+0200] {local_task_job_runner.py:266} INFO - Task exited with return code 0
[2026-09-05T21:54:33.289+0200] {taskinstance.py:3901} INFO - 0 downstream tasks scheduled from follow-on schedule check
[2026-09-05T21:54:33.289+0200] {local_task_job_runner.py:245} INFO - ::endgroup::
[2026-09-05T21:55:05.665+0200] {local_task_job_runner.py:123} INFO - ::group::Pre task execution logs
[2026-09-05T21:55:05.667+0200] {taskinstance.py:2614} INFO - Dependencies all met for dep_context=non-requeueable deps ti=<TaskInstance: mini_riskagent_file_ingestion.wait_for_csv scheduled__2026-09-05T19:44:00+00:00 [queued]>
[2026-09-05T21:55:05.669+0200] {taskinstance.py:2614} INFO - Dependencies all met for dep_context=requeueable deps ti=<TaskInstance: mini_riskagent_file_ingestion.wait_for_csv scheduled__2026-09-05T19:44:00+00:00 [queued]>
[2026-09-05T21:55:05.669+0200] {taskinstance.py:2867} INFO - Starting attempt 1 of 2
[2026-09-05T21:55:05.672+0200] {taskinstance.py:2890} INFO - Executing <Task(PythonSensor): wait_for_csv> on 2026-09-05 19:44:00+00:00
[2026-09-05T21:55:05.676+0200] {logging_mixin.py:190} WARNING - /Users/swarnalidatta/Desktop/AutoQueryChatbot/.airflow-venv/lib/python3.12/site-packages/airflow/task/task_runner/standard_task_runner.py:70 DeprecationWarning: This process (pid=51027) is multi-threaded, use of fork() may lead to deadlocks in the child.
[2026-09-05T21:55:05.676+0200] {standard_task_runner.py:72} INFO - Started process 51029 to run task
[2026-09-05T21:55:05.676+0200] {standard_task_runner.py:104} INFO - Running: ['airflow', 'tasks', 'run', 'mini_riskagent_file_ingestion', 'wait_for_csv', 'scheduled__2026-09-05T19:44:00+00:00', '--job-id', '3117', '--raw', '--subdir', 'DAGS_FOLDER/data_ingest_pipeline.py', '--cfg-path', '/var/folders/5p/201rr1sj03g8gksxm9x48mbh0000gn/T/tmp5rlldvmm']
[2026-09-05T21:55:05.677+0200] {standard_task_runner.py:105} INFO - Job 3117: Subtask wait_for_csv
[2026-09-05T21:55:05.690+0200] {task_command.py:467} INFO - Running <TaskInstance: mini_riskagent_file_ingestion.wait_for_csv scheduled__2026-09-05T19:44:00+00:00 [running]> on host mac.home
[2026-09-05T21:55:05.707+0200] {taskinstance.py:3134} INFO - Exporting env vars: AIRFLOW_CTX_DAG_OWNER='autoquery' AIRFLOW_CTX_DAG_ID='mini_riskagent_file_ingestion' AIRFLOW_CTX_TASK_ID='wait_for_csv' AIRFLOW_CTX_EXECUTION_DATE='2026-09-05T19:44:00+00:00' AIRFLOW_CTX_TRY_NUMBER='1' AIRFLOW_CTX_DAG_RUN_ID='scheduled__2026-09-05T19:44:00+00:00'
[2026-09-05T21:55:05.707+0200] {logging_mixin.py:190} INFO - Task instance is in running state
[2026-09-05T21:55:05.708+0200] {logging_mixin.py:190} INFO -  Previous state of the Task instance: queued
[2026-09-05T21:55:05.708+0200] {logging_mixin.py:190} INFO - Current task name:wait_for_csv state:running start_date:2026-09-05 19:55:05.667877+00:00
[2026-09-05T21:55:05.708+0200] {logging_mixin.py:190} INFO - Dag name:mini_riskagent_file_ingestion and current dag run status:running
[2026-09-05T21:55:05.708+0200] {taskinstance.py:732} INFO - ::endgroup::
[2026-09-05T21:55:05.709+0200] {python.py:75} INFO - Poking callable: <function check_for_csv_files at 0x10afceb60>
[2026-09-05T21:55:05.713+0200] {taskinstance.py:310} INFO - Rescheduling task, marking task as UP_FOR_RESCHEDULE
[2026-09-05T21:55:05.713+0200] {taskinstance.py:341} INFO - ::group::Post task execution logs
[2026-09-05T21:55:05.736+0200] {local_task_job_runner.py:266} INFO - Task exited with return code 0
[2026-09-05T21:55:05.742+0200] {taskinstance.py:3901} INFO - 0 downstream tasks scheduled from follow-on schedule check
[2026-09-05T21:55:05.742+0200] {local_task_job_runner.py:245} INFO - ::endgroup::
[2026-09-05T21:55:37.780+0200] {local_task_job_runner.py:123} INFO - ::group::Pre task execution logs
[2026-09-05T21:55:37.783+0200] {taskinstance.py:2614} INFO - Dependencies all met for dep_context=non-requeueable deps ti=<TaskInstance: mini_riskagent_file_ingestion.wait_for_csv scheduled__2026-09-05T19:44:00+00:00 [queued]>
[2026-09-05T21:55:37.784+0200] {taskinstance.py:2614} INFO - Dependencies all met for dep_context=requeueable deps ti=<TaskInstance: mini_riskagent_file_ingestion.wait_for_csv scheduled__2026-09-05T19:44:00+00:00 [queued]>
[2026-09-05T21:55:37.784+0200] {taskinstance.py:2867} INFO - Starting attempt 1 of 2
[2026-09-05T21:55:37.787+0200] {taskinstance.py:2890} INFO - Executing <Task(PythonSensor): wait_for_csv> on 2026-09-05 19:44:00+00:00
[2026-09-05T21:55:37.792+0200] {logging_mixin.py:190} WARNING - /Users/swarnalidatta/Desktop/AutoQueryChatbot/.airflow-venv/lib/python3.12/site-packages/airflow/task/task_runner/standard_task_runner.py:70 DeprecationWarning: This process (pid=51138) is multi-threaded, use of fork() may lead to deadlocks in the child.
[2026-09-05T21:55:37.793+0200] {standard_task_runner.py:72} INFO - Started process 51144 to run task
[2026-09-05T21:55:37.792+0200] {standard_task_runner.py:104} INFO - Running: ['airflow', 'tasks', 'run', 'mini_riskagent_file_ingestion', 'wait_for_csv', 'scheduled__2026-09-05T19:44:00+00:00', '--job-id', '3133', '--raw', '--subdir', 'DAGS_FOLDER/data_ingest_pipeline.py', '--cfg-path', '/var/folders/5p/201rr1sj03g8gksxm9x48mbh0000gn/T/tmp2h31naeh']
[2026-09-05T21:55:37.793+0200] {standard_task_runner.py:105} INFO - Job 3133: Subtask wait_for_csv
[2026-09-05T21:55:37.807+0200] {task_command.py:467} INFO - Running <TaskInstance: mini_riskagent_file_ingestion.wait_for_csv scheduled__2026-09-05T19:44:00+00:00 [running]> on host mac.home
[2026-09-05T21:55:37.824+0200] {taskinstance.py:3134} INFO - Exporting env vars: AIRFLOW_CTX_DAG_OWNER='autoquery' AIRFLOW_CTX_DAG_ID='mini_riskagent_file_ingestion' AIRFLOW_CTX_TASK_ID='wait_for_csv' AIRFLOW_CTX_EXECUTION_DATE='2026-09-05T19:44:00+00:00' AIRFLOW_CTX_TRY_NUMBER='1' AIRFLOW_CTX_DAG_RUN_ID='scheduled__2026-09-05T19:44:00+00:00'
[2026-09-05T21:55:37.824+0200] {logging_mixin.py:190} INFO - Task instance is in running state
[2026-09-05T21:55:37.825+0200] {logging_mixin.py:190} INFO -  Previous state of the Task instance: queued
[2026-09-05T21:55:37.825+0200] {logging_mixin.py:190} INFO - Current task name:wait_for_csv state:running start_date:2026-09-05 19:55:37.783234+00:00
[2026-09-05T21:55:37.825+0200] {logging_mixin.py:190} INFO - Dag name:mini_riskagent_file_ingestion and current dag run status:running
[2026-09-05T21:55:37.825+0200] {taskinstance.py:732} INFO - ::endgroup::
[2026-09-05T21:55:37.827+0200] {python.py:75} INFO - Poking callable: <function check_for_csv_files at 0x114142b60>
[2026-09-05T21:55:37.831+0200] {taskinstance.py:310} INFO - Rescheduling task, marking task as UP_FOR_RESCHEDULE
[2026-09-05T21:55:37.831+0200] {taskinstance.py:341} INFO - ::group::Post task execution logs
[2026-09-05T21:55:37.852+0200] {local_task_job_runner.py:266} INFO - Task exited with return code 0
[2026-09-05T21:55:37.859+0200] {taskinstance.py:3901} INFO - 0 downstream tasks scheduled from follow-on schedule check
[2026-09-05T21:55:37.859+0200] {local_task_job_runner.py:245} INFO - ::endgroup::
[2026-09-05T21:56:09.792+0200] {local_task_job_runner.py:123} INFO - ::group::Pre task execution logs
[2026-09-05T21:56:09.794+0200] {taskinstance.py:2614} INFO - Dependencies all met for dep_context=non-requeueable deps ti=<TaskInstance: mini_riskagent_file_ingestion.wait_for_csv scheduled__2026-09-05T19:44:00+00:00 [queued]>
[2026-09-05T21:56:09.796+0200] {taskinstance.py:2614} INFO - Dependencies all met for dep_context=requeueable deps ti=<TaskInstance: mini_riskagent_file_ingestion.wait_for_csv scheduled__2026-09-05T19:44:00+00:00 [queued]>
[2026-09-05T21:56:09.796+0200] {taskinstance.py:2867} INFO - Starting attempt 1 of 2
[2026-09-05T21:56:09.799+0200] {taskinstance.py:2890} INFO - Executing <Task(PythonSensor): wait_for_csv> on 2026-09-05 19:44:00+00:00
[2026-09-05T21:56:09.804+0200] {logging_mixin.py:190} WARNING - /Users/swarnalidatta/Desktop/AutoQueryChatbot/.airflow-venv/lib/python3.12/site-packages/airflow/task/task_runner/standard_task_runner.py:70 DeprecationWarning: This process (pid=51250) is multi-threaded, use of fork() may lead to deadlocks in the child.
[2026-09-05T21:56:09.804+0200] {standard_task_runner.py:72} INFO - Started process 51252 to run task
[2026-09-05T21:56:09.803+0200] {standard_task_runner.py:104} INFO - Running: ['airflow', 'tasks', 'run', 'mini_riskagent_file_ingestion', 'wait_for_csv', 'scheduled__2026-09-05T19:44:00+00:00', '--job-id', '3149', '--raw', '--subdir', 'DAGS_FOLDER/data_ingest_pipeline.py', '--cfg-path', '/var/folders/5p/201rr1sj03g8gksxm9x48mbh0000gn/T/tmp6tm3fpgn']
[2026-09-05T21:56:09.804+0200] {standard_task_runner.py:105} INFO - Job 3149: Subtask wait_for_csv
[2026-09-05T21:56:09.818+0200] {task_command.py:467} INFO - Running <TaskInstance: mini_riskagent_file_ingestion.wait_for_csv scheduled__2026-09-05T19:44:00+00:00 [running]> on host mac.home
[2026-09-05T21:56:09.835+0200] {taskinstance.py:3134} INFO - Exporting env vars: AIRFLOW_CTX_DAG_OWNER='autoquery' AIRFLOW_CTX_DAG_ID='mini_riskagent_file_ingestion' AIRFLOW_CTX_TASK_ID='wait_for_csv' AIRFLOW_CTX_EXECUTION_DATE='2026-09-05T19:44:00+00:00' AIRFLOW_CTX_TRY_NUMBER='1' AIRFLOW_CTX_DAG_RUN_ID='scheduled__2026-09-05T19:44:00+00:00'
[2026-09-05T21:56:09.835+0200] {logging_mixin.py:190} INFO - Task instance is in running state
[2026-09-05T21:56:09.836+0200] {logging_mixin.py:190} INFO -  Previous state of the Task instance: queued
[2026-09-05T21:56:09.836+0200] {logging_mixin.py:190} INFO - Current task name:wait_for_csv state:running start_date:2026-09-05 19:56:09.794949+00:00
[2026-09-05T21:56:09.836+0200] {logging_mixin.py:190} INFO - Dag name:mini_riskagent_file_ingestion and current dag run status:running
[2026-09-05T21:56:09.836+0200] {taskinstance.py:732} INFO - ::endgroup::
[2026-09-05T21:56:09.838+0200] {python.py:75} INFO - Poking callable: <function check_for_csv_files at 0x10d25eb60>
[2026-09-05T21:56:09.841+0200] {taskinstance.py:310} INFO - Rescheduling task, marking task as UP_FOR_RESCHEDULE
[2026-09-05T21:56:09.841+0200] {taskinstance.py:341} INFO - ::group::Post task execution logs
[2026-09-05T21:56:09.863+0200] {local_task_job_runner.py:266} INFO - Task exited with return code 0
[2026-09-05T21:56:09.870+0200] {taskinstance.py:3901} INFO - 0 downstream tasks scheduled from follow-on schedule check
[2026-09-05T21:56:09.870+0200] {local_task_job_runner.py:245} INFO - ::endgroup::
[2026-09-05T21:56:42.163+0200] {local_task_job_runner.py:123} INFO - ::group::Pre task execution logs
[2026-09-05T21:56:42.166+0200] {taskinstance.py:2614} INFO - Dependencies all met for dep_context=non-requeueable deps ti=<TaskInstance: mini_riskagent_file_ingestion.wait_for_csv scheduled__2026-09-05T19:44:00+00:00 [queued]>
[2026-09-05T21:56:42.167+0200] {taskinstance.py:2614} INFO - Dependencies all met for dep_context=requeueable deps ti=<TaskInstance: mini_riskagent_file_ingestion.wait_for_csv scheduled__2026-09-05T19:44:00+00:00 [queued]>
[2026-09-05T21:56:42.167+0200] {taskinstance.py:2867} INFO - Starting attempt 1 of 2
[2026-09-05T21:56:42.171+0200] {taskinstance.py:2890} INFO - Executing <Task(PythonSensor): wait_for_csv> on 2026-09-05 19:44:00+00:00
[2026-09-05T21:56:42.175+0200] {logging_mixin.py:190} WARNING - /Users/swarnalidatta/Desktop/AutoQueryChatbot/.airflow-venv/lib/python3.12/site-packages/airflow/task/task_runner/standard_task_runner.py:70 DeprecationWarning: This process (pid=51356) is multi-threaded, use of fork() may lead to deadlocks in the child.
[2026-09-05T21:56:42.176+0200] {standard_task_runner.py:72} INFO - Started process 51358 to run task
[2026-09-05T21:56:42.175+0200] {standard_task_runner.py:104} INFO - Running: ['airflow', 'tasks', 'run', 'mini_riskagent_file_ingestion', 'wait_for_csv', 'scheduled__2026-09-05T19:44:00+00:00', '--job-id', '3165', '--raw', '--subdir', 'DAGS_FOLDER/data_ingest_pipeline.py', '--cfg-path', '/var/folders/5p/201rr1sj03g8gksxm9x48mbh0000gn/T/tmppkbk27p8']
[2026-09-05T21:56:42.176+0200] {standard_task_runner.py:105} INFO - Job 3165: Subtask wait_for_csv
[2026-09-05T21:56:42.190+0200] {task_command.py:467} INFO - Running <TaskInstance: mini_riskagent_file_ingestion.wait_for_csv scheduled__2026-09-05T19:44:00+00:00 [running]> on host mac.home
[2026-09-05T21:56:42.206+0200] {taskinstance.py:3134} INFO - Exporting env vars: AIRFLOW_CTX_DAG_OWNER='autoquery' AIRFLOW_CTX_DAG_ID='mini_riskagent_file_ingestion' AIRFLOW_CTX_TASK_ID='wait_for_csv' AIRFLOW_CTX_EXECUTION_DATE='2026-09-05T19:44:00+00:00' AIRFLOW_CTX_TRY_NUMBER='1' AIRFLOW_CTX_DAG_RUN_ID='scheduled__2026-09-05T19:44:00+00:00'
[2026-09-05T21:56:42.206+0200] {logging_mixin.py:190} INFO - Task instance is in running state
[2026-09-05T21:56:42.206+0200] {logging_mixin.py:190} INFO -  Previous state of the Task instance: queued
[2026-09-05T21:56:42.206+0200] {logging_mixin.py:190} INFO - Current task name:wait_for_csv state:running start_date:2026-09-05 19:56:42.166530+00:00
[2026-09-05T21:56:42.207+0200] {logging_mixin.py:190} INFO - Dag name:mini_riskagent_file_ingestion and current dag run status:running
[2026-09-05T21:56:42.207+0200] {taskinstance.py:732} INFO - ::endgroup::
[2026-09-05T21:56:42.208+0200] {python.py:75} INFO - Poking callable: <function check_for_csv_files at 0x10caeab60>
[2026-09-05T21:56:42.211+0200] {taskinstance.py:310} INFO - Rescheduling task, marking task as UP_FOR_RESCHEDULE
[2026-09-05T21:56:42.212+0200] {taskinstance.py:341} INFO - ::group::Post task execution logs
[2026-09-05T21:56:42.235+0200] {local_task_job_runner.py:266} INFO - Task exited with return code 0
[2026-09-05T21:56:42.241+0200] {taskinstance.py:3901} INFO - 0 downstream tasks scheduled from follow-on schedule check
[2026-09-05T21:56:42.242+0200] {local_task_job_runner.py:245} INFO - ::endgroup::
[2026-09-05T21:57:14.337+0200] {local_task_job_runner.py:123} INFO - ::group::Pre task execution logs
[2026-09-05T21:57:14.340+0200] {taskinstance.py:2614} INFO - Dependencies all met for dep_context=non-requeueable deps ti=<TaskInstance: mini_riskagent_file_ingestion.wait_for_csv scheduled__2026-09-05T19:44:00+00:00 [queued]>
[2026-09-05T21:57:14.342+0200] {taskinstance.py:2614} INFO - Dependencies all met for dep_context=requeueable deps ti=<TaskInstance: mini_riskagent_file_ingestion.wait_for_csv scheduled__2026-09-05T19:44:00+00:00 [queued]>
[2026-09-05T21:57:14.342+0200] {taskinstance.py:2867} INFO - Starting attempt 1 of 2
[2026-09-05T21:57:14.345+0200] {taskinstance.py:2890} INFO - Executing <Task(PythonSensor): wait_for_csv> on 2026-09-05 19:44:00+00:00
[2026-09-05T21:57:14.350+0200] {logging_mixin.py:190} WARNING - /Users/swarnalidatta/Desktop/AutoQueryChatbot/.airflow-venv/lib/python3.12/site-packages/airflow/task/task_runner/standard_task_runner.py:70 DeprecationWarning: This process (pid=51461) is multi-threaded, use of fork() may lead to deadlocks in the child.
[2026-09-05T21:57:14.350+0200] {standard_task_runner.py:72} INFO - Started process 51463 to run task
[2026-09-05T21:57:14.349+0200] {standard_task_runner.py:104} INFO - Running: ['airflow', 'tasks', 'run', 'mini_riskagent_file_ingestion', 'wait_for_csv', 'scheduled__2026-09-05T19:44:00+00:00', '--job-id', '3181', '--raw', '--subdir', 'DAGS_FOLDER/data_ingest_pipeline.py', '--cfg-path', '/var/folders/5p/201rr1sj03g8gksxm9x48mbh0000gn/T/tmpepc5aeyw']
[2026-09-05T21:57:14.350+0200] {standard_task_runner.py:105} INFO - Job 3181: Subtask wait_for_csv
[2026-09-05T21:57:14.365+0200] {task_command.py:467} INFO - Running <TaskInstance: mini_riskagent_file_ingestion.wait_for_csv scheduled__2026-09-05T19:44:00+00:00 [running]> on host mac.home
[2026-09-05T21:57:14.381+0200] {taskinstance.py:3134} INFO - Exporting env vars: AIRFLOW_CTX_DAG_OWNER='autoquery' AIRFLOW_CTX_DAG_ID='mini_riskagent_file_ingestion' AIRFLOW_CTX_TASK_ID='wait_for_csv' AIRFLOW_CTX_EXECUTION_DATE='2026-09-05T19:44:00+00:00' AIRFLOW_CTX_TRY_NUMBER='1' AIRFLOW_CTX_DAG_RUN_ID='scheduled__2026-09-05T19:44:00+00:00'
[2026-09-05T21:57:14.382+0200] {logging_mixin.py:190} INFO - Task instance is in running state
[2026-09-05T21:57:14.382+0200] {logging_mixin.py:190} INFO -  Previous state of the Task instance: queued
[2026-09-05T21:57:14.382+0200] {logging_mixin.py:190} INFO - Current task name:wait_for_csv state:running start_date:2026-09-05 19:57:14.340746+00:00
[2026-09-05T21:57:14.382+0200] {logging_mixin.py:190} INFO - Dag name:mini_riskagent_file_ingestion and current dag run status:running
[2026-09-05T21:57:14.382+0200] {taskinstance.py:732} INFO - ::endgroup::
[2026-09-05T21:57:14.384+0200] {python.py:75} INFO - Poking callable: <function check_for_csv_files at 0x10a746b60>
[2026-09-05T21:57:14.387+0200] {taskinstance.py:310} INFO - Rescheduling task, marking task as UP_FOR_RESCHEDULE
[2026-09-05T21:57:14.387+0200] {taskinstance.py:341} INFO - ::group::Post task execution logs
[2026-09-05T21:57:14.409+0200] {local_task_job_runner.py:266} INFO - Task exited with return code 0
[2026-09-05T21:57:14.416+0200] {taskinstance.py:3901} INFO - 0 downstream tasks scheduled from follow-on schedule check
[2026-09-05T21:57:14.416+0200] {local_task_job_runner.py:245} INFO - ::endgroup::
[2026-09-05T21:57:47.161+0200] {local_task_job_runner.py:123} INFO - ::group::Pre task execution logs
[2026-09-05T21:57:47.164+0200] {taskinstance.py:2614} INFO - Dependencies all met for dep_context=non-requeueable deps ti=<TaskInstance: mini_riskagent_file_ingestion.wait_for_csv scheduled__2026-09-05T19:44:00+00:00 [queued]>
[2026-09-05T21:57:47.165+0200] {taskinstance.py:2614} INFO - Dependencies all met for dep_context=requeueable deps ti=<TaskInstance: mini_riskagent_file_ingestion.wait_for_csv scheduled__2026-09-05T19:44:00+00:00 [queued]>
[2026-09-05T21:57:47.165+0200] {taskinstance.py:2867} INFO - Starting attempt 1 of 2
[2026-09-05T21:57:47.169+0200] {taskinstance.py:2890} INFO - Executing <Task(PythonSensor): wait_for_csv> on 2026-09-05 19:44:00+00:00
[2026-09-05T21:57:47.173+0200] {logging_mixin.py:190} WARNING - /Users/swarnalidatta/Desktop/AutoQueryChatbot/.airflow-venv/lib/python3.12/site-packages/airflow/task/task_runner/standard_task_runner.py:70 DeprecationWarning: This process (pid=51577) is multi-threaded, use of fork() may lead to deadlocks in the child.
[2026-09-05T21:57:47.174+0200] {standard_task_runner.py:72} INFO - Started process 51579 to run task
[2026-09-05T21:57:47.173+0200] {standard_task_runner.py:104} INFO - Running: ['airflow', 'tasks', 'run', 'mini_riskagent_file_ingestion', 'wait_for_csv', 'scheduled__2026-09-05T19:44:00+00:00', '--job-id', '3197', '--raw', '--subdir', 'DAGS_FOLDER/data_ingest_pipeline.py', '--cfg-path', '/var/folders/5p/201rr1sj03g8gksxm9x48mbh0000gn/T/tmpb4336_n7']
[2026-09-05T21:57:47.174+0200] {standard_task_runner.py:105} INFO - Job 3197: Subtask wait_for_csv
[2026-09-05T21:57:47.187+0200] {task_command.py:467} INFO - Running <TaskInstance: mini_riskagent_file_ingestion.wait_for_csv scheduled__2026-09-05T19:44:00+00:00 [running]> on host mac.home
[2026-09-05T21:57:47.202+0200] {taskinstance.py:3134} INFO - Exporting env vars: AIRFLOW_CTX_DAG_OWNER='autoquery' AIRFLOW_CTX_DAG_ID='mini_riskagent_file_ingestion' AIRFLOW_CTX_TASK_ID='wait_for_csv' AIRFLOW_CTX_EXECUTION_DATE='2026-09-05T19:44:00+00:00' AIRFLOW_CTX_TRY_NUMBER='1' AIRFLOW_CTX_DAG_RUN_ID='scheduled__2026-09-05T19:44:00+00:00'
[2026-09-05T21:57:47.203+0200] {logging_mixin.py:190} INFO - Task instance is in running state
[2026-09-05T21:57:47.203+0200] {logging_mixin.py:190} INFO -  Previous state of the Task instance: queued
[2026-09-05T21:57:47.203+0200] {logging_mixin.py:190} INFO - Current task name:wait_for_csv state:running start_date:2026-09-05 19:57:47.164552+00:00
[2026-09-05T21:57:47.203+0200] {logging_mixin.py:190} INFO - Dag name:mini_riskagent_file_ingestion and current dag run status:running
[2026-09-05T21:57:47.204+0200] {taskinstance.py:732} INFO - ::endgroup::
[2026-09-05T21:57:47.205+0200] {python.py:75} INFO - Poking callable: <function check_for_csv_files at 0x10c622b60>
[2026-09-05T21:57:47.208+0200] {taskinstance.py:310} INFO - Rescheduling task, marking task as UP_FOR_RESCHEDULE
[2026-09-05T21:57:47.209+0200] {taskinstance.py:341} INFO - ::group::Post task execution logs
[2026-09-05T21:57:47.233+0200] {local_task_job_runner.py:266} INFO - Task exited with return code 0
[2026-09-05T21:57:47.239+0200] {taskinstance.py:3901} INFO - 0 downstream tasks scheduled from follow-on schedule check
[2026-09-05T21:57:47.239+0200] {local_task_job_runner.py:245} INFO - ::endgroup::
[2026-09-17T19:21:59.870+0200] {local_task_job_runner.py:123} INFO - ::group::Pre task execution logs
[2026-09-17T19:21:59.873+0200] {taskinstance.py:2614} INFO - Dependencies all met for dep_context=non-requeueable deps ti=<TaskInstance: mini_riskagent_file_ingestion.wait_for_csv scheduled__2026-09-05T19:44:00+00:00 [queued]>
[2026-09-17T19:21:59.875+0200] {taskinstance.py:2614} INFO - Dependencies all met for dep_context=requeueable deps ti=<TaskInstance: mini_riskagent_file_ingestion.wait_for_csv scheduled__2026-09-05T19:44:00+00:00 [queued]>
[2026-09-17T19:21:59.875+0200] {taskinstance.py:2867} INFO - Starting attempt 1 of 2
[2026-09-17T19:21:59.878+0200] {taskinstance.py:2890} INFO - Executing <Task(PythonSensor): wait_for_csv> on 2026-09-05 19:44:00+00:00
[2026-09-17T19:21:59.883+0200] {logging_mixin.py:190} WARNING - /Users/swarnalidatta/Desktop/AutoQueryChatbot/.airflow-venv/lib/python3.12/site-packages/airflow/task/task_runner/standard_task_runner.py:70 DeprecationWarning: This process (pid=73875) is multi-threaded, use of fork() may lead to deadlocks in the child.
[2026-09-17T19:21:59.883+0200] {standard_task_runner.py:72} INFO - Started process 73877 to run task
[2026-09-17T19:21:59.882+0200] {standard_task_runner.py:104} INFO - Running: ['airflow', 'tasks', 'run', 'mini_riskagent_file_ingestion', 'wait_for_csv', 'scheduled__2026-09-05T19:44:00+00:00', '--job-id', '3220', '--raw', '--subdir', 'DAGS_FOLDER/data_ingest_pipeline.py', '--cfg-path', '/var/folders/5p/201rr1sj03g8gksxm9x48mbh0000gn/T/tmprh_bpw3k']
[2026-09-17T19:21:59.883+0200] {standard_task_runner.py:105} INFO - Job 3220: Subtask wait_for_csv
[2026-09-17T19:21:59.898+0200] {task_command.py:467} INFO - Running <TaskInstance: mini_riskagent_file_ingestion.wait_for_csv scheduled__2026-09-05T19:44:00+00:00 [running]> on host mac.home
[2026-09-17T19:21:59.915+0200] {taskinstance.py:3134} INFO - Exporting env vars: AIRFLOW_CTX_DAG_OWNER='autoquery' AIRFLOW_CTX_DAG_ID='mini_riskagent_file_ingestion' AIRFLOW_CTX_TASK_ID='wait_for_csv' AIRFLOW_CTX_EXECUTION_DATE='2026-09-05T19:44:00+00:00' AIRFLOW_CTX_TRY_NUMBER='1' AIRFLOW_CTX_DAG_RUN_ID='scheduled__2026-09-05T19:44:00+00:00'
[2026-09-17T19:21:59.916+0200] {logging_mixin.py:190} INFO - Task instance is in running state
[2026-09-17T19:21:59.916+0200] {logging_mixin.py:190} INFO -  Previous state of the Task instance: queued
[2026-09-17T19:21:59.916+0200] {logging_mixin.py:190} INFO - Current task name:wait_for_csv state:running start_date:2026-09-17 17:21:59.874021+00:00
[2026-09-17T19:21:59.916+0200] {logging_mixin.py:190} INFO - Dag name:mini_riskagent_file_ingestion and current dag run status:running
[2026-09-17T19:21:59.916+0200] {taskinstance.py:732} INFO - ::endgroup::
[2026-09-17T19:21:59.918+0200] {python.py:75} INFO - Poking callable: <function check_for_csv_files at 0x10c93eb60>
[2026-09-17T19:21:59.918+0200] {taskinstance.py:3313} ERROR - Task failed with exception
Traceback (most recent call last):
  File "/Users/swarnalidatta/Desktop/AutoQueryChatbot/.airflow-venv/lib/python3.12/site-packages/airflow/models/taskinstance.py", line 768, in _execute_task
    result = _execute_callable(context=context, **execute_callable_kwargs)
             ^^^^^^^^^^^^^^^^^^^^^^^^^^^^^^^^^^^^^^^^^^^^^^^^^^^^^^^^^^^^^
  File "/Users/swarnalidatta/Desktop/AutoQueryChatbot/.airflow-venv/lib/python3.12/site-packages/airflow/models/taskinstance.py", line 734, in _execute_callable
    return ExecutionCallableRunner(
           ^^^^^^^^^^^^^^^^^^^^^^^^
  File "/Users/swarnalidatta/Desktop/AutoQueryChatbot/.airflow-venv/lib/python3.12/site-packages/airflow/utils/operator_helpers.py", line 252, in run
    return self.func(*args, **kwargs)
           ^^^^^^^^^^^^^^^^^^^^^^^^^^
  File "/Users/swarnalidatta/Desktop/AutoQueryChatbot/.airflow-venv/lib/python3.12/site-packages/airflow/models/baseoperator.py", line 424, in wrapper
    return func(self, *args, **kwargs)
           ^^^^^^^^^^^^^^^^^^^^^^^^^^^
  File "/Users/swarnalidatta/Desktop/AutoQueryChatbot/.airflow-venv/lib/python3.12/site-packages/airflow/sensors/base.py", line 326, in execute
    raise AirflowSensorTimeout(message)
airflow.exceptions.AirflowSensorTimeout: Sensor has timed out; run duration of 1028167.442405 seconds exceeds the specified timeout of 3600.0.
[2026-09-17T19:21:59.920+0200] {logging_mixin.py:190} INFO - Task instance in failure state
[2026-09-17T19:21:59.920+0200] {logging_mixin.py:190} INFO - Task start:2026-09-17 17:21:59.874021+00:00 end:2026-09-17 17:21:59.920422+00:00 duration:0.046401
[2026-09-17T19:21:59.920+0200] {logging_mixin.py:190} INFO - Task:<Task(PythonSensor): wait_for_csv> dag:<DAG: mini_riskagent_file_ingestion> dagrun:<DagRun mini_riskagent_file_ingestion @ 2026-09-05 19:44:00+00:00: scheduled__2026-09-05T19:44:00+00:00, state:running, queued_at: 2026-09-05 19:45:51.517544+00:00. externally triggered: False>
[2026-09-17T19:21:59.921+0200] {logging_mixin.py:190} INFO - Failure caused by Sensor has timed out; run duration of 1028167.442405 seconds exceeds the specified timeout of 3600.0.
[2026-09-17T19:21:59.921+0200] {taskinstance.py:1226} INFO - Immediate failure requested. Marking task as FAILED. dag_id=mini_riskagent_file_ingestion, task_id=wait_for_csv, run_id=scheduled__2026-09-05T19:44:00+00:00, execution_date=20260905T194400, start_date=20260917T172159, end_date=20260917T172159
[2026-09-17T19:21:59.925+0200] {taskinstance.py:341} INFO - ::group::Post task execution logs
[2026-09-17T19:21:59.925+0200] {standard_task_runner.py:124} ERROR - Failed to execute job 3220 for task wait_for_csv (Sensor has timed out; run duration of 1028167.442405 seconds exceeds the specified timeout of 3600.0.; 73877)
Traceback (most recent call last):
  File "/Users/swarnalidatta/Desktop/AutoQueryChatbot/.airflow-venv/lib/python3.12/site-packages/airflow/task/task_runner/standard_task_runner.py", line 117, in _start_by_fork
    ret = args.func(args, dag=self.dag)
          ^^^^^^^^^^^^^^^^^^^^^^^^^^^^^
  File "/Users/swarnalidatta/Desktop/AutoQueryChatbot/.airflow-venv/lib/python3.12/site-packages/airflow/cli/cli_config.py", line 49, in command
    return func(*args, **kwargs)
           ^^^^^^^^^^^^^^^^^^^^^
  File "/Users/swarnalidatta/Desktop/AutoQueryChatbot/.airflow-venv/lib/python3.12/site-packages/airflow/utils/cli.py", line 116, in wrapper
    return f(*args, **kwargs)
           ^^^^^^^^^^^^^^^^^^
  File "/Users/swarnalidatta/Desktop/AutoQueryChatbot/.airflow-venv/lib/python3.12/site-packages/airflow/cli/commands/task_command.py", line 483, in task_run
    task_return_code = _run_task_by_selected_method(args, _dag, ti)
                       ^^^^^^^^^^^^^^^^^^^^^^^^^^^^^^^^^^^^^^^^^^^^
  File "/Users/swarnalidatta/Desktop/AutoQueryChatbot/.airflow-venv/lib/python3.12/site-packages/airflow/cli/commands/task_command.py", line 256, in _run_task_by_selected_method
    return _run_raw_task(args, ti)
           ^^^^^^^^^^^^^^^^^^^^^^^
  File "/Users/swarnalidatta/Desktop/AutoQueryChatbot/.airflow-venv/lib/python3.12/site-packages/airflow/cli/commands/task_command.py", line 341, in _run_raw_task
    return ti._run_raw_task(
           ^^^^^^^^^^^^^^^^^
  File "/Users/swarnalidatta/Desktop/AutoQueryChatbot/.airflow-venv/lib/python3.12/site-packages/airflow/utils/session.py", line 97, in wrapper
    return func(*args, session=session, **kwargs)
           ^^^^^^^^^^^^^^^^^^^^^^^^^^^^^^^^^^^^^^
  File "/Users/swarnalidatta/Desktop/AutoQueryChatbot/.airflow-venv/lib/python3.12/site-packages/airflow/models/taskinstance.py", line 3006, in _run_raw_task
    return _run_raw_task(
           ^^^^^^^^^^^^^^
  File "/Users/swarnalidatta/Desktop/AutoQueryChatbot/.airflow-venv/lib/python3.12/site-packages/airflow/models/taskinstance.py", line 274, in _run_raw_task
    TaskInstance._execute_task_with_callbacks(
  File "/Users/swarnalidatta/Desktop/AutoQueryChatbot/.airflow-venv/lib/python3.12/site-packages/airflow/models/taskinstance.py", line 3161, in _execute_task_with_callbacks
    result = self._execute_task(context, task_orig)
             ^^^^^^^^^^^^^^^^^^^^^^^^^^^^^^^^^^^^^^
  File "/Users/swarnalidatta/Desktop/AutoQueryChatbot/.airflow-venv/lib/python3.12/site-packages/airflow/models/taskinstance.py", line 3185, in _execute_task
    return _execute_task(self, context, task_orig)
           ^^^^^^^^^^^^^^^^^^^^^^^^^^^^^^^^^^^^^^^
  File "/Users/swarnalidatta/Desktop/AutoQueryChatbot/.airflow-venv/lib/python3.12/site-packages/airflow/models/taskinstance.py", line 768, in _execute_task
    result = _execute_callable(context=context, **execute_callable_kwargs)
             ^^^^^^^^^^^^^^^^^^^^^^^^^^^^^^^^^^^^^^^^^^^^^^^^^^^^^^^^^^^^^
  File "/Users/swarnalidatta/Desktop/AutoQueryChatbot/.airflow-venv/lib/python3.12/site-packages/airflow/models/taskinstance.py", line 734, in _execute_callable
    return ExecutionCallableRunner(
           ^^^^^^^^^^^^^^^^^^^^^^^^
  File "/Users/swarnalidatta/Desktop/AutoQueryChatbot/.airflow-venv/lib/python3.12/site-packages/airflow/utils/operator_helpers.py", line 252, in run
    return self.func(*args, **kwargs)
           ^^^^^^^^^^^^^^^^^^^^^^^^^^
  File "/Users/swarnalidatta/Desktop/AutoQueryChatbot/.airflow-venv/lib/python3.12/site-packages/airflow/models/baseoperator.py", line 424, in wrapper
    return func(self, *args, **kwargs)
           ^^^^^^^^^^^^^^^^^^^^^^^^^^^
  File "/Users/swarnalidatta/Desktop/AutoQueryChatbot/.airflow-venv/lib/python3.12/site-packages/airflow/sensors/base.py", line 326, in execute
    raise AirflowSensorTimeout(message)
airflow.exceptions.AirflowSensorTimeout: Sensor has timed out; run duration of 1028167.442405 seconds exceeds the specified timeout of 3600.0.
[2026-09-17T19:21:59.939+0200] {local_task_job_runner.py:266} INFO - Task exited with return code 1
[2026-09-17T19:21:59.946+0200] {taskinstance.py:3901} INFO - 0 downstream tasks scheduled from follow-on schedule check
[2026-09-17T19:21:59.947+0200] {local_task_job_runner.py:245} INFO - ::endgroup::
