[2026-09-17T19:31:02.601+0200] {local_task_job_runner.py:123} INFO - ::group::Pre task execution logs
[2026-09-17T19:31:02.604+0200] {taskinstance.py:2614} INFO - Dependencies all met for dep_context=non-requeueable deps ti=<TaskInstance: mini_riskagent_file_ingestion.wait_for_csv scheduled__2026-09-17T17:30:00+00:00 [queued]>
[2026-09-17T19:31:02.605+0200] {taskinstance.py:2614} INFO - Dependencies all met for dep_context=requeueable deps ti=<TaskInstance: mini_riskagent_file_ingestion.wait_for_csv scheduled__2026-09-17T17:30:00+00:00 [queued]>
[2026-09-17T19:31:02.605+0200] {taskinstance.py:2867} INFO - Starting attempt 1 of 2
[2026-09-17T19:31:02.608+0200] {taskinstance.py:2890} INFO - Executing <Task(PythonSensor): wait_for_csv> on 2026-09-17 17:30:00+00:00
[2026-09-17T19:31:02.613+0200] {logging_mixin.py:190} WARNING - /Users/swarnalidatta/Desktop/AutoQueryChatbot/.airflow-venv/lib/python3.12/site-packages/airflow/task/task_runner/standard_task_runner.py:70 DeprecationWarning: This process (pid=75693) is multi-threaded, use of fork() may lead to deadlocks in the child.
[2026-09-17T19:31:02.612+0200] {standard_task_runner.py:104} INFO - Running: ['airflow', 'tasks', 'run', 'mini_riskagent_file_ingestion', 'wait_for_csv', 'scheduled__2026-09-17T17:30:00+00:00', '--job-id', '3318', '--raw', '--subdir', 'DAGS_FOLDER/data_ingest_pipeline.py', '--cfg-path', '/var/folders/5p/201rr1sj03g8gksxm9x48mbh0000gn/T/tmpemk8bte0']
[2026-09-17T19:31:02.613+0200] {standard_task_runner.py:72} INFO - Started process 75696 to run task
[2026-09-17T19:31:02.613+0200] {standard_task_runner.py:105} INFO - Job 3318: Subtask wait_for_csv
[2026-09-17T19:31:02.628+0200] {task_command.py:467} INFO - Running <TaskInstance: mini_riskagent_file_ingestion.wait_for_csv scheduled__2026-09-17T17:30:00+00:00 [running]> on host mac.home
[2026-09-17T19:31:02.648+0200] {taskinstance.py:3134} INFO - Exporting env vars: AIRFLOW_CTX_DAG_OWNER='autoquery' AIRFLOW_CTX_DAG_ID='mini_riskagent_file_ingestion' AIRFLOW_CTX_TASK_ID='wait_for_csv' AIRFLOW_CTX_EXECUTION_DATE='2026-09-17T17:30:00+00:00' AIRFLOW_CTX_TRY_NUMBER='1' AIRFLOW_CTX_DAG_RUN_ID='scheduled__2026-09-17T17:30:00+00:00'
[2026-09-17T19:31:02.649+0200] {logging_mixin.py:190} INFO - Task instance is in running state
[2026-09-17T19:31:02.649+0200] {logging_mixin.py:190} INFO -  Previous state of the Task instance: queued
[2026-09-17T19:31:02.649+0200] {logging_mixin.py:190} INFO - Current task name:wait_for_csv state:running start_date:2026-09-17 17:31:02.604121+00:00
[2026-09-17T19:31:02.650+0200] {logging_mixin.py:190} INFO - Dag name:mini_riskagent_file_ingestion and current dag run status:running
[2026-09-17T19:31:02.650+0200] {taskinstance.py:732} INFO - ::endgroup::
[2026-09-17T19:31:02.651+0200] {python.py:75} INFO - Poking callable: <function check_for_csv_files at 0x10d35ab60>
[2026-09-17T19:31:02.655+0200] {taskinstance.py:310} INFO - Rescheduling task, marking task as UP_FOR_RESCHEDULE
[2026-09-17T19:31:02.655+0200] {taskinstance.py:341} INFO - ::group::Post task execution logs
[2026-09-17T19:31:02.669+0200] {local_task_job_runner.py:266} INFO - Task exited with return code 0
[2026-09-17T19:31:02.676+0200] {taskinstance.py:3901} INFO - 0 downstream tasks scheduled from follow-on schedule check
[2026-09-17T19:31:02.676+0200] {local_task_job_runner.py:245} INFO - ::endgroup::
[2026-09-17T19:31:34.504+0200] {local_task_job_runner.py:123} INFO - ::group::Pre task execution logs
[2026-09-17T19:31:34.507+0200] {taskinstance.py:2614} INFO - Dependencies all met for dep_context=non-requeueable deps ti=<TaskInstance: mini_riskagent_file_ingestion.wait_for_csv scheduled__2026-09-17T17:30:00+00:00 [queued]>
[2026-09-17T19:31:34.508+0200] {taskinstance.py:2614} INFO - Dependencies all met for dep_context=requeueable deps ti=<TaskInstance: mini_riskagent_file_ingestion.wait_for_csv scheduled__2026-09-17T17:30:00+00:00 [queued]>
[2026-09-17T19:31:34.508+0200] {taskinstance.py:2867} INFO - Starting attempt 1 of 2
[2026-09-17T19:31:34.511+0200] {taskinstance.py:2890} INFO - Executing <Task(PythonSensor): wait_for_csv> on 2026-09-17 17:30:00+00:00
[2026-09-17T19:31:34.515+0200] {logging_mixin.py:190} WARNING - /Users/swarnalidatta/Desktop/AutoQueryChatbot/.airflow-venv/lib/python3.12/site-packages/airflow/task/task_runner/standard_task_runner.py:70 DeprecationWarning: This process (pid=75790) is multi-threaded, use of fork() may lead to deadlocks in the child.
[2026-09-17T19:31:34.516+0200] {standard_task_runner.py:72} INFO - Started process 75792 to run task
[2026-09-17T19:31:34.515+0200] {standard_task_runner.py:104} INFO - Running: ['airflow', 'tasks', 'run', 'mini_riskagent_file_ingestion', 'wait_for_csv', 'scheduled__2026-09-17T17:30:00+00:00', '--job-id', '3328', '--raw', '--subdir', 'DAGS_FOLDER/data_ingest_pipeline.py', '--cfg-path', '/var/folders/5p/201rr1sj03g8gksxm9x48mbh0000gn/T/tmpex4w4vqp']
[2026-09-17T19:31:34.516+0200] {standard_task_runner.py:105} INFO - Job 3328: Subtask wait_for_csv
[2026-09-17T19:31:34.530+0200] {task_command.py:467} INFO - Running <TaskInstance: mini_riskagent_file_ingestion.wait_for_csv scheduled__2026-09-17T17:30:00+00:00 [running]> on host mac.home
[2026-09-17T19:31:34.546+0200] {taskinstance.py:3134} INFO - Exporting env vars: AIRFLOW_CTX_DAG_OWNER='autoquery' AIRFLOW_CTX_DAG_ID='mini_riskagent_file_ingestion' AIRFLOW_CTX_TASK_ID='wait_for_csv' AIRFLOW_CTX_EXECUTION_DATE='2026-09-17T17:30:00+00:00' AIRFLOW_CTX_TRY_NUMBER='1' AIRFLOW_CTX_DAG_RUN_ID='scheduled__2026-09-17T17:30:00+00:00'
[2026-09-17T19:31:34.547+0200] {logging_mixin.py:190} INFO - Task instance is in running state
[2026-09-17T19:31:34.547+0200] {logging_mixin.py:190} INFO -  Previous state of the Task instance: queued
[2026-09-17T19:31:34.547+0200] {logging_mixin.py:190} INFO - Current task name:wait_for_csv state:running start_date:2026-09-17 17:31:34.507217+00:00
[2026-09-17T19:31:34.548+0200] {logging_mixin.py:190} INFO - Dag name:mini_riskagent_file_ingestion and current dag run status:running
[2026-09-17T19:31:34.548+0200] {taskinstance.py:732} INFO - ::endgroup::
[2026-09-17T19:31:34.549+0200] {python.py:75} INFO - Poking callable: <function check_for_csv_files at 0x10d512b60>
[2026-09-17T19:31:34.552+0200] {taskinstance.py:310} INFO - Rescheduling task, marking task as UP_FOR_RESCHEDULE
[2026-09-17T19:31:34.552+0200] {taskinstance.py:341} INFO - ::group::Post task execution logs
[2026-09-17T19:31:34.571+0200] {local_task_job_runner.py:266} INFO - Task exited with return code 0
[2026-09-17T19:31:34.578+0200] {taskinstance.py:3901} INFO - 0 downstream tasks scheduled from follow-on schedule check
[2026-09-17T19:31:34.578+0200] {local_task_job_runner.py:245} INFO - ::endgroup::
[2026-09-17T19:32:06.085+0200] {local_task_job_runner.py:123} INFO - ::group::Pre task execution logs
[2026-09-17T19:32:06.088+0200] {taskinstance.py:2614} INFO - Dependencies all met for dep_context=non-requeueable deps ti=<TaskInstance: mini_riskagent_file_ingestion.wait_for_csv scheduled__2026-09-17T17:30:00+00:00 [queued]>
[2026-09-17T19:32:06.089+0200] {taskinstance.py:2614} INFO - Dependencies all met for dep_context=requeueable deps ti=<TaskInstance: mini_riskagent_file_ingestion.wait_for_csv scheduled__2026-09-17T17:30:00+00:00 [queued]>
[2026-09-17T19:32:06.090+0200] {taskinstance.py:2867} INFO - Starting attempt 1 of 2
[2026-09-17T19:32:06.093+0200] {taskinstance.py:2890} INFO - Executing <Task(PythonSensor): wait_for_csv> on 2026-09-17 17:30:00+00:00
[2026-09-17T19:32:06.097+0200] {logging_mixin.py:190} WARNING - /Users/swarnalidatta/Desktop/AutoQueryChatbot/.airflow-venv/lib/python3.12/site-packages/airflow/task/task_runner/standard_task_runner.py:70 DeprecationWarning: This process (pid=75887) is multi-threaded, use of fork() may lead to deadlocks in the child.
[2026-09-17T19:32:06.098+0200] {standard_task_runner.py:72} INFO - Started process 75893 to run task
[2026-09-17T19:32:06.097+0200] {standard_task_runner.py:104} INFO - Running: ['airflow', 'tasks', 'run', 'mini_riskagent_file_ingestion', 'wait_for_csv', 'scheduled__2026-09-17T17:30:00+00:00', '--job-id', '3339', '--raw', '--subdir', 'DAGS_FOLDER/data_ingest_pipeline.py', '--cfg-path', '/var/folders/5p/201rr1sj03g8gksxm9x48mbh0000gn/T/tmpg_5xs2n8']
[2026-09-17T19:32:06.098+0200] {standard_task_runner.py:105} INFO - Job 3339: Subtask wait_for_csv
[2026-09-17T19:32:06.112+0200] {task_command.py:467} INFO - Running <TaskInstance: mini_riskagent_file_ingestion.wait_for_csv scheduled__2026-09-17T17:30:00+00:00 [running]> on host mac.home
[2026-09-17T19:32:06.128+0200] {taskinstance.py:3134} INFO - Exporting env vars: AIRFLOW_CTX_DAG_OWNER='autoquery' AIRFLOW_CTX_DAG_ID='mini_riskagent_file_ingestion' AIRFLOW_CTX_TASK_ID='wait_for_csv' AIRFLOW_CTX_EXECUTION_DATE='2026-09-17T17:30:00+00:00' AIRFLOW_CTX_TRY_NUMBER='1' AIRFLOW_CTX_DAG_RUN_ID='scheduled__2026-09-17T17:30:00+00:00'
[2026-09-17T19:32:06.128+0200] {logging_mixin.py:190} INFO - Task instance is in running state
[2026-09-17T19:32:06.128+0200] {logging_mixin.py:190} INFO -  Previous state of the Task instance: queued
[2026-09-17T19:32:06.129+0200] {logging_mixin.py:190} INFO - Current task name:wait_for_csv state:running start_date:2026-09-17 17:32:06.088587+00:00
[2026-09-17T19:32:06.129+0200] {logging_mixin.py:190} INFO - Dag name:mini_riskagent_file_ingestion and current dag run status:running
[2026-09-17T19:32:06.129+0200] {taskinstance.py:732} INFO - ::endgroup::
[2026-09-17T19:32:06.130+0200] {python.py:75} INFO - Poking callable: <function check_for_csv_files at 0x10d39ab60>
[2026-09-17T19:32:06.134+0200] {taskinstance.py:310} INFO - Rescheduling task, marking task as UP_FOR_RESCHEDULE
[2026-09-17T19:32:06.134+0200] {taskinstance.py:341} INFO - ::group::Post task execution logs
[2026-09-17T19:32:06.153+0200] {local_task_job_runner.py:266} INFO - Task exited with return code 0
[2026-09-17T19:32:06.160+0200] {taskinstance.py:3901} INFO - 0 downstream tasks scheduled from follow-on schedule check
[2026-09-17T19:32:06.160+0200] {local_task_job_runner.py:245} INFO - ::endgroup::
[2026-09-17T19:32:38.185+0200] {local_task_job_runner.py:123} INFO - ::group::Pre task execution logs
[2026-09-17T19:32:38.188+0200] {taskinstance.py:2614} INFO - Dependencies all met for dep_context=non-requeueable deps ti=<TaskInstance: mini_riskagent_file_ingestion.wait_for_csv scheduled__2026-09-17T17:30:00+00:00 [queued]>
[2026-09-17T19:32:38.190+0200] {taskinstance.py:2614} INFO - Dependencies all met for dep_context=requeueable deps ti=<TaskInstance: mini_riskagent_file_ingestion.wait_for_csv scheduled__2026-09-17T17:30:00+00:00 [queued]>
[2026-09-17T19:32:38.190+0200] {taskinstance.py:2867} INFO - Starting attempt 1 of 2
[2026-09-17T19:32:38.193+0200] {taskinstance.py:2890} INFO - Executing <Task(PythonSensor): wait_for_csv> on 2026-09-17 17:30:00+00:00
[2026-09-17T19:32:38.198+0200] {logging_mixin.py:190} WARNING - /Users/swarnalidatta/Desktop/AutoQueryChatbot/.airflow-venv/lib/python3.12/site-packages/airflow/task/task_runner/standard_task_runner.py:70 DeprecationWarning: This process (pid=75996) is multi-threaded, use of fork() may lead to deadlocks in the child.
[2026-09-17T19:32:38.198+0200] {standard_task_runner.py:72} INFO - Started process 75998 to run task
[2026-09-17T19:32:38.198+0200] {standard_task_runner.py:104} INFO - Running: ['airflow', 'tasks', 'run', 'mini_riskagent_file_ingestion', 'wait_for_csv', 'scheduled__2026-09-17T17:30:00+00:00', '--job-id', '3350', '--raw', '--subdir', 'DAGS_FOLDER/data_ingest_pipeline.py', '--cfg-path', '/var/folders/5p/201rr1sj03g8gksxm9x48mbh0000gn/T/tmp8k6mf4dg']
[2026-09-17T19:32:38.199+0200] {standard_task_runner.py:105} INFO - Job 3350: Subtask wait_for_csv
[2026-09-17T19:32:38.214+0200] {task_command.py:467} INFO - Running <TaskInstance: mini_riskagent_file_ingestion.wait_for_csv scheduled__2026-09-17T17:30:00+00:00 [running]> on host mac.home
[2026-09-17T19:32:38.233+0200] {taskinstance.py:3134} INFO - Exporting env vars: AIRFLOW_CTX_DAG_OWNER='autoquery' AIRFLOW_CTX_DAG_ID='mini_riskagent_file_ingestion' AIRFLOW_CTX_TASK_ID='wait_for_csv' AIRFLOW_CTX_EXECUTION_DATE='2026-09-17T17:30:00+00:00' AIRFLOW_CTX_TRY_NUMBER='1' AIRFLOW_CTX_DAG_RUN_ID='scheduled__2026-09-17T17:30:00+00:00'
[2026-09-17T19:32:38.233+0200] {logging_mixin.py:190} INFO - Task instance is in running state
[2026-09-17T19:32:38.233+0200] {logging_mixin.py:190} INFO -  Previous state of the Task instance: queued
[2026-09-17T19:32:38.234+0200] {logging_mixin.py:190} INFO - Current task name:wait_for_csv state:running start_date:2026-09-17 17:32:38.188867+00:00
[2026-09-17T19:32:38.234+0200] {logging_mixin.py:190} INFO - Dag name:mini_riskagent_file_ingestion and current dag run status:running
[2026-09-17T19:32:38.234+0200] {taskinstance.py:732} INFO - ::endgroup::
[2026-09-17T19:32:38.235+0200] {python.py:75} INFO - Poking callable: <function check_for_csv_files at 0x113212b60>
[2026-09-17T19:32:38.239+0200] {taskinstance.py:310} INFO - Rescheduling task, marking task as UP_FOR_RESCHEDULE
[2026-09-17T19:32:38.239+0200] {taskinstance.py:341} INFO - ::group::Post task execution logs
[2026-09-17T19:32:38.254+0200] {local_task_job_runner.py:266} INFO - Task exited with return code 0
[2026-09-17T19:32:38.261+0200] {taskinstance.py:3901} INFO - 0 downstream tasks scheduled from follow-on schedule check
[2026-09-17T19:32:38.261+0200] {local_task_job_runner.py:245} INFO - ::endgroup::
[2026-09-17T19:33:10.858+0200] {local_task_job_runner.py:123} INFO - ::group::Pre task execution logs
[2026-09-17T19:33:10.861+0200] {taskinstance.py:2614} INFO - Dependencies all met for dep_context=non-requeueable deps ti=<TaskInstance: mini_riskagent_file_ingestion.wait_for_csv scheduled__2026-09-17T17:30:00+00:00 [queued]>
[2026-09-17T19:33:10.863+0200] {taskinstance.py:2614} INFO - Dependencies all met for dep_context=requeueable deps ti=<TaskInstance: mini_riskagent_file_ingestion.wait_for_csv scheduled__2026-09-17T17:30:00+00:00 [queued]>
[2026-09-17T19:33:10.863+0200] {taskinstance.py:2867} INFO - Starting attempt 1 of 2
[2026-09-17T19:33:10.866+0200] {taskinstance.py:2890} INFO - Executing <Task(PythonSensor): wait_for_csv> on 2026-09-17 17:30:00+00:00
[2026-09-17T19:33:10.870+0200] {logging_mixin.py:190} WARNING - /Users/swarnalidatta/Desktop/AutoQueryChatbot/.airflow-venv/lib/python3.12/site-packages/airflow/task/task_runner/standard_task_runner.py:70 DeprecationWarning: This process (pid=76097) is multi-threaded, use of fork() may lead to deadlocks in the child.
[2026-09-17T19:33:10.870+0200] {standard_task_runner.py:72} INFO - Started process 76099 to run task
[2026-09-17T19:33:10.870+0200] {standard_task_runner.py:104} INFO - Running: ['airflow', 'tasks', 'run', 'mini_riskagent_file_ingestion', 'wait_for_csv', 'scheduled__2026-09-17T17:30:00+00:00', '--job-id', '3362', '--raw', '--subdir', 'DAGS_FOLDER/data_ingest_pipeline.py', '--cfg-path', '/var/folders/5p/201rr1sj03g8gksxm9x48mbh0000gn/T/tmpu4yipeac']
[2026-09-17T19:33:10.871+0200] {standard_task_runner.py:105} INFO - Job 3362: Subtask wait_for_csv
[2026-09-17T19:33:10.883+0200] {task_command.py:467} INFO - Running <TaskInstance: mini_riskagent_file_ingestion.wait_for_csv scheduled__2026-09-17T17:30:00+00:00 [running]> on host mac.home
[2026-09-17T19:33:10.899+0200] {taskinstance.py:3134} INFO - Exporting env vars: AIRFLOW_CTX_DAG_OWNER='autoquery' AIRFLOW_CTX_DAG_ID='mini_riskagent_file_ingestion' AIRFLOW_CTX_TASK_ID='wait_for_csv' AIRFLOW_CTX_EXECUTION_DATE='2026-09-17T17:30:00+00:00' AIRFLOW_CTX_TRY_NUMBER='1' AIRFLOW_CTX_DAG_RUN_ID='scheduled__2026-09-17T17:30:00+00:00'
[2026-09-17T19:33:10.900+0200] {logging_mixin.py:190} INFO - Task instance is in running state
[2026-09-17T19:33:10.900+0200] {logging_mixin.py:190} INFO -  Previous state of the Task instance: queued
[2026-09-17T19:33:10.900+0200] {logging_mixin.py:190} INFO - Current task name:wait_for_csv state:running start_date:2026-09-17 17:33:10.861728+00:00
[2026-09-17T19:33:10.900+0200] {logging_mixin.py:190} INFO - Dag name:mini_riskagent_file_ingestion and current dag run status:running
[2026-09-17T19:33:10.900+0200] {taskinstance.py:732} INFO - ::endgroup::
[2026-09-17T19:33:10.902+0200] {python.py:75} INFO - Poking callable: <function check_for_csv_files at 0x10ad26b60>
[2026-09-17T19:33:10.905+0200] {taskinstance.py:310} INFO - Rescheduling task, marking task as UP_FOR_RESCHEDULE
[2026-09-17T19:33:10.905+0200] {taskinstance.py:341} INFO - ::group::Post task execution logs
[2026-09-17T19:33:10.926+0200] {local_task_job_runner.py:266} INFO - Task exited with return code 0
[2026-09-17T19:33:10.932+0200] {taskinstance.py:3901} INFO - 0 downstream tasks scheduled from follow-on schedule check
[2026-09-17T19:33:10.933+0200] {local_task_job_runner.py:245} INFO - ::endgroup::
[2026-09-17T19:33:43.500+0200] {local_task_job_runner.py:123} INFO - ::group::Pre task execution logs
[2026-09-17T19:33:43.503+0200] {taskinstance.py:2614} INFO - Dependencies all met for dep_context=non-requeueable deps ti=<TaskInstance: mini_riskagent_file_ingestion.wait_for_csv scheduled__2026-09-17T17:30:00+00:00 [queued]>
[2026-09-17T19:33:43.504+0200] {taskinstance.py:2614} INFO - Dependencies all met for dep_context=requeueable deps ti=<TaskInstance: mini_riskagent_file_ingestion.wait_for_csv scheduled__2026-09-17T17:30:00+00:00 [queued]>
[2026-09-17T19:33:43.505+0200] {taskinstance.py:2867} INFO - Starting attempt 1 of 2
[2026-09-17T19:33:43.508+0200] {taskinstance.py:2890} INFO - Executing <Task(PythonSensor): wait_for_csv> on 2026-09-17 17:30:00+00:00
[2026-09-17T19:33:43.512+0200] {logging_mixin.py:190} WARNING - /Users/swarnalidatta/Desktop/AutoQueryChatbot/.airflow-venv/lib/python3.12/site-packages/airflow/task/task_runner/standard_task_runner.py:70 DeprecationWarning: This process (pid=76206) is multi-threaded, use of fork() may lead to deadlocks in the child.
[2026-09-17T19:33:43.512+0200] {standard_task_runner.py:72} INFO - Started process 76208 to run task
[2026-09-17T19:33:43.512+0200] {standard_task_runner.py:104} INFO - Running: ['airflow', 'tasks', 'run', 'mini_riskagent_file_ingestion', 'wait_for_csv', 'scheduled__2026-09-17T17:30:00+00:00', '--job-id', '3374', '--raw', '--subdir', 'DAGS_FOLDER/data_ingest_pipeline.py', '--cfg-path', '/var/folders/5p/201rr1sj03g8gksxm9x48mbh0000gn/T/tmp1h3wcxoz']
[2026-09-17T19:33:43.513+0200] {standard_task_runner.py:105} INFO - Job 3374: Subtask wait_for_csv
[2026-09-17T19:33:43.526+0200] {task_command.py:467} INFO - Running <TaskInstance: mini_riskagent_file_ingestion.wait_for_csv scheduled__2026-09-17T17:30:00+00:00 [running]> on host mac.home
[2026-09-17T19:33:43.542+0200] {taskinstance.py:3134} INFO - Exporting env vars: AIRFLOW_CTX_DAG_OWNER='autoquery' AIRFLOW_CTX_DAG_ID='mini_riskagent_file_ingestion' AIRFLOW_CTX_TASK_ID='wait_for_csv' AIRFLOW_CTX_EXECUTION_DATE='2026-09-17T17:30:00+00:00' AIRFLOW_CTX_TRY_NUMBER='1' AIRFLOW_CTX_DAG_RUN_ID='scheduled__2026-09-17T17:30:00+00:00'
[2026-09-17T19:33:43.543+0200] {logging_mixin.py:190} INFO - Task instance is in running state
[2026-09-17T19:33:43.543+0200] {logging_mixin.py:190} INFO -  Previous state of the Task instance: queued
[2026-09-17T19:33:43.543+0200] {logging_mixin.py:190} INFO - Current task name:wait_for_csv state:running start_date:2026-09-17 17:33:43.503591+00:00
[2026-09-17T19:33:43.543+0200] {logging_mixin.py:190} INFO - Dag name:mini_riskagent_file_ingestion and current dag run status:running
[2026-09-17T19:33:43.544+0200] {taskinstance.py:732} INFO - ::endgroup::
[2026-09-17T19:33:43.545+0200] {python.py:75} INFO - Poking callable: <function check_for_csv_files at 0x111f26b60>
[2026-09-17T19:33:43.548+0200] {taskinstance.py:310} INFO - Rescheduling task, marking task as UP_FOR_RESCHEDULE
[2026-09-17T19:33:43.549+0200] {taskinstance.py:341} INFO - ::group::Post task execution logs
[2026-09-17T19:33:43.568+0200] {local_task_job_runner.py:266} INFO - Task exited with return code 0
[2026-09-17T19:33:43.575+0200] {taskinstance.py:3901} INFO - 0 downstream tasks scheduled from follow-on schedule check
[2026-09-17T19:33:43.575+0200] {local_task_job_runner.py:245} INFO - ::endgroup::
[2026-09-17T19:34:15.288+0200] {local_task_job_runner.py:123} INFO - ::group::Pre task execution logs
[2026-09-17T19:34:15.291+0200] {taskinstance.py:2614} INFO - Dependencies all met for dep_context=non-requeueable deps ti=<TaskInstance: mini_riskagent_file_ingestion.wait_for_csv scheduled__2026-09-17T17:30:00+00:00 [queued]>
[2026-09-17T19:34:15.293+0200] {taskinstance.py:2614} INFO - Dependencies all met for dep_context=requeueable deps ti=<TaskInstance: mini_riskagent_file_ingestion.wait_for_csv scheduled__2026-09-17T17:30:00+00:00 [queued]>
[2026-09-17T19:34:15.293+0200] {taskinstance.py:2867} INFO - Starting attempt 1 of 2
[2026-09-17T19:34:15.296+0200] {taskinstance.py:2890} INFO - Executing <Task(PythonSensor): wait_for_csv> on 2026-09-17 17:30:00+00:00
[2026-09-17T19:34:15.301+0200] {logging_mixin.py:190} WARNING - /Users/swarnalidatta/Desktop/AutoQueryChatbot/.airflow-venv/lib/python3.12/site-packages/airflow/task/task_runner/standard_task_runner.py:70 DeprecationWarning: This process (pid=76319) is multi-threaded, use of fork() may lead to deadlocks in the child.
[2026-09-17T19:34:15.302+0200] {standard_task_runner.py:72} INFO - Started process 76322 to run task
[2026-09-17T19:34:15.301+0200] {standard_task_runner.py:104} INFO - Running: ['airflow', 'tasks', 'run', 'mini_riskagent_file_ingestion', 'wait_for_csv', 'scheduled__2026-09-17T17:30:00+00:00', '--job-id', '3387', '--raw', '--subdir', 'DAGS_FOLDER/data_ingest_pipeline.py', '--cfg-path', '/var/folders/5p/201rr1sj03g8gksxm9x48mbh0000gn/T/tmpv_xyxufc']
[2026-09-17T19:34:15.302+0200] {standard_task_runner.py:105} INFO - Job 3387: Subtask wait_for_csv
[2026-09-17T19:34:15.319+0200] {task_command.py:467} INFO - Running <TaskInstance: mini_riskagent_file_ingestion.wait_for_csv scheduled__2026-09-17T17:30:00+00:00 [running]> on host mac.home
[2026-09-17T19:34:15.338+0200] {taskinstance.py:3134} INFO - Exporting env vars: AIRFLOW_CTX_DAG_OWNER='autoquery' AIRFLOW_CTX_DAG_ID='mini_riskagent_file_ingestion' AIRFLOW_CTX_TASK_ID='wait_for_csv' AIRFLOW_CTX_EXECUTION_DATE='2026-09-17T17:30:00+00:00' AIRFLOW_CTX_TRY_NUMBER='1' AIRFLOW_CTX_DAG_RUN_ID='scheduled__2026-09-17T17:30:00+00:00'
[2026-09-17T19:34:15.339+0200] {logging_mixin.py:190} INFO - Task instance is in running state
[2026-09-17T19:34:15.339+0200] {logging_mixin.py:190} INFO -  Previous state of the Task instance: queued
[2026-09-17T19:34:15.339+0200] {logging_mixin.py:190} INFO - Current task name:wait_for_csv state:running start_date:2026-09-17 17:34:15.291815+00:00
[2026-09-17T19:34:15.339+0200] {logging_mixin.py:190} INFO - Dag name:mini_riskagent_file_ingestion and current dag run status:running
[2026-09-17T19:34:15.340+0200] {taskinstance.py:732} INFO - ::endgroup::
[2026-09-17T19:34:15.341+0200] {python.py:75} INFO - Poking callable: <function check_for_csv_files at 0x10cb62b60>
[2026-09-17T19:34:15.345+0200] {taskinstance.py:310} INFO - Rescheduling task, marking task as UP_FOR_RESCHEDULE
[2026-09-17T19:34:15.346+0200] {taskinstance.py:341} INFO - ::group::Post task execution logs
[2026-09-17T19:34:15.357+0200] {local_task_job_runner.py:266} INFO - Task exited with return code 0
[2026-09-17T19:34:15.364+0200] {taskinstance.py:3901} INFO - 0 downstream tasks scheduled from follow-on schedule check
[2026-09-17T19:34:15.364+0200] {local_task_job_runner.py:245} INFO - ::endgroup::
[2026-09-17T19:34:47.807+0200] {local_task_job_runner.py:123} INFO - ::group::Pre task execution logs
[2026-09-17T19:34:47.809+0200] {taskinstance.py:2614} INFO - Dependencies all met for dep_context=non-requeueable deps ti=<TaskInstance: mini_riskagent_file_ingestion.wait_for_csv scheduled__2026-09-17T17:30:00+00:00 [queued]>
[2026-09-17T19:34:47.811+0200] {taskinstance.py:2614} INFO - Dependencies all met for dep_context=requeueable deps ti=<TaskInstance: mini_riskagent_file_ingestion.wait_for_csv scheduled__2026-09-17T17:30:00+00:00 [queued]>
[2026-09-17T19:34:47.811+0200] {taskinstance.py:2867} INFO - Starting attempt 1 of 2
[2026-09-17T19:34:47.814+0200] {taskinstance.py:2890} INFO - Executing <Task(PythonSensor): wait_for_csv> on 2026-09-17 17:30:00+00:00
[2026-09-17T19:34:47.818+0200] {logging_mixin.py:190} WARNING - /Users/swarnalidatta/Desktop/AutoQueryChatbot/.airflow-venv/lib/python3.12/site-packages/airflow/task/task_runner/standard_task_runner.py:70 DeprecationWarning: This process (pid=76423) is multi-threaded, use of fork() may lead to deadlocks in the child.
[2026-09-17T19:34:47.818+0200] {standard_task_runner.py:72} INFO - Started process 76425 to run task
[2026-09-17T19:34:47.818+0200] {standard_task_runner.py:104} INFO - Running: ['airflow', 'tasks', 'run', 'mini_riskagent_file_ingestion', 'wait_for_csv', 'scheduled__2026-09-17T17:30:00+00:00', '--job-id', '3400', '--raw', '--subdir', 'DAGS_FOLDER/data_ingest_pipeline.py', '--cfg-path', '/var/folders/5p/201rr1sj03g8gksxm9x48mbh0000gn/T/tmpl1sa0qyy']
[2026-09-17T19:34:47.819+0200] {standard_task_runner.py:105} INFO - Job 3400: Subtask wait_for_csv
[2026-09-17T19:34:47.832+0200] {task_command.py:467} INFO - Running <TaskInstance: mini_riskagent_file_ingestion.wait_for_csv scheduled__2026-09-17T17:30:00+00:00 [running]> on host mac.home
[2026-09-17T19:34:47.848+0200] {taskinstance.py:3134} INFO - Exporting env vars: AIRFLOW_CTX_DAG_OWNER='autoquery' AIRFLOW_CTX_DAG_ID='mini_riskagent_file_ingestion' AIRFLOW_CTX_TASK_ID='wait_for_csv' AIRFLOW_CTX_EXECUTION_DATE='2026-09-17T17:30:00+00:00' AIRFLOW_CTX_TRY_NUMBER='1' AIRFLOW_CTX_DAG_RUN_ID='scheduled__2026-09-17T17:30:00+00:00'
[2026-09-17T19:34:47.848+0200] {logging_mixin.py:190} INFO - Task instance is in running state
[2026-09-17T19:34:47.848+0200] {logging_mixin.py:190} INFO -  Previous state of the Task instance: queued
[2026-09-17T19:34:47.848+0200] {logging_mixin.py:190} INFO - Current task name:wait_for_csv state:running start_date:2026-09-17 17:34:47.809752+00:00
[2026-09-17T19:34:47.849+0200] {logging_mixin.py:190} INFO - Dag name:mini_riskagent_file_ingestion and current dag run status:running
[2026-09-17T19:34:47.849+0200] {taskinstance.py:732} INFO - ::endgroup::
[2026-09-17T19:34:47.850+0200] {python.py:75} INFO - Poking callable: <function check_for_csv_files at 0x113826b60>
[2026-09-17T19:34:47.853+0200] {taskinstance.py:310} INFO - Rescheduling task, marking task as UP_FOR_RESCHEDULE
[2026-09-17T19:34:47.854+0200] {taskinstance.py:341} INFO - ::group::Post task execution logs
[2026-09-17T19:34:47.874+0200] {local_task_job_runner.py:266} INFO - Task exited with return code 0
[2026-09-17T19:34:47.880+0200] {taskinstance.py:3901} INFO - 0 downstream tasks scheduled from follow-on schedule check
[2026-09-17T19:34:47.881+0200] {local_task_job_runner.py:245} INFO - ::endgroup::
[2026-09-17T19:35:19.765+0200] {local_task_job_runner.py:123} INFO - ::group::Pre task execution logs
[2026-09-17T19:35:19.768+0200] {taskinstance.py:2614} INFO - Dependencies all met for dep_context=non-requeueable deps ti=<TaskInstance: mini_riskagent_file_ingestion.wait_for_csv scheduled__2026-09-17T17:30:00+00:00 [queued]>
[2026-09-17T19:35:19.769+0200] {taskinstance.py:2614} INFO - Dependencies all met for dep_context=requeueable deps ti=<TaskInstance: mini_riskagent_file_ingestion.wait_for_csv scheduled__2026-09-17T17:30:00+00:00 [queued]>
[2026-09-17T19:35:19.769+0200] {taskinstance.py:2867} INFO - Starting attempt 1 of 2
[2026-09-17T19:35:19.772+0200] {taskinstance.py:2890} INFO - Executing <Task(PythonSensor): wait_for_csv> on 2026-09-17 17:30:00+00:00
[2026-09-17T19:35:19.776+0200] {logging_mixin.py:190} WARNING - /Users/swarnalidatta/Desktop/AutoQueryChatbot/.airflow-venv/lib/python3.12/site-packages/airflow/task/task_runner/standard_task_runner.py:70 DeprecationWarning: This process (pid=76525) is multi-threaded, use of fork() may lead to deadlocks in the child.
[2026-09-17T19:35:19.777+0200] {standard_task_runner.py:72} INFO - Started process 76531 to run task
[2026-09-17T19:35:19.776+0200] {standard_task_runner.py:104} INFO - Running: ['airflow', 'tasks', 'run', 'mini_riskagent_file_ingestion', 'wait_for_csv', 'scheduled__2026-09-17T17:30:00+00:00', '--job-id', '3414', '--raw', '--subdir', 'DAGS_FOLDER/data_ingest_pipeline.py', '--cfg-path', '/var/folders/5p/201rr1sj03g8gksxm9x48mbh0000gn/T/tmptpvighkc']
[2026-09-17T19:35:19.777+0200] {standard_task_runner.py:105} INFO - Job 3414: Subtask wait_for_csv
[2026-09-17T19:35:19.790+0200] {task_command.py:467} INFO - Running <TaskInstance: mini_riskagent_file_ingestion.wait_for_csv scheduled__2026-09-17T17:30:00+00:00 [running]> on host mac.home
[2026-09-17T19:35:19.808+0200] {taskinstance.py:3134} INFO - Exporting env vars: AIRFLOW_CTX_DAG_OWNER='autoquery' AIRFLOW_CTX_DAG_ID='mini_riskagent_file_ingestion' AIRFLOW_CTX_TASK_ID='wait_for_csv' AIRFLOW_CTX_EXECUTION_DATE='2026-09-17T17:30:00+00:00' AIRFLOW_CTX_TRY_NUMBER='1' AIRFLOW_CTX_DAG_RUN_ID='scheduled__2026-09-17T17:30:00+00:00'
[2026-09-17T19:35:19.809+0200] {logging_mixin.py:190} INFO - Task instance is in running state
[2026-09-17T19:35:19.809+0200] {logging_mixin.py:190} INFO -  Previous state of the Task instance: queued
[2026-09-17T19:35:19.809+0200] {logging_mixin.py:190} INFO - Current task name:wait_for_csv state:running start_date:2026-09-17 17:35:19.768125+00:00
[2026-09-17T19:35:19.809+0200] {logging_mixin.py:190} INFO - Dag name:mini_riskagent_file_ingestion and current dag run status:running
[2026-09-17T19:35:19.809+0200] {taskinstance.py:732} INFO - ::endgroup::
[2026-09-17T19:35:19.811+0200] {python.py:75} INFO - Poking callable: <function check_for_csv_files at 0x10d456b60>
[2026-09-17T19:35:19.814+0200] {taskinstance.py:310} INFO - Rescheduling task, marking task as UP_FOR_RESCHEDULE
[2026-09-17T19:35:19.814+0200] {taskinstance.py:341} INFO - ::group::Post task execution logs
[2026-09-17T19:35:19.832+0200] {local_task_job_runner.py:266} INFO - Task exited with return code 0
[2026-09-17T19:35:19.839+0200] {taskinstance.py:3901} INFO - 0 downstream tasks scheduled from follow-on schedule check
[2026-09-17T19:35:19.839+0200] {local_task_job_runner.py:245} INFO - ::endgroup::
[2026-09-17T19:35:52.115+0200] {local_task_job_runner.py:123} INFO - ::group::Pre task execution logs
[2026-09-17T19:35:52.117+0200] {taskinstance.py:2614} INFO - Dependencies all met for dep_context=non-requeueable deps ti=<TaskInstance: mini_riskagent_file_ingestion.wait_for_csv scheduled__2026-09-17T17:30:00+00:00 [queued]>
[2026-09-17T19:35:52.119+0200] {taskinstance.py:2614} INFO - Dependencies all met for dep_context=requeueable deps ti=<TaskInstance: mini_riskagent_file_ingestion.wait_for_csv scheduled__2026-09-17T17:30:00+00:00 [queued]>
[2026-09-17T19:35:52.119+0200] {taskinstance.py:2867} INFO - Starting attempt 1 of 2
[2026-09-17T19:35:52.122+0200] {taskinstance.py:2890} INFO - Executing <Task(PythonSensor): wait_for_csv> on 2026-09-17 17:30:00+00:00
[2026-09-17T19:35:52.127+0200] {logging_mixin.py:190} WARNING - /Users/swarnalidatta/Desktop/AutoQueryChatbot/.airflow-venv/lib/python3.12/site-packages/airflow/task/task_runner/standard_task_runner.py:70 DeprecationWarning: This process (pid=76632) is multi-threaded, use of fork() may lead to deadlocks in the child.
[2026-09-17T19:35:52.128+0200] {standard_task_runner.py:72} INFO - Started process 76635 to run task
[2026-09-17T19:35:52.127+0200] {standard_task_runner.py:104} INFO - Running: ['airflow', 'tasks', 'run', 'mini_riskagent_file_ingestion', 'wait_for_csv', 'scheduled__2026-09-17T17:30:00+00:00', '--job-id', '3428', '--raw', '--subdir', 'DAGS_FOLDER/data_ingest_pipeline.py', '--cfg-path', '/var/folders/5p/201rr1sj03g8gksxm9x48mbh0000gn/T/tmpkmrodzic']
[2026-09-17T19:35:52.128+0200] {standard_task_runner.py:105} INFO - Job 3428: Subtask wait_for_csv
[2026-09-17T19:35:52.141+0200] {task_command.py:467} INFO - Running <TaskInstance: mini_riskagent_file_ingestion.wait_for_csv scheduled__2026-09-17T17:30:00+00:00 [running]> on host mac.home
[2026-09-17T19:35:52.158+0200] {taskinstance.py:3134} INFO - Exporting env vars: AIRFLOW_CTX_DAG_OWNER='autoquery' AIRFLOW_CTX_DAG_ID='mini_riskagent_file_ingestion' AIRFLOW_CTX_TASK_ID='wait_for_csv' AIRFLOW_CTX_EXECUTION_DATE='2026-09-17T17:30:00+00:00' AIRFLOW_CTX_TRY_NUMBER='1' AIRFLOW_CTX_DAG_RUN_ID='scheduled__2026-09-17T17:30:00+00:00'
[2026-09-17T19:35:52.159+0200] {logging_mixin.py:190} INFO - Task instance is in running state
[2026-09-17T19:35:52.159+0200] {logging_mixin.py:190} INFO -  Previous state of the Task instance: queued
[2026-09-17T19:35:52.159+0200] {logging_mixin.py:190} INFO - Current task name:wait_for_csv state:running start_date:2026-09-17 17:35:52.118042+00:00
[2026-09-17T19:35:52.159+0200] {logging_mixin.py:190} INFO - Dag name:mini_riskagent_file_ingestion and current dag run status:running
[2026-09-17T19:35:52.160+0200] {taskinstance.py:732} INFO - ::endgroup::
[2026-09-17T19:35:52.162+0200] {python.py:75} INFO - Poking callable: <function check_for_csv_files at 0x10c5c6b60>
[2026-09-17T19:35:52.166+0200] {taskinstance.py:310} INFO - Rescheduling task, marking task as UP_FOR_RESCHEDULE
[2026-09-17T19:35:52.166+0200] {taskinstance.py:341} INFO - ::group::Post task execution logs
[2026-09-17T19:35:52.183+0200] {local_task_job_runner.py:266} INFO - Task exited with return code 0
[2026-09-17T19:35:52.190+0200] {taskinstance.py:3901} INFO - 0 downstream tasks scheduled from follow-on schedule check
[2026-09-17T19:35:52.191+0200] {local_task_job_runner.py:245} INFO - ::endgroup::
[2026-09-17T19:36:24.308+0200] {local_task_job_runner.py:123} INFO - ::group::Pre task execution logs
[2026-09-17T19:36:24.310+0200] {taskinstance.py:2614} INFO - Dependencies all met for dep_context=non-requeueable deps ti=<TaskInstance: mini_riskagent_file_ingestion.wait_for_csv scheduled__2026-09-17T17:30:00+00:00 [queued]>
[2026-09-17T19:36:24.312+0200] {taskinstance.py:2614} INFO - Dependencies all met for dep_context=requeueable deps ti=<TaskInstance: mini_riskagent_file_ingestion.wait_for_csv scheduled__2026-09-17T17:30:00+00:00 [queued]>
[2026-09-17T19:36:24.312+0200] {taskinstance.py:2867} INFO - Starting attempt 1 of 2
[2026-09-17T19:36:24.315+0200] {taskinstance.py:2890} INFO - Executing <Task(PythonSensor): wait_for_csv> on 2026-09-17 17:30:00+00:00
[2026-09-17T19:36:24.319+0200] {logging_mixin.py:190} WARNING - /Users/swarnalidatta/Desktop/AutoQueryChatbot/.airflow-venv/lib/python3.12/site-packages/airflow/task/task_runner/standard_task_runner.py:70 DeprecationWarning: This process (pid=76738) is multi-threaded, use of fork() may lead to deadlocks in the child.
[2026-09-17T19:36:24.320+0200] {standard_task_runner.py:72} INFO - Started process 76740 to run task
[2026-09-17T19:36:24.319+0200] {standard_task_runner.py:104} INFO - Running: ['airflow', 'tasks', 'run', 'mini_riskagent_file_ingestion', 'wait_for_csv', 'scheduled__2026-09-17T17:30:00+00:00', '--job-id', '3443', '--raw', '--subdir', 'DAGS_FOLDER/data_ingest_pipeline.py', '--cfg-path', '/var/folders/5p/201rr1sj03g8gksxm9x48mbh0000gn/T/tmp9hugim5d']
[2026-09-17T19:36:24.320+0200] {standard_task_runner.py:105} INFO - Job 3443: Subtask wait_for_csv
[2026-09-17T19:36:24.333+0200] {task_command.py:467} INFO - Running <TaskInstance: mini_riskagent_file_ingestion.wait_for_csv scheduled__2026-09-17T17:30:00+00:00 [running]> on host mac.home
[2026-09-17T19:36:24.349+0200] {taskinstance.py:3134} INFO - Exporting env vars: AIRFLOW_CTX_DAG_OWNER='autoquery' AIRFLOW_CTX_DAG_ID='mini_riskagent_file_ingestion' AIRFLOW_CTX_TASK_ID='wait_for_csv' AIRFLOW_CTX_EXECUTION_DATE='2026-09-17T17:30:00+00:00' AIRFLOW_CTX_TRY_NUMBER='1' AIRFLOW_CTX_DAG_RUN_ID='scheduled__2026-09-17T17:30:00+00:00'
[2026-09-17T19:36:24.350+0200] {logging_mixin.py:190} INFO - Task instance is in running state
[2026-09-17T19:36:24.350+0200] {logging_mixin.py:190} INFO -  Previous state of the Task instance: queued
[2026-09-17T19:36:24.350+0200] {logging_mixin.py:190} INFO - Current task name:wait_for_csv state:running start_date:2026-09-17 17:36:24.310855+00:00
[2026-09-17T19:36:24.350+0200] {logging_mixin.py:190} INFO - Dag name:mini_riskagent_file_ingestion and current dag run status:running
[2026-09-17T19:36:24.350+0200] {taskinstance.py:732} INFO - ::endgroup::
[2026-09-17T19:36:24.352+0200] {python.py:75} INFO - Poking callable: <function check_for_csv_files at 0x10887eb60>
[2026-09-17T19:36:24.355+0200] {taskinstance.py:310} INFO - Rescheduling task, marking task as UP_FOR_RESCHEDULE
[2026-09-17T19:36:24.355+0200] {taskinstance.py:341} INFO - ::group::Post task execution logs
[2026-09-17T19:36:24.375+0200] {local_task_job_runner.py:266} INFO - Task exited with return code 0
[2026-09-17T19:36:24.381+0200] {taskinstance.py:3901} INFO - 0 downstream tasks scheduled from follow-on schedule check
[2026-09-17T19:36:24.382+0200] {local_task_job_runner.py:245} INFO - ::endgroup::
[2026-09-17T19:36:56.679+0200] {local_task_job_runner.py:123} INFO - ::group::Pre task execution logs
[2026-09-17T19:36:56.682+0200] {taskinstance.py:2614} INFO - Dependencies all met for dep_context=non-requeueable deps ti=<TaskInstance: mini_riskagent_file_ingestion.wait_for_csv scheduled__2026-09-17T17:30:00+00:00 [queued]>
[2026-09-17T19:36:56.684+0200] {taskinstance.py:2614} INFO - Dependencies all met for dep_context=requeueable deps ti=<TaskInstance: mini_riskagent_file_ingestion.wait_for_csv scheduled__2026-09-17T17:30:00+00:00 [queued]>
[2026-09-17T19:36:56.684+0200] {taskinstance.py:2867} INFO - Starting attempt 1 of 2
[2026-09-17T19:36:56.687+0200] {taskinstance.py:2890} INFO - Executing <Task(PythonSensor): wait_for_csv> on 2026-09-17 17:30:00+00:00
[2026-09-17T19:36:56.691+0200] {logging_mixin.py:190} WARNING - /Users/swarnalidatta/Desktop/AutoQueryChatbot/.airflow-venv/lib/python3.12/site-packages/airflow/task/task_runner/standard_task_runner.py:70 DeprecationWarning: This process (pid=76856) is multi-threaded, use of fork() may lead to deadlocks in the child.
[2026-09-17T19:36:56.691+0200] {standard_task_runner.py:72} INFO - Started process 76859 to run task
[2026-09-17T19:36:56.691+0200] {standard_task_runner.py:104} INFO - Running: ['airflow', 'tasks', 'run', 'mini_riskagent_file_ingestion', 'wait_for_csv', 'scheduled__2026-09-17T17:30:00+00:00', '--job-id', '3458', '--raw', '--subdir', 'DAGS_FOLDER/data_ingest_pipeline.py', '--cfg-path', '/var/folders/5p/201rr1sj03g8gksxm9x48mbh0000gn/T/tmpq5gj3542']
[2026-09-17T19:36:56.691+0200] {standard_task_runner.py:105} INFO - Job 3458: Subtask wait_for_csv
[2026-09-17T19:36:56.705+0200] {task_command.py:467} INFO - Running <TaskInstance: mini_riskagent_file_ingestion.wait_for_csv scheduled__2026-09-17T17:30:00+00:00 [running]> on host mac.home
[2026-09-17T19:36:56.721+0200] {taskinstance.py:3134} INFO - Exporting env vars: AIRFLOW_CTX_DAG_OWNER='autoquery' AIRFLOW_CTX_DAG_ID='mini_riskagent_file_ingestion' AIRFLOW_CTX_TASK_ID='wait_for_csv' AIRFLOW_CTX_EXECUTION_DATE='2026-09-17T17:30:00+00:00' AIRFLOW_CTX_TRY_NUMBER='1' AIRFLOW_CTX_DAG_RUN_ID='scheduled__2026-09-17T17:30:00+00:00'
[2026-09-17T19:36:56.722+0200] {logging_mixin.py:190} INFO - Task instance is in running state
[2026-09-17T19:36:56.722+0200] {logging_mixin.py:190} INFO -  Previous state of the Task instance: queued
[2026-09-17T19:36:56.722+0200] {logging_mixin.py:190} INFO - Current task name:wait_for_csv state:running start_date:2026-09-17 17:36:56.682703+00:00
[2026-09-17T19:36:56.722+0200] {logging_mixin.py:190} INFO - Dag name:mini_riskagent_file_ingestion and current dag run status:running
[2026-09-17T19:36:56.722+0200] {taskinstance.py:732} INFO - ::endgroup::
[2026-09-17T19:36:56.724+0200] {python.py:75} INFO - Poking callable: <function check_for_csv_files at 0x10ed26b60>
[2026-09-17T19:36:56.727+0200] {taskinstance.py:310} INFO - Rescheduling task, marking task as UP_FOR_RESCHEDULE
[2026-09-17T19:36:56.727+0200] {taskinstance.py:341} INFO - ::group::Post task execution logs
[2026-09-17T19:36:56.747+0200] {local_task_job_runner.py:266} INFO - Task exited with return code 0
[2026-09-17T19:36:56.753+0200] {taskinstance.py:3901} INFO - 0 downstream tasks scheduled from follow-on schedule check
[2026-09-17T19:36:56.753+0200] {local_task_job_runner.py:245} INFO - ::endgroup::
[2026-09-17T19:37:28.753+0200] {local_task_job_runner.py:123} INFO - ::group::Pre task execution logs
[2026-09-17T19:37:28.756+0200] {taskinstance.py:2614} INFO - Dependencies all met for dep_context=non-requeueable deps ti=<TaskInstance: mini_riskagent_file_ingestion.wait_for_csv scheduled__2026-09-17T17:30:00+00:00 [queued]>
[2026-09-17T19:37:28.757+0200] {taskinstance.py:2614} INFO - Dependencies all met for dep_context=requeueable deps ti=<TaskInstance: mini_riskagent_file_ingestion.wait_for_csv scheduled__2026-09-17T17:30:00+00:00 [queued]>
[2026-09-17T19:37:28.757+0200] {taskinstance.py:2867} INFO - Starting attempt 1 of 2
[2026-09-17T19:37:28.761+0200] {taskinstance.py:2890} INFO - Executing <Task(PythonSensor): wait_for_csv> on 2026-09-17 17:30:00+00:00
[2026-09-17T19:37:28.765+0200] {logging_mixin.py:190} WARNING - /Users/swarnalidatta/Desktop/AutoQueryChatbot/.airflow-venv/lib/python3.12/site-packages/airflow/task/task_runner/standard_task_runner.py:70 DeprecationWarning: This process (pid=76966) is multi-threaded, use of fork() may lead to deadlocks in the child.
[2026-09-17T19:37:28.766+0200] {standard_task_runner.py:72} INFO - Started process 76968 to run task
[2026-09-17T19:37:28.765+0200] {standard_task_runner.py:104} INFO - Running: ['airflow', 'tasks', 'run', 'mini_riskagent_file_ingestion', 'wait_for_csv', 'scheduled__2026-09-17T17:30:00+00:00', '--job-id', '3474', '--raw', '--subdir', 'DAGS_FOLDER/data_ingest_pipeline.py', '--cfg-path', '/var/folders/5p/201rr1sj03g8gksxm9x48mbh0000gn/T/tmpap9hbe4c']
[2026-09-17T19:37:28.766+0200] {standard_task_runner.py:105} INFO - Job 3474: Subtask wait_for_csv
[2026-09-17T19:37:28.780+0200] {task_command.py:467} INFO - Running <TaskInstance: mini_riskagent_file_ingestion.wait_for_csv scheduled__2026-09-17T17:30:00+00:00 [running]> on host mac.home
[2026-09-17T19:37:28.797+0200] {taskinstance.py:3134} INFO - Exporting env vars: AIRFLOW_CTX_DAG_OWNER='autoquery' AIRFLOW_CTX_DAG_ID='mini_riskagent_file_ingestion' AIRFLOW_CTX_TASK_ID='wait_for_csv' AIRFLOW_CTX_EXECUTION_DATE='2026-09-17T17:30:00+00:00' AIRFLOW_CTX_TRY_NUMBER='1' AIRFLOW_CTX_DAG_RUN_ID='scheduled__2026-09-17T17:30:00+00:00'
[2026-09-17T19:37:28.797+0200] {logging_mixin.py:190} INFO - Task instance is in running state
[2026-09-17T19:37:28.798+0200] {logging_mixin.py:190} INFO -  Previous state of the Task instance: queued
[2026-09-17T19:37:28.798+0200] {logging_mixin.py:190} INFO - Current task name:wait_for_csv state:running start_date:2026-09-17 17:37:28.756466+00:00
[2026-09-17T19:37:28.798+0200] {logging_mixin.py:190} INFO - Dag name:mini_riskagent_file_ingestion and current dag run status:running
[2026-09-17T19:37:28.798+0200] {taskinstance.py:732} INFO - ::endgroup::
[2026-09-17T19:37:28.799+0200] {python.py:75} INFO - Poking callable: <function check_for_csv_files at 0x1087d6b60>
[2026-09-17T19:37:28.803+0200] {taskinstance.py:310} INFO - Rescheduling task, marking task as UP_FOR_RESCHEDULE
[2026-09-17T19:37:28.803+0200] {taskinstance.py:341} INFO - ::group::Post task execution logs
[2026-09-17T19:37:28.821+0200] {local_task_job_runner.py:266} INFO - Task exited with return code 0
[2026-09-17T19:37:28.828+0200] {taskinstance.py:3901} INFO - 0 downstream tasks scheduled from follow-on schedule check
[2026-09-17T19:37:28.828+0200] {local_task_job_runner.py:245} INFO - ::endgroup::
[2026-09-17T19:37:59.827+0200] {local_task_job_runner.py:123} INFO - ::group::Pre task execution logs
[2026-09-17T19:37:59.830+0200] {taskinstance.py:2614} INFO - Dependencies all met for dep_context=non-requeueable deps ti=<TaskInstance: mini_riskagent_file_ingestion.wait_for_csv scheduled__2026-09-17T17:30:00+00:00 [queued]>
[2026-09-17T19:37:59.831+0200] {taskinstance.py:2614} INFO - Dependencies all met for dep_context=requeueable deps ti=<TaskInstance: mini_riskagent_file_ingestion.wait_for_csv scheduled__2026-09-17T17:30:00+00:00 [queued]>
[2026-09-17T19:37:59.831+0200] {taskinstance.py:2867} INFO - Starting attempt 1 of 2
[2026-09-17T19:37:59.834+0200] {taskinstance.py:2890} INFO - Executing <Task(PythonSensor): wait_for_csv> on 2026-09-17 17:30:00+00:00
[2026-09-17T19:37:59.839+0200] {logging_mixin.py:190} WARNING - /Users/swarnalidatta/Desktop/AutoQueryChatbot/.airflow-venv/lib/python3.12/site-packages/airflow/task/task_runner/standard_task_runner.py:70 DeprecationWarning: This process (pid=77085) is multi-threaded, use of fork() may lead to deadlocks in the child.
[2026-09-17T19:37:59.839+0200] {standard_task_runner.py:72} INFO - Started process 77087 to run task
[2026-09-17T19:37:59.839+0200] {standard_task_runner.py:104} INFO - Running: ['airflow', 'tasks', 'run', 'mini_riskagent_file_ingestion', 'wait_for_csv', 'scheduled__2026-09-17T17:30:00+00:00', '--job-id', '3490', '--raw', '--subdir', 'DAGS_FOLDER/data_ingest_pipeline.py', '--cfg-path', '/var/folders/5p/201rr1sj03g8gksxm9x48mbh0000gn/T/tmpgsxeozo6']
[2026-09-17T19:37:59.840+0200] {standard_task_runner.py:105} INFO - Job 3490: Subtask wait_for_csv
[2026-09-17T19:37:59.854+0200] {task_command.py:467} INFO - Running <TaskInstance: mini_riskagent_file_ingestion.wait_for_csv scheduled__2026-09-17T17:30:00+00:00 [running]> on host mac.home
[2026-09-17T19:37:59.870+0200] {taskinstance.py:3134} INFO - Exporting env vars: AIRFLOW_CTX_DAG_OWNER='autoquery' AIRFLOW_CTX_DAG_ID='mini_riskagent_file_ingestion' AIRFLOW_CTX_TASK_ID='wait_for_csv' AIRFLOW_CTX_EXECUTION_DATE='2026-09-17T17:30:00+00:00' AIRFLOW_CTX_TRY_NUMBER='1' AIRFLOW_CTX_DAG_RUN_ID='scheduled__2026-09-17T17:30:00+00:00'
[2026-09-17T19:37:59.870+0200] {logging_mixin.py:190} INFO - Task instance is in running state
[2026-09-17T19:37:59.871+0200] {logging_mixin.py:190} INFO -  Previous state of the Task instance: queued
[2026-09-17T19:37:59.871+0200] {logging_mixin.py:190} INFO - Current task name:wait_for_csv state:running start_date:2026-09-17 17:37:59.830414+00:00
[2026-09-17T19:37:59.871+0200] {logging_mixin.py:190} INFO - Dag name:mini_riskagent_file_ingestion and current dag run status:running
[2026-09-17T19:37:59.871+0200] {taskinstance.py:732} INFO - ::endgroup::
[2026-09-17T19:37:59.873+0200] {python.py:75} INFO - Poking callable: <function check_for_csv_files at 0x10931ab60>
[2026-09-17T19:37:59.876+0200] {taskinstance.py:310} INFO - Rescheduling task, marking task as UP_FOR_RESCHEDULE
[2026-09-17T19:37:59.876+0200] {taskinstance.py:341} INFO - ::group::Post task execution logs
[2026-09-17T19:37:59.895+0200] {local_task_job_runner.py:266} INFO - Task exited with return code 0
[2026-09-17T19:37:59.901+0200] {taskinstance.py:3901} INFO - 0 downstream tasks scheduled from follow-on schedule check
[2026-09-17T19:37:59.901+0200] {local_task_job_runner.py:245} INFO - ::endgroup::
[2026-09-17T19:38:32.369+0200] {local_task_job_runner.py:123} INFO - ::group::Pre task execution logs
[2026-09-17T19:38:32.372+0200] {taskinstance.py:2614} INFO - Dependencies all met for dep_context=non-requeueable deps ti=<TaskInstance: mini_riskagent_file_ingestion.wait_for_csv scheduled__2026-09-17T17:30:00+00:00 [queued]>
[2026-09-17T19:38:32.373+0200] {taskinstance.py:2614} INFO - Dependencies all met for dep_context=requeueable deps ti=<TaskInstance: mini_riskagent_file_ingestion.wait_for_csv scheduled__2026-09-17T17:30:00+00:00 [queued]>
[2026-09-17T19:38:32.373+0200] {taskinstance.py:2867} INFO - Starting attempt 1 of 2
[2026-09-17T19:38:32.376+0200] {taskinstance.py:2890} INFO - Executing <Task(PythonSensor): wait_for_csv> on 2026-09-17 17:30:00+00:00
[2026-09-17T19:38:32.380+0200] {logging_mixin.py:190} WARNING - /Users/swarnalidatta/Desktop/AutoQueryChatbot/.airflow-venv/lib/python3.12/site-packages/airflow/task/task_runner/standard_task_runner.py:70 DeprecationWarning: This process (pid=77197) is multi-threaded, use of fork() may lead to deadlocks in the child.
[2026-09-17T19:38:32.381+0200] {standard_task_runner.py:72} INFO - Started process 77203 to run task
[2026-09-17T19:38:32.380+0200] {standard_task_runner.py:104} INFO - Running: ['airflow', 'tasks', 'run', 'mini_riskagent_file_ingestion', 'wait_for_csv', 'scheduled__2026-09-17T17:30:00+00:00', '--job-id', '3506', '--raw', '--subdir', 'DAGS_FOLDER/data_ingest_pipeline.py', '--cfg-path', '/var/folders/5p/201rr1sj03g8gksxm9x48mbh0000gn/T/tmpf30sxyw4']
[2026-09-17T19:38:32.381+0200] {standard_task_runner.py:105} INFO - Job 3506: Subtask wait_for_csv
[2026-09-17T19:38:32.395+0200] {task_command.py:467} INFO - Running <TaskInstance: mini_riskagent_file_ingestion.wait_for_csv scheduled__2026-09-17T17:30:00+00:00 [running]> on host mac.home
[2026-09-17T19:38:32.411+0200] {taskinstance.py:3134} INFO - Exporting env vars: AIRFLOW_CTX_DAG_OWNER='autoquery' AIRFLOW_CTX_DAG_ID='mini_riskagent_file_ingestion' AIRFLOW_CTX_TASK_ID='wait_for_csv' AIRFLOW_CTX_EXECUTION_DATE='2026-09-17T17:30:00+00:00' AIRFLOW_CTX_TRY_NUMBER='1' AIRFLOW_CTX_DAG_RUN_ID='scheduled__2026-09-17T17:30:00+00:00'
[2026-09-17T19:38:32.411+0200] {logging_mixin.py:190} INFO - Task instance is in running state
[2026-09-17T19:38:32.411+0200] {logging_mixin.py:190} INFO -  Previous state of the Task instance: queued
[2026-09-17T19:38:32.412+0200] {logging_mixin.py:190} INFO - Current task name:wait_for_csv state:running start_date:2026-09-17 17:38:32.372175+00:00
[2026-09-17T19:38:32.412+0200] {logging_mixin.py:190} INFO - Dag name:mini_riskagent_file_ingestion and current dag run status:running
[2026-09-17T19:38:32.412+0200] {taskinstance.py:732} INFO - ::endgroup::
[2026-09-17T19:38:32.413+0200] {python.py:75} INFO - Poking callable: <function check_for_csv_files at 0x10b826b60>
[2026-09-17T19:38:32.417+0200] {taskinstance.py:310} INFO - Rescheduling task, marking task as UP_FOR_RESCHEDULE
[2026-09-17T19:38:32.417+0200] {taskinstance.py:341} INFO - ::group::Post task execution logs
[2026-09-17T19:38:32.436+0200] {local_task_job_runner.py:266} INFO - Task exited with return code 0
[2026-09-17T19:38:32.443+0200] {taskinstance.py:3901} INFO - 0 downstream tasks scheduled from follow-on schedule check
[2026-09-17T19:38:32.443+0200] {local_task_job_runner.py:245} INFO - ::endgroup::
[2026-09-17T19:39:03.895+0200] {local_task_job_runner.py:123} INFO - ::group::Pre task execution logs
[2026-09-17T19:39:03.898+0200] {taskinstance.py:2614} INFO - Dependencies all met for dep_context=non-requeueable deps ti=<TaskInstance: mini_riskagent_file_ingestion.wait_for_csv scheduled__2026-09-17T17:30:00+00:00 [queued]>
[2026-09-17T19:39:03.899+0200] {taskinstance.py:2614} INFO - Dependencies all met for dep_context=requeueable deps ti=<TaskInstance: mini_riskagent_file_ingestion.wait_for_csv scheduled__2026-09-17T17:30:00+00:00 [queued]>
[2026-09-17T19:39:03.899+0200] {taskinstance.py:2867} INFO - Starting attempt 1 of 2
[2026-09-17T19:39:03.902+0200] {taskinstance.py:2890} INFO - Executing <Task(PythonSensor): wait_for_csv> on 2026-09-17 17:30:00+00:00
[2026-09-17T19:39:03.907+0200] {logging_mixin.py:190} WARNING - /Users/swarnalidatta/Desktop/AutoQueryChatbot/.airflow-venv/lib/python3.12/site-packages/airflow/task/task_runner/standard_task_runner.py:70 DeprecationWarning: This process (pid=77311) is multi-threaded, use of fork() may lead to deadlocks in the child.
[2026-09-17T19:39:03.907+0200] {standard_task_runner.py:72} INFO - Started process 77313 to run task
[2026-09-17T19:39:03.907+0200] {standard_task_runner.py:104} INFO - Running: ['airflow', 'tasks', 'run', 'mini_riskagent_file_ingestion', 'wait_for_csv', 'scheduled__2026-09-17T17:30:00+00:00', '--job-id', '3522', '--raw', '--subdir', 'DAGS_FOLDER/data_ingest_pipeline.py', '--cfg-path', '/var/folders/5p/201rr1sj03g8gksxm9x48mbh0000gn/T/tmpqoguw9__']
[2026-09-17T19:39:03.908+0200] {standard_task_runner.py:105} INFO - Job 3522: Subtask wait_for_csv
[2026-09-17T19:39:03.922+0200] {task_command.py:467} INFO - Running <TaskInstance: mini_riskagent_file_ingestion.wait_for_csv scheduled__2026-09-17T17:30:00+00:00 [running]> on host mac.home
[2026-09-17T19:39:03.938+0200] {taskinstance.py:3134} INFO - Exporting env vars: AIRFLOW_CTX_DAG_OWNER='autoquery' AIRFLOW_CTX_DAG_ID='mini_riskagent_file_ingestion' AIRFLOW_CTX_TASK_ID='wait_for_csv' AIRFLOW_CTX_EXECUTION_DATE='2026-09-17T17:30:00+00:00' AIRFLOW_CTX_TRY_NUMBER='1' AIRFLOW_CTX_DAG_RUN_ID='scheduled__2026-09-17T17:30:00+00:00'
[2026-09-17T19:39:03.939+0200] {logging_mixin.py:190} INFO - Task instance is in running state
[2026-09-17T19:39:03.939+0200] {logging_mixin.py:190} INFO -  Previous state of the Task instance: queued
[2026-09-17T19:39:03.939+0200] {logging_mixin.py:190} INFO - Current task name:wait_for_csv state:running start_date:2026-09-17 17:39:03.898360+00:00
[2026-09-17T19:39:03.939+0200] {logging_mixin.py:190} INFO - Dag name:mini_riskagent_file_ingestion and current dag run status:running
[2026-09-17T19:39:03.939+0200] {taskinstance.py:732} INFO - ::endgroup::
[2026-09-17T19:39:03.941+0200] {python.py:75} INFO - Poking callable: <function check_for_csv_files at 0x10cdceb60>
[2026-09-17T19:39:03.944+0200] {taskinstance.py:310} INFO - Rescheduling task, marking task as UP_FOR_RESCHEDULE
[2026-09-17T19:39:03.944+0200] {taskinstance.py:341} INFO - ::group::Post task execution logs
[2026-09-17T19:39:03.963+0200] {local_task_job_runner.py:266} INFO - Task exited with return code 0
[2026-09-17T19:39:03.969+0200] {taskinstance.py:3901} INFO - 0 downstream tasks scheduled from follow-on schedule check
[2026-09-17T19:39:03.970+0200] {local_task_job_runner.py:245} INFO - ::endgroup::
[2026-09-17T19:39:35.632+0200] {local_task_job_runner.py:123} INFO - ::group::Pre task execution logs
[2026-09-17T19:39:35.634+0200] {taskinstance.py:2614} INFO - Dependencies all met for dep_context=non-requeueable deps ti=<TaskInstance: mini_riskagent_file_ingestion.wait_for_csv scheduled__2026-09-17T17:30:00+00:00 [queued]>
[2026-09-17T19:39:35.636+0200] {taskinstance.py:2614} INFO - Dependencies all met for dep_context=requeueable deps ti=<TaskInstance: mini_riskagent_file_ingestion.wait_for_csv scheduled__2026-09-17T17:30:00+00:00 [queued]>
[2026-09-17T19:39:35.636+0200] {taskinstance.py:2867} INFO - Starting attempt 1 of 2
[2026-09-17T19:39:35.639+0200] {taskinstance.py:2890} INFO - Executing <Task(PythonSensor): wait_for_csv> on 2026-09-17 17:30:00+00:00
[2026-09-17T19:39:35.643+0200] {logging_mixin.py:190} WARNING - /Users/swarnalidatta/Desktop/AutoQueryChatbot/.airflow-venv/lib/python3.12/site-packages/airflow/task/task_runner/standard_task_runner.py:70 DeprecationWarning: This process (pid=77420) is multi-threaded, use of fork() may lead to deadlocks in the child.
[2026-09-17T19:39:35.644+0200] {standard_task_runner.py:72} INFO - Started process 77422 to run task
[2026-09-17T19:39:35.643+0200] {standard_task_runner.py:104} INFO - Running: ['airflow', 'tasks', 'run', 'mini_riskagent_file_ingestion', 'wait_for_csv', 'scheduled__2026-09-17T17:30:00+00:00', '--job-id', '3538', '--raw', '--subdir', 'DAGS_FOLDER/data_ingest_pipeline.py', '--cfg-path', '/var/folders/5p/201rr1sj03g8gksxm9x48mbh0000gn/T/tmpjfpa65_o']
[2026-09-17T19:39:35.644+0200] {standard_task_runner.py:105} INFO - Job 3538: Subtask wait_for_csv
[2026-09-17T19:39:35.658+0200] {task_command.py:467} INFO - Running <TaskInstance: mini_riskagent_file_ingestion.wait_for_csv scheduled__2026-09-17T17:30:00+00:00 [running]> on host mac.home
[2026-09-17T19:39:35.674+0200] {taskinstance.py:3134} INFO - Exporting env vars: AIRFLOW_CTX_DAG_OWNER='autoquery' AIRFLOW_CTX_DAG_ID='mini_riskagent_file_ingestion' AIRFLOW_CTX_TASK_ID='wait_for_csv' AIRFLOW_CTX_EXECUTION_DATE='2026-09-17T17:30:00+00:00' AIRFLOW_CTX_TRY_NUMBER='1' AIRFLOW_CTX_DAG_RUN_ID='scheduled__2026-09-17T17:30:00+00:00'
[2026-09-17T19:39:35.675+0200] {logging_mixin.py:190} INFO - Task instance is in running state
[2026-09-17T19:39:35.675+0200] {logging_mixin.py:190} INFO -  Previous state of the Task instance: queued
[2026-09-17T19:39:35.675+0200] {logging_mixin.py:190} INFO - Current task name:wait_for_csv state:running start_date:2026-09-17 17:39:35.634902+00:00
[2026-09-17T19:39:35.675+0200] {logging_mixin.py:190} INFO - Dag name:mini_riskagent_file_ingestion and current dag run status:running
[2026-09-17T19:39:35.676+0200] {taskinstance.py:732} INFO - ::endgroup::
[2026-09-17T19:39:35.677+0200] {python.py:75} INFO - Poking callable: <function check_for_csv_files at 0x10921ab60>
[2026-09-17T19:39:35.680+0200] {taskinstance.py:310} INFO - Rescheduling task, marking task as UP_FOR_RESCHEDULE
[2026-09-17T19:39:35.681+0200] {taskinstance.py:341} INFO - ::group::Post task execution logs
[2026-09-17T19:39:35.699+0200] {local_task_job_runner.py:266} INFO - Task exited with return code 0
[2026-09-17T19:39:35.706+0200] {taskinstance.py:3901} INFO - 0 downstream tasks scheduled from follow-on schedule check
[2026-09-17T19:39:35.706+0200] {local_task_job_runner.py:245} INFO - ::endgroup::
[2026-09-17T19:40:08.026+0200] {local_task_job_runner.py:123} INFO - ::group::Pre task execution logs
[2026-09-17T19:40:08.029+0200] {taskinstance.py:2614} INFO - Dependencies all met for dep_context=non-requeueable deps ti=<TaskInstance: mini_riskagent_file_ingestion.wait_for_csv scheduled__2026-09-17T17:30:00+00:00 [queued]>
[2026-09-17T19:40:08.030+0200] {taskinstance.py:2614} INFO - Dependencies all met for dep_context=requeueable deps ti=<TaskInstance: mini_riskagent_file_ingestion.wait_for_csv scheduled__2026-09-17T17:30:00+00:00 [queued]>
[2026-09-17T19:40:08.031+0200] {taskinstance.py:2867} INFO - Starting attempt 1 of 2
[2026-09-17T19:40:08.034+0200] {taskinstance.py:2890} INFO - Executing <Task(PythonSensor): wait_for_csv> on 2026-09-17 17:30:00+00:00
[2026-09-17T19:40:08.038+0200] {logging_mixin.py:190} WARNING - /Users/swarnalidatta/Desktop/AutoQueryChatbot/.airflow-venv/lib/python3.12/site-packages/airflow/task/task_runner/standard_task_runner.py:70 DeprecationWarning: This process (pid=77532) is multi-threaded, use of fork() may lead to deadlocks in the child.
[2026-09-17T19:40:08.038+0200] {standard_task_runner.py:72} INFO - Started process 77538 to run task
[2026-09-17T19:40:08.038+0200] {standard_task_runner.py:104} INFO - Running: ['airflow', 'tasks', 'run', 'mini_riskagent_file_ingestion', 'wait_for_csv', 'scheduled__2026-09-17T17:30:00+00:00', '--job-id', '3554', '--raw', '--subdir', 'DAGS_FOLDER/data_ingest_pipeline.py', '--cfg-path', '/var/folders/5p/201rr1sj03g8gksxm9x48mbh0000gn/T/tmpjkp7g1cy']
[2026-09-17T19:40:08.038+0200] {standard_task_runner.py:105} INFO - Job 3554: Subtask wait_for_csv
[2026-09-17T19:40:08.052+0200] {task_command.py:467} INFO - Running <TaskInstance: mini_riskagent_file_ingestion.wait_for_csv scheduled__2026-09-17T17:30:00+00:00 [running]> on host mac.home
[2026-09-17T19:40:08.069+0200] {taskinstance.py:3134} INFO - Exporting env vars: AIRFLOW_CTX_DAG_OWNER='autoquery' AIRFLOW_CTX_DAG_ID='mini_riskagent_file_ingestion' AIRFLOW_CTX_TASK_ID='wait_for_csv' AIRFLOW_CTX_EXECUTION_DATE='2026-09-17T17:30:00+00:00' AIRFLOW_CTX_TRY_NUMBER='1' AIRFLOW_CTX_DAG_RUN_ID='scheduled__2026-09-17T17:30:00+00:00'
[2026-09-17T19:40:08.069+0200] {logging_mixin.py:190} INFO - Task instance is in running state
[2026-09-17T19:40:08.069+0200] {logging_mixin.py:190} INFO -  Previous state of the Task instance: queued
[2026-09-17T19:40:08.070+0200] {logging_mixin.py:190} INFO - Current task name:wait_for_csv state:running start_date:2026-09-17 17:40:08.029540+00:00
[2026-09-17T19:40:08.070+0200] {logging_mixin.py:190} INFO - Dag name:mini_riskagent_file_ingestion and current dag run status:running
[2026-09-17T19:40:08.070+0200] {taskinstance.py:732} INFO - ::endgroup::
[2026-09-17T19:40:08.071+0200] {python.py:75} INFO - Poking callable: <function check_for_csv_files at 0x10cfa6b60>
[2026-09-17T19:40:08.075+0200] {taskinstance.py:310} INFO - Rescheduling task, marking task as UP_FOR_RESCHEDULE
[2026-09-17T19:40:08.075+0200] {taskinstance.py:341} INFO - ::group::Post task execution logs
[2026-09-17T19:40:08.094+0200] {local_task_job_runner.py:266} INFO - Task exited with return code 0
[2026-09-17T19:40:08.100+0200] {taskinstance.py:3901} INFO - 0 downstream tasks scheduled from follow-on schedule check
[2026-09-17T19:40:08.100+0200] {local_task_job_runner.py:245} INFO - ::endgroup::
[2026-09-17T19:40:40.403+0200] {local_task_job_runner.py:123} INFO - ::group::Pre task execution logs
[2026-09-17T19:40:40.405+0200] {taskinstance.py:2614} INFO - Dependencies all met for dep_context=non-requeueable deps ti=<TaskInstance: mini_riskagent_file_ingestion.wait_for_csv scheduled__2026-09-17T17:30:00+00:00 [queued]>
[2026-09-17T19:40:40.407+0200] {taskinstance.py:2614} INFO - Dependencies all met for dep_context=requeueable deps ti=<TaskInstance: mini_riskagent_file_ingestion.wait_for_csv scheduled__2026-09-17T17:30:00+00:00 [queued]>
[2026-09-17T19:40:40.407+0200] {taskinstance.py:2867} INFO - Starting attempt 1 of 2
[2026-09-17T19:40:40.410+0200] {taskinstance.py:2890} INFO - Executing <Task(PythonSensor): wait_for_csv> on 2026-09-17 17:30:00+00:00
[2026-09-17T19:40:40.414+0200] {standard_task_runner.py:104} INFO - Running: ['airflow', 'tasks', 'run', 'mini_riskagent_file_ingestion', 'wait_for_csv', 'scheduled__2026-09-17T17:30:00+00:00', '--job-id', '3570', '--raw', '--subdir', 'DAGS_FOLDER/data_ingest_pipeline.py', '--cfg-path', '/var/folders/5p/201rr1sj03g8gksxm9x48mbh0000gn/T/tmpffmw8j5y']
[2026-09-17T19:40:40.415+0200] {logging_mixin.py:190} WARNING - /Users/swarnalidatta/Desktop/AutoQueryChatbot/.airflow-venv/lib/python3.12/site-packages/airflow/task/task_runner/standard_task_runner.py:70 DeprecationWarning: This process (pid=77650) is multi-threaded, use of fork() may lead to deadlocks in the child.
[2026-09-17T19:40:40.415+0200] {standard_task_runner.py:72} INFO - Started process 77652 to run task
[2026-09-17T19:40:40.415+0200] {standard_task_runner.py:105} INFO - Job 3570: Subtask wait_for_csv
[2026-09-17T19:40:40.429+0200] {task_command.py:467} INFO - Running <TaskInstance: mini_riskagent_file_ingestion.wait_for_csv scheduled__2026-09-17T17:30:00+00:00 [running]> on host mac.home
[2026-09-17T19:40:40.446+0200] {taskinstance.py:3134} INFO - Exporting env vars: AIRFLOW_CTX_DAG_OWNER='autoquery' AIRFLOW_CTX_DAG_ID='mini_riskagent_file_ingestion' AIRFLOW_CTX_TASK_ID='wait_for_csv' AIRFLOW_CTX_EXECUTION_DATE='2026-09-17T17:30:00+00:00' AIRFLOW_CTX_TRY_NUMBER='1' AIRFLOW_CTX_DAG_RUN_ID='scheduled__2026-09-17T17:30:00+00:00'
[2026-09-17T19:40:40.447+0200] {logging_mixin.py:190} INFO - Task instance is in running state
[2026-09-17T19:40:40.447+0200] {logging_mixin.py:190} INFO -  Previous state of the Task instance: queued
[2026-09-17T19:40:40.447+0200] {logging_mixin.py:190} INFO - Current task name:wait_for_csv state:running start_date:2026-09-17 17:40:40.406007+00:00
[2026-09-17T19:40:40.447+0200] {logging_mixin.py:190} INFO - Dag name:mini_riskagent_file_ingestion and current dag run status:running
[2026-09-17T19:40:40.447+0200] {taskinstance.py:732} INFO - ::endgroup::
[2026-09-17T19:40:40.449+0200] {python.py:75} INFO - Poking callable: <function check_for_csv_files at 0x10ca8ab60>
[2026-09-17T19:40:40.452+0200] {taskinstance.py:310} INFO - Rescheduling task, marking task as UP_FOR_RESCHEDULE
[2026-09-17T19:40:40.452+0200] {taskinstance.py:341} INFO - ::group::Post task execution logs
[2026-09-17T19:40:40.471+0200] {local_task_job_runner.py:266} INFO - Task exited with return code 0
[2026-09-17T19:40:40.477+0200] {taskinstance.py:3901} INFO - 0 downstream tasks scheduled from follow-on schedule check
[2026-09-17T19:40:40.477+0200] {local_task_job_runner.py:245} INFO - ::endgroup::
[2026-09-17T19:41:11.499+0200] {local_task_job_runner.py:123} INFO - ::group::Pre task execution logs
[2026-09-17T19:41:11.502+0200] {taskinstance.py:2614} INFO - Dependencies all met for dep_context=non-requeueable deps ti=<TaskInstance: mini_riskagent_file_ingestion.wait_for_csv scheduled__2026-09-17T17:30:00+00:00 [queued]>
[2026-09-17T19:41:11.503+0200] {taskinstance.py:2614} INFO - Dependencies all met for dep_context=requeueable deps ti=<TaskInstance: mini_riskagent_file_ingestion.wait_for_csv scheduled__2026-09-17T17:30:00+00:00 [queued]>
[2026-09-17T19:41:11.503+0200] {taskinstance.py:2867} INFO - Starting attempt 1 of 2
[2026-09-17T19:41:11.506+0200] {taskinstance.py:2890} INFO - Executing <Task(PythonSensor): wait_for_csv> on 2026-09-17 17:30:00+00:00
[2026-09-17T19:41:11.511+0200] {logging_mixin.py:190} WARNING - /Users/swarnalidatta/Desktop/AutoQueryChatbot/.airflow-venv/lib/python3.12/site-packages/airflow/task/task_runner/standard_task_runner.py:70 DeprecationWarning: This process (pid=77763) is multi-threaded, use of fork() may lead to deadlocks in the child.
[2026-09-17T19:41:11.510+0200] {standard_task_runner.py:104} INFO - Running: ['airflow', 'tasks', 'run', 'mini_riskagent_file_ingestion', 'wait_for_csv', 'scheduled__2026-09-17T17:30:00+00:00', '--job-id', '3586', '--raw', '--subdir', 'DAGS_FOLDER/data_ingest_pipeline.py', '--cfg-path', '/var/folders/5p/201rr1sj03g8gksxm9x48mbh0000gn/T/tmp8rrt138n']
[2026-09-17T19:41:11.511+0200] {standard_task_runner.py:72} INFO - Started process 77765 to run task
[2026-09-17T19:41:11.511+0200] {standard_task_runner.py:105} INFO - Job 3586: Subtask wait_for_csv
[2026-09-17T19:41:11.524+0200] {task_command.py:467} INFO - Running <TaskInstance: mini_riskagent_file_ingestion.wait_for_csv scheduled__2026-09-17T17:30:00+00:00 [running]> on host mac.home
[2026-09-17T19:41:11.541+0200] {taskinstance.py:3134} INFO - Exporting env vars: AIRFLOW_CTX_DAG_OWNER='autoquery' AIRFLOW_CTX_DAG_ID='mini_riskagent_file_ingestion' AIRFLOW_CTX_TASK_ID='wait_for_csv' AIRFLOW_CTX_EXECUTION_DATE='2026-09-17T17:30:00+00:00' AIRFLOW_CTX_TRY_NUMBER='1' AIRFLOW_CTX_DAG_RUN_ID='scheduled__2026-09-17T17:30:00+00:00'
[2026-09-17T19:41:11.541+0200] {logging_mixin.py:190} INFO - Task instance is in running state
[2026-09-17T19:41:11.541+0200] {logging_mixin.py:190} INFO -  Previous state of the Task instance: queued
[2026-09-17T19:41:11.541+0200] {logging_mixin.py:190} INFO - Current task name:wait_for_csv state:running start_date:2026-09-17 17:41:11.502351+00:00
[2026-09-17T19:41:11.542+0200] {logging_mixin.py:190} INFO - Dag name:mini_riskagent_file_ingestion and current dag run status:running
[2026-09-17T19:41:11.542+0200] {taskinstance.py:732} INFO - ::endgroup::
[2026-09-17T19:41:11.543+0200] {python.py:75} INFO - Poking callable: <function check_for_csv_files at 0x10d146b60>
[2026-09-17T19:41:11.546+0200] {taskinstance.py:310} INFO - Rescheduling task, marking task as UP_FOR_RESCHEDULE
[2026-09-17T19:41:11.547+0200] {taskinstance.py:341} INFO - ::group::Post task execution logs
[2026-09-17T19:41:11.567+0200] {local_task_job_runner.py:266} INFO - Task exited with return code 0
[2026-09-17T19:41:11.573+0200] {taskinstance.py:3901} INFO - 0 downstream tasks scheduled from follow-on schedule check
[2026-09-17T19:41:11.573+0200] {local_task_job_runner.py:245} INFO - ::endgroup::
[2026-09-17T19:41:44.128+0200] {local_task_job_runner.py:123} INFO - ::group::Pre task execution logs
[2026-09-17T19:41:44.131+0200] {taskinstance.py:2614} INFO - Dependencies all met for dep_context=non-requeueable deps ti=<TaskInstance: mini_riskagent_file_ingestion.wait_for_csv scheduled__2026-09-17T17:30:00+00:00 [queued]>
[2026-09-17T19:41:44.133+0200] {taskinstance.py:2614} INFO - Dependencies all met for dep_context=requeueable deps ti=<TaskInstance: mini_riskagent_file_ingestion.wait_for_csv scheduled__2026-09-17T17:30:00+00:00 [queued]>
[2026-09-17T19:41:44.133+0200] {taskinstance.py:2867} INFO - Starting attempt 1 of 2
[2026-09-17T19:41:44.136+0200] {taskinstance.py:2890} INFO - Executing <Task(PythonSensor): wait_for_csv> on 2026-09-17 17:30:00+00:00
[2026-09-17T19:41:44.141+0200] {logging_mixin.py:190} WARNING - /Users/swarnalidatta/Desktop/AutoQueryChatbot/.airflow-venv/lib/python3.12/site-packages/airflow/task/task_runner/standard_task_runner.py:70 DeprecationWarning: This process (pid=77874) is multi-threaded, use of fork() may lead to deadlocks in the child.
[2026-09-17T19:41:44.140+0200] {standard_task_runner.py:104} INFO - Running: ['airflow', 'tasks', 'run', 'mini_riskagent_file_ingestion', 'wait_for_csv', 'scheduled__2026-09-17T17:30:00+00:00', '--job-id', '3602', '--raw', '--subdir', 'DAGS_FOLDER/data_ingest_pipeline.py', '--cfg-path', '/var/folders/5p/201rr1sj03g8gksxm9x48mbh0000gn/T/tmpfr5oo4ns']
[2026-09-17T19:41:44.141+0200] {standard_task_runner.py:72} INFO - Started process 77876 to run task
[2026-09-17T19:41:44.141+0200] {standard_task_runner.py:105} INFO - Job 3602: Subtask wait_for_csv
[2026-09-17T19:41:44.157+0200] {task_command.py:467} INFO - Running <TaskInstance: mini_riskagent_file_ingestion.wait_for_csv scheduled__2026-09-17T17:30:00+00:00 [running]> on host mac.home
[2026-09-17T19:41:44.173+0200] {taskinstance.py:3134} INFO - Exporting env vars: AIRFLOW_CTX_DAG_OWNER='autoquery' AIRFLOW_CTX_DAG_ID='mini_riskagent_file_ingestion' AIRFLOW_CTX_TASK_ID='wait_for_csv' AIRFLOW_CTX_EXECUTION_DATE='2026-09-17T17:30:00+00:00' AIRFLOW_CTX_TRY_NUMBER='1' AIRFLOW_CTX_DAG_RUN_ID='scheduled__2026-09-17T17:30:00+00:00'
[2026-09-17T19:41:44.173+0200] {logging_mixin.py:190} INFO - Task instance is in running state
[2026-09-17T19:41:44.174+0200] {logging_mixin.py:190} INFO -  Previous state of the Task instance: queued
[2026-09-17T19:41:44.174+0200] {logging_mixin.py:190} INFO - Current task name:wait_for_csv state:running start_date:2026-09-17 17:41:44.131760+00:00
[2026-09-17T19:41:44.174+0200] {logging_mixin.py:190} INFO - Dag name:mini_riskagent_file_ingestion and current dag run status:running
[2026-09-17T19:41:44.174+0200] {taskinstance.py:732} INFO - ::endgroup::
[2026-09-17T19:41:44.175+0200] {python.py:75} INFO - Poking callable: <function check_for_csv_files at 0x10c87eb60>
[2026-09-17T19:41:44.179+0200] {taskinstance.py:310} INFO - Rescheduling task, marking task as UP_FOR_RESCHEDULE
[2026-09-17T19:41:44.179+0200] {taskinstance.py:341} INFO - ::group::Post task execution logs
[2026-09-17T19:41:44.197+0200] {local_task_job_runner.py:266} INFO - Task exited with return code 0
[2026-09-17T19:41:44.203+0200] {taskinstance.py:3901} INFO - 0 downstream tasks scheduled from follow-on schedule check
[2026-09-17T19:41:44.203+0200] {local_task_job_runner.py:245} INFO - ::endgroup::
[2026-09-17T19:42:23.036+0200] {local_task_job_runner.py:123} INFO - ::group::Pre task execution logs
[2026-09-17T19:42:23.039+0200] {taskinstance.py:2614} INFO - Dependencies all met for dep_context=non-requeueable deps ti=<TaskInstance: mini_riskagent_file_ingestion.wait_for_csv scheduled__2026-09-17T17:30:00+00:00 [queued]>
[2026-09-17T19:42:23.041+0200] {taskinstance.py:2614} INFO - Dependencies all met for dep_context=requeueable deps ti=<TaskInstance: mini_riskagent_file_ingestion.wait_for_csv scheduled__2026-09-17T17:30:00+00:00 [queued]>
[2026-09-17T19:42:23.041+0200] {taskinstance.py:2867} INFO - Starting attempt 1 of 2
[2026-09-17T19:42:23.044+0200] {taskinstance.py:2890} INFO - Executing <Task(PythonSensor): wait_for_csv> on 2026-09-17 17:30:00+00:00
[2026-09-17T19:42:23.048+0200] {logging_mixin.py:190} WARNING - /Users/swarnalidatta/Desktop/AutoQueryChatbot/.airflow-venv/lib/python3.12/site-packages/airflow/task/task_runner/standard_task_runner.py:70 DeprecationWarning: This process (pid=78014) is multi-threaded, use of fork() may lead to deadlocks in the child.
[2026-09-17T19:42:23.049+0200] {standard_task_runner.py:72} INFO - Started process 78016 to run task
[2026-09-17T19:42:23.048+0200] {standard_task_runner.py:104} INFO - Running: ['airflow', 'tasks', 'run', 'mini_riskagent_file_ingestion', 'wait_for_csv', 'scheduled__2026-09-17T17:30:00+00:00', '--job-id', '3627', '--raw', '--subdir', 'DAGS_FOLDER/data_ingest_pipeline.py', '--cfg-path', '/var/folders/5p/201rr1sj03g8gksxm9x48mbh0000gn/T/tmpkrsogkpw']
[2026-09-17T19:42:23.049+0200] {standard_task_runner.py:105} INFO - Job 3627: Subtask wait_for_csv
[2026-09-17T19:42:23.062+0200] {task_command.py:467} INFO - Running <TaskInstance: mini_riskagent_file_ingestion.wait_for_csv scheduled__2026-09-17T17:30:00+00:00 [running]> on host mac.home
[2026-09-17T19:42:23.083+0200] {taskinstance.py:3134} INFO - Exporting env vars: AIRFLOW_CTX_DAG_OWNER='autoquery' AIRFLOW_CTX_DAG_ID='mini_riskagent_file_ingestion' AIRFLOW_CTX_TASK_ID='wait_for_csv' AIRFLOW_CTX_EXECUTION_DATE='2026-09-17T17:30:00+00:00' AIRFLOW_CTX_TRY_NUMBER='1' AIRFLOW_CTX_DAG_RUN_ID='scheduled__2026-09-17T17:30:00+00:00'
[2026-09-17T19:42:23.083+0200] {logging_mixin.py:190} INFO - Task instance is in running state
[2026-09-17T19:42:23.083+0200] {logging_mixin.py:190} INFO -  Previous state of the Task instance: queued
[2026-09-17T19:42:23.084+0200] {logging_mixin.py:190} INFO - Current task name:wait_for_csv state:running start_date:2026-09-17 17:42:23.039805+00:00
[2026-09-17T19:42:23.084+0200] {logging_mixin.py:190} INFO - Dag name:mini_riskagent_file_ingestion and current dag run status:running
[2026-09-17T19:42:23.084+0200] {taskinstance.py:732} INFO - ::endgroup::
[2026-09-17T19:42:23.086+0200] {python.py:75} INFO - Poking callable: <function check_for_csv_files at 0x10e826b60>
[2026-09-17T19:42:23.086+0200] {base.py:339} INFO - Success criteria met. Exiting.
[2026-09-17T19:42:23.088+0200] {taskinstance.py:341} INFO - ::group::Post task execution logs
[2026-09-17T19:42:23.088+0200] {taskinstance.py:353} INFO - Marking task as SUCCESS. dag_id=mini_riskagent_file_ingestion, task_id=wait_for_csv, run_id=scheduled__2026-09-17T17:30:00+00:00, execution_date=20260917T173000, start_date=20260917T174223, end_date=20260917T174223
[2026-09-17T19:42:23.092+0200] {logging_mixin.py:190} INFO - Task instance in success state
[2026-09-17T19:42:23.092+0200] {logging_mixin.py:190} INFO -  Previous state of the Task instance: running
[2026-09-17T19:42:23.092+0200] {logging_mixin.py:190} INFO - Dag name:mini_riskagent_file_ingestion queued_at:2026-09-17 17:31:01.693305+00:00
[2026-09-17T19:42:23.092+0200] {logging_mixin.py:190} INFO - Task hostname:mac.home operator:PythonSensor
[2026-09-17T19:42:23.104+0200] {local_task_job_runner.py:266} INFO - Task exited with return code 0
[2026-09-17T19:42:23.113+0200] {taskinstance.py:3901} INFO - 1 downstream tasks scheduled from follow-on schedule check
[2026-09-17T19:42:23.113+0200] {local_task_job_runner.py:245} INFO - ::endgroup::
