[2026-09-05T14:34:02.351+0200] {local_task_job_runner.py:123} INFO - ::group::Pre task execution logs
[2026-09-05T14:34:02.354+0200] {taskinstance.py:2614} INFO - Dependencies all met for dep_context=non-requeueable deps ti=<TaskInstance: mini_riskagent_file_ingestion.wait_for_csv scheduled__2026-09-05T12:33:00+00:00 [queued]>
[2026-09-05T14:34:02.356+0200] {taskinstance.py:2614} INFO - Dependencies all met for dep_context=requeueable deps ti=<TaskInstance: mini_riskagent_file_ingestion.wait_for_csv scheduled__2026-09-05T12:33:00+00:00 [queued]>
[2026-09-05T14:34:02.356+0200] {taskinstance.py:2867} INFO - Starting attempt 1 of 2
[2026-09-05T14:34:02.359+0200] {taskinstance.py:2890} INFO - Executing <Task(PythonSensor): wait_for_csv> on 2026-09-05 12:33:00+00:00
[2026-09-05T14:34:02.362+0200] {standard_task_runner.py:104} INFO - Running: ['airflow', 'tasks', 'run', 'mini_riskagent_file_ingestion', 'wait_for_csv', 'scheduled__2026-09-05T12:33:00+00:00', '--job-id', '6', '--raw', '--subdir', 'DAGS_FOLDER/data_ingest_pipeline.py', '--cfg-path', '/var/folders/5p/201rr1sj03g8gksxm9x48mbh0000gn/T/tmpb9nooxjc']
[2026-09-05T14:34:02.363+0200] {standard_task_runner.py:105} INFO - Job 6: Subtask wait_for_csv
[2026-09-05T14:34:02.364+0200] {logging_mixin.py:190} WARNING - /Users/swarnalidatta/Desktop/AutoQueryChatbot/.airflow-venv/lib/python3.12/site-packages/airflow/task/task_runner/standard_task_runner.py:70 DeprecationWarning: This process (pid=6062) is multi-threaded, use of fork() may lead to deadlocks in the child.
[2026-09-05T14:34:02.364+0200] {standard_task_runner.py:72} INFO - Started process 6064 to run task
[2026-09-05T14:34:02.416+0200] {task_command.py:467} INFO - Running <TaskInstance: mini_riskagent_file_ingestion.wait_for_csv scheduled__2026-09-05T12:33:00+00:00 [running]> on host mac.home
[2026-09-05T14:34:02.430+0200] {taskinstance.py:3134} INFO - Exporting env vars: AIRFLOW_CTX_DAG_OWNER='autoquery' AIRFLOW_CTX_DAG_ID='mini_riskagent_file_ingestion' AIRFLOW_CTX_TASK_ID='wait_for_csv' AIRFLOW_CTX_EXECUTION_DATE='2026-09-05T12:33:00+00:00' AIRFLOW_CTX_TRY_NUMBER='1' AIRFLOW_CTX_DAG_RUN_ID='scheduled__2026-09-05T12:33:00+00:00'
[2026-09-05T14:34:02.430+0200] {logging_mixin.py:190} INFO - Task instance is in running state
[2026-09-05T14:34:02.430+0200] {logging_mixin.py:190} INFO -  Previous state of the Task instance: queued
[2026-09-05T14:34:02.431+0200] {logging_mixin.py:190} INFO - Current task name:wait_for_csv state:running start_date:2026-09-05 12:34:02.354851+00:00
[2026-09-05T14:34:02.431+0200] {logging_mixin.py:190} INFO - Dag name:mini_riskagent_file_ingestion and current dag run status:running
[2026-09-05T14:34:02.431+0200] {taskinstance.py:732} INFO - ::endgroup::
[2026-09-05T14:34:02.432+0200] {python.py:75} INFO - Poking callable: <function check_for_csv_files at 0x10a3c8c20>
[2026-09-05T14:34:02.436+0200] {taskinstance.py:310} INFO - Rescheduling task, marking task as UP_FOR_RESCHEDULE
[2026-09-05T14:34:02.436+0200] {taskinstance.py:341} INFO - ::group::Post task execution logs
[2026-09-05T14:34:02.461+0200] {local_task_job_runner.py:266} INFO - Task exited with return code 0
[2026-09-05T14:34:02.498+0200] {taskinstance.py:3901} INFO - 0 downstream tasks scheduled from follow-on schedule check
[2026-09-05T14:34:02.498+0200] {local_task_job_runner.py:245} INFO - ::endgroup::
[2026-09-05T14:34:34.245+0200] {local_task_job_runner.py:123} INFO - ::group::Pre task execution logs
[2026-09-05T14:34:34.248+0200] {taskinstance.py:2614} INFO - Dependencies all met for dep_context=non-requeueable deps ti=<TaskInstance: mini_riskagent_file_ingestion.wait_for_csv scheduled__2026-09-05T12:33:00+00:00 [queued]>
[2026-09-05T14:34:34.250+0200] {taskinstance.py:2614} INFO - Dependencies all met for dep_context=requeueable deps ti=<TaskInstance: mini_riskagent_file_ingestion.wait_for_csv scheduled__2026-09-05T12:33:00+00:00 [queued]>
[2026-09-05T14:34:34.250+0200] {taskinstance.py:2867} INFO - Starting attempt 1 of 2
[2026-09-05T14:34:34.253+0200] {taskinstance.py:2890} INFO - Executing <Task(PythonSensor): wait_for_csv> on 2026-09-05 12:33:00+00:00
[2026-09-05T14:34:34.257+0200] {standard_task_runner.py:104} INFO - Running: ['airflow', 'tasks', 'run', 'mini_riskagent_file_ingestion', 'wait_for_csv', 'scheduled__2026-09-05T12:33:00+00:00', '--job-id', '8', '--raw', '--subdir', 'DAGS_FOLDER/data_ingest_pipeline.py', '--cfg-path', '/var/folders/5p/201rr1sj03g8gksxm9x48mbh0000gn/T/tmp6ir3r3nt']
[2026-09-05T14:34:34.258+0200] {standard_task_runner.py:105} INFO - Job 8: Subtask wait_for_csv
[2026-09-05T14:34:34.258+0200] {logging_mixin.py:190} WARNING - /Users/swarnalidatta/Desktop/AutoQueryChatbot/.airflow-venv/lib/python3.12/site-packages/airflow/task/task_runner/standard_task_runner.py:70 DeprecationWarning: This process (pid=6144) is multi-threaded, use of fork() may lead to deadlocks in the child.
[2026-09-05T14:34:34.258+0200] {standard_task_runner.py:72} INFO - Started process 6146 to run task
[2026-09-05T14:34:34.310+0200] {task_command.py:467} INFO - Running <TaskInstance: mini_riskagent_file_ingestion.wait_for_csv scheduled__2026-09-05T12:33:00+00:00 [running]> on host mac.home
[2026-09-05T14:34:34.324+0200] {taskinstance.py:3134} INFO - Exporting env vars: AIRFLOW_CTX_DAG_OWNER='autoquery' AIRFLOW_CTX_DAG_ID='mini_riskagent_file_ingestion' AIRFLOW_CTX_TASK_ID='wait_for_csv' AIRFLOW_CTX_EXECUTION_DATE='2026-09-05T12:33:00+00:00' AIRFLOW_CTX_TRY_NUMBER='1' AIRFLOW_CTX_DAG_RUN_ID='scheduled__2026-09-05T12:33:00+00:00'
[2026-09-05T14:34:34.324+0200] {logging_mixin.py:190} INFO - Task instance is in running state
[2026-09-05T14:34:34.324+0200] {logging_mixin.py:190} INFO -  Previous state of the Task instance: queued
[2026-09-05T14:34:34.324+0200] {logging_mixin.py:190} INFO - Current task name:wait_for_csv state:running start_date:2026-09-05 12:34:34.248674+00:00
[2026-09-05T14:34:34.325+0200] {logging_mixin.py:190} INFO - Dag name:mini_riskagent_file_ingestion and current dag run status:running
[2026-09-05T14:34:34.325+0200] {taskinstance.py:732} INFO - ::endgroup::
[2026-09-05T14:34:34.326+0200] {python.py:75} INFO - Poking callable: <function check_for_csv_files at 0x10c960c20>
[2026-09-05T14:34:34.329+0200] {taskinstance.py:310} INFO - Rescheduling task, marking task as UP_FOR_RESCHEDULE
[2026-09-05T14:34:34.330+0200] {taskinstance.py:341} INFO - ::group::Post task execution logs
[2026-09-05T14:34:34.355+0200] {local_task_job_runner.py:266} INFO - Task exited with return code 0
[2026-09-05T14:34:34.398+0200] {taskinstance.py:3901} INFO - 0 downstream tasks scheduled from follow-on schedule check
[2026-09-05T14:34:34.398+0200] {local_task_job_runner.py:245} INFO - ::endgroup::
[2026-09-05T14:35:05.192+0200] {local_task_job_runner.py:123} INFO - ::group::Pre task execution logs
[2026-09-05T14:35:05.195+0200] {taskinstance.py:2614} INFO - Dependencies all met for dep_context=non-requeueable deps ti=<TaskInstance: mini_riskagent_file_ingestion.wait_for_csv scheduled__2026-09-05T12:33:00+00:00 [queued]>
[2026-09-05T14:35:05.197+0200] {taskinstance.py:2614} INFO - Dependencies all met for dep_context=requeueable deps ti=<TaskInstance: mini_riskagent_file_ingestion.wait_for_csv scheduled__2026-09-05T12:33:00+00:00 [queued]>
[2026-09-05T14:35:05.197+0200] {taskinstance.py:2867} INFO - Starting attempt 1 of 2
[2026-09-05T14:35:05.200+0200] {taskinstance.py:2890} INFO - Executing <Task(PythonSensor): wait_for_csv> on 2026-09-05 12:33:00+00:00
[2026-09-05T14:35:05.205+0200] {standard_task_runner.py:104} INFO - Running: ['airflow', 'tasks', 'run', 'mini_riskagent_file_ingestion', 'wait_for_csv', 'scheduled__2026-09-05T12:33:00+00:00', '--job-id', '11', '--raw', '--subdir', 'DAGS_FOLDER/data_ingest_pipeline.py', '--cfg-path', '/var/folders/5p/201rr1sj03g8gksxm9x48mbh0000gn/T/tmptu_frfak']
[2026-09-05T14:35:05.206+0200] {standard_task_runner.py:105} INFO - Job 11: Subtask wait_for_csv
[2026-09-05T14:35:05.206+0200] {logging_mixin.py:190} WARNING - /Users/swarnalidatta/Desktop/AutoQueryChatbot/.airflow-venv/lib/python3.12/site-packages/airflow/task/task_runner/standard_task_runner.py:70 DeprecationWarning: This process (pid=6223) is multi-threaded, use of fork() may lead to deadlocks in the child.
[2026-09-05T14:35:05.207+0200] {standard_task_runner.py:72} INFO - Started process 6225 to run task
[2026-09-05T14:35:05.262+0200] {task_command.py:467} INFO - Running <TaskInstance: mini_riskagent_file_ingestion.wait_for_csv scheduled__2026-09-05T12:33:00+00:00 [running]> on host mac.home
[2026-09-05T14:35:05.277+0200] {taskinstance.py:3134} INFO - Exporting env vars: AIRFLOW_CTX_DAG_OWNER='autoquery' AIRFLOW_CTX_DAG_ID='mini_riskagent_file_ingestion' AIRFLOW_CTX_TASK_ID='wait_for_csv' AIRFLOW_CTX_EXECUTION_DATE='2026-09-05T12:33:00+00:00' AIRFLOW_CTX_TRY_NUMBER='1' AIRFLOW_CTX_DAG_RUN_ID='scheduled__2026-09-05T12:33:00+00:00'
[2026-09-05T14:35:05.277+0200] {logging_mixin.py:190} INFO - Task instance is in running state
[2026-09-05T14:35:05.277+0200] {logging_mixin.py:190} INFO -  Previous state of the Task instance: queued
[2026-09-05T14:35:05.277+0200] {logging_mixin.py:190} INFO - Current task name:wait_for_csv state:running start_date:2026-09-05 12:35:05.195924+00:00
[2026-09-05T14:35:05.278+0200] {logging_mixin.py:190} INFO - Dag name:mini_riskagent_file_ingestion and current dag run status:running
[2026-09-05T14:35:05.278+0200] {taskinstance.py:732} INFO - ::endgroup::
[2026-09-05T14:35:05.279+0200] {python.py:75} INFO - Poking callable: <function check_for_csv_files at 0x1112d0c20>
[2026-09-05T14:35:05.282+0200] {taskinstance.py:310} INFO - Rescheduling task, marking task as UP_FOR_RESCHEDULE
[2026-09-05T14:35:05.283+0200] {taskinstance.py:341} INFO - ::group::Post task execution logs
[2026-09-05T14:35:05.303+0200] {local_task_job_runner.py:266} INFO - Task exited with return code 0
[2026-09-05T14:35:05.344+0200] {taskinstance.py:3901} INFO - 0 downstream tasks scheduled from follow-on schedule check
[2026-09-05T14:35:05.344+0200] {local_task_job_runner.py:245} INFO - ::endgroup::
[2026-09-05T14:35:36.724+0200] {local_task_job_runner.py:123} INFO - ::group::Pre task execution logs
[2026-09-05T14:35:36.727+0200] {taskinstance.py:2614} INFO - Dependencies all met for dep_context=non-requeueable deps ti=<TaskInstance: mini_riskagent_file_ingestion.wait_for_csv scheduled__2026-09-05T12:33:00+00:00 [queued]>
[2026-09-05T14:35:36.728+0200] {taskinstance.py:2614} INFO - Dependencies all met for dep_context=requeueable deps ti=<TaskInstance: mini_riskagent_file_ingestion.wait_for_csv scheduled__2026-09-05T12:33:00+00:00 [queued]>
[2026-09-05T14:35:36.728+0200] {taskinstance.py:2867} INFO - Starting attempt 1 of 2
[2026-09-05T14:35:36.731+0200] {taskinstance.py:2890} INFO - Executing <Task(PythonSensor): wait_for_csv> on 2026-09-05 12:33:00+00:00
[2026-09-05T14:35:36.735+0200] {standard_task_runner.py:104} INFO - Running: ['airflow', 'tasks', 'run', 'mini_riskagent_file_ingestion', 'wait_for_csv', 'scheduled__2026-09-05T12:33:00+00:00', '--job-id', '15', '--raw', '--subdir', 'DAGS_FOLDER/data_ingest_pipeline.py', '--cfg-path', '/var/folders/5p/201rr1sj03g8gksxm9x48mbh0000gn/T/tmp9vfq1hbk']
[2026-09-05T14:35:36.736+0200] {standard_task_runner.py:105} INFO - Job 15: Subtask wait_for_csv
[2026-09-05T14:35:36.736+0200] {logging_mixin.py:190} WARNING - /Users/swarnalidatta/Desktop/AutoQueryChatbot/.airflow-venv/lib/python3.12/site-packages/airflow/task/task_runner/standard_task_runner.py:70 DeprecationWarning: This process (pid=6302) is multi-threaded, use of fork() may lead to deadlocks in the child.
[2026-09-05T14:35:36.737+0200] {standard_task_runner.py:72} INFO - Started process 6304 to run task
[2026-09-05T14:35:36.789+0200] {task_command.py:467} INFO - Running <TaskInstance: mini_riskagent_file_ingestion.wait_for_csv scheduled__2026-09-05T12:33:00+00:00 [running]> on host mac.home
[2026-09-05T14:35:36.803+0200] {taskinstance.py:3134} INFO - Exporting env vars: AIRFLOW_CTX_DAG_OWNER='autoquery' AIRFLOW_CTX_DAG_ID='mini_riskagent_file_ingestion' AIRFLOW_CTX_TASK_ID='wait_for_csv' AIRFLOW_CTX_EXECUTION_DATE='2026-09-05T12:33:00+00:00' AIRFLOW_CTX_TRY_NUMBER='1' AIRFLOW_CTX_DAG_RUN_ID='scheduled__2026-09-05T12:33:00+00:00'
[2026-09-05T14:35:36.804+0200] {logging_mixin.py:190} INFO - Task instance is in running state
[2026-09-05T14:35:36.804+0200] {logging_mixin.py:190} INFO -  Previous state of the Task instance: queued
[2026-09-05T14:35:36.804+0200] {logging_mixin.py:190} INFO - Current task name:wait_for_csv state:running start_date:2026-09-05 12:35:36.727347+00:00
[2026-09-05T14:35:36.804+0200] {logging_mixin.py:190} INFO - Dag name:mini_riskagent_file_ingestion and current dag run status:running
[2026-09-05T14:35:36.804+0200] {taskinstance.py:732} INFO - ::endgroup::
[2026-09-05T14:35:36.806+0200] {python.py:75} INFO - Poking callable: <function check_for_csv_files at 0x10c700c20>
[2026-09-05T14:35:36.806+0200] {base.py:339} INFO - Success criteria met. Exiting.
[2026-09-05T14:35:36.807+0200] {taskinstance.py:341} INFO - ::group::Post task execution logs
[2026-09-05T14:35:36.808+0200] {taskinstance.py:353} INFO - Marking task as SUCCESS. dag_id=mini_riskagent_file_ingestion, task_id=wait_for_csv, run_id=scheduled__2026-09-05T12:33:00+00:00, execution_date=20260905T123300, start_date=20260905T123536, end_date=20260905T123536
[2026-09-05T14:35:36.811+0200] {logging_mixin.py:190} INFO - Task instance in success state
[2026-09-05T14:35:36.811+0200] {logging_mixin.py:190} INFO -  Previous state of the Task instance: running
[2026-09-05T14:35:36.812+0200] {logging_mixin.py:190} INFO - Dag name:mini_riskagent_file_ingestion queued_at:2026-09-05 12:34:01.535059+00:00
[2026-09-05T14:35:36.812+0200] {logging_mixin.py:190} INFO - Task hostname:mac.home operator:PythonSensor
[2026-09-05T14:35:36.833+0200] {local_task_job_runner.py:266} INFO - Task exited with return code 0
[2026-09-05T14:35:36.871+0200] {taskinstance.py:3901} INFO - 1 downstream tasks scheduled from follow-on schedule check
[2026-09-05T14:35:36.872+0200] {local_task_job_runner.py:245} INFO - ::endgroup::
