[2026-09-05T14:43:04.612+0200] {local_task_job_runner.py:123} INFO - ::group::Pre task execution logs
[2026-09-05T14:43:04.616+0200] {taskinstance.py:2614} INFO - Dependencies all met for dep_context=non-requeueable deps ti=<TaskInstance: mini_riskagent_file_ingestion.load_data_to_all_staging_tables scheduled__2026-09-05T12:42:00+00:00 [queued]>
[2026-09-05T14:43:04.618+0200] {taskinstance.py:2614} INFO - Dependencies all met for dep_context=requeueable deps ti=<TaskInstance: mini_riskagent_file_ingestion.load_data_to_all_staging_tables scheduled__2026-09-05T12:42:00+00:00 [queued]>
[2026-09-05T14:43:04.618+0200] {taskinstance.py:2867} INFO - Starting attempt 1 of 2
[2026-09-05T14:43:04.621+0200] {taskinstance.py:2890} INFO - Executing <Task(PythonOperator): load_data_to_all_staging_tables> on 2026-09-05 12:42:00+00:00
[2026-09-05T14:43:04.626+0200] {standard_task_runner.py:104} INFO - Running: ['airflow', 'tasks', 'run', 'mini_riskagent_file_ingestion', 'load_data_to_all_staging_tables', 'scheduled__2026-09-05T12:42:00+00:00', '--job-id', '41', '--raw', '--subdir', 'DAGS_FOLDER/data_ingest_pipeline.py', '--cfg-path', '/var/folders/5p/201rr1sj03g8gksxm9x48mbh0000gn/T/tmp8bmkkz1x']
[2026-09-05T14:43:04.626+0200] {standard_task_runner.py:105} INFO - Job 41: Subtask load_data_to_all_staging_tables
[2026-09-05T14:43:04.676+0200] {logging_mixin.py:190} WARNING - /Users/swarnalidatta/Desktop/AutoQueryChatbot/.airflow-venv/lib/python3.12/site-packages/airflow/task/task_runner/standard_task_runner.py:70 DeprecationWarning: This process (pid=7357) is multi-threaded, use of fork() may lead to deadlocks in the child.
[2026-09-05T14:43:04.677+0200] {standard_task_runner.py:72} INFO - Started process 7363 to run task
[2026-09-05T14:43:04.690+0200] {task_command.py:467} INFO - Running <TaskInstance: mini_riskagent_file_ingestion.load_data_to_all_staging_tables scheduled__2026-09-05T12:42:00+00:00 [running]> on host mac.home
[2026-09-05T14:43:04.705+0200] {taskinstance.py:3134} INFO - Exporting env vars: AIRFLOW_CTX_DAG_OWNER='autoquery' AIRFLOW_CTX_DAG_ID='mini_riskagent_file_ingestion' AIRFLOW_CTX_TASK_ID='load_data_to_all_staging_tables' AIRFLOW_CTX_EXECUTION_DATE='2026-09-05T12:42:00+00:00' AIRFLOW_CTX_TRY_NUMBER='1' AIRFLOW_CTX_DAG_RUN_ID='scheduled__2026-09-05T12:42:00+00:00'
[2026-09-05T14:43:04.705+0200] {logging_mixin.py:190} INFO - Task instance is in running state
[2026-09-05T14:43:04.705+0200] {logging_mixin.py:190} INFO -  Previous state of the Task instance: queued
[2026-09-05T14:43:04.706+0200] {logging_mixin.py:190} INFO - Current task name:load_data_to_all_staging_tables state:running start_date:2026-09-05 12:43:04.616518+00:00
[2026-09-05T14:43:04.706+0200] {logging_mixin.py:190} INFO - Dag name:mini_riskagent_file_ingestion and current dag run status:running
[2026-09-05T14:43:04.706+0200] {taskinstance.py:732} INFO - ::endgroup::
[2026-09-05T14:43:04.713+0200] {logging_mixin.py:190} INFO - Error loading data to staging: unconverted data remains:  copy
[2026-09-05T14:43:04.714+0200] {taskinstance.py:3313} ERROR - Task failed with exception
Traceback (most recent call last):
  File "/Users/swarnalidatta/Desktop/AutoQueryChatbot/.airflow-venv/lib/python3.12/site-packages/airflow/models/taskinstance.py", line 768, in _execute_task
    result = _execute_callable(context=context, **execute_callable_kwargs)
             ^^^^^^^^^^^^^^^^^^^^^^^^^^^^^^^^^^^^^^^^^^^^^^^^^^^^^^^^^^^^^
  File "/Users/swarnalidatta/Desktop/AutoQueryChatbot/.airflow-venv/lib/python3.12/site-packages/airflow/models/taskinstance.py", line 734, in _execute_callable
    return ExecutionCallableRunner(
           ^^^^^^^^^^^^^^^^^^^^^^^^
  File "/Users/swarnalidatta/Desktop/AutoQueryChatbot/.airflow-venv/lib/python3.12/site-packages/airflow/utils/operator_helpers.py", line 252, in run
    return self.func(*args, **kwargs)
           ^^^^^^^^^^^^^^^^^^^^^^^^^^
  File "/Users/swarnalidatta/Desktop/AutoQueryChatbot/.airflow-venv/lib/python3.12/site-packages/airflow/models/baseoperator.py", line 424, in wrapper
    return func(self, *args, **kwargs)
           ^^^^^^^^^^^^^^^^^^^^^^^^^^^
  File "/Users/swarnalidatta/Desktop/AutoQueryChatbot/.airflow-venv/lib/python3.12/site-packages/airflow/operators/python.py", line 238, in execute
    return_value = self.execute_callable()
                   ^^^^^^^^^^^^^^^^^^^^^^^
  File "/Users/swarnalidatta/Desktop/AutoQueryChatbot/.airflow-venv/lib/python3.12/site-packages/airflow/operators/python.py", line 256, in execute_callable
    return runner.run(*self.op_args, **self.op_kwargs)
           ^^^^^^^^^^^^^^^^^^^^^^^^^^^^^^^^^^^^^^^^^^^
  File "/Users/swarnalidatta/Desktop/AutoQueryChatbot/.airflow-venv/lib/python3.12/site-packages/airflow/utils/operator_helpers.py", line 252, in run
    return self.func(*args, **kwargs)
           ^^^^^^^^^^^^^^^^^^^^^^^^^^
  File "/Users/swarnalidatta/Desktop/AutoQueryChatbot/Airflow/DAG/data_ingest_pipeline.py", line 25, in load_data_to_staging
    load_data_to_all_stages(str(DATA_INPUT_DIR), conn)
  File "/Users/swarnalidatta/Desktop/AutoQueryChatbot/stage_load.py", line 59, in load_data_to_all_stages
    load_data_to_customer_stage(data_file_dir, 'customer', conn)
  File "/Users/swarnalidatta/Desktop/AutoQueryChatbot/stage_load.py", line 19, in load_data_to_customer_stage
    file_arriving_date = datetime.strptime(
                         ^^^^^^^^^^^^^^^^^^
  File "/opt/homebrew/Cellar/python@3.12/3.12.14/Frameworks/Python.framework/Versions/3.12/lib/python3.12/_strptime.py", line 653, in _strptime_datetime
    tt, fraction, gmtoff_fraction = _strptime(data_string, format)
                                    ^^^^^^^^^^^^^^^^^^^^^^^^^^^^^^
  File "/opt/homebrew/Cellar/python@3.12/3.12.14/Frameworks/Python.framework/Versions/3.12/lib/python3.12/_strptime.py", line 435, in _strptime
    raise ValueError("unconverted data remains: %s" %
ValueError: unconverted data remains:  copy
[2026-09-05T14:43:04.717+0200] {logging_mixin.py:190} INFO - Task instance in failure state
[2026-09-05T14:43:04.717+0200] {logging_mixin.py:190} INFO - Task start:2026-09-05 12:43:04.616518+00:00 end:2026-09-05 12:43:04.717373+00:00 duration:0.100855
[2026-09-05T14:43:04.717+0200] {logging_mixin.py:190} INFO - Task:<Task(PythonOperator): load_data_to_all_staging_tables> dag:<DAG: mini_riskagent_file_ingestion> dagrun:<DagRun mini_riskagent_file_ingestion @ 2026-09-05 12:42:00+00:00: scheduled__2026-09-05T12:42:00+00:00, state:running, queued_at: 2026-09-05 12:43:01.948332+00:00. externally triggered: False>
[2026-09-05T14:43:04.718+0200] {logging_mixin.py:190} INFO - Failure caused by unconverted data remains:  copy
[2026-09-05T14:43:04.718+0200] {taskinstance.py:1226} INFO - Marking task as UP_FOR_RETRY. dag_id=mini_riskagent_file_ingestion, task_id=load_data_to_all_staging_tables, run_id=scheduled__2026-09-05T12:42:00+00:00, execution_date=20260905T124200, start_date=20260905T124304, end_date=20260905T124304
[2026-09-05T14:43:04.723+0200] {taskinstance.py:341} INFO - ::group::Post task execution logs
[2026-09-05T14:43:04.723+0200] {standard_task_runner.py:124} ERROR - Failed to execute job 41 for task load_data_to_all_staging_tables (unconverted data remains:  copy; 7363)
Traceback (most recent call last):
  File "/Users/swarnalidatta/Desktop/AutoQueryChatbot/.airflow-venv/lib/python3.12/site-packages/airflow/task/task_runner/standard_task_runner.py", line 117, in _start_by_fork
    ret = args.func(args, dag=self.dag)
          ^^^^^^^^^^^^^^^^^^^^^^^^^^^^^
  File "/Users/swarnalidatta/Desktop/AutoQueryChatbot/.airflow-venv/lib/python3.12/site-packages/airflow/cli/cli_config.py", line 49, in command
    return func(*args, **kwargs)
           ^^^^^^^^^^^^^^^^^^^^^
  File "/Users/swarnalidatta/Desktop/AutoQueryChatbot/.airflow-venv/lib/python3.12/site-packages/airflow/utils/cli.py", line 116, in wrapper
    return f(*args, **kwargs)
           ^^^^^^^^^^^^^^^^^^
  File "/Users/swarnalidatta/Desktop/AutoQueryChatbot/.airflow-venv/lib/python3.12/site-packages/airflow/cli/commands/task_command.py", line 483, in task_run
    task_return_code = _run_task_by_selected_method(args, _dag, ti)
                       ^^^^^^^^^^^^^^^^^^^^^^^^^^^^^^^^^^^^^^^^^^^^
  File "/Users/swarnalidatta/Desktop/AutoQueryChatbot/.airflow-venv/lib/python3.12/site-packages/airflow/cli/commands/task_command.py", line 256, in _run_task_by_selected_method
    return _run_raw_task(args, ti)
           ^^^^^^^^^^^^^^^^^^^^^^^
  File "/Users/swarnalidatta/Desktop/AutoQueryChatbot/.airflow-venv/lib/python3.12/site-packages/airflow/cli/commands/task_command.py", line 341, in _run_raw_task
    return ti._run_raw_task(
           ^^^^^^^^^^^^^^^^^
  File "/Users/swarnalidatta/Desktop/AutoQueryChatbot/.airflow-venv/lib/python3.12/site-packages/airflow/utils/session.py", line 97, in wrapper
    return func(*args, session=session, **kwargs)
           ^^^^^^^^^^^^^^^^^^^^^^^^^^^^^^^^^^^^^^
  File "/Users/swarnalidatta/Desktop/AutoQueryChatbot/.airflow-venv/lib/python3.12/site-packages/airflow/models/taskinstance.py", line 3006, in _run_raw_task
    return _run_raw_task(
           ^^^^^^^^^^^^^^
  File "/Users/swarnalidatta/Desktop/AutoQueryChatbot/.airflow-venv/lib/python3.12/site-packages/airflow/models/taskinstance.py", line 274, in _run_raw_task
    TaskInstance._execute_task_with_callbacks(
  File "/Users/swarnalidatta/Desktop/AutoQueryChatbot/.airflow-venv/lib/python3.12/site-packages/airflow/models/taskinstance.py", line 3161, in _execute_task_with_callbacks
    result = self._execute_task(context, task_orig)
             ^^^^^^^^^^^^^^^^^^^^^^^^^^^^^^^^^^^^^^
  File "/Users/swarnalidatta/Desktop/AutoQueryChatbot/.airflow-venv/lib/python3.12/site-packages/airflow/models/taskinstance.py", line 3185, in _execute_task
    return _execute_task(self, context, task_orig)
           ^^^^^^^^^^^^^^^^^^^^^^^^^^^^^^^^^^^^^^^
  File "/Users/swarnalidatta/Desktop/AutoQueryChatbot/.airflow-venv/lib/python3.12/site-packages/airflow/models/taskinstance.py", line 768, in _execute_task
    result = _execute_callable(context=context, **execute_callable_kwargs)
             ^^^^^^^^^^^^^^^^^^^^^^^^^^^^^^^^^^^^^^^^^^^^^^^^^^^^^^^^^^^^^
  File "/Users/swarnalidatta/Desktop/AutoQueryChatbot/.airflow-venv/lib/python3.12/site-packages/airflow/models/taskinstance.py", line 734, in _execute_callable
    return ExecutionCallableRunner(
           ^^^^^^^^^^^^^^^^^^^^^^^^
  File "/Users/swarnalidatta/Desktop/AutoQueryChatbot/.airflow-venv/lib/python3.12/site-packages/airflow/utils/operator_helpers.py", line 252, in run
    return self.func(*args, **kwargs)
           ^^^^^^^^^^^^^^^^^^^^^^^^^^
  File "/Users/swarnalidatta/Desktop/AutoQueryChatbot/.airflow-venv/lib/python3.12/site-packages/airflow/models/baseoperator.py", line 424, in wrapper
    return func(self, *args, **kwargs)
           ^^^^^^^^^^^^^^^^^^^^^^^^^^^
  File "/Users/swarnalidatta/Desktop/AutoQueryChatbot/.airflow-venv/lib/python3.12/site-packages/airflow/operators/python.py", line 238, in execute
    return_value = self.execute_callable()
                   ^^^^^^^^^^^^^^^^^^^^^^^
  File "/Users/swarnalidatta/Desktop/AutoQueryChatbot/.airflow-venv/lib/python3.12/site-packages/airflow/operators/python.py", line 256, in execute_callable
    return runner.run(*self.op_args, **self.op_kwargs)
           ^^^^^^^^^^^^^^^^^^^^^^^^^^^^^^^^^^^^^^^^^^^
  File "/Users/swarnalidatta/Desktop/AutoQueryChatbot/.airflow-venv/lib/python3.12/site-packages/airflow/utils/operator_helpers.py", line 252, in run
    return self.func(*args, **kwargs)
           ^^^^^^^^^^^^^^^^^^^^^^^^^^
  File "/Users/swarnalidatta/Desktop/AutoQueryChatbot/Airflow/DAG/data_ingest_pipeline.py", line 25, in load_data_to_staging
    load_data_to_all_stages(str(DATA_INPUT_DIR), conn)
  File "/Users/swarnalidatta/Desktop/AutoQueryChatbot/stage_load.py", line 59, in load_data_to_all_stages
    load_data_to_customer_stage(data_file_dir, 'customer', conn)
  File "/Users/swarnalidatta/Desktop/AutoQueryChatbot/stage_load.py", line 19, in load_data_to_customer_stage
    file_arriving_date = datetime.strptime(
                         ^^^^^^^^^^^^^^^^^^
  File "/opt/homebrew/Cellar/python@3.12/3.12.14/Frameworks/Python.framework/Versions/3.12/lib/python3.12/_strptime.py", line 653, in _strptime_datetime
    tt, fraction, gmtoff_fraction = _strptime(data_string, format)
                                    ^^^^^^^^^^^^^^^^^^^^^^^^^^^^^^
  File "/opt/homebrew/Cellar/python@3.12/3.12.14/Frameworks/Python.framework/Versions/3.12/lib/python3.12/_strptime.py", line 435, in _strptime
    raise ValueError("unconverted data remains: %s" %
ValueError: unconverted data remains:  copy
[2026-09-05T14:43:04.732+0200] {local_task_job_runner.py:266} INFO - Task exited with return code 1
[2026-09-05T14:43:04.737+0200] {taskinstance.py:3901} INFO - 0 downstream tasks scheduled from follow-on schedule check
[2026-09-05T14:43:04.737+0200] {local_task_job_runner.py:245} INFO - ::endgroup::
