[2026-09-20T23:03:15.834+0200] {local_task_job_runner.py:123} INFO - ::group::Pre task execution logs
[2026-09-20T23:03:15.837+0200] {taskinstance.py:2614} INFO - Dependencies all met for dep_context=non-requeueable deps ti=<TaskInstance: mini_riskagent_file_ingestion.wait_for_csv scheduled__2026-09-20T20:46:00+00:00 [queued]>
[2026-09-20T23:03:15.838+0200] {taskinstance.py:2614} INFO - Dependencies all met for dep_context=requeueable deps ti=<TaskInstance: mini_riskagent_file_ingestion.wait_for_csv scheduled__2026-09-20T20:46:00+00:00 [queued]>
[2026-09-20T23:03:15.838+0200] {taskinstance.py:2867} INFO - Starting attempt 1 of 2
[2026-09-20T23:03:15.841+0200] {taskinstance.py:2890} INFO - Executing <Task(PythonSensor): wait_for_csv> on 2026-09-20 20:46:00+00:00
[2026-09-20T23:03:15.845+0200] {logging_mixin.py:190} WARNING - /Users/swarnalidatta/Desktop/AutoQueryChatbot/.airflow-venv/lib/python3.12/site-packages/airflow/task/task_runner/standard_task_runner.py:70 DeprecationWarning: This process (pid=7536) is multi-threaded, use of fork() may lead to deadlocks in the child.
[2026-09-20T23:03:15.846+0200] {standard_task_runner.py:72} INFO - Started process 7538 to run task
[2026-09-20T23:03:15.845+0200] {standard_task_runner.py:104} INFO - Running: ['airflow', 'tasks', 'run', 'mini_riskagent_file_ingestion', 'wait_for_csv', 'scheduled__2026-09-20T20:46:00+00:00', '--job-id', '4824', '--raw', '--subdir', 'DAGS_FOLDER/data_ingest_pipeline.py', '--cfg-path', '/var/folders/5p/201rr1sj03g8gksxm9x48mbh0000gn/T/tmp7bbmdndh']
[2026-09-20T23:03:15.846+0200] {standard_task_runner.py:105} INFO - Job 4824: Subtask wait_for_csv
[2026-09-20T23:03:15.859+0200] {task_command.py:467} INFO - Running <TaskInstance: mini_riskagent_file_ingestion.wait_for_csv scheduled__2026-09-20T20:46:00+00:00 [running]> on host mac.home
[2026-09-20T23:03:15.875+0200] {taskinstance.py:3134} INFO - Exporting env vars: AIRFLOW_CTX_DAG_OWNER='autoquery' AIRFLOW_CTX_DAG_ID='mini_riskagent_file_ingestion' AIRFLOW_CTX_TASK_ID='wait_for_csv' AIRFLOW_CTX_EXECUTION_DATE='2026-09-20T20:46:00+00:00' AIRFLOW_CTX_TRY_NUMBER='1' AIRFLOW_CTX_DAG_RUN_ID='scheduled__2026-09-20T20:46:00+00:00'
[2026-09-20T23:03:15.875+0200] {logging_mixin.py:190} INFO - Task instance is in running state
[2026-09-20T23:03:15.875+0200] {logging_mixin.py:190} INFO -  Previous state of the Task instance: queued
[2026-09-20T23:03:15.875+0200] {logging_mixin.py:190} INFO - Current task name:wait_for_csv state:running start_date:2026-09-20 21:03:15.837316+00:00
[2026-09-20T23:03:15.876+0200] {logging_mixin.py:190} INFO - Dag name:mini_riskagent_file_ingestion and current dag run status:running
[2026-09-20T23:03:15.876+0200] {taskinstance.py:732} INFO - ::endgroup::
[2026-09-20T23:03:15.877+0200] {python.py:75} INFO - Poking callable: <function check_for_csv_files at 0x108a76b60>
[2026-09-20T23:03:15.880+0200] {taskinstance.py:310} INFO - Rescheduling task, marking task as UP_FOR_RESCHEDULE
[2026-09-20T23:03:15.880+0200] {taskinstance.py:341} INFO - ::group::Post task execution logs
[2026-09-20T23:03:15.905+0200] {local_task_job_runner.py:266} INFO - Task exited with return code 0
[2026-09-20T23:03:15.912+0200] {taskinstance.py:3901} INFO - 0 downstream tasks scheduled from follow-on schedule check
[2026-09-20T23:03:15.912+0200] {local_task_job_runner.py:245} INFO - ::endgroup::
[2026-09-20T23:16:18.395+0200] {local_task_job_runner.py:123} INFO - ::group::Pre task execution logs
[2026-09-20T23:16:18.397+0200] {taskinstance.py:2614} INFO - Dependencies all met for dep_context=non-requeueable deps ti=<TaskInstance: mini_riskagent_file_ingestion.wait_for_csv scheduled__2026-09-20T20:46:00+00:00 [queued]>
[2026-09-20T23:16:18.399+0200] {taskinstance.py:2614} INFO - Dependencies all met for dep_context=requeueable deps ti=<TaskInstance: mini_riskagent_file_ingestion.wait_for_csv scheduled__2026-09-20T20:46:00+00:00 [queued]>
[2026-09-20T23:16:18.399+0200] {taskinstance.py:2867} INFO - Starting attempt 1 of 2
[2026-09-20T23:16:18.402+0200] {taskinstance.py:2890} INFO - Executing <Task(PythonSensor): wait_for_csv> on 2026-09-20 20:46:00+00:00
[2026-09-20T23:16:18.406+0200] {logging_mixin.py:190} WARNING - /Users/swarnalidatta/Desktop/AutoQueryChatbot/.airflow-venv/lib/python3.12/site-packages/airflow/task/task_runner/standard_task_runner.py:70 DeprecationWarning: This process (pid=7552) is multi-threaded, use of fork() may lead to deadlocks in the child.
[2026-09-20T23:16:18.406+0200] {standard_task_runner.py:72} INFO - Started process 7558 to run task
[2026-09-20T23:16:18.406+0200] {standard_task_runner.py:104} INFO - Running: ['airflow', 'tasks', 'run', 'mini_riskagent_file_ingestion', 'wait_for_csv', 'scheduled__2026-09-20T20:46:00+00:00', '--job-id', '4825', '--raw', '--subdir', 'DAGS_FOLDER/data_ingest_pipeline.py', '--cfg-path', '/var/folders/5p/201rr1sj03g8gksxm9x48mbh0000gn/T/tmppcg7kuv0']
[2026-09-20T23:16:18.406+0200] {standard_task_runner.py:105} INFO - Job 4825: Subtask wait_for_csv
[2026-09-20T23:16:18.420+0200] {task_command.py:467} INFO - Running <TaskInstance: mini_riskagent_file_ingestion.wait_for_csv scheduled__2026-09-20T20:46:00+00:00 [running]> on host mac.home
[2026-09-20T23:16:18.435+0200] {taskinstance.py:3134} INFO - Exporting env vars: AIRFLOW_CTX_DAG_OWNER='autoquery' AIRFLOW_CTX_DAG_ID='mini_riskagent_file_ingestion' AIRFLOW_CTX_TASK_ID='wait_for_csv' AIRFLOW_CTX_EXECUTION_DATE='2026-09-20T20:46:00+00:00' AIRFLOW_CTX_TRY_NUMBER='1' AIRFLOW_CTX_DAG_RUN_ID='scheduled__2026-09-20T20:46:00+00:00'
[2026-09-20T23:16:18.436+0200] {logging_mixin.py:190} INFO - Task instance is in running state
[2026-09-20T23:16:18.436+0200] {logging_mixin.py:190} INFO -  Previous state of the Task instance: queued
[2026-09-20T23:16:18.436+0200] {logging_mixin.py:190} INFO - Current task name:wait_for_csv state:running start_date:2026-09-20 21:16:18.397946+00:00
[2026-09-20T23:16:18.436+0200] {logging_mixin.py:190} INFO - Dag name:mini_riskagent_file_ingestion and current dag run status:running
[2026-09-20T23:16:18.436+0200] {taskinstance.py:732} INFO - ::endgroup::
[2026-09-20T23:16:18.438+0200] {python.py:75} INFO - Poking callable: <function check_for_csv_files at 0x108ac6b60>
[2026-09-20T23:16:18.441+0200] {taskinstance.py:310} INFO - Rescheduling task, marking task as UP_FOR_RESCHEDULE
[2026-09-20T23:16:18.441+0200] {taskinstance.py:341} INFO - ::group::Post task execution logs
[2026-09-20T23:16:18.465+0200] {local_task_job_runner.py:266} INFO - Task exited with return code 0
[2026-09-20T23:16:18.472+0200] {taskinstance.py:3901} INFO - 0 downstream tasks scheduled from follow-on schedule check
[2026-09-20T23:16:18.472+0200] {local_task_job_runner.py:245} INFO - ::endgroup::
[2026-09-20T23:26:55.505+0200] {local_task_job_runner.py:123} INFO - ::group::Pre task execution logs
[2026-09-20T23:26:55.507+0200] {taskinstance.py:2614} INFO - Dependencies all met for dep_context=non-requeueable deps ti=<TaskInstance: mini_riskagent_file_ingestion.wait_for_csv scheduled__2026-09-20T20:46:00+00:00 [queued]>
[2026-09-20T23:26:55.509+0200] {taskinstance.py:2614} INFO - Dependencies all met for dep_context=requeueable deps ti=<TaskInstance: mini_riskagent_file_ingestion.wait_for_csv scheduled__2026-09-20T20:46:00+00:00 [queued]>
[2026-09-20T23:26:55.509+0200] {taskinstance.py:2867} INFO - Starting attempt 1 of 2
[2026-09-20T23:26:55.512+0200] {taskinstance.py:2890} INFO - Executing <Task(PythonSensor): wait_for_csv> on 2026-09-20 20:46:00+00:00
[2026-09-20T23:26:55.516+0200] {logging_mixin.py:190} WARNING - /Users/swarnalidatta/Desktop/AutoQueryChatbot/.airflow-venv/lib/python3.12/site-packages/airflow/task/task_runner/standard_task_runner.py:70 DeprecationWarning: This process (pid=7572) is multi-threaded, use of fork() may lead to deadlocks in the child.
[2026-09-20T23:26:55.516+0200] {standard_task_runner.py:72} INFO - Started process 7574 to run task
[2026-09-20T23:26:55.515+0200] {standard_task_runner.py:104} INFO - Running: ['airflow', 'tasks', 'run', 'mini_riskagent_file_ingestion', 'wait_for_csv', 'scheduled__2026-09-20T20:46:00+00:00', '--job-id', '4826', '--raw', '--subdir', 'DAGS_FOLDER/data_ingest_pipeline.py', '--cfg-path', '/var/folders/5p/201rr1sj03g8gksxm9x48mbh0000gn/T/tmp485dd9j9']
[2026-09-20T23:26:55.516+0200] {standard_task_runner.py:105} INFO - Job 4826: Subtask wait_for_csv
[2026-09-20T23:26:55.530+0200] {task_command.py:467} INFO - Running <TaskInstance: mini_riskagent_file_ingestion.wait_for_csv scheduled__2026-09-20T20:46:00+00:00 [running]> on host mac.home
[2026-09-20T23:26:55.545+0200] {taskinstance.py:3134} INFO - Exporting env vars: AIRFLOW_CTX_DAG_OWNER='autoquery' AIRFLOW_CTX_DAG_ID='mini_riskagent_file_ingestion' AIRFLOW_CTX_TASK_ID='wait_for_csv' AIRFLOW_CTX_EXECUTION_DATE='2026-09-20T20:46:00+00:00' AIRFLOW_CTX_TRY_NUMBER='1' AIRFLOW_CTX_DAG_RUN_ID='scheduled__2026-09-20T20:46:00+00:00'
[2026-09-20T23:26:55.546+0200] {logging_mixin.py:190} INFO - Task instance is in running state
[2026-09-20T23:26:55.546+0200] {logging_mixin.py:190} INFO -  Previous state of the Task instance: queued
[2026-09-20T23:26:55.546+0200] {logging_mixin.py:190} INFO - Current task name:wait_for_csv state:running start_date:2026-09-20 21:26:55.507838+00:00
[2026-09-20T23:26:55.546+0200] {logging_mixin.py:190} INFO - Dag name:mini_riskagent_file_ingestion and current dag run status:running
[2026-09-20T23:26:55.546+0200] {taskinstance.py:732} INFO - ::endgroup::
[2026-09-20T23:26:55.548+0200] {python.py:75} INFO - Poking callable: <function check_for_csv_files at 0x111f26b60>
[2026-09-20T23:26:55.551+0200] {taskinstance.py:310} INFO - Rescheduling task, marking task as UP_FOR_RESCHEDULE
[2026-09-20T23:26:55.551+0200] {taskinstance.py:341} INFO - ::group::Post task execution logs
[2026-09-20T23:26:55.574+0200] {local_task_job_runner.py:266} INFO - Task exited with return code 0
[2026-09-20T23:26:55.581+0200] {taskinstance.py:3901} INFO - 0 downstream tasks scheduled from follow-on schedule check
[2026-09-20T23:26:55.581+0200] {local_task_job_runner.py:245} INFO - ::endgroup::
[2026-09-20T23:42:25.706+0200] {local_task_job_runner.py:123} INFO - ::group::Pre task execution logs
[2026-09-20T23:42:25.709+0200] {taskinstance.py:2614} INFO - Dependencies all met for dep_context=non-requeueable deps ti=<TaskInstance: mini_riskagent_file_ingestion.wait_for_csv scheduled__2026-09-20T20:46:00+00:00 [queued]>
[2026-09-20T23:42:25.710+0200] {taskinstance.py:2614} INFO - Dependencies all met for dep_context=requeueable deps ti=<TaskInstance: mini_riskagent_file_ingestion.wait_for_csv scheduled__2026-09-20T20:46:00+00:00 [queued]>
[2026-09-20T23:42:25.710+0200] {taskinstance.py:2867} INFO - Starting attempt 1 of 2
[2026-09-20T23:42:25.713+0200] {taskinstance.py:2890} INFO - Executing <Task(PythonSensor): wait_for_csv> on 2026-09-20 20:46:00+00:00
[2026-09-20T23:42:25.717+0200] {logging_mixin.py:190} WARNING - /Users/swarnalidatta/Desktop/AutoQueryChatbot/.airflow-venv/lib/python3.12/site-packages/airflow/task/task_runner/standard_task_runner.py:70 DeprecationWarning: This process (pid=7602) is multi-threaded, use of fork() may lead to deadlocks in the child.
[2026-09-20T23:42:25.717+0200] {standard_task_runner.py:104} INFO - Running: ['airflow', 'tasks', 'run', 'mini_riskagent_file_ingestion', 'wait_for_csv', 'scheduled__2026-09-20T20:46:00+00:00', '--job-id', '4827', '--raw', '--subdir', 'DAGS_FOLDER/data_ingest_pipeline.py', '--cfg-path', '/var/folders/5p/201rr1sj03g8gksxm9x48mbh0000gn/T/tmpl5ym23ct']
[2026-09-20T23:42:25.718+0200] {standard_task_runner.py:72} INFO - Started process 7605 to run task
[2026-09-20T23:42:25.718+0200] {standard_task_runner.py:105} INFO - Job 4827: Subtask wait_for_csv
[2026-09-20T23:42:25.732+0200] {task_command.py:467} INFO - Running <TaskInstance: mini_riskagent_file_ingestion.wait_for_csv scheduled__2026-09-20T20:46:00+00:00 [running]> on host mac.home
[2026-09-20T23:42:25.747+0200] {taskinstance.py:3134} INFO - Exporting env vars: AIRFLOW_CTX_DAG_OWNER='autoquery' AIRFLOW_CTX_DAG_ID='mini_riskagent_file_ingestion' AIRFLOW_CTX_TASK_ID='wait_for_csv' AIRFLOW_CTX_EXECUTION_DATE='2026-09-20T20:46:00+00:00' AIRFLOW_CTX_TRY_NUMBER='1' AIRFLOW_CTX_DAG_RUN_ID='scheduled__2026-09-20T20:46:00+00:00'
[2026-09-20T23:42:25.748+0200] {logging_mixin.py:190} INFO - Task instance is in running state
[2026-09-20T23:42:25.748+0200] {logging_mixin.py:190} INFO -  Previous state of the Task instance: queued
[2026-09-20T23:42:25.748+0200] {logging_mixin.py:190} INFO - Current task name:wait_for_csv state:running start_date:2026-09-20 21:42:25.709365+00:00
[2026-09-20T23:42:25.748+0200] {logging_mixin.py:190} INFO - Dag name:mini_riskagent_file_ingestion and current dag run status:running
[2026-09-20T23:42:25.748+0200] {taskinstance.py:732} INFO - ::endgroup::
[2026-09-20T23:42:25.750+0200] {python.py:75} INFO - Poking callable: <function check_for_csv_files at 0x10ccc2b60>
[2026-09-20T23:42:25.753+0200] {taskinstance.py:310} INFO - Rescheduling task, marking task as UP_FOR_RESCHEDULE
[2026-09-20T23:42:25.753+0200] {taskinstance.py:341} INFO - ::group::Post task execution logs
[2026-09-20T23:42:25.777+0200] {local_task_job_runner.py:266} INFO - Task exited with return code 0
[2026-09-20T23:42:25.784+0200] {taskinstance.py:3901} INFO - 0 downstream tasks scheduled from follow-on schedule check
[2026-09-20T23:42:25.784+0200] {local_task_job_runner.py:245} INFO - ::endgroup::
[2026-09-21T00:00:02.628+0200] {local_task_job_runner.py:123} INFO - ::group::Pre task execution logs
[2026-09-21T00:00:02.630+0200] {taskinstance.py:2614} INFO - Dependencies all met for dep_context=non-requeueable deps ti=<TaskInstance: mini_riskagent_file_ingestion.wait_for_csv scheduled__2026-09-20T20:46:00+00:00 [queued]>
[2026-09-21T00:00:02.632+0200] {taskinstance.py:2614} INFO - Dependencies all met for dep_context=requeueable deps ti=<TaskInstance: mini_riskagent_file_ingestion.wait_for_csv scheduled__2026-09-20T20:46:00+00:00 [queued]>
[2026-09-21T00:00:02.632+0200] {taskinstance.py:2867} INFO - Starting attempt 1 of 2
[2026-09-21T00:00:02.635+0200] {taskinstance.py:2890} INFO - Executing <Task(PythonSensor): wait_for_csv> on 2026-09-20 20:46:00+00:00
[2026-09-21T00:00:02.639+0200] {logging_mixin.py:190} WARNING - /Users/swarnalidatta/Desktop/AutoQueryChatbot/.airflow-venv/lib/python3.12/site-packages/airflow/task/task_runner/standard_task_runner.py:70 DeprecationWarning: This process (pid=7627) is multi-threaded, use of fork() may lead to deadlocks in the child.
[2026-09-21T00:00:02.639+0200] {standard_task_runner.py:104} INFO - Running: ['airflow', 'tasks', 'run', 'mini_riskagent_file_ingestion', 'wait_for_csv', 'scheduled__2026-09-20T20:46:00+00:00', '--job-id', '4828', '--raw', '--subdir', 'DAGS_FOLDER/data_ingest_pipeline.py', '--cfg-path', '/var/folders/5p/201rr1sj03g8gksxm9x48mbh0000gn/T/tmp3wwvub3h']
[2026-09-21T00:00:02.640+0200] {standard_task_runner.py:72} INFO - Started process 7629 to run task
[2026-09-21T00:00:02.640+0200] {standard_task_runner.py:105} INFO - Job 4828: Subtask wait_for_csv
[2026-09-21T00:00:02.653+0200] {task_command.py:467} INFO - Running <TaskInstance: mini_riskagent_file_ingestion.wait_for_csv scheduled__2026-09-20T20:46:00+00:00 [running]> on host mac.home
[2026-09-21T00:00:02.668+0200] {taskinstance.py:3134} INFO - Exporting env vars: AIRFLOW_CTX_DAG_OWNER='autoquery' AIRFLOW_CTX_DAG_ID='mini_riskagent_file_ingestion' AIRFLOW_CTX_TASK_ID='wait_for_csv' AIRFLOW_CTX_EXECUTION_DATE='2026-09-20T20:46:00+00:00' AIRFLOW_CTX_TRY_NUMBER='1' AIRFLOW_CTX_DAG_RUN_ID='scheduled__2026-09-20T20:46:00+00:00'
[2026-09-21T00:00:02.668+0200] {logging_mixin.py:190} INFO - Task instance is in running state
[2026-09-21T00:00:02.669+0200] {logging_mixin.py:190} INFO -  Previous state of the Task instance: queued
[2026-09-21T00:00:02.669+0200] {logging_mixin.py:190} INFO - Current task name:wait_for_csv state:running start_date:2026-09-20 22:00:02.630994+00:00
[2026-09-21T00:00:02.669+0200] {logging_mixin.py:190} INFO - Dag name:mini_riskagent_file_ingestion and current dag run status:running
[2026-09-21T00:00:02.669+0200] {taskinstance.py:732} INFO - ::endgroup::
[2026-09-21T00:00:02.670+0200] {python.py:75} INFO - Poking callable: <function check_for_csv_files at 0x108a42b60>
[2026-09-21T00:00:02.673+0200] {taskinstance.py:310} INFO - Rescheduling task, marking task as UP_FOR_RESCHEDULE
[2026-09-21T00:00:02.674+0200] {taskinstance.py:341} INFO - ::group::Post task execution logs
[2026-09-21T00:00:02.699+0200] {local_task_job_runner.py:266} INFO - Task exited with return code 0
[2026-09-21T00:00:02.706+0200] {taskinstance.py:3901} INFO - 0 downstream tasks scheduled from follow-on schedule check
[2026-09-21T00:00:02.706+0200] {local_task_job_runner.py:245} INFO - ::endgroup::
[2026-09-21T00:17:15.176+0200] {local_task_job_runner.py:123} INFO - ::group::Pre task execution logs
[2026-09-21T00:17:15.179+0200] {taskinstance.py:2614} INFO - Dependencies all met for dep_context=non-requeueable deps ti=<TaskInstance: mini_riskagent_file_ingestion.wait_for_csv scheduled__2026-09-20T20:46:00+00:00 [queued]>
[2026-09-21T00:17:15.180+0200] {taskinstance.py:2614} INFO - Dependencies all met for dep_context=requeueable deps ti=<TaskInstance: mini_riskagent_file_ingestion.wait_for_csv scheduled__2026-09-20T20:46:00+00:00 [queued]>
[2026-09-21T00:17:15.180+0200] {taskinstance.py:2867} INFO - Starting attempt 1 of 2
[2026-09-21T00:17:15.183+0200] {taskinstance.py:2890} INFO - Executing <Task(PythonSensor): wait_for_csv> on 2026-09-20 20:46:00+00:00
[2026-09-21T00:17:15.189+0200] {logging_mixin.py:190} WARNING - /Users/swarnalidatta/Desktop/AutoQueryChatbot/.airflow-venv/lib/python3.12/site-packages/airflow/task/task_runner/standard_task_runner.py:70 DeprecationWarning: This process (pid=7657) is multi-threaded, use of fork() may lead to deadlocks in the child.
[2026-09-21T00:17:15.189+0200] {standard_task_runner.py:72} INFO - Started process 7659 to run task
[2026-09-21T00:17:15.188+0200] {standard_task_runner.py:104} INFO - Running: ['airflow', 'tasks', 'run', 'mini_riskagent_file_ingestion', 'wait_for_csv', 'scheduled__2026-09-20T20:46:00+00:00', '--job-id', '4829', '--raw', '--subdir', 'DAGS_FOLDER/data_ingest_pipeline.py', '--cfg-path', '/var/folders/5p/201rr1sj03g8gksxm9x48mbh0000gn/T/tmpoewln619']
[2026-09-21T00:17:15.189+0200] {standard_task_runner.py:105} INFO - Job 4829: Subtask wait_for_csv
[2026-09-21T00:17:15.204+0200] {task_command.py:467} INFO - Running <TaskInstance: mini_riskagent_file_ingestion.wait_for_csv scheduled__2026-09-20T20:46:00+00:00 [running]> on host mac.home
[2026-09-21T00:17:15.220+0200] {taskinstance.py:3134} INFO - Exporting env vars: AIRFLOW_CTX_DAG_OWNER='autoquery' AIRFLOW_CTX_DAG_ID='mini_riskagent_file_ingestion' AIRFLOW_CTX_TASK_ID='wait_for_csv' AIRFLOW_CTX_EXECUTION_DATE='2026-09-20T20:46:00+00:00' AIRFLOW_CTX_TRY_NUMBER='1' AIRFLOW_CTX_DAG_RUN_ID='scheduled__2026-09-20T20:46:00+00:00'
[2026-09-21T00:17:15.220+0200] {logging_mixin.py:190} INFO - Task instance is in running state
[2026-09-21T00:17:15.221+0200] {logging_mixin.py:190} INFO -  Previous state of the Task instance: queued
[2026-09-21T00:17:15.221+0200] {logging_mixin.py:190} INFO - Current task name:wait_for_csv state:running start_date:2026-09-20 22:17:15.179434+00:00
[2026-09-21T00:17:15.221+0200] {logging_mixin.py:190} INFO - Dag name:mini_riskagent_file_ingestion and current dag run status:running
[2026-09-21T00:17:15.221+0200] {taskinstance.py:732} INFO - ::endgroup::
[2026-09-21T00:17:15.222+0200] {python.py:75} INFO - Poking callable: <function check_for_csv_files at 0x10a996b60>
[2026-09-21T00:17:15.223+0200] {taskinstance.py:3313} ERROR - Task failed with exception
Traceback (most recent call last):
  File "/Users/swarnalidatta/Desktop/AutoQueryChatbot/.airflow-venv/lib/python3.12/site-packages/airflow/models/taskinstance.py", line 768, in _execute_task
    result = _execute_callable(context=context, **execute_callable_kwargs)
             ^^^^^^^^^^^^^^^^^^^^^^^^^^^^^^^^^^^^^^^^^^^^^^^^^^^^^^^^^^^^^
  File "/Users/swarnalidatta/Desktop/AutoQueryChatbot/.airflow-venv/lib/python3.12/site-packages/airflow/models/taskinstance.py", line 734, in _execute_callable
    return ExecutionCallableRunner(
           ^^^^^^^^^^^^^^^^^^^^^^^^
  File "/Users/swarnalidatta/Desktop/AutoQueryChatbot/.airflow-venv/lib/python3.12/site-packages/airflow/utils/operator_helpers.py", line 252, in run
    return self.func(*args, **kwargs)
           ^^^^^^^^^^^^^^^^^^^^^^^^^^
  File "/Users/swarnalidatta/Desktop/AutoQueryChatbot/.airflow-venv/lib/python3.12/site-packages/airflow/models/baseoperator.py", line 424, in wrapper
    return func(self, *args, **kwargs)
           ^^^^^^^^^^^^^^^^^^^^^^^^^^^
  File "/Users/swarnalidatta/Desktop/AutoQueryChatbot/.airflow-venv/lib/python3.12/site-packages/airflow/sensors/base.py", line 326, in execute
    raise AirflowSensorTimeout(message)
airflow.exceptions.AirflowSensorTimeout: Sensor has timed out; run duration of 4439.35824 seconds exceeds the specified timeout of 3600.0.
[2026-09-21T00:17:15.224+0200] {logging_mixin.py:190} INFO - Task instance in failure state
[2026-09-21T00:17:15.224+0200] {logging_mixin.py:190} INFO - Task start:2026-09-20 22:17:15.179434+00:00 end:2026-09-20 22:17:15.224701+00:00 duration:0.045267
[2026-09-21T00:17:15.225+0200] {logging_mixin.py:190} INFO - Task:<Task(PythonSensor): wait_for_csv> dag:<DAG: mini_riskagent_file_ingestion> dagrun:<DagRun mini_riskagent_file_ingestion @ 2026-09-20 20:46:00+00:00: scheduled__2026-09-20T20:46:00+00:00, state:running, queued_at: 2026-09-20 21:03:14.972743+00:00. externally triggered: False>
[2026-09-21T00:17:15.225+0200] {logging_mixin.py:190} INFO - Failure caused by Sensor has timed out; run duration of 4439.35824 seconds exceeds the specified timeout of 3600.0.
[2026-09-21T00:17:15.225+0200] {taskinstance.py:1226} INFO - Immediate failure requested. Marking task as FAILED. dag_id=mini_riskagent_file_ingestion, task_id=wait_for_csv, run_id=scheduled__2026-09-20T20:46:00+00:00, execution_date=20260920T204600, start_date=20260920T221715, end_date=20260920T221715
[2026-09-21T00:17:15.229+0200] {taskinstance.py:341} INFO - ::group::Post task execution logs
[2026-09-21T00:17:15.229+0200] {standard_task_runner.py:124} ERROR - Failed to execute job 4829 for task wait_for_csv (Sensor has timed out; run duration of 4439.35824 seconds exceeds the specified timeout of 3600.0.; 7659)
Traceback (most recent call last):
  File "/Users/swarnalidatta/Desktop/AutoQueryChatbot/.airflow-venv/lib/python3.12/site-packages/airflow/task/task_runner/standard_task_runner.py", line 117, in _start_by_fork
    ret = args.func(args, dag=self.dag)
          ^^^^^^^^^^^^^^^^^^^^^^^^^^^^^
  File "/Users/swarnalidatta/Desktop/AutoQueryChatbot/.airflow-venv/lib/python3.12/site-packages/airflow/cli/cli_config.py", line 49, in command
    return func(*args, **kwargs)
           ^^^^^^^^^^^^^^^^^^^^^
  File "/Users/swarnalidatta/Desktop/AutoQueryChatbot/.airflow-venv/lib/python3.12/site-packages/airflow/utils/cli.py", line 116, in wrapper
    return f(*args, **kwargs)
           ^^^^^^^^^^^^^^^^^^
  File "/Users/swarnalidatta/Desktop/AutoQueryChatbot/.airflow-venv/lib/python3.12/site-packages/airflow/cli/commands/task_command.py", line 483, in task_run
    task_return_code = _run_task_by_selected_method(args, _dag, ti)
                       ^^^^^^^^^^^^^^^^^^^^^^^^^^^^^^^^^^^^^^^^^^^^
  File "/Users/swarnalidatta/Desktop/AutoQueryChatbot/.airflow-venv/lib/python3.12/site-packages/airflow/cli/commands/task_command.py", line 256, in _run_task_by_selected_method
    return _run_raw_task(args, ti)
           ^^^^^^^^^^^^^^^^^^^^^^^
  File "/Users/swarnalidatta/Desktop/AutoQueryChatbot/.airflow-venv/lib/python3.12/site-packages/airflow/cli/commands/task_command.py", line 341, in _run_raw_task
    return ti._run_raw_task(
           ^^^^^^^^^^^^^^^^^
  File "/Users/swarnalidatta/Desktop/AutoQueryChatbot/.airflow-venv/lib/python3.12/site-packages/airflow/utils/session.py", line 97, in wrapper
    return func(*args, session=session, **kwargs)
           ^^^^^^^^^^^^^^^^^^^^^^^^^^^^^^^^^^^^^^
  File "/Users/swarnalidatta/Desktop/AutoQueryChatbot/.airflow-venv/lib/python3.12/site-packages/airflow/models/taskinstance.py", line 3006, in _run_raw_task
    return _run_raw_task(
           ^^^^^^^^^^^^^^
  File "/Users/swarnalidatta/Desktop/AutoQueryChatbot/.airflow-venv/lib/python3.12/site-packages/airflow/models/taskinstance.py", line 274, in _run_raw_task
    TaskInstance._execute_task_with_callbacks(
  File "/Users/swarnalidatta/Desktop/AutoQueryChatbot/.airflow-venv/lib/python3.12/site-packages/airflow/models/taskinstance.py", line 3161, in _execute_task_with_callbacks
    result = self._execute_task(context, task_orig)
             ^^^^^^^^^^^^^^^^^^^^^^^^^^^^^^^^^^^^^^
  File "/Users/swarnalidatta/Desktop/AutoQueryChatbot/.airflow-venv/lib/python3.12/site-packages/airflow/models/taskinstance.py", line 3185, in _execute_task
    return _execute_task(self, context, task_orig)
           ^^^^^^^^^^^^^^^^^^^^^^^^^^^^^^^^^^^^^^^
  File "/Users/swarnalidatta/Desktop/AutoQueryChatbot/.airflow-venv/lib/python3.12/site-packages/airflow/models/taskinstance.py", line 768, in _execute_task
    result = _execute_callable(context=context, **execute_callable_kwargs)
             ^^^^^^^^^^^^^^^^^^^^^^^^^^^^^^^^^^^^^^^^^^^^^^^^^^^^^^^^^^^^^
  File "/Users/swarnalidatta/Desktop/AutoQueryChatbot/.airflow-venv/lib/python3.12/site-packages/airflow/models/taskinstance.py", line 734, in _execute_callable
    return ExecutionCallableRunner(
           ^^^^^^^^^^^^^^^^^^^^^^^^
  File "/Users/swarnalidatta/Desktop/AutoQueryChatbot/.airflow-venv/lib/python3.12/site-packages/airflow/utils/operator_helpers.py", line 252, in run
    return self.func(*args, **kwargs)
           ^^^^^^^^^^^^^^^^^^^^^^^^^^
  File "/Users/swarnalidatta/Desktop/AutoQueryChatbot/.airflow-venv/lib/python3.12/site-packages/airflow/models/baseoperator.py", line 424, in wrapper
    return func(self, *args, **kwargs)
           ^^^^^^^^^^^^^^^^^^^^^^^^^^^
  File "/Users/swarnalidatta/Desktop/AutoQueryChatbot/.airflow-venv/lib/python3.12/site-packages/airflow/sensors/base.py", line 326, in execute
    raise AirflowSensorTimeout(message)
airflow.exceptions.AirflowSensorTimeout: Sensor has timed out; run duration of 4439.35824 seconds exceeds the specified timeout of 3600.0.
[2026-09-21T00:17:15.248+0200] {local_task_job_runner.py:266} INFO - Task exited with return code 1
[2026-09-21T00:17:15.255+0200] {taskinstance.py:3901} INFO - 0 downstream tasks scheduled from follow-on schedule check
[2026-09-21T00:17:15.256+0200] {local_task_job_runner.py:245} INFO - ::endgroup::
