[2026-09-19T23:32:17.386+0200] {local_task_job_runner.py:123} INFO - ::group::Pre task execution logs
[2026-09-19T23:32:17.390+0200] {taskinstance.py:2614} INFO - Dependencies all met for dep_context=non-requeueable deps ti=<TaskInstance: mini_riskagent_file_ingestion.wait_for_csv scheduled__2026-09-19T21:16:00+00:00 [queued]>
[2026-09-19T23:32:17.391+0200] {taskinstance.py:2614} INFO - Dependencies all met for dep_context=requeueable deps ti=<TaskInstance: mini_riskagent_file_ingestion.wait_for_csv scheduled__2026-09-19T21:16:00+00:00 [queued]>
[2026-09-19T23:32:17.391+0200] {taskinstance.py:2867} INFO - Starting attempt 1 of 2
[2026-09-19T23:32:17.395+0200] {taskinstance.py:2890} INFO - Executing <Task(PythonSensor): wait_for_csv> on 2026-09-19 21:16:00+00:00
[2026-09-19T23:32:17.401+0200] {logging_mixin.py:190} WARNING - /Users/swarnalidatta/Desktop/AutoQueryChatbot/.airflow-venv/lib/python3.12/site-packages/airflow/task/task_runner/standard_task_runner.py:70 DeprecationWarning: This process (pid=5493) is multi-threaded, use of fork() may lead to deadlocks in the child.
[2026-09-19T23:32:17.402+0200] {standard_task_runner.py:72} INFO - Started process 5497 to run task
[2026-09-19T23:32:17.401+0200] {standard_task_runner.py:104} INFO - Running: ['airflow', 'tasks', 'run', 'mini_riskagent_file_ingestion', 'wait_for_csv', 'scheduled__2026-09-19T21:16:00+00:00', '--job-id', '4730', '--raw', '--subdir', 'DAGS_FOLDER/data_ingest_pipeline.py', '--cfg-path', '/var/folders/5p/201rr1sj03g8gksxm9x48mbh0000gn/T/tmplkbydzrz']
[2026-09-19T23:32:17.402+0200] {standard_task_runner.py:105} INFO - Job 4730: Subtask wait_for_csv
[2026-09-19T23:32:17.419+0200] {task_command.py:467} INFO - Running <TaskInstance: mini_riskagent_file_ingestion.wait_for_csv scheduled__2026-09-19T21:16:00+00:00 [running]> on host mac.home
[2026-09-19T23:32:17.435+0200] {taskinstance.py:3134} INFO - Exporting env vars: AIRFLOW_CTX_DAG_OWNER='autoquery' AIRFLOW_CTX_DAG_ID='mini_riskagent_file_ingestion' AIRFLOW_CTX_TASK_ID='wait_for_csv' AIRFLOW_CTX_EXECUTION_DATE='2026-09-19T21:16:00+00:00' AIRFLOW_CTX_TRY_NUMBER='1' AIRFLOW_CTX_DAG_RUN_ID='scheduled__2026-09-19T21:16:00+00:00'
[2026-09-19T23:32:17.435+0200] {logging_mixin.py:190} INFO - Task instance is in running state
[2026-09-19T23:32:17.436+0200] {logging_mixin.py:190} INFO -  Previous state of the Task instance: queued
[2026-09-19T23:32:17.436+0200] {logging_mixin.py:190} INFO - Current task name:wait_for_csv state:running start_date:2026-09-19 21:32:17.390129+00:00
[2026-09-19T23:32:17.436+0200] {logging_mixin.py:190} INFO - Dag name:mini_riskagent_file_ingestion and current dag run status:running
[2026-09-19T23:32:17.436+0200] {taskinstance.py:732} INFO - ::endgroup::
[2026-09-19T23:32:17.438+0200] {python.py:75} INFO - Poking callable: <function check_for_csv_files at 0x10889eb60>
[2026-09-19T23:32:17.442+0200] {taskinstance.py:310} INFO - Rescheduling task, marking task as UP_FOR_RESCHEDULE
[2026-09-19T23:32:17.442+0200] {taskinstance.py:341} INFO - ::group::Post task execution logs
[2026-09-19T23:32:17.461+0200] {local_task_job_runner.py:266} INFO - Task exited with return code 0
[2026-09-19T23:32:17.468+0200] {taskinstance.py:3901} INFO - 0 downstream tasks scheduled from follow-on schedule check
[2026-09-19T23:32:17.469+0200] {local_task_job_runner.py:245} INFO - ::endgroup::
[2026-09-19T23:47:26.207+0200] {local_task_job_runner.py:123} INFO - ::group::Pre task execution logs
[2026-09-19T23:47:26.209+0200] {taskinstance.py:2614} INFO - Dependencies all met for dep_context=non-requeueable deps ti=<TaskInstance: mini_riskagent_file_ingestion.wait_for_csv scheduled__2026-09-19T21:16:00+00:00 [queued]>
[2026-09-19T23:47:26.211+0200] {taskinstance.py:2614} INFO - Dependencies all met for dep_context=requeueable deps ti=<TaskInstance: mini_riskagent_file_ingestion.wait_for_csv scheduled__2026-09-19T21:16:00+00:00 [queued]>
[2026-09-19T23:47:26.211+0200] {taskinstance.py:2867} INFO - Starting attempt 1 of 2
[2026-09-19T23:47:26.214+0200] {taskinstance.py:2890} INFO - Executing <Task(PythonSensor): wait_for_csv> on 2026-09-19 21:16:00+00:00
[2026-09-19T23:47:26.218+0200] {logging_mixin.py:190} WARNING - /Users/swarnalidatta/Desktop/AutoQueryChatbot/.airflow-venv/lib/python3.12/site-packages/airflow/task/task_runner/standard_task_runner.py:70 DeprecationWarning: This process (pid=5514) is multi-threaded, use of fork() may lead to deadlocks in the child.
[2026-09-19T23:47:26.218+0200] {standard_task_runner.py:72} INFO - Started process 5517 to run task
[2026-09-19T23:47:26.217+0200] {standard_task_runner.py:104} INFO - Running: ['airflow', 'tasks', 'run', 'mini_riskagent_file_ingestion', 'wait_for_csv', 'scheduled__2026-09-19T21:16:00+00:00', '--job-id', '4731', '--raw', '--subdir', 'DAGS_FOLDER/data_ingest_pipeline.py', '--cfg-path', '/var/folders/5p/201rr1sj03g8gksxm9x48mbh0000gn/T/tmp2lssnf1q']
[2026-09-19T23:47:26.218+0200] {standard_task_runner.py:105} INFO - Job 4731: Subtask wait_for_csv
[2026-09-19T23:47:26.232+0200] {task_command.py:467} INFO - Running <TaskInstance: mini_riskagent_file_ingestion.wait_for_csv scheduled__2026-09-19T21:16:00+00:00 [running]> on host mac.home
[2026-09-19T23:47:26.248+0200] {taskinstance.py:3134} INFO - Exporting env vars: AIRFLOW_CTX_DAG_OWNER='autoquery' AIRFLOW_CTX_DAG_ID='mini_riskagent_file_ingestion' AIRFLOW_CTX_TASK_ID='wait_for_csv' AIRFLOW_CTX_EXECUTION_DATE='2026-09-19T21:16:00+00:00' AIRFLOW_CTX_TRY_NUMBER='1' AIRFLOW_CTX_DAG_RUN_ID='scheduled__2026-09-19T21:16:00+00:00'
[2026-09-19T23:47:26.248+0200] {logging_mixin.py:190} INFO - Task instance is in running state
[2026-09-19T23:47:26.249+0200] {logging_mixin.py:190} INFO -  Previous state of the Task instance: queued
[2026-09-19T23:47:26.249+0200] {logging_mixin.py:190} INFO - Current task name:wait_for_csv state:running start_date:2026-09-19 21:47:26.209734+00:00
[2026-09-19T23:47:26.249+0200] {logging_mixin.py:190} INFO - Dag name:mini_riskagent_file_ingestion and current dag run status:running
[2026-09-19T23:47:26.249+0200] {taskinstance.py:732} INFO - ::endgroup::
[2026-09-19T23:47:26.250+0200] {python.py:75} INFO - Poking callable: <function check_for_csv_files at 0x10869ab60>
[2026-09-19T23:47:26.253+0200] {taskinstance.py:310} INFO - Rescheduling task, marking task as UP_FOR_RESCHEDULE
[2026-09-19T23:47:26.254+0200] {taskinstance.py:341} INFO - ::group::Post task execution logs
[2026-09-19T23:47:26.277+0200] {local_task_job_runner.py:266} INFO - Task exited with return code 0
[2026-09-19T23:47:26.284+0200] {taskinstance.py:3901} INFO - 0 downstream tasks scheduled from follow-on schedule check
[2026-09-19T23:47:26.284+0200] {local_task_job_runner.py:245} INFO - ::endgroup::
[2026-09-20T00:00:03.223+0200] {local_task_job_runner.py:123} INFO - ::group::Pre task execution logs
[2026-09-20T00:00:03.225+0200] {taskinstance.py:2614} INFO - Dependencies all met for dep_context=non-requeueable deps ti=<TaskInstance: mini_riskagent_file_ingestion.wait_for_csv scheduled__2026-09-19T21:16:00+00:00 [queued]>
[2026-09-20T00:00:03.227+0200] {taskinstance.py:2614} INFO - Dependencies all met for dep_context=requeueable deps ti=<TaskInstance: mini_riskagent_file_ingestion.wait_for_csv scheduled__2026-09-19T21:16:00+00:00 [queued]>
[2026-09-20T00:00:03.227+0200] {taskinstance.py:2867} INFO - Starting attempt 1 of 2
[2026-09-20T00:00:03.230+0200] {taskinstance.py:2890} INFO - Executing <Task(PythonSensor): wait_for_csv> on 2026-09-19 21:16:00+00:00
[2026-09-20T00:00:03.234+0200] {logging_mixin.py:190} WARNING - /Users/swarnalidatta/Desktop/AutoQueryChatbot/.airflow-venv/lib/python3.12/site-packages/airflow/task/task_runner/standard_task_runner.py:70 DeprecationWarning: This process (pid=5539) is multi-threaded, use of fork() may lead to deadlocks in the child.
[2026-09-20T00:00:03.235+0200] {standard_task_runner.py:72} INFO - Started process 5541 to run task
[2026-09-20T00:00:03.234+0200] {standard_task_runner.py:104} INFO - Running: ['airflow', 'tasks', 'run', 'mini_riskagent_file_ingestion', 'wait_for_csv', 'scheduled__2026-09-19T21:16:00+00:00', '--job-id', '4732', '--raw', '--subdir', 'DAGS_FOLDER/data_ingest_pipeline.py', '--cfg-path', '/var/folders/5p/201rr1sj03g8gksxm9x48mbh0000gn/T/tmp57nfnpun']
[2026-09-20T00:00:03.235+0200] {standard_task_runner.py:105} INFO - Job 4732: Subtask wait_for_csv
[2026-09-20T00:00:03.249+0200] {task_command.py:467} INFO - Running <TaskInstance: mini_riskagent_file_ingestion.wait_for_csv scheduled__2026-09-19T21:16:00+00:00 [running]> on host mac.home
[2026-09-20T00:00:03.267+0200] {taskinstance.py:3134} INFO - Exporting env vars: AIRFLOW_CTX_DAG_OWNER='autoquery' AIRFLOW_CTX_DAG_ID='mini_riskagent_file_ingestion' AIRFLOW_CTX_TASK_ID='wait_for_csv' AIRFLOW_CTX_EXECUTION_DATE='2026-09-19T21:16:00+00:00' AIRFLOW_CTX_TRY_NUMBER='1' AIRFLOW_CTX_DAG_RUN_ID='scheduled__2026-09-19T21:16:00+00:00'
[2026-09-20T00:00:03.268+0200] {logging_mixin.py:190} INFO - Task instance is in running state
[2026-09-20T00:00:03.268+0200] {logging_mixin.py:190} INFO -  Previous state of the Task instance: queued
[2026-09-20T00:00:03.268+0200] {logging_mixin.py:190} INFO - Current task name:wait_for_csv state:running start_date:2026-09-19 22:00:03.225942+00:00
[2026-09-20T00:00:03.268+0200] {logging_mixin.py:190} INFO - Dag name:mini_riskagent_file_ingestion and current dag run status:running
[2026-09-20T00:00:03.268+0200] {taskinstance.py:732} INFO - ::endgroup::
[2026-09-20T00:00:03.270+0200] {python.py:75} INFO - Poking callable: <function check_for_csv_files at 0x10c7dab60>
[2026-09-20T00:00:03.273+0200] {taskinstance.py:310} INFO - Rescheduling task, marking task as UP_FOR_RESCHEDULE
[2026-09-20T00:00:03.273+0200] {taskinstance.py:341} INFO - ::group::Post task execution logs
[2026-09-20T00:00:03.293+0200] {local_task_job_runner.py:266} INFO - Task exited with return code 0
[2026-09-20T00:00:03.300+0200] {taskinstance.py:3901} INFO - 0 downstream tasks scheduled from follow-on schedule check
[2026-09-20T00:00:03.300+0200] {local_task_job_runner.py:245} INFO - ::endgroup::
[2026-09-20T00:06:42.366+0200] {local_task_job_runner.py:123} INFO - ::group::Pre task execution logs
[2026-09-20T00:06:42.368+0200] {taskinstance.py:2614} INFO - Dependencies all met for dep_context=non-requeueable deps ti=<TaskInstance: mini_riskagent_file_ingestion.wait_for_csv scheduled__2026-09-19T21:16:00+00:00 [queued]>
[2026-09-20T00:06:42.370+0200] {taskinstance.py:2614} INFO - Dependencies all met for dep_context=requeueable deps ti=<TaskInstance: mini_riskagent_file_ingestion.wait_for_csv scheduled__2026-09-19T21:16:00+00:00 [queued]>
[2026-09-20T00:06:42.370+0200] {taskinstance.py:2867} INFO - Starting attempt 1 of 2
[2026-09-20T00:06:42.373+0200] {taskinstance.py:2890} INFO - Executing <Task(PythonSensor): wait_for_csv> on 2026-09-19 21:16:00+00:00
[2026-09-20T00:06:42.377+0200] {logging_mixin.py:190} WARNING - /Users/swarnalidatta/Desktop/AutoQueryChatbot/.airflow-venv/lib/python3.12/site-packages/airflow/task/task_runner/standard_task_runner.py:70 DeprecationWarning: This process (pid=5566) is multi-threaded, use of fork() may lead to deadlocks in the child.
[2026-09-20T00:06:42.377+0200] {standard_task_runner.py:104} INFO - Running: ['airflow', 'tasks', 'run', 'mini_riskagent_file_ingestion', 'wait_for_csv', 'scheduled__2026-09-19T21:16:00+00:00', '--job-id', '4733', '--raw', '--subdir', 'DAGS_FOLDER/data_ingest_pipeline.py', '--cfg-path', '/var/folders/5p/201rr1sj03g8gksxm9x48mbh0000gn/T/tmpwbx447ol']
[2026-09-20T00:06:42.378+0200] {standard_task_runner.py:72} INFO - Started process 5568 to run task
[2026-09-20T00:06:42.378+0200] {standard_task_runner.py:105} INFO - Job 4733: Subtask wait_for_csv
[2026-09-20T00:06:42.391+0200] {task_command.py:467} INFO - Running <TaskInstance: mini_riskagent_file_ingestion.wait_for_csv scheduled__2026-09-19T21:16:00+00:00 [running]> on host mac.home
[2026-09-20T00:06:42.406+0200] {taskinstance.py:3134} INFO - Exporting env vars: AIRFLOW_CTX_DAG_OWNER='autoquery' AIRFLOW_CTX_DAG_ID='mini_riskagent_file_ingestion' AIRFLOW_CTX_TASK_ID='wait_for_csv' AIRFLOW_CTX_EXECUTION_DATE='2026-09-19T21:16:00+00:00' AIRFLOW_CTX_TRY_NUMBER='1' AIRFLOW_CTX_DAG_RUN_ID='scheduled__2026-09-19T21:16:00+00:00'
[2026-09-20T00:06:42.407+0200] {logging_mixin.py:190} INFO - Task instance is in running state
[2026-09-20T00:06:42.407+0200] {logging_mixin.py:190} INFO -  Previous state of the Task instance: queued
[2026-09-20T00:06:42.407+0200] {logging_mixin.py:190} INFO - Current task name:wait_for_csv state:running start_date:2026-09-19 22:06:42.368947+00:00
[2026-09-20T00:06:42.407+0200] {logging_mixin.py:190} INFO - Dag name:mini_riskagent_file_ingestion and current dag run status:running
[2026-09-20T00:06:42.408+0200] {taskinstance.py:732} INFO - ::endgroup::
[2026-09-20T00:06:42.409+0200] {python.py:75} INFO - Poking callable: <function check_for_csv_files at 0x10af1ab60>
[2026-09-20T00:06:42.412+0200] {taskinstance.py:310} INFO - Rescheduling task, marking task as UP_FOR_RESCHEDULE
[2026-09-20T00:06:42.412+0200] {taskinstance.py:341} INFO - ::group::Post task execution logs
[2026-09-20T00:06:42.437+0200] {local_task_job_runner.py:266} INFO - Task exited with return code 0
[2026-09-20T00:06:42.443+0200] {taskinstance.py:3901} INFO - 0 downstream tasks scheduled from follow-on schedule check
[2026-09-20T00:06:42.443+0200] {local_task_job_runner.py:245} INFO - ::endgroup::
[2026-09-20T00:17:58.750+0200] {local_task_job_runner.py:123} INFO - ::group::Pre task execution logs
[2026-09-20T00:17:58.753+0200] {taskinstance.py:2614} INFO - Dependencies all met for dep_context=non-requeueable deps ti=<TaskInstance: mini_riskagent_file_ingestion.wait_for_csv scheduled__2026-09-19T21:16:00+00:00 [queued]>
[2026-09-20T00:17:58.754+0200] {taskinstance.py:2614} INFO - Dependencies all met for dep_context=requeueable deps ti=<TaskInstance: mini_riskagent_file_ingestion.wait_for_csv scheduled__2026-09-19T21:16:00+00:00 [queued]>
[2026-09-20T00:17:58.755+0200] {taskinstance.py:2867} INFO - Starting attempt 1 of 2
[2026-09-20T00:17:58.757+0200] {taskinstance.py:2890} INFO - Executing <Task(PythonSensor): wait_for_csv> on 2026-09-19 21:16:00+00:00
[2026-09-20T00:17:58.762+0200] {logging_mixin.py:190} WARNING - /Users/swarnalidatta/Desktop/AutoQueryChatbot/.airflow-venv/lib/python3.12/site-packages/airflow/task/task_runner/standard_task_runner.py:70 DeprecationWarning: This process (pid=5591) is multi-threaded, use of fork() may lead to deadlocks in the child.
[2026-09-20T00:17:58.762+0200] {standard_task_runner.py:72} INFO - Started process 5597 to run task
[2026-09-20T00:17:58.762+0200] {standard_task_runner.py:104} INFO - Running: ['airflow', 'tasks', 'run', 'mini_riskagent_file_ingestion', 'wait_for_csv', 'scheduled__2026-09-19T21:16:00+00:00', '--job-id', '4734', '--raw', '--subdir', 'DAGS_FOLDER/data_ingest_pipeline.py', '--cfg-path', '/var/folders/5p/201rr1sj03g8gksxm9x48mbh0000gn/T/tmpyjihv_88']
[2026-09-20T00:17:58.762+0200] {standard_task_runner.py:105} INFO - Job 4734: Subtask wait_for_csv
[2026-09-20T00:17:58.775+0200] {task_command.py:467} INFO - Running <TaskInstance: mini_riskagent_file_ingestion.wait_for_csv scheduled__2026-09-19T21:16:00+00:00 [running]> on host mac.home
[2026-09-20T00:17:58.792+0200] {taskinstance.py:3134} INFO - Exporting env vars: AIRFLOW_CTX_DAG_OWNER='autoquery' AIRFLOW_CTX_DAG_ID='mini_riskagent_file_ingestion' AIRFLOW_CTX_TASK_ID='wait_for_csv' AIRFLOW_CTX_EXECUTION_DATE='2026-09-19T21:16:00+00:00' AIRFLOW_CTX_TRY_NUMBER='1' AIRFLOW_CTX_DAG_RUN_ID='scheduled__2026-09-19T21:16:00+00:00'
[2026-09-20T00:17:58.792+0200] {logging_mixin.py:190} INFO - Task instance is in running state
[2026-09-20T00:17:58.792+0200] {logging_mixin.py:190} INFO -  Previous state of the Task instance: queued
[2026-09-20T00:17:58.792+0200] {logging_mixin.py:190} INFO - Current task name:wait_for_csv state:running start_date:2026-09-19 22:17:58.753684+00:00
[2026-09-20T00:17:58.793+0200] {logging_mixin.py:190} INFO - Dag name:mini_riskagent_file_ingestion and current dag run status:running
[2026-09-20T00:17:58.793+0200] {taskinstance.py:732} INFO - ::endgroup::
[2026-09-20T00:17:58.794+0200] {python.py:75} INFO - Poking callable: <function check_for_csv_files at 0x10ac96b60>
[2026-09-20T00:17:58.797+0200] {taskinstance.py:310} INFO - Rescheduling task, marking task as UP_FOR_RESCHEDULE
[2026-09-20T00:17:58.797+0200] {taskinstance.py:341} INFO - ::group::Post task execution logs
[2026-09-20T00:17:58.822+0200] {local_task_job_runner.py:266} INFO - Task exited with return code 0
[2026-09-20T00:17:58.828+0200] {taskinstance.py:3901} INFO - 0 downstream tasks scheduled from follow-on schedule check
[2026-09-20T00:17:58.828+0200] {local_task_job_runner.py:245} INFO - ::endgroup::
[2026-09-20T00:33:15.078+0200] {local_task_job_runner.py:123} INFO - ::group::Pre task execution logs
[2026-09-20T00:33:15.080+0200] {taskinstance.py:2614} INFO - Dependencies all met for dep_context=non-requeueable deps ti=<TaskInstance: mini_riskagent_file_ingestion.wait_for_csv scheduled__2026-09-19T21:16:00+00:00 [queued]>
[2026-09-20T00:33:15.082+0200] {taskinstance.py:2614} INFO - Dependencies all met for dep_context=requeueable deps ti=<TaskInstance: mini_riskagent_file_ingestion.wait_for_csv scheduled__2026-09-19T21:16:00+00:00 [queued]>
[2026-09-20T00:33:15.082+0200] {taskinstance.py:2867} INFO - Starting attempt 1 of 2
[2026-09-20T00:33:15.085+0200] {taskinstance.py:2890} INFO - Executing <Task(PythonSensor): wait_for_csv> on 2026-09-19 21:16:00+00:00
[2026-09-20T00:33:15.089+0200] {logging_mixin.py:190} WARNING - /Users/swarnalidatta/Desktop/AutoQueryChatbot/.airflow-venv/lib/python3.12/site-packages/airflow/task/task_runner/standard_task_runner.py:70 DeprecationWarning: This process (pid=5611) is multi-threaded, use of fork() may lead to deadlocks in the child.
[2026-09-20T00:33:15.089+0200] {standard_task_runner.py:72} INFO - Started process 5613 to run task
[2026-09-20T00:33:15.088+0200] {standard_task_runner.py:104} INFO - Running: ['airflow', 'tasks', 'run', 'mini_riskagent_file_ingestion', 'wait_for_csv', 'scheduled__2026-09-19T21:16:00+00:00', '--job-id', '4735', '--raw', '--subdir', 'DAGS_FOLDER/data_ingest_pipeline.py', '--cfg-path', '/var/folders/5p/201rr1sj03g8gksxm9x48mbh0000gn/T/tmpadwh758u']
[2026-09-20T00:33:15.089+0200] {standard_task_runner.py:105} INFO - Job 4735: Subtask wait_for_csv
[2026-09-20T00:33:15.102+0200] {task_command.py:467} INFO - Running <TaskInstance: mini_riskagent_file_ingestion.wait_for_csv scheduled__2026-09-19T21:16:00+00:00 [running]> on host mac.home
[2026-09-20T00:33:15.117+0200] {taskinstance.py:3134} INFO - Exporting env vars: AIRFLOW_CTX_DAG_OWNER='autoquery' AIRFLOW_CTX_DAG_ID='mini_riskagent_file_ingestion' AIRFLOW_CTX_TASK_ID='wait_for_csv' AIRFLOW_CTX_EXECUTION_DATE='2026-09-19T21:16:00+00:00' AIRFLOW_CTX_TRY_NUMBER='1' AIRFLOW_CTX_DAG_RUN_ID='scheduled__2026-09-19T21:16:00+00:00'
[2026-09-20T00:33:15.117+0200] {logging_mixin.py:190} INFO - Task instance is in running state
[2026-09-20T00:33:15.118+0200] {logging_mixin.py:190} INFO -  Previous state of the Task instance: queued
[2026-09-20T00:33:15.118+0200] {logging_mixin.py:190} INFO - Current task name:wait_for_csv state:running start_date:2026-09-19 22:33:15.080872+00:00
[2026-09-20T00:33:15.118+0200] {logging_mixin.py:190} INFO - Dag name:mini_riskagent_file_ingestion and current dag run status:running
[2026-09-20T00:33:15.118+0200] {taskinstance.py:732} INFO - ::endgroup::
[2026-09-20T00:33:15.119+0200] {python.py:75} INFO - Poking callable: <function check_for_csv_files at 0x10c63ab60>
[2026-09-20T00:33:15.120+0200] {taskinstance.py:3313} ERROR - Task failed with exception
Traceback (most recent call last):
  File "/Users/swarnalidatta/Desktop/AutoQueryChatbot/.airflow-venv/lib/python3.12/site-packages/airflow/models/taskinstance.py", line 768, in _execute_task
    result = _execute_callable(context=context, **execute_callable_kwargs)
             ^^^^^^^^^^^^^^^^^^^^^^^^^^^^^^^^^^^^^^^^^^^^^^^^^^^^^^^^^^^^^
  File "/Users/swarnalidatta/Desktop/AutoQueryChatbot/.airflow-venv/lib/python3.12/site-packages/airflow/models/taskinstance.py", line 734, in _execute_callable
    return ExecutionCallableRunner(
           ^^^^^^^^^^^^^^^^^^^^^^^^
  File "/Users/swarnalidatta/Desktop/AutoQueryChatbot/.airflow-venv/lib/python3.12/site-packages/airflow/utils/operator_helpers.py", line 252, in run
    return self.func(*args, **kwargs)
           ^^^^^^^^^^^^^^^^^^^^^^^^^^
  File "/Users/swarnalidatta/Desktop/AutoQueryChatbot/.airflow-venv/lib/python3.12/site-packages/airflow/models/baseoperator.py", line 424, in wrapper
    return func(self, *args, **kwargs)
           ^^^^^^^^^^^^^^^^^^^^^^^^^^^
  File "/Users/swarnalidatta/Desktop/AutoQueryChatbot/.airflow-venv/lib/python3.12/site-packages/airflow/sensors/base.py", line 326, in execute
    raise AirflowSensorTimeout(message)
airflow.exceptions.AirflowSensorTimeout: Sensor has timed out; run duration of 3657.69519 seconds exceeds the specified timeout of 3600.0.
[2026-09-20T00:33:15.121+0200] {logging_mixin.py:190} INFO - Task instance in failure state
[2026-09-20T00:33:15.121+0200] {logging_mixin.py:190} INFO - Task start:2026-09-19 22:33:15.080872+00:00 end:2026-09-19 22:33:15.121543+00:00 duration:0.040671
[2026-09-20T00:33:15.121+0200] {logging_mixin.py:190} INFO - Task:<Task(PythonSensor): wait_for_csv> dag:<DAG: mini_riskagent_file_ingestion> dagrun:<DagRun mini_riskagent_file_ingestion @ 2026-09-19 21:16:00+00:00: scheduled__2026-09-19T21:16:00+00:00, state:running, queued_at: 2026-09-19 21:17:07.359765+00:00. externally triggered: False>
[2026-09-20T00:33:15.122+0200] {logging_mixin.py:190} INFO - Failure caused by Sensor has timed out; run duration of 3657.69519 seconds exceeds the specified timeout of 3600.0.
[2026-09-20T00:33:15.122+0200] {taskinstance.py:1226} INFO - Immediate failure requested. Marking task as FAILED. dag_id=mini_riskagent_file_ingestion, task_id=wait_for_csv, run_id=scheduled__2026-09-19T21:16:00+00:00, execution_date=20260919T211600, start_date=20260919T223315, end_date=20260919T223315
[2026-09-20T00:33:15.126+0200] {taskinstance.py:341} INFO - ::group::Post task execution logs
[2026-09-20T00:33:15.126+0200] {standard_task_runner.py:124} ERROR - Failed to execute job 4735 for task wait_for_csv (Sensor has timed out; run duration of 3657.69519 seconds exceeds the specified timeout of 3600.0.; 5613)
Traceback (most recent call last):
  File "/Users/swarnalidatta/Desktop/AutoQueryChatbot/.airflow-venv/lib/python3.12/site-packages/airflow/task/task_runner/standard_task_runner.py", line 117, in _start_by_fork
    ret = args.func(args, dag=self.dag)
          ^^^^^^^^^^^^^^^^^^^^^^^^^^^^^
  File "/Users/swarnalidatta/Desktop/AutoQueryChatbot/.airflow-venv/lib/python3.12/site-packages/airflow/cli/cli_config.py", line 49, in command
    return func(*args, **kwargs)
           ^^^^^^^^^^^^^^^^^^^^^
  File "/Users/swarnalidatta/Desktop/AutoQueryChatbot/.airflow-venv/lib/python3.12/site-packages/airflow/utils/cli.py", line 116, in wrapper
    return f(*args, **kwargs)
           ^^^^^^^^^^^^^^^^^^
  File "/Users/swarnalidatta/Desktop/AutoQueryChatbot/.airflow-venv/lib/python3.12/site-packages/airflow/cli/commands/task_command.py", line 483, in task_run
    task_return_code = _run_task_by_selected_method(args, _dag, ti)
                       ^^^^^^^^^^^^^^^^^^^^^^^^^^^^^^^^^^^^^^^^^^^^
  File "/Users/swarnalidatta/Desktop/AutoQueryChatbot/.airflow-venv/lib/python3.12/site-packages/airflow/cli/commands/task_command.py", line 256, in _run_task_by_selected_method
    return _run_raw_task(args, ti)
           ^^^^^^^^^^^^^^^^^^^^^^^
  File "/Users/swarnalidatta/Desktop/AutoQueryChatbot/.airflow-venv/lib/python3.12/site-packages/airflow/cli/commands/task_command.py", line 341, in _run_raw_task
    return ti._run_raw_task(
           ^^^^^^^^^^^^^^^^^
  File "/Users/swarnalidatta/Desktop/AutoQueryChatbot/.airflow-venv/lib/python3.12/site-packages/airflow/utils/session.py", line 97, in wrapper
    return func(*args, session=session, **kwargs)
           ^^^^^^^^^^^^^^^^^^^^^^^^^^^^^^^^^^^^^^
  File "/Users/swarnalidatta/Desktop/AutoQueryChatbot/.airflow-venv/lib/python3.12/site-packages/airflow/models/taskinstance.py", line 3006, in _run_raw_task
    return _run_raw_task(
           ^^^^^^^^^^^^^^
  File "/Users/swarnalidatta/Desktop/AutoQueryChatbot/.airflow-venv/lib/python3.12/site-packages/airflow/models/taskinstance.py", line 274, in _run_raw_task
    TaskInstance._execute_task_with_callbacks(
  File "/Users/swarnalidatta/Desktop/AutoQueryChatbot/.airflow-venv/lib/python3.12/site-packages/airflow/models/taskinstance.py", line 3161, in _execute_task_with_callbacks
    result = self._execute_task(context, task_orig)
             ^^^^^^^^^^^^^^^^^^^^^^^^^^^^^^^^^^^^^^
  File "/Users/swarnalidatta/Desktop/AutoQueryChatbot/.airflow-venv/lib/python3.12/site-packages/airflow/models/taskinstance.py", line 3185, in _execute_task
    return _execute_task(self, context, task_orig)
           ^^^^^^^^^^^^^^^^^^^^^^^^^^^^^^^^^^^^^^^
  File "/Users/swarnalidatta/Desktop/AutoQueryChatbot/.airflow-venv/lib/python3.12/site-packages/airflow/models/taskinstance.py", line 768, in _execute_task
    result = _execute_callable(context=context, **execute_callable_kwargs)
             ^^^^^^^^^^^^^^^^^^^^^^^^^^^^^^^^^^^^^^^^^^^^^^^^^^^^^^^^^^^^^
  File "/Users/swarnalidatta/Desktop/AutoQueryChatbot/.airflow-venv/lib/python3.12/site-packages/airflow/models/taskinstance.py", line 734, in _execute_callable
    return ExecutionCallableRunner(
           ^^^^^^^^^^^^^^^^^^^^^^^^
  File "/Users/swarnalidatta/Desktop/AutoQueryChatbot/.airflow-venv/lib/python3.12/site-packages/airflow/utils/operator_helpers.py", line 252, in run
    return self.func(*args, **kwargs)
           ^^^^^^^^^^^^^^^^^^^^^^^^^^
  File "/Users/swarnalidatta/Desktop/AutoQueryChatbot/.airflow-venv/lib/python3.12/site-packages/airflow/models/baseoperator.py", line 424, in wrapper
    return func(self, *args, **kwargs)
           ^^^^^^^^^^^^^^^^^^^^^^^^^^^
  File "/Users/swarnalidatta/Desktop/AutoQueryChatbot/.airflow-venv/lib/python3.12/site-packages/airflow/sensors/base.py", line 326, in execute
    raise AirflowSensorTimeout(message)
airflow.exceptions.AirflowSensorTimeout: Sensor has timed out; run duration of 3657.69519 seconds exceeds the specified timeout of 3600.0.
[2026-09-20T00:33:15.148+0200] {local_task_job_runner.py:266} INFO - Task exited with return code 1
[2026-09-20T00:33:15.155+0200] {taskinstance.py:3901} INFO - 0 downstream tasks scheduled from follow-on schedule check
[2026-09-20T00:33:15.156+0200] {local_task_job_runner.py:245} INFO - ::endgroup::
