[2026-09-20T18:45:00.301+0200] {local_task_job_runner.py:123} INFO - ::group::Pre task execution logs
[2026-09-20T18:45:00.304+0200] {taskinstance.py:2614} INFO - Dependencies all met for dep_context=non-requeueable deps ti=<TaskInstance: mini_riskagent_file_ingestion.wait_for_csv scheduled__2026-09-20T16:26:00+00:00 [queued]>
[2026-09-20T18:45:00.305+0200] {taskinstance.py:2614} INFO - Dependencies all met for dep_context=requeueable deps ti=<TaskInstance: mini_riskagent_file_ingestion.wait_for_csv scheduled__2026-09-20T16:26:00+00:00 [queued]>
[2026-09-20T18:45:00.305+0200] {taskinstance.py:2867} INFO - Starting attempt 1 of 2
[2026-09-20T18:45:00.308+0200] {taskinstance.py:2890} INFO - Executing <Task(PythonSensor): wait_for_csv> on 2026-09-20 16:26:00+00:00
[2026-09-20T18:45:00.313+0200] {logging_mixin.py:190} WARNING - /Users/swarnalidatta/Desktop/AutoQueryChatbot/.airflow-venv/lib/python3.12/site-packages/airflow/task/task_runner/standard_task_runner.py:70 DeprecationWarning: This process (pid=7193) is multi-threaded, use of fork() may lead to deadlocks in the child.
[2026-09-20T18:45:00.313+0200] {standard_task_runner.py:72} INFO - Started process 7195 to run task
[2026-09-20T18:45:00.313+0200] {standard_task_runner.py:104} INFO - Running: ['airflow', 'tasks', 'run', 'mini_riskagent_file_ingestion', 'wait_for_csv', 'scheduled__2026-09-20T16:26:00+00:00', '--job-id', '4809', '--raw', '--subdir', 'DAGS_FOLDER/data_ingest_pipeline.py', '--cfg-path', '/var/folders/5p/201rr1sj03g8gksxm9x48mbh0000gn/T/tmp4ryh7rqo']
[2026-09-20T18:45:00.313+0200] {standard_task_runner.py:105} INFO - Job 4809: Subtask wait_for_csv
[2026-09-20T18:45:00.327+0200] {task_command.py:467} INFO - Running <TaskInstance: mini_riskagent_file_ingestion.wait_for_csv scheduled__2026-09-20T16:26:00+00:00 [running]> on host mac.home
[2026-09-20T18:45:00.344+0200] {taskinstance.py:3134} INFO - Exporting env vars: AIRFLOW_CTX_DAG_OWNER='autoquery' AIRFLOW_CTX_DAG_ID='mini_riskagent_file_ingestion' AIRFLOW_CTX_TASK_ID='wait_for_csv' AIRFLOW_CTX_EXECUTION_DATE='2026-09-20T16:26:00+00:00' AIRFLOW_CTX_TRY_NUMBER='1' AIRFLOW_CTX_DAG_RUN_ID='scheduled__2026-09-20T16:26:00+00:00'
[2026-09-20T18:45:00.344+0200] {logging_mixin.py:190} INFO - Task instance is in running state
[2026-09-20T18:45:00.344+0200] {logging_mixin.py:190} INFO -  Previous state of the Task instance: queued
[2026-09-20T18:45:00.345+0200] {logging_mixin.py:190} INFO - Current task name:wait_for_csv state:running start_date:2026-09-20 16:45:00.304210+00:00
[2026-09-20T18:45:00.345+0200] {logging_mixin.py:190} INFO - Dag name:mini_riskagent_file_ingestion and current dag run status:running
[2026-09-20T18:45:00.345+0200] {taskinstance.py:732} INFO - ::endgroup::
[2026-09-20T18:45:00.346+0200] {python.py:75} INFO - Poking callable: <function check_for_csv_files at 0x108c1eb60>
[2026-09-20T18:45:00.349+0200] {taskinstance.py:310} INFO - Rescheduling task, marking task as UP_FOR_RESCHEDULE
[2026-09-20T18:45:00.350+0200] {taskinstance.py:341} INFO - ::group::Post task execution logs
[2026-09-20T18:45:00.372+0200] {local_task_job_runner.py:266} INFO - Task exited with return code 0
[2026-09-20T18:45:00.379+0200] {taskinstance.py:3901} INFO - 0 downstream tasks scheduled from follow-on schedule check
[2026-09-20T18:45:00.379+0200] {local_task_job_runner.py:245} INFO - ::endgroup::
[2026-09-20T19:01:51.478+0200] {local_task_job_runner.py:123} INFO - ::group::Pre task execution logs
[2026-09-20T19:01:51.481+0200] {taskinstance.py:2614} INFO - Dependencies all met for dep_context=non-requeueable deps ti=<TaskInstance: mini_riskagent_file_ingestion.wait_for_csv scheduled__2026-09-20T16:26:00+00:00 [queued]>
[2026-09-20T19:01:51.482+0200] {taskinstance.py:2614} INFO - Dependencies all met for dep_context=requeueable deps ti=<TaskInstance: mini_riskagent_file_ingestion.wait_for_csv scheduled__2026-09-20T16:26:00+00:00 [queued]>
[2026-09-20T19:01:51.482+0200] {taskinstance.py:2867} INFO - Starting attempt 1 of 2
[2026-09-20T19:01:51.485+0200] {taskinstance.py:2890} INFO - Executing <Task(PythonSensor): wait_for_csv> on 2026-09-20 16:26:00+00:00
[2026-09-20T19:01:51.490+0200] {logging_mixin.py:190} WARNING - /Users/swarnalidatta/Desktop/AutoQueryChatbot/.airflow-venv/lib/python3.12/site-packages/airflow/task/task_runner/standard_task_runner.py:70 DeprecationWarning: This process (pid=7207) is multi-threaded, use of fork() may lead to deadlocks in the child.
[2026-09-20T19:01:51.490+0200] {standard_task_runner.py:72} INFO - Started process 7209 to run task
[2026-09-20T19:01:51.489+0200] {standard_task_runner.py:104} INFO - Running: ['airflow', 'tasks', 'run', 'mini_riskagent_file_ingestion', 'wait_for_csv', 'scheduled__2026-09-20T16:26:00+00:00', '--job-id', '4810', '--raw', '--subdir', 'DAGS_FOLDER/data_ingest_pipeline.py', '--cfg-path', '/var/folders/5p/201rr1sj03g8gksxm9x48mbh0000gn/T/tmpod32fr3v']
[2026-09-20T19:01:51.490+0200] {standard_task_runner.py:105} INFO - Job 4810: Subtask wait_for_csv
[2026-09-20T19:01:51.504+0200] {task_command.py:467} INFO - Running <TaskInstance: mini_riskagent_file_ingestion.wait_for_csv scheduled__2026-09-20T16:26:00+00:00 [running]> on host mac.home
[2026-09-20T19:01:51.519+0200] {taskinstance.py:3134} INFO - Exporting env vars: AIRFLOW_CTX_DAG_OWNER='autoquery' AIRFLOW_CTX_DAG_ID='mini_riskagent_file_ingestion' AIRFLOW_CTX_TASK_ID='wait_for_csv' AIRFLOW_CTX_EXECUTION_DATE='2026-09-20T16:26:00+00:00' AIRFLOW_CTX_TRY_NUMBER='1' AIRFLOW_CTX_DAG_RUN_ID='scheduled__2026-09-20T16:26:00+00:00'
[2026-09-20T19:01:51.520+0200] {logging_mixin.py:190} INFO - Task instance is in running state
[2026-09-20T19:01:51.520+0200] {logging_mixin.py:190} INFO -  Previous state of the Task instance: queued
[2026-09-20T19:01:51.520+0200] {logging_mixin.py:190} INFO - Current task name:wait_for_csv state:running start_date:2026-09-20 17:01:51.481165+00:00
[2026-09-20T19:01:51.520+0200] {logging_mixin.py:190} INFO - Dag name:mini_riskagent_file_ingestion and current dag run status:running
[2026-09-20T19:01:51.520+0200] {taskinstance.py:732} INFO - ::endgroup::
[2026-09-20T19:01:51.522+0200] {python.py:75} INFO - Poking callable: <function check_for_csv_files at 0x108cceb60>
[2026-09-20T19:01:51.525+0200] {taskinstance.py:310} INFO - Rescheduling task, marking task as UP_FOR_RESCHEDULE
[2026-09-20T19:01:51.525+0200] {taskinstance.py:341} INFO - ::group::Post task execution logs
[2026-09-20T19:01:51.549+0200] {local_task_job_runner.py:266} INFO - Task exited with return code 0
[2026-09-20T19:01:51.556+0200] {taskinstance.py:3901} INFO - 0 downstream tasks scheduled from follow-on schedule check
[2026-09-20T19:01:51.556+0200] {local_task_job_runner.py:245} INFO - ::endgroup::
[2026-09-20T19:12:17.638+0200] {local_task_job_runner.py:123} INFO - ::group::Pre task execution logs
[2026-09-20T19:12:17.640+0200] {taskinstance.py:2614} INFO - Dependencies all met for dep_context=non-requeueable deps ti=<TaskInstance: mini_riskagent_file_ingestion.wait_for_csv scheduled__2026-09-20T16:26:00+00:00 [queued]>
[2026-09-20T19:12:17.642+0200] {taskinstance.py:2614} INFO - Dependencies all met for dep_context=requeueable deps ti=<TaskInstance: mini_riskagent_file_ingestion.wait_for_csv scheduled__2026-09-20T16:26:00+00:00 [queued]>
[2026-09-20T19:12:17.642+0200] {taskinstance.py:2867} INFO - Starting attempt 1 of 2
[2026-09-20T19:12:17.645+0200] {taskinstance.py:2890} INFO - Executing <Task(PythonSensor): wait_for_csv> on 2026-09-20 16:26:00+00:00
[2026-09-20T19:12:17.649+0200] {logging_mixin.py:190} WARNING - /Users/swarnalidatta/Desktop/AutoQueryChatbot/.airflow-venv/lib/python3.12/site-packages/airflow/task/task_runner/standard_task_runner.py:70 DeprecationWarning: This process (pid=7221) is multi-threaded, use of fork() may lead to deadlocks in the child.
[2026-09-20T19:12:17.649+0200] {standard_task_runner.py:72} INFO - Started process 7224 to run task
[2026-09-20T19:12:17.648+0200] {standard_task_runner.py:104} INFO - Running: ['airflow', 'tasks', 'run', 'mini_riskagent_file_ingestion', 'wait_for_csv', 'scheduled__2026-09-20T16:26:00+00:00', '--job-id', '4811', '--raw', '--subdir', 'DAGS_FOLDER/data_ingest_pipeline.py', '--cfg-path', '/var/folders/5p/201rr1sj03g8gksxm9x48mbh0000gn/T/tmp51ig5g31']
[2026-09-20T19:12:17.649+0200] {standard_task_runner.py:105} INFO - Job 4811: Subtask wait_for_csv
[2026-09-20T19:12:17.662+0200] {task_command.py:467} INFO - Running <TaskInstance: mini_riskagent_file_ingestion.wait_for_csv scheduled__2026-09-20T16:26:00+00:00 [running]> on host mac.home
[2026-09-20T19:12:17.677+0200] {taskinstance.py:3134} INFO - Exporting env vars: AIRFLOW_CTX_DAG_OWNER='autoquery' AIRFLOW_CTX_DAG_ID='mini_riskagent_file_ingestion' AIRFLOW_CTX_TASK_ID='wait_for_csv' AIRFLOW_CTX_EXECUTION_DATE='2026-09-20T16:26:00+00:00' AIRFLOW_CTX_TRY_NUMBER='1' AIRFLOW_CTX_DAG_RUN_ID='scheduled__2026-09-20T16:26:00+00:00'
[2026-09-20T19:12:17.678+0200] {logging_mixin.py:190} INFO - Task instance is in running state
[2026-09-20T19:12:17.678+0200] {logging_mixin.py:190} INFO -  Previous state of the Task instance: queued
[2026-09-20T19:12:17.678+0200] {logging_mixin.py:190} INFO - Current task name:wait_for_csv state:running start_date:2026-09-20 17:12:17.640972+00:00
[2026-09-20T19:12:17.678+0200] {logging_mixin.py:190} INFO - Dag name:mini_riskagent_file_ingestion and current dag run status:running
[2026-09-20T19:12:17.678+0200] {taskinstance.py:732} INFO - ::endgroup::
[2026-09-20T19:12:17.680+0200] {python.py:75} INFO - Poking callable: <function check_for_csv_files at 0x10a75ab60>
[2026-09-20T19:12:17.683+0200] {taskinstance.py:310} INFO - Rescheduling task, marking task as UP_FOR_RESCHEDULE
[2026-09-20T19:12:17.683+0200] {taskinstance.py:341} INFO - ::group::Post task execution logs
[2026-09-20T19:12:17.708+0200] {local_task_job_runner.py:266} INFO - Task exited with return code 0
[2026-09-20T19:12:17.715+0200] {taskinstance.py:3901} INFO - 0 downstream tasks scheduled from follow-on schedule check
[2026-09-20T19:12:17.715+0200] {local_task_job_runner.py:245} INFO - ::endgroup::
[2026-09-20T19:28:51.328+0200] {local_task_job_runner.py:123} INFO - ::group::Pre task execution logs
[2026-09-20T19:28:51.331+0200] {taskinstance.py:2614} INFO - Dependencies all met for dep_context=non-requeueable deps ti=<TaskInstance: mini_riskagent_file_ingestion.wait_for_csv scheduled__2026-09-20T16:26:00+00:00 [queued]>
[2026-09-20T19:28:51.332+0200] {taskinstance.py:2614} INFO - Dependencies all met for dep_context=requeueable deps ti=<TaskInstance: mini_riskagent_file_ingestion.wait_for_csv scheduled__2026-09-20T16:26:00+00:00 [queued]>
[2026-09-20T19:28:51.332+0200] {taskinstance.py:2867} INFO - Starting attempt 1 of 2
[2026-09-20T19:28:51.335+0200] {taskinstance.py:2890} INFO - Executing <Task(PythonSensor): wait_for_csv> on 2026-09-20 16:26:00+00:00
[2026-09-20T19:28:51.340+0200] {logging_mixin.py:190} WARNING - /Users/swarnalidatta/Desktop/AutoQueryChatbot/.airflow-venv/lib/python3.12/site-packages/airflow/task/task_runner/standard_task_runner.py:70 DeprecationWarning: This process (pid=7242) is multi-threaded, use of fork() may lead to deadlocks in the child.
[2026-09-20T19:28:51.340+0200] {standard_task_runner.py:72} INFO - Started process 7244 to run task
[2026-09-20T19:28:51.340+0200] {standard_task_runner.py:104} INFO - Running: ['airflow', 'tasks', 'run', 'mini_riskagent_file_ingestion', 'wait_for_csv', 'scheduled__2026-09-20T16:26:00+00:00', '--job-id', '4812', '--raw', '--subdir', 'DAGS_FOLDER/data_ingest_pipeline.py', '--cfg-path', '/var/folders/5p/201rr1sj03g8gksxm9x48mbh0000gn/T/tmp3ges46m7']
[2026-09-20T19:28:51.340+0200] {standard_task_runner.py:105} INFO - Job 4812: Subtask wait_for_csv
[2026-09-20T19:28:51.353+0200] {task_command.py:467} INFO - Running <TaskInstance: mini_riskagent_file_ingestion.wait_for_csv scheduled__2026-09-20T16:26:00+00:00 [running]> on host mac.home
[2026-09-20T19:28:51.369+0200] {taskinstance.py:3134} INFO - Exporting env vars: AIRFLOW_CTX_DAG_OWNER='autoquery' AIRFLOW_CTX_DAG_ID='mini_riskagent_file_ingestion' AIRFLOW_CTX_TASK_ID='wait_for_csv' AIRFLOW_CTX_EXECUTION_DATE='2026-09-20T16:26:00+00:00' AIRFLOW_CTX_TRY_NUMBER='1' AIRFLOW_CTX_DAG_RUN_ID='scheduled__2026-09-20T16:26:00+00:00'
[2026-09-20T19:28:51.369+0200] {logging_mixin.py:190} INFO - Task instance is in running state
[2026-09-20T19:28:51.370+0200] {logging_mixin.py:190} INFO -  Previous state of the Task instance: queued
[2026-09-20T19:28:51.370+0200] {logging_mixin.py:190} INFO - Current task name:wait_for_csv state:running start_date:2026-09-20 17:28:51.331497+00:00
[2026-09-20T19:28:51.370+0200] {logging_mixin.py:190} INFO - Dag name:mini_riskagent_file_ingestion and current dag run status:running
[2026-09-20T19:28:51.370+0200] {taskinstance.py:732} INFO - ::endgroup::
[2026-09-20T19:28:51.372+0200] {python.py:75} INFO - Poking callable: <function check_for_csv_files at 0x10aec2b60>
[2026-09-20T19:28:51.375+0200] {taskinstance.py:310} INFO - Rescheduling task, marking task as UP_FOR_RESCHEDULE
[2026-09-20T19:28:51.375+0200] {taskinstance.py:341} INFO - ::group::Post task execution logs
[2026-09-20T19:28:51.400+0200] {local_task_job_runner.py:266} INFO - Task exited with return code 0
[2026-09-20T19:28:51.407+0200] {taskinstance.py:3901} INFO - 0 downstream tasks scheduled from follow-on schedule check
[2026-09-20T19:28:51.407+0200] {local_task_job_runner.py:245} INFO - ::endgroup::
[2026-09-20T19:46:20.076+0200] {local_task_job_runner.py:123} INFO - ::group::Pre task execution logs
[2026-09-20T19:46:20.079+0200] {taskinstance.py:2614} INFO - Dependencies all met for dep_context=non-requeueable deps ti=<TaskInstance: mini_riskagent_file_ingestion.wait_for_csv scheduled__2026-09-20T16:26:00+00:00 [queued]>
[2026-09-20T19:46:20.080+0200] {taskinstance.py:2614} INFO - Dependencies all met for dep_context=requeueable deps ti=<TaskInstance: mini_riskagent_file_ingestion.wait_for_csv scheduled__2026-09-20T16:26:00+00:00 [queued]>
[2026-09-20T19:46:20.080+0200] {taskinstance.py:2867} INFO - Starting attempt 1 of 2
[2026-09-20T19:46:20.083+0200] {taskinstance.py:2890} INFO - Executing <Task(PythonSensor): wait_for_csv> on 2026-09-20 16:26:00+00:00
[2026-09-20T19:46:20.087+0200] {logging_mixin.py:190} WARNING - /Users/swarnalidatta/Desktop/AutoQueryChatbot/.airflow-venv/lib/python3.12/site-packages/airflow/task/task_runner/standard_task_runner.py:70 DeprecationWarning: This process (pid=7265) is multi-threaded, use of fork() may lead to deadlocks in the child.
[2026-09-20T19:46:20.088+0200] {standard_task_runner.py:72} INFO - Started process 7267 to run task
[2026-09-20T19:46:20.087+0200] {standard_task_runner.py:104} INFO - Running: ['airflow', 'tasks', 'run', 'mini_riskagent_file_ingestion', 'wait_for_csv', 'scheduled__2026-09-20T16:26:00+00:00', '--job-id', '4813', '--raw', '--subdir', 'DAGS_FOLDER/data_ingest_pipeline.py', '--cfg-path', '/var/folders/5p/201rr1sj03g8gksxm9x48mbh0000gn/T/tmpqzr9ja15']
[2026-09-20T19:46:20.088+0200] {standard_task_runner.py:105} INFO - Job 4813: Subtask wait_for_csv
[2026-09-20T19:46:20.101+0200] {task_command.py:467} INFO - Running <TaskInstance: mini_riskagent_file_ingestion.wait_for_csv scheduled__2026-09-20T16:26:00+00:00 [running]> on host mac.home
[2026-09-20T19:46:20.116+0200] {taskinstance.py:3134} INFO - Exporting env vars: AIRFLOW_CTX_DAG_OWNER='autoquery' AIRFLOW_CTX_DAG_ID='mini_riskagent_file_ingestion' AIRFLOW_CTX_TASK_ID='wait_for_csv' AIRFLOW_CTX_EXECUTION_DATE='2026-09-20T16:26:00+00:00' AIRFLOW_CTX_TRY_NUMBER='1' AIRFLOW_CTX_DAG_RUN_ID='scheduled__2026-09-20T16:26:00+00:00'
[2026-09-20T19:46:20.116+0200] {logging_mixin.py:190} INFO - Task instance is in running state
[2026-09-20T19:46:20.117+0200] {logging_mixin.py:190} INFO -  Previous state of the Task instance: queued
[2026-09-20T19:46:20.117+0200] {logging_mixin.py:190} INFO - Current task name:wait_for_csv state:running start_date:2026-09-20 17:46:20.079390+00:00
[2026-09-20T19:46:20.117+0200] {logging_mixin.py:190} INFO - Dag name:mini_riskagent_file_ingestion and current dag run status:running
[2026-09-20T19:46:20.117+0200] {taskinstance.py:732} INFO - ::endgroup::
[2026-09-20T19:46:20.118+0200] {python.py:75} INFO - Poking callable: <function check_for_csv_files at 0x10a66eb60>
[2026-09-20T19:46:20.119+0200] {taskinstance.py:3313} ERROR - Task failed with exception
Traceback (most recent call last):
  File "/Users/swarnalidatta/Desktop/AutoQueryChatbot/.airflow-venv/lib/python3.12/site-packages/airflow/models/taskinstance.py", line 768, in _execute_task
    result = _execute_callable(context=context, **execute_callable_kwargs)
             ^^^^^^^^^^^^^^^^^^^^^^^^^^^^^^^^^^^^^^^^^^^^^^^^^^^^^^^^^^^^^
  File "/Users/swarnalidatta/Desktop/AutoQueryChatbot/.airflow-venv/lib/python3.12/site-packages/airflow/models/taskinstance.py", line 734, in _execute_callable
    return ExecutionCallableRunner(
           ^^^^^^^^^^^^^^^^^^^^^^^^
  File "/Users/swarnalidatta/Desktop/AutoQueryChatbot/.airflow-venv/lib/python3.12/site-packages/airflow/utils/operator_helpers.py", line 252, in run
    return self.func(*args, **kwargs)
           ^^^^^^^^^^^^^^^^^^^^^^^^^^
  File "/Users/swarnalidatta/Desktop/AutoQueryChatbot/.airflow-venv/lib/python3.12/site-packages/airflow/models/baseoperator.py", line 424, in wrapper
    return func(self, *args, **kwargs)
           ^^^^^^^^^^^^^^^^^^^^^^^^^^^
  File "/Users/swarnalidatta/Desktop/AutoQueryChatbot/.airflow-venv/lib/python3.12/site-packages/airflow/sensors/base.py", line 326, in execute
    raise AirflowSensorTimeout(message)
airflow.exceptions.AirflowSensorTimeout: Sensor has timed out; run duration of 3679.786025 seconds exceeds the specified timeout of 3600.0.
[2026-09-20T19:46:20.120+0200] {logging_mixin.py:190} INFO - Task instance in failure state
[2026-09-20T19:46:20.120+0200] {logging_mixin.py:190} INFO - Task start:2026-09-20 17:46:20.079390+00:00 end:2026-09-20 17:46:20.120607+00:00 duration:0.041217
[2026-09-20T19:46:20.121+0200] {logging_mixin.py:190} INFO - Task:<Task(PythonSensor): wait_for_csv> dag:<DAG: mini_riskagent_file_ingestion> dagrun:<DagRun mini_riskagent_file_ingestion @ 2026-09-20 16:26:00+00:00: scheduled__2026-09-20T16:26:00+00:00, state:running, queued_at: 2026-09-20 16:44:59.438809+00:00. externally triggered: False>
[2026-09-20T19:46:20.121+0200] {logging_mixin.py:190} INFO - Failure caused by Sensor has timed out; run duration of 3679.786025 seconds exceeds the specified timeout of 3600.0.
[2026-09-20T19:46:20.121+0200] {taskinstance.py:1226} INFO - Immediate failure requested. Marking task as FAILED. dag_id=mini_riskagent_file_ingestion, task_id=wait_for_csv, run_id=scheduled__2026-09-20T16:26:00+00:00, execution_date=20260920T162600, start_date=20260920T174620, end_date=20260920T174620
[2026-09-20T19:46:20.125+0200] {taskinstance.py:341} INFO - ::group::Post task execution logs
[2026-09-20T19:46:20.125+0200] {standard_task_runner.py:124} ERROR - Failed to execute job 4813 for task wait_for_csv (Sensor has timed out; run duration of 3679.786025 seconds exceeds the specified timeout of 3600.0.; 7267)
Traceback (most recent call last):
  File "/Users/swarnalidatta/Desktop/AutoQueryChatbot/.airflow-venv/lib/python3.12/site-packages/airflow/task/task_runner/standard_task_runner.py", line 117, in _start_by_fork
    ret = args.func(args, dag=self.dag)
          ^^^^^^^^^^^^^^^^^^^^^^^^^^^^^
  File "/Users/swarnalidatta/Desktop/AutoQueryChatbot/.airflow-venv/lib/python3.12/site-packages/airflow/cli/cli_config.py", line 49, in command
    return func(*args, **kwargs)
           ^^^^^^^^^^^^^^^^^^^^^
  File "/Users/swarnalidatta/Desktop/AutoQueryChatbot/.airflow-venv/lib/python3.12/site-packages/airflow/utils/cli.py", line 116, in wrapper
    return f(*args, **kwargs)
           ^^^^^^^^^^^^^^^^^^
  File "/Users/swarnalidatta/Desktop/AutoQueryChatbot/.airflow-venv/lib/python3.12/site-packages/airflow/cli/commands/task_command.py", line 483, in task_run
    task_return_code = _run_task_by_selected_method(args, _dag, ti)
                       ^^^^^^^^^^^^^^^^^^^^^^^^^^^^^^^^^^^^^^^^^^^^
  File "/Users/swarnalidatta/Desktop/AutoQueryChatbot/.airflow-venv/lib/python3.12/site-packages/airflow/cli/commands/task_command.py", line 256, in _run_task_by_selected_method
    return _run_raw_task(args, ti)
           ^^^^^^^^^^^^^^^^^^^^^^^
  File "/Users/swarnalidatta/Desktop/AutoQueryChatbot/.airflow-venv/lib/python3.12/site-packages/airflow/cli/commands/task_command.py", line 341, in _run_raw_task
    return ti._run_raw_task(
           ^^^^^^^^^^^^^^^^^
  File "/Users/swarnalidatta/Desktop/AutoQueryChatbot/.airflow-venv/lib/python3.12/site-packages/airflow/utils/session.py", line 97, in wrapper
    return func(*args, session=session, **kwargs)
           ^^^^^^^^^^^^^^^^^^^^^^^^^^^^^^^^^^^^^^
  File "/Users/swarnalidatta/Desktop/AutoQueryChatbot/.airflow-venv/lib/python3.12/site-packages/airflow/models/taskinstance.py", line 3006, in _run_raw_task
    return _run_raw_task(
           ^^^^^^^^^^^^^^
  File "/Users/swarnalidatta/Desktop/AutoQueryChatbot/.airflow-venv/lib/python3.12/site-packages/airflow/models/taskinstance.py", line 274, in _run_raw_task
    TaskInstance._execute_task_with_callbacks(
  File "/Users/swarnalidatta/Desktop/AutoQueryChatbot/.airflow-venv/lib/python3.12/site-packages/airflow/models/taskinstance.py", line 3161, in _execute_task_with_callbacks
    result = self._execute_task(context, task_orig)
             ^^^^^^^^^^^^^^^^^^^^^^^^^^^^^^^^^^^^^^
  File "/Users/swarnalidatta/Desktop/AutoQueryChatbot/.airflow-venv/lib/python3.12/site-packages/airflow/models/taskinstance.py", line 3185, in _execute_task
    return _execute_task(self, context, task_orig)
           ^^^^^^^^^^^^^^^^^^^^^^^^^^^^^^^^^^^^^^^
  File "/Users/swarnalidatta/Desktop/AutoQueryChatbot/.airflow-venv/lib/python3.12/site-packages/airflow/models/taskinstance.py", line 768, in _execute_task
    result = _execute_callable(context=context, **execute_callable_kwargs)
             ^^^^^^^^^^^^^^^^^^^^^^^^^^^^^^^^^^^^^^^^^^^^^^^^^^^^^^^^^^^^^
  File "/Users/swarnalidatta/Desktop/AutoQueryChatbot/.airflow-venv/lib/python3.12/site-packages/airflow/models/taskinstance.py", line 734, in _execute_callable
    return ExecutionCallableRunner(
           ^^^^^^^^^^^^^^^^^^^^^^^^
  File "/Users/swarnalidatta/Desktop/AutoQueryChatbot/.airflow-venv/lib/python3.12/site-packages/airflow/utils/operator_helpers.py", line 252, in run
    return self.func(*args, **kwargs)
           ^^^^^^^^^^^^^^^^^^^^^^^^^^
  File "/Users/swarnalidatta/Desktop/AutoQueryChatbot/.airflow-venv/lib/python3.12/site-packages/airflow/models/baseoperator.py", line 424, in wrapper
    return func(self, *args, **kwargs)
           ^^^^^^^^^^^^^^^^^^^^^^^^^^^
  File "/Users/swarnalidatta/Desktop/AutoQueryChatbot/.airflow-venv/lib/python3.12/site-packages/airflow/sensors/base.py", line 326, in execute
    raise AirflowSensorTimeout(message)
airflow.exceptions.AirflowSensorTimeout: Sensor has timed out; run duration of 3679.786025 seconds exceeds the specified timeout of 3600.0.
[2026-09-20T19:46:20.147+0200] {local_task_job_runner.py:266} INFO - Task exited with return code 1
[2026-09-20T19:46:20.154+0200] {taskinstance.py:3901} INFO - 0 downstream tasks scheduled from follow-on schedule check
[2026-09-20T19:46:20.155+0200] {local_task_job_runner.py:245} INFO - ::endgroup::
