[2026-09-20T09:03:08.577+0200] {local_task_job_runner.py:123} INFO - ::group::Pre task execution logs
[2026-09-20T09:03:08.580+0200] {taskinstance.py:2614} INFO - Dependencies all met for dep_context=non-requeueable deps ti=<TaskInstance: mini_riskagent_file_ingestion.wait_for_csv scheduled__2026-09-20T07:02:00+00:00 [queued]>
[2026-09-20T09:03:08.581+0200] {taskinstance.py:2614} INFO - Dependencies all met for dep_context=requeueable deps ti=<TaskInstance: mini_riskagent_file_ingestion.wait_for_csv scheduled__2026-09-20T07:02:00+00:00 [queued]>
[2026-09-20T09:03:08.581+0200] {taskinstance.py:2867} INFO - Starting attempt 1 of 2
[2026-09-20T09:03:08.584+0200] {taskinstance.py:2890} INFO - Executing <Task(PythonSensor): wait_for_csv> on 2026-09-20 07:02:00+00:00
[2026-09-20T09:03:08.588+0200] {logging_mixin.py:190} WARNING - /Users/swarnalidatta/Desktop/AutoQueryChatbot/.airflow-venv/lib/python3.12/site-packages/airflow/task/task_runner/standard_task_runner.py:70 DeprecationWarning: This process (pid=6277) is multi-threaded, use of fork() may lead to deadlocks in the child.
[2026-09-20T09:03:08.589+0200] {standard_task_runner.py:72} INFO - Started process 6279 to run task
[2026-09-20T09:03:08.588+0200] {standard_task_runner.py:104} INFO - Running: ['airflow', 'tasks', 'run', 'mini_riskagent_file_ingestion', 'wait_for_csv', 'scheduled__2026-09-20T07:02:00+00:00', '--job-id', '4767', '--raw', '--subdir', 'DAGS_FOLDER/data_ingest_pipeline.py', '--cfg-path', '/var/folders/5p/201rr1sj03g8gksxm9x48mbh0000gn/T/tmp6tmt8x82']
[2026-09-20T09:03:08.589+0200] {standard_task_runner.py:105} INFO - Job 4767: Subtask wait_for_csv
[2026-09-20T09:03:08.603+0200] {task_command.py:467} INFO - Running <TaskInstance: mini_riskagent_file_ingestion.wait_for_csv scheduled__2026-09-20T07:02:00+00:00 [running]> on host mac.home
[2026-09-20T09:03:08.619+0200] {taskinstance.py:3134} INFO - Exporting env vars: AIRFLOW_CTX_DAG_OWNER='autoquery' AIRFLOW_CTX_DAG_ID='mini_riskagent_file_ingestion' AIRFLOW_CTX_TASK_ID='wait_for_csv' AIRFLOW_CTX_EXECUTION_DATE='2026-09-20T07:02:00+00:00' AIRFLOW_CTX_TRY_NUMBER='1' AIRFLOW_CTX_DAG_RUN_ID='scheduled__2026-09-20T07:02:00+00:00'
[2026-09-20T09:03:08.620+0200] {logging_mixin.py:190} INFO - Task instance is in running state
[2026-09-20T09:03:08.620+0200] {logging_mixin.py:190} INFO -  Previous state of the Task instance: queued
[2026-09-20T09:03:08.620+0200] {logging_mixin.py:190} INFO - Current task name:wait_for_csv state:running start_date:2026-09-20 07:03:08.580177+00:00
[2026-09-20T09:03:08.620+0200] {logging_mixin.py:190} INFO - Dag name:mini_riskagent_file_ingestion and current dag run status:running
[2026-09-20T09:03:08.620+0200] {taskinstance.py:732} INFO - ::endgroup::
[2026-09-20T09:03:08.622+0200] {python.py:75} INFO - Poking callable: <function check_for_csv_files at 0x10ae56b60>
[2026-09-20T09:03:08.625+0200] {taskinstance.py:310} INFO - Rescheduling task, marking task as UP_FOR_RESCHEDULE
[2026-09-20T09:03:08.625+0200] {taskinstance.py:341} INFO - ::group::Post task execution logs
[2026-09-20T09:03:08.648+0200] {local_task_job_runner.py:266} INFO - Task exited with return code 0
[2026-09-20T09:03:08.655+0200] {taskinstance.py:3901} INFO - 0 downstream tasks scheduled from follow-on schedule check
[2026-09-20T09:03:08.655+0200] {local_task_job_runner.py:245} INFO - ::endgroup::
[2026-09-20T09:18:41.339+0200] {local_task_job_runner.py:123} INFO - ::group::Pre task execution logs
[2026-09-20T09:18:41.342+0200] {taskinstance.py:2614} INFO - Dependencies all met for dep_context=non-requeueable deps ti=<TaskInstance: mini_riskagent_file_ingestion.wait_for_csv scheduled__2026-09-20T07:02:00+00:00 [queued]>
[2026-09-20T09:18:41.343+0200] {taskinstance.py:2614} INFO - Dependencies all met for dep_context=requeueable deps ti=<TaskInstance: mini_riskagent_file_ingestion.wait_for_csv scheduled__2026-09-20T07:02:00+00:00 [queued]>
[2026-09-20T09:18:41.343+0200] {taskinstance.py:2867} INFO - Starting attempt 1 of 2
[2026-09-20T09:18:41.346+0200] {taskinstance.py:2890} INFO - Executing <Task(PythonSensor): wait_for_csv> on 2026-09-20 07:02:00+00:00
[2026-09-20T09:18:41.351+0200] {logging_mixin.py:190} WARNING - /Users/swarnalidatta/Desktop/AutoQueryChatbot/.airflow-venv/lib/python3.12/site-packages/airflow/task/task_runner/standard_task_runner.py:70 DeprecationWarning: This process (pid=6308) is multi-threaded, use of fork() may lead to deadlocks in the child.
[2026-09-20T09:18:41.350+0200] {standard_task_runner.py:104} INFO - Running: ['airflow', 'tasks', 'run', 'mini_riskagent_file_ingestion', 'wait_for_csv', 'scheduled__2026-09-20T07:02:00+00:00', '--job-id', '4768', '--raw', '--subdir', 'DAGS_FOLDER/data_ingest_pipeline.py', '--cfg-path', '/var/folders/5p/201rr1sj03g8gksxm9x48mbh0000gn/T/tmpkgl8z03a']
[2026-09-20T09:18:41.351+0200] {standard_task_runner.py:72} INFO - Started process 6310 to run task
[2026-09-20T09:18:41.351+0200] {standard_task_runner.py:105} INFO - Job 4768: Subtask wait_for_csv
[2026-09-20T09:18:41.364+0200] {task_command.py:467} INFO - Running <TaskInstance: mini_riskagent_file_ingestion.wait_for_csv scheduled__2026-09-20T07:02:00+00:00 [running]> on host mac.home
[2026-09-20T09:18:41.380+0200] {taskinstance.py:3134} INFO - Exporting env vars: AIRFLOW_CTX_DAG_OWNER='autoquery' AIRFLOW_CTX_DAG_ID='mini_riskagent_file_ingestion' AIRFLOW_CTX_TASK_ID='wait_for_csv' AIRFLOW_CTX_EXECUTION_DATE='2026-09-20T07:02:00+00:00' AIRFLOW_CTX_TRY_NUMBER='1' AIRFLOW_CTX_DAG_RUN_ID='scheduled__2026-09-20T07:02:00+00:00'
[2026-09-20T09:18:41.380+0200] {logging_mixin.py:190} INFO - Task instance is in running state
[2026-09-20T09:18:41.381+0200] {logging_mixin.py:190} INFO -  Previous state of the Task instance: queued
[2026-09-20T09:18:41.381+0200] {logging_mixin.py:190} INFO - Current task name:wait_for_csv state:running start_date:2026-09-20 07:18:41.342550+00:00
[2026-09-20T09:18:41.381+0200] {logging_mixin.py:190} INFO - Dag name:mini_riskagent_file_ingestion and current dag run status:running
[2026-09-20T09:18:41.381+0200] {taskinstance.py:732} INFO - ::endgroup::
[2026-09-20T09:18:41.382+0200] {python.py:75} INFO - Poking callable: <function check_for_csv_files at 0x10b16ab60>
[2026-09-20T09:18:41.386+0200] {taskinstance.py:310} INFO - Rescheduling task, marking task as UP_FOR_RESCHEDULE
[2026-09-20T09:18:41.386+0200] {taskinstance.py:341} INFO - ::group::Post task execution logs
[2026-09-20T09:18:41.410+0200] {local_task_job_runner.py:266} INFO - Task exited with return code 0
[2026-09-20T09:18:41.417+0200] {taskinstance.py:3901} INFO - 0 downstream tasks scheduled from follow-on schedule check
[2026-09-20T09:18:41.417+0200] {local_task_job_runner.py:245} INFO - ::endgroup::
[2026-09-20T09:35:42.099+0200] {local_task_job_runner.py:123} INFO - ::group::Pre task execution logs
[2026-09-20T09:35:42.102+0200] {taskinstance.py:2614} INFO - Dependencies all met for dep_context=non-requeueable deps ti=<TaskInstance: mini_riskagent_file_ingestion.wait_for_csv scheduled__2026-09-20T07:02:00+00:00 [queued]>
[2026-09-20T09:35:42.103+0200] {taskinstance.py:2614} INFO - Dependencies all met for dep_context=requeueable deps ti=<TaskInstance: mini_riskagent_file_ingestion.wait_for_csv scheduled__2026-09-20T07:02:00+00:00 [queued]>
[2026-09-20T09:35:42.103+0200] {taskinstance.py:2867} INFO - Starting attempt 1 of 2
[2026-09-20T09:35:42.106+0200] {taskinstance.py:2890} INFO - Executing <Task(PythonSensor): wait_for_csv> on 2026-09-20 07:02:00+00:00
[2026-09-20T09:35:42.111+0200] {logging_mixin.py:190} WARNING - /Users/swarnalidatta/Desktop/AutoQueryChatbot/.airflow-venv/lib/python3.12/site-packages/airflow/task/task_runner/standard_task_runner.py:70 DeprecationWarning: This process (pid=6325) is multi-threaded, use of fork() may lead to deadlocks in the child.
[2026-09-20T09:35:42.110+0200] {standard_task_runner.py:104} INFO - Running: ['airflow', 'tasks', 'run', 'mini_riskagent_file_ingestion', 'wait_for_csv', 'scheduled__2026-09-20T07:02:00+00:00', '--job-id', '4769', '--raw', '--subdir', 'DAGS_FOLDER/data_ingest_pipeline.py', '--cfg-path', '/var/folders/5p/201rr1sj03g8gksxm9x48mbh0000gn/T/tmpx8h2k_ks']
[2026-09-20T09:35:42.111+0200] {standard_task_runner.py:72} INFO - Started process 6328 to run task
[2026-09-20T09:35:42.111+0200] {standard_task_runner.py:105} INFO - Job 4769: Subtask wait_for_csv
[2026-09-20T09:35:42.124+0200] {task_command.py:467} INFO - Running <TaskInstance: mini_riskagent_file_ingestion.wait_for_csv scheduled__2026-09-20T07:02:00+00:00 [running]> on host mac.home
[2026-09-20T09:35:42.139+0200] {taskinstance.py:3134} INFO - Exporting env vars: AIRFLOW_CTX_DAG_OWNER='autoquery' AIRFLOW_CTX_DAG_ID='mini_riskagent_file_ingestion' AIRFLOW_CTX_TASK_ID='wait_for_csv' AIRFLOW_CTX_EXECUTION_DATE='2026-09-20T07:02:00+00:00' AIRFLOW_CTX_TRY_NUMBER='1' AIRFLOW_CTX_DAG_RUN_ID='scheduled__2026-09-20T07:02:00+00:00'
[2026-09-20T09:35:42.139+0200] {logging_mixin.py:190} INFO - Task instance is in running state
[2026-09-20T09:35:42.140+0200] {logging_mixin.py:190} INFO -  Previous state of the Task instance: queued
[2026-09-20T09:35:42.140+0200] {logging_mixin.py:190} INFO - Current task name:wait_for_csv state:running start_date:2026-09-20 07:35:42.102493+00:00
[2026-09-20T09:35:42.140+0200] {logging_mixin.py:190} INFO - Dag name:mini_riskagent_file_ingestion and current dag run status:running
[2026-09-20T09:35:42.140+0200] {taskinstance.py:732} INFO - ::endgroup::
[2026-09-20T09:35:42.141+0200] {python.py:75} INFO - Poking callable: <function check_for_csv_files at 0x108b5eb60>
[2026-09-20T09:35:42.145+0200] {taskinstance.py:310} INFO - Rescheduling task, marking task as UP_FOR_RESCHEDULE
[2026-09-20T09:35:42.145+0200] {taskinstance.py:341} INFO - ::group::Post task execution logs
[2026-09-20T09:35:42.170+0200] {local_task_job_runner.py:266} INFO - Task exited with return code 0
[2026-09-20T09:35:42.177+0200] {taskinstance.py:3901} INFO - 0 downstream tasks scheduled from follow-on schedule check
[2026-09-20T09:35:42.177+0200] {local_task_job_runner.py:245} INFO - ::endgroup::
[2026-09-20T09:53:43.024+0200] {local_task_job_runner.py:123} INFO - ::group::Pre task execution logs
[2026-09-20T09:53:43.026+0200] {taskinstance.py:2614} INFO - Dependencies all met for dep_context=non-requeueable deps ti=<TaskInstance: mini_riskagent_file_ingestion.wait_for_csv scheduled__2026-09-20T07:02:00+00:00 [queued]>
[2026-09-20T09:53:43.028+0200] {taskinstance.py:2614} INFO - Dependencies all met for dep_context=requeueable deps ti=<TaskInstance: mini_riskagent_file_ingestion.wait_for_csv scheduled__2026-09-20T07:02:00+00:00 [queued]>
[2026-09-20T09:53:43.028+0200] {taskinstance.py:2867} INFO - Starting attempt 1 of 2
[2026-09-20T09:53:43.031+0200] {taskinstance.py:2890} INFO - Executing <Task(PythonSensor): wait_for_csv> on 2026-09-20 07:02:00+00:00
[2026-09-20T09:53:43.035+0200] {logging_mixin.py:190} WARNING - /Users/swarnalidatta/Desktop/AutoQueryChatbot/.airflow-venv/lib/python3.12/site-packages/airflow/task/task_runner/standard_task_runner.py:70 DeprecationWarning: This process (pid=6340) is multi-threaded, use of fork() may lead to deadlocks in the child.
[2026-09-20T09:53:43.035+0200] {standard_task_runner.py:72} INFO - Started process 6343 to run task
[2026-09-20T09:53:43.035+0200] {standard_task_runner.py:104} INFO - Running: ['airflow', 'tasks', 'run', 'mini_riskagent_file_ingestion', 'wait_for_csv', 'scheduled__2026-09-20T07:02:00+00:00', '--job-id', '4770', '--raw', '--subdir', 'DAGS_FOLDER/data_ingest_pipeline.py', '--cfg-path', '/var/folders/5p/201rr1sj03g8gksxm9x48mbh0000gn/T/tmptqe7yv4c']
[2026-09-20T09:53:43.036+0200] {standard_task_runner.py:105} INFO - Job 4770: Subtask wait_for_csv
[2026-09-20T09:53:43.049+0200] {task_command.py:467} INFO - Running <TaskInstance: mini_riskagent_file_ingestion.wait_for_csv scheduled__2026-09-20T07:02:00+00:00 [running]> on host mac.home
[2026-09-20T09:53:43.065+0200] {taskinstance.py:3134} INFO - Exporting env vars: AIRFLOW_CTX_DAG_OWNER='autoquery' AIRFLOW_CTX_DAG_ID='mini_riskagent_file_ingestion' AIRFLOW_CTX_TASK_ID='wait_for_csv' AIRFLOW_CTX_EXECUTION_DATE='2026-09-20T07:02:00+00:00' AIRFLOW_CTX_TRY_NUMBER='1' AIRFLOW_CTX_DAG_RUN_ID='scheduled__2026-09-20T07:02:00+00:00'
[2026-09-20T09:53:43.066+0200] {logging_mixin.py:190} INFO - Task instance is in running state
[2026-09-20T09:53:43.066+0200] {logging_mixin.py:190} INFO -  Previous state of the Task instance: queued
[2026-09-20T09:53:43.066+0200] {logging_mixin.py:190} INFO - Current task name:wait_for_csv state:running start_date:2026-09-20 07:53:43.026992+00:00
[2026-09-20T09:53:43.066+0200] {logging_mixin.py:190} INFO - Dag name:mini_riskagent_file_ingestion and current dag run status:running
[2026-09-20T09:53:43.066+0200] {taskinstance.py:732} INFO - ::endgroup::
[2026-09-20T09:53:43.068+0200] {python.py:75} INFO - Poking callable: <function check_for_csv_files at 0x10f926b60>
[2026-09-20T09:53:43.071+0200] {taskinstance.py:310} INFO - Rescheduling task, marking task as UP_FOR_RESCHEDULE
[2026-09-20T09:53:43.071+0200] {taskinstance.py:341} INFO - ::group::Post task execution logs
[2026-09-20T09:53:43.095+0200] {local_task_job_runner.py:266} INFO - Task exited with return code 0
[2026-09-20T09:53:43.101+0200] {taskinstance.py:3901} INFO - 0 downstream tasks scheduled from follow-on schedule check
[2026-09-20T09:53:43.101+0200] {local_task_job_runner.py:245} INFO - ::endgroup::
[2026-09-20T10:04:03.950+0200] {local_task_job_runner.py:123} INFO - ::group::Pre task execution logs
[2026-09-20T10:04:03.952+0200] {taskinstance.py:2614} INFO - Dependencies all met for dep_context=non-requeueable deps ti=<TaskInstance: mini_riskagent_file_ingestion.wait_for_csv scheduled__2026-09-20T07:02:00+00:00 [queued]>
[2026-09-20T10:04:03.954+0200] {taskinstance.py:2614} INFO - Dependencies all met for dep_context=requeueable deps ti=<TaskInstance: mini_riskagent_file_ingestion.wait_for_csv scheduled__2026-09-20T07:02:00+00:00 [queued]>
[2026-09-20T10:04:03.954+0200] {taskinstance.py:2867} INFO - Starting attempt 1 of 2
[2026-09-20T10:04:03.957+0200] {taskinstance.py:2890} INFO - Executing <Task(PythonSensor): wait_for_csv> on 2026-09-20 07:02:00+00:00
[2026-09-20T10:04:03.961+0200] {logging_mixin.py:190} WARNING - /Users/swarnalidatta/Desktop/AutoQueryChatbot/.airflow-venv/lib/python3.12/site-packages/airflow/task/task_runner/standard_task_runner.py:70 DeprecationWarning: This process (pid=6355) is multi-threaded, use of fork() may lead to deadlocks in the child.
[2026-09-20T10:04:03.961+0200] {standard_task_runner.py:72} INFO - Started process 6358 to run task
[2026-09-20T10:04:03.960+0200] {standard_task_runner.py:104} INFO - Running: ['airflow', 'tasks', 'run', 'mini_riskagent_file_ingestion', 'wait_for_csv', 'scheduled__2026-09-20T07:02:00+00:00', '--job-id', '4771', '--raw', '--subdir', 'DAGS_FOLDER/data_ingest_pipeline.py', '--cfg-path', '/var/folders/5p/201rr1sj03g8gksxm9x48mbh0000gn/T/tmpoi8rq7j7']
[2026-09-20T10:04:03.961+0200] {standard_task_runner.py:105} INFO - Job 4771: Subtask wait_for_csv
[2026-09-20T10:04:03.974+0200] {task_command.py:467} INFO - Running <TaskInstance: mini_riskagent_file_ingestion.wait_for_csv scheduled__2026-09-20T07:02:00+00:00 [running]> on host mac.home
[2026-09-20T10:04:03.989+0200] {taskinstance.py:3134} INFO - Exporting env vars: AIRFLOW_CTX_DAG_OWNER='autoquery' AIRFLOW_CTX_DAG_ID='mini_riskagent_file_ingestion' AIRFLOW_CTX_TASK_ID='wait_for_csv' AIRFLOW_CTX_EXECUTION_DATE='2026-09-20T07:02:00+00:00' AIRFLOW_CTX_TRY_NUMBER='1' AIRFLOW_CTX_DAG_RUN_ID='scheduled__2026-09-20T07:02:00+00:00'
[2026-09-20T10:04:03.989+0200] {logging_mixin.py:190} INFO - Task instance is in running state
[2026-09-20T10:04:03.990+0200] {logging_mixin.py:190} INFO -  Previous state of the Task instance: queued
[2026-09-20T10:04:03.990+0200] {logging_mixin.py:190} INFO - Current task name:wait_for_csv state:running start_date:2026-09-20 08:04:03.952854+00:00
[2026-09-20T10:04:03.990+0200] {logging_mixin.py:190} INFO - Dag name:mini_riskagent_file_ingestion and current dag run status:running
[2026-09-20T10:04:03.990+0200] {taskinstance.py:732} INFO - ::endgroup::
[2026-09-20T10:04:03.991+0200] {python.py:75} INFO - Poking callable: <function check_for_csv_files at 0x10a5c6b60>
[2026-09-20T10:04:03.992+0200] {taskinstance.py:3313} ERROR - Task failed with exception
Traceback (most recent call last):
  File "/Users/swarnalidatta/Desktop/AutoQueryChatbot/.airflow-venv/lib/python3.12/site-packages/airflow/models/taskinstance.py", line 768, in _execute_task
    result = _execute_callable(context=context, **execute_callable_kwargs)
             ^^^^^^^^^^^^^^^^^^^^^^^^^^^^^^^^^^^^^^^^^^^^^^^^^^^^^^^^^^^^^
  File "/Users/swarnalidatta/Desktop/AutoQueryChatbot/.airflow-venv/lib/python3.12/site-packages/airflow/models/taskinstance.py", line 734, in _execute_callable
    return ExecutionCallableRunner(
           ^^^^^^^^^^^^^^^^^^^^^^^^
  File "/Users/swarnalidatta/Desktop/AutoQueryChatbot/.airflow-venv/lib/python3.12/site-packages/airflow/utils/operator_helpers.py", line 252, in run
    return self.func(*args, **kwargs)
           ^^^^^^^^^^^^^^^^^^^^^^^^^^
  File "/Users/swarnalidatta/Desktop/AutoQueryChatbot/.airflow-venv/lib/python3.12/site-packages/airflow/models/baseoperator.py", line 424, in wrapper
    return func(self, *args, **kwargs)
           ^^^^^^^^^^^^^^^^^^^^^^^^^^^
  File "/Users/swarnalidatta/Desktop/AutoQueryChatbot/.airflow-venv/lib/python3.12/site-packages/airflow/sensors/base.py", line 326, in execute
    raise AirflowSensorTimeout(message)
airflow.exceptions.AirflowSensorTimeout: Sensor has timed out; run duration of 3655.383004 seconds exceeds the specified timeout of 3600.0.
[2026-09-20T10:04:03.993+0200] {logging_mixin.py:190} INFO - Task instance in failure state
[2026-09-20T10:04:03.993+0200] {logging_mixin.py:190} INFO - Task start:2026-09-20 08:04:03.952854+00:00 end:2026-09-20 08:04:03.993587+00:00 duration:0.040733
[2026-09-20T10:04:03.994+0200] {logging_mixin.py:190} INFO - Task:<Task(PythonSensor): wait_for_csv> dag:<DAG: mini_riskagent_file_ingestion> dagrun:<DagRun mini_riskagent_file_ingestion @ 2026-09-20 07:02:00+00:00: scheduled__2026-09-20T07:02:00+00:00, state:running, queued_at: 2026-09-20 07:03:07.438676+00:00. externally triggered: False>
[2026-09-20T10:04:03.994+0200] {logging_mixin.py:190} INFO - Failure caused by Sensor has timed out; run duration of 3655.383004 seconds exceeds the specified timeout of 3600.0.
[2026-09-20T10:04:03.994+0200] {taskinstance.py:1226} INFO - Immediate failure requested. Marking task as FAILED. dag_id=mini_riskagent_file_ingestion, task_id=wait_for_csv, run_id=scheduled__2026-09-20T07:02:00+00:00, execution_date=20260920T070200, start_date=20260920T080403, end_date=20260920T080403
[2026-09-20T10:04:03.998+0200] {taskinstance.py:341} INFO - ::group::Post task execution logs
[2026-09-20T10:04:03.998+0200] {standard_task_runner.py:124} ERROR - Failed to execute job 4771 for task wait_for_csv (Sensor has timed out; run duration of 3655.383004 seconds exceeds the specified timeout of 3600.0.; 6358)
Traceback (most recent call last):
  File "/Users/swarnalidatta/Desktop/AutoQueryChatbot/.airflow-venv/lib/python3.12/site-packages/airflow/task/task_runner/standard_task_runner.py", line 117, in _start_by_fork
    ret = args.func(args, dag=self.dag)
          ^^^^^^^^^^^^^^^^^^^^^^^^^^^^^
  File "/Users/swarnalidatta/Desktop/AutoQueryChatbot/.airflow-venv/lib/python3.12/site-packages/airflow/cli/cli_config.py", line 49, in command
    return func(*args, **kwargs)
           ^^^^^^^^^^^^^^^^^^^^^
  File "/Users/swarnalidatta/Desktop/AutoQueryChatbot/.airflow-venv/lib/python3.12/site-packages/airflow/utils/cli.py", line 116, in wrapper
    return f(*args, **kwargs)
           ^^^^^^^^^^^^^^^^^^
  File "/Users/swarnalidatta/Desktop/AutoQueryChatbot/.airflow-venv/lib/python3.12/site-packages/airflow/cli/commands/task_command.py", line 483, in task_run
    task_return_code = _run_task_by_selected_method(args, _dag, ti)
                       ^^^^^^^^^^^^^^^^^^^^^^^^^^^^^^^^^^^^^^^^^^^^
  File "/Users/swarnalidatta/Desktop/AutoQueryChatbot/.airflow-venv/lib/python3.12/site-packages/airflow/cli/commands/task_command.py", line 256, in _run_task_by_selected_method
    return _run_raw_task(args, ti)
           ^^^^^^^^^^^^^^^^^^^^^^^
  File "/Users/swarnalidatta/Desktop/AutoQueryChatbot/.airflow-venv/lib/python3.12/site-packages/airflow/cli/commands/task_command.py", line 341, in _run_raw_task
    return ti._run_raw_task(
           ^^^^^^^^^^^^^^^^^
  File "/Users/swarnalidatta/Desktop/AutoQueryChatbot/.airflow-venv/lib/python3.12/site-packages/airflow/utils/session.py", line 97, in wrapper
    return func(*args, session=session, **kwargs)
           ^^^^^^^^^^^^^^^^^^^^^^^^^^^^^^^^^^^^^^
  File "/Users/swarnalidatta/Desktop/AutoQueryChatbot/.airflow-venv/lib/python3.12/site-packages/airflow/models/taskinstance.py", line 3006, in _run_raw_task
    return _run_raw_task(
           ^^^^^^^^^^^^^^
  File "/Users/swarnalidatta/Desktop/AutoQueryChatbot/.airflow-venv/lib/python3.12/site-packages/airflow/models/taskinstance.py", line 274, in _run_raw_task
    TaskInstance._execute_task_with_callbacks(
  File "/Users/swarnalidatta/Desktop/AutoQueryChatbot/.airflow-venv/lib/python3.12/site-packages/airflow/models/taskinstance.py", line 3161, in _execute_task_with_callbacks
    result = self._execute_task(context, task_orig)
             ^^^^^^^^^^^^^^^^^^^^^^^^^^^^^^^^^^^^^^
  File "/Users/swarnalidatta/Desktop/AutoQueryChatbot/.airflow-venv/lib/python3.12/site-packages/airflow/models/taskinstance.py", line 3185, in _execute_task
    return _execute_task(self, context, task_orig)
           ^^^^^^^^^^^^^^^^^^^^^^^^^^^^^^^^^^^^^^^
  File "/Users/swarnalidatta/Desktop/AutoQueryChatbot/.airflow-venv/lib/python3.12/site-packages/airflow/models/taskinstance.py", line 768, in _execute_task
    result = _execute_callable(context=context, **execute_callable_kwargs)
             ^^^^^^^^^^^^^^^^^^^^^^^^^^^^^^^^^^^^^^^^^^^^^^^^^^^^^^^^^^^^^
  File "/Users/swarnalidatta/Desktop/AutoQueryChatbot/.airflow-venv/lib/python3.12/site-packages/airflow/models/taskinstance.py", line 734, in _execute_callable
    return ExecutionCallableRunner(
           ^^^^^^^^^^^^^^^^^^^^^^^^
  File "/Users/swarnalidatta/Desktop/AutoQueryChatbot/.airflow-venv/lib/python3.12/site-packages/airflow/utils/operator_helpers.py", line 252, in run
    return self.func(*args, **kwargs)
           ^^^^^^^^^^^^^^^^^^^^^^^^^^
  File "/Users/swarnalidatta/Desktop/AutoQueryChatbot/.airflow-venv/lib/python3.12/site-packages/airflow/models/baseoperator.py", line 424, in wrapper
    return func(self, *args, **kwargs)
           ^^^^^^^^^^^^^^^^^^^^^^^^^^^
  File "/Users/swarnalidatta/Desktop/AutoQueryChatbot/.airflow-venv/lib/python3.12/site-packages/airflow/sensors/base.py", line 326, in execute
    raise AirflowSensorTimeout(message)
airflow.exceptions.AirflowSensorTimeout: Sensor has timed out; run duration of 3655.383004 seconds exceeds the specified timeout of 3600.0.
[2026-09-20T10:04:04.020+0200] {local_task_job_runner.py:266} INFO - Task exited with return code 1
[2026-09-20T10:04:04.027+0200] {taskinstance.py:3901} INFO - 0 downstream tasks scheduled from follow-on schedule check
[2026-09-20T10:04:04.029+0200] {local_task_job_runner.py:245} INFO - ::endgroup::
