[2026-09-19T19:13:02.509+0200] {local_task_job_runner.py:123} INFO - ::group::Pre task execution logs
[2026-09-19T19:13:02.512+0200] {taskinstance.py:2614} INFO - Dependencies all met for dep_context=non-requeueable deps ti=<TaskInstance: mini_riskagent_file_ingestion.wait_for_csv scheduled__2026-09-19T17:11:00+00:00 [queued]>
[2026-09-19T19:13:02.513+0200] {taskinstance.py:2614} INFO - Dependencies all met for dep_context=requeueable deps ti=<TaskInstance: mini_riskagent_file_ingestion.wait_for_csv scheduled__2026-09-19T17:11:00+00:00 [queued]>
[2026-09-19T19:13:02.513+0200] {taskinstance.py:2867} INFO - Starting attempt 1 of 2
[2026-09-19T19:13:02.516+0200] {taskinstance.py:2890} INFO - Executing <Task(PythonSensor): wait_for_csv> on 2026-09-19 17:11:00+00:00
[2026-09-19T19:13:02.520+0200] {logging_mixin.py:190} WARNING - /Users/swarnalidatta/Desktop/AutoQueryChatbot/.airflow-venv/lib/python3.12/site-packages/airflow/task/task_runner/standard_task_runner.py:70 DeprecationWarning: This process (pid=5174) is multi-threaded, use of fork() may lead to deadlocks in the child.
[2026-09-19T19:13:02.521+0200] {standard_task_runner.py:72} INFO - Started process 5176 to run task
[2026-09-19T19:13:02.520+0200] {standard_task_runner.py:104} INFO - Running: ['airflow', 'tasks', 'run', 'mini_riskagent_file_ingestion', 'wait_for_csv', 'scheduled__2026-09-19T17:11:00+00:00', '--job-id', '4714', '--raw', '--subdir', 'DAGS_FOLDER/data_ingest_pipeline.py', '--cfg-path', '/var/folders/5p/201rr1sj03g8gksxm9x48mbh0000gn/T/tmp4cpzvag_']
[2026-09-19T19:13:02.521+0200] {standard_task_runner.py:105} INFO - Job 4714: Subtask wait_for_csv
[2026-09-19T19:13:02.534+0200] {task_command.py:467} INFO - Running <TaskInstance: mini_riskagent_file_ingestion.wait_for_csv scheduled__2026-09-19T17:11:00+00:00 [running]> on host mac.home
[2026-09-19T19:13:02.549+0200] {taskinstance.py:3134} INFO - Exporting env vars: AIRFLOW_CTX_DAG_OWNER='autoquery' AIRFLOW_CTX_DAG_ID='mini_riskagent_file_ingestion' AIRFLOW_CTX_TASK_ID='wait_for_csv' AIRFLOW_CTX_EXECUTION_DATE='2026-09-19T17:11:00+00:00' AIRFLOW_CTX_TRY_NUMBER='1' AIRFLOW_CTX_DAG_RUN_ID='scheduled__2026-09-19T17:11:00+00:00'
[2026-09-19T19:13:02.549+0200] {logging_mixin.py:190} INFO - Task instance is in running state
[2026-09-19T19:13:02.549+0200] {logging_mixin.py:190} INFO -  Previous state of the Task instance: queued
[2026-09-19T19:13:02.550+0200] {logging_mixin.py:190} INFO - Current task name:wait_for_csv state:running start_date:2026-09-19 17:13:02.512340+00:00
[2026-09-19T19:13:02.550+0200] {logging_mixin.py:190} INFO - Dag name:mini_riskagent_file_ingestion and current dag run status:running
[2026-09-19T19:13:02.550+0200] {taskinstance.py:732} INFO - ::endgroup::
[2026-09-19T19:13:02.551+0200] {python.py:75} INFO - Poking callable: <function check_for_csv_files at 0x10b42eb60>
[2026-09-19T19:13:02.554+0200] {taskinstance.py:310} INFO - Rescheduling task, marking task as UP_FOR_RESCHEDULE
[2026-09-19T19:13:02.554+0200] {taskinstance.py:341} INFO - ::group::Post task execution logs
[2026-09-19T19:13:02.580+0200] {local_task_job_runner.py:266} INFO - Task exited with return code 0
[2026-09-19T19:13:02.587+0200] {taskinstance.py:3901} INFO - 0 downstream tasks scheduled from follow-on schedule check
[2026-09-19T19:13:02.587+0200] {local_task_job_runner.py:245} INFO - ::endgroup::
[2026-09-19T19:30:08.573+0200] {local_task_job_runner.py:123} INFO - ::group::Pre task execution logs
[2026-09-19T19:30:08.576+0200] {taskinstance.py:2614} INFO - Dependencies all met for dep_context=non-requeueable deps ti=<TaskInstance: mini_riskagent_file_ingestion.wait_for_csv scheduled__2026-09-19T17:11:00+00:00 [queued]>
[2026-09-19T19:30:08.577+0200] {taskinstance.py:2614} INFO - Dependencies all met for dep_context=requeueable deps ti=<TaskInstance: mini_riskagent_file_ingestion.wait_for_csv scheduled__2026-09-19T17:11:00+00:00 [queued]>
[2026-09-19T19:30:08.577+0200] {taskinstance.py:2867} INFO - Starting attempt 1 of 2
[2026-09-19T19:30:08.580+0200] {taskinstance.py:2890} INFO - Executing <Task(PythonSensor): wait_for_csv> on 2026-09-19 17:11:00+00:00
[2026-09-19T19:30:08.584+0200] {logging_mixin.py:190} WARNING - /Users/swarnalidatta/Desktop/AutoQueryChatbot/.airflow-venv/lib/python3.12/site-packages/airflow/task/task_runner/standard_task_runner.py:70 DeprecationWarning: This process (pid=5193) is multi-threaded, use of fork() may lead to deadlocks in the child.
[2026-09-19T19:30:08.584+0200] {standard_task_runner.py:72} INFO - Started process 5197 to run task
[2026-09-19T19:30:08.584+0200] {standard_task_runner.py:104} INFO - Running: ['airflow', 'tasks', 'run', 'mini_riskagent_file_ingestion', 'wait_for_csv', 'scheduled__2026-09-19T17:11:00+00:00', '--job-id', '4715', '--raw', '--subdir', 'DAGS_FOLDER/data_ingest_pipeline.py', '--cfg-path', '/var/folders/5p/201rr1sj03g8gksxm9x48mbh0000gn/T/tmph7p736gu']
[2026-09-19T19:30:08.584+0200] {standard_task_runner.py:105} INFO - Job 4715: Subtask wait_for_csv
[2026-09-19T19:30:08.597+0200] {task_command.py:467} INFO - Running <TaskInstance: mini_riskagent_file_ingestion.wait_for_csv scheduled__2026-09-19T17:11:00+00:00 [running]> on host mac.home
[2026-09-19T19:30:08.612+0200] {taskinstance.py:3134} INFO - Exporting env vars: AIRFLOW_CTX_DAG_OWNER='autoquery' AIRFLOW_CTX_DAG_ID='mini_riskagent_file_ingestion' AIRFLOW_CTX_TASK_ID='wait_for_csv' AIRFLOW_CTX_EXECUTION_DATE='2026-09-19T17:11:00+00:00' AIRFLOW_CTX_TRY_NUMBER='1' AIRFLOW_CTX_DAG_RUN_ID='scheduled__2026-09-19T17:11:00+00:00'
[2026-09-19T19:30:08.612+0200] {logging_mixin.py:190} INFO - Task instance is in running state
[2026-09-19T19:30:08.613+0200] {logging_mixin.py:190} INFO -  Previous state of the Task instance: queued
[2026-09-19T19:30:08.613+0200] {logging_mixin.py:190} INFO - Current task name:wait_for_csv state:running start_date:2026-09-19 17:30:08.576124+00:00
[2026-09-19T19:30:08.613+0200] {logging_mixin.py:190} INFO - Dag name:mini_riskagent_file_ingestion and current dag run status:running
[2026-09-19T19:30:08.613+0200] {taskinstance.py:732} INFO - ::endgroup::
[2026-09-19T19:30:08.614+0200] {python.py:75} INFO - Poking callable: <function check_for_csv_files at 0x1094eab60>
[2026-09-19T19:30:08.617+0200] {taskinstance.py:310} INFO - Rescheduling task, marking task as UP_FOR_RESCHEDULE
[2026-09-19T19:30:08.618+0200] {taskinstance.py:341} INFO - ::group::Post task execution logs
[2026-09-19T19:30:08.643+0200] {local_task_job_runner.py:266} INFO - Task exited with return code 0
[2026-09-19T19:30:08.650+0200] {taskinstance.py:3901} INFO - 0 downstream tasks scheduled from follow-on schedule check
[2026-09-19T19:30:08.650+0200] {local_task_job_runner.py:245} INFO - ::endgroup::
[2026-09-19T19:45:34.653+0200] {local_task_job_runner.py:123} INFO - ::group::Pre task execution logs
[2026-09-19T19:45:34.656+0200] {taskinstance.py:2614} INFO - Dependencies all met for dep_context=non-requeueable deps ti=<TaskInstance: mini_riskagent_file_ingestion.wait_for_csv scheduled__2026-09-19T17:11:00+00:00 [queued]>
[2026-09-19T19:45:34.657+0200] {taskinstance.py:2614} INFO - Dependencies all met for dep_context=requeueable deps ti=<TaskInstance: mini_riskagent_file_ingestion.wait_for_csv scheduled__2026-09-19T17:11:00+00:00 [queued]>
[2026-09-19T19:45:34.657+0200] {taskinstance.py:2867} INFO - Starting attempt 1 of 2
[2026-09-19T19:45:34.660+0200] {taskinstance.py:2890} INFO - Executing <Task(PythonSensor): wait_for_csv> on 2026-09-19 17:11:00+00:00
[2026-09-19T19:45:34.665+0200] {logging_mixin.py:190} WARNING - /Users/swarnalidatta/Desktop/AutoQueryChatbot/.airflow-venv/lib/python3.12/site-packages/airflow/task/task_runner/standard_task_runner.py:70 DeprecationWarning: This process (pid=5212) is multi-threaded, use of fork() may lead to deadlocks in the child.
[2026-09-19T19:45:34.664+0200] {standard_task_runner.py:104} INFO - Running: ['airflow', 'tasks', 'run', 'mini_riskagent_file_ingestion', 'wait_for_csv', 'scheduled__2026-09-19T17:11:00+00:00', '--job-id', '4716', '--raw', '--subdir', 'DAGS_FOLDER/data_ingest_pipeline.py', '--cfg-path', '/var/folders/5p/201rr1sj03g8gksxm9x48mbh0000gn/T/tmphwijtenw']
[2026-09-19T19:45:34.665+0200] {standard_task_runner.py:72} INFO - Started process 5214 to run task
[2026-09-19T19:45:34.665+0200] {standard_task_runner.py:105} INFO - Job 4716: Subtask wait_for_csv
[2026-09-19T19:45:34.679+0200] {task_command.py:467} INFO - Running <TaskInstance: mini_riskagent_file_ingestion.wait_for_csv scheduled__2026-09-19T17:11:00+00:00 [running]> on host mac.home
[2026-09-19T19:45:34.694+0200] {taskinstance.py:3134} INFO - Exporting env vars: AIRFLOW_CTX_DAG_OWNER='autoquery' AIRFLOW_CTX_DAG_ID='mini_riskagent_file_ingestion' AIRFLOW_CTX_TASK_ID='wait_for_csv' AIRFLOW_CTX_EXECUTION_DATE='2026-09-19T17:11:00+00:00' AIRFLOW_CTX_TRY_NUMBER='1' AIRFLOW_CTX_DAG_RUN_ID='scheduled__2026-09-19T17:11:00+00:00'
[2026-09-19T19:45:34.694+0200] {logging_mixin.py:190} INFO - Task instance is in running state
[2026-09-19T19:45:34.695+0200] {logging_mixin.py:190} INFO -  Previous state of the Task instance: queued
[2026-09-19T19:45:34.695+0200] {logging_mixin.py:190} INFO - Current task name:wait_for_csv state:running start_date:2026-09-19 17:45:34.656137+00:00
[2026-09-19T19:45:34.695+0200] {logging_mixin.py:190} INFO - Dag name:mini_riskagent_file_ingestion and current dag run status:running
[2026-09-19T19:45:34.695+0200] {taskinstance.py:732} INFO - ::endgroup::
[2026-09-19T19:45:34.696+0200] {python.py:75} INFO - Poking callable: <function check_for_csv_files at 0x108d7ab60>
[2026-09-19T19:45:34.700+0200] {taskinstance.py:310} INFO - Rescheduling task, marking task as UP_FOR_RESCHEDULE
[2026-09-19T19:45:34.700+0200] {taskinstance.py:341} INFO - ::group::Post task execution logs
[2026-09-19T19:45:34.724+0200] {local_task_job_runner.py:266} INFO - Task exited with return code 0
[2026-09-19T19:45:34.731+0200] {taskinstance.py:3901} INFO - 0 downstream tasks scheduled from follow-on schedule check
[2026-09-19T19:45:34.731+0200] {local_task_job_runner.py:245} INFO - ::endgroup::
[2026-09-19T20:02:21.694+0200] {local_task_job_runner.py:123} INFO - ::group::Pre task execution logs
[2026-09-19T20:02:21.696+0200] {taskinstance.py:2614} INFO - Dependencies all met for dep_context=non-requeueable deps ti=<TaskInstance: mini_riskagent_file_ingestion.wait_for_csv scheduled__2026-09-19T17:11:00+00:00 [queued]>
[2026-09-19T20:02:21.697+0200] {taskinstance.py:2614} INFO - Dependencies all met for dep_context=requeueable deps ti=<TaskInstance: mini_riskagent_file_ingestion.wait_for_csv scheduled__2026-09-19T17:11:00+00:00 [queued]>
[2026-09-19T20:02:21.698+0200] {taskinstance.py:2867} INFO - Starting attempt 1 of 2
[2026-09-19T20:02:21.700+0200] {taskinstance.py:2890} INFO - Executing <Task(PythonSensor): wait_for_csv> on 2026-09-19 17:11:00+00:00
[2026-09-19T20:02:21.705+0200] {logging_mixin.py:190} WARNING - /Users/swarnalidatta/Desktop/AutoQueryChatbot/.airflow-venv/lib/python3.12/site-packages/airflow/task/task_runner/standard_task_runner.py:70 DeprecationWarning: This process (pid=5227) is multi-threaded, use of fork() may lead to deadlocks in the child.
[2026-09-19T20:02:21.705+0200] {standard_task_runner.py:72} INFO - Started process 5229 to run task
[2026-09-19T20:02:21.704+0200] {standard_task_runner.py:104} INFO - Running: ['airflow', 'tasks', 'run', 'mini_riskagent_file_ingestion', 'wait_for_csv', 'scheduled__2026-09-19T17:11:00+00:00', '--job-id', '4717', '--raw', '--subdir', 'DAGS_FOLDER/data_ingest_pipeline.py', '--cfg-path', '/var/folders/5p/201rr1sj03g8gksxm9x48mbh0000gn/T/tmpo83g60gl']
[2026-09-19T20:02:21.705+0200] {standard_task_runner.py:105} INFO - Job 4717: Subtask wait_for_csv
[2026-09-19T20:02:21.719+0200] {task_command.py:467} INFO - Running <TaskInstance: mini_riskagent_file_ingestion.wait_for_csv scheduled__2026-09-19T17:11:00+00:00 [running]> on host mac.home
[2026-09-19T20:02:21.734+0200] {taskinstance.py:3134} INFO - Exporting env vars: AIRFLOW_CTX_DAG_OWNER='autoquery' AIRFLOW_CTX_DAG_ID='mini_riskagent_file_ingestion' AIRFLOW_CTX_TASK_ID='wait_for_csv' AIRFLOW_CTX_EXECUTION_DATE='2026-09-19T17:11:00+00:00' AIRFLOW_CTX_TRY_NUMBER='1' AIRFLOW_CTX_DAG_RUN_ID='scheduled__2026-09-19T17:11:00+00:00'
[2026-09-19T20:02:21.734+0200] {logging_mixin.py:190} INFO - Task instance is in running state
[2026-09-19T20:02:21.735+0200] {logging_mixin.py:190} INFO -  Previous state of the Task instance: queued
[2026-09-19T20:02:21.735+0200] {logging_mixin.py:190} INFO - Current task name:wait_for_csv state:running start_date:2026-09-19 18:02:21.696702+00:00
[2026-09-19T20:02:21.735+0200] {logging_mixin.py:190} INFO - Dag name:mini_riskagent_file_ingestion and current dag run status:running
[2026-09-19T20:02:21.735+0200] {taskinstance.py:732} INFO - ::endgroup::
[2026-09-19T20:02:21.736+0200] {python.py:75} INFO - Poking callable: <function check_for_csv_files at 0x111442b60>
[2026-09-19T20:02:21.739+0200] {taskinstance.py:310} INFO - Rescheduling task, marking task as UP_FOR_RESCHEDULE
[2026-09-19T20:02:21.740+0200] {taskinstance.py:341} INFO - ::group::Post task execution logs
[2026-09-19T20:02:21.764+0200] {local_task_job_runner.py:266} INFO - Task exited with return code 0
[2026-09-19T20:02:21.771+0200] {taskinstance.py:3901} INFO - 0 downstream tasks scheduled from follow-on schedule check
[2026-09-19T20:02:21.771+0200] {local_task_job_runner.py:245} INFO - ::endgroup::
[2026-09-19T20:13:58.727+0200] {local_task_job_runner.py:123} INFO - ::group::Pre task execution logs
[2026-09-19T20:13:58.730+0200] {taskinstance.py:2614} INFO - Dependencies all met for dep_context=non-requeueable deps ti=<TaskInstance: mini_riskagent_file_ingestion.wait_for_csv scheduled__2026-09-19T17:11:00+00:00 [queued]>
[2026-09-19T20:13:58.731+0200] {taskinstance.py:2614} INFO - Dependencies all met for dep_context=requeueable deps ti=<TaskInstance: mini_riskagent_file_ingestion.wait_for_csv scheduled__2026-09-19T17:11:00+00:00 [queued]>
[2026-09-19T20:13:58.731+0200] {taskinstance.py:2867} INFO - Starting attempt 1 of 2
[2026-09-19T20:13:58.734+0200] {taskinstance.py:2890} INFO - Executing <Task(PythonSensor): wait_for_csv> on 2026-09-19 17:11:00+00:00
[2026-09-19T20:13:58.738+0200] {logging_mixin.py:190} WARNING - /Users/swarnalidatta/Desktop/AutoQueryChatbot/.airflow-venv/lib/python3.12/site-packages/airflow/task/task_runner/standard_task_runner.py:70 DeprecationWarning: This process (pid=5242) is multi-threaded, use of fork() may lead to deadlocks in the child.
[2026-09-19T20:13:58.739+0200] {standard_task_runner.py:72} INFO - Started process 5245 to run task
[2026-09-19T20:13:58.738+0200] {standard_task_runner.py:104} INFO - Running: ['airflow', 'tasks', 'run', 'mini_riskagent_file_ingestion', 'wait_for_csv', 'scheduled__2026-09-19T17:11:00+00:00', '--job-id', '4718', '--raw', '--subdir', 'DAGS_FOLDER/data_ingest_pipeline.py', '--cfg-path', '/var/folders/5p/201rr1sj03g8gksxm9x48mbh0000gn/T/tmpu0pbypcb']
[2026-09-19T20:13:58.739+0200] {standard_task_runner.py:105} INFO - Job 4718: Subtask wait_for_csv
[2026-09-19T20:13:58.752+0200] {task_command.py:467} INFO - Running <TaskInstance: mini_riskagent_file_ingestion.wait_for_csv scheduled__2026-09-19T17:11:00+00:00 [running]> on host mac.home
[2026-09-19T20:13:58.767+0200] {taskinstance.py:3134} INFO - Exporting env vars: AIRFLOW_CTX_DAG_OWNER='autoquery' AIRFLOW_CTX_DAG_ID='mini_riskagent_file_ingestion' AIRFLOW_CTX_TASK_ID='wait_for_csv' AIRFLOW_CTX_EXECUTION_DATE='2026-09-19T17:11:00+00:00' AIRFLOW_CTX_TRY_NUMBER='1' AIRFLOW_CTX_DAG_RUN_ID='scheduled__2026-09-19T17:11:00+00:00'
[2026-09-19T20:13:58.767+0200] {logging_mixin.py:190} INFO - Task instance is in running state
[2026-09-19T20:13:58.767+0200] {logging_mixin.py:190} INFO -  Previous state of the Task instance: queued
[2026-09-19T20:13:58.767+0200] {logging_mixin.py:190} INFO - Current task name:wait_for_csv state:running start_date:2026-09-19 18:13:58.730508+00:00
[2026-09-19T20:13:58.768+0200] {logging_mixin.py:190} INFO - Dag name:mini_riskagent_file_ingestion and current dag run status:running
[2026-09-19T20:13:58.768+0200] {taskinstance.py:732} INFO - ::endgroup::
[2026-09-19T20:13:58.769+0200] {python.py:75} INFO - Poking callable: <function check_for_csv_files at 0x10ab3eb60>
[2026-09-19T20:13:58.769+0200] {taskinstance.py:3313} ERROR - Task failed with exception
Traceback (most recent call last):
  File "/Users/swarnalidatta/Desktop/AutoQueryChatbot/.airflow-venv/lib/python3.12/site-packages/airflow/models/taskinstance.py", line 768, in _execute_task
    result = _execute_callable(context=context, **execute_callable_kwargs)
             ^^^^^^^^^^^^^^^^^^^^^^^^^^^^^^^^^^^^^^^^^^^^^^^^^^^^^^^^^^^^^
  File "/Users/swarnalidatta/Desktop/AutoQueryChatbot/.airflow-venv/lib/python3.12/site-packages/airflow/models/taskinstance.py", line 734, in _execute_callable
    return ExecutionCallableRunner(
           ^^^^^^^^^^^^^^^^^^^^^^^^
  File "/Users/swarnalidatta/Desktop/AutoQueryChatbot/.airflow-venv/lib/python3.12/site-packages/airflow/utils/operator_helpers.py", line 252, in run
    return self.func(*args, **kwargs)
           ^^^^^^^^^^^^^^^^^^^^^^^^^^
  File "/Users/swarnalidatta/Desktop/AutoQueryChatbot/.airflow-venv/lib/python3.12/site-packages/airflow/models/baseoperator.py", line 424, in wrapper
    return func(self, *args, **kwargs)
           ^^^^^^^^^^^^^^^^^^^^^^^^^^^
  File "/Users/swarnalidatta/Desktop/AutoQueryChatbot/.airflow-venv/lib/python3.12/site-packages/airflow/sensors/base.py", line 326, in execute
    raise AirflowSensorTimeout(message)
airflow.exceptions.AirflowSensorTimeout: Sensor has timed out; run duration of 3656.230477 seconds exceeds the specified timeout of 3600.0.
[2026-09-19T20:13:58.771+0200] {logging_mixin.py:190} INFO - Task instance in failure state
[2026-09-19T20:13:58.771+0200] {logging_mixin.py:190} INFO - Task start:2026-09-19 18:13:58.730508+00:00 end:2026-09-19 18:13:58.771210+00:00 duration:0.040702
[2026-09-19T20:13:58.771+0200] {logging_mixin.py:190} INFO - Task:<Task(PythonSensor): wait_for_csv> dag:<DAG: mini_riskagent_file_ingestion> dagrun:<DagRun mini_riskagent_file_ingestion @ 2026-09-19 17:11:00+00:00: scheduled__2026-09-19T17:11:00+00:00, state:running, queued_at: 2026-09-19 17:13:01.662895+00:00. externally triggered: False>
[2026-09-19T20:13:58.771+0200] {logging_mixin.py:190} INFO - Failure caused by Sensor has timed out; run duration of 3656.230477 seconds exceeds the specified timeout of 3600.0.
[2026-09-19T20:13:58.772+0200] {taskinstance.py:1226} INFO - Immediate failure requested. Marking task as FAILED. dag_id=mini_riskagent_file_ingestion, task_id=wait_for_csv, run_id=scheduled__2026-09-19T17:11:00+00:00, execution_date=20260919T171100, start_date=20260919T181358, end_date=20260919T181358
[2026-09-19T20:13:58.775+0200] {taskinstance.py:341} INFO - ::group::Post task execution logs
[2026-09-19T20:13:58.775+0200] {standard_task_runner.py:124} ERROR - Failed to execute job 4718 for task wait_for_csv (Sensor has timed out; run duration of 3656.230477 seconds exceeds the specified timeout of 3600.0.; 5245)
Traceback (most recent call last):
  File "/Users/swarnalidatta/Desktop/AutoQueryChatbot/.airflow-venv/lib/python3.12/site-packages/airflow/task/task_runner/standard_task_runner.py", line 117, in _start_by_fork
    ret = args.func(args, dag=self.dag)
          ^^^^^^^^^^^^^^^^^^^^^^^^^^^^^
  File "/Users/swarnalidatta/Desktop/AutoQueryChatbot/.airflow-venv/lib/python3.12/site-packages/airflow/cli/cli_config.py", line 49, in command
    return func(*args, **kwargs)
           ^^^^^^^^^^^^^^^^^^^^^
  File "/Users/swarnalidatta/Desktop/AutoQueryChatbot/.airflow-venv/lib/python3.12/site-packages/airflow/utils/cli.py", line 116, in wrapper
    return f(*args, **kwargs)
           ^^^^^^^^^^^^^^^^^^
  File "/Users/swarnalidatta/Desktop/AutoQueryChatbot/.airflow-venv/lib/python3.12/site-packages/airflow/cli/commands/task_command.py", line 483, in task_run
    task_return_code = _run_task_by_selected_method(args, _dag, ti)
                       ^^^^^^^^^^^^^^^^^^^^^^^^^^^^^^^^^^^^^^^^^^^^
  File "/Users/swarnalidatta/Desktop/AutoQueryChatbot/.airflow-venv/lib/python3.12/site-packages/airflow/cli/commands/task_command.py", line 256, in _run_task_by_selected_method
    return _run_raw_task(args, ti)
           ^^^^^^^^^^^^^^^^^^^^^^^
  File "/Users/swarnalidatta/Desktop/AutoQueryChatbot/.airflow-venv/lib/python3.12/site-packages/airflow/cli/commands/task_command.py", line 341, in _run_raw_task
    return ti._run_raw_task(
           ^^^^^^^^^^^^^^^^^
  File "/Users/swarnalidatta/Desktop/AutoQueryChatbot/.airflow-venv/lib/python3.12/site-packages/airflow/utils/session.py", line 97, in wrapper
    return func(*args, session=session, **kwargs)
           ^^^^^^^^^^^^^^^^^^^^^^^^^^^^^^^^^^^^^^
  File "/Users/swarnalidatta/Desktop/AutoQueryChatbot/.airflow-venv/lib/python3.12/site-packages/airflow/models/taskinstance.py", line 3006, in _run_raw_task
    return _run_raw_task(
           ^^^^^^^^^^^^^^
  File "/Users/swarnalidatta/Desktop/AutoQueryChatbot/.airflow-venv/lib/python3.12/site-packages/airflow/models/taskinstance.py", line 274, in _run_raw_task
    TaskInstance._execute_task_with_callbacks(
  File "/Users/swarnalidatta/Desktop/AutoQueryChatbot/.airflow-venv/lib/python3.12/site-packages/airflow/models/taskinstance.py", line 3161, in _execute_task_with_callbacks
    result = self._execute_task(context, task_orig)
             ^^^^^^^^^^^^^^^^^^^^^^^^^^^^^^^^^^^^^^
  File "/Users/swarnalidatta/Desktop/AutoQueryChatbot/.airflow-venv/lib/python3.12/site-packages/airflow/models/taskinstance.py", line 3185, in _execute_task
    return _execute_task(self, context, task_orig)
           ^^^^^^^^^^^^^^^^^^^^^^^^^^^^^^^^^^^^^^^
  File "/Users/swarnalidatta/Desktop/AutoQueryChatbot/.airflow-venv/lib/python3.12/site-packages/airflow/models/taskinstance.py", line 768, in _execute_task
    result = _execute_callable(context=context, **execute_callable_kwargs)
             ^^^^^^^^^^^^^^^^^^^^^^^^^^^^^^^^^^^^^^^^^^^^^^^^^^^^^^^^^^^^^
  File "/Users/swarnalidatta/Desktop/AutoQueryChatbot/.airflow-venv/lib/python3.12/site-packages/airflow/models/taskinstance.py", line 734, in _execute_callable
    return ExecutionCallableRunner(
           ^^^^^^^^^^^^^^^^^^^^^^^^
  File "/Users/swarnalidatta/Desktop/AutoQueryChatbot/.airflow-venv/lib/python3.12/site-packages/airflow/utils/operator_helpers.py", line 252, in run
    return self.func(*args, **kwargs)
           ^^^^^^^^^^^^^^^^^^^^^^^^^^
  File "/Users/swarnalidatta/Desktop/AutoQueryChatbot/.airflow-venv/lib/python3.12/site-packages/airflow/models/baseoperator.py", line 424, in wrapper
    return func(self, *args, **kwargs)
           ^^^^^^^^^^^^^^^^^^^^^^^^^^^
  File "/Users/swarnalidatta/Desktop/AutoQueryChatbot/.airflow-venv/lib/python3.12/site-packages/airflow/sensors/base.py", line 326, in execute
    raise AirflowSensorTimeout(message)
airflow.exceptions.AirflowSensorTimeout: Sensor has timed out; run duration of 3656.230477 seconds exceeds the specified timeout of 3600.0.
[2026-09-19T20:13:58.798+0200] {local_task_job_runner.py:266} INFO - Task exited with return code 1
[2026-09-19T20:13:58.805+0200] {taskinstance.py:3901} INFO - 0 downstream tasks scheduled from follow-on schedule check
[2026-09-19T20:13:58.806+0200] {local_task_job_runner.py:245} INFO - ::endgroup::
