[2026-09-05T20:13:03.107+0200] {local_task_job_runner.py:123} INFO - ::group::Pre task execution logs
[2026-09-05T20:13:03.110+0200] {taskinstance.py:2614} INFO - Dependencies all met for dep_context=non-requeueable deps ti=<TaskInstance: mini_riskagent_file_ingestion.wait_for_csv scheduled__2026-09-05T18:12:00+00:00 [queued]>
[2026-09-05T20:13:03.112+0200] {taskinstance.py:2614} INFO - Dependencies all met for dep_context=requeueable deps ti=<TaskInstance: mini_riskagent_file_ingestion.wait_for_csv scheduled__2026-09-05T18:12:00+00:00 [queued]>
[2026-09-05T20:13:03.112+0200] {taskinstance.py:2867} INFO - Starting attempt 1 of 2
[2026-09-05T20:13:03.115+0200] {taskinstance.py:2890} INFO - Executing <Task(PythonSensor): wait_for_csv> on 2026-09-05 18:12:00+00:00
[2026-09-05T20:13:03.120+0200] {logging_mixin.py:190} WARNING - /Users/swarnalidatta/Desktop/AutoQueryChatbot/.airflow-venv/lib/python3.12/site-packages/airflow/task/task_runner/standard_task_runner.py:70 DeprecationWarning: This process (pid=42977) is multi-threaded, use of fork() may lead to deadlocks in the child.
[2026-09-05T20:13:03.120+0200] {standard_task_runner.py:72} INFO - Started process 42979 to run task
[2026-09-05T20:13:03.119+0200] {standard_task_runner.py:104} INFO - Running: ['airflow', 'tasks', 'run', 'mini_riskagent_file_ingestion', 'wait_for_csv', 'scheduled__2026-09-05T18:12:00+00:00', '--job-id', '2479', '--raw', '--subdir', 'DAGS_FOLDER/data_ingest_pipeline.py', '--cfg-path', '/var/folders/5p/201rr1sj03g8gksxm9x48mbh0000gn/T/tmpiialkzwn']
[2026-09-05T20:13:03.120+0200] {standard_task_runner.py:105} INFO - Job 2479: Subtask wait_for_csv
[2026-09-05T20:13:03.134+0200] {task_command.py:467} INFO - Running <TaskInstance: mini_riskagent_file_ingestion.wait_for_csv scheduled__2026-09-05T18:12:00+00:00 [running]> on host mac.home
[2026-09-05T20:13:03.153+0200] {taskinstance.py:3134} INFO - Exporting env vars: AIRFLOW_CTX_DAG_OWNER='autoquery' AIRFLOW_CTX_DAG_ID='mini_riskagent_file_ingestion' AIRFLOW_CTX_TASK_ID='wait_for_csv' AIRFLOW_CTX_EXECUTION_DATE='2026-09-05T18:12:00+00:00' AIRFLOW_CTX_TRY_NUMBER='1' AIRFLOW_CTX_DAG_RUN_ID='scheduled__2026-09-05T18:12:00+00:00'
[2026-09-05T20:13:03.154+0200] {logging_mixin.py:190} INFO - Task instance is in running state
[2026-09-05T20:13:03.154+0200] {logging_mixin.py:190} INFO -  Previous state of the Task instance: queued
[2026-09-05T20:13:03.154+0200] {logging_mixin.py:190} INFO - Current task name:wait_for_csv state:running start_date:2026-09-05 18:13:03.110754+00:00
[2026-09-05T20:13:03.154+0200] {logging_mixin.py:190} INFO - Dag name:mini_riskagent_file_ingestion and current dag run status:running
[2026-09-05T20:13:03.154+0200] {taskinstance.py:732} INFO - ::endgroup::
[2026-09-05T20:13:03.156+0200] {python.py:75} INFO - Poking callable: <function check_for_csv_files at 0x10b256b60>
[2026-09-05T20:13:03.159+0200] {taskinstance.py:310} INFO - Rescheduling task, marking task as UP_FOR_RESCHEDULE
[2026-09-05T20:13:03.159+0200] {taskinstance.py:341} INFO - ::group::Post task execution logs
[2026-09-05T20:13:03.176+0200] {local_task_job_runner.py:266} INFO - Task exited with return code 0
[2026-09-05T20:13:03.182+0200] {taskinstance.py:3901} INFO - 0 downstream tasks scheduled from follow-on schedule check
[2026-09-05T20:13:03.182+0200] {local_task_job_runner.py:245} INFO - ::endgroup::
[2026-09-05T20:13:34.443+0200] {local_task_job_runner.py:123} INFO - ::group::Pre task execution logs
[2026-09-05T20:13:34.446+0200] {taskinstance.py:2614} INFO - Dependencies all met for dep_context=non-requeueable deps ti=<TaskInstance: mini_riskagent_file_ingestion.wait_for_csv scheduled__2026-09-05T18:12:00+00:00 [queued]>
[2026-09-05T20:13:34.447+0200] {taskinstance.py:2614} INFO - Dependencies all met for dep_context=requeueable deps ti=<TaskInstance: mini_riskagent_file_ingestion.wait_for_csv scheduled__2026-09-05T18:12:00+00:00 [queued]>
[2026-09-05T20:13:34.447+0200] {taskinstance.py:2867} INFO - Starting attempt 1 of 2
[2026-09-05T20:13:34.450+0200] {taskinstance.py:2890} INFO - Executing <Task(PythonSensor): wait_for_csv> on 2026-09-05 18:12:00+00:00
[2026-09-05T20:13:34.454+0200] {logging_mixin.py:190} WARNING - /Users/swarnalidatta/Desktop/AutoQueryChatbot/.airflow-venv/lib/python3.12/site-packages/airflow/task/task_runner/standard_task_runner.py:70 DeprecationWarning: This process (pid=43201) is multi-threaded, use of fork() may lead to deadlocks in the child.
[2026-09-05T20:13:34.455+0200] {standard_task_runner.py:72} INFO - Started process 43203 to run task
[2026-09-05T20:13:34.454+0200] {standard_task_runner.py:104} INFO - Running: ['airflow', 'tasks', 'run', 'mini_riskagent_file_ingestion', 'wait_for_csv', 'scheduled__2026-09-05T18:12:00+00:00', '--job-id', '2487', '--raw', '--subdir', 'DAGS_FOLDER/data_ingest_pipeline.py', '--cfg-path', '/var/folders/5p/201rr1sj03g8gksxm9x48mbh0000gn/T/tmp5sezpz05']
[2026-09-05T20:13:34.455+0200] {standard_task_runner.py:105} INFO - Job 2487: Subtask wait_for_csv
[2026-09-05T20:13:34.469+0200] {task_command.py:467} INFO - Running <TaskInstance: mini_riskagent_file_ingestion.wait_for_csv scheduled__2026-09-05T18:12:00+00:00 [running]> on host mac.home
[2026-09-05T20:13:34.485+0200] {taskinstance.py:3134} INFO - Exporting env vars: AIRFLOW_CTX_DAG_OWNER='autoquery' AIRFLOW_CTX_DAG_ID='mini_riskagent_file_ingestion' AIRFLOW_CTX_TASK_ID='wait_for_csv' AIRFLOW_CTX_EXECUTION_DATE='2026-09-05T18:12:00+00:00' AIRFLOW_CTX_TRY_NUMBER='1' AIRFLOW_CTX_DAG_RUN_ID='scheduled__2026-09-05T18:12:00+00:00'
[2026-09-05T20:13:34.485+0200] {logging_mixin.py:190} INFO - Task instance is in running state
[2026-09-05T20:13:34.485+0200] {logging_mixin.py:190} INFO -  Previous state of the Task instance: queued
[2026-09-05T20:13:34.485+0200] {logging_mixin.py:190} INFO - Current task name:wait_for_csv state:running start_date:2026-09-05 18:13:34.446274+00:00
[2026-09-05T20:13:34.486+0200] {logging_mixin.py:190} INFO - Dag name:mini_riskagent_file_ingestion and current dag run status:running
[2026-09-05T20:13:34.486+0200] {taskinstance.py:732} INFO - ::endgroup::
[2026-09-05T20:13:34.487+0200] {python.py:75} INFO - Poking callable: <function check_for_csv_files at 0x113f12b60>
[2026-09-05T20:13:34.490+0200] {taskinstance.py:310} INFO - Rescheduling task, marking task as UP_FOR_RESCHEDULE
[2026-09-05T20:13:34.491+0200] {taskinstance.py:341} INFO - ::group::Post task execution logs
[2026-09-05T20:13:34.510+0200] {local_task_job_runner.py:266} INFO - Task exited with return code 0
[2026-09-05T20:13:34.516+0200] {taskinstance.py:3901} INFO - 0 downstream tasks scheduled from follow-on schedule check
[2026-09-05T20:13:34.516+0200] {local_task_job_runner.py:245} INFO - ::endgroup::
[2026-09-05T20:14:06.694+0200] {local_task_job_runner.py:123} INFO - ::group::Pre task execution logs
[2026-09-05T20:14:06.697+0200] {taskinstance.py:2614} INFO - Dependencies all met for dep_context=non-requeueable deps ti=<TaskInstance: mini_riskagent_file_ingestion.wait_for_csv scheduled__2026-09-05T18:12:00+00:00 [queued]>
[2026-09-05T20:14:06.698+0200] {taskinstance.py:2614} INFO - Dependencies all met for dep_context=requeueable deps ti=<TaskInstance: mini_riskagent_file_ingestion.wait_for_csv scheduled__2026-09-05T18:12:00+00:00 [queued]>
[2026-09-05T20:14:06.698+0200] {taskinstance.py:2867} INFO - Starting attempt 1 of 2
[2026-09-05T20:14:06.701+0200] {taskinstance.py:2890} INFO - Executing <Task(PythonSensor): wait_for_csv> on 2026-09-05 18:12:00+00:00
[2026-09-05T20:14:06.706+0200] {logging_mixin.py:190} WARNING - /Users/swarnalidatta/Desktop/AutoQueryChatbot/.airflow-venv/lib/python3.12/site-packages/airflow/task/task_runner/standard_task_runner.py:70 DeprecationWarning: This process (pid=43298) is multi-threaded, use of fork() may lead to deadlocks in the child.
[2026-09-05T20:14:06.706+0200] {standard_task_runner.py:72} INFO - Started process 43300 to run task
[2026-09-05T20:14:06.705+0200] {standard_task_runner.py:104} INFO - Running: ['airflow', 'tasks', 'run', 'mini_riskagent_file_ingestion', 'wait_for_csv', 'scheduled__2026-09-05T18:12:00+00:00', '--job-id', '2496', '--raw', '--subdir', 'DAGS_FOLDER/data_ingest_pipeline.py', '--cfg-path', '/var/folders/5p/201rr1sj03g8gksxm9x48mbh0000gn/T/tmpw3vvygom']
[2026-09-05T20:14:06.706+0200] {standard_task_runner.py:105} INFO - Job 2496: Subtask wait_for_csv
[2026-09-05T20:14:06.720+0200] {task_command.py:467} INFO - Running <TaskInstance: mini_riskagent_file_ingestion.wait_for_csv scheduled__2026-09-05T18:12:00+00:00 [running]> on host mac.home
[2026-09-05T20:14:06.736+0200] {taskinstance.py:3134} INFO - Exporting env vars: AIRFLOW_CTX_DAG_OWNER='autoquery' AIRFLOW_CTX_DAG_ID='mini_riskagent_file_ingestion' AIRFLOW_CTX_TASK_ID='wait_for_csv' AIRFLOW_CTX_EXECUTION_DATE='2026-09-05T18:12:00+00:00' AIRFLOW_CTX_TRY_NUMBER='1' AIRFLOW_CTX_DAG_RUN_ID='scheduled__2026-09-05T18:12:00+00:00'
[2026-09-05T20:14:06.737+0200] {logging_mixin.py:190} INFO - Task instance is in running state
[2026-09-05T20:14:06.737+0200] {logging_mixin.py:190} INFO -  Previous state of the Task instance: queued
[2026-09-05T20:14:06.737+0200] {logging_mixin.py:190} INFO - Current task name:wait_for_csv state:running start_date:2026-09-05 18:14:06.697433+00:00
[2026-09-05T20:14:06.737+0200] {logging_mixin.py:190} INFO - Dag name:mini_riskagent_file_ingestion and current dag run status:running
[2026-09-05T20:14:06.738+0200] {taskinstance.py:732} INFO - ::endgroup::
[2026-09-05T20:14:06.739+0200] {python.py:75} INFO - Poking callable: <function check_for_csv_files at 0x10cd06b60>
[2026-09-05T20:14:06.742+0200] {taskinstance.py:310} INFO - Rescheduling task, marking task as UP_FOR_RESCHEDULE
[2026-09-05T20:14:06.743+0200] {taskinstance.py:341} INFO - ::group::Post task execution logs
[2026-09-05T20:14:06.761+0200] {local_task_job_runner.py:266} INFO - Task exited with return code 0
[2026-09-05T20:14:06.768+0200] {taskinstance.py:3901} INFO - 0 downstream tasks scheduled from follow-on schedule check
[2026-09-05T20:14:06.768+0200] {local_task_job_runner.py:245} INFO - ::endgroup::
[2026-09-05T20:14:38.587+0200] {local_task_job_runner.py:123} INFO - ::group::Pre task execution logs
[2026-09-05T20:14:38.589+0200] {taskinstance.py:2614} INFO - Dependencies all met for dep_context=non-requeueable deps ti=<TaskInstance: mini_riskagent_file_ingestion.wait_for_csv scheduled__2026-09-05T18:12:00+00:00 [queued]>
[2026-09-05T20:14:38.591+0200] {taskinstance.py:2614} INFO - Dependencies all met for dep_context=requeueable deps ti=<TaskInstance: mini_riskagent_file_ingestion.wait_for_csv scheduled__2026-09-05T18:12:00+00:00 [queued]>
[2026-09-05T20:14:38.591+0200] {taskinstance.py:2867} INFO - Starting attempt 1 of 2
[2026-09-05T20:14:38.594+0200] {taskinstance.py:2890} INFO - Executing <Task(PythonSensor): wait_for_csv> on 2026-09-05 18:12:00+00:00
[2026-09-05T20:14:38.599+0200] {logging_mixin.py:190} WARNING - /Users/swarnalidatta/Desktop/AutoQueryChatbot/.airflow-venv/lib/python3.12/site-packages/airflow/task/task_runner/standard_task_runner.py:70 DeprecationWarning: This process (pid=43395) is multi-threaded, use of fork() may lead to deadlocks in the child.
[2026-09-05T20:14:38.599+0200] {standard_task_runner.py:72} INFO - Started process 43397 to run task
[2026-09-05T20:14:38.598+0200] {standard_task_runner.py:104} INFO - Running: ['airflow', 'tasks', 'run', 'mini_riskagent_file_ingestion', 'wait_for_csv', 'scheduled__2026-09-05T18:12:00+00:00', '--job-id', '2505', '--raw', '--subdir', 'DAGS_FOLDER/data_ingest_pipeline.py', '--cfg-path', '/var/folders/5p/201rr1sj03g8gksxm9x48mbh0000gn/T/tmptqx7nzvx']
[2026-09-05T20:14:38.599+0200] {standard_task_runner.py:105} INFO - Job 2505: Subtask wait_for_csv
[2026-09-05T20:14:38.613+0200] {task_command.py:467} INFO - Running <TaskInstance: mini_riskagent_file_ingestion.wait_for_csv scheduled__2026-09-05T18:12:00+00:00 [running]> on host mac.home
[2026-09-05T20:14:38.630+0200] {taskinstance.py:3134} INFO - Exporting env vars: AIRFLOW_CTX_DAG_OWNER='autoquery' AIRFLOW_CTX_DAG_ID='mini_riskagent_file_ingestion' AIRFLOW_CTX_TASK_ID='wait_for_csv' AIRFLOW_CTX_EXECUTION_DATE='2026-09-05T18:12:00+00:00' AIRFLOW_CTX_TRY_NUMBER='1' AIRFLOW_CTX_DAG_RUN_ID='scheduled__2026-09-05T18:12:00+00:00'
[2026-09-05T20:14:38.630+0200] {logging_mixin.py:190} INFO - Task instance is in running state
[2026-09-05T20:14:38.630+0200] {logging_mixin.py:190} INFO -  Previous state of the Task instance: queued
[2026-09-05T20:14:38.630+0200] {logging_mixin.py:190} INFO - Current task name:wait_for_csv state:running start_date:2026-09-05 18:14:38.590076+00:00
[2026-09-05T20:14:38.631+0200] {logging_mixin.py:190} INFO - Dag name:mini_riskagent_file_ingestion and current dag run status:running
[2026-09-05T20:14:38.631+0200] {taskinstance.py:732} INFO - ::endgroup::
[2026-09-05T20:14:38.632+0200] {python.py:75} INFO - Poking callable: <function check_for_csv_files at 0x10c5eab60>
[2026-09-05T20:14:38.635+0200] {taskinstance.py:310} INFO - Rescheduling task, marking task as UP_FOR_RESCHEDULE
[2026-09-05T20:14:38.636+0200] {taskinstance.py:341} INFO - ::group::Post task execution logs
[2026-09-05T20:14:38.654+0200] {local_task_job_runner.py:266} INFO - Task exited with return code 0
[2026-09-05T20:14:38.661+0200] {taskinstance.py:3901} INFO - 0 downstream tasks scheduled from follow-on schedule check
[2026-09-05T20:14:38.661+0200] {local_task_job_runner.py:245} INFO - ::endgroup::
[2026-09-05T20:15:10.752+0200] {local_task_job_runner.py:123} INFO - ::group::Pre task execution logs
[2026-09-05T20:15:10.755+0200] {taskinstance.py:2614} INFO - Dependencies all met for dep_context=non-requeueable deps ti=<TaskInstance: mini_riskagent_file_ingestion.wait_for_csv scheduled__2026-09-05T18:12:00+00:00 [queued]>
[2026-09-05T20:15:10.757+0200] {taskinstance.py:2614} INFO - Dependencies all met for dep_context=requeueable deps ti=<TaskInstance: mini_riskagent_file_ingestion.wait_for_csv scheduled__2026-09-05T18:12:00+00:00 [queued]>
[2026-09-05T20:15:10.757+0200] {taskinstance.py:2867} INFO - Starting attempt 1 of 2
[2026-09-05T20:15:10.760+0200] {taskinstance.py:2890} INFO - Executing <Task(PythonSensor): wait_for_csv> on 2026-09-05 18:12:00+00:00
[2026-09-05T20:15:10.764+0200] {logging_mixin.py:190} WARNING - /Users/swarnalidatta/Desktop/AutoQueryChatbot/.airflow-venv/lib/python3.12/site-packages/airflow/task/task_runner/standard_task_runner.py:70 DeprecationWarning: This process (pid=43686) is multi-threaded, use of fork() may lead to deadlocks in the child.
[2026-09-05T20:15:10.764+0200] {standard_task_runner.py:72} INFO - Started process 43688 to run task
[2026-09-05T20:15:10.764+0200] {standard_task_runner.py:104} INFO - Running: ['airflow', 'tasks', 'run', 'mini_riskagent_file_ingestion', 'wait_for_csv', 'scheduled__2026-09-05T18:12:00+00:00', '--job-id', '2515', '--raw', '--subdir', 'DAGS_FOLDER/data_ingest_pipeline.py', '--cfg-path', '/var/folders/5p/201rr1sj03g8gksxm9x48mbh0000gn/T/tmpmwd59xhy']
[2026-09-05T20:15:10.765+0200] {standard_task_runner.py:105} INFO - Job 2515: Subtask wait_for_csv
[2026-09-05T20:15:10.779+0200] {task_command.py:467} INFO - Running <TaskInstance: mini_riskagent_file_ingestion.wait_for_csv scheduled__2026-09-05T18:12:00+00:00 [running]> on host mac.home
[2026-09-05T20:15:10.795+0200] {taskinstance.py:3134} INFO - Exporting env vars: AIRFLOW_CTX_DAG_OWNER='autoquery' AIRFLOW_CTX_DAG_ID='mini_riskagent_file_ingestion' AIRFLOW_CTX_TASK_ID='wait_for_csv' AIRFLOW_CTX_EXECUTION_DATE='2026-09-05T18:12:00+00:00' AIRFLOW_CTX_TRY_NUMBER='1' AIRFLOW_CTX_DAG_RUN_ID='scheduled__2026-09-05T18:12:00+00:00'
[2026-09-05T20:15:10.796+0200] {logging_mixin.py:190} INFO - Task instance is in running state
[2026-09-05T20:15:10.796+0200] {logging_mixin.py:190} INFO -  Previous state of the Task instance: queued
[2026-09-05T20:15:10.796+0200] {logging_mixin.py:190} INFO - Current task name:wait_for_csv state:running start_date:2026-09-05 18:15:10.755818+00:00
[2026-09-05T20:15:10.796+0200] {logging_mixin.py:190} INFO - Dag name:mini_riskagent_file_ingestion and current dag run status:running
[2026-09-05T20:15:10.796+0200] {taskinstance.py:732} INFO - ::endgroup::
[2026-09-05T20:15:10.798+0200] {python.py:75} INFO - Poking callable: <function check_for_csv_files at 0x108816b60>
[2026-09-05T20:15:10.801+0200] {taskinstance.py:310} INFO - Rescheduling task, marking task as UP_FOR_RESCHEDULE
[2026-09-05T20:15:10.801+0200] {taskinstance.py:341} INFO - ::group::Post task execution logs
[2026-09-05T20:15:10.820+0200] {local_task_job_runner.py:266} INFO - Task exited with return code 0
[2026-09-05T20:15:10.827+0200] {taskinstance.py:3901} INFO - 0 downstream tasks scheduled from follow-on schedule check
[2026-09-05T20:15:10.827+0200] {local_task_job_runner.py:245} INFO - ::endgroup::
[2026-09-05T20:15:42.672+0200] {local_task_job_runner.py:123} INFO - ::group::Pre task execution logs
[2026-09-05T20:15:42.674+0200] {taskinstance.py:2614} INFO - Dependencies all met for dep_context=non-requeueable deps ti=<TaskInstance: mini_riskagent_file_ingestion.wait_for_csv scheduled__2026-09-05T18:12:00+00:00 [queued]>
[2026-09-05T20:15:42.676+0200] {taskinstance.py:2614} INFO - Dependencies all met for dep_context=requeueable deps ti=<TaskInstance: mini_riskagent_file_ingestion.wait_for_csv scheduled__2026-09-05T18:12:00+00:00 [queued]>
[2026-09-05T20:15:42.676+0200] {taskinstance.py:2867} INFO - Starting attempt 1 of 2
[2026-09-05T20:15:42.679+0200] {taskinstance.py:2890} INFO - Executing <Task(PythonSensor): wait_for_csv> on 2026-09-05 18:12:00+00:00
[2026-09-05T20:15:42.684+0200] {logging_mixin.py:190} WARNING - /Users/swarnalidatta/Desktop/AutoQueryChatbot/.airflow-venv/lib/python3.12/site-packages/airflow/task/task_runner/standard_task_runner.py:70 DeprecationWarning: This process (pid=43852) is multi-threaded, use of fork() may lead to deadlocks in the child.
[2026-09-05T20:15:42.684+0200] {standard_task_runner.py:72} INFO - Started process 43858 to run task
[2026-09-05T20:15:42.684+0200] {standard_task_runner.py:104} INFO - Running: ['airflow', 'tasks', 'run', 'mini_riskagent_file_ingestion', 'wait_for_csv', 'scheduled__2026-09-05T18:12:00+00:00', '--job-id', '2525', '--raw', '--subdir', 'DAGS_FOLDER/data_ingest_pipeline.py', '--cfg-path', '/var/folders/5p/201rr1sj03g8gksxm9x48mbh0000gn/T/tmpw7q2nc2c']
[2026-09-05T20:15:42.684+0200] {standard_task_runner.py:105} INFO - Job 2525: Subtask wait_for_csv
[2026-09-05T20:15:42.699+0200] {task_command.py:467} INFO - Running <TaskInstance: mini_riskagent_file_ingestion.wait_for_csv scheduled__2026-09-05T18:12:00+00:00 [running]> on host mac.home
[2026-09-05T20:15:42.715+0200] {taskinstance.py:3134} INFO - Exporting env vars: AIRFLOW_CTX_DAG_OWNER='autoquery' AIRFLOW_CTX_DAG_ID='mini_riskagent_file_ingestion' AIRFLOW_CTX_TASK_ID='wait_for_csv' AIRFLOW_CTX_EXECUTION_DATE='2026-09-05T18:12:00+00:00' AIRFLOW_CTX_TRY_NUMBER='1' AIRFLOW_CTX_DAG_RUN_ID='scheduled__2026-09-05T18:12:00+00:00'
[2026-09-05T20:15:42.715+0200] {logging_mixin.py:190} INFO - Task instance is in running state
[2026-09-05T20:15:42.716+0200] {logging_mixin.py:190} INFO -  Previous state of the Task instance: queued
[2026-09-05T20:15:42.716+0200] {logging_mixin.py:190} INFO - Current task name:wait_for_csv state:running start_date:2026-09-05 18:15:42.675027+00:00
[2026-09-05T20:15:42.716+0200] {logging_mixin.py:190} INFO - Dag name:mini_riskagent_file_ingestion and current dag run status:running
[2026-09-05T20:15:42.716+0200] {taskinstance.py:732} INFO - ::endgroup::
[2026-09-05T20:15:42.718+0200] {python.py:75} INFO - Poking callable: <function check_for_csv_files at 0x10ca6eb60>
[2026-09-05T20:15:42.721+0200] {taskinstance.py:310} INFO - Rescheduling task, marking task as UP_FOR_RESCHEDULE
[2026-09-05T20:15:42.721+0200] {taskinstance.py:341} INFO - ::group::Post task execution logs
[2026-09-05T20:15:42.740+0200] {local_task_job_runner.py:266} INFO - Task exited with return code 0
[2026-09-05T20:15:42.746+0200] {taskinstance.py:3901} INFO - 0 downstream tasks scheduled from follow-on schedule check
[2026-09-05T20:15:42.747+0200] {local_task_job_runner.py:245} INFO - ::endgroup::
[2026-09-05T20:16:14.432+0200] {local_task_job_runner.py:123} INFO - ::group::Pre task execution logs
[2026-09-05T20:16:14.435+0200] {taskinstance.py:2614} INFO - Dependencies all met for dep_context=non-requeueable deps ti=<TaskInstance: mini_riskagent_file_ingestion.wait_for_csv scheduled__2026-09-05T18:12:00+00:00 [queued]>
[2026-09-05T20:16:14.436+0200] {taskinstance.py:2614} INFO - Dependencies all met for dep_context=requeueable deps ti=<TaskInstance: mini_riskagent_file_ingestion.wait_for_csv scheduled__2026-09-05T18:12:00+00:00 [queued]>
[2026-09-05T20:16:14.436+0200] {taskinstance.py:2867} INFO - Starting attempt 1 of 2
[2026-09-05T20:16:14.439+0200] {taskinstance.py:2890} INFO - Executing <Task(PythonSensor): wait_for_csv> on 2026-09-05 18:12:00+00:00
[2026-09-05T20:16:14.444+0200] {logging_mixin.py:190} WARNING - /Users/swarnalidatta/Desktop/AutoQueryChatbot/.airflow-venv/lib/python3.12/site-packages/airflow/task/task_runner/standard_task_runner.py:70 DeprecationWarning: This process (pid=43955) is multi-threaded, use of fork() may lead to deadlocks in the child.
[2026-09-05T20:16:14.444+0200] {standard_task_runner.py:72} INFO - Started process 43957 to run task
[2026-09-05T20:16:14.443+0200] {standard_task_runner.py:104} INFO - Running: ['airflow', 'tasks', 'run', 'mini_riskagent_file_ingestion', 'wait_for_csv', 'scheduled__2026-09-05T18:12:00+00:00', '--job-id', '2536', '--raw', '--subdir', 'DAGS_FOLDER/data_ingest_pipeline.py', '--cfg-path', '/var/folders/5p/201rr1sj03g8gksxm9x48mbh0000gn/T/tmpq8b850ni']
[2026-09-05T20:16:14.444+0200] {standard_task_runner.py:105} INFO - Job 2536: Subtask wait_for_csv
[2026-09-05T20:16:14.458+0200] {task_command.py:467} INFO - Running <TaskInstance: mini_riskagent_file_ingestion.wait_for_csv scheduled__2026-09-05T18:12:00+00:00 [running]> on host mac.home
[2026-09-05T20:16:14.475+0200] {taskinstance.py:3134} INFO - Exporting env vars: AIRFLOW_CTX_DAG_OWNER='autoquery' AIRFLOW_CTX_DAG_ID='mini_riskagent_file_ingestion' AIRFLOW_CTX_TASK_ID='wait_for_csv' AIRFLOW_CTX_EXECUTION_DATE='2026-09-05T18:12:00+00:00' AIRFLOW_CTX_TRY_NUMBER='1' AIRFLOW_CTX_DAG_RUN_ID='scheduled__2026-09-05T18:12:00+00:00'
[2026-09-05T20:16:14.475+0200] {logging_mixin.py:190} INFO - Task instance is in running state
[2026-09-05T20:16:14.476+0200] {logging_mixin.py:190} INFO -  Previous state of the Task instance: queued
[2026-09-05T20:16:14.476+0200] {logging_mixin.py:190} INFO - Current task name:wait_for_csv state:running start_date:2026-09-05 18:16:14.435388+00:00
[2026-09-05T20:16:14.476+0200] {logging_mixin.py:190} INFO - Dag name:mini_riskagent_file_ingestion and current dag run status:running
[2026-09-05T20:16:14.476+0200] {taskinstance.py:732} INFO - ::endgroup::
[2026-09-05T20:16:14.477+0200] {python.py:75} INFO - Poking callable: <function check_for_csv_files at 0x10b42ab60>
[2026-09-05T20:16:14.481+0200] {taskinstance.py:310} INFO - Rescheduling task, marking task as UP_FOR_RESCHEDULE
[2026-09-05T20:16:14.481+0200] {taskinstance.py:341} INFO - ::group::Post task execution logs
[2026-09-05T20:16:14.499+0200] {local_task_job_runner.py:266} INFO - Task exited with return code 0
[2026-09-05T20:16:14.506+0200] {taskinstance.py:3901} INFO - 0 downstream tasks scheduled from follow-on schedule check
[2026-09-05T20:16:14.506+0200] {local_task_job_runner.py:245} INFO - ::endgroup::
[2026-09-05T20:16:46.233+0200] {local_task_job_runner.py:123} INFO - ::group::Pre task execution logs
[2026-09-05T20:16:46.235+0200] {taskinstance.py:2614} INFO - Dependencies all met for dep_context=non-requeueable deps ti=<TaskInstance: mini_riskagent_file_ingestion.wait_for_csv scheduled__2026-09-05T18:12:00+00:00 [queued]>
[2026-09-05T20:16:46.237+0200] {taskinstance.py:2614} INFO - Dependencies all met for dep_context=requeueable deps ti=<TaskInstance: mini_riskagent_file_ingestion.wait_for_csv scheduled__2026-09-05T18:12:00+00:00 [queued]>
[2026-09-05T20:16:46.237+0200] {taskinstance.py:2867} INFO - Starting attempt 1 of 2
[2026-09-05T20:16:46.240+0200] {taskinstance.py:2890} INFO - Executing <Task(PythonSensor): wait_for_csv> on 2026-09-05 18:12:00+00:00
[2026-09-05T20:16:46.244+0200] {logging_mixin.py:190} WARNING - /Users/swarnalidatta/Desktop/AutoQueryChatbot/.airflow-venv/lib/python3.12/site-packages/airflow/task/task_runner/standard_task_runner.py:70 DeprecationWarning: This process (pid=44904) is multi-threaded, use of fork() may lead to deadlocks in the child.
[2026-09-05T20:16:46.245+0200] {standard_task_runner.py:72} INFO - Started process 44906 to run task
[2026-09-05T20:16:46.244+0200] {standard_task_runner.py:104} INFO - Running: ['airflow', 'tasks', 'run', 'mini_riskagent_file_ingestion', 'wait_for_csv', 'scheduled__2026-09-05T18:12:00+00:00', '--job-id', '2547', '--raw', '--subdir', 'DAGS_FOLDER/data_ingest_pipeline.py', '--cfg-path', '/var/folders/5p/201rr1sj03g8gksxm9x48mbh0000gn/T/tmp6j5gud2_']
[2026-09-05T20:16:46.245+0200] {standard_task_runner.py:105} INFO - Job 2547: Subtask wait_for_csv
[2026-09-05T20:16:46.258+0200] {task_command.py:467} INFO - Running <TaskInstance: mini_riskagent_file_ingestion.wait_for_csv scheduled__2026-09-05T18:12:00+00:00 [running]> on host mac.home
[2026-09-05T20:16:46.274+0200] {taskinstance.py:3134} INFO - Exporting env vars: AIRFLOW_CTX_DAG_OWNER='autoquery' AIRFLOW_CTX_DAG_ID='mini_riskagent_file_ingestion' AIRFLOW_CTX_TASK_ID='wait_for_csv' AIRFLOW_CTX_EXECUTION_DATE='2026-09-05T18:12:00+00:00' AIRFLOW_CTX_TRY_NUMBER='1' AIRFLOW_CTX_DAG_RUN_ID='scheduled__2026-09-05T18:12:00+00:00'
[2026-09-05T20:16:46.274+0200] {logging_mixin.py:190} INFO - Task instance is in running state
[2026-09-05T20:16:46.275+0200] {logging_mixin.py:190} INFO -  Previous state of the Task instance: queued
[2026-09-05T20:16:46.275+0200] {logging_mixin.py:190} INFO - Current task name:wait_for_csv state:running start_date:2026-09-05 18:16:46.236052+00:00
[2026-09-05T20:16:46.275+0200] {logging_mixin.py:190} INFO - Dag name:mini_riskagent_file_ingestion and current dag run status:running
[2026-09-05T20:16:46.275+0200] {taskinstance.py:732} INFO - ::endgroup::
[2026-09-05T20:16:46.276+0200] {python.py:75} INFO - Poking callable: <function check_for_csv_files at 0x10d3e6b60>
[2026-09-05T20:16:46.280+0200] {taskinstance.py:310} INFO - Rescheduling task, marking task as UP_FOR_RESCHEDULE
[2026-09-05T20:16:46.280+0200] {taskinstance.py:341} INFO - ::group::Post task execution logs
[2026-09-05T20:16:46.300+0200] {local_task_job_runner.py:266} INFO - Task exited with return code 0
[2026-09-05T20:16:46.307+0200] {taskinstance.py:3901} INFO - 0 downstream tasks scheduled from follow-on schedule check
[2026-09-05T20:16:46.307+0200] {local_task_job_runner.py:245} INFO - ::endgroup::
[2026-09-05T20:17:18.277+0200] {local_task_job_runner.py:123} INFO - ::group::Pre task execution logs
[2026-09-05T20:17:18.280+0200] {taskinstance.py:2614} INFO - Dependencies all met for dep_context=non-requeueable deps ti=<TaskInstance: mini_riskagent_file_ingestion.wait_for_csv scheduled__2026-09-05T18:12:00+00:00 [queued]>
[2026-09-05T20:17:18.282+0200] {taskinstance.py:2614} INFO - Dependencies all met for dep_context=requeueable deps ti=<TaskInstance: mini_riskagent_file_ingestion.wait_for_csv scheduled__2026-09-05T18:12:00+00:00 [queued]>
[2026-09-05T20:17:18.282+0200] {taskinstance.py:2867} INFO - Starting attempt 1 of 2
[2026-09-05T20:17:18.285+0200] {taskinstance.py:2890} INFO - Executing <Task(PythonSensor): wait_for_csv> on 2026-09-05 18:12:00+00:00
[2026-09-05T20:17:18.290+0200] {logging_mixin.py:190} WARNING - /Users/swarnalidatta/Desktop/AutoQueryChatbot/.airflow-venv/lib/python3.12/site-packages/airflow/task/task_runner/standard_task_runner.py:70 DeprecationWarning: This process (pid=45233) is multi-threaded, use of fork() may lead to deadlocks in the child.
[2026-09-05T20:17:18.290+0200] {standard_task_runner.py:72} INFO - Started process 45239 to run task
[2026-09-05T20:17:18.289+0200] {standard_task_runner.py:104} INFO - Running: ['airflow', 'tasks', 'run', 'mini_riskagent_file_ingestion', 'wait_for_csv', 'scheduled__2026-09-05T18:12:00+00:00', '--job-id', '2559', '--raw', '--subdir', 'DAGS_FOLDER/data_ingest_pipeline.py', '--cfg-path', '/var/folders/5p/201rr1sj03g8gksxm9x48mbh0000gn/T/tmp9hlcu0gz']
[2026-09-05T20:17:18.290+0200] {standard_task_runner.py:105} INFO - Job 2559: Subtask wait_for_csv
[2026-09-05T20:17:18.304+0200] {task_command.py:467} INFO - Running <TaskInstance: mini_riskagent_file_ingestion.wait_for_csv scheduled__2026-09-05T18:12:00+00:00 [running]> on host mac.home
[2026-09-05T20:17:18.319+0200] {taskinstance.py:3134} INFO - Exporting env vars: AIRFLOW_CTX_DAG_OWNER='autoquery' AIRFLOW_CTX_DAG_ID='mini_riskagent_file_ingestion' AIRFLOW_CTX_TASK_ID='wait_for_csv' AIRFLOW_CTX_EXECUTION_DATE='2026-09-05T18:12:00+00:00' AIRFLOW_CTX_TRY_NUMBER='1' AIRFLOW_CTX_DAG_RUN_ID='scheduled__2026-09-05T18:12:00+00:00'
[2026-09-05T20:17:18.320+0200] {logging_mixin.py:190} INFO - Task instance is in running state
[2026-09-05T20:17:18.320+0200] {logging_mixin.py:190} INFO -  Previous state of the Task instance: queued
[2026-09-05T20:17:18.320+0200] {logging_mixin.py:190} INFO - Current task name:wait_for_csv state:running start_date:2026-09-05 18:17:18.280994+00:00
[2026-09-05T20:17:18.320+0200] {logging_mixin.py:190} INFO - Dag name:mini_riskagent_file_ingestion and current dag run status:running
[2026-09-05T20:17:18.321+0200] {taskinstance.py:732} INFO - ::endgroup::
[2026-09-05T20:17:18.322+0200] {python.py:75} INFO - Poking callable: <function check_for_csv_files at 0x109152b60>
[2026-09-05T20:17:18.325+0200] {taskinstance.py:310} INFO - Rescheduling task, marking task as UP_FOR_RESCHEDULE
[2026-09-05T20:17:18.325+0200] {taskinstance.py:341} INFO - ::group::Post task execution logs
[2026-09-05T20:17:18.346+0200] {local_task_job_runner.py:266} INFO - Task exited with return code 0
[2026-09-05T20:17:18.352+0200] {taskinstance.py:3901} INFO - 0 downstream tasks scheduled from follow-on schedule check
[2026-09-05T20:17:18.352+0200] {local_task_job_runner.py:245} INFO - ::endgroup::
[2026-09-05T20:17:49.559+0200] {local_task_job_runner.py:123} INFO - ::group::Pre task execution logs
[2026-09-05T20:17:49.562+0200] {taskinstance.py:2614} INFO - Dependencies all met for dep_context=non-requeueable deps ti=<TaskInstance: mini_riskagent_file_ingestion.wait_for_csv scheduled__2026-09-05T18:12:00+00:00 [queued]>
[2026-09-05T20:17:49.563+0200] {taskinstance.py:2614} INFO - Dependencies all met for dep_context=requeueable deps ti=<TaskInstance: mini_riskagent_file_ingestion.wait_for_csv scheduled__2026-09-05T18:12:00+00:00 [queued]>
[2026-09-05T20:17:49.563+0200] {taskinstance.py:2867} INFO - Starting attempt 1 of 2
[2026-09-05T20:17:49.566+0200] {taskinstance.py:2890} INFO - Executing <Task(PythonSensor): wait_for_csv> on 2026-09-05 18:12:00+00:00
[2026-09-05T20:17:49.571+0200] {logging_mixin.py:190} WARNING - /Users/swarnalidatta/Desktop/AutoQueryChatbot/.airflow-venv/lib/python3.12/site-packages/airflow/task/task_runner/standard_task_runner.py:70 DeprecationWarning: This process (pid=45347) is multi-threaded, use of fork() may lead to deadlocks in the child.
[2026-09-05T20:17:49.572+0200] {standard_task_runner.py:72} INFO - Started process 45349 to run task
[2026-09-05T20:17:49.571+0200] {standard_task_runner.py:104} INFO - Running: ['airflow', 'tasks', 'run', 'mini_riskagent_file_ingestion', 'wait_for_csv', 'scheduled__2026-09-05T18:12:00+00:00', '--job-id', '2571', '--raw', '--subdir', 'DAGS_FOLDER/data_ingest_pipeline.py', '--cfg-path', '/var/folders/5p/201rr1sj03g8gksxm9x48mbh0000gn/T/tmp3saxy7zc']
[2026-09-05T20:17:49.572+0200] {standard_task_runner.py:105} INFO - Job 2571: Subtask wait_for_csv
[2026-09-05T20:17:49.586+0200] {task_command.py:467} INFO - Running <TaskInstance: mini_riskagent_file_ingestion.wait_for_csv scheduled__2026-09-05T18:12:00+00:00 [running]> on host mac.home
[2026-09-05T20:17:49.602+0200] {taskinstance.py:3134} INFO - Exporting env vars: AIRFLOW_CTX_DAG_OWNER='autoquery' AIRFLOW_CTX_DAG_ID='mini_riskagent_file_ingestion' AIRFLOW_CTX_TASK_ID='wait_for_csv' AIRFLOW_CTX_EXECUTION_DATE='2026-09-05T18:12:00+00:00' AIRFLOW_CTX_TRY_NUMBER='1' AIRFLOW_CTX_DAG_RUN_ID='scheduled__2026-09-05T18:12:00+00:00'
[2026-09-05T20:17:49.602+0200] {logging_mixin.py:190} INFO - Task instance is in running state
[2026-09-05T20:17:49.602+0200] {logging_mixin.py:190} INFO -  Previous state of the Task instance: queued
[2026-09-05T20:17:49.603+0200] {logging_mixin.py:190} INFO - Current task name:wait_for_csv state:running start_date:2026-09-05 18:17:49.562191+00:00
[2026-09-05T20:17:49.603+0200] {logging_mixin.py:190} INFO - Dag name:mini_riskagent_file_ingestion and current dag run status:running
[2026-09-05T20:17:49.603+0200] {taskinstance.py:732} INFO - ::endgroup::
[2026-09-05T20:17:49.604+0200] {python.py:75} INFO - Poking callable: <function check_for_csv_files at 0x10d046b60>
[2026-09-05T20:17:49.608+0200] {taskinstance.py:310} INFO - Rescheduling task, marking task as UP_FOR_RESCHEDULE
[2026-09-05T20:17:49.608+0200] {taskinstance.py:341} INFO - ::group::Post task execution logs
[2026-09-05T20:17:49.627+0200] {local_task_job_runner.py:266} INFO - Task exited with return code 0
[2026-09-05T20:17:49.634+0200] {taskinstance.py:3901} INFO - 0 downstream tasks scheduled from follow-on schedule check
[2026-09-05T20:17:49.634+0200] {local_task_job_runner.py:245} INFO - ::endgroup::
[2026-09-05T20:18:21.497+0200] {local_task_job_runner.py:123} INFO - ::group::Pre task execution logs
[2026-09-05T20:18:21.500+0200] {taskinstance.py:2614} INFO - Dependencies all met for dep_context=non-requeueable deps ti=<TaskInstance: mini_riskagent_file_ingestion.wait_for_csv scheduled__2026-09-05T18:12:00+00:00 [queued]>
[2026-09-05T20:18:21.501+0200] {taskinstance.py:2614} INFO - Dependencies all met for dep_context=requeueable deps ti=<TaskInstance: mini_riskagent_file_ingestion.wait_for_csv scheduled__2026-09-05T18:12:00+00:00 [queued]>
[2026-09-05T20:18:21.501+0200] {taskinstance.py:2867} INFO - Starting attempt 1 of 2
[2026-09-05T20:18:21.504+0200] {taskinstance.py:2890} INFO - Executing <Task(PythonSensor): wait_for_csv> on 2026-09-05 18:12:00+00:00
[2026-09-05T20:18:21.509+0200] {logging_mixin.py:190} WARNING - /Users/swarnalidatta/Desktop/AutoQueryChatbot/.airflow-venv/lib/python3.12/site-packages/airflow/task/task_runner/standard_task_runner.py:70 DeprecationWarning: This process (pid=45447) is multi-threaded, use of fork() may lead to deadlocks in the child.
[2026-09-05T20:18:21.509+0200] {standard_task_runner.py:72} INFO - Started process 45449 to run task
[2026-09-05T20:18:21.508+0200] {standard_task_runner.py:104} INFO - Running: ['airflow', 'tasks', 'run', 'mini_riskagent_file_ingestion', 'wait_for_csv', 'scheduled__2026-09-05T18:12:00+00:00', '--job-id', '2584', '--raw', '--subdir', 'DAGS_FOLDER/data_ingest_pipeline.py', '--cfg-path', '/var/folders/5p/201rr1sj03g8gksxm9x48mbh0000gn/T/tmp4pejxim8']
[2026-09-05T20:18:21.509+0200] {standard_task_runner.py:105} INFO - Job 2584: Subtask wait_for_csv
[2026-09-05T20:18:21.523+0200] {task_command.py:467} INFO - Running <TaskInstance: mini_riskagent_file_ingestion.wait_for_csv scheduled__2026-09-05T18:12:00+00:00 [running]> on host mac.home
[2026-09-05T20:18:21.540+0200] {taskinstance.py:3134} INFO - Exporting env vars: AIRFLOW_CTX_DAG_OWNER='autoquery' AIRFLOW_CTX_DAG_ID='mini_riskagent_file_ingestion' AIRFLOW_CTX_TASK_ID='wait_for_csv' AIRFLOW_CTX_EXECUTION_DATE='2026-09-05T18:12:00+00:00' AIRFLOW_CTX_TRY_NUMBER='1' AIRFLOW_CTX_DAG_RUN_ID='scheduled__2026-09-05T18:12:00+00:00'
[2026-09-05T20:18:21.540+0200] {logging_mixin.py:190} INFO - Task instance is in running state
[2026-09-05T20:18:21.541+0200] {logging_mixin.py:190} INFO -  Previous state of the Task instance: queued
[2026-09-05T20:18:21.541+0200] {logging_mixin.py:190} INFO - Current task name:wait_for_csv state:running start_date:2026-09-05 18:18:21.500167+00:00
[2026-09-05T20:18:21.541+0200] {logging_mixin.py:190} INFO - Dag name:mini_riskagent_file_ingestion and current dag run status:running
[2026-09-05T20:18:21.541+0200] {taskinstance.py:732} INFO - ::endgroup::
[2026-09-05T20:18:21.543+0200] {python.py:75} INFO - Poking callable: <function check_for_csv_files at 0x10a73eb60>
[2026-09-05T20:18:21.546+0200] {taskinstance.py:310} INFO - Rescheduling task, marking task as UP_FOR_RESCHEDULE
[2026-09-05T20:18:21.546+0200] {taskinstance.py:341} INFO - ::group::Post task execution logs
[2026-09-05T20:18:21.564+0200] {local_task_job_runner.py:266} INFO - Task exited with return code 0
[2026-09-05T20:18:21.571+0200] {taskinstance.py:3901} INFO - 0 downstream tasks scheduled from follow-on schedule check
[2026-09-05T20:18:21.571+0200] {local_task_job_runner.py:245} INFO - ::endgroup::
[2026-09-05T20:18:52.928+0200] {local_task_job_runner.py:123} INFO - ::group::Pre task execution logs
[2026-09-05T20:18:52.932+0200] {taskinstance.py:2614} INFO - Dependencies all met for dep_context=non-requeueable deps ti=<TaskInstance: mini_riskagent_file_ingestion.wait_for_csv scheduled__2026-09-05T18:12:00+00:00 [queued]>
[2026-09-05T20:18:52.933+0200] {taskinstance.py:2614} INFO - Dependencies all met for dep_context=requeueable deps ti=<TaskInstance: mini_riskagent_file_ingestion.wait_for_csv scheduled__2026-09-05T18:12:00+00:00 [queued]>
[2026-09-05T20:18:52.933+0200] {taskinstance.py:2867} INFO - Starting attempt 1 of 2
[2026-09-05T20:18:52.937+0200] {taskinstance.py:2890} INFO - Executing <Task(PythonSensor): wait_for_csv> on 2026-09-05 18:12:00+00:00
[2026-09-05T20:18:52.942+0200] {logging_mixin.py:190} WARNING - /Users/swarnalidatta/Desktop/AutoQueryChatbot/.airflow-venv/lib/python3.12/site-packages/airflow/task/task_runner/standard_task_runner.py:70 DeprecationWarning: This process (pid=45551) is multi-threaded, use of fork() may lead to deadlocks in the child.
[2026-09-05T20:18:52.942+0200] {standard_task_runner.py:72} INFO - Started process 45553 to run task
[2026-09-05T20:18:52.942+0200] {standard_task_runner.py:104} INFO - Running: ['airflow', 'tasks', 'run', 'mini_riskagent_file_ingestion', 'wait_for_csv', 'scheduled__2026-09-05T18:12:00+00:00', '--job-id', '2597', '--raw', '--subdir', 'DAGS_FOLDER/data_ingest_pipeline.py', '--cfg-path', '/var/folders/5p/201rr1sj03g8gksxm9x48mbh0000gn/T/tmpwo9bhuk5']
[2026-09-05T20:18:52.943+0200] {standard_task_runner.py:105} INFO - Job 2597: Subtask wait_for_csv
[2026-09-05T20:18:52.960+0200] {task_command.py:467} INFO - Running <TaskInstance: mini_riskagent_file_ingestion.wait_for_csv scheduled__2026-09-05T18:12:00+00:00 [running]> on host mac.home
[2026-09-05T20:18:52.981+0200] {taskinstance.py:3134} INFO - Exporting env vars: AIRFLOW_CTX_DAG_OWNER='autoquery' AIRFLOW_CTX_DAG_ID='mini_riskagent_file_ingestion' AIRFLOW_CTX_TASK_ID='wait_for_csv' AIRFLOW_CTX_EXECUTION_DATE='2026-09-05T18:12:00+00:00' AIRFLOW_CTX_TRY_NUMBER='1' AIRFLOW_CTX_DAG_RUN_ID='scheduled__2026-09-05T18:12:00+00:00'
[2026-09-05T20:18:52.982+0200] {logging_mixin.py:190} INFO - Task instance is in running state
[2026-09-05T20:18:52.982+0200] {logging_mixin.py:190} INFO -  Previous state of the Task instance: queued
[2026-09-05T20:18:52.982+0200] {logging_mixin.py:190} INFO - Current task name:wait_for_csv state:running start_date:2026-09-05 18:18:52.932150+00:00
[2026-09-05T20:18:52.982+0200] {logging_mixin.py:190} INFO - Dag name:mini_riskagent_file_ingestion and current dag run status:running
[2026-09-05T20:18:52.983+0200] {taskinstance.py:732} INFO - ::endgroup::
[2026-09-05T20:18:52.985+0200] {python.py:75} INFO - Poking callable: <function check_for_csv_files at 0x1090eab60>
[2026-09-05T20:18:52.989+0200] {taskinstance.py:310} INFO - Rescheduling task, marking task as UP_FOR_RESCHEDULE
[2026-09-05T20:18:52.989+0200] {taskinstance.py:341} INFO - ::group::Post task execution logs
[2026-09-05T20:18:52.997+0200] {local_task_job_runner.py:266} INFO - Task exited with return code 0
[2026-09-05T20:18:53.005+0200] {taskinstance.py:3901} INFO - 0 downstream tasks scheduled from follow-on schedule check
[2026-09-05T20:18:53.006+0200] {local_task_job_runner.py:245} INFO - ::endgroup::
[2026-09-05T20:19:24.448+0200] {local_task_job_runner.py:123} INFO - ::group::Pre task execution logs
[2026-09-05T20:19:24.451+0200] {taskinstance.py:2614} INFO - Dependencies all met for dep_context=non-requeueable deps ti=<TaskInstance: mini_riskagent_file_ingestion.wait_for_csv scheduled__2026-09-05T18:12:00+00:00 [queued]>
[2026-09-05T20:19:24.453+0200] {taskinstance.py:2614} INFO - Dependencies all met for dep_context=requeueable deps ti=<TaskInstance: mini_riskagent_file_ingestion.wait_for_csv scheduled__2026-09-05T18:12:00+00:00 [queued]>
[2026-09-05T20:19:24.453+0200] {taskinstance.py:2867} INFO - Starting attempt 1 of 2
[2026-09-05T20:19:24.456+0200] {taskinstance.py:2890} INFO - Executing <Task(PythonSensor): wait_for_csv> on 2026-09-05 18:12:00+00:00
[2026-09-05T20:19:24.460+0200] {logging_mixin.py:190} WARNING - /Users/swarnalidatta/Desktop/AutoQueryChatbot/.airflow-venv/lib/python3.12/site-packages/airflow/task/task_runner/standard_task_runner.py:70 DeprecationWarning: This process (pid=45658) is multi-threaded, use of fork() may lead to deadlocks in the child.
[2026-09-05T20:19:24.460+0200] {standard_task_runner.py:72} INFO - Started process 45660 to run task
[2026-09-05T20:19:24.460+0200] {standard_task_runner.py:104} INFO - Running: ['airflow', 'tasks', 'run', 'mini_riskagent_file_ingestion', 'wait_for_csv', 'scheduled__2026-09-05T18:12:00+00:00', '--job-id', '2611', '--raw', '--subdir', 'DAGS_FOLDER/data_ingest_pipeline.py', '--cfg-path', '/var/folders/5p/201rr1sj03g8gksxm9x48mbh0000gn/T/tmpyr08oguz']
[2026-09-05T20:19:24.461+0200] {standard_task_runner.py:105} INFO - Job 2611: Subtask wait_for_csv
[2026-09-05T20:19:24.474+0200] {task_command.py:467} INFO - Running <TaskInstance: mini_riskagent_file_ingestion.wait_for_csv scheduled__2026-09-05T18:12:00+00:00 [running]> on host mac.home
[2026-09-05T20:19:24.490+0200] {taskinstance.py:3134} INFO - Exporting env vars: AIRFLOW_CTX_DAG_OWNER='autoquery' AIRFLOW_CTX_DAG_ID='mini_riskagent_file_ingestion' AIRFLOW_CTX_TASK_ID='wait_for_csv' AIRFLOW_CTX_EXECUTION_DATE='2026-09-05T18:12:00+00:00' AIRFLOW_CTX_TRY_NUMBER='1' AIRFLOW_CTX_DAG_RUN_ID='scheduled__2026-09-05T18:12:00+00:00'
[2026-09-05T20:19:24.490+0200] {logging_mixin.py:190} INFO - Task instance is in running state
[2026-09-05T20:19:24.491+0200] {logging_mixin.py:190} INFO -  Previous state of the Task instance: queued
[2026-09-05T20:19:24.491+0200] {logging_mixin.py:190} INFO - Current task name:wait_for_csv state:running start_date:2026-09-05 18:19:24.451696+00:00
[2026-09-05T20:19:24.491+0200] {logging_mixin.py:190} INFO - Dag name:mini_riskagent_file_ingestion and current dag run status:running
[2026-09-05T20:19:24.491+0200] {taskinstance.py:732} INFO - ::endgroup::
[2026-09-05T20:19:24.493+0200] {python.py:75} INFO - Poking callable: <function check_for_csv_files at 0x115726b60>
[2026-09-05T20:19:24.496+0200] {taskinstance.py:310} INFO - Rescheduling task, marking task as UP_FOR_RESCHEDULE
[2026-09-05T20:19:24.496+0200] {taskinstance.py:341} INFO - ::group::Post task execution logs
[2026-09-05T20:19:24.516+0200] {local_task_job_runner.py:266} INFO - Task exited with return code 0
[2026-09-05T20:19:24.522+0200] {taskinstance.py:3901} INFO - 0 downstream tasks scheduled from follow-on schedule check
[2026-09-05T20:19:24.523+0200] {local_task_job_runner.py:245} INFO - ::endgroup::
[2026-09-05T20:19:56.814+0200] {local_task_job_runner.py:123} INFO - ::group::Pre task execution logs
[2026-09-05T20:19:56.817+0200] {taskinstance.py:2614} INFO - Dependencies all met for dep_context=non-requeueable deps ti=<TaskInstance: mini_riskagent_file_ingestion.wait_for_csv scheduled__2026-09-05T18:12:00+00:00 [queued]>
[2026-09-05T20:19:56.819+0200] {taskinstance.py:2614} INFO - Dependencies all met for dep_context=requeueable deps ti=<TaskInstance: mini_riskagent_file_ingestion.wait_for_csv scheduled__2026-09-05T18:12:00+00:00 [queued]>
[2026-09-05T20:19:56.819+0200] {taskinstance.py:2867} INFO - Starting attempt 1 of 2
[2026-09-05T20:19:56.823+0200] {taskinstance.py:2890} INFO - Executing <Task(PythonSensor): wait_for_csv> on 2026-09-05 18:12:00+00:00
[2026-09-05T20:19:56.828+0200] {logging_mixin.py:190} WARNING - /Users/swarnalidatta/Desktop/AutoQueryChatbot/.airflow-venv/lib/python3.12/site-packages/airflow/task/task_runner/standard_task_runner.py:70 DeprecationWarning: This process (pid=45776) is multi-threaded, use of fork() may lead to deadlocks in the child.
[2026-09-05T20:19:56.829+0200] {standard_task_runner.py:72} INFO - Started process 45778 to run task
[2026-09-05T20:19:56.832+0200] {standard_task_runner.py:104} INFO - Running: ['airflow', 'tasks', 'run', 'mini_riskagent_file_ingestion', 'wait_for_csv', 'scheduled__2026-09-05T18:12:00+00:00', '--job-id', '2625', '--raw', '--subdir', 'DAGS_FOLDER/data_ingest_pipeline.py', '--cfg-path', '/var/folders/5p/201rr1sj03g8gksxm9x48mbh0000gn/T/tmpj54blptd']
[2026-09-05T20:19:56.833+0200] {standard_task_runner.py:105} INFO - Job 2625: Subtask wait_for_csv
[2026-09-05T20:19:56.848+0200] {task_command.py:467} INFO - Running <TaskInstance: mini_riskagent_file_ingestion.wait_for_csv scheduled__2026-09-05T18:12:00+00:00 [running]> on host mac.home
[2026-09-05T20:19:56.866+0200] {taskinstance.py:3134} INFO - Exporting env vars: AIRFLOW_CTX_DAG_OWNER='autoquery' AIRFLOW_CTX_DAG_ID='mini_riskagent_file_ingestion' AIRFLOW_CTX_TASK_ID='wait_for_csv' AIRFLOW_CTX_EXECUTION_DATE='2026-09-05T18:12:00+00:00' AIRFLOW_CTX_TRY_NUMBER='1' AIRFLOW_CTX_DAG_RUN_ID='scheduled__2026-09-05T18:12:00+00:00'
[2026-09-05T20:19:56.867+0200] {logging_mixin.py:190} INFO - Task instance is in running state
[2026-09-05T20:19:56.867+0200] {logging_mixin.py:190} INFO -  Previous state of the Task instance: queued
[2026-09-05T20:19:56.867+0200] {logging_mixin.py:190} INFO - Current task name:wait_for_csv state:running start_date:2026-09-05 18:19:56.817993+00:00
[2026-09-05T20:19:56.868+0200] {logging_mixin.py:190} INFO - Dag name:mini_riskagent_file_ingestion and current dag run status:running
[2026-09-05T20:19:56.868+0200] {taskinstance.py:732} INFO - ::endgroup::
[2026-09-05T20:19:56.870+0200] {python.py:75} INFO - Poking callable: <function check_for_csv_files at 0x109126b60>
[2026-09-05T20:19:56.873+0200] {taskinstance.py:310} INFO - Rescheduling task, marking task as UP_FOR_RESCHEDULE
[2026-09-05T20:19:56.873+0200] {taskinstance.py:341} INFO - ::group::Post task execution logs
[2026-09-05T20:19:56.884+0200] {local_task_job_runner.py:266} INFO - Task exited with return code 0
[2026-09-05T20:19:56.891+0200] {taskinstance.py:3901} INFO - 0 downstream tasks scheduled from follow-on schedule check
[2026-09-05T20:19:56.891+0200] {local_task_job_runner.py:245} INFO - ::endgroup::
[2026-09-05T20:20:29.439+0200] {local_task_job_runner.py:123} INFO - ::group::Pre task execution logs
[2026-09-05T20:20:29.441+0200] {taskinstance.py:2614} INFO - Dependencies all met for dep_context=non-requeueable deps ti=<TaskInstance: mini_riskagent_file_ingestion.wait_for_csv scheduled__2026-09-05T18:12:00+00:00 [queued]>
[2026-09-05T20:20:29.443+0200] {taskinstance.py:2614} INFO - Dependencies all met for dep_context=requeueable deps ti=<TaskInstance: mini_riskagent_file_ingestion.wait_for_csv scheduled__2026-09-05T18:12:00+00:00 [queued]>
[2026-09-05T20:20:29.443+0200] {taskinstance.py:2867} INFO - Starting attempt 1 of 2
[2026-09-05T20:20:29.446+0200] {taskinstance.py:2890} INFO - Executing <Task(PythonSensor): wait_for_csv> on 2026-09-05 18:12:00+00:00
[2026-09-05T20:20:29.450+0200] {logging_mixin.py:190} WARNING - /Users/swarnalidatta/Desktop/AutoQueryChatbot/.airflow-venv/lib/python3.12/site-packages/airflow/task/task_runner/standard_task_runner.py:70 DeprecationWarning: This process (pid=45887) is multi-threaded, use of fork() may lead to deadlocks in the child.
[2026-09-05T20:20:29.451+0200] {standard_task_runner.py:72} INFO - Started process 45889 to run task
[2026-09-05T20:20:29.450+0200] {standard_task_runner.py:104} INFO - Running: ['airflow', 'tasks', 'run', 'mini_riskagent_file_ingestion', 'wait_for_csv', 'scheduled__2026-09-05T18:12:00+00:00', '--job-id', '2640', '--raw', '--subdir', 'DAGS_FOLDER/data_ingest_pipeline.py', '--cfg-path', '/var/folders/5p/201rr1sj03g8gksxm9x48mbh0000gn/T/tmpvk7xr453']
[2026-09-05T20:20:29.451+0200] {standard_task_runner.py:105} INFO - Job 2640: Subtask wait_for_csv
[2026-09-05T20:20:29.466+0200] {task_command.py:467} INFO - Running <TaskInstance: mini_riskagent_file_ingestion.wait_for_csv scheduled__2026-09-05T18:12:00+00:00 [running]> on host mac.home
[2026-09-05T20:20:29.483+0200] {taskinstance.py:3134} INFO - Exporting env vars: AIRFLOW_CTX_DAG_OWNER='autoquery' AIRFLOW_CTX_DAG_ID='mini_riskagent_file_ingestion' AIRFLOW_CTX_TASK_ID='wait_for_csv' AIRFLOW_CTX_EXECUTION_DATE='2026-09-05T18:12:00+00:00' AIRFLOW_CTX_TRY_NUMBER='1' AIRFLOW_CTX_DAG_RUN_ID='scheduled__2026-09-05T18:12:00+00:00'
[2026-09-05T20:20:29.483+0200] {logging_mixin.py:190} INFO - Task instance is in running state
[2026-09-05T20:20:29.483+0200] {logging_mixin.py:190} INFO -  Previous state of the Task instance: queued
[2026-09-05T20:20:29.483+0200] {logging_mixin.py:190} INFO - Current task name:wait_for_csv state:running start_date:2026-09-05 18:20:29.441877+00:00
[2026-09-05T20:20:29.484+0200] {logging_mixin.py:190} INFO - Dag name:mini_riskagent_file_ingestion and current dag run status:running
[2026-09-05T20:20:29.484+0200] {taskinstance.py:732} INFO - ::endgroup::
[2026-09-05T20:20:29.485+0200] {python.py:75} INFO - Poking callable: <function check_for_csv_files at 0x10923eb60>
[2026-09-05T20:20:29.488+0200] {taskinstance.py:310} INFO - Rescheduling task, marking task as UP_FOR_RESCHEDULE
[2026-09-05T20:20:29.489+0200] {taskinstance.py:341} INFO - ::group::Post task execution logs
[2026-09-05T20:20:29.506+0200] {local_task_job_runner.py:266} INFO - Task exited with return code 0
[2026-09-05T20:20:29.513+0200] {taskinstance.py:3901} INFO - 0 downstream tasks scheduled from follow-on schedule check
[2026-09-05T20:20:29.513+0200] {local_task_job_runner.py:245} INFO - ::endgroup::
[2026-09-05T20:21:01.794+0200] {local_task_job_runner.py:123} INFO - ::group::Pre task execution logs
[2026-09-05T20:21:01.796+0200] {taskinstance.py:2614} INFO - Dependencies all met for dep_context=non-requeueable deps ti=<TaskInstance: mini_riskagent_file_ingestion.wait_for_csv scheduled__2026-09-05T18:12:00+00:00 [queued]>
[2026-09-05T20:21:01.798+0200] {taskinstance.py:2614} INFO - Dependencies all met for dep_context=requeueable deps ti=<TaskInstance: mini_riskagent_file_ingestion.wait_for_csv scheduled__2026-09-05T18:12:00+00:00 [queued]>
[2026-09-05T20:21:01.798+0200] {taskinstance.py:2867} INFO - Starting attempt 1 of 2
[2026-09-05T20:21:01.801+0200] {taskinstance.py:2890} INFO - Executing <Task(PythonSensor): wait_for_csv> on 2026-09-05 18:12:00+00:00
[2026-09-05T20:21:01.806+0200] {logging_mixin.py:190} WARNING - /Users/swarnalidatta/Desktop/AutoQueryChatbot/.airflow-venv/lib/python3.12/site-packages/airflow/task/task_runner/standard_task_runner.py:70 DeprecationWarning: This process (pid=45998) is multi-threaded, use of fork() may lead to deadlocks in the child.
[2026-09-05T20:21:01.806+0200] {standard_task_runner.py:72} INFO - Started process 46004 to run task
[2026-09-05T20:21:01.805+0200] {standard_task_runner.py:104} INFO - Running: ['airflow', 'tasks', 'run', 'mini_riskagent_file_ingestion', 'wait_for_csv', 'scheduled__2026-09-05T18:12:00+00:00', '--job-id', '2655', '--raw', '--subdir', 'DAGS_FOLDER/data_ingest_pipeline.py', '--cfg-path', '/var/folders/5p/201rr1sj03g8gksxm9x48mbh0000gn/T/tmpln893m42']
[2026-09-05T20:21:01.806+0200] {standard_task_runner.py:105} INFO - Job 2655: Subtask wait_for_csv
[2026-09-05T20:21:01.820+0200] {task_command.py:467} INFO - Running <TaskInstance: mini_riskagent_file_ingestion.wait_for_csv scheduled__2026-09-05T18:12:00+00:00 [running]> on host mac.home
[2026-09-05T20:21:01.836+0200] {taskinstance.py:3134} INFO - Exporting env vars: AIRFLOW_CTX_DAG_OWNER='autoquery' AIRFLOW_CTX_DAG_ID='mini_riskagent_file_ingestion' AIRFLOW_CTX_TASK_ID='wait_for_csv' AIRFLOW_CTX_EXECUTION_DATE='2026-09-05T18:12:00+00:00' AIRFLOW_CTX_TRY_NUMBER='1' AIRFLOW_CTX_DAG_RUN_ID='scheduled__2026-09-05T18:12:00+00:00'
[2026-09-05T20:21:01.837+0200] {logging_mixin.py:190} INFO - Task instance is in running state
[2026-09-05T20:21:01.837+0200] {logging_mixin.py:190} INFO -  Previous state of the Task instance: queued
[2026-09-05T20:21:01.837+0200] {logging_mixin.py:190} INFO - Current task name:wait_for_csv state:running start_date:2026-09-05 18:21:01.796940+00:00
[2026-09-05T20:21:01.837+0200] {logging_mixin.py:190} INFO - Dag name:mini_riskagent_file_ingestion and current dag run status:running
[2026-09-05T20:21:01.838+0200] {taskinstance.py:732} INFO - ::endgroup::
[2026-09-05T20:21:01.839+0200] {python.py:75} INFO - Poking callable: <function check_for_csv_files at 0x10cfb6b60>
[2026-09-05T20:21:01.843+0200] {taskinstance.py:310} INFO - Rescheduling task, marking task as UP_FOR_RESCHEDULE
[2026-09-05T20:21:01.843+0200] {taskinstance.py:341} INFO - ::group::Post task execution logs
[2026-09-05T20:21:01.862+0200] {local_task_job_runner.py:266} INFO - Task exited with return code 0
[2026-09-05T20:21:01.868+0200] {taskinstance.py:3901} INFO - 0 downstream tasks scheduled from follow-on schedule check
[2026-09-05T20:21:01.868+0200] {local_task_job_runner.py:245} INFO - ::endgroup::
[2026-09-05T20:21:33.321+0200] {local_task_job_runner.py:123} INFO - ::group::Pre task execution logs
[2026-09-05T20:21:33.324+0200] {taskinstance.py:2614} INFO - Dependencies all met for dep_context=non-requeueable deps ti=<TaskInstance: mini_riskagent_file_ingestion.wait_for_csv scheduled__2026-09-05T18:12:00+00:00 [queued]>
[2026-09-05T20:21:33.326+0200] {taskinstance.py:2614} INFO - Dependencies all met for dep_context=requeueable deps ti=<TaskInstance: mini_riskagent_file_ingestion.wait_for_csv scheduled__2026-09-05T18:12:00+00:00 [queued]>
[2026-09-05T20:21:33.326+0200] {taskinstance.py:2867} INFO - Starting attempt 1 of 2
[2026-09-05T20:21:33.329+0200] {taskinstance.py:2890} INFO - Executing <Task(PythonSensor): wait_for_csv> on 2026-09-05 18:12:00+00:00
[2026-09-05T20:21:33.334+0200] {logging_mixin.py:190} WARNING - /Users/swarnalidatta/Desktop/AutoQueryChatbot/.airflow-venv/lib/python3.12/site-packages/airflow/task/task_runner/standard_task_runner.py:70 DeprecationWarning: This process (pid=46107) is multi-threaded, use of fork() may lead to deadlocks in the child.
[2026-09-05T20:21:33.334+0200] {standard_task_runner.py:72} INFO - Started process 46109 to run task
[2026-09-05T20:21:33.334+0200] {standard_task_runner.py:104} INFO - Running: ['airflow', 'tasks', 'run', 'mini_riskagent_file_ingestion', 'wait_for_csv', 'scheduled__2026-09-05T18:12:00+00:00', '--job-id', '2671', '--raw', '--subdir', 'DAGS_FOLDER/data_ingest_pipeline.py', '--cfg-path', '/var/folders/5p/201rr1sj03g8gksxm9x48mbh0000gn/T/tmp9xhm5wzp']
[2026-09-05T20:21:33.334+0200] {standard_task_runner.py:105} INFO - Job 2671: Subtask wait_for_csv
[2026-09-05T20:21:33.348+0200] {task_command.py:467} INFO - Running <TaskInstance: mini_riskagent_file_ingestion.wait_for_csv scheduled__2026-09-05T18:12:00+00:00 [running]> on host mac.home
[2026-09-05T20:21:33.364+0200] {taskinstance.py:3134} INFO - Exporting env vars: AIRFLOW_CTX_DAG_OWNER='autoquery' AIRFLOW_CTX_DAG_ID='mini_riskagent_file_ingestion' AIRFLOW_CTX_TASK_ID='wait_for_csv' AIRFLOW_CTX_EXECUTION_DATE='2026-09-05T18:12:00+00:00' AIRFLOW_CTX_TRY_NUMBER='1' AIRFLOW_CTX_DAG_RUN_ID='scheduled__2026-09-05T18:12:00+00:00'
[2026-09-05T20:21:33.364+0200] {logging_mixin.py:190} INFO - Task instance is in running state
[2026-09-05T20:21:33.365+0200] {logging_mixin.py:190} INFO -  Previous state of the Task instance: queued
[2026-09-05T20:21:33.365+0200] {logging_mixin.py:190} INFO - Current task name:wait_for_csv state:running start_date:2026-09-05 18:21:33.324654+00:00
[2026-09-05T20:21:33.365+0200] {logging_mixin.py:190} INFO - Dag name:mini_riskagent_file_ingestion and current dag run status:running
[2026-09-05T20:21:33.365+0200] {taskinstance.py:732} INFO - ::endgroup::
[2026-09-05T20:21:33.367+0200] {python.py:75} INFO - Poking callable: <function check_for_csv_files at 0x10b46eb60>
[2026-09-05T20:21:33.370+0200] {taskinstance.py:310} INFO - Rescheduling task, marking task as UP_FOR_RESCHEDULE
[2026-09-05T20:21:33.370+0200] {taskinstance.py:341} INFO - ::group::Post task execution logs
[2026-09-05T20:21:33.390+0200] {local_task_job_runner.py:266} INFO - Task exited with return code 0
[2026-09-05T20:21:33.397+0200] {taskinstance.py:3901} INFO - 0 downstream tasks scheduled from follow-on schedule check
[2026-09-05T20:21:33.397+0200] {local_task_job_runner.py:245} INFO - ::endgroup::
[2026-09-05T20:22:05.992+0200] {local_task_job_runner.py:123} INFO - ::group::Pre task execution logs
[2026-09-05T20:22:05.994+0200] {taskinstance.py:2614} INFO - Dependencies all met for dep_context=non-requeueable deps ti=<TaskInstance: mini_riskagent_file_ingestion.wait_for_csv scheduled__2026-09-05T18:12:00+00:00 [queued]>
[2026-09-05T20:22:05.996+0200] {taskinstance.py:2614} INFO - Dependencies all met for dep_context=requeueable deps ti=<TaskInstance: mini_riskagent_file_ingestion.wait_for_csv scheduled__2026-09-05T18:12:00+00:00 [queued]>
[2026-09-05T20:22:05.996+0200] {taskinstance.py:2867} INFO - Starting attempt 1 of 2
[2026-09-05T20:22:05.999+0200] {taskinstance.py:2890} INFO - Executing <Task(PythonSensor): wait_for_csv> on 2026-09-05 18:12:00+00:00
[2026-09-05T20:22:06.003+0200] {logging_mixin.py:190} WARNING - /Users/swarnalidatta/Desktop/AutoQueryChatbot/.airflow-venv/lib/python3.12/site-packages/airflow/task/task_runner/standard_task_runner.py:70 DeprecationWarning: This process (pid=46218) is multi-threaded, use of fork() may lead to deadlocks in the child.
[2026-09-05T20:22:06.004+0200] {standard_task_runner.py:72} INFO - Started process 46220 to run task
[2026-09-05T20:22:06.003+0200] {standard_task_runner.py:104} INFO - Running: ['airflow', 'tasks', 'run', 'mini_riskagent_file_ingestion', 'wait_for_csv', 'scheduled__2026-09-05T18:12:00+00:00', '--job-id', '2690', '--raw', '--subdir', 'DAGS_FOLDER/data_ingest_pipeline.py', '--cfg-path', '/var/folders/5p/201rr1sj03g8gksxm9x48mbh0000gn/T/tmp4l9pws8h']
[2026-09-05T20:22:06.004+0200] {standard_task_runner.py:105} INFO - Job 2690: Subtask wait_for_csv
[2026-09-05T20:22:06.019+0200] {task_command.py:467} INFO - Running <TaskInstance: mini_riskagent_file_ingestion.wait_for_csv scheduled__2026-09-05T18:12:00+00:00 [running]> on host mac.home
[2026-09-05T20:22:06.036+0200] {taskinstance.py:3134} INFO - Exporting env vars: AIRFLOW_CTX_DAG_OWNER='autoquery' AIRFLOW_CTX_DAG_ID='mini_riskagent_file_ingestion' AIRFLOW_CTX_TASK_ID='wait_for_csv' AIRFLOW_CTX_EXECUTION_DATE='2026-09-05T18:12:00+00:00' AIRFLOW_CTX_TRY_NUMBER='1' AIRFLOW_CTX_DAG_RUN_ID='scheduled__2026-09-05T18:12:00+00:00'
[2026-09-05T20:22:06.036+0200] {logging_mixin.py:190} INFO - Task instance is in running state
[2026-09-05T20:22:06.036+0200] {logging_mixin.py:190} INFO -  Previous state of the Task instance: queued
[2026-09-05T20:22:06.036+0200] {logging_mixin.py:190} INFO - Current task name:wait_for_csv state:running start_date:2026-09-05 18:22:05.995011+00:00
[2026-09-05T20:22:06.037+0200] {logging_mixin.py:190} INFO - Dag name:mini_riskagent_file_ingestion and current dag run status:running
[2026-09-05T20:22:06.037+0200] {taskinstance.py:732} INFO - ::endgroup::
[2026-09-05T20:22:06.038+0200] {python.py:75} INFO - Poking callable: <function check_for_csv_files at 0x10b3b2b60>
[2026-09-05T20:22:06.038+0200] {base.py:339} INFO - Success criteria met. Exiting.
[2026-09-05T20:22:06.040+0200] {taskinstance.py:341} INFO - ::group::Post task execution logs
[2026-09-05T20:22:06.040+0200] {taskinstance.py:353} INFO - Marking task as SUCCESS. dag_id=mini_riskagent_file_ingestion, task_id=wait_for_csv, run_id=scheduled__2026-09-05T18:12:00+00:00, execution_date=20260905T181200, start_date=20260905T182205, end_date=20260905T182206
[2026-09-05T20:22:06.044+0200] {logging_mixin.py:190} INFO - Task instance in success state
[2026-09-05T20:22:06.044+0200] {logging_mixin.py:190} INFO -  Previous state of the Task instance: running
[2026-09-05T20:22:06.044+0200] {logging_mixin.py:190} INFO - Dag name:mini_riskagent_file_ingestion queued_at:2026-09-05 18:13:02.205672+00:00
[2026-09-05T20:22:06.044+0200] {logging_mixin.py:190} INFO - Task hostname:mac.home operator:PythonSensor
[2026-09-05T20:22:06.059+0200] {local_task_job_runner.py:266} INFO - Task exited with return code 0
[2026-09-05T20:22:06.067+0200] {taskinstance.py:3901} INFO - 1 downstream tasks scheduled from follow-on schedule check
[2026-09-05T20:22:06.068+0200] {local_task_job_runner.py:245} INFO - ::endgroup::
