[2026-09-21T11:56:11.284+0200] {local_task_job_runner.py:123} INFO - ::group::Pre task execution logs
[2026-09-21T11:56:11.287+0200] {taskinstance.py:2614} INFO - Dependencies all met for dep_context=non-requeueable deps ti=<TaskInstance: mini_riskagent_file_ingestion.wait_for_csv scheduled__2026-09-21T09:37:00+00:00 [queued]>
[2026-09-21T11:56:11.288+0200] {taskinstance.py:2614} INFO - Dependencies all met for dep_context=requeueable deps ti=<TaskInstance: mini_riskagent_file_ingestion.wait_for_csv scheduled__2026-09-21T09:37:00+00:00 [queued]>
[2026-09-21T11:56:11.288+0200] {taskinstance.py:2867} INFO - Starting attempt 1 of 2
[2026-09-21T11:56:11.291+0200] {taskinstance.py:2890} INFO - Executing <Task(PythonSensor): wait_for_csv> on 2026-09-21 09:37:00+00:00
[2026-09-21T11:56:11.295+0200] {logging_mixin.py:190} WARNING - /Users/swarnalidatta/Desktop/AutoQueryChatbot/.airflow-venv/lib/python3.12/site-packages/airflow/task/task_runner/standard_task_runner.py:70 DeprecationWarning: This process (pid=8506) is multi-threaded, use of fork() may lead to deadlocks in the child.
[2026-09-21T11:56:11.296+0200] {standard_task_runner.py:72} INFO - Started process 8508 to run task
[2026-09-21T11:56:11.295+0200] {standard_task_runner.py:104} INFO - Running: ['airflow', 'tasks', 'run', 'mini_riskagent_file_ingestion', 'wait_for_csv', 'scheduled__2026-09-21T09:37:00+00:00', '--job-id', '4871', '--raw', '--subdir', 'DAGS_FOLDER/data_ingest_pipeline.py', '--cfg-path', '/var/folders/5p/201rr1sj03g8gksxm9x48mbh0000gn/T/tmp0l30ghc1']
[2026-09-21T11:56:11.296+0200] {standard_task_runner.py:105} INFO - Job 4871: Subtask wait_for_csv
[2026-09-21T11:56:11.309+0200] {task_command.py:467} INFO - Running <TaskInstance: mini_riskagent_file_ingestion.wait_for_csv scheduled__2026-09-21T09:37:00+00:00 [running]> on host mac.home
[2026-09-21T11:56:11.324+0200] {taskinstance.py:3134} INFO - Exporting env vars: AIRFLOW_CTX_DAG_OWNER='autoquery' AIRFLOW_CTX_DAG_ID='mini_riskagent_file_ingestion' AIRFLOW_CTX_TASK_ID='wait_for_csv' AIRFLOW_CTX_EXECUTION_DATE='2026-09-21T09:37:00+00:00' AIRFLOW_CTX_TRY_NUMBER='1' AIRFLOW_CTX_DAG_RUN_ID='scheduled__2026-09-21T09:37:00+00:00'
[2026-09-21T11:56:11.324+0200] {logging_mixin.py:190} INFO - Task instance is in running state
[2026-09-21T11:56:11.324+0200] {logging_mixin.py:190} INFO -  Previous state of the Task instance: queued
[2026-09-21T11:56:11.325+0200] {logging_mixin.py:190} INFO - Current task name:wait_for_csv state:running start_date:2026-09-21 09:56:11.287180+00:00
[2026-09-21T11:56:11.325+0200] {logging_mixin.py:190} INFO - Dag name:mini_riskagent_file_ingestion and current dag run status:running
[2026-09-21T11:56:11.325+0200] {taskinstance.py:732} INFO - ::endgroup::
[2026-09-21T11:56:11.326+0200] {python.py:75} INFO - Poking callable: <function check_for_csv_files at 0x10d1eeb60>
[2026-09-21T11:56:11.329+0200] {taskinstance.py:310} INFO - Rescheduling task, marking task as UP_FOR_RESCHEDULE
[2026-09-21T11:56:11.329+0200] {taskinstance.py:341} INFO - ::group::Post task execution logs
[2026-09-21T11:56:11.355+0200] {local_task_job_runner.py:266} INFO - Task exited with return code 0
[2026-09-21T11:56:11.361+0200] {taskinstance.py:3901} INFO - 0 downstream tasks scheduled from follow-on schedule check
[2026-09-21T11:56:11.362+0200] {local_task_job_runner.py:245} INFO - ::endgroup::
[2026-09-21T12:06:01.274+0200] {local_task_job_runner.py:123} INFO - ::group::Pre task execution logs
[2026-09-21T12:06:01.276+0200] {taskinstance.py:2614} INFO - Dependencies all met for dep_context=non-requeueable deps ti=<TaskInstance: mini_riskagent_file_ingestion.wait_for_csv scheduled__2026-09-21T09:37:00+00:00 [queued]>
[2026-09-21T12:06:01.278+0200] {taskinstance.py:2614} INFO - Dependencies all met for dep_context=requeueable deps ti=<TaskInstance: mini_riskagent_file_ingestion.wait_for_csv scheduled__2026-09-21T09:37:00+00:00 [queued]>
[2026-09-21T12:06:01.278+0200] {taskinstance.py:2867} INFO - Starting attempt 1 of 2
[2026-09-21T12:06:01.281+0200] {taskinstance.py:2890} INFO - Executing <Task(PythonSensor): wait_for_csv> on 2026-09-21 09:37:00+00:00
[2026-09-21T12:06:01.285+0200] {logging_mixin.py:190} WARNING - /Users/swarnalidatta/Desktop/AutoQueryChatbot/.airflow-venv/lib/python3.12/site-packages/airflow/task/task_runner/standard_task_runner.py:70 DeprecationWarning: This process (pid=8522) is multi-threaded, use of fork() may lead to deadlocks in the child.
[2026-09-21T12:06:01.286+0200] {standard_task_runner.py:72} INFO - Started process 8524 to run task
[2026-09-21T12:06:01.285+0200] {standard_task_runner.py:104} INFO - Running: ['airflow', 'tasks', 'run', 'mini_riskagent_file_ingestion', 'wait_for_csv', 'scheduled__2026-09-21T09:37:00+00:00', '--job-id', '4872', '--raw', '--subdir', 'DAGS_FOLDER/data_ingest_pipeline.py', '--cfg-path', '/var/folders/5p/201rr1sj03g8gksxm9x48mbh0000gn/T/tmpdah5g1rk']
[2026-09-21T12:06:01.286+0200] {standard_task_runner.py:105} INFO - Job 4872: Subtask wait_for_csv
[2026-09-21T12:06:01.300+0200] {task_command.py:467} INFO - Running <TaskInstance: mini_riskagent_file_ingestion.wait_for_csv scheduled__2026-09-21T09:37:00+00:00 [running]> on host mac.home
[2026-09-21T12:06:01.317+0200] {taskinstance.py:3134} INFO - Exporting env vars: AIRFLOW_CTX_DAG_OWNER='autoquery' AIRFLOW_CTX_DAG_ID='mini_riskagent_file_ingestion' AIRFLOW_CTX_TASK_ID='wait_for_csv' AIRFLOW_CTX_EXECUTION_DATE='2026-09-21T09:37:00+00:00' AIRFLOW_CTX_TRY_NUMBER='1' AIRFLOW_CTX_DAG_RUN_ID='scheduled__2026-09-21T09:37:00+00:00'
[2026-09-21T12:06:01.317+0200] {logging_mixin.py:190} INFO - Task instance is in running state
[2026-09-21T12:06:01.317+0200] {logging_mixin.py:190} INFO -  Previous state of the Task instance: queued
[2026-09-21T12:06:01.317+0200] {logging_mixin.py:190} INFO - Current task name:wait_for_csv state:running start_date:2026-09-21 10:06:01.277029+00:00
[2026-09-21T12:06:01.318+0200] {logging_mixin.py:190} INFO - Dag name:mini_riskagent_file_ingestion and current dag run status:running
[2026-09-21T12:06:01.318+0200] {taskinstance.py:732} INFO - ::endgroup::
[2026-09-21T12:06:01.320+0200] {python.py:75} INFO - Poking callable: <function check_for_csv_files at 0x108752b60>
[2026-09-21T12:06:01.324+0200] {taskinstance.py:310} INFO - Rescheduling task, marking task as UP_FOR_RESCHEDULE
[2026-09-21T12:06:01.325+0200] {taskinstance.py:341} INFO - ::group::Post task execution logs
[2026-09-21T12:06:01.345+0200] {local_task_job_runner.py:266} INFO - Task exited with return code 0
[2026-09-21T12:06:01.352+0200] {taskinstance.py:3901} INFO - 0 downstream tasks scheduled from follow-on schedule check
[2026-09-21T12:06:01.352+0200] {local_task_job_runner.py:245} INFO - ::endgroup::
[2026-09-21T12:23:41.104+0200] {local_task_job_runner.py:123} INFO - ::group::Pre task execution logs
[2026-09-21T12:23:41.107+0200] {taskinstance.py:2614} INFO - Dependencies all met for dep_context=non-requeueable deps ti=<TaskInstance: mini_riskagent_file_ingestion.wait_for_csv scheduled__2026-09-21T09:37:00+00:00 [queued]>
[2026-09-21T12:23:41.108+0200] {taskinstance.py:2614} INFO - Dependencies all met for dep_context=requeueable deps ti=<TaskInstance: mini_riskagent_file_ingestion.wait_for_csv scheduled__2026-09-21T09:37:00+00:00 [queued]>
[2026-09-21T12:23:41.108+0200] {taskinstance.py:2867} INFO - Starting attempt 1 of 2
[2026-09-21T12:23:41.111+0200] {taskinstance.py:2890} INFO - Executing <Task(PythonSensor): wait_for_csv> on 2026-09-21 09:37:00+00:00
[2026-09-21T12:23:41.115+0200] {logging_mixin.py:190} WARNING - /Users/swarnalidatta/Desktop/AutoQueryChatbot/.airflow-venv/lib/python3.12/site-packages/airflow/task/task_runner/standard_task_runner.py:70 DeprecationWarning: This process (pid=8542) is multi-threaded, use of fork() may lead to deadlocks in the child.
[2026-09-21T12:23:41.116+0200] {standard_task_runner.py:72} INFO - Started process 8544 to run task
[2026-09-21T12:23:41.115+0200] {standard_task_runner.py:104} INFO - Running: ['airflow', 'tasks', 'run', 'mini_riskagent_file_ingestion', 'wait_for_csv', 'scheduled__2026-09-21T09:37:00+00:00', '--job-id', '4873', '--raw', '--subdir', 'DAGS_FOLDER/data_ingest_pipeline.py', '--cfg-path', '/var/folders/5p/201rr1sj03g8gksxm9x48mbh0000gn/T/tmpvby7sshw']
[2026-09-21T12:23:41.116+0200] {standard_task_runner.py:105} INFO - Job 4873: Subtask wait_for_csv
[2026-09-21T12:23:41.129+0200] {task_command.py:467} INFO - Running <TaskInstance: mini_riskagent_file_ingestion.wait_for_csv scheduled__2026-09-21T09:37:00+00:00 [running]> on host mac.home
[2026-09-21T12:23:41.145+0200] {taskinstance.py:3134} INFO - Exporting env vars: AIRFLOW_CTX_DAG_OWNER='autoquery' AIRFLOW_CTX_DAG_ID='mini_riskagent_file_ingestion' AIRFLOW_CTX_TASK_ID='wait_for_csv' AIRFLOW_CTX_EXECUTION_DATE='2026-09-21T09:37:00+00:00' AIRFLOW_CTX_TRY_NUMBER='1' AIRFLOW_CTX_DAG_RUN_ID='scheduled__2026-09-21T09:37:00+00:00'
[2026-09-21T12:23:41.145+0200] {logging_mixin.py:190} INFO - Task instance is in running state
[2026-09-21T12:23:41.146+0200] {logging_mixin.py:190} INFO -  Previous state of the Task instance: queued
[2026-09-21T12:23:41.146+0200] {logging_mixin.py:190} INFO - Current task name:wait_for_csv state:running start_date:2026-09-21 10:23:41.107324+00:00
[2026-09-21T12:23:41.146+0200] {logging_mixin.py:190} INFO - Dag name:mini_riskagent_file_ingestion and current dag run status:running
[2026-09-21T12:23:41.146+0200] {taskinstance.py:732} INFO - ::endgroup::
[2026-09-21T12:23:41.147+0200] {python.py:75} INFO - Poking callable: <function check_for_csv_files at 0x10cc96b60>
[2026-09-21T12:23:41.151+0200] {taskinstance.py:310} INFO - Rescheduling task, marking task as UP_FOR_RESCHEDULE
[2026-09-21T12:23:41.151+0200] {taskinstance.py:341} INFO - ::group::Post task execution logs
[2026-09-21T12:23:41.175+0200] {local_task_job_runner.py:266} INFO - Task exited with return code 0
[2026-09-21T12:23:41.181+0200] {taskinstance.py:3901} INFO - 0 downstream tasks scheduled from follow-on schedule check
[2026-09-21T12:23:41.182+0200] {local_task_job_runner.py:245} INFO - ::endgroup::
[2026-09-21T12:41:06.912+0200] {local_task_job_runner.py:123} INFO - ::group::Pre task execution logs
[2026-09-21T12:41:06.914+0200] {taskinstance.py:2614} INFO - Dependencies all met for dep_context=non-requeueable deps ti=<TaskInstance: mini_riskagent_file_ingestion.wait_for_csv scheduled__2026-09-21T09:37:00+00:00 [queued]>
[2026-09-21T12:41:06.916+0200] {taskinstance.py:2614} INFO - Dependencies all met for dep_context=requeueable deps ti=<TaskInstance: mini_riskagent_file_ingestion.wait_for_csv scheduled__2026-09-21T09:37:00+00:00 [queued]>
[2026-09-21T12:41:06.916+0200] {taskinstance.py:2867} INFO - Starting attempt 1 of 2
[2026-09-21T12:41:06.919+0200] {taskinstance.py:2890} INFO - Executing <Task(PythonSensor): wait_for_csv> on 2026-09-21 09:37:00+00:00
[2026-09-21T12:41:06.923+0200] {logging_mixin.py:190} WARNING - /Users/swarnalidatta/Desktop/AutoQueryChatbot/.airflow-venv/lib/python3.12/site-packages/airflow/task/task_runner/standard_task_runner.py:70 DeprecationWarning: This process (pid=8565) is multi-threaded, use of fork() may lead to deadlocks in the child.
[2026-09-21T12:41:06.923+0200] {standard_task_runner.py:104} INFO - Running: ['airflow', 'tasks', 'run', 'mini_riskagent_file_ingestion', 'wait_for_csv', 'scheduled__2026-09-21T09:37:00+00:00', '--job-id', '4874', '--raw', '--subdir', 'DAGS_FOLDER/data_ingest_pipeline.py', '--cfg-path', '/var/folders/5p/201rr1sj03g8gksxm9x48mbh0000gn/T/tmppl_sg8fi']
[2026-09-21T12:41:06.924+0200] {standard_task_runner.py:72} INFO - Started process 8567 to run task
[2026-09-21T12:41:06.924+0200] {standard_task_runner.py:105} INFO - Job 4874: Subtask wait_for_csv
[2026-09-21T12:41:06.938+0200] {task_command.py:467} INFO - Running <TaskInstance: mini_riskagent_file_ingestion.wait_for_csv scheduled__2026-09-21T09:37:00+00:00 [running]> on host mac.home
[2026-09-21T12:41:06.953+0200] {taskinstance.py:3134} INFO - Exporting env vars: AIRFLOW_CTX_DAG_OWNER='autoquery' AIRFLOW_CTX_DAG_ID='mini_riskagent_file_ingestion' AIRFLOW_CTX_TASK_ID='wait_for_csv' AIRFLOW_CTX_EXECUTION_DATE='2026-09-21T09:37:00+00:00' AIRFLOW_CTX_TRY_NUMBER='1' AIRFLOW_CTX_DAG_RUN_ID='scheduled__2026-09-21T09:37:00+00:00'
[2026-09-21T12:41:06.953+0200] {logging_mixin.py:190} INFO - Task instance is in running state
[2026-09-21T12:41:06.954+0200] {logging_mixin.py:190} INFO -  Previous state of the Task instance: queued
[2026-09-21T12:41:06.954+0200] {logging_mixin.py:190} INFO - Current task name:wait_for_csv state:running start_date:2026-09-21 10:41:06.914778+00:00
[2026-09-21T12:41:06.954+0200] {logging_mixin.py:190} INFO - Dag name:mini_riskagent_file_ingestion and current dag run status:running
[2026-09-21T12:41:06.954+0200] {taskinstance.py:732} INFO - ::endgroup::
[2026-09-21T12:41:06.955+0200] {python.py:75} INFO - Poking callable: <function check_for_csv_files at 0x1116eab60>
[2026-09-21T12:41:06.958+0200] {taskinstance.py:310} INFO - Rescheduling task, marking task as UP_FOR_RESCHEDULE
[2026-09-21T12:41:06.959+0200] {taskinstance.py:341} INFO - ::group::Post task execution logs
[2026-09-21T12:41:06.983+0200] {local_task_job_runner.py:266} INFO - Task exited with return code 0
[2026-09-21T12:41:06.990+0200] {taskinstance.py:3901} INFO - 0 downstream tasks scheduled from follow-on schedule check
[2026-09-21T12:41:06.990+0200] {local_task_job_runner.py:245} INFO - ::endgroup::
[2026-09-21T12:51:53.181+0200] {local_task_job_runner.py:123} INFO - ::group::Pre task execution logs
[2026-09-21T12:51:53.184+0200] {taskinstance.py:2614} INFO - Dependencies all met for dep_context=non-requeueable deps ti=<TaskInstance: mini_riskagent_file_ingestion.wait_for_csv scheduled__2026-09-21T09:37:00+00:00 [queued]>
[2026-09-21T12:51:53.185+0200] {taskinstance.py:2614} INFO - Dependencies all met for dep_context=requeueable deps ti=<TaskInstance: mini_riskagent_file_ingestion.wait_for_csv scheduled__2026-09-21T09:37:00+00:00 [queued]>
[2026-09-21T12:51:53.185+0200] {taskinstance.py:2867} INFO - Starting attempt 1 of 2
[2026-09-21T12:51:53.188+0200] {taskinstance.py:2890} INFO - Executing <Task(PythonSensor): wait_for_csv> on 2026-09-21 09:37:00+00:00
[2026-09-21T12:51:53.193+0200] {logging_mixin.py:190} WARNING - /Users/swarnalidatta/Desktop/AutoQueryChatbot/.airflow-venv/lib/python3.12/site-packages/airflow/task/task_runner/standard_task_runner.py:70 DeprecationWarning: This process (pid=8581) is multi-threaded, use of fork() may lead to deadlocks in the child.
[2026-09-21T12:51:53.193+0200] {standard_task_runner.py:72} INFO - Started process 8583 to run task
[2026-09-21T12:51:53.193+0200] {standard_task_runner.py:104} INFO - Running: ['airflow', 'tasks', 'run', 'mini_riskagent_file_ingestion', 'wait_for_csv', 'scheduled__2026-09-21T09:37:00+00:00', '--job-id', '4875', '--raw', '--subdir', 'DAGS_FOLDER/data_ingest_pipeline.py', '--cfg-path', '/var/folders/5p/201rr1sj03g8gksxm9x48mbh0000gn/T/tmpiq8jxkp6']
[2026-09-21T12:51:53.194+0200] {standard_task_runner.py:105} INFO - Job 4875: Subtask wait_for_csv
[2026-09-21T12:51:53.207+0200] {task_command.py:467} INFO - Running <TaskInstance: mini_riskagent_file_ingestion.wait_for_csv scheduled__2026-09-21T09:37:00+00:00 [running]> on host mac.home
[2026-09-21T12:51:53.222+0200] {taskinstance.py:3134} INFO - Exporting env vars: AIRFLOW_CTX_DAG_OWNER='autoquery' AIRFLOW_CTX_DAG_ID='mini_riskagent_file_ingestion' AIRFLOW_CTX_TASK_ID='wait_for_csv' AIRFLOW_CTX_EXECUTION_DATE='2026-09-21T09:37:00+00:00' AIRFLOW_CTX_TRY_NUMBER='1' AIRFLOW_CTX_DAG_RUN_ID='scheduled__2026-09-21T09:37:00+00:00'
[2026-09-21T12:51:53.223+0200] {logging_mixin.py:190} INFO - Task instance is in running state
[2026-09-21T12:51:53.223+0200] {logging_mixin.py:190} INFO -  Previous state of the Task instance: queued
[2026-09-21T12:51:53.223+0200] {logging_mixin.py:190} INFO - Current task name:wait_for_csv state:running start_date:2026-09-21 10:51:53.184394+00:00
[2026-09-21T12:51:53.223+0200] {logging_mixin.py:190} INFO - Dag name:mini_riskagent_file_ingestion and current dag run status:running
[2026-09-21T12:51:53.224+0200] {taskinstance.py:732} INFO - ::endgroup::
[2026-09-21T12:51:53.225+0200] {python.py:75} INFO - Poking callable: <function check_for_csv_files at 0x1088eab60>
[2026-09-21T12:51:53.228+0200] {taskinstance.py:310} INFO - Rescheduling task, marking task as UP_FOR_RESCHEDULE
[2026-09-21T12:51:53.228+0200] {taskinstance.py:341} INFO - ::group::Post task execution logs
[2026-09-21T12:51:53.253+0200] {local_task_job_runner.py:266} INFO - Task exited with return code 0
[2026-09-21T12:51:53.259+0200] {taskinstance.py:3901} INFO - 0 downstream tasks scheduled from follow-on schedule check
[2026-09-21T12:51:53.259+0200] {local_task_job_runner.py:245} INFO - ::endgroup::
[2026-09-21T12:58:41.959+0200] {local_task_job_runner.py:123} INFO - ::group::Pre task execution logs
[2026-09-21T12:58:41.962+0200] {taskinstance.py:2614} INFO - Dependencies all met for dep_context=non-requeueable deps ti=<TaskInstance: mini_riskagent_file_ingestion.wait_for_csv scheduled__2026-09-21T09:37:00+00:00 [queued]>
[2026-09-21T12:58:41.963+0200] {taskinstance.py:2614} INFO - Dependencies all met for dep_context=requeueable deps ti=<TaskInstance: mini_riskagent_file_ingestion.wait_for_csv scheduled__2026-09-21T09:37:00+00:00 [queued]>
[2026-09-21T12:58:41.963+0200] {taskinstance.py:2867} INFO - Starting attempt 1 of 2
[2026-09-21T12:58:41.966+0200] {taskinstance.py:2890} INFO - Executing <Task(PythonSensor): wait_for_csv> on 2026-09-21 09:37:00+00:00
[2026-09-21T12:58:41.971+0200] {logging_mixin.py:190} WARNING - /Users/swarnalidatta/Desktop/AutoQueryChatbot/.airflow-venv/lib/python3.12/site-packages/airflow/task/task_runner/standard_task_runner.py:70 DeprecationWarning: This process (pid=8601) is multi-threaded, use of fork() may lead to deadlocks in the child.
[2026-09-21T12:58:41.971+0200] {standard_task_runner.py:72} INFO - Started process 8603 to run task
[2026-09-21T12:58:41.971+0200] {standard_task_runner.py:104} INFO - Running: ['airflow', 'tasks', 'run', 'mini_riskagent_file_ingestion', 'wait_for_csv', 'scheduled__2026-09-21T09:37:00+00:00', '--job-id', '4876', '--raw', '--subdir', 'DAGS_FOLDER/data_ingest_pipeline.py', '--cfg-path', '/var/folders/5p/201rr1sj03g8gksxm9x48mbh0000gn/T/tmpimyh_9g0']
[2026-09-21T12:58:41.971+0200] {standard_task_runner.py:105} INFO - Job 4876: Subtask wait_for_csv
[2026-09-21T12:58:41.985+0200] {task_command.py:467} INFO - Running <TaskInstance: mini_riskagent_file_ingestion.wait_for_csv scheduled__2026-09-21T09:37:00+00:00 [running]> on host mac.home
[2026-09-21T12:58:42.000+0200] {taskinstance.py:3134} INFO - Exporting env vars: AIRFLOW_CTX_DAG_OWNER='autoquery' AIRFLOW_CTX_DAG_ID='mini_riskagent_file_ingestion' AIRFLOW_CTX_TASK_ID='wait_for_csv' AIRFLOW_CTX_EXECUTION_DATE='2026-09-21T09:37:00+00:00' AIRFLOW_CTX_TRY_NUMBER='1' AIRFLOW_CTX_DAG_RUN_ID='scheduled__2026-09-21T09:37:00+00:00'
[2026-09-21T12:58:42.001+0200] {logging_mixin.py:190} INFO - Task instance is in running state
[2026-09-21T12:58:42.001+0200] {logging_mixin.py:190} INFO -  Previous state of the Task instance: queued
[2026-09-21T12:58:42.001+0200] {logging_mixin.py:190} INFO - Current task name:wait_for_csv state:running start_date:2026-09-21 10:58:41.962509+00:00
[2026-09-21T12:58:42.001+0200] {logging_mixin.py:190} INFO - Dag name:mini_riskagent_file_ingestion and current dag run status:running
[2026-09-21T12:58:42.001+0200] {taskinstance.py:732} INFO - ::endgroup::
[2026-09-21T12:58:42.003+0200] {python.py:75} INFO - Poking callable: <function check_for_csv_files at 0x108eaeb60>
[2026-09-21T12:58:42.003+0200] {taskinstance.py:3313} ERROR - Task failed with exception
Traceback (most recent call last):
  File "/Users/swarnalidatta/Desktop/AutoQueryChatbot/.airflow-venv/lib/python3.12/site-packages/airflow/models/taskinstance.py", line 768, in _execute_task
    result = _execute_callable(context=context, **execute_callable_kwargs)
             ^^^^^^^^^^^^^^^^^^^^^^^^^^^^^^^^^^^^^^^^^^^^^^^^^^^^^^^^^^^^^
  File "/Users/swarnalidatta/Desktop/AutoQueryChatbot/.airflow-venv/lib/python3.12/site-packages/airflow/models/taskinstance.py", line 734, in _execute_callable
    return ExecutionCallableRunner(
           ^^^^^^^^^^^^^^^^^^^^^^^^
  File "/Users/swarnalidatta/Desktop/AutoQueryChatbot/.airflow-venv/lib/python3.12/site-packages/airflow/utils/operator_helpers.py", line 252, in run
    return self.func(*args, **kwargs)
           ^^^^^^^^^^^^^^^^^^^^^^^^^^
  File "/Users/swarnalidatta/Desktop/AutoQueryChatbot/.airflow-venv/lib/python3.12/site-packages/airflow/models/baseoperator.py", line 424, in wrapper
    return func(self, *args, **kwargs)
           ^^^^^^^^^^^^^^^^^^^^^^^^^^^
  File "/Users/swarnalidatta/Desktop/AutoQueryChatbot/.airflow-venv/lib/python3.12/site-packages/airflow/sensors/base.py", line 326, in execute
    raise AirflowSensorTimeout(message)
airflow.exceptions.AirflowSensorTimeout: Sensor has timed out; run duration of 3750.689047 seconds exceeds the specified timeout of 3600.0.
[2026-09-21T12:58:42.004+0200] {logging_mixin.py:190} INFO - Task instance in failure state
[2026-09-21T12:58:42.005+0200] {logging_mixin.py:190} INFO - Task start:2026-09-21 10:58:41.962509+00:00 end:2026-09-21 10:58:42.004860+00:00 duration:0.042351
[2026-09-21T12:58:42.005+0200] {logging_mixin.py:190} INFO - Task:<Task(PythonSensor): wait_for_csv> dag:<DAG: mini_riskagent_file_ingestion> dagrun:<DagRun mini_riskagent_file_ingestion @ 2026-09-21 09:37:00+00:00: scheduled__2026-09-21T09:37:00+00:00, state:running, queued_at: 2026-09-21 09:56:10.420544+00:00. externally triggered: False>
[2026-09-21T12:58:42.005+0200] {logging_mixin.py:190} INFO - Failure caused by Sensor has timed out; run duration of 3750.689047 seconds exceeds the specified timeout of 3600.0.
[2026-09-21T12:58:42.005+0200] {taskinstance.py:1226} INFO - Immediate failure requested. Marking task as FAILED. dag_id=mini_riskagent_file_ingestion, task_id=wait_for_csv, run_id=scheduled__2026-09-21T09:37:00+00:00, execution_date=20260921T093700, start_date=20260921T105841, end_date=20260921T105842
[2026-09-21T12:58:42.009+0200] {taskinstance.py:341} INFO - ::group::Post task execution logs
[2026-09-21T12:58:42.009+0200] {standard_task_runner.py:124} ERROR - Failed to execute job 4876 for task wait_for_csv (Sensor has timed out; run duration of 3750.689047 seconds exceeds the specified timeout of 3600.0.; 8603)
Traceback (most recent call last):
  File "/Users/swarnalidatta/Desktop/AutoQueryChatbot/.airflow-venv/lib/python3.12/site-packages/airflow/task/task_runner/standard_task_runner.py", line 117, in _start_by_fork
    ret = args.func(args, dag=self.dag)
          ^^^^^^^^^^^^^^^^^^^^^^^^^^^^^
  File "/Users/swarnalidatta/Desktop/AutoQueryChatbot/.airflow-venv/lib/python3.12/site-packages/airflow/cli/cli_config.py", line 49, in command
    return func(*args, **kwargs)
           ^^^^^^^^^^^^^^^^^^^^^
  File "/Users/swarnalidatta/Desktop/AutoQueryChatbot/.airflow-venv/lib/python3.12/site-packages/airflow/utils/cli.py", line 116, in wrapper
    return f(*args, **kwargs)
           ^^^^^^^^^^^^^^^^^^
  File "/Users/swarnalidatta/Desktop/AutoQueryChatbot/.airflow-venv/lib/python3.12/site-packages/airflow/cli/commands/task_command.py", line 483, in task_run
    task_return_code = _run_task_by_selected_method(args, _dag, ti)
                       ^^^^^^^^^^^^^^^^^^^^^^^^^^^^^^^^^^^^^^^^^^^^
  File "/Users/swarnalidatta/Desktop/AutoQueryChatbot/.airflow-venv/lib/python3.12/site-packages/airflow/cli/commands/task_command.py", line 256, in _run_task_by_selected_method
    return _run_raw_task(args, ti)
           ^^^^^^^^^^^^^^^^^^^^^^^
  File "/Users/swarnalidatta/Desktop/AutoQueryChatbot/.airflow-venv/lib/python3.12/site-packages/airflow/cli/commands/task_command.py", line 341, in _run_raw_task
    return ti._run_raw_task(
           ^^^^^^^^^^^^^^^^^
  File "/Users/swarnalidatta/Desktop/AutoQueryChatbot/.airflow-venv/lib/python3.12/site-packages/airflow/utils/session.py", line 97, in wrapper
    return func(*args, session=session, **kwargs)
           ^^^^^^^^^^^^^^^^^^^^^^^^^^^^^^^^^^^^^^
  File "/Users/swarnalidatta/Desktop/AutoQueryChatbot/.airflow-venv/lib/python3.12/site-packages/airflow/models/taskinstance.py", line 3006, in _run_raw_task
    return _run_raw_task(
           ^^^^^^^^^^^^^^
  File "/Users/swarnalidatta/Desktop/AutoQueryChatbot/.airflow-venv/lib/python3.12/site-packages/airflow/models/taskinstance.py", line 274, in _run_raw_task
    TaskInstance._execute_task_with_callbacks(
  File "/Users/swarnalidatta/Desktop/AutoQueryChatbot/.airflow-venv/lib/python3.12/site-packages/airflow/models/taskinstance.py", line 3161, in _execute_task_with_callbacks
    result = self._execute_task(context, task_orig)
             ^^^^^^^^^^^^^^^^^^^^^^^^^^^^^^^^^^^^^^
  File "/Users/swarnalidatta/Desktop/AutoQueryChatbot/.airflow-venv/lib/python3.12/site-packages/airflow/models/taskinstance.py", line 3185, in _execute_task
    return _execute_task(self, context, task_orig)
           ^^^^^^^^^^^^^^^^^^^^^^^^^^^^^^^^^^^^^^^
  File "/Users/swarnalidatta/Desktop/AutoQueryChatbot/.airflow-venv/lib/python3.12/site-packages/airflow/models/taskinstance.py", line 768, in _execute_task
    result = _execute_callable(context=context, **execute_callable_kwargs)
             ^^^^^^^^^^^^^^^^^^^^^^^^^^^^^^^^^^^^^^^^^^^^^^^^^^^^^^^^^^^^^
  File "/Users/swarnalidatta/Desktop/AutoQueryChatbot/.airflow-venv/lib/python3.12/site-packages/airflow/models/taskinstance.py", line 734, in _execute_callable
    return ExecutionCallableRunner(
           ^^^^^^^^^^^^^^^^^^^^^^^^
  File "/Users/swarnalidatta/Desktop/AutoQueryChatbot/.airflow-venv/lib/python3.12/site-packages/airflow/utils/operator_helpers.py", line 252, in run
    return self.func(*args, **kwargs)
           ^^^^^^^^^^^^^^^^^^^^^^^^^^
  File "/Users/swarnalidatta/Desktop/AutoQueryChatbot/.airflow-venv/lib/python3.12/site-packages/airflow/models/baseoperator.py", line 424, in wrapper
    return func(self, *args, **kwargs)
           ^^^^^^^^^^^^^^^^^^^^^^^^^^^
  File "/Users/swarnalidatta/Desktop/AutoQueryChatbot/.airflow-venv/lib/python3.12/site-packages/airflow/sensors/base.py", line 326, in execute
    raise AirflowSensorTimeout(message)
airflow.exceptions.AirflowSensorTimeout: Sensor has timed out; run duration of 3750.689047 seconds exceeds the specified timeout of 3600.0.
[2026-09-21T12:58:42.030+0200] {local_task_job_runner.py:266} INFO - Task exited with return code 1
[2026-09-21T12:58:42.038+0200] {taskinstance.py:3901} INFO - 0 downstream tasks scheduled from follow-on schedule check
[2026-09-21T12:58:42.039+0200] {local_task_job_runner.py:245} INFO - ::endgroup::
