[2026-09-05T17:25:02.936+0200] {local_task_job_runner.py:123} INFO - ::group::Pre task execution logs
[2026-09-05T17:25:02.939+0200] {taskinstance.py:2614} INFO - Dependencies all met for dep_context=non-requeueable deps ti=<TaskInstance: mini_riskagent_file_ingestion.wait_for_csv scheduled__2026-09-05T15:24:00+00:00 [queued]>
[2026-09-05T17:25:02.940+0200] {taskinstance.py:2614} INFO - Dependencies all met for dep_context=requeueable deps ti=<TaskInstance: mini_riskagent_file_ingestion.wait_for_csv scheduled__2026-09-05T15:24:00+00:00 [queued]>
[2026-09-05T17:25:02.940+0200] {taskinstance.py:2867} INFO - Starting attempt 1 of 2
[2026-09-05T17:25:02.944+0200] {taskinstance.py:2890} INFO - Executing <Task(PythonSensor): wait_for_csv> on 2026-09-05 15:24:00+00:00
[2026-09-05T17:25:02.948+0200] {standard_task_runner.py:104} INFO - Running: ['airflow', 'tasks', 'run', 'mini_riskagent_file_ingestion', 'wait_for_csv', 'scheduled__2026-09-05T15:24:00+00:00', '--job-id', '141', '--raw', '--subdir', 'DAGS_FOLDER/data_ingest_pipeline.py', '--cfg-path', '/var/folders/5p/201rr1sj03g8gksxm9x48mbh0000gn/T/tmpox97affd']
[2026-09-05T17:25:02.949+0200] {standard_task_runner.py:105} INFO - Job 141: Subtask wait_for_csv
[2026-09-05T17:25:02.999+0200] {logging_mixin.py:190} WARNING - /Users/swarnalidatta/Desktop/AutoQueryChatbot/.airflow-venv/lib/python3.12/site-packages/airflow/task/task_runner/standard_task_runner.py:70 DeprecationWarning: This process (pid=18021) is multi-threaded, use of fork() may lead to deadlocks in the child.
[2026-09-05T17:25:02.999+0200] {standard_task_runner.py:72} INFO - Started process 18027 to run task
[2026-09-05T17:25:03.010+0200] {task_command.py:467} INFO - Running <TaskInstance: mini_riskagent_file_ingestion.wait_for_csv scheduled__2026-09-05T15:24:00+00:00 [running]> on host mac.home
[2026-09-05T17:25:03.026+0200] {taskinstance.py:3134} INFO - Exporting env vars: AIRFLOW_CTX_DAG_OWNER='autoquery' AIRFLOW_CTX_DAG_ID='mini_riskagent_file_ingestion' AIRFLOW_CTX_TASK_ID='wait_for_csv' AIRFLOW_CTX_EXECUTION_DATE='2026-09-05T15:24:00+00:00' AIRFLOW_CTX_TRY_NUMBER='1' AIRFLOW_CTX_DAG_RUN_ID='scheduled__2026-09-05T15:24:00+00:00'
[2026-09-05T17:25:03.027+0200] {logging_mixin.py:190} INFO - Task instance is in running state
[2026-09-05T17:25:03.027+0200] {logging_mixin.py:190} INFO -  Previous state of the Task instance: queued
[2026-09-05T17:25:03.027+0200] {logging_mixin.py:190} INFO - Current task name:wait_for_csv state:running start_date:2026-09-05 15:25:02.939407+00:00
[2026-09-05T17:25:03.027+0200] {logging_mixin.py:190} INFO - Dag name:mini_riskagent_file_ingestion and current dag run status:running
[2026-09-05T17:25:03.027+0200] {taskinstance.py:732} INFO - ::endgroup::
[2026-09-05T17:25:03.029+0200] {python.py:75} INFO - Poking callable: <function check_for_csv_files at 0x108cc0c20>
[2026-09-05T17:25:03.032+0200] {taskinstance.py:310} INFO - Rescheduling task, marking task as UP_FOR_RESCHEDULE
[2026-09-05T17:25:03.032+0200] {taskinstance.py:341} INFO - ::group::Post task execution logs
[2026-09-05T17:25:03.054+0200] {local_task_job_runner.py:266} INFO - Task exited with return code 0
[2026-09-05T17:25:03.059+0200] {taskinstance.py:3901} INFO - 0 downstream tasks scheduled from follow-on schedule check
[2026-09-05T17:25:03.060+0200] {local_task_job_runner.py:245} INFO - ::endgroup::
[2026-09-05T17:25:35.195+0200] {local_task_job_runner.py:123} INFO - ::group::Pre task execution logs
[2026-09-05T17:25:35.198+0200] {taskinstance.py:2614} INFO - Dependencies all met for dep_context=non-requeueable deps ti=<TaskInstance: mini_riskagent_file_ingestion.wait_for_csv scheduled__2026-09-05T15:24:00+00:00 [queued]>
[2026-09-05T17:25:35.199+0200] {taskinstance.py:2614} INFO - Dependencies all met for dep_context=requeueable deps ti=<TaskInstance: mini_riskagent_file_ingestion.wait_for_csv scheduled__2026-09-05T15:24:00+00:00 [queued]>
[2026-09-05T17:25:35.199+0200] {taskinstance.py:2867} INFO - Starting attempt 1 of 2
[2026-09-05T17:25:35.203+0200] {taskinstance.py:2890} INFO - Executing <Task(PythonSensor): wait_for_csv> on 2026-09-05 15:24:00+00:00
[2026-09-05T17:25:35.207+0200] {standard_task_runner.py:104} INFO - Running: ['airflow', 'tasks', 'run', 'mini_riskagent_file_ingestion', 'wait_for_csv', 'scheduled__2026-09-05T15:24:00+00:00', '--job-id', '144', '--raw', '--subdir', 'DAGS_FOLDER/data_ingest_pipeline.py', '--cfg-path', '/var/folders/5p/201rr1sj03g8gksxm9x48mbh0000gn/T/tmp_n5abwuq']
[2026-09-05T17:25:35.208+0200] {standard_task_runner.py:105} INFO - Job 144: Subtask wait_for_csv
[2026-09-05T17:25:35.256+0200] {logging_mixin.py:190} WARNING - /Users/swarnalidatta/Desktop/AutoQueryChatbot/.airflow-venv/lib/python3.12/site-packages/airflow/task/task_runner/standard_task_runner.py:70 DeprecationWarning: This process (pid=18101) is multi-threaded, use of fork() may lead to deadlocks in the child.
[2026-09-05T17:25:35.257+0200] {standard_task_runner.py:72} INFO - Started process 18103 to run task
[2026-09-05T17:25:35.269+0200] {task_command.py:467} INFO - Running <TaskInstance: mini_riskagent_file_ingestion.wait_for_csv scheduled__2026-09-05T15:24:00+00:00 [running]> on host mac.home
[2026-09-05T17:25:35.284+0200] {taskinstance.py:3134} INFO - Exporting env vars: AIRFLOW_CTX_DAG_OWNER='autoquery' AIRFLOW_CTX_DAG_ID='mini_riskagent_file_ingestion' AIRFLOW_CTX_TASK_ID='wait_for_csv' AIRFLOW_CTX_EXECUTION_DATE='2026-09-05T15:24:00+00:00' AIRFLOW_CTX_TRY_NUMBER='1' AIRFLOW_CTX_DAG_RUN_ID='scheduled__2026-09-05T15:24:00+00:00'
[2026-09-05T17:25:35.285+0200] {logging_mixin.py:190} INFO - Task instance is in running state
[2026-09-05T17:25:35.285+0200] {logging_mixin.py:190} INFO -  Previous state of the Task instance: queued
[2026-09-05T17:25:35.285+0200] {logging_mixin.py:190} INFO - Current task name:wait_for_csv state:running start_date:2026-09-05 15:25:35.198374+00:00
[2026-09-05T17:25:35.285+0200] {logging_mixin.py:190} INFO - Dag name:mini_riskagent_file_ingestion and current dag run status:running
[2026-09-05T17:25:35.285+0200] {taskinstance.py:732} INFO - ::endgroup::
[2026-09-05T17:25:35.286+0200] {python.py:75} INFO - Poking callable: <function check_for_csv_files at 0x1087d0c20>
[2026-09-05T17:25:35.290+0200] {taskinstance.py:310} INFO - Rescheduling task, marking task as UP_FOR_RESCHEDULE
[2026-09-05T17:25:35.290+0200] {taskinstance.py:341} INFO - ::group::Post task execution logs
[2026-09-05T17:25:35.312+0200] {local_task_job_runner.py:266} INFO - Task exited with return code 0
[2026-09-05T17:25:35.317+0200] {taskinstance.py:3901} INFO - 0 downstream tasks scheduled from follow-on schedule check
[2026-09-05T17:25:35.317+0200] {local_task_job_runner.py:245} INFO - ::endgroup::
[2026-09-05T17:26:07.004+0200] {local_task_job_runner.py:123} INFO - ::group::Pre task execution logs
[2026-09-05T17:26:07.007+0200] {taskinstance.py:2614} INFO - Dependencies all met for dep_context=non-requeueable deps ti=<TaskInstance: mini_riskagent_file_ingestion.wait_for_csv scheduled__2026-09-05T15:24:00+00:00 [queued]>
[2026-09-05T17:26:07.009+0200] {taskinstance.py:2614} INFO - Dependencies all met for dep_context=requeueable deps ti=<TaskInstance: mini_riskagent_file_ingestion.wait_for_csv scheduled__2026-09-05T15:24:00+00:00 [queued]>
[2026-09-05T17:26:07.009+0200] {taskinstance.py:2867} INFO - Starting attempt 1 of 2
[2026-09-05T17:26:07.012+0200] {taskinstance.py:2890} INFO - Executing <Task(PythonSensor): wait_for_csv> on 2026-09-05 15:24:00+00:00
[2026-09-05T17:26:07.016+0200] {standard_task_runner.py:104} INFO - Running: ['airflow', 'tasks', 'run', 'mini_riskagent_file_ingestion', 'wait_for_csv', 'scheduled__2026-09-05T15:24:00+00:00', '--job-id', '148', '--raw', '--subdir', 'DAGS_FOLDER/data_ingest_pipeline.py', '--cfg-path', '/var/folders/5p/201rr1sj03g8gksxm9x48mbh0000gn/T/tmpl61d9mk7']
[2026-09-05T17:26:07.017+0200] {standard_task_runner.py:105} INFO - Job 148: Subtask wait_for_csv
[2026-09-05T17:26:07.068+0200] {logging_mixin.py:190} WARNING - /Users/swarnalidatta/Desktop/AutoQueryChatbot/.airflow-venv/lib/python3.12/site-packages/airflow/task/task_runner/standard_task_runner.py:70 DeprecationWarning: This process (pid=18177) is multi-threaded, use of fork() may lead to deadlocks in the child.
[2026-09-05T17:26:07.068+0200] {standard_task_runner.py:72} INFO - Started process 18179 to run task
[2026-09-05T17:26:07.078+0200] {task_command.py:467} INFO - Running <TaskInstance: mini_riskagent_file_ingestion.wait_for_csv scheduled__2026-09-05T15:24:00+00:00 [running]> on host mac.home
[2026-09-05T17:26:07.094+0200] {taskinstance.py:3134} INFO - Exporting env vars: AIRFLOW_CTX_DAG_OWNER='autoquery' AIRFLOW_CTX_DAG_ID='mini_riskagent_file_ingestion' AIRFLOW_CTX_TASK_ID='wait_for_csv' AIRFLOW_CTX_EXECUTION_DATE='2026-09-05T15:24:00+00:00' AIRFLOW_CTX_TRY_NUMBER='1' AIRFLOW_CTX_DAG_RUN_ID='scheduled__2026-09-05T15:24:00+00:00'
[2026-09-05T17:26:07.094+0200] {logging_mixin.py:190} INFO - Task instance is in running state
[2026-09-05T17:26:07.094+0200] {logging_mixin.py:190} INFO -  Previous state of the Task instance: queued
[2026-09-05T17:26:07.094+0200] {logging_mixin.py:190} INFO - Current task name:wait_for_csv state:running start_date:2026-09-05 15:26:07.007735+00:00
[2026-09-05T17:26:07.095+0200] {logging_mixin.py:190} INFO - Dag name:mini_riskagent_file_ingestion and current dag run status:running
[2026-09-05T17:26:07.095+0200] {taskinstance.py:732} INFO - ::endgroup::
[2026-09-05T17:26:07.096+0200] {python.py:75} INFO - Poking callable: <function check_for_csv_files at 0x10a680c20>
[2026-09-05T17:26:07.099+0200] {taskinstance.py:310} INFO - Rescheduling task, marking task as UP_FOR_RESCHEDULE
[2026-09-05T17:26:07.099+0200] {taskinstance.py:341} INFO - ::group::Post task execution logs
[2026-09-05T17:26:07.123+0200] {local_task_job_runner.py:266} INFO - Task exited with return code 0
[2026-09-05T17:26:07.128+0200] {taskinstance.py:3901} INFO - 0 downstream tasks scheduled from follow-on schedule check
[2026-09-05T17:26:07.129+0200] {local_task_job_runner.py:245} INFO - ::endgroup::
[2026-09-05T17:35:49.916+0200] {local_task_job_runner.py:123} INFO - ::group::Pre task execution logs
[2026-09-05T17:35:49.918+0200] {taskinstance.py:2614} INFO - Dependencies all met for dep_context=non-requeueable deps ti=<TaskInstance: mini_riskagent_file_ingestion.wait_for_csv scheduled__2026-09-05T15:24:00+00:00 [queued]>
[2026-09-05T17:35:49.920+0200] {taskinstance.py:2614} INFO - Dependencies all met for dep_context=requeueable deps ti=<TaskInstance: mini_riskagent_file_ingestion.wait_for_csv scheduled__2026-09-05T15:24:00+00:00 [queued]>
[2026-09-05T17:35:49.920+0200] {taskinstance.py:2867} INFO - Starting attempt 1 of 2
[2026-09-05T17:35:49.923+0200] {taskinstance.py:2890} INFO - Executing <Task(PythonSensor): wait_for_csv> on 2026-09-05 15:24:00+00:00
[2026-09-05T17:35:49.927+0200] {standard_task_runner.py:104} INFO - Running: ['airflow', 'tasks', 'run', 'mini_riskagent_file_ingestion', 'wait_for_csv', 'scheduled__2026-09-05T15:24:00+00:00', '--job-id', '154', '--raw', '--subdir', 'DAGS_FOLDER/data_ingest_pipeline.py', '--cfg-path', '/var/folders/5p/201rr1sj03g8gksxm9x48mbh0000gn/T/tmp1_et6681']
[2026-09-05T17:35:49.928+0200] {standard_task_runner.py:105} INFO - Job 154: Subtask wait_for_csv
[2026-09-05T17:35:49.976+0200] {logging_mixin.py:190} WARNING - /Users/swarnalidatta/Desktop/AutoQueryChatbot/.airflow-venv/lib/python3.12/site-packages/airflow/task/task_runner/standard_task_runner.py:70 DeprecationWarning: This process (pid=18268) is multi-threaded, use of fork() may lead to deadlocks in the child.
[2026-09-05T17:35:49.976+0200] {standard_task_runner.py:72} INFO - Started process 18270 to run task
[2026-09-05T17:35:49.988+0200] {task_command.py:467} INFO - Running <TaskInstance: mini_riskagent_file_ingestion.wait_for_csv scheduled__2026-09-05T15:24:00+00:00 [running]> on host mac.home
[2026-09-05T17:35:50.003+0200] {taskinstance.py:3134} INFO - Exporting env vars: AIRFLOW_CTX_DAG_OWNER='autoquery' AIRFLOW_CTX_DAG_ID='mini_riskagent_file_ingestion' AIRFLOW_CTX_TASK_ID='wait_for_csv' AIRFLOW_CTX_EXECUTION_DATE='2026-09-05T15:24:00+00:00' AIRFLOW_CTX_TRY_NUMBER='1' AIRFLOW_CTX_DAG_RUN_ID='scheduled__2026-09-05T15:24:00+00:00'
[2026-09-05T17:35:50.003+0200] {logging_mixin.py:190} INFO - Task instance is in running state
[2026-09-05T17:35:50.003+0200] {logging_mixin.py:190} INFO -  Previous state of the Task instance: queued
[2026-09-05T17:35:50.003+0200] {logging_mixin.py:190} INFO - Current task name:wait_for_csv state:running start_date:2026-09-05 15:35:49.918898+00:00
[2026-09-05T17:35:50.004+0200] {logging_mixin.py:190} INFO - Dag name:mini_riskagent_file_ingestion and current dag run status:running
[2026-09-05T17:35:50.004+0200] {taskinstance.py:732} INFO - ::endgroup::
[2026-09-05T17:35:50.005+0200] {python.py:75} INFO - Poking callable: <function check_for_csv_files at 0x108618c20>
[2026-09-05T17:35:50.008+0200] {taskinstance.py:310} INFO - Rescheduling task, marking task as UP_FOR_RESCHEDULE
[2026-09-05T17:35:50.008+0200] {taskinstance.py:341} INFO - ::group::Post task execution logs
[2026-09-05T17:35:50.031+0200] {local_task_job_runner.py:266} INFO - Task exited with return code 0
[2026-09-05T17:35:50.036+0200] {taskinstance.py:3901} INFO - 0 downstream tasks scheduled from follow-on schedule check
[2026-09-05T17:35:50.036+0200] {local_task_job_runner.py:245} INFO - ::endgroup::
[2026-09-05T17:36:22.529+0200] {local_task_job_runner.py:123} INFO - ::group::Pre task execution logs
[2026-09-05T17:36:22.532+0200] {taskinstance.py:2614} INFO - Dependencies all met for dep_context=non-requeueable deps ti=<TaskInstance: mini_riskagent_file_ingestion.wait_for_csv scheduled__2026-09-05T15:24:00+00:00 [queued]>
[2026-09-05T17:36:22.533+0200] {taskinstance.py:2614} INFO - Dependencies all met for dep_context=requeueable deps ti=<TaskInstance: mini_riskagent_file_ingestion.wait_for_csv scheduled__2026-09-05T15:24:00+00:00 [queued]>
[2026-09-05T17:36:22.533+0200] {taskinstance.py:2867} INFO - Starting attempt 1 of 2
[2026-09-05T17:36:22.537+0200] {taskinstance.py:2890} INFO - Executing <Task(PythonSensor): wait_for_csv> on 2026-09-05 15:24:00+00:00
[2026-09-05T17:36:22.541+0200] {standard_task_runner.py:104} INFO - Running: ['airflow', 'tasks', 'run', 'mini_riskagent_file_ingestion', 'wait_for_csv', 'scheduled__2026-09-05T15:24:00+00:00', '--job-id', '161', '--raw', '--subdir', 'DAGS_FOLDER/data_ingest_pipeline.py', '--cfg-path', '/var/folders/5p/201rr1sj03g8gksxm9x48mbh0000gn/T/tmp_9fzd3kv']
[2026-09-05T17:36:22.542+0200] {standard_task_runner.py:105} INFO - Job 161: Subtask wait_for_csv
[2026-09-05T17:36:22.593+0200] {logging_mixin.py:190} WARNING - /Users/swarnalidatta/Desktop/AutoQueryChatbot/.airflow-venv/lib/python3.12/site-packages/airflow/task/task_runner/standard_task_runner.py:70 DeprecationWarning: This process (pid=18363) is multi-threaded, use of fork() may lead to deadlocks in the child.
[2026-09-05T17:36:22.593+0200] {standard_task_runner.py:72} INFO - Started process 18365 to run task
[2026-09-05T17:36:22.604+0200] {task_command.py:467} INFO - Running <TaskInstance: mini_riskagent_file_ingestion.wait_for_csv scheduled__2026-09-05T15:24:00+00:00 [running]> on host mac.home
[2026-09-05T17:36:22.619+0200] {taskinstance.py:3134} INFO - Exporting env vars: AIRFLOW_CTX_DAG_OWNER='autoquery' AIRFLOW_CTX_DAG_ID='mini_riskagent_file_ingestion' AIRFLOW_CTX_TASK_ID='wait_for_csv' AIRFLOW_CTX_EXECUTION_DATE='2026-09-05T15:24:00+00:00' AIRFLOW_CTX_TRY_NUMBER='1' AIRFLOW_CTX_DAG_RUN_ID='scheduled__2026-09-05T15:24:00+00:00'
[2026-09-05T17:36:22.619+0200] {logging_mixin.py:190} INFO - Task instance is in running state
[2026-09-05T17:36:22.619+0200] {logging_mixin.py:190} INFO -  Previous state of the Task instance: queued
[2026-09-05T17:36:22.619+0200] {logging_mixin.py:190} INFO - Current task name:wait_for_csv state:running start_date:2026-09-05 15:36:22.532568+00:00
[2026-09-05T17:36:22.620+0200] {logging_mixin.py:190} INFO - Dag name:mini_riskagent_file_ingestion and current dag run status:running
[2026-09-05T17:36:22.620+0200] {taskinstance.py:732} INFO - ::endgroup::
[2026-09-05T17:36:22.621+0200] {python.py:75} INFO - Poking callable: <function check_for_csv_files at 0x108150c20>
[2026-09-05T17:36:22.624+0200] {taskinstance.py:310} INFO - Rescheduling task, marking task as UP_FOR_RESCHEDULE
[2026-09-05T17:36:22.624+0200] {taskinstance.py:341} INFO - ::group::Post task execution logs
[2026-09-05T17:36:22.648+0200] {local_task_job_runner.py:266} INFO - Task exited with return code 0
[2026-09-05T17:36:22.654+0200] {taskinstance.py:3901} INFO - 0 downstream tasks scheduled from follow-on schedule check
[2026-09-05T17:36:22.654+0200] {local_task_job_runner.py:245} INFO - ::endgroup::
[2026-09-05T17:36:53.486+0200] {local_task_job_runner.py:123} INFO - ::group::Pre task execution logs
[2026-09-05T17:36:53.489+0200] {taskinstance.py:2614} INFO - Dependencies all met for dep_context=non-requeueable deps ti=<TaskInstance: mini_riskagent_file_ingestion.wait_for_csv scheduled__2026-09-05T15:24:00+00:00 [queued]>
[2026-09-05T17:36:53.490+0200] {taskinstance.py:2614} INFO - Dependencies all met for dep_context=requeueable deps ti=<TaskInstance: mini_riskagent_file_ingestion.wait_for_csv scheduled__2026-09-05T15:24:00+00:00 [queued]>
[2026-09-05T17:36:53.490+0200] {taskinstance.py:2867} INFO - Starting attempt 1 of 2
[2026-09-05T17:36:53.494+0200] {taskinstance.py:2890} INFO - Executing <Task(PythonSensor): wait_for_csv> on 2026-09-05 15:24:00+00:00
[2026-09-05T17:36:53.498+0200] {standard_task_runner.py:104} INFO - Running: ['airflow', 'tasks', 'run', 'mini_riskagent_file_ingestion', 'wait_for_csv', 'scheduled__2026-09-05T15:24:00+00:00', '--job-id', '168', '--raw', '--subdir', 'DAGS_FOLDER/data_ingest_pipeline.py', '--cfg-path', '/var/folders/5p/201rr1sj03g8gksxm9x48mbh0000gn/T/tmpc1zuvc4t']
[2026-09-05T17:36:53.499+0200] {standard_task_runner.py:105} INFO - Job 168: Subtask wait_for_csv
[2026-09-05T17:36:53.548+0200] {logging_mixin.py:190} WARNING - /Users/swarnalidatta/Desktop/AutoQueryChatbot/.airflow-venv/lib/python3.12/site-packages/airflow/task/task_runner/standard_task_runner.py:70 DeprecationWarning: This process (pid=18444) is multi-threaded, use of fork() may lead to deadlocks in the child.
[2026-09-05T17:36:53.549+0200] {standard_task_runner.py:72} INFO - Started process 18446 to run task
[2026-09-05T17:36:53.560+0200] {task_command.py:467} INFO - Running <TaskInstance: mini_riskagent_file_ingestion.wait_for_csv scheduled__2026-09-05T15:24:00+00:00 [running]> on host mac.home
[2026-09-05T17:36:53.575+0200] {taskinstance.py:3134} INFO - Exporting env vars: AIRFLOW_CTX_DAG_OWNER='autoquery' AIRFLOW_CTX_DAG_ID='mini_riskagent_file_ingestion' AIRFLOW_CTX_TASK_ID='wait_for_csv' AIRFLOW_CTX_EXECUTION_DATE='2026-09-05T15:24:00+00:00' AIRFLOW_CTX_TRY_NUMBER='1' AIRFLOW_CTX_DAG_RUN_ID='scheduled__2026-09-05T15:24:00+00:00'
[2026-09-05T17:36:53.575+0200] {logging_mixin.py:190} INFO - Task instance is in running state
[2026-09-05T17:36:53.576+0200] {logging_mixin.py:190} INFO -  Previous state of the Task instance: queued
[2026-09-05T17:36:53.576+0200] {logging_mixin.py:190} INFO - Current task name:wait_for_csv state:running start_date:2026-09-05 15:36:53.489540+00:00
[2026-09-05T17:36:53.576+0200] {logging_mixin.py:190} INFO - Dag name:mini_riskagent_file_ingestion and current dag run status:running
[2026-09-05T17:36:53.576+0200] {taskinstance.py:732} INFO - ::endgroup::
[2026-09-05T17:36:53.577+0200] {python.py:75} INFO - Poking callable: <function check_for_csv_files at 0x108b98c20>
[2026-09-05T17:36:53.581+0200] {taskinstance.py:310} INFO - Rescheduling task, marking task as UP_FOR_RESCHEDULE
[2026-09-05T17:36:53.581+0200] {taskinstance.py:341} INFO - ::group::Post task execution logs
[2026-09-05T17:36:53.604+0200] {local_task_job_runner.py:266} INFO - Task exited with return code 0
[2026-09-05T17:36:53.609+0200] {taskinstance.py:3901} INFO - 0 downstream tasks scheduled from follow-on schedule check
[2026-09-05T17:36:53.609+0200] {local_task_job_runner.py:245} INFO - ::endgroup::
[2026-09-05T17:37:25.402+0200] {local_task_job_runner.py:123} INFO - ::group::Pre task execution logs
[2026-09-05T17:37:25.405+0200] {taskinstance.py:2614} INFO - Dependencies all met for dep_context=non-requeueable deps ti=<TaskInstance: mini_riskagent_file_ingestion.wait_for_csv scheduled__2026-09-05T15:24:00+00:00 [queued]>
[2026-09-05T17:37:25.406+0200] {taskinstance.py:2614} INFO - Dependencies all met for dep_context=requeueable deps ti=<TaskInstance: mini_riskagent_file_ingestion.wait_for_csv scheduled__2026-09-05T15:24:00+00:00 [queued]>
[2026-09-05T17:37:25.406+0200] {taskinstance.py:2867} INFO - Starting attempt 1 of 2
[2026-09-05T17:37:25.410+0200] {taskinstance.py:2890} INFO - Executing <Task(PythonSensor): wait_for_csv> on 2026-09-05 15:24:00+00:00
[2026-09-05T17:37:25.414+0200] {standard_task_runner.py:104} INFO - Running: ['airflow', 'tasks', 'run', 'mini_riskagent_file_ingestion', 'wait_for_csv', 'scheduled__2026-09-05T15:24:00+00:00', '--job-id', '176', '--raw', '--subdir', 'DAGS_FOLDER/data_ingest_pipeline.py', '--cfg-path', '/var/folders/5p/201rr1sj03g8gksxm9x48mbh0000gn/T/tmpjm8j992e']
[2026-09-05T17:37:25.415+0200] {standard_task_runner.py:105} INFO - Job 176: Subtask wait_for_csv
[2026-09-05T17:37:25.466+0200] {logging_mixin.py:190} WARNING - /Users/swarnalidatta/Desktop/AutoQueryChatbot/.airflow-venv/lib/python3.12/site-packages/airflow/task/task_runner/standard_task_runner.py:70 DeprecationWarning: This process (pid=18530) is multi-threaded, use of fork() may lead to deadlocks in the child.
[2026-09-05T17:37:25.466+0200] {standard_task_runner.py:72} INFO - Started process 18532 to run task
[2026-09-05T17:37:25.476+0200] {task_command.py:467} INFO - Running <TaskInstance: mini_riskagent_file_ingestion.wait_for_csv scheduled__2026-09-05T15:24:00+00:00 [running]> on host mac.home
[2026-09-05T17:37:25.492+0200] {taskinstance.py:3134} INFO - Exporting env vars: AIRFLOW_CTX_DAG_OWNER='autoquery' AIRFLOW_CTX_DAG_ID='mini_riskagent_file_ingestion' AIRFLOW_CTX_TASK_ID='wait_for_csv' AIRFLOW_CTX_EXECUTION_DATE='2026-09-05T15:24:00+00:00' AIRFLOW_CTX_TRY_NUMBER='1' AIRFLOW_CTX_DAG_RUN_ID='scheduled__2026-09-05T15:24:00+00:00'
[2026-09-05T17:37:25.492+0200] {logging_mixin.py:190} INFO - Task instance is in running state
[2026-09-05T17:37:25.492+0200] {logging_mixin.py:190} INFO -  Previous state of the Task instance: queued
[2026-09-05T17:37:25.492+0200] {logging_mixin.py:190} INFO - Current task name:wait_for_csv state:running start_date:2026-09-05 15:37:25.405476+00:00
[2026-09-05T17:37:25.493+0200] {logging_mixin.py:190} INFO - Dag name:mini_riskagent_file_ingestion and current dag run status:running
[2026-09-05T17:37:25.493+0200] {taskinstance.py:732} INFO - ::endgroup::
[2026-09-05T17:37:25.494+0200] {python.py:75} INFO - Poking callable: <function check_for_csv_files at 0x10cd54c20>
[2026-09-05T17:37:25.497+0200] {taskinstance.py:310} INFO - Rescheduling task, marking task as UP_FOR_RESCHEDULE
[2026-09-05T17:37:25.497+0200] {taskinstance.py:341} INFO - ::group::Post task execution logs
[2026-09-05T17:37:25.521+0200] {local_task_job_runner.py:266} INFO - Task exited with return code 0
[2026-09-05T17:37:25.526+0200] {taskinstance.py:3901} INFO - 0 downstream tasks scheduled from follow-on schedule check
[2026-09-05T17:37:25.526+0200] {local_task_job_runner.py:245} INFO - ::endgroup::
[2026-09-05T17:37:57.565+0200] {local_task_job_runner.py:123} INFO - ::group::Pre task execution logs
[2026-09-05T17:37:57.568+0200] {taskinstance.py:2614} INFO - Dependencies all met for dep_context=non-requeueable deps ti=<TaskInstance: mini_riskagent_file_ingestion.wait_for_csv scheduled__2026-09-05T15:24:00+00:00 [queued]>
[2026-09-05T17:37:57.569+0200] {taskinstance.py:2614} INFO - Dependencies all met for dep_context=requeueable deps ti=<TaskInstance: mini_riskagent_file_ingestion.wait_for_csv scheduled__2026-09-05T15:24:00+00:00 [queued]>
[2026-09-05T17:37:57.569+0200] {taskinstance.py:2867} INFO - Starting attempt 1 of 2
[2026-09-05T17:37:57.573+0200] {taskinstance.py:2890} INFO - Executing <Task(PythonSensor): wait_for_csv> on 2026-09-05 15:24:00+00:00
[2026-09-05T17:37:57.577+0200] {standard_task_runner.py:104} INFO - Running: ['airflow', 'tasks', 'run', 'mini_riskagent_file_ingestion', 'wait_for_csv', 'scheduled__2026-09-05T15:24:00+00:00', '--job-id', '184', '--raw', '--subdir', 'DAGS_FOLDER/data_ingest_pipeline.py', '--cfg-path', '/var/folders/5p/201rr1sj03g8gksxm9x48mbh0000gn/T/tmpwx2hfwvw']
[2026-09-05T17:37:57.578+0200] {standard_task_runner.py:105} INFO - Job 184: Subtask wait_for_csv
[2026-09-05T17:37:57.630+0200] {logging_mixin.py:190} WARNING - /Users/swarnalidatta/Desktop/AutoQueryChatbot/.airflow-venv/lib/python3.12/site-packages/airflow/task/task_runner/standard_task_runner.py:70 DeprecationWarning: This process (pid=18619) is multi-threaded, use of fork() may lead to deadlocks in the child.
[2026-09-05T17:37:57.630+0200] {standard_task_runner.py:72} INFO - Started process 18625 to run task
[2026-09-05T17:37:57.640+0200] {task_command.py:467} INFO - Running <TaskInstance: mini_riskagent_file_ingestion.wait_for_csv scheduled__2026-09-05T15:24:00+00:00 [running]> on host mac.home
[2026-09-05T17:37:57.655+0200] {taskinstance.py:3134} INFO - Exporting env vars: AIRFLOW_CTX_DAG_OWNER='autoquery' AIRFLOW_CTX_DAG_ID='mini_riskagent_file_ingestion' AIRFLOW_CTX_TASK_ID='wait_for_csv' AIRFLOW_CTX_EXECUTION_DATE='2026-09-05T15:24:00+00:00' AIRFLOW_CTX_TRY_NUMBER='1' AIRFLOW_CTX_DAG_RUN_ID='scheduled__2026-09-05T15:24:00+00:00'
[2026-09-05T17:37:57.655+0200] {logging_mixin.py:190} INFO - Task instance is in running state
[2026-09-05T17:37:57.655+0200] {logging_mixin.py:190} INFO -  Previous state of the Task instance: queued
[2026-09-05T17:37:57.655+0200] {logging_mixin.py:190} INFO - Current task name:wait_for_csv state:running start_date:2026-09-05 15:37:57.568284+00:00
[2026-09-05T17:37:57.656+0200] {logging_mixin.py:190} INFO - Dag name:mini_riskagent_file_ingestion and current dag run status:running
[2026-09-05T17:37:57.656+0200] {taskinstance.py:732} INFO - ::endgroup::
[2026-09-05T17:37:57.657+0200] {python.py:75} INFO - Poking callable: <function check_for_csv_files at 0x10cc54c20>
[2026-09-05T17:37:57.660+0200] {taskinstance.py:310} INFO - Rescheduling task, marking task as UP_FOR_RESCHEDULE
[2026-09-05T17:37:57.660+0200] {taskinstance.py:341} INFO - ::group::Post task execution logs
[2026-09-05T17:37:57.685+0200] {local_task_job_runner.py:266} INFO - Task exited with return code 0
[2026-09-05T17:37:57.690+0200] {taskinstance.py:3901} INFO - 0 downstream tasks scheduled from follow-on schedule check
[2026-09-05T17:37:57.690+0200] {local_task_job_runner.py:245} INFO - ::endgroup::
[2026-09-05T17:38:29.873+0200] {local_task_job_runner.py:123} INFO - ::group::Pre task execution logs
[2026-09-05T17:38:29.875+0200] {taskinstance.py:2614} INFO - Dependencies all met for dep_context=non-requeueable deps ti=<TaskInstance: mini_riskagent_file_ingestion.wait_for_csv scheduled__2026-09-05T15:24:00+00:00 [queued]>
[2026-09-05T17:38:29.877+0200] {taskinstance.py:2614} INFO - Dependencies all met for dep_context=requeueable deps ti=<TaskInstance: mini_riskagent_file_ingestion.wait_for_csv scheduled__2026-09-05T15:24:00+00:00 [queued]>
[2026-09-05T17:38:29.877+0200] {taskinstance.py:2867} INFO - Starting attempt 1 of 2
[2026-09-05T17:38:29.881+0200] {taskinstance.py:2890} INFO - Executing <Task(PythonSensor): wait_for_csv> on 2026-09-05 15:24:00+00:00
[2026-09-05T17:38:29.885+0200] {standard_task_runner.py:104} INFO - Running: ['airflow', 'tasks', 'run', 'mini_riskagent_file_ingestion', 'wait_for_csv', 'scheduled__2026-09-05T15:24:00+00:00', '--job-id', '193', '--raw', '--subdir', 'DAGS_FOLDER/data_ingest_pipeline.py', '--cfg-path', '/var/folders/5p/201rr1sj03g8gksxm9x48mbh0000gn/T/tmpxg3agk8e']
[2026-09-05T17:38:29.885+0200] {standard_task_runner.py:105} INFO - Job 193: Subtask wait_for_csv
[2026-09-05T17:38:29.936+0200] {logging_mixin.py:190} WARNING - /Users/swarnalidatta/Desktop/AutoQueryChatbot/.airflow-venv/lib/python3.12/site-packages/airflow/task/task_runner/standard_task_runner.py:70 DeprecationWarning: This process (pid=18712) is multi-threaded, use of fork() may lead to deadlocks in the child.
[2026-09-05T17:38:29.937+0200] {standard_task_runner.py:72} INFO - Started process 18714 to run task
[2026-09-05T17:38:29.947+0200] {task_command.py:467} INFO - Running <TaskInstance: mini_riskagent_file_ingestion.wait_for_csv scheduled__2026-09-05T15:24:00+00:00 [running]> on host mac.home
[2026-09-05T17:38:29.963+0200] {taskinstance.py:3134} INFO - Exporting env vars: AIRFLOW_CTX_DAG_OWNER='autoquery' AIRFLOW_CTX_DAG_ID='mini_riskagent_file_ingestion' AIRFLOW_CTX_TASK_ID='wait_for_csv' AIRFLOW_CTX_EXECUTION_DATE='2026-09-05T15:24:00+00:00' AIRFLOW_CTX_TRY_NUMBER='1' AIRFLOW_CTX_DAG_RUN_ID='scheduled__2026-09-05T15:24:00+00:00'
[2026-09-05T17:38:29.963+0200] {logging_mixin.py:190} INFO - Task instance is in running state
[2026-09-05T17:38:29.963+0200] {logging_mixin.py:190} INFO -  Previous state of the Task instance: queued
[2026-09-05T17:38:29.963+0200] {logging_mixin.py:190} INFO - Current task name:wait_for_csv state:running start_date:2026-09-05 15:38:29.875939+00:00
[2026-09-05T17:38:29.963+0200] {logging_mixin.py:190} INFO - Dag name:mini_riskagent_file_ingestion and current dag run status:running
[2026-09-05T17:38:29.964+0200] {taskinstance.py:732} INFO - ::endgroup::
[2026-09-05T17:38:29.965+0200] {python.py:75} INFO - Poking callable: <function check_for_csv_files at 0x108988c20>
[2026-09-05T17:38:29.968+0200] {taskinstance.py:310} INFO - Rescheduling task, marking task as UP_FOR_RESCHEDULE
[2026-09-05T17:38:29.968+0200] {taskinstance.py:341} INFO - ::group::Post task execution logs
[2026-09-05T17:38:29.992+0200] {local_task_job_runner.py:266} INFO - Task exited with return code 0
[2026-09-05T17:38:29.997+0200] {taskinstance.py:3901} INFO - 0 downstream tasks scheduled from follow-on schedule check
[2026-09-05T17:38:29.997+0200] {local_task_job_runner.py:245} INFO - ::endgroup::
[2026-09-05T17:39:00.909+0200] {local_task_job_runner.py:123} INFO - ::group::Pre task execution logs
[2026-09-05T17:39:00.912+0200] {taskinstance.py:2614} INFO - Dependencies all met for dep_context=non-requeueable deps ti=<TaskInstance: mini_riskagent_file_ingestion.wait_for_csv scheduled__2026-09-05T15:24:00+00:00 [queued]>
[2026-09-05T17:39:00.913+0200] {taskinstance.py:2614} INFO - Dependencies all met for dep_context=requeueable deps ti=<TaskInstance: mini_riskagent_file_ingestion.wait_for_csv scheduled__2026-09-05T15:24:00+00:00 [queued]>
[2026-09-05T17:39:00.913+0200] {taskinstance.py:2867} INFO - Starting attempt 1 of 2
[2026-09-05T17:39:00.917+0200] {taskinstance.py:2890} INFO - Executing <Task(PythonSensor): wait_for_csv> on 2026-09-05 15:24:00+00:00
[2026-09-05T17:39:00.921+0200] {standard_task_runner.py:104} INFO - Running: ['airflow', 'tasks', 'run', 'mini_riskagent_file_ingestion', 'wait_for_csv', 'scheduled__2026-09-05T15:24:00+00:00', '--job-id', '202', '--raw', '--subdir', 'DAGS_FOLDER/data_ingest_pipeline.py', '--cfg-path', '/var/folders/5p/201rr1sj03g8gksxm9x48mbh0000gn/T/tmpilat9gyc']
[2026-09-05T17:39:00.922+0200] {standard_task_runner.py:105} INFO - Job 202: Subtask wait_for_csv
[2026-09-05T17:39:00.973+0200] {logging_mixin.py:190} WARNING - /Users/swarnalidatta/Desktop/AutoQueryChatbot/.airflow-venv/lib/python3.12/site-packages/airflow/task/task_runner/standard_task_runner.py:70 DeprecationWarning: This process (pid=18802) is multi-threaded, use of fork() may lead to deadlocks in the child.
[2026-09-05T17:39:00.973+0200] {standard_task_runner.py:72} INFO - Started process 18804 to run task
[2026-09-05T17:39:00.983+0200] {task_command.py:467} INFO - Running <TaskInstance: mini_riskagent_file_ingestion.wait_for_csv scheduled__2026-09-05T15:24:00+00:00 [running]> on host mac.home
[2026-09-05T17:39:00.998+0200] {taskinstance.py:3134} INFO - Exporting env vars: AIRFLOW_CTX_DAG_OWNER='autoquery' AIRFLOW_CTX_DAG_ID='mini_riskagent_file_ingestion' AIRFLOW_CTX_TASK_ID='wait_for_csv' AIRFLOW_CTX_EXECUTION_DATE='2026-09-05T15:24:00+00:00' AIRFLOW_CTX_TRY_NUMBER='1' AIRFLOW_CTX_DAG_RUN_ID='scheduled__2026-09-05T15:24:00+00:00'
[2026-09-05T17:39:00.999+0200] {logging_mixin.py:190} INFO - Task instance is in running state
[2026-09-05T17:39:00.999+0200] {logging_mixin.py:190} INFO -  Previous state of the Task instance: queued
[2026-09-05T17:39:00.999+0200] {logging_mixin.py:190} INFO - Current task name:wait_for_csv state:running start_date:2026-09-05 15:39:00.912274+00:00
[2026-09-05T17:39:00.999+0200] {logging_mixin.py:190} INFO - Dag name:mini_riskagent_file_ingestion and current dag run status:running
[2026-09-05T17:39:01.000+0200] {taskinstance.py:732} INFO - ::endgroup::
[2026-09-05T17:39:01.001+0200] {python.py:75} INFO - Poking callable: <function check_for_csv_files at 0x1110e4c20>
[2026-09-05T17:39:01.004+0200] {taskinstance.py:310} INFO - Rescheduling task, marking task as UP_FOR_RESCHEDULE
[2026-09-05T17:39:01.004+0200] {taskinstance.py:341} INFO - ::group::Post task execution logs
[2026-09-05T17:39:01.028+0200] {local_task_job_runner.py:266} INFO - Task exited with return code 0
[2026-09-05T17:39:01.033+0200] {taskinstance.py:3901} INFO - 0 downstream tasks scheduled from follow-on schedule check
[2026-09-05T17:39:01.033+0200] {local_task_job_runner.py:245} INFO - ::endgroup::
[2026-09-05T17:39:33.000+0200] {local_task_job_runner.py:123} INFO - ::group::Pre task execution logs
[2026-09-05T17:39:33.003+0200] {taskinstance.py:2614} INFO - Dependencies all met for dep_context=non-requeueable deps ti=<TaskInstance: mini_riskagent_file_ingestion.wait_for_csv scheduled__2026-09-05T15:24:00+00:00 [queued]>
[2026-09-05T17:39:33.004+0200] {taskinstance.py:2614} INFO - Dependencies all met for dep_context=requeueable deps ti=<TaskInstance: mini_riskagent_file_ingestion.wait_for_csv scheduled__2026-09-05T15:24:00+00:00 [queued]>
[2026-09-05T17:39:33.004+0200] {taskinstance.py:2867} INFO - Starting attempt 1 of 2
[2026-09-05T17:39:33.008+0200] {taskinstance.py:2890} INFO - Executing <Task(PythonSensor): wait_for_csv> on 2026-09-05 15:24:00+00:00
[2026-09-05T17:39:33.012+0200] {standard_task_runner.py:104} INFO - Running: ['airflow', 'tasks', 'run', 'mini_riskagent_file_ingestion', 'wait_for_csv', 'scheduled__2026-09-05T15:24:00+00:00', '--job-id', '212', '--raw', '--subdir', 'DAGS_FOLDER/data_ingest_pipeline.py', '--cfg-path', '/var/folders/5p/201rr1sj03g8gksxm9x48mbh0000gn/T/tmpr5wig_sr']
[2026-09-05T17:39:33.013+0200] {standard_task_runner.py:105} INFO - Job 212: Subtask wait_for_csv
[2026-09-05T17:39:33.064+0200] {logging_mixin.py:190} WARNING - /Users/swarnalidatta/Desktop/AutoQueryChatbot/.airflow-venv/lib/python3.12/site-packages/airflow/task/task_runner/standard_task_runner.py:70 DeprecationWarning: This process (pid=18892) is multi-threaded, use of fork() may lead to deadlocks in the child.
[2026-09-05T17:39:33.064+0200] {standard_task_runner.py:72} INFO - Started process 18895 to run task
[2026-09-05T17:39:33.074+0200] {task_command.py:467} INFO - Running <TaskInstance: mini_riskagent_file_ingestion.wait_for_csv scheduled__2026-09-05T15:24:00+00:00 [running]> on host mac.home
[2026-09-05T17:39:33.090+0200] {taskinstance.py:3134} INFO - Exporting env vars: AIRFLOW_CTX_DAG_OWNER='autoquery' AIRFLOW_CTX_DAG_ID='mini_riskagent_file_ingestion' AIRFLOW_CTX_TASK_ID='wait_for_csv' AIRFLOW_CTX_EXECUTION_DATE='2026-09-05T15:24:00+00:00' AIRFLOW_CTX_TRY_NUMBER='1' AIRFLOW_CTX_DAG_RUN_ID='scheduled__2026-09-05T15:24:00+00:00'
[2026-09-05T17:39:33.090+0200] {logging_mixin.py:190} INFO - Task instance is in running state
[2026-09-05T17:39:33.091+0200] {logging_mixin.py:190} INFO -  Previous state of the Task instance: queued
[2026-09-05T17:39:33.091+0200] {logging_mixin.py:190} INFO - Current task name:wait_for_csv state:running start_date:2026-09-05 15:39:33.003508+00:00
[2026-09-05T17:39:33.091+0200] {logging_mixin.py:190} INFO - Dag name:mini_riskagent_file_ingestion and current dag run status:running
[2026-09-05T17:39:33.091+0200] {taskinstance.py:732} INFO - ::endgroup::
[2026-09-05T17:39:33.092+0200] {python.py:75} INFO - Poking callable: <function check_for_csv_files at 0x10b0d0c20>
[2026-09-05T17:39:33.096+0200] {taskinstance.py:310} INFO - Rescheduling task, marking task as UP_FOR_RESCHEDULE
[2026-09-05T17:39:33.096+0200] {taskinstance.py:341} INFO - ::group::Post task execution logs
[2026-09-05T17:39:33.119+0200] {local_task_job_runner.py:266} INFO - Task exited with return code 0
[2026-09-05T17:39:33.124+0200] {taskinstance.py:3901} INFO - 0 downstream tasks scheduled from follow-on schedule check
[2026-09-05T17:39:33.124+0200] {local_task_job_runner.py:245} INFO - ::endgroup::
[2026-09-05T17:40:05.990+0200] {local_task_job_runner.py:123} INFO - ::group::Pre task execution logs
[2026-09-05T17:40:05.993+0200] {taskinstance.py:2614} INFO - Dependencies all met for dep_context=non-requeueable deps ti=<TaskInstance: mini_riskagent_file_ingestion.wait_for_csv scheduled__2026-09-05T15:24:00+00:00 [queued]>
[2026-09-05T17:40:05.994+0200] {taskinstance.py:2614} INFO - Dependencies all met for dep_context=requeueable deps ti=<TaskInstance: mini_riskagent_file_ingestion.wait_for_csv scheduled__2026-09-05T15:24:00+00:00 [queued]>
[2026-09-05T17:40:05.994+0200] {taskinstance.py:2867} INFO - Starting attempt 1 of 2
[2026-09-05T17:40:05.998+0200] {taskinstance.py:2890} INFO - Executing <Task(PythonSensor): wait_for_csv> on 2026-09-05 15:24:00+00:00
[2026-09-05T17:40:06.002+0200] {standard_task_runner.py:104} INFO - Running: ['airflow', 'tasks', 'run', 'mini_riskagent_file_ingestion', 'wait_for_csv', 'scheduled__2026-09-05T15:24:00+00:00', '--job-id', '223', '--raw', '--subdir', 'DAGS_FOLDER/data_ingest_pipeline.py', '--cfg-path', '/var/folders/5p/201rr1sj03g8gksxm9x48mbh0000gn/T/tmp940undz9']
[2026-09-05T17:40:06.003+0200] {standard_task_runner.py:105} INFO - Job 223: Subtask wait_for_csv
[2026-09-05T17:40:06.052+0200] {logging_mixin.py:190} WARNING - /Users/swarnalidatta/Desktop/AutoQueryChatbot/.airflow-venv/lib/python3.12/site-packages/airflow/task/task_runner/standard_task_runner.py:70 DeprecationWarning: This process (pid=18992) is multi-threaded, use of fork() may lead to deadlocks in the child.
[2026-09-05T17:40:06.053+0200] {standard_task_runner.py:72} INFO - Started process 18994 to run task
[2026-09-05T17:40:06.065+0200] {task_command.py:467} INFO - Running <TaskInstance: mini_riskagent_file_ingestion.wait_for_csv scheduled__2026-09-05T15:24:00+00:00 [running]> on host mac.home
[2026-09-05T17:40:06.080+0200] {taskinstance.py:3134} INFO - Exporting env vars: AIRFLOW_CTX_DAG_OWNER='autoquery' AIRFLOW_CTX_DAG_ID='mini_riskagent_file_ingestion' AIRFLOW_CTX_TASK_ID='wait_for_csv' AIRFLOW_CTX_EXECUTION_DATE='2026-09-05T15:24:00+00:00' AIRFLOW_CTX_TRY_NUMBER='1' AIRFLOW_CTX_DAG_RUN_ID='scheduled__2026-09-05T15:24:00+00:00'
[2026-09-05T17:40:06.081+0200] {logging_mixin.py:190} INFO - Task instance is in running state
[2026-09-05T17:40:06.081+0200] {logging_mixin.py:190} INFO -  Previous state of the Task instance: queued
[2026-09-05T17:40:06.081+0200] {logging_mixin.py:190} INFO - Current task name:wait_for_csv state:running start_date:2026-09-05 15:40:05.993269+00:00
[2026-09-05T17:40:06.081+0200] {logging_mixin.py:190} INFO - Dag name:mini_riskagent_file_ingestion and current dag run status:running
[2026-09-05T17:40:06.081+0200] {taskinstance.py:732} INFO - ::endgroup::
[2026-09-05T17:40:06.083+0200] {python.py:75} INFO - Poking callable: <function check_for_csv_files at 0x108dc8c20>
[2026-09-05T17:40:06.086+0200] {taskinstance.py:310} INFO - Rescheduling task, marking task as UP_FOR_RESCHEDULE
[2026-09-05T17:40:06.086+0200] {taskinstance.py:341} INFO - ::group::Post task execution logs
[2026-09-05T17:40:06.108+0200] {local_task_job_runner.py:266} INFO - Task exited with return code 0
[2026-09-05T17:40:06.113+0200] {taskinstance.py:3901} INFO - 0 downstream tasks scheduled from follow-on schedule check
[2026-09-05T17:40:06.113+0200] {local_task_job_runner.py:245} INFO - ::endgroup::
[2026-09-05T17:40:38.445+0200] {local_task_job_runner.py:123} INFO - ::group::Pre task execution logs
[2026-09-05T17:40:38.448+0200] {taskinstance.py:2614} INFO - Dependencies all met for dep_context=non-requeueable deps ti=<TaskInstance: mini_riskagent_file_ingestion.wait_for_csv scheduled__2026-09-05T15:24:00+00:00 [queued]>
[2026-09-05T17:40:38.450+0200] {taskinstance.py:2614} INFO - Dependencies all met for dep_context=requeueable deps ti=<TaskInstance: mini_riskagent_file_ingestion.wait_for_csv scheduled__2026-09-05T15:24:00+00:00 [queued]>
[2026-09-05T17:40:38.450+0200] {taskinstance.py:2867} INFO - Starting attempt 1 of 2
[2026-09-05T17:40:38.453+0200] {taskinstance.py:2890} INFO - Executing <Task(PythonSensor): wait_for_csv> on 2026-09-05 15:24:00+00:00
[2026-09-05T17:40:38.458+0200] {standard_task_runner.py:104} INFO - Running: ['airflow', 'tasks', 'run', 'mini_riskagent_file_ingestion', 'wait_for_csv', 'scheduled__2026-09-05T15:24:00+00:00', '--job-id', '234', '--raw', '--subdir', 'DAGS_FOLDER/data_ingest_pipeline.py', '--cfg-path', '/var/folders/5p/201rr1sj03g8gksxm9x48mbh0000gn/T/tmp3nmldck8']
[2026-09-05T17:40:38.459+0200] {standard_task_runner.py:105} INFO - Job 234: Subtask wait_for_csv
[2026-09-05T17:40:38.510+0200] {logging_mixin.py:190} WARNING - /Users/swarnalidatta/Desktop/AutoQueryChatbot/.airflow-venv/lib/python3.12/site-packages/airflow/task/task_runner/standard_task_runner.py:70 DeprecationWarning: This process (pid=19086) is multi-threaded, use of fork() may lead to deadlocks in the child.
[2026-09-05T17:40:38.510+0200] {standard_task_runner.py:72} INFO - Started process 19088 to run task
[2026-09-05T17:40:38.522+0200] {task_command.py:467} INFO - Running <TaskInstance: mini_riskagent_file_ingestion.wait_for_csv scheduled__2026-09-05T15:24:00+00:00 [running]> on host mac.home
[2026-09-05T17:40:38.537+0200] {taskinstance.py:3134} INFO - Exporting env vars: AIRFLOW_CTX_DAG_OWNER='autoquery' AIRFLOW_CTX_DAG_ID='mini_riskagent_file_ingestion' AIRFLOW_CTX_TASK_ID='wait_for_csv' AIRFLOW_CTX_EXECUTION_DATE='2026-09-05T15:24:00+00:00' AIRFLOW_CTX_TRY_NUMBER='1' AIRFLOW_CTX_DAG_RUN_ID='scheduled__2026-09-05T15:24:00+00:00'
[2026-09-05T17:40:38.538+0200] {logging_mixin.py:190} INFO - Task instance is in running state
[2026-09-05T17:40:38.538+0200] {logging_mixin.py:190} INFO -  Previous state of the Task instance: queued
[2026-09-05T17:40:38.538+0200] {logging_mixin.py:190} INFO - Current task name:wait_for_csv state:running start_date:2026-09-05 15:40:38.448692+00:00
[2026-09-05T17:40:38.538+0200] {logging_mixin.py:190} INFO - Dag name:mini_riskagent_file_ingestion and current dag run status:running
[2026-09-05T17:40:38.538+0200] {taskinstance.py:732} INFO - ::endgroup::
[2026-09-05T17:40:38.540+0200] {python.py:75} INFO - Poking callable: <function check_for_csv_files at 0x10a43cc20>
[2026-09-05T17:40:38.543+0200] {taskinstance.py:310} INFO - Rescheduling task, marking task as UP_FOR_RESCHEDULE
[2026-09-05T17:40:38.543+0200] {taskinstance.py:341} INFO - ::group::Post task execution logs
[2026-09-05T17:40:38.565+0200] {local_task_job_runner.py:266} INFO - Task exited with return code 0
[2026-09-05T17:40:38.570+0200] {taskinstance.py:3901} INFO - 0 downstream tasks scheduled from follow-on schedule check
[2026-09-05T17:40:38.571+0200] {local_task_job_runner.py:245} INFO - ::endgroup::
[2026-09-05T17:41:09.440+0200] {local_task_job_runner.py:123} INFO - ::group::Pre task execution logs
[2026-09-05T17:41:09.443+0200] {taskinstance.py:2614} INFO - Dependencies all met for dep_context=non-requeueable deps ti=<TaskInstance: mini_riskagent_file_ingestion.wait_for_csv scheduled__2026-09-05T15:24:00+00:00 [queued]>
[2026-09-05T17:41:09.444+0200] {taskinstance.py:2614} INFO - Dependencies all met for dep_context=requeueable deps ti=<TaskInstance: mini_riskagent_file_ingestion.wait_for_csv scheduled__2026-09-05T15:24:00+00:00 [queued]>
[2026-09-05T17:41:09.444+0200] {taskinstance.py:2867} INFO - Starting attempt 1 of 2
[2026-09-05T17:41:09.448+0200] {taskinstance.py:2890} INFO - Executing <Task(PythonSensor): wait_for_csv> on 2026-09-05 15:24:00+00:00
[2026-09-05T17:41:09.453+0200] {standard_task_runner.py:104} INFO - Running: ['airflow', 'tasks', 'run', 'mini_riskagent_file_ingestion', 'wait_for_csv', 'scheduled__2026-09-05T15:24:00+00:00', '--job-id', '246', '--raw', '--subdir', 'DAGS_FOLDER/data_ingest_pipeline.py', '--cfg-path', '/var/folders/5p/201rr1sj03g8gksxm9x48mbh0000gn/T/tmpk_w7zt1l']
[2026-09-05T17:41:09.454+0200] {standard_task_runner.py:105} INFO - Job 246: Subtask wait_for_csv
[2026-09-05T17:41:09.505+0200] {logging_mixin.py:190} WARNING - /Users/swarnalidatta/Desktop/AutoQueryChatbot/.airflow-venv/lib/python3.12/site-packages/airflow/task/task_runner/standard_task_runner.py:70 DeprecationWarning: This process (pid=19180) is multi-threaded, use of fork() may lead to deadlocks in the child.
[2026-09-05T17:41:09.505+0200] {standard_task_runner.py:72} INFO - Started process 19182 to run task
[2026-09-05T17:41:09.516+0200] {task_command.py:467} INFO - Running <TaskInstance: mini_riskagent_file_ingestion.wait_for_csv scheduled__2026-09-05T15:24:00+00:00 [running]> on host mac.home
[2026-09-05T17:41:09.531+0200] {taskinstance.py:3134} INFO - Exporting env vars: AIRFLOW_CTX_DAG_OWNER='autoquery' AIRFLOW_CTX_DAG_ID='mini_riskagent_file_ingestion' AIRFLOW_CTX_TASK_ID='wait_for_csv' AIRFLOW_CTX_EXECUTION_DATE='2026-09-05T15:24:00+00:00' AIRFLOW_CTX_TRY_NUMBER='1' AIRFLOW_CTX_DAG_RUN_ID='scheduled__2026-09-05T15:24:00+00:00'
[2026-09-05T17:41:09.532+0200] {logging_mixin.py:190} INFO - Task instance is in running state
[2026-09-05T17:41:09.532+0200] {logging_mixin.py:190} INFO -  Previous state of the Task instance: queued
[2026-09-05T17:41:09.532+0200] {logging_mixin.py:190} INFO - Current task name:wait_for_csv state:running start_date:2026-09-05 15:41:09.443405+00:00
[2026-09-05T17:41:09.532+0200] {logging_mixin.py:190} INFO - Dag name:mini_riskagent_file_ingestion and current dag run status:running
[2026-09-05T17:41:09.532+0200] {taskinstance.py:732} INFO - ::endgroup::
[2026-09-05T17:41:09.534+0200] {python.py:75} INFO - Poking callable: <function check_for_csv_files at 0x10cc18c20>
[2026-09-05T17:41:09.537+0200] {taskinstance.py:310} INFO - Rescheduling task, marking task as UP_FOR_RESCHEDULE
[2026-09-05T17:41:09.537+0200] {taskinstance.py:341} INFO - ::group::Post task execution logs
[2026-09-05T17:41:09.561+0200] {local_task_job_runner.py:266} INFO - Task exited with return code 0
[2026-09-05T17:41:09.566+0200] {taskinstance.py:3901} INFO - 0 downstream tasks scheduled from follow-on schedule check
[2026-09-05T17:41:09.566+0200] {local_task_job_runner.py:245} INFO - ::endgroup::
[2026-09-05T17:41:40.863+0200] {local_task_job_runner.py:123} INFO - ::group::Pre task execution logs
[2026-09-05T17:41:40.865+0200] {taskinstance.py:2614} INFO - Dependencies all met for dep_context=non-requeueable deps ti=<TaskInstance: mini_riskagent_file_ingestion.wait_for_csv scheduled__2026-09-05T15:24:00+00:00 [queued]>
[2026-09-05T17:41:40.867+0200] {taskinstance.py:2614} INFO - Dependencies all met for dep_context=requeueable deps ti=<TaskInstance: mini_riskagent_file_ingestion.wait_for_csv scheduled__2026-09-05T15:24:00+00:00 [queued]>
[2026-09-05T17:41:40.867+0200] {taskinstance.py:2867} INFO - Starting attempt 1 of 2
[2026-09-05T17:41:40.870+0200] {taskinstance.py:2890} INFO - Executing <Task(PythonSensor): wait_for_csv> on 2026-09-05 15:24:00+00:00
[2026-09-05T17:41:40.875+0200] {standard_task_runner.py:104} INFO - Running: ['airflow', 'tasks', 'run', 'mini_riskagent_file_ingestion', 'wait_for_csv', 'scheduled__2026-09-05T15:24:00+00:00', '--job-id', '258', '--raw', '--subdir', 'DAGS_FOLDER/data_ingest_pipeline.py', '--cfg-path', '/var/folders/5p/201rr1sj03g8gksxm9x48mbh0000gn/T/tmp2rfgbiew']
[2026-09-05T17:41:40.876+0200] {standard_task_runner.py:105} INFO - Job 258: Subtask wait_for_csv
[2026-09-05T17:41:40.926+0200] {logging_mixin.py:190} WARNING - /Users/swarnalidatta/Desktop/AutoQueryChatbot/.airflow-venv/lib/python3.12/site-packages/airflow/task/task_runner/standard_task_runner.py:70 DeprecationWarning: This process (pid=19480) is multi-threaded, use of fork() may lead to deadlocks in the child.
[2026-09-05T17:41:40.926+0200] {standard_task_runner.py:72} INFO - Started process 19486 to run task
[2026-09-05T17:41:40.938+0200] {task_command.py:467} INFO - Running <TaskInstance: mini_riskagent_file_ingestion.wait_for_csv scheduled__2026-09-05T15:24:00+00:00 [running]> on host mac.home
[2026-09-05T17:41:40.955+0200] {taskinstance.py:3134} INFO - Exporting env vars: AIRFLOW_CTX_DAG_OWNER='autoquery' AIRFLOW_CTX_DAG_ID='mini_riskagent_file_ingestion' AIRFLOW_CTX_TASK_ID='wait_for_csv' AIRFLOW_CTX_EXECUTION_DATE='2026-09-05T15:24:00+00:00' AIRFLOW_CTX_TRY_NUMBER='1' AIRFLOW_CTX_DAG_RUN_ID='scheduled__2026-09-05T15:24:00+00:00'
[2026-09-05T17:41:40.955+0200] {logging_mixin.py:190} INFO - Task instance is in running state
[2026-09-05T17:41:40.955+0200] {logging_mixin.py:190} INFO -  Previous state of the Task instance: queued
[2026-09-05T17:41:40.955+0200] {logging_mixin.py:190} INFO - Current task name:wait_for_csv state:running start_date:2026-09-05 15:41:40.865881+00:00
[2026-09-05T17:41:40.955+0200] {logging_mixin.py:190} INFO - Dag name:mini_riskagent_file_ingestion and current dag run status:running
[2026-09-05T17:41:40.956+0200] {taskinstance.py:732} INFO - ::endgroup::
[2026-09-05T17:41:40.957+0200] {python.py:75} INFO - Poking callable: <function check_for_csv_files at 0x10c8e4c20>
[2026-09-05T17:41:40.960+0200] {taskinstance.py:310} INFO - Rescheduling task, marking task as UP_FOR_RESCHEDULE
[2026-09-05T17:41:40.960+0200] {taskinstance.py:341} INFO - ::group::Post task execution logs
[2026-09-05T17:41:40.981+0200] {local_task_job_runner.py:266} INFO - Task exited with return code 0
[2026-09-05T17:41:40.986+0200] {taskinstance.py:3901} INFO - 0 downstream tasks scheduled from follow-on schedule check
[2026-09-05T17:41:40.986+0200] {local_task_job_runner.py:245} INFO - ::endgroup::
[2026-09-05T17:42:12.882+0200] {local_task_job_runner.py:123} INFO - ::group::Pre task execution logs
[2026-09-05T17:42:12.885+0200] {taskinstance.py:2614} INFO - Dependencies all met for dep_context=non-requeueable deps ti=<TaskInstance: mini_riskagent_file_ingestion.wait_for_csv scheduled__2026-09-05T15:24:00+00:00 [queued]>
[2026-09-05T17:42:12.887+0200] {taskinstance.py:2614} INFO - Dependencies all met for dep_context=requeueable deps ti=<TaskInstance: mini_riskagent_file_ingestion.wait_for_csv scheduled__2026-09-05T15:24:00+00:00 [queued]>
[2026-09-05T17:42:12.887+0200] {taskinstance.py:2867} INFO - Starting attempt 1 of 2
[2026-09-05T17:42:12.890+0200] {taskinstance.py:2890} INFO - Executing <Task(PythonSensor): wait_for_csv> on 2026-09-05 15:24:00+00:00
[2026-09-05T17:42:12.895+0200] {standard_task_runner.py:104} INFO - Running: ['airflow', 'tasks', 'run', 'mini_riskagent_file_ingestion', 'wait_for_csv', 'scheduled__2026-09-05T15:24:00+00:00', '--job-id', '271', '--raw', '--subdir', 'DAGS_FOLDER/data_ingest_pipeline.py', '--cfg-path', '/var/folders/5p/201rr1sj03g8gksxm9x48mbh0000gn/T/tmp4ot94lj1']
[2026-09-05T17:42:12.895+0200] {standard_task_runner.py:105} INFO - Job 271: Subtask wait_for_csv
[2026-09-05T17:42:12.947+0200] {logging_mixin.py:190} WARNING - /Users/swarnalidatta/Desktop/AutoQueryChatbot/.airflow-venv/lib/python3.12/site-packages/airflow/task/task_runner/standard_task_runner.py:70 DeprecationWarning: This process (pid=19583) is multi-threaded, use of fork() may lead to deadlocks in the child.
[2026-09-05T17:42:12.947+0200] {standard_task_runner.py:72} INFO - Started process 19585 to run task
[2026-09-05T17:42:12.957+0200] {task_command.py:467} INFO - Running <TaskInstance: mini_riskagent_file_ingestion.wait_for_csv scheduled__2026-09-05T15:24:00+00:00 [running]> on host mac.home
[2026-09-05T17:42:12.973+0200] {taskinstance.py:3134} INFO - Exporting env vars: AIRFLOW_CTX_DAG_OWNER='autoquery' AIRFLOW_CTX_DAG_ID='mini_riskagent_file_ingestion' AIRFLOW_CTX_TASK_ID='wait_for_csv' AIRFLOW_CTX_EXECUTION_DATE='2026-09-05T15:24:00+00:00' AIRFLOW_CTX_TRY_NUMBER='1' AIRFLOW_CTX_DAG_RUN_ID='scheduled__2026-09-05T15:24:00+00:00'
[2026-09-05T17:42:12.973+0200] {logging_mixin.py:190} INFO - Task instance is in running state
[2026-09-05T17:42:12.973+0200] {logging_mixin.py:190} INFO -  Previous state of the Task instance: queued
[2026-09-05T17:42:12.973+0200] {logging_mixin.py:190} INFO - Current task name:wait_for_csv state:running start_date:2026-09-05 15:42:12.885794+00:00
[2026-09-05T17:42:12.973+0200] {logging_mixin.py:190} INFO - Dag name:mini_riskagent_file_ingestion and current dag run status:running
[2026-09-05T17:42:12.974+0200] {taskinstance.py:732} INFO - ::endgroup::
[2026-09-05T17:42:12.975+0200] {python.py:75} INFO - Poking callable: <function check_for_csv_files at 0x10acd8c20>
[2026-09-05T17:42:12.978+0200] {taskinstance.py:310} INFO - Rescheduling task, marking task as UP_FOR_RESCHEDULE
[2026-09-05T17:42:12.978+0200] {taskinstance.py:341} INFO - ::group::Post task execution logs
[2026-09-05T17:42:13.002+0200] {local_task_job_runner.py:266} INFO - Task exited with return code 0
[2026-09-05T17:42:13.007+0200] {taskinstance.py:3901} INFO - 0 downstream tasks scheduled from follow-on schedule check
[2026-09-05T17:42:13.008+0200] {local_task_job_runner.py:245} INFO - ::endgroup::
[2026-09-05T17:42:44.990+0200] {local_task_job_runner.py:123} INFO - ::group::Pre task execution logs
[2026-09-05T17:42:44.993+0200] {taskinstance.py:2614} INFO - Dependencies all met for dep_context=non-requeueable deps ti=<TaskInstance: mini_riskagent_file_ingestion.wait_for_csv scheduled__2026-09-05T15:24:00+00:00 [queued]>
[2026-09-05T17:42:44.995+0200] {taskinstance.py:2614} INFO - Dependencies all met for dep_context=requeueable deps ti=<TaskInstance: mini_riskagent_file_ingestion.wait_for_csv scheduled__2026-09-05T15:24:00+00:00 [queued]>
[2026-09-05T17:42:44.995+0200] {taskinstance.py:2867} INFO - Starting attempt 1 of 2
[2026-09-05T17:42:44.998+0200] {taskinstance.py:2890} INFO - Executing <Task(PythonSensor): wait_for_csv> on 2026-09-05 15:24:00+00:00
[2026-09-05T17:42:45.002+0200] {standard_task_runner.py:104} INFO - Running: ['airflow', 'tasks', 'run', 'mini_riskagent_file_ingestion', 'wait_for_csv', 'scheduled__2026-09-05T15:24:00+00:00', '--job-id', '284', '--raw', '--subdir', 'DAGS_FOLDER/data_ingest_pipeline.py', '--cfg-path', '/var/folders/5p/201rr1sj03g8gksxm9x48mbh0000gn/T/tmp7rp2s5wo']
[2026-09-05T17:42:45.003+0200] {standard_task_runner.py:105} INFO - Job 284: Subtask wait_for_csv
[2026-09-05T17:42:45.055+0200] {logging_mixin.py:190} WARNING - /Users/swarnalidatta/Desktop/AutoQueryChatbot/.airflow-venv/lib/python3.12/site-packages/airflow/task/task_runner/standard_task_runner.py:70 DeprecationWarning: This process (pid=19683) is multi-threaded, use of fork() may lead to deadlocks in the child.
[2026-09-05T17:42:45.055+0200] {standard_task_runner.py:72} INFO - Started process 19685 to run task
[2026-09-05T17:42:45.067+0200] {task_command.py:467} INFO - Running <TaskInstance: mini_riskagent_file_ingestion.wait_for_csv scheduled__2026-09-05T15:24:00+00:00 [running]> on host mac.home
[2026-09-05T17:42:45.083+0200] {taskinstance.py:3134} INFO - Exporting env vars: AIRFLOW_CTX_DAG_OWNER='autoquery' AIRFLOW_CTX_DAG_ID='mini_riskagent_file_ingestion' AIRFLOW_CTX_TASK_ID='wait_for_csv' AIRFLOW_CTX_EXECUTION_DATE='2026-09-05T15:24:00+00:00' AIRFLOW_CTX_TRY_NUMBER='1' AIRFLOW_CTX_DAG_RUN_ID='scheduled__2026-09-05T15:24:00+00:00'
[2026-09-05T17:42:45.084+0200] {logging_mixin.py:190} INFO - Task instance is in running state
[2026-09-05T17:42:45.084+0200] {logging_mixin.py:190} INFO -  Previous state of the Task instance: queued
[2026-09-05T17:42:45.084+0200] {logging_mixin.py:190} INFO - Current task name:wait_for_csv state:running start_date:2026-09-05 15:42:44.993698+00:00
[2026-09-05T17:42:45.084+0200] {logging_mixin.py:190} INFO - Dag name:mini_riskagent_file_ingestion and current dag run status:running
[2026-09-05T17:42:45.084+0200] {taskinstance.py:732} INFO - ::endgroup::
[2026-09-05T17:42:45.086+0200] {python.py:75} INFO - Poking callable: <function check_for_csv_files at 0x108170c20>
[2026-09-05T17:42:45.089+0200] {taskinstance.py:310} INFO - Rescheduling task, marking task as UP_FOR_RESCHEDULE
[2026-09-05T17:42:45.089+0200] {taskinstance.py:341} INFO - ::group::Post task execution logs
[2026-09-05T17:42:45.111+0200] {local_task_job_runner.py:266} INFO - Task exited with return code 0
[2026-09-05T17:42:45.116+0200] {taskinstance.py:3901} INFO - 0 downstream tasks scheduled from follow-on schedule check
[2026-09-05T17:42:45.116+0200] {local_task_job_runner.py:245} INFO - ::endgroup::
[2026-09-05T17:43:17.474+0200] {local_task_job_runner.py:123} INFO - ::group::Pre task execution logs
[2026-09-05T17:43:17.477+0200] {taskinstance.py:2614} INFO - Dependencies all met for dep_context=non-requeueable deps ti=<TaskInstance: mini_riskagent_file_ingestion.wait_for_csv scheduled__2026-09-05T15:24:00+00:00 [queued]>
[2026-09-05T17:43:17.479+0200] {taskinstance.py:2614} INFO - Dependencies all met for dep_context=requeueable deps ti=<TaskInstance: mini_riskagent_file_ingestion.wait_for_csv scheduled__2026-09-05T15:24:00+00:00 [queued]>
[2026-09-05T17:43:17.479+0200] {taskinstance.py:2867} INFO - Starting attempt 1 of 2
[2026-09-05T17:43:17.482+0200] {taskinstance.py:2890} INFO - Executing <Task(PythonSensor): wait_for_csv> on 2026-09-05 15:24:00+00:00
[2026-09-05T17:43:17.487+0200] {standard_task_runner.py:104} INFO - Running: ['airflow', 'tasks', 'run', 'mini_riskagent_file_ingestion', 'wait_for_csv', 'scheduled__2026-09-05T15:24:00+00:00', '--job-id', '298', '--raw', '--subdir', 'DAGS_FOLDER/data_ingest_pipeline.py', '--cfg-path', '/var/folders/5p/201rr1sj03g8gksxm9x48mbh0000gn/T/tmps_iy_m9z']
[2026-09-05T17:43:17.488+0200] {standard_task_runner.py:105} INFO - Job 298: Subtask wait_for_csv
[2026-09-05T17:43:17.538+0200] {logging_mixin.py:190} WARNING - /Users/swarnalidatta/Desktop/AutoQueryChatbot/.airflow-venv/lib/python3.12/site-packages/airflow/task/task_runner/standard_task_runner.py:70 DeprecationWarning: This process (pid=19789) is multi-threaded, use of fork() may lead to deadlocks in the child.
[2026-09-05T17:43:17.538+0200] {standard_task_runner.py:72} INFO - Started process 19795 to run task
[2026-09-05T17:43:17.549+0200] {task_command.py:467} INFO - Running <TaskInstance: mini_riskagent_file_ingestion.wait_for_csv scheduled__2026-09-05T15:24:00+00:00 [running]> on host mac.home
[2026-09-05T17:43:17.564+0200] {taskinstance.py:3134} INFO - Exporting env vars: AIRFLOW_CTX_DAG_OWNER='autoquery' AIRFLOW_CTX_DAG_ID='mini_riskagent_file_ingestion' AIRFLOW_CTX_TASK_ID='wait_for_csv' AIRFLOW_CTX_EXECUTION_DATE='2026-09-05T15:24:00+00:00' AIRFLOW_CTX_TRY_NUMBER='1' AIRFLOW_CTX_DAG_RUN_ID='scheduled__2026-09-05T15:24:00+00:00'
[2026-09-05T17:43:17.564+0200] {logging_mixin.py:190} INFO - Task instance is in running state
[2026-09-05T17:43:17.564+0200] {logging_mixin.py:190} INFO -  Previous state of the Task instance: queued
[2026-09-05T17:43:17.565+0200] {logging_mixin.py:190} INFO - Current task name:wait_for_csv state:running start_date:2026-09-05 15:43:17.477711+00:00
[2026-09-05T17:43:17.565+0200] {logging_mixin.py:190} INFO - Dag name:mini_riskagent_file_ingestion and current dag run status:running
[2026-09-05T17:43:17.565+0200] {taskinstance.py:732} INFO - ::endgroup::
[2026-09-05T17:43:17.566+0200] {python.py:75} INFO - Poking callable: <function check_for_csv_files at 0x10ae00c20>
[2026-09-05T17:43:17.569+0200] {taskinstance.py:310} INFO - Rescheduling task, marking task as UP_FOR_RESCHEDULE
[2026-09-05T17:43:17.570+0200] {taskinstance.py:341} INFO - ::group::Post task execution logs
[2026-09-05T17:43:17.597+0200] {local_task_job_runner.py:266} INFO - Task exited with return code 0
[2026-09-05T17:43:17.602+0200] {taskinstance.py:3901} INFO - 0 downstream tasks scheduled from follow-on schedule check
[2026-09-05T17:43:17.602+0200] {local_task_job_runner.py:245} INFO - ::endgroup::
[2026-09-05T17:43:58.191+0200] {local_task_job_runner.py:123} INFO - ::group::Pre task execution logs
[2026-09-05T17:43:58.194+0200] {taskinstance.py:2614} INFO - Dependencies all met for dep_context=non-requeueable deps ti=<TaskInstance: mini_riskagent_file_ingestion.wait_for_csv scheduled__2026-09-05T15:24:00+00:00 [queued]>
[2026-09-05T17:43:58.195+0200] {taskinstance.py:2614} INFO - Dependencies all met for dep_context=requeueable deps ti=<TaskInstance: mini_riskagent_file_ingestion.wait_for_csv scheduled__2026-09-05T15:24:00+00:00 [queued]>
[2026-09-05T17:43:58.195+0200] {taskinstance.py:2867} INFO - Starting attempt 1 of 2
[2026-09-05T17:43:58.199+0200] {taskinstance.py:2890} INFO - Executing <Task(PythonSensor): wait_for_csv> on 2026-09-05 15:24:00+00:00
[2026-09-05T17:43:58.203+0200] {standard_task_runner.py:104} INFO - Running: ['airflow', 'tasks', 'run', 'mini_riskagent_file_ingestion', 'wait_for_csv', 'scheduled__2026-09-05T15:24:00+00:00', '--job-id', '312', '--raw', '--subdir', 'DAGS_FOLDER/data_ingest_pipeline.py', '--cfg-path', '/var/folders/5p/201rr1sj03g8gksxm9x48mbh0000gn/T/tmpydacqksb']
[2026-09-05T17:43:58.204+0200] {standard_task_runner.py:105} INFO - Job 312: Subtask wait_for_csv
[2026-09-05T17:43:58.255+0200] {logging_mixin.py:190} WARNING - /Users/swarnalidatta/Desktop/AutoQueryChatbot/.airflow-venv/lib/python3.12/site-packages/airflow/task/task_runner/standard_task_runner.py:70 DeprecationWarning: This process (pid=19859) is multi-threaded, use of fork() may lead to deadlocks in the child.
[2026-09-05T17:43:58.256+0200] {standard_task_runner.py:72} INFO - Started process 19861 to run task
[2026-09-05T17:43:58.266+0200] {task_command.py:467} INFO - Running <TaskInstance: mini_riskagent_file_ingestion.wait_for_csv scheduled__2026-09-05T15:24:00+00:00 [running]> on host mac.home
[2026-09-05T17:43:58.281+0200] {taskinstance.py:3134} INFO - Exporting env vars: AIRFLOW_CTX_DAG_OWNER='autoquery' AIRFLOW_CTX_DAG_ID='mini_riskagent_file_ingestion' AIRFLOW_CTX_TASK_ID='wait_for_csv' AIRFLOW_CTX_EXECUTION_DATE='2026-09-05T15:24:00+00:00' AIRFLOW_CTX_TRY_NUMBER='1' AIRFLOW_CTX_DAG_RUN_ID='scheduled__2026-09-05T15:24:00+00:00'
[2026-09-05T17:43:58.282+0200] {logging_mixin.py:190} INFO - Task instance is in running state
[2026-09-05T17:43:58.282+0200] {logging_mixin.py:190} INFO -  Previous state of the Task instance: queued
[2026-09-05T17:43:58.282+0200] {logging_mixin.py:190} INFO - Current task name:wait_for_csv state:running start_date:2026-09-05 15:43:58.194433+00:00
[2026-09-05T17:43:58.282+0200] {logging_mixin.py:190} INFO - Dag name:mini_riskagent_file_ingestion and current dag run status:running
[2026-09-05T17:43:58.282+0200] {taskinstance.py:732} INFO - ::endgroup::
[2026-09-05T17:43:58.284+0200] {python.py:75} INFO - Poking callable: <function check_for_csv_files at 0x10acb8c20>
[2026-09-05T17:43:58.287+0200] {taskinstance.py:310} INFO - Rescheduling task, marking task as UP_FOR_RESCHEDULE
[2026-09-05T17:43:58.287+0200] {taskinstance.py:341} INFO - ::group::Post task execution logs
[2026-09-05T17:43:58.311+0200] {local_task_job_runner.py:266} INFO - Task exited with return code 0
[2026-09-05T17:43:58.316+0200] {taskinstance.py:3901} INFO - 0 downstream tasks scheduled from follow-on schedule check
[2026-09-05T17:43:58.316+0200] {local_task_job_runner.py:245} INFO - ::endgroup::
[2026-09-05T17:44:32.657+0200] {local_task_job_runner.py:123} INFO - ::group::Pre task execution logs
[2026-09-05T17:44:32.660+0200] {taskinstance.py:2614} INFO - Dependencies all met for dep_context=non-requeueable deps ti=<TaskInstance: mini_riskagent_file_ingestion.wait_for_csv scheduled__2026-09-05T15:24:00+00:00 [queued]>
[2026-09-05T17:44:32.661+0200] {taskinstance.py:2614} INFO - Dependencies all met for dep_context=requeueable deps ti=<TaskInstance: mini_riskagent_file_ingestion.wait_for_csv scheduled__2026-09-05T15:24:00+00:00 [queued]>
[2026-09-05T17:44:32.662+0200] {taskinstance.py:2867} INFO - Starting attempt 1 of 2
[2026-09-05T17:44:32.665+0200] {taskinstance.py:2890} INFO - Executing <Task(PythonSensor): wait_for_csv> on 2026-09-05 15:24:00+00:00
[2026-09-05T17:44:32.670+0200] {standard_task_runner.py:104} INFO - Running: ['airflow', 'tasks', 'run', 'mini_riskagent_file_ingestion', 'wait_for_csv', 'scheduled__2026-09-05T15:24:00+00:00', '--job-id', '327', '--raw', '--subdir', 'DAGS_FOLDER/data_ingest_pipeline.py', '--cfg-path', '/var/folders/5p/201rr1sj03g8gksxm9x48mbh0000gn/T/tmpz1he9_7j']
[2026-09-05T17:44:32.670+0200] {standard_task_runner.py:105} INFO - Job 327: Subtask wait_for_csv
[2026-09-05T17:44:32.722+0200] {logging_mixin.py:190} WARNING - /Users/swarnalidatta/Desktop/AutoQueryChatbot/.airflow-venv/lib/python3.12/site-packages/airflow/task/task_runner/standard_task_runner.py:70 DeprecationWarning: This process (pid=19964) is multi-threaded, use of fork() may lead to deadlocks in the child.
[2026-09-05T17:44:32.722+0200] {standard_task_runner.py:72} INFO - Started process 19966 to run task
[2026-09-05T17:44:32.733+0200] {task_command.py:467} INFO - Running <TaskInstance: mini_riskagent_file_ingestion.wait_for_csv scheduled__2026-09-05T15:24:00+00:00 [running]> on host mac.home
[2026-09-05T17:44:32.749+0200] {taskinstance.py:3134} INFO - Exporting env vars: AIRFLOW_CTX_DAG_OWNER='autoquery' AIRFLOW_CTX_DAG_ID='mini_riskagent_file_ingestion' AIRFLOW_CTX_TASK_ID='wait_for_csv' AIRFLOW_CTX_EXECUTION_DATE='2026-09-05T15:24:00+00:00' AIRFLOW_CTX_TRY_NUMBER='1' AIRFLOW_CTX_DAG_RUN_ID='scheduled__2026-09-05T15:24:00+00:00'
[2026-09-05T17:44:32.750+0200] {logging_mixin.py:190} INFO - Task instance is in running state
[2026-09-05T17:44:32.750+0200] {logging_mixin.py:190} INFO -  Previous state of the Task instance: queued
[2026-09-05T17:44:32.750+0200] {logging_mixin.py:190} INFO - Current task name:wait_for_csv state:running start_date:2026-09-05 15:44:32.660629+00:00
[2026-09-05T17:44:32.750+0200] {logging_mixin.py:190} INFO - Dag name:mini_riskagent_file_ingestion and current dag run status:running
[2026-09-05T17:44:32.750+0200] {taskinstance.py:732} INFO - ::endgroup::
[2026-09-05T17:44:32.752+0200] {python.py:75} INFO - Poking callable: <function check_for_csv_files at 0x10c548c20>
[2026-09-05T17:44:32.755+0200] {taskinstance.py:310} INFO - Rescheduling task, marking task as UP_FOR_RESCHEDULE
[2026-09-05T17:44:32.755+0200] {taskinstance.py:341} INFO - ::group::Post task execution logs
[2026-09-05T17:44:32.777+0200] {local_task_job_runner.py:266} INFO - Task exited with return code 0
[2026-09-05T17:44:32.782+0200] {taskinstance.py:3901} INFO - 0 downstream tasks scheduled from follow-on schedule check
[2026-09-05T17:44:32.783+0200] {local_task_job_runner.py:245} INFO - ::endgroup::
[2026-09-05T17:45:06.559+0200] {local_task_job_runner.py:123} INFO - ::group::Pre task execution logs
[2026-09-05T17:45:06.562+0200] {taskinstance.py:2614} INFO - Dependencies all met for dep_context=non-requeueable deps ti=<TaskInstance: mini_riskagent_file_ingestion.wait_for_csv scheduled__2026-09-05T15:24:00+00:00 [queued]>
[2026-09-05T17:45:06.563+0200] {taskinstance.py:2614} INFO - Dependencies all met for dep_context=requeueable deps ti=<TaskInstance: mini_riskagent_file_ingestion.wait_for_csv scheduled__2026-09-05T15:24:00+00:00 [queued]>
[2026-09-05T17:45:06.563+0200] {taskinstance.py:2867} INFO - Starting attempt 1 of 2
[2026-09-05T17:45:06.567+0200] {taskinstance.py:2890} INFO - Executing <Task(PythonSensor): wait_for_csv> on 2026-09-05 15:24:00+00:00
[2026-09-05T17:45:06.571+0200] {standard_task_runner.py:104} INFO - Running: ['airflow', 'tasks', 'run', 'mini_riskagent_file_ingestion', 'wait_for_csv', 'scheduled__2026-09-05T15:24:00+00:00', '--job-id', '343', '--raw', '--subdir', 'DAGS_FOLDER/data_ingest_pipeline.py', '--cfg-path', '/var/folders/5p/201rr1sj03g8gksxm9x48mbh0000gn/T/tmp2u9tpg2f']
[2026-09-05T17:45:06.572+0200] {standard_task_runner.py:105} INFO - Job 343: Subtask wait_for_csv
[2026-09-05T17:45:06.622+0200] {logging_mixin.py:190} WARNING - /Users/swarnalidatta/Desktop/AutoQueryChatbot/.airflow-venv/lib/python3.12/site-packages/airflow/task/task_runner/standard_task_runner.py:70 DeprecationWarning: This process (pid=20073) is multi-threaded, use of fork() may lead to deadlocks in the child.
[2026-09-05T17:45:06.622+0200] {standard_task_runner.py:72} INFO - Started process 20075 to run task
[2026-09-05T17:45:06.634+0200] {task_command.py:467} INFO - Running <TaskInstance: mini_riskagent_file_ingestion.wait_for_csv scheduled__2026-09-05T15:24:00+00:00 [running]> on host mac.home
[2026-09-05T17:45:06.650+0200] {taskinstance.py:3134} INFO - Exporting env vars: AIRFLOW_CTX_DAG_OWNER='autoquery' AIRFLOW_CTX_DAG_ID='mini_riskagent_file_ingestion' AIRFLOW_CTX_TASK_ID='wait_for_csv' AIRFLOW_CTX_EXECUTION_DATE='2026-09-05T15:24:00+00:00' AIRFLOW_CTX_TRY_NUMBER='1' AIRFLOW_CTX_DAG_RUN_ID='scheduled__2026-09-05T15:24:00+00:00'
[2026-09-05T17:45:06.651+0200] {logging_mixin.py:190} INFO - Task instance is in running state
[2026-09-05T17:45:06.651+0200] {logging_mixin.py:190} INFO -  Previous state of the Task instance: queued
[2026-09-05T17:45:06.651+0200] {logging_mixin.py:190} INFO - Current task name:wait_for_csv state:running start_date:2026-09-05 15:45:06.562154+00:00
[2026-09-05T17:45:06.651+0200] {logging_mixin.py:190} INFO - Dag name:mini_riskagent_file_ingestion and current dag run status:running
[2026-09-05T17:45:06.651+0200] {taskinstance.py:732} INFO - ::endgroup::
[2026-09-05T17:45:06.653+0200] {python.py:75} INFO - Poking callable: <function check_for_csv_files at 0x10ab48c20>
[2026-09-05T17:45:06.656+0200] {taskinstance.py:310} INFO - Rescheduling task, marking task as UP_FOR_RESCHEDULE
[2026-09-05T17:45:06.656+0200] {taskinstance.py:341} INFO - ::group::Post task execution logs
[2026-09-05T17:45:06.677+0200] {local_task_job_runner.py:266} INFO - Task exited with return code 0
[2026-09-05T17:45:06.682+0200] {taskinstance.py:3901} INFO - 0 downstream tasks scheduled from follow-on schedule check
[2026-09-05T17:45:06.683+0200] {local_task_job_runner.py:245} INFO - ::endgroup::
[2026-09-05T17:45:37.582+0200] {local_task_job_runner.py:123} INFO - ::group::Pre task execution logs
[2026-09-05T17:45:37.584+0200] {taskinstance.py:2614} INFO - Dependencies all met for dep_context=non-requeueable deps ti=<TaskInstance: mini_riskagent_file_ingestion.wait_for_csv scheduled__2026-09-05T15:24:00+00:00 [queued]>
[2026-09-05T17:45:37.586+0200] {taskinstance.py:2614} INFO - Dependencies all met for dep_context=requeueable deps ti=<TaskInstance: mini_riskagent_file_ingestion.wait_for_csv scheduled__2026-09-05T15:24:00+00:00 [queued]>
[2026-09-05T17:45:37.586+0200] {taskinstance.py:2867} INFO - Starting attempt 1 of 2
[2026-09-05T17:45:37.590+0200] {taskinstance.py:2890} INFO - Executing <Task(PythonSensor): wait_for_csv> on 2026-09-05 15:24:00+00:00
[2026-09-05T17:45:37.594+0200] {standard_task_runner.py:104} INFO - Running: ['airflow', 'tasks', 'run', 'mini_riskagent_file_ingestion', 'wait_for_csv', 'scheduled__2026-09-05T15:24:00+00:00', '--job-id', '358', '--raw', '--subdir', 'DAGS_FOLDER/data_ingest_pipeline.py', '--cfg-path', '/var/folders/5p/201rr1sj03g8gksxm9x48mbh0000gn/T/tmp7gz7z0fs']
[2026-09-05T17:45:37.595+0200] {standard_task_runner.py:105} INFO - Job 358: Subtask wait_for_csv
[2026-09-05T17:45:37.646+0200] {logging_mixin.py:190} WARNING - /Users/swarnalidatta/Desktop/AutoQueryChatbot/.airflow-venv/lib/python3.12/site-packages/airflow/task/task_runner/standard_task_runner.py:70 DeprecationWarning: This process (pid=20172) is multi-threaded, use of fork() may lead to deadlocks in the child.
[2026-09-05T17:45:37.646+0200] {standard_task_runner.py:72} INFO - Started process 20174 to run task
[2026-09-05T17:45:37.657+0200] {task_command.py:467} INFO - Running <TaskInstance: mini_riskagent_file_ingestion.wait_for_csv scheduled__2026-09-05T15:24:00+00:00 [running]> on host mac.home
[2026-09-05T17:45:37.672+0200] {taskinstance.py:3134} INFO - Exporting env vars: AIRFLOW_CTX_DAG_OWNER='autoquery' AIRFLOW_CTX_DAG_ID='mini_riskagent_file_ingestion' AIRFLOW_CTX_TASK_ID='wait_for_csv' AIRFLOW_CTX_EXECUTION_DATE='2026-09-05T15:24:00+00:00' AIRFLOW_CTX_TRY_NUMBER='1' AIRFLOW_CTX_DAG_RUN_ID='scheduled__2026-09-05T15:24:00+00:00'
[2026-09-05T17:45:37.672+0200] {logging_mixin.py:190} INFO - Task instance is in running state
[2026-09-05T17:45:37.672+0200] {logging_mixin.py:190} INFO -  Previous state of the Task instance: queued
[2026-09-05T17:45:37.672+0200] {logging_mixin.py:190} INFO - Current task name:wait_for_csv state:running start_date:2026-09-05 15:45:37.585053+00:00
[2026-09-05T17:45:37.673+0200] {logging_mixin.py:190} INFO - Dag name:mini_riskagent_file_ingestion and current dag run status:running
[2026-09-05T17:45:37.673+0200] {taskinstance.py:732} INFO - ::endgroup::
[2026-09-05T17:45:37.674+0200] {python.py:75} INFO - Poking callable: <function check_for_csv_files at 0x109fc8c20>
[2026-09-05T17:45:37.677+0200] {taskinstance.py:310} INFO - Rescheduling task, marking task as UP_FOR_RESCHEDULE
[2026-09-05T17:45:37.678+0200] {taskinstance.py:341} INFO - ::group::Post task execution logs
[2026-09-05T17:45:37.701+0200] {local_task_job_runner.py:266} INFO - Task exited with return code 0
[2026-09-05T17:45:37.706+0200] {taskinstance.py:3901} INFO - 0 downstream tasks scheduled from follow-on schedule check
[2026-09-05T17:45:37.707+0200] {local_task_job_runner.py:245} INFO - ::endgroup::
[2026-09-05T17:46:10.132+0200] {local_task_job_runner.py:123} INFO - ::group::Pre task execution logs
[2026-09-05T17:46:10.134+0200] {taskinstance.py:2614} INFO - Dependencies all met for dep_context=non-requeueable deps ti=<TaskInstance: mini_riskagent_file_ingestion.wait_for_csv scheduled__2026-09-05T15:24:00+00:00 [queued]>
[2026-09-05T17:46:10.136+0200] {taskinstance.py:2614} INFO - Dependencies all met for dep_context=requeueable deps ti=<TaskInstance: mini_riskagent_file_ingestion.wait_for_csv scheduled__2026-09-05T15:24:00+00:00 [queued]>
[2026-09-05T17:46:10.136+0200] {taskinstance.py:2867} INFO - Starting attempt 1 of 2
[2026-09-05T17:46:10.140+0200] {taskinstance.py:2890} INFO - Executing <Task(PythonSensor): wait_for_csv> on 2026-09-05 15:24:00+00:00
[2026-09-05T17:46:10.144+0200] {standard_task_runner.py:104} INFO - Running: ['airflow', 'tasks', 'run', 'mini_riskagent_file_ingestion', 'wait_for_csv', 'scheduled__2026-09-05T15:24:00+00:00', '--job-id', '374', '--raw', '--subdir', 'DAGS_FOLDER/data_ingest_pipeline.py', '--cfg-path', '/var/folders/5p/201rr1sj03g8gksxm9x48mbh0000gn/T/tmp1uv14rt4']
[2026-09-05T17:46:10.145+0200] {standard_task_runner.py:105} INFO - Job 374: Subtask wait_for_csv
[2026-09-05T17:46:10.195+0200] {logging_mixin.py:190} WARNING - /Users/swarnalidatta/Desktop/AutoQueryChatbot/.airflow-venv/lib/python3.12/site-packages/airflow/task/task_runner/standard_task_runner.py:70 DeprecationWarning: This process (pid=20278) is multi-threaded, use of fork() may lead to deadlocks in the child.
[2026-09-05T17:46:10.195+0200] {standard_task_runner.py:72} INFO - Started process 20280 to run task
[2026-09-05T17:46:10.206+0200] {task_command.py:467} INFO - Running <TaskInstance: mini_riskagent_file_ingestion.wait_for_csv scheduled__2026-09-05T15:24:00+00:00 [running]> on host mac.home
[2026-09-05T17:46:10.221+0200] {taskinstance.py:3134} INFO - Exporting env vars: AIRFLOW_CTX_DAG_OWNER='autoquery' AIRFLOW_CTX_DAG_ID='mini_riskagent_file_ingestion' AIRFLOW_CTX_TASK_ID='wait_for_csv' AIRFLOW_CTX_EXECUTION_DATE='2026-09-05T15:24:00+00:00' AIRFLOW_CTX_TRY_NUMBER='1' AIRFLOW_CTX_DAG_RUN_ID='scheduled__2026-09-05T15:24:00+00:00'
[2026-09-05T17:46:10.221+0200] {logging_mixin.py:190} INFO - Task instance is in running state
[2026-09-05T17:46:10.221+0200] {logging_mixin.py:190} INFO -  Previous state of the Task instance: queued
[2026-09-05T17:46:10.222+0200] {logging_mixin.py:190} INFO - Current task name:wait_for_csv state:running start_date:2026-09-05 15:46:10.135034+00:00
[2026-09-05T17:46:10.222+0200] {logging_mixin.py:190} INFO - Dag name:mini_riskagent_file_ingestion and current dag run status:running
[2026-09-05T17:46:10.222+0200] {taskinstance.py:732} INFO - ::endgroup::
[2026-09-05T17:46:10.223+0200] {python.py:75} INFO - Poking callable: <function check_for_csv_files at 0x10ac10c20>
[2026-09-05T17:46:10.226+0200] {taskinstance.py:310} INFO - Rescheduling task, marking task as UP_FOR_RESCHEDULE
[2026-09-05T17:46:10.227+0200] {taskinstance.py:341} INFO - ::group::Post task execution logs
[2026-09-05T17:46:10.250+0200] {local_task_job_runner.py:266} INFO - Task exited with return code 0
[2026-09-05T17:46:10.255+0200] {taskinstance.py:3901} INFO - 0 downstream tasks scheduled from follow-on schedule check
[2026-09-05T17:46:10.256+0200] {local_task_job_runner.py:245} INFO - ::endgroup::
[2026-09-05T17:46:42.486+0200] {local_task_job_runner.py:123} INFO - ::group::Pre task execution logs
[2026-09-05T17:46:42.488+0200] {taskinstance.py:2614} INFO - Dependencies all met for dep_context=non-requeueable deps ti=<TaskInstance: mini_riskagent_file_ingestion.wait_for_csv scheduled__2026-09-05T15:24:00+00:00 [queued]>
[2026-09-05T17:46:42.490+0200] {taskinstance.py:2614} INFO - Dependencies all met for dep_context=requeueable deps ti=<TaskInstance: mini_riskagent_file_ingestion.wait_for_csv scheduled__2026-09-05T15:24:00+00:00 [queued]>
[2026-09-05T17:46:42.490+0200] {taskinstance.py:2867} INFO - Starting attempt 1 of 2
[2026-09-05T17:46:42.493+0200] {taskinstance.py:2890} INFO - Executing <Task(PythonSensor): wait_for_csv> on 2026-09-05 15:24:00+00:00
[2026-09-05T17:46:42.498+0200] {standard_task_runner.py:104} INFO - Running: ['airflow', 'tasks', 'run', 'mini_riskagent_file_ingestion', 'wait_for_csv', 'scheduled__2026-09-05T15:24:00+00:00', '--job-id', '390', '--raw', '--subdir', 'DAGS_FOLDER/data_ingest_pipeline.py', '--cfg-path', '/var/folders/5p/201rr1sj03g8gksxm9x48mbh0000gn/T/tmp1552hafo']
[2026-09-05T17:46:42.499+0200] {standard_task_runner.py:105} INFO - Job 390: Subtask wait_for_csv
[2026-09-05T17:46:42.549+0200] {logging_mixin.py:190} WARNING - /Users/swarnalidatta/Desktop/AutoQueryChatbot/.airflow-venv/lib/python3.12/site-packages/airflow/task/task_runner/standard_task_runner.py:70 DeprecationWarning: This process (pid=20388) is multi-threaded, use of fork() may lead to deadlocks in the child.
[2026-09-05T17:46:42.549+0200] {standard_task_runner.py:72} INFO - Started process 20390 to run task
[2026-09-05T17:46:42.562+0200] {task_command.py:467} INFO - Running <TaskInstance: mini_riskagent_file_ingestion.wait_for_csv scheduled__2026-09-05T15:24:00+00:00 [running]> on host mac.home
[2026-09-05T17:46:42.577+0200] {taskinstance.py:3134} INFO - Exporting env vars: AIRFLOW_CTX_DAG_OWNER='autoquery' AIRFLOW_CTX_DAG_ID='mini_riskagent_file_ingestion' AIRFLOW_CTX_TASK_ID='wait_for_csv' AIRFLOW_CTX_EXECUTION_DATE='2026-09-05T15:24:00+00:00' AIRFLOW_CTX_TRY_NUMBER='1' AIRFLOW_CTX_DAG_RUN_ID='scheduled__2026-09-05T15:24:00+00:00'
[2026-09-05T17:46:42.578+0200] {logging_mixin.py:190} INFO - Task instance is in running state
[2026-09-05T17:46:42.578+0200] {logging_mixin.py:190} INFO -  Previous state of the Task instance: queued
[2026-09-05T17:46:42.578+0200] {logging_mixin.py:190} INFO - Current task name:wait_for_csv state:running start_date:2026-09-05 15:46:42.488969+00:00
[2026-09-05T17:46:42.578+0200] {logging_mixin.py:190} INFO - Dag name:mini_riskagent_file_ingestion and current dag run status:running
[2026-09-05T17:46:42.578+0200] {taskinstance.py:732} INFO - ::endgroup::
[2026-09-05T17:46:42.580+0200] {python.py:75} INFO - Poking callable: <function check_for_csv_files at 0x10a674c20>
[2026-09-05T17:46:42.583+0200] {taskinstance.py:310} INFO - Rescheduling task, marking task as UP_FOR_RESCHEDULE
[2026-09-05T17:46:42.583+0200] {taskinstance.py:341} INFO - ::group::Post task execution logs
[2026-09-05T17:46:42.604+0200] {local_task_job_runner.py:266} INFO - Task exited with return code 0
[2026-09-05T17:46:42.609+0200] {taskinstance.py:3901} INFO - 0 downstream tasks scheduled from follow-on schedule check
[2026-09-05T17:46:42.609+0200] {local_task_job_runner.py:245} INFO - ::endgroup::
[2026-09-05T17:47:14.796+0200] {local_task_job_runner.py:123} INFO - ::group::Pre task execution logs
[2026-09-05T17:47:14.799+0200] {taskinstance.py:2614} INFO - Dependencies all met for dep_context=non-requeueable deps ti=<TaskInstance: mini_riskagent_file_ingestion.wait_for_csv scheduled__2026-09-05T15:24:00+00:00 [queued]>
[2026-09-05T17:47:14.800+0200] {taskinstance.py:2614} INFO - Dependencies all met for dep_context=requeueable deps ti=<TaskInstance: mini_riskagent_file_ingestion.wait_for_csv scheduled__2026-09-05T15:24:00+00:00 [queued]>
[2026-09-05T17:47:14.801+0200] {taskinstance.py:2867} INFO - Starting attempt 1 of 2
[2026-09-05T17:47:14.804+0200] {taskinstance.py:2890} INFO - Executing <Task(PythonSensor): wait_for_csv> on 2026-09-05 15:24:00+00:00
[2026-09-05T17:47:14.809+0200] {standard_task_runner.py:104} INFO - Running: ['airflow', 'tasks', 'run', 'mini_riskagent_file_ingestion', 'wait_for_csv', 'scheduled__2026-09-05T15:24:00+00:00', '--job-id', '406', '--raw', '--subdir', 'DAGS_FOLDER/data_ingest_pipeline.py', '--cfg-path', '/var/folders/5p/201rr1sj03g8gksxm9x48mbh0000gn/T/tmp1j5s7f6n']
[2026-09-05T17:47:14.810+0200] {standard_task_runner.py:105} INFO - Job 406: Subtask wait_for_csv
[2026-09-05T17:47:14.863+0200] {logging_mixin.py:190} WARNING - /Users/swarnalidatta/Desktop/AutoQueryChatbot/.airflow-venv/lib/python3.12/site-packages/airflow/task/task_runner/standard_task_runner.py:70 DeprecationWarning: This process (pid=20495) is multi-threaded, use of fork() may lead to deadlocks in the child.
[2026-09-05T17:47:14.863+0200] {standard_task_runner.py:72} INFO - Started process 20497 to run task
[2026-09-05T17:47:14.875+0200] {task_command.py:467} INFO - Running <TaskInstance: mini_riskagent_file_ingestion.wait_for_csv scheduled__2026-09-05T15:24:00+00:00 [running]> on host mac.home
[2026-09-05T17:47:14.891+0200] {taskinstance.py:3134} INFO - Exporting env vars: AIRFLOW_CTX_DAG_OWNER='autoquery' AIRFLOW_CTX_DAG_ID='mini_riskagent_file_ingestion' AIRFLOW_CTX_TASK_ID='wait_for_csv' AIRFLOW_CTX_EXECUTION_DATE='2026-09-05T15:24:00+00:00' AIRFLOW_CTX_TRY_NUMBER='1' AIRFLOW_CTX_DAG_RUN_ID='scheduled__2026-09-05T15:24:00+00:00'
[2026-09-05T17:47:14.891+0200] {logging_mixin.py:190} INFO - Task instance is in running state
[2026-09-05T17:47:14.892+0200] {logging_mixin.py:190} INFO -  Previous state of the Task instance: queued
[2026-09-05T17:47:14.892+0200] {logging_mixin.py:190} INFO - Current task name:wait_for_csv state:running start_date:2026-09-05 15:47:14.799614+00:00
[2026-09-05T17:47:14.892+0200] {logging_mixin.py:190} INFO - Dag name:mini_riskagent_file_ingestion and current dag run status:running
[2026-09-05T17:47:14.892+0200] {taskinstance.py:732} INFO - ::endgroup::
[2026-09-05T17:47:14.893+0200] {python.py:75} INFO - Poking callable: <function check_for_csv_files at 0x108204c20>
[2026-09-05T17:47:14.897+0200] {taskinstance.py:310} INFO - Rescheduling task, marking task as UP_FOR_RESCHEDULE
[2026-09-05T17:47:14.897+0200] {taskinstance.py:341} INFO - ::group::Post task execution logs
[2026-09-05T17:47:14.919+0200] {local_task_job_runner.py:266} INFO - Task exited with return code 0
[2026-09-05T17:47:14.924+0200] {taskinstance.py:3901} INFO - 0 downstream tasks scheduled from follow-on schedule check
[2026-09-05T17:47:14.924+0200] {local_task_job_runner.py:245} INFO - ::endgroup::
[2026-09-05T17:47:46.035+0200] {local_task_job_runner.py:123} INFO - ::group::Pre task execution logs
[2026-09-05T17:47:46.038+0200] {taskinstance.py:2614} INFO - Dependencies all met for dep_context=non-requeueable deps ti=<TaskInstance: mini_riskagent_file_ingestion.wait_for_csv scheduled__2026-09-05T15:24:00+00:00 [queued]>
[2026-09-05T17:47:46.040+0200] {taskinstance.py:2614} INFO - Dependencies all met for dep_context=requeueable deps ti=<TaskInstance: mini_riskagent_file_ingestion.wait_for_csv scheduled__2026-09-05T15:24:00+00:00 [queued]>
[2026-09-05T17:47:46.040+0200] {taskinstance.py:2867} INFO - Starting attempt 1 of 2
[2026-09-05T17:47:46.043+0200] {taskinstance.py:2890} INFO - Executing <Task(PythonSensor): wait_for_csv> on 2026-09-05 15:24:00+00:00
[2026-09-05T17:47:46.047+0200] {standard_task_runner.py:104} INFO - Running: ['airflow', 'tasks', 'run', 'mini_riskagent_file_ingestion', 'wait_for_csv', 'scheduled__2026-09-05T15:24:00+00:00', '--job-id', '421', '--raw', '--subdir', 'DAGS_FOLDER/data_ingest_pipeline.py', '--cfg-path', '/var/folders/5p/201rr1sj03g8gksxm9x48mbh0000gn/T/tmp25sluv09']
[2026-09-05T17:47:46.048+0200] {standard_task_runner.py:105} INFO - Job 421: Subtask wait_for_csv
[2026-09-05T17:47:46.098+0200] {logging_mixin.py:190} WARNING - /Users/swarnalidatta/Desktop/AutoQueryChatbot/.airflow-venv/lib/python3.12/site-packages/airflow/task/task_runner/standard_task_runner.py:70 DeprecationWarning: This process (pid=20603) is multi-threaded, use of fork() may lead to deadlocks in the child.
[2026-09-05T17:47:46.099+0200] {standard_task_runner.py:72} INFO - Started process 20605 to run task
[2026-09-05T17:47:46.110+0200] {task_command.py:467} INFO - Running <TaskInstance: mini_riskagent_file_ingestion.wait_for_csv scheduled__2026-09-05T15:24:00+00:00 [running]> on host mac.home
[2026-09-05T17:47:46.126+0200] {taskinstance.py:3134} INFO - Exporting env vars: AIRFLOW_CTX_DAG_OWNER='autoquery' AIRFLOW_CTX_DAG_ID='mini_riskagent_file_ingestion' AIRFLOW_CTX_TASK_ID='wait_for_csv' AIRFLOW_CTX_EXECUTION_DATE='2026-09-05T15:24:00+00:00' AIRFLOW_CTX_TRY_NUMBER='1' AIRFLOW_CTX_DAG_RUN_ID='scheduled__2026-09-05T15:24:00+00:00'
[2026-09-05T17:47:46.126+0200] {logging_mixin.py:190} INFO - Task instance is in running state
[2026-09-05T17:47:46.126+0200] {logging_mixin.py:190} INFO -  Previous state of the Task instance: queued
[2026-09-05T17:47:46.126+0200] {logging_mixin.py:190} INFO - Current task name:wait_for_csv state:running start_date:2026-09-05 15:47:46.038679+00:00
[2026-09-05T17:47:46.126+0200] {logging_mixin.py:190} INFO - Dag name:mini_riskagent_file_ingestion and current dag run status:running
[2026-09-05T17:47:46.127+0200] {taskinstance.py:732} INFO - ::endgroup::
[2026-09-05T17:47:46.128+0200] {python.py:75} INFO - Poking callable: <function check_for_csv_files at 0x10a294c20>
[2026-09-05T17:47:46.131+0200] {taskinstance.py:310} INFO - Rescheduling task, marking task as UP_FOR_RESCHEDULE
[2026-09-05T17:47:46.131+0200] {taskinstance.py:341} INFO - ::group::Post task execution logs
[2026-09-05T17:47:46.154+0200] {local_task_job_runner.py:266} INFO - Task exited with return code 0
[2026-09-05T17:47:46.159+0200] {taskinstance.py:3901} INFO - 0 downstream tasks scheduled from follow-on schedule check
[2026-09-05T17:47:46.159+0200] {local_task_job_runner.py:245} INFO - ::endgroup::
[2026-09-05T17:48:18.384+0200] {local_task_job_runner.py:123} INFO - ::group::Pre task execution logs
[2026-09-05T17:48:18.387+0200] {taskinstance.py:2614} INFO - Dependencies all met for dep_context=non-requeueable deps ti=<TaskInstance: mini_riskagent_file_ingestion.wait_for_csv scheduled__2026-09-05T15:24:00+00:00 [queued]>
[2026-09-05T17:48:18.388+0200] {taskinstance.py:2614} INFO - Dependencies all met for dep_context=requeueable deps ti=<TaskInstance: mini_riskagent_file_ingestion.wait_for_csv scheduled__2026-09-05T15:24:00+00:00 [queued]>
[2026-09-05T17:48:18.388+0200] {taskinstance.py:2867} INFO - Starting attempt 1 of 2
[2026-09-05T17:48:18.392+0200] {taskinstance.py:2890} INFO - Executing <Task(PythonSensor): wait_for_csv> on 2026-09-05 15:24:00+00:00
[2026-09-05T17:48:18.396+0200] {standard_task_runner.py:104} INFO - Running: ['airflow', 'tasks', 'run', 'mini_riskagent_file_ingestion', 'wait_for_csv', 'scheduled__2026-09-05T15:24:00+00:00', '--job-id', '437', '--raw', '--subdir', 'DAGS_FOLDER/data_ingest_pipeline.py', '--cfg-path', '/var/folders/5p/201rr1sj03g8gksxm9x48mbh0000gn/T/tmpva_s2fdv']
[2026-09-05T17:48:18.397+0200] {standard_task_runner.py:105} INFO - Job 437: Subtask wait_for_csv
[2026-09-05T17:48:18.447+0200] {logging_mixin.py:190} WARNING - /Users/swarnalidatta/Desktop/AutoQueryChatbot/.airflow-venv/lib/python3.12/site-packages/airflow/task/task_runner/standard_task_runner.py:70 DeprecationWarning: This process (pid=20710) is multi-threaded, use of fork() may lead to deadlocks in the child.
[2026-09-05T17:48:18.447+0200] {standard_task_runner.py:72} INFO - Started process 20716 to run task
[2026-09-05T17:48:18.458+0200] {task_command.py:467} INFO - Running <TaskInstance: mini_riskagent_file_ingestion.wait_for_csv scheduled__2026-09-05T15:24:00+00:00 [running]> on host mac.home
[2026-09-05T17:48:18.473+0200] {taskinstance.py:3134} INFO - Exporting env vars: AIRFLOW_CTX_DAG_OWNER='autoquery' AIRFLOW_CTX_DAG_ID='mini_riskagent_file_ingestion' AIRFLOW_CTX_TASK_ID='wait_for_csv' AIRFLOW_CTX_EXECUTION_DATE='2026-09-05T15:24:00+00:00' AIRFLOW_CTX_TRY_NUMBER='1' AIRFLOW_CTX_DAG_RUN_ID='scheduled__2026-09-05T15:24:00+00:00'
[2026-09-05T17:48:18.474+0200] {logging_mixin.py:190} INFO - Task instance is in running state
[2026-09-05T17:48:18.474+0200] {logging_mixin.py:190} INFO -  Previous state of the Task instance: queued
[2026-09-05T17:48:18.474+0200] {logging_mixin.py:190} INFO - Current task name:wait_for_csv state:running start_date:2026-09-05 15:48:18.387422+00:00
[2026-09-05T17:48:18.474+0200] {logging_mixin.py:190} INFO - Dag name:mini_riskagent_file_ingestion and current dag run status:running
[2026-09-05T17:48:18.475+0200] {taskinstance.py:732} INFO - ::endgroup::
[2026-09-05T17:48:18.476+0200] {python.py:75} INFO - Poking callable: <function check_for_csv_files at 0x108c58c20>
[2026-09-05T17:48:18.479+0200] {taskinstance.py:310} INFO - Rescheduling task, marking task as UP_FOR_RESCHEDULE
[2026-09-05T17:48:18.479+0200] {taskinstance.py:341} INFO - ::group::Post task execution logs
[2026-09-05T17:48:18.503+0200] {local_task_job_runner.py:266} INFO - Task exited with return code 0
[2026-09-05T17:48:18.508+0200] {taskinstance.py:3901} INFO - 0 downstream tasks scheduled from follow-on schedule check
[2026-09-05T17:48:18.508+0200] {local_task_job_runner.py:245} INFO - ::endgroup::
[2026-09-05T17:48:50.580+0200] {local_task_job_runner.py:123} INFO - ::group::Pre task execution logs
[2026-09-05T17:48:50.583+0200] {taskinstance.py:2614} INFO - Dependencies all met for dep_context=non-requeueable deps ti=<TaskInstance: mini_riskagent_file_ingestion.wait_for_csv scheduled__2026-09-05T15:24:00+00:00 [queued]>
[2026-09-05T17:48:50.584+0200] {taskinstance.py:2614} INFO - Dependencies all met for dep_context=requeueable deps ti=<TaskInstance: mini_riskagent_file_ingestion.wait_for_csv scheduled__2026-09-05T15:24:00+00:00 [queued]>
[2026-09-05T17:48:50.584+0200] {taskinstance.py:2867} INFO - Starting attempt 1 of 2
[2026-09-05T17:48:50.588+0200] {taskinstance.py:2890} INFO - Executing <Task(PythonSensor): wait_for_csv> on 2026-09-05 15:24:00+00:00
[2026-09-05T17:48:50.592+0200] {standard_task_runner.py:104} INFO - Running: ['airflow', 'tasks', 'run', 'mini_riskagent_file_ingestion', 'wait_for_csv', 'scheduled__2026-09-05T15:24:00+00:00', '--job-id', '453', '--raw', '--subdir', 'DAGS_FOLDER/data_ingest_pipeline.py', '--cfg-path', '/var/folders/5p/201rr1sj03g8gksxm9x48mbh0000gn/T/tmp07h4_hfy']
[2026-09-05T17:48:50.593+0200] {standard_task_runner.py:105} INFO - Job 453: Subtask wait_for_csv
[2026-09-05T17:48:50.642+0200] {logging_mixin.py:190} WARNING - /Users/swarnalidatta/Desktop/AutoQueryChatbot/.airflow-venv/lib/python3.12/site-packages/airflow/task/task_runner/standard_task_runner.py:70 DeprecationWarning: This process (pid=20823) is multi-threaded, use of fork() may lead to deadlocks in the child.
[2026-09-05T17:48:50.643+0200] {standard_task_runner.py:72} INFO - Started process 20825 to run task
[2026-09-05T17:48:50.654+0200] {task_command.py:467} INFO - Running <TaskInstance: mini_riskagent_file_ingestion.wait_for_csv scheduled__2026-09-05T15:24:00+00:00 [running]> on host mac.home
[2026-09-05T17:48:50.670+0200] {taskinstance.py:3134} INFO - Exporting env vars: AIRFLOW_CTX_DAG_OWNER='autoquery' AIRFLOW_CTX_DAG_ID='mini_riskagent_file_ingestion' AIRFLOW_CTX_TASK_ID='wait_for_csv' AIRFLOW_CTX_EXECUTION_DATE='2026-09-05T15:24:00+00:00' AIRFLOW_CTX_TRY_NUMBER='1' AIRFLOW_CTX_DAG_RUN_ID='scheduled__2026-09-05T15:24:00+00:00'
[2026-09-05T17:48:50.670+0200] {logging_mixin.py:190} INFO - Task instance is in running state
[2026-09-05T17:48:50.671+0200] {logging_mixin.py:190} INFO -  Previous state of the Task instance: queued
[2026-09-05T17:48:50.671+0200] {logging_mixin.py:190} INFO - Current task name:wait_for_csv state:running start_date:2026-09-05 15:48:50.583231+00:00
[2026-09-05T17:48:50.671+0200] {logging_mixin.py:190} INFO - Dag name:mini_riskagent_file_ingestion and current dag run status:running
[2026-09-05T17:48:50.671+0200] {taskinstance.py:732} INFO - ::endgroup::
[2026-09-05T17:48:50.672+0200] {python.py:75} INFO - Poking callable: <function check_for_csv_files at 0x10c13cc20>
[2026-09-05T17:48:50.676+0200] {taskinstance.py:310} INFO - Rescheduling task, marking task as UP_FOR_RESCHEDULE
[2026-09-05T17:48:50.676+0200] {taskinstance.py:341} INFO - ::group::Post task execution logs
[2026-09-05T17:48:50.698+0200] {local_task_job_runner.py:266} INFO - Task exited with return code 0
[2026-09-05T17:48:50.703+0200] {taskinstance.py:3901} INFO - 0 downstream tasks scheduled from follow-on schedule check
[2026-09-05T17:48:50.703+0200] {local_task_job_runner.py:245} INFO - ::endgroup::
