[2026-09-19T10:20:51.047+0200] {local_task_job_runner.py:123} INFO - ::group::Pre task execution logs
[2026-09-19T10:20:51.051+0200] {taskinstance.py:2614} INFO - Dependencies all met for dep_context=non-requeueable deps ti=<TaskInstance: mini_riskagent_file_ingestion.wait_for_csv scheduled__2026-09-19T08:03:00+00:00 [queued]>
[2026-09-19T10:20:51.053+0200] {taskinstance.py:2614} INFO - Dependencies all met for dep_context=requeueable deps ti=<TaskInstance: mini_riskagent_file_ingestion.wait_for_csv scheduled__2026-09-19T08:03:00+00:00 [queued]>
[2026-09-19T10:20:51.053+0200] {taskinstance.py:2867} INFO - Starting attempt 1 of 2
[2026-09-19T10:20:51.057+0200] {taskinstance.py:2890} INFO - Executing <Task(PythonSensor): wait_for_csv> on 2026-09-19 08:03:00+00:00
[2026-09-19T10:20:51.064+0200] {logging_mixin.py:190} WARNING - /Users/swarnalidatta/Desktop/AutoQueryChatbot/.airflow-venv/lib/python3.12/site-packages/airflow/task/task_runner/standard_task_runner.py:70 DeprecationWarning: This process (pid=4137) is multi-threaded, use of fork() may lead to deadlocks in the child.
[2026-09-19T10:20:51.064+0200] {standard_task_runner.py:72} INFO - Started process 4143 to run task
[2026-09-19T10:20:51.063+0200] {standard_task_runner.py:104} INFO - Running: ['airflow', 'tasks', 'run', 'mini_riskagent_file_ingestion', 'wait_for_csv', 'scheduled__2026-09-19T08:03:00+00:00', '--job-id', '4672', '--raw', '--subdir', 'DAGS_FOLDER/data_ingest_pipeline.py', '--cfg-path', '/var/folders/5p/201rr1sj03g8gksxm9x48mbh0000gn/T/tmps7vse58_']
[2026-09-19T10:20:51.065+0200] {standard_task_runner.py:105} INFO - Job 4672: Subtask wait_for_csv
[2026-09-19T10:20:51.084+0200] {task_command.py:467} INFO - Running <TaskInstance: mini_riskagent_file_ingestion.wait_for_csv scheduled__2026-09-19T08:03:00+00:00 [running]> on host mac.home
[2026-09-19T10:20:51.102+0200] {taskinstance.py:3134} INFO - Exporting env vars: AIRFLOW_CTX_DAG_OWNER='autoquery' AIRFLOW_CTX_DAG_ID='mini_riskagent_file_ingestion' AIRFLOW_CTX_TASK_ID='wait_for_csv' AIRFLOW_CTX_EXECUTION_DATE='2026-09-19T08:03:00+00:00' AIRFLOW_CTX_TRY_NUMBER='1' AIRFLOW_CTX_DAG_RUN_ID='scheduled__2026-09-19T08:03:00+00:00'
[2026-09-19T10:20:51.102+0200] {logging_mixin.py:190} INFO - Task instance is in running state
[2026-09-19T10:20:51.103+0200] {logging_mixin.py:190} INFO -  Previous state of the Task instance: queued
[2026-09-19T10:20:51.103+0200] {logging_mixin.py:190} INFO - Current task name:wait_for_csv state:running start_date:2026-09-19 08:20:51.051344+00:00
[2026-09-19T10:20:51.103+0200] {logging_mixin.py:190} INFO - Dag name:mini_riskagent_file_ingestion and current dag run status:running
[2026-09-19T10:20:51.103+0200] {taskinstance.py:732} INFO - ::endgroup::
[2026-09-19T10:20:51.105+0200] {python.py:75} INFO - Poking callable: <function check_for_csv_files at 0x10b826b60>
[2026-09-19T10:20:51.108+0200] {taskinstance.py:310} INFO - Rescheduling task, marking task as UP_FOR_RESCHEDULE
[2026-09-19T10:20:51.109+0200] {taskinstance.py:341} INFO - ::group::Post task execution logs
[2026-09-19T10:20:51.124+0200] {local_task_job_runner.py:266} INFO - Task exited with return code 0
[2026-09-19T10:20:51.132+0200] {taskinstance.py:3901} INFO - 0 downstream tasks scheduled from follow-on schedule check
[2026-09-19T10:20:51.132+0200] {local_task_job_runner.py:245} INFO - ::endgroup::
[2026-09-19T10:37:23.515+0200] {local_task_job_runner.py:123} INFO - ::group::Pre task execution logs
[2026-09-19T10:37:23.518+0200] {taskinstance.py:2614} INFO - Dependencies all met for dep_context=non-requeueable deps ti=<TaskInstance: mini_riskagent_file_ingestion.wait_for_csv scheduled__2026-09-19T08:03:00+00:00 [queued]>
[2026-09-19T10:37:23.520+0200] {taskinstance.py:2614} INFO - Dependencies all met for dep_context=requeueable deps ti=<TaskInstance: mini_riskagent_file_ingestion.wait_for_csv scheduled__2026-09-19T08:03:00+00:00 [queued]>
[2026-09-19T10:37:23.520+0200] {taskinstance.py:2867} INFO - Starting attempt 1 of 2
[2026-09-19T10:37:23.523+0200] {taskinstance.py:2890} INFO - Executing <Task(PythonSensor): wait_for_csv> on 2026-09-19 08:03:00+00:00
[2026-09-19T10:37:23.527+0200] {logging_mixin.py:190} WARNING - /Users/swarnalidatta/Desktop/AutoQueryChatbot/.airflow-venv/lib/python3.12/site-packages/airflow/task/task_runner/standard_task_runner.py:70 DeprecationWarning: This process (pid=4165) is multi-threaded, use of fork() may lead to deadlocks in the child.
[2026-09-19T10:37:23.527+0200] {standard_task_runner.py:72} INFO - Started process 4168 to run task
[2026-09-19T10:37:23.527+0200] {standard_task_runner.py:104} INFO - Running: ['airflow', 'tasks', 'run', 'mini_riskagent_file_ingestion', 'wait_for_csv', 'scheduled__2026-09-19T08:03:00+00:00', '--job-id', '4673', '--raw', '--subdir', 'DAGS_FOLDER/data_ingest_pipeline.py', '--cfg-path', '/var/folders/5p/201rr1sj03g8gksxm9x48mbh0000gn/T/tmpw2ld4pjm']
[2026-09-19T10:37:23.528+0200] {standard_task_runner.py:105} INFO - Job 4673: Subtask wait_for_csv
[2026-09-19T10:37:23.540+0200] {task_command.py:467} INFO - Running <TaskInstance: mini_riskagent_file_ingestion.wait_for_csv scheduled__2026-09-19T08:03:00+00:00 [running]> on host mac.home
[2026-09-19T10:37:23.555+0200] {taskinstance.py:3134} INFO - Exporting env vars: AIRFLOW_CTX_DAG_OWNER='autoquery' AIRFLOW_CTX_DAG_ID='mini_riskagent_file_ingestion' AIRFLOW_CTX_TASK_ID='wait_for_csv' AIRFLOW_CTX_EXECUTION_DATE='2026-09-19T08:03:00+00:00' AIRFLOW_CTX_TRY_NUMBER='1' AIRFLOW_CTX_DAG_RUN_ID='scheduled__2026-09-19T08:03:00+00:00'
[2026-09-19T10:37:23.556+0200] {logging_mixin.py:190} INFO - Task instance is in running state
[2026-09-19T10:37:23.556+0200] {logging_mixin.py:190} INFO -  Previous state of the Task instance: queued
[2026-09-19T10:37:23.556+0200] {logging_mixin.py:190} INFO - Current task name:wait_for_csv state:running start_date:2026-09-19 08:37:23.518343+00:00
[2026-09-19T10:37:23.556+0200] {logging_mixin.py:190} INFO - Dag name:mini_riskagent_file_ingestion and current dag run status:running
[2026-09-19T10:37:23.557+0200] {taskinstance.py:732} INFO - ::endgroup::
[2026-09-19T10:37:23.558+0200] {python.py:75} INFO - Poking callable: <function check_for_csv_files at 0x10eb1eb60>
[2026-09-19T10:37:23.561+0200] {taskinstance.py:310} INFO - Rescheduling task, marking task as UP_FOR_RESCHEDULE
[2026-09-19T10:37:23.561+0200] {taskinstance.py:341} INFO - ::group::Post task execution logs
[2026-09-19T10:37:23.587+0200] {local_task_job_runner.py:266} INFO - Task exited with return code 0
[2026-09-19T10:37:23.593+0200] {taskinstance.py:3901} INFO - 0 downstream tasks scheduled from follow-on schedule check
[2026-09-19T10:37:23.593+0200] {local_task_job_runner.py:245} INFO - ::endgroup::
[2026-09-19T10:53:35.350+0200] {local_task_job_runner.py:123} INFO - ::group::Pre task execution logs
[2026-09-19T10:53:35.353+0200] {taskinstance.py:2614} INFO - Dependencies all met for dep_context=non-requeueable deps ti=<TaskInstance: mini_riskagent_file_ingestion.wait_for_csv scheduled__2026-09-19T08:03:00+00:00 [queued]>
[2026-09-19T10:53:35.354+0200] {taskinstance.py:2614} INFO - Dependencies all met for dep_context=requeueable deps ti=<TaskInstance: mini_riskagent_file_ingestion.wait_for_csv scheduled__2026-09-19T08:03:00+00:00 [queued]>
[2026-09-19T10:53:35.354+0200] {taskinstance.py:2867} INFO - Starting attempt 1 of 2
[2026-09-19T10:53:35.357+0200] {taskinstance.py:2890} INFO - Executing <Task(PythonSensor): wait_for_csv> on 2026-09-19 08:03:00+00:00
[2026-09-19T10:53:35.361+0200] {standard_task_runner.py:104} INFO - Running: ['airflow', 'tasks', 'run', 'mini_riskagent_file_ingestion', 'wait_for_csv', 'scheduled__2026-09-19T08:03:00+00:00', '--job-id', '4674', '--raw', '--subdir', 'DAGS_FOLDER/data_ingest_pipeline.py', '--cfg-path', '/var/folders/5p/201rr1sj03g8gksxm9x48mbh0000gn/T/tmp5cxzlc_h']
[2026-09-19T10:53:35.362+0200] {logging_mixin.py:190} WARNING - /Users/swarnalidatta/Desktop/AutoQueryChatbot/.airflow-venv/lib/python3.12/site-packages/airflow/task/task_runner/standard_task_runner.py:70 DeprecationWarning: This process (pid=4179) is multi-threaded, use of fork() may lead to deadlocks in the child.
[2026-09-19T10:53:35.362+0200] {standard_task_runner.py:105} INFO - Job 4674: Subtask wait_for_csv
[2026-09-19T10:53:35.362+0200] {standard_task_runner.py:72} INFO - Started process 4181 to run task
[2026-09-19T10:53:35.377+0200] {task_command.py:467} INFO - Running <TaskInstance: mini_riskagent_file_ingestion.wait_for_csv scheduled__2026-09-19T08:03:00+00:00 [running]> on host mac.home
[2026-09-19T10:53:35.394+0200] {taskinstance.py:3134} INFO - Exporting env vars: AIRFLOW_CTX_DAG_OWNER='autoquery' AIRFLOW_CTX_DAG_ID='mini_riskagent_file_ingestion' AIRFLOW_CTX_TASK_ID='wait_for_csv' AIRFLOW_CTX_EXECUTION_DATE='2026-09-19T08:03:00+00:00' AIRFLOW_CTX_TRY_NUMBER='1' AIRFLOW_CTX_DAG_RUN_ID='scheduled__2026-09-19T08:03:00+00:00'
[2026-09-19T10:53:35.394+0200] {logging_mixin.py:190} INFO - Task instance is in running state
[2026-09-19T10:53:35.395+0200] {logging_mixin.py:190} INFO -  Previous state of the Task instance: queued
[2026-09-19T10:53:35.395+0200] {logging_mixin.py:190} INFO - Current task name:wait_for_csv state:running start_date:2026-09-19 08:53:35.353237+00:00
[2026-09-19T10:53:35.395+0200] {logging_mixin.py:190} INFO - Dag name:mini_riskagent_file_ingestion and current dag run status:running
[2026-09-19T10:53:35.395+0200] {taskinstance.py:732} INFO - ::endgroup::
[2026-09-19T10:53:35.396+0200] {python.py:75} INFO - Poking callable: <function check_for_csv_files at 0x10af8ab60>
[2026-09-19T10:53:35.400+0200] {taskinstance.py:310} INFO - Rescheduling task, marking task as UP_FOR_RESCHEDULE
[2026-09-19T10:53:35.400+0200] {taskinstance.py:341} INFO - ::group::Post task execution logs
[2026-09-19T10:53:35.422+0200] {local_task_job_runner.py:266} INFO - Task exited with return code 0
[2026-09-19T10:53:35.429+0200] {taskinstance.py:3901} INFO - 0 downstream tasks scheduled from follow-on schedule check
[2026-09-19T10:53:35.429+0200] {local_task_job_runner.py:245} INFO - ::endgroup::
[2026-09-19T11:04:58.624+0200] {local_task_job_runner.py:123} INFO - ::group::Pre task execution logs
[2026-09-19T11:04:58.627+0200] {taskinstance.py:2614} INFO - Dependencies all met for dep_context=non-requeueable deps ti=<TaskInstance: mini_riskagent_file_ingestion.wait_for_csv scheduled__2026-09-19T08:03:00+00:00 [queued]>
[2026-09-19T11:04:58.628+0200] {taskinstance.py:2614} INFO - Dependencies all met for dep_context=requeueable deps ti=<TaskInstance: mini_riskagent_file_ingestion.wait_for_csv scheduled__2026-09-19T08:03:00+00:00 [queued]>
[2026-09-19T11:04:58.628+0200] {taskinstance.py:2867} INFO - Starting attempt 1 of 2
[2026-09-19T11:04:58.631+0200] {taskinstance.py:2890} INFO - Executing <Task(PythonSensor): wait_for_csv> on 2026-09-19 08:03:00+00:00
[2026-09-19T11:04:58.636+0200] {logging_mixin.py:190} WARNING - /Users/swarnalidatta/Desktop/AutoQueryChatbot/.airflow-venv/lib/python3.12/site-packages/airflow/task/task_runner/standard_task_runner.py:70 DeprecationWarning: This process (pid=4197) is multi-threaded, use of fork() may lead to deadlocks in the child.
[2026-09-19T11:04:58.635+0200] {standard_task_runner.py:104} INFO - Running: ['airflow', 'tasks', 'run', 'mini_riskagent_file_ingestion', 'wait_for_csv', 'scheduled__2026-09-19T08:03:00+00:00', '--job-id', '4675', '--raw', '--subdir', 'DAGS_FOLDER/data_ingest_pipeline.py', '--cfg-path', '/var/folders/5p/201rr1sj03g8gksxm9x48mbh0000gn/T/tmp0ck8a3i0']
[2026-09-19T11:04:58.636+0200] {standard_task_runner.py:72} INFO - Started process 4200 to run task
[2026-09-19T11:04:58.636+0200] {standard_task_runner.py:105} INFO - Job 4675: Subtask wait_for_csv
[2026-09-19T11:04:58.649+0200] {task_command.py:467} INFO - Running <TaskInstance: mini_riskagent_file_ingestion.wait_for_csv scheduled__2026-09-19T08:03:00+00:00 [running]> on host mac.home
[2026-09-19T11:04:58.665+0200] {taskinstance.py:3134} INFO - Exporting env vars: AIRFLOW_CTX_DAG_OWNER='autoquery' AIRFLOW_CTX_DAG_ID='mini_riskagent_file_ingestion' AIRFLOW_CTX_TASK_ID='wait_for_csv' AIRFLOW_CTX_EXECUTION_DATE='2026-09-19T08:03:00+00:00' AIRFLOW_CTX_TRY_NUMBER='1' AIRFLOW_CTX_DAG_RUN_ID='scheduled__2026-09-19T08:03:00+00:00'
[2026-09-19T11:04:58.665+0200] {logging_mixin.py:190} INFO - Task instance is in running state
[2026-09-19T11:04:58.665+0200] {logging_mixin.py:190} INFO -  Previous state of the Task instance: queued
[2026-09-19T11:04:58.666+0200] {logging_mixin.py:190} INFO - Current task name:wait_for_csv state:running start_date:2026-09-19 09:04:58.627181+00:00
[2026-09-19T11:04:58.666+0200] {logging_mixin.py:190} INFO - Dag name:mini_riskagent_file_ingestion and current dag run status:running
[2026-09-19T11:04:58.666+0200] {taskinstance.py:732} INFO - ::endgroup::
[2026-09-19T11:04:58.667+0200] {python.py:75} INFO - Poking callable: <function check_for_csv_files at 0x108966b60>
[2026-09-19T11:04:58.670+0200] {taskinstance.py:310} INFO - Rescheduling task, marking task as UP_FOR_RESCHEDULE
[2026-09-19T11:04:58.670+0200] {taskinstance.py:341} INFO - ::group::Post task execution logs
[2026-09-19T11:04:58.695+0200] {local_task_job_runner.py:266} INFO - Task exited with return code 0
[2026-09-19T11:04:58.702+0200] {taskinstance.py:3901} INFO - 0 downstream tasks scheduled from follow-on schedule check
[2026-09-19T11:04:58.702+0200] {local_task_job_runner.py:245} INFO - ::endgroup::
[2026-09-19T11:20:48.739+0200] {local_task_job_runner.py:123} INFO - ::group::Pre task execution logs
[2026-09-19T11:20:48.742+0200] {taskinstance.py:2614} INFO - Dependencies all met for dep_context=non-requeueable deps ti=<TaskInstance: mini_riskagent_file_ingestion.wait_for_csv scheduled__2026-09-19T08:03:00+00:00 [queued]>
[2026-09-19T11:20:48.743+0200] {taskinstance.py:2614} INFO - Dependencies all met for dep_context=requeueable deps ti=<TaskInstance: mini_riskagent_file_ingestion.wait_for_csv scheduled__2026-09-19T08:03:00+00:00 [queued]>
[2026-09-19T11:20:48.743+0200] {taskinstance.py:2867} INFO - Starting attempt 1 of 2
[2026-09-19T11:20:48.746+0200] {taskinstance.py:2890} INFO - Executing <Task(PythonSensor): wait_for_csv> on 2026-09-19 08:03:00+00:00
[2026-09-19T11:20:48.751+0200] {logging_mixin.py:190} WARNING - /Users/swarnalidatta/Desktop/AutoQueryChatbot/.airflow-venv/lib/python3.12/site-packages/airflow/task/task_runner/standard_task_runner.py:70 DeprecationWarning: This process (pid=4212) is multi-threaded, use of fork() may lead to deadlocks in the child.
[2026-09-19T11:20:48.751+0200] {standard_task_runner.py:72} INFO - Started process 4220 to run task
[2026-09-19T11:20:48.750+0200] {standard_task_runner.py:104} INFO - Running: ['airflow', 'tasks', 'run', 'mini_riskagent_file_ingestion', 'wait_for_csv', 'scheduled__2026-09-19T08:03:00+00:00', '--job-id', '4676', '--raw', '--subdir', 'DAGS_FOLDER/data_ingest_pipeline.py', '--cfg-path', '/var/folders/5p/201rr1sj03g8gksxm9x48mbh0000gn/T/tmpr3okwcf_']
[2026-09-19T11:20:48.751+0200] {standard_task_runner.py:105} INFO - Job 4676: Subtask wait_for_csv
[2026-09-19T11:20:48.764+0200] {task_command.py:467} INFO - Running <TaskInstance: mini_riskagent_file_ingestion.wait_for_csv scheduled__2026-09-19T08:03:00+00:00 [running]> on host mac.home
[2026-09-19T11:20:48.780+0200] {taskinstance.py:3134} INFO - Exporting env vars: AIRFLOW_CTX_DAG_OWNER='autoquery' AIRFLOW_CTX_DAG_ID='mini_riskagent_file_ingestion' AIRFLOW_CTX_TASK_ID='wait_for_csv' AIRFLOW_CTX_EXECUTION_DATE='2026-09-19T08:03:00+00:00' AIRFLOW_CTX_TRY_NUMBER='1' AIRFLOW_CTX_DAG_RUN_ID='scheduled__2026-09-19T08:03:00+00:00'
[2026-09-19T11:20:48.780+0200] {logging_mixin.py:190} INFO - Task instance is in running state
[2026-09-19T11:20:48.780+0200] {logging_mixin.py:190} INFO -  Previous state of the Task instance: queued
[2026-09-19T11:20:48.781+0200] {logging_mixin.py:190} INFO - Current task name:wait_for_csv state:running start_date:2026-09-19 09:20:48.742387+00:00
[2026-09-19T11:20:48.781+0200] {logging_mixin.py:190} INFO - Dag name:mini_riskagent_file_ingestion and current dag run status:running
[2026-09-19T11:20:48.781+0200] {taskinstance.py:732} INFO - ::endgroup::
[2026-09-19T11:20:48.782+0200] {python.py:75} INFO - Poking callable: <function check_for_csv_files at 0x10cf5eb60>
[2026-09-19T11:20:48.785+0200] {taskinstance.py:310} INFO - Rescheduling task, marking task as UP_FOR_RESCHEDULE
[2026-09-19T11:20:48.786+0200] {taskinstance.py:341} INFO - ::group::Post task execution logs
[2026-09-19T11:20:48.810+0200] {local_task_job_runner.py:266} INFO - Task exited with return code 0
[2026-09-19T11:20:48.817+0200] {taskinstance.py:3901} INFO - 0 downstream tasks scheduled from follow-on schedule check
[2026-09-19T11:20:48.817+0200] {local_task_job_runner.py:245} INFO - ::endgroup::
[2026-09-19T11:37:25.605+0200] {local_task_job_runner.py:123} INFO - ::group::Pre task execution logs
[2026-09-19T11:37:25.607+0200] {taskinstance.py:2614} INFO - Dependencies all met for dep_context=non-requeueable deps ti=<TaskInstance: mini_riskagent_file_ingestion.wait_for_csv scheduled__2026-09-19T08:03:00+00:00 [queued]>
[2026-09-19T11:37:25.609+0200] {taskinstance.py:2614} INFO - Dependencies all met for dep_context=requeueable deps ti=<TaskInstance: mini_riskagent_file_ingestion.wait_for_csv scheduled__2026-09-19T08:03:00+00:00 [queued]>
[2026-09-19T11:37:25.609+0200] {taskinstance.py:2867} INFO - Starting attempt 1 of 2
[2026-09-19T11:37:25.612+0200] {taskinstance.py:2890} INFO - Executing <Task(PythonSensor): wait_for_csv> on 2026-09-19 08:03:00+00:00
[2026-09-19T11:37:25.616+0200] {logging_mixin.py:190} WARNING - /Users/swarnalidatta/Desktop/AutoQueryChatbot/.airflow-venv/lib/python3.12/site-packages/airflow/task/task_runner/standard_task_runner.py:70 DeprecationWarning: This process (pid=4253) is multi-threaded, use of fork() may lead to deadlocks in the child.
[2026-09-19T11:37:25.616+0200] {standard_task_runner.py:72} INFO - Started process 4255 to run task
[2026-09-19T11:37:25.616+0200] {standard_task_runner.py:104} INFO - Running: ['airflow', 'tasks', 'run', 'mini_riskagent_file_ingestion', 'wait_for_csv', 'scheduled__2026-09-19T08:03:00+00:00', '--job-id', '4677', '--raw', '--subdir', 'DAGS_FOLDER/data_ingest_pipeline.py', '--cfg-path', '/var/folders/5p/201rr1sj03g8gksxm9x48mbh0000gn/T/tmpk_0e584p']
[2026-09-19T11:37:25.616+0200] {standard_task_runner.py:105} INFO - Job 4677: Subtask wait_for_csv
[2026-09-19T11:37:25.630+0200] {task_command.py:467} INFO - Running <TaskInstance: mini_riskagent_file_ingestion.wait_for_csv scheduled__2026-09-19T08:03:00+00:00 [running]> on host mac.home
[2026-09-19T11:37:25.645+0200] {taskinstance.py:3134} INFO - Exporting env vars: AIRFLOW_CTX_DAG_OWNER='autoquery' AIRFLOW_CTX_DAG_ID='mini_riskagent_file_ingestion' AIRFLOW_CTX_TASK_ID='wait_for_csv' AIRFLOW_CTX_EXECUTION_DATE='2026-09-19T08:03:00+00:00' AIRFLOW_CTX_TRY_NUMBER='1' AIRFLOW_CTX_DAG_RUN_ID='scheduled__2026-09-19T08:03:00+00:00'
[2026-09-19T11:37:25.645+0200] {logging_mixin.py:190} INFO - Task instance is in running state
[2026-09-19T11:37:25.646+0200] {logging_mixin.py:190} INFO -  Previous state of the Task instance: queued
[2026-09-19T11:37:25.646+0200] {logging_mixin.py:190} INFO - Current task name:wait_for_csv state:running start_date:2026-09-19 09:37:25.607880+00:00
[2026-09-19T11:37:25.646+0200] {logging_mixin.py:190} INFO - Dag name:mini_riskagent_file_ingestion and current dag run status:running
[2026-09-19T11:37:25.646+0200] {taskinstance.py:732} INFO - ::endgroup::
[2026-09-19T11:37:25.647+0200] {python.py:75} INFO - Poking callable: <function check_for_csv_files at 0x108bc6b60>
[2026-09-19T11:37:25.648+0200] {taskinstance.py:3313} ERROR - Task failed with exception
Traceback (most recent call last):
  File "/Users/swarnalidatta/Desktop/AutoQueryChatbot/.airflow-venv/lib/python3.12/site-packages/airflow/models/taskinstance.py", line 768, in _execute_task
    result = _execute_callable(context=context, **execute_callable_kwargs)
             ^^^^^^^^^^^^^^^^^^^^^^^^^^^^^^^^^^^^^^^^^^^^^^^^^^^^^^^^^^^^^
  File "/Users/swarnalidatta/Desktop/AutoQueryChatbot/.airflow-venv/lib/python3.12/site-packages/airflow/models/taskinstance.py", line 734, in _execute_callable
    return ExecutionCallableRunner(
           ^^^^^^^^^^^^^^^^^^^^^^^^
  File "/Users/swarnalidatta/Desktop/AutoQueryChatbot/.airflow-venv/lib/python3.12/site-packages/airflow/utils/operator_helpers.py", line 252, in run
    return self.func(*args, **kwargs)
           ^^^^^^^^^^^^^^^^^^^^^^^^^^
  File "/Users/swarnalidatta/Desktop/AutoQueryChatbot/.airflow-venv/lib/python3.12/site-packages/airflow/models/baseoperator.py", line 424, in wrapper
    return func(self, *args, **kwargs)
           ^^^^^^^^^^^^^^^^^^^^^^^^^^^
  File "/Users/swarnalidatta/Desktop/AutoQueryChatbot/.airflow-venv/lib/python3.12/site-packages/airflow/sensors/base.py", line 326, in execute
    raise AirflowSensorTimeout(message)
airflow.exceptions.AirflowSensorTimeout: Sensor has timed out; run duration of 4594.557088 seconds exceeds the specified timeout of 3600.0.
[2026-09-19T11:37:25.649+0200] {logging_mixin.py:190} INFO - Task instance in failure state
[2026-09-19T11:37:25.650+0200] {logging_mixin.py:190} INFO - Task start:2026-09-19 09:37:25.607880+00:00 end:2026-09-19 09:37:25.649735+00:00 duration:0.041855
[2026-09-19T11:37:25.650+0200] {logging_mixin.py:190} INFO - Task:<Task(PythonSensor): wait_for_csv> dag:<DAG: mini_riskagent_file_ingestion> dagrun:<DagRun mini_riskagent_file_ingestion @ 2026-09-19 08:03:00+00:00: scheduled__2026-09-19T08:03:00+00:00, state:running, queued_at: 2026-09-19 08:04:02.897034+00:00. externally triggered: False>
[2026-09-19T11:37:25.650+0200] {logging_mixin.py:190} INFO - Failure caused by Sensor has timed out; run duration of 4594.557088 seconds exceeds the specified timeout of 3600.0.
[2026-09-19T11:37:25.650+0200] {taskinstance.py:1226} INFO - Immediate failure requested. Marking task as FAILED. dag_id=mini_riskagent_file_ingestion, task_id=wait_for_csv, run_id=scheduled__2026-09-19T08:03:00+00:00, execution_date=20260919T080300, start_date=20260919T093725, end_date=20260919T093725
[2026-09-19T11:37:25.654+0200] {taskinstance.py:341} INFO - ::group::Post task execution logs
[2026-09-19T11:37:25.654+0200] {standard_task_runner.py:124} ERROR - Failed to execute job 4677 for task wait_for_csv (Sensor has timed out; run duration of 4594.557088 seconds exceeds the specified timeout of 3600.0.; 4255)
Traceback (most recent call last):
  File "/Users/swarnalidatta/Desktop/AutoQueryChatbot/.airflow-venv/lib/python3.12/site-packages/airflow/task/task_runner/standard_task_runner.py", line 117, in _start_by_fork
    ret = args.func(args, dag=self.dag)
          ^^^^^^^^^^^^^^^^^^^^^^^^^^^^^
  File "/Users/swarnalidatta/Desktop/AutoQueryChatbot/.airflow-venv/lib/python3.12/site-packages/airflow/cli/cli_config.py", line 49, in command
    return func(*args, **kwargs)
           ^^^^^^^^^^^^^^^^^^^^^
  File "/Users/swarnalidatta/Desktop/AutoQueryChatbot/.airflow-venv/lib/python3.12/site-packages/airflow/utils/cli.py", line 116, in wrapper
    return f(*args, **kwargs)
           ^^^^^^^^^^^^^^^^^^
  File "/Users/swarnalidatta/Desktop/AutoQueryChatbot/.airflow-venv/lib/python3.12/site-packages/airflow/cli/commands/task_command.py", line 483, in task_run
    task_return_code = _run_task_by_selected_method(args, _dag, ti)
                       ^^^^^^^^^^^^^^^^^^^^^^^^^^^^^^^^^^^^^^^^^^^^
  File "/Users/swarnalidatta/Desktop/AutoQueryChatbot/.airflow-venv/lib/python3.12/site-packages/airflow/cli/commands/task_command.py", line 256, in _run_task_by_selected_method
    return _run_raw_task(args, ti)
           ^^^^^^^^^^^^^^^^^^^^^^^
  File "/Users/swarnalidatta/Desktop/AutoQueryChatbot/.airflow-venv/lib/python3.12/site-packages/airflow/cli/commands/task_command.py", line 341, in _run_raw_task
    return ti._run_raw_task(
           ^^^^^^^^^^^^^^^^^
  File "/Users/swarnalidatta/Desktop/AutoQueryChatbot/.airflow-venv/lib/python3.12/site-packages/airflow/utils/session.py", line 97, in wrapper
    return func(*args, session=session, **kwargs)
           ^^^^^^^^^^^^^^^^^^^^^^^^^^^^^^^^^^^^^^
  File "/Users/swarnalidatta/Desktop/AutoQueryChatbot/.airflow-venv/lib/python3.12/site-packages/airflow/models/taskinstance.py", line 3006, in _run_raw_task
    return _run_raw_task(
           ^^^^^^^^^^^^^^
  File "/Users/swarnalidatta/Desktop/AutoQueryChatbot/.airflow-venv/lib/python3.12/site-packages/airflow/models/taskinstance.py", line 274, in _run_raw_task
    TaskInstance._execute_task_with_callbacks(
  File "/Users/swarnalidatta/Desktop/AutoQueryChatbot/.airflow-venv/lib/python3.12/site-packages/airflow/models/taskinstance.py", line 3161, in _execute_task_with_callbacks
    result = self._execute_task(context, task_orig)
             ^^^^^^^^^^^^^^^^^^^^^^^^^^^^^^^^^^^^^^
  File "/Users/swarnalidatta/Desktop/AutoQueryChatbot/.airflow-venv/lib/python3.12/site-packages/airflow/models/taskinstance.py", line 3185, in _execute_task
    return _execute_task(self, context, task_orig)
           ^^^^^^^^^^^^^^^^^^^^^^^^^^^^^^^^^^^^^^^
  File "/Users/swarnalidatta/Desktop/AutoQueryChatbot/.airflow-venv/lib/python3.12/site-packages/airflow/models/taskinstance.py", line 768, in _execute_task
    result = _execute_callable(context=context, **execute_callable_kwargs)
             ^^^^^^^^^^^^^^^^^^^^^^^^^^^^^^^^^^^^^^^^^^^^^^^^^^^^^^^^^^^^^
  File "/Users/swarnalidatta/Desktop/AutoQueryChatbot/.airflow-venv/lib/python3.12/site-packages/airflow/models/taskinstance.py", line 734, in _execute_callable
    return ExecutionCallableRunner(
           ^^^^^^^^^^^^^^^^^^^^^^^^
  File "/Users/swarnalidatta/Desktop/AutoQueryChatbot/.airflow-venv/lib/python3.12/site-packages/airflow/utils/operator_helpers.py", line 252, in run
    return self.func(*args, **kwargs)
           ^^^^^^^^^^^^^^^^^^^^^^^^^^
  File "/Users/swarnalidatta/Desktop/AutoQueryChatbot/.airflow-venv/lib/python3.12/site-packages/airflow/models/baseoperator.py", line 424, in wrapper
    return func(self, *args, **kwargs)
           ^^^^^^^^^^^^^^^^^^^^^^^^^^^
  File "/Users/swarnalidatta/Desktop/AutoQueryChatbot/.airflow-venv/lib/python3.12/site-packages/airflow/sensors/base.py", line 326, in execute
    raise AirflowSensorTimeout(message)
airflow.exceptions.AirflowSensorTimeout: Sensor has timed out; run duration of 4594.557088 seconds exceeds the specified timeout of 3600.0.
[2026-09-19T11:37:25.675+0200] {local_task_job_runner.py:266} INFO - Task exited with return code 1
[2026-09-19T11:37:25.682+0200] {taskinstance.py:3901} INFO - 0 downstream tasks scheduled from follow-on schedule check
[2026-09-19T11:37:25.683+0200] {local_task_job_runner.py:245} INFO - ::endgroup::
