[2026-09-21T15:27:05.754+0200] {local_task_job_runner.py:123} INFO - ::group::Pre task execution logs
[2026-09-21T15:27:05.757+0200] {taskinstance.py:2614} INFO - Dependencies all met for dep_context=non-requeueable deps ti=<TaskInstance: mini_riskagent_file_ingestion.wait_for_csv scheduled__2026-09-21T13:26:00+00:00 [queued]>
[2026-09-21T15:27:05.758+0200] {taskinstance.py:2614} INFO - Dependencies all met for dep_context=requeueable deps ti=<TaskInstance: mini_riskagent_file_ingestion.wait_for_csv scheduled__2026-09-21T13:26:00+00:00 [queued]>
[2026-09-21T15:27:05.758+0200] {taskinstance.py:2867} INFO - Starting attempt 1 of 2
[2026-09-21T15:27:05.761+0200] {taskinstance.py:2890} INFO - Executing <Task(PythonSensor): wait_for_csv> on 2026-09-21 13:26:00+00:00
[2026-09-21T15:27:05.765+0200] {logging_mixin.py:190} WARNING - /Users/swarnalidatta/Desktop/AutoQueryChatbot/.airflow-venv/lib/python3.12/site-packages/airflow/task/task_runner/standard_task_runner.py:70 DeprecationWarning: This process (pid=9202) is multi-threaded, use of fork() may lead to deadlocks in the child.
[2026-09-21T15:27:05.766+0200] {standard_task_runner.py:72} INFO - Started process 9204 to run task
[2026-09-21T15:27:05.765+0200] {standard_task_runner.py:104} INFO - Running: ['airflow', 'tasks', 'run', 'mini_riskagent_file_ingestion', 'wait_for_csv', 'scheduled__2026-09-21T13:26:00+00:00', '--job-id', '4895', '--raw', '--subdir', 'DAGS_FOLDER/data_ingest_pipeline.py', '--cfg-path', '/var/folders/5p/201rr1sj03g8gksxm9x48mbh0000gn/T/tmpe_jwkyhj']
[2026-09-21T15:27:05.766+0200] {standard_task_runner.py:105} INFO - Job 4895: Subtask wait_for_csv
[2026-09-21T15:27:05.779+0200] {task_command.py:467} INFO - Running <TaskInstance: mini_riskagent_file_ingestion.wait_for_csv scheduled__2026-09-21T13:26:00+00:00 [running]> on host mac.home
[2026-09-21T15:27:05.795+0200] {taskinstance.py:3134} INFO - Exporting env vars: AIRFLOW_CTX_DAG_OWNER='autoquery' AIRFLOW_CTX_DAG_ID='mini_riskagent_file_ingestion' AIRFLOW_CTX_TASK_ID='wait_for_csv' AIRFLOW_CTX_EXECUTION_DATE='2026-09-21T13:26:00+00:00' AIRFLOW_CTX_TRY_NUMBER='1' AIRFLOW_CTX_DAG_RUN_ID='scheduled__2026-09-21T13:26:00+00:00'
[2026-09-21T15:27:05.796+0200] {logging_mixin.py:190} INFO - Task instance is in running state
[2026-09-21T15:27:05.796+0200] {logging_mixin.py:190} INFO -  Previous state of the Task instance: queued
[2026-09-21T15:27:05.796+0200] {logging_mixin.py:190} INFO - Current task name:wait_for_csv state:running start_date:2026-09-21 13:27:05.757493+00:00
[2026-09-21T15:27:05.796+0200] {logging_mixin.py:190} INFO - Dag name:mini_riskagent_file_ingestion and current dag run status:running
[2026-09-21T15:27:05.796+0200] {taskinstance.py:732} INFO - ::endgroup::
[2026-09-21T15:27:05.797+0200] {python.py:75} INFO - Poking callable: <function check_for_csv_files at 0x10c752b60>
[2026-09-21T15:27:05.800+0200] {taskinstance.py:310} INFO - Rescheduling task, marking task as UP_FOR_RESCHEDULE
[2026-09-21T15:27:05.801+0200] {taskinstance.py:341} INFO - ::group::Post task execution logs
[2026-09-21T15:27:05.825+0200] {local_task_job_runner.py:266} INFO - Task exited with return code 0
[2026-09-21T15:27:05.832+0200] {taskinstance.py:3901} INFO - 0 downstream tasks scheduled from follow-on schedule check
[2026-09-21T15:27:05.832+0200] {local_task_job_runner.py:245} INFO - ::endgroup::
[2026-09-21T15:42:59.363+0200] {local_task_job_runner.py:123} INFO - ::group::Pre task execution logs
[2026-09-21T15:42:59.366+0200] {taskinstance.py:2614} INFO - Dependencies all met for dep_context=non-requeueable deps ti=<TaskInstance: mini_riskagent_file_ingestion.wait_for_csv scheduled__2026-09-21T13:26:00+00:00 [queued]>
[2026-09-21T15:42:59.367+0200] {taskinstance.py:2614} INFO - Dependencies all met for dep_context=requeueable deps ti=<TaskInstance: mini_riskagent_file_ingestion.wait_for_csv scheduled__2026-09-21T13:26:00+00:00 [queued]>
[2026-09-21T15:42:59.367+0200] {taskinstance.py:2867} INFO - Starting attempt 1 of 2
[2026-09-21T15:42:59.370+0200] {taskinstance.py:2890} INFO - Executing <Task(PythonSensor): wait_for_csv> on 2026-09-21 13:26:00+00:00
[2026-09-21T15:42:59.375+0200] {logging_mixin.py:190} WARNING - /Users/swarnalidatta/Desktop/AutoQueryChatbot/.airflow-venv/lib/python3.12/site-packages/airflow/task/task_runner/standard_task_runner.py:70 DeprecationWarning: This process (pid=9216) is multi-threaded, use of fork() may lead to deadlocks in the child.
[2026-09-21T15:42:59.375+0200] {standard_task_runner.py:72} INFO - Started process 9218 to run task
[2026-09-21T15:42:59.375+0200] {standard_task_runner.py:104} INFO - Running: ['airflow', 'tasks', 'run', 'mini_riskagent_file_ingestion', 'wait_for_csv', 'scheduled__2026-09-21T13:26:00+00:00', '--job-id', '4896', '--raw', '--subdir', 'DAGS_FOLDER/data_ingest_pipeline.py', '--cfg-path', '/var/folders/5p/201rr1sj03g8gksxm9x48mbh0000gn/T/tmp152spwla']
[2026-09-21T15:42:59.376+0200] {standard_task_runner.py:105} INFO - Job 4896: Subtask wait_for_csv
[2026-09-21T15:42:59.389+0200] {task_command.py:467} INFO - Running <TaskInstance: mini_riskagent_file_ingestion.wait_for_csv scheduled__2026-09-21T13:26:00+00:00 [running]> on host mac.home
[2026-09-21T15:42:59.405+0200] {taskinstance.py:3134} INFO - Exporting env vars: AIRFLOW_CTX_DAG_OWNER='autoquery' AIRFLOW_CTX_DAG_ID='mini_riskagent_file_ingestion' AIRFLOW_CTX_TASK_ID='wait_for_csv' AIRFLOW_CTX_EXECUTION_DATE='2026-09-21T13:26:00+00:00' AIRFLOW_CTX_TRY_NUMBER='1' AIRFLOW_CTX_DAG_RUN_ID='scheduled__2026-09-21T13:26:00+00:00'
[2026-09-21T15:42:59.405+0200] {logging_mixin.py:190} INFO - Task instance is in running state
[2026-09-21T15:42:59.406+0200] {logging_mixin.py:190} INFO -  Previous state of the Task instance: queued
[2026-09-21T15:42:59.406+0200] {logging_mixin.py:190} INFO - Current task name:wait_for_csv state:running start_date:2026-09-21 13:42:59.366122+00:00
[2026-09-21T15:42:59.406+0200] {logging_mixin.py:190} INFO - Dag name:mini_riskagent_file_ingestion and current dag run status:running
[2026-09-21T15:42:59.406+0200] {taskinstance.py:732} INFO - ::endgroup::
[2026-09-21T15:42:59.407+0200] {python.py:75} INFO - Poking callable: <function check_for_csv_files at 0x108ec6b60>
[2026-09-21T15:42:59.411+0200] {taskinstance.py:310} INFO - Rescheduling task, marking task as UP_FOR_RESCHEDULE
[2026-09-21T15:42:59.411+0200] {taskinstance.py:341} INFO - ::group::Post task execution logs
[2026-09-21T15:42:59.435+0200] {local_task_job_runner.py:266} INFO - Task exited with return code 0
[2026-09-21T15:42:59.442+0200] {taskinstance.py:3901} INFO - 0 downstream tasks scheduled from follow-on schedule check
[2026-09-21T15:42:59.442+0200] {local_task_job_runner.py:245} INFO - ::endgroup::
[2026-09-21T15:52:56.165+0200] {local_task_job_runner.py:123} INFO - ::group::Pre task execution logs
[2026-09-21T15:52:56.168+0200] {taskinstance.py:2614} INFO - Dependencies all met for dep_context=non-requeueable deps ti=<TaskInstance: mini_riskagent_file_ingestion.wait_for_csv scheduled__2026-09-21T13:26:00+00:00 [queued]>
[2026-09-21T15:52:56.169+0200] {taskinstance.py:2614} INFO - Dependencies all met for dep_context=requeueable deps ti=<TaskInstance: mini_riskagent_file_ingestion.wait_for_csv scheduled__2026-09-21T13:26:00+00:00 [queued]>
[2026-09-21T15:52:56.169+0200] {taskinstance.py:2867} INFO - Starting attempt 1 of 2
[2026-09-21T15:52:56.172+0200] {taskinstance.py:2890} INFO - Executing <Task(PythonSensor): wait_for_csv> on 2026-09-21 13:26:00+00:00
[2026-09-21T15:52:56.176+0200] {logging_mixin.py:190} WARNING - /Users/swarnalidatta/Desktop/AutoQueryChatbot/.airflow-venv/lib/python3.12/site-packages/airflow/task/task_runner/standard_task_runner.py:70 DeprecationWarning: This process (pid=9231) is multi-threaded, use of fork() may lead to deadlocks in the child.
[2026-09-21T15:52:56.177+0200] {standard_task_runner.py:72} INFO - Started process 9233 to run task
[2026-09-21T15:52:56.176+0200] {standard_task_runner.py:104} INFO - Running: ['airflow', 'tasks', 'run', 'mini_riskagent_file_ingestion', 'wait_for_csv', 'scheduled__2026-09-21T13:26:00+00:00', '--job-id', '4897', '--raw', '--subdir', 'DAGS_FOLDER/data_ingest_pipeline.py', '--cfg-path', '/var/folders/5p/201rr1sj03g8gksxm9x48mbh0000gn/T/tmpmmhrtx2i']
[2026-09-21T15:52:56.177+0200] {standard_task_runner.py:105} INFO - Job 4897: Subtask wait_for_csv
[2026-09-21T15:52:56.190+0200] {task_command.py:467} INFO - Running <TaskInstance: mini_riskagent_file_ingestion.wait_for_csv scheduled__2026-09-21T13:26:00+00:00 [running]> on host mac.home
[2026-09-21T15:52:56.205+0200] {taskinstance.py:3134} INFO - Exporting env vars: AIRFLOW_CTX_DAG_OWNER='autoquery' AIRFLOW_CTX_DAG_ID='mini_riskagent_file_ingestion' AIRFLOW_CTX_TASK_ID='wait_for_csv' AIRFLOW_CTX_EXECUTION_DATE='2026-09-21T13:26:00+00:00' AIRFLOW_CTX_TRY_NUMBER='1' AIRFLOW_CTX_DAG_RUN_ID='scheduled__2026-09-21T13:26:00+00:00'
[2026-09-21T15:52:56.206+0200] {logging_mixin.py:190} INFO - Task instance is in running state
[2026-09-21T15:52:56.206+0200] {logging_mixin.py:190} INFO -  Previous state of the Task instance: queued
[2026-09-21T15:52:56.206+0200] {logging_mixin.py:190} INFO - Current task name:wait_for_csv state:running start_date:2026-09-21 13:52:56.168560+00:00
[2026-09-21T15:52:56.206+0200] {logging_mixin.py:190} INFO - Dag name:mini_riskagent_file_ingestion and current dag run status:running
[2026-09-21T15:52:56.206+0200] {taskinstance.py:732} INFO - ::endgroup::
[2026-09-21T15:52:56.208+0200] {python.py:75} INFO - Poking callable: <function check_for_csv_files at 0x10dd26b60>
[2026-09-21T15:52:56.211+0200] {taskinstance.py:310} INFO - Rescheduling task, marking task as UP_FOR_RESCHEDULE
[2026-09-21T15:52:56.211+0200] {taskinstance.py:341} INFO - ::group::Post task execution logs
[2026-09-21T15:52:56.236+0200] {local_task_job_runner.py:266} INFO - Task exited with return code 0
[2026-09-21T15:52:56.242+0200] {taskinstance.py:3901} INFO - 0 downstream tasks scheduled from follow-on schedule check
[2026-09-21T15:52:56.242+0200] {local_task_job_runner.py:245} INFO - ::endgroup::
[2026-09-21T16:10:00.957+0200] {local_task_job_runner.py:123} INFO - ::group::Pre task execution logs
[2026-09-21T16:10:00.960+0200] {taskinstance.py:2614} INFO - Dependencies all met for dep_context=non-requeueable deps ti=<TaskInstance: mini_riskagent_file_ingestion.wait_for_csv scheduled__2026-09-21T13:26:00+00:00 [queued]>
[2026-09-21T16:10:00.961+0200] {taskinstance.py:2614} INFO - Dependencies all met for dep_context=requeueable deps ti=<TaskInstance: mini_riskagent_file_ingestion.wait_for_csv scheduled__2026-09-21T13:26:00+00:00 [queued]>
[2026-09-21T16:10:00.961+0200] {taskinstance.py:2867} INFO - Starting attempt 1 of 2
[2026-09-21T16:10:00.964+0200] {taskinstance.py:2890} INFO - Executing <Task(PythonSensor): wait_for_csv> on 2026-09-21 13:26:00+00:00
[2026-09-21T16:10:00.969+0200] {logging_mixin.py:190} WARNING - /Users/swarnalidatta/Desktop/AutoQueryChatbot/.airflow-venv/lib/python3.12/site-packages/airflow/task/task_runner/standard_task_runner.py:70 DeprecationWarning: This process (pid=9247) is multi-threaded, use of fork() may lead to deadlocks in the child.
[2026-09-21T16:10:00.969+0200] {standard_task_runner.py:72} INFO - Started process 9253 to run task
[2026-09-21T16:10:00.969+0200] {standard_task_runner.py:104} INFO - Running: ['airflow', 'tasks', 'run', 'mini_riskagent_file_ingestion', 'wait_for_csv', 'scheduled__2026-09-21T13:26:00+00:00', '--job-id', '4898', '--raw', '--subdir', 'DAGS_FOLDER/data_ingest_pipeline.py', '--cfg-path', '/var/folders/5p/201rr1sj03g8gksxm9x48mbh0000gn/T/tmp_bife_m4']
[2026-09-21T16:10:00.970+0200] {standard_task_runner.py:105} INFO - Job 4898: Subtask wait_for_csv
[2026-09-21T16:10:00.983+0200] {task_command.py:467} INFO - Running <TaskInstance: mini_riskagent_file_ingestion.wait_for_csv scheduled__2026-09-21T13:26:00+00:00 [running]> on host mac.home
[2026-09-21T16:10:00.998+0200] {taskinstance.py:3134} INFO - Exporting env vars: AIRFLOW_CTX_DAG_OWNER='autoquery' AIRFLOW_CTX_DAG_ID='mini_riskagent_file_ingestion' AIRFLOW_CTX_TASK_ID='wait_for_csv' AIRFLOW_CTX_EXECUTION_DATE='2026-09-21T13:26:00+00:00' AIRFLOW_CTX_TRY_NUMBER='1' AIRFLOW_CTX_DAG_RUN_ID='scheduled__2026-09-21T13:26:00+00:00'
[2026-09-21T16:10:00.998+0200] {logging_mixin.py:190} INFO - Task instance is in running state
[2026-09-21T16:10:00.999+0200] {logging_mixin.py:190} INFO -  Previous state of the Task instance: queued
[2026-09-21T16:10:00.999+0200] {logging_mixin.py:190} INFO - Current task name:wait_for_csv state:running start_date:2026-09-21 14:10:00.960437+00:00
[2026-09-21T16:10:00.999+0200] {logging_mixin.py:190} INFO - Dag name:mini_riskagent_file_ingestion and current dag run status:running
[2026-09-21T16:10:00.999+0200] {taskinstance.py:732} INFO - ::endgroup::
[2026-09-21T16:10:01.000+0200] {python.py:75} INFO - Poking callable: <function check_for_csv_files at 0x108b5ab60>
[2026-09-21T16:10:01.004+0200] {taskinstance.py:310} INFO - Rescheduling task, marking task as UP_FOR_RESCHEDULE
[2026-09-21T16:10:01.004+0200] {taskinstance.py:341} INFO - ::group::Post task execution logs
[2026-09-21T16:10:01.029+0200] {local_task_job_runner.py:266} INFO - Task exited with return code 0
[2026-09-21T16:10:01.035+0200] {taskinstance.py:3901} INFO - 0 downstream tasks scheduled from follow-on schedule check
[2026-09-21T16:10:01.036+0200] {local_task_job_runner.py:245} INFO - ::endgroup::
[2026-09-21T16:25:15.710+0200] {local_task_job_runner.py:123} INFO - ::group::Pre task execution logs
[2026-09-21T16:25:15.713+0200] {taskinstance.py:2614} INFO - Dependencies all met for dep_context=non-requeueable deps ti=<TaskInstance: mini_riskagent_file_ingestion.wait_for_csv scheduled__2026-09-21T13:26:00+00:00 [queued]>
[2026-09-21T16:25:15.714+0200] {taskinstance.py:2614} INFO - Dependencies all met for dep_context=requeueable deps ti=<TaskInstance: mini_riskagent_file_ingestion.wait_for_csv scheduled__2026-09-21T13:26:00+00:00 [queued]>
[2026-09-21T16:25:15.714+0200] {taskinstance.py:2867} INFO - Starting attempt 1 of 2
[2026-09-21T16:25:15.717+0200] {taskinstance.py:2890} INFO - Executing <Task(PythonSensor): wait_for_csv> on 2026-09-21 13:26:00+00:00
[2026-09-21T16:25:15.721+0200] {logging_mixin.py:190} WARNING - /Users/swarnalidatta/Desktop/AutoQueryChatbot/.airflow-venv/lib/python3.12/site-packages/airflow/task/task_runner/standard_task_runner.py:70 DeprecationWarning: This process (pid=9270) is multi-threaded, use of fork() may lead to deadlocks in the child.
[2026-09-21T16:25:15.722+0200] {standard_task_runner.py:72} INFO - Started process 9272 to run task
[2026-09-21T16:25:15.721+0200] {standard_task_runner.py:104} INFO - Running: ['airflow', 'tasks', 'run', 'mini_riskagent_file_ingestion', 'wait_for_csv', 'scheduled__2026-09-21T13:26:00+00:00', '--job-id', '4899', '--raw', '--subdir', 'DAGS_FOLDER/data_ingest_pipeline.py', '--cfg-path', '/var/folders/5p/201rr1sj03g8gksxm9x48mbh0000gn/T/tmph5hasq5x']
[2026-09-21T16:25:15.722+0200] {standard_task_runner.py:105} INFO - Job 4899: Subtask wait_for_csv
[2026-09-21T16:25:15.735+0200] {task_command.py:467} INFO - Running <TaskInstance: mini_riskagent_file_ingestion.wait_for_csv scheduled__2026-09-21T13:26:00+00:00 [running]> on host mac.home
[2026-09-21T16:25:15.751+0200] {taskinstance.py:3134} INFO - Exporting env vars: AIRFLOW_CTX_DAG_OWNER='autoquery' AIRFLOW_CTX_DAG_ID='mini_riskagent_file_ingestion' AIRFLOW_CTX_TASK_ID='wait_for_csv' AIRFLOW_CTX_EXECUTION_DATE='2026-09-21T13:26:00+00:00' AIRFLOW_CTX_TRY_NUMBER='1' AIRFLOW_CTX_DAG_RUN_ID='scheduled__2026-09-21T13:26:00+00:00'
[2026-09-21T16:25:15.751+0200] {logging_mixin.py:190} INFO - Task instance is in running state
[2026-09-21T16:25:15.752+0200] {logging_mixin.py:190} INFO -  Previous state of the Task instance: queued
[2026-09-21T16:25:15.752+0200] {logging_mixin.py:190} INFO - Current task name:wait_for_csv state:running start_date:2026-09-21 14:25:15.713120+00:00
[2026-09-21T16:25:15.752+0200] {logging_mixin.py:190} INFO - Dag name:mini_riskagent_file_ingestion and current dag run status:running
[2026-09-21T16:25:15.752+0200] {taskinstance.py:732} INFO - ::endgroup::
[2026-09-21T16:25:15.753+0200] {python.py:75} INFO - Poking callable: <function check_for_csv_files at 0x1089b2b60>
[2026-09-21T16:25:15.756+0200] {taskinstance.py:310} INFO - Rescheduling task, marking task as UP_FOR_RESCHEDULE
[2026-09-21T16:25:15.757+0200] {taskinstance.py:341} INFO - ::group::Post task execution logs
[2026-09-21T16:25:15.781+0200] {local_task_job_runner.py:266} INFO - Task exited with return code 0
[2026-09-21T16:25:15.787+0200] {taskinstance.py:3901} INFO - 0 downstream tasks scheduled from follow-on schedule check
[2026-09-21T16:25:15.787+0200] {local_task_job_runner.py:245} INFO - ::endgroup::
[2026-09-21T16:40:19.909+0200] {local_task_job_runner.py:123} INFO - ::group::Pre task execution logs
[2026-09-21T16:40:19.911+0200] {taskinstance.py:2614} INFO - Dependencies all met for dep_context=non-requeueable deps ti=<TaskInstance: mini_riskagent_file_ingestion.wait_for_csv scheduled__2026-09-21T13:26:00+00:00 [queued]>
[2026-09-21T16:40:19.913+0200] {taskinstance.py:2614} INFO - Dependencies all met for dep_context=requeueable deps ti=<TaskInstance: mini_riskagent_file_ingestion.wait_for_csv scheduled__2026-09-21T13:26:00+00:00 [queued]>
[2026-09-21T16:40:19.913+0200] {taskinstance.py:2867} INFO - Starting attempt 1 of 2
[2026-09-21T16:40:19.916+0200] {taskinstance.py:2890} INFO - Executing <Task(PythonSensor): wait_for_csv> on 2026-09-21 13:26:00+00:00
[2026-09-21T16:40:19.920+0200] {logging_mixin.py:190} WARNING - /Users/swarnalidatta/Desktop/AutoQueryChatbot/.airflow-venv/lib/python3.12/site-packages/airflow/task/task_runner/standard_task_runner.py:70 DeprecationWarning: This process (pid=9287) is multi-threaded, use of fork() may lead to deadlocks in the child.
[2026-09-21T16:40:19.920+0200] {standard_task_runner.py:104} INFO - Running: ['airflow', 'tasks', 'run', 'mini_riskagent_file_ingestion', 'wait_for_csv', 'scheduled__2026-09-21T13:26:00+00:00', '--job-id', '4900', '--raw', '--subdir', 'DAGS_FOLDER/data_ingest_pipeline.py', '--cfg-path', '/var/folders/5p/201rr1sj03g8gksxm9x48mbh0000gn/T/tmpljf6w_ez']
[2026-09-21T16:40:19.920+0200] {standard_task_runner.py:72} INFO - Started process 9294 to run task
[2026-09-21T16:40:19.920+0200] {standard_task_runner.py:105} INFO - Job 4900: Subtask wait_for_csv
[2026-09-21T16:40:19.935+0200] {task_command.py:467} INFO - Running <TaskInstance: mini_riskagent_file_ingestion.wait_for_csv scheduled__2026-09-21T13:26:00+00:00 [running]> on host mac.home
[2026-09-21T16:40:19.950+0200] {taskinstance.py:3134} INFO - Exporting env vars: AIRFLOW_CTX_DAG_OWNER='autoquery' AIRFLOW_CTX_DAG_ID='mini_riskagent_file_ingestion' AIRFLOW_CTX_TASK_ID='wait_for_csv' AIRFLOW_CTX_EXECUTION_DATE='2026-09-21T13:26:00+00:00' AIRFLOW_CTX_TRY_NUMBER='1' AIRFLOW_CTX_DAG_RUN_ID='scheduled__2026-09-21T13:26:00+00:00'
[2026-09-21T16:40:19.951+0200] {logging_mixin.py:190} INFO - Task instance is in running state
[2026-09-21T16:40:19.951+0200] {logging_mixin.py:190} INFO -  Previous state of the Task instance: queued
[2026-09-21T16:40:19.951+0200] {logging_mixin.py:190} INFO - Current task name:wait_for_csv state:running start_date:2026-09-21 14:40:19.912027+00:00
[2026-09-21T16:40:19.951+0200] {logging_mixin.py:190} INFO - Dag name:mini_riskagent_file_ingestion and current dag run status:running
[2026-09-21T16:40:19.951+0200] {taskinstance.py:732} INFO - ::endgroup::
[2026-09-21T16:40:19.953+0200] {python.py:75} INFO - Poking callable: <function check_for_csv_files at 0x10eb26b60>
[2026-09-21T16:40:19.953+0200] {taskinstance.py:3313} ERROR - Task failed with exception
Traceback (most recent call last):
  File "/Users/swarnalidatta/Desktop/AutoQueryChatbot/.airflow-venv/lib/python3.12/site-packages/airflow/models/taskinstance.py", line 768, in _execute_task
    result = _execute_callable(context=context, **execute_callable_kwargs)
             ^^^^^^^^^^^^^^^^^^^^^^^^^^^^^^^^^^^^^^^^^^^^^^^^^^^^^^^^^^^^^
  File "/Users/swarnalidatta/Desktop/AutoQueryChatbot/.airflow-venv/lib/python3.12/site-packages/airflow/models/taskinstance.py", line 734, in _execute_callable
    return ExecutionCallableRunner(
           ^^^^^^^^^^^^^^^^^^^^^^^^
  File "/Users/swarnalidatta/Desktop/AutoQueryChatbot/.airflow-venv/lib/python3.12/site-packages/airflow/utils/operator_helpers.py", line 252, in run
    return self.func(*args, **kwargs)
           ^^^^^^^^^^^^^^^^^^^^^^^^^^
  File "/Users/swarnalidatta/Desktop/AutoQueryChatbot/.airflow-venv/lib/python3.12/site-packages/airflow/models/baseoperator.py", line 424, in wrapper
    return func(self, *args, **kwargs)
           ^^^^^^^^^^^^^^^^^^^^^^^^^^^
  File "/Users/swarnalidatta/Desktop/AutoQueryChatbot/.airflow-venv/lib/python3.12/site-packages/airflow/sensors/base.py", line 326, in execute
    raise AirflowSensorTimeout(message)
airflow.exceptions.AirflowSensorTimeout: Sensor has timed out; run duration of 4394.168373 seconds exceeds the specified timeout of 3600.0.
[2026-09-21T16:40:19.955+0200] {logging_mixin.py:190} INFO - Task instance in failure state
[2026-09-21T16:40:19.955+0200] {logging_mixin.py:190} INFO - Task start:2026-09-21 14:40:19.912027+00:00 end:2026-09-21 14:40:19.954924+00:00 duration:0.042897
[2026-09-21T16:40:19.955+0200] {logging_mixin.py:190} INFO - Task:<Task(PythonSensor): wait_for_csv> dag:<DAG: mini_riskagent_file_ingestion> dagrun:<DagRun mini_riskagent_file_ingestion @ 2026-09-21 13:26:00+00:00: scheduled__2026-09-21T13:26:00+00:00, state:running, queued_at: 2026-09-21 13:27:04.900731+00:00. externally triggered: False>
[2026-09-21T16:40:19.955+0200] {logging_mixin.py:190} INFO - Failure caused by Sensor has timed out; run duration of 4394.168373 seconds exceeds the specified timeout of 3600.0.
[2026-09-21T16:40:19.955+0200] {taskinstance.py:1226} INFO - Immediate failure requested. Marking task as FAILED. dag_id=mini_riskagent_file_ingestion, task_id=wait_for_csv, run_id=scheduled__2026-09-21T13:26:00+00:00, execution_date=20260921T132600, start_date=20260921T144019, end_date=20260921T144019
[2026-09-21T16:40:19.959+0200] {taskinstance.py:341} INFO - ::group::Post task execution logs
[2026-09-21T16:40:19.959+0200] {standard_task_runner.py:124} ERROR - Failed to execute job 4900 for task wait_for_csv (Sensor has timed out; run duration of 4394.168373 seconds exceeds the specified timeout of 3600.0.; 9294)
Traceback (most recent call last):
  File "/Users/swarnalidatta/Desktop/AutoQueryChatbot/.airflow-venv/lib/python3.12/site-packages/airflow/task/task_runner/standard_task_runner.py", line 117, in _start_by_fork
    ret = args.func(args, dag=self.dag)
          ^^^^^^^^^^^^^^^^^^^^^^^^^^^^^
  File "/Users/swarnalidatta/Desktop/AutoQueryChatbot/.airflow-venv/lib/python3.12/site-packages/airflow/cli/cli_config.py", line 49, in command
    return func(*args, **kwargs)
           ^^^^^^^^^^^^^^^^^^^^^
  File "/Users/swarnalidatta/Desktop/AutoQueryChatbot/.airflow-venv/lib/python3.12/site-packages/airflow/utils/cli.py", line 116, in wrapper
    return f(*args, **kwargs)
           ^^^^^^^^^^^^^^^^^^
  File "/Users/swarnalidatta/Desktop/AutoQueryChatbot/.airflow-venv/lib/python3.12/site-packages/airflow/cli/commands/task_command.py", line 483, in task_run
    task_return_code = _run_task_by_selected_method(args, _dag, ti)
                       ^^^^^^^^^^^^^^^^^^^^^^^^^^^^^^^^^^^^^^^^^^^^
  File "/Users/swarnalidatta/Desktop/AutoQueryChatbot/.airflow-venv/lib/python3.12/site-packages/airflow/cli/commands/task_command.py", line 256, in _run_task_by_selected_method
    return _run_raw_task(args, ti)
           ^^^^^^^^^^^^^^^^^^^^^^^
  File "/Users/swarnalidatta/Desktop/AutoQueryChatbot/.airflow-venv/lib/python3.12/site-packages/airflow/cli/commands/task_command.py", line 341, in _run_raw_task
    return ti._run_raw_task(
           ^^^^^^^^^^^^^^^^^
  File "/Users/swarnalidatta/Desktop/AutoQueryChatbot/.airflow-venv/lib/python3.12/site-packages/airflow/utils/session.py", line 97, in wrapper
    return func(*args, session=session, **kwargs)
           ^^^^^^^^^^^^^^^^^^^^^^^^^^^^^^^^^^^^^^
  File "/Users/swarnalidatta/Desktop/AutoQueryChatbot/.airflow-venv/lib/python3.12/site-packages/airflow/models/taskinstance.py", line 3006, in _run_raw_task
    return _run_raw_task(
           ^^^^^^^^^^^^^^
  File "/Users/swarnalidatta/Desktop/AutoQueryChatbot/.airflow-venv/lib/python3.12/site-packages/airflow/models/taskinstance.py", line 274, in _run_raw_task
    TaskInstance._execute_task_with_callbacks(
  File "/Users/swarnalidatta/Desktop/AutoQueryChatbot/.airflow-venv/lib/python3.12/site-packages/airflow/models/taskinstance.py", line 3161, in _execute_task_with_callbacks
    result = self._execute_task(context, task_orig)
             ^^^^^^^^^^^^^^^^^^^^^^^^^^^^^^^^^^^^^^
  File "/Users/swarnalidatta/Desktop/AutoQueryChatbot/.airflow-venv/lib/python3.12/site-packages/airflow/models/taskinstance.py", line 3185, in _execute_task
    return _execute_task(self, context, task_orig)
           ^^^^^^^^^^^^^^^^^^^^^^^^^^^^^^^^^^^^^^^
  File "/Users/swarnalidatta/Desktop/AutoQueryChatbot/.airflow-venv/lib/python3.12/site-packages/airflow/models/taskinstance.py", line 768, in _execute_task
    result = _execute_callable(context=context, **execute_callable_kwargs)
             ^^^^^^^^^^^^^^^^^^^^^^^^^^^^^^^^^^^^^^^^^^^^^^^^^^^^^^^^^^^^^
  File "/Users/swarnalidatta/Desktop/AutoQueryChatbot/.airflow-venv/lib/python3.12/site-packages/airflow/models/taskinstance.py", line 734, in _execute_callable
    return ExecutionCallableRunner(
           ^^^^^^^^^^^^^^^^^^^^^^^^
  File "/Users/swarnalidatta/Desktop/AutoQueryChatbot/.airflow-venv/lib/python3.12/site-packages/airflow/utils/operator_helpers.py", line 252, in run
    return self.func(*args, **kwargs)
           ^^^^^^^^^^^^^^^^^^^^^^^^^^
  File "/Users/swarnalidatta/Desktop/AutoQueryChatbot/.airflow-venv/lib/python3.12/site-packages/airflow/models/baseoperator.py", line 424, in wrapper
    return func(self, *args, **kwargs)
           ^^^^^^^^^^^^^^^^^^^^^^^^^^^
  File "/Users/swarnalidatta/Desktop/AutoQueryChatbot/.airflow-venv/lib/python3.12/site-packages/airflow/sensors/base.py", line 326, in execute
    raise AirflowSensorTimeout(message)
airflow.exceptions.AirflowSensorTimeout: Sensor has timed out; run duration of 4394.168373 seconds exceeds the specified timeout of 3600.0.
[2026-09-21T16:40:19.979+0200] {local_task_job_runner.py:266} INFO - Task exited with return code 1
[2026-09-21T16:40:19.986+0200] {taskinstance.py:3901} INFO - 0 downstream tasks scheduled from follow-on schedule check
[2026-09-21T16:40:19.987+0200] {local_task_job_runner.py:245} INFO - ::endgroup::
