[2026-09-19T15:58:05.304+0200] {local_task_job_runner.py:123} INFO - ::group::Pre task execution logs
[2026-09-19T15:58:05.307+0200] {taskinstance.py:2614} INFO - Dependencies all met for dep_context=non-requeueable deps ti=<TaskInstance: mini_riskagent_file_ingestion.wait_for_csv scheduled__2026-09-19T13:57:00+00:00 [queued]>
[2026-09-19T15:58:05.308+0200] {taskinstance.py:2614} INFO - Dependencies all met for dep_context=requeueable deps ti=<TaskInstance: mini_riskagent_file_ingestion.wait_for_csv scheduled__2026-09-19T13:57:00+00:00 [queued]>
[2026-09-19T15:58:05.308+0200] {taskinstance.py:2867} INFO - Starting attempt 1 of 2
[2026-09-19T15:58:05.311+0200] {taskinstance.py:2890} INFO - Executing <Task(PythonSensor): wait_for_csv> on 2026-09-19 13:57:00+00:00
[2026-09-19T15:58:05.315+0200] {standard_task_runner.py:104} INFO - Running: ['airflow', 'tasks', 'run', 'mini_riskagent_file_ingestion', 'wait_for_csv', 'scheduled__2026-09-19T13:57:00+00:00', '--job-id', '4698', '--raw', '--subdir', 'DAGS_FOLDER/data_ingest_pipeline.py', '--cfg-path', '/var/folders/5p/201rr1sj03g8gksxm9x48mbh0000gn/T/tmpnqd29i34']
[2026-09-19T15:58:05.316+0200] {logging_mixin.py:190} WARNING - /Users/swarnalidatta/Desktop/AutoQueryChatbot/.airflow-venv/lib/python3.12/site-packages/airflow/task/task_runner/standard_task_runner.py:70 DeprecationWarning: This process (pid=4739) is multi-threaded, use of fork() may lead to deadlocks in the child.
[2026-09-19T15:58:05.316+0200] {standard_task_runner.py:105} INFO - Job 4698: Subtask wait_for_csv
[2026-09-19T15:58:05.316+0200] {standard_task_runner.py:72} INFO - Started process 4741 to run task
[2026-09-19T15:58:05.330+0200] {task_command.py:467} INFO - Running <TaskInstance: mini_riskagent_file_ingestion.wait_for_csv scheduled__2026-09-19T13:57:00+00:00 [running]> on host mac.home
[2026-09-19T15:58:05.347+0200] {taskinstance.py:3134} INFO - Exporting env vars: AIRFLOW_CTX_DAG_OWNER='autoquery' AIRFLOW_CTX_DAG_ID='mini_riskagent_file_ingestion' AIRFLOW_CTX_TASK_ID='wait_for_csv' AIRFLOW_CTX_EXECUTION_DATE='2026-09-19T13:57:00+00:00' AIRFLOW_CTX_TRY_NUMBER='1' AIRFLOW_CTX_DAG_RUN_ID='scheduled__2026-09-19T13:57:00+00:00'
[2026-09-19T15:58:05.347+0200] {logging_mixin.py:190} INFO - Task instance is in running state
[2026-09-19T15:58:05.347+0200] {logging_mixin.py:190} INFO -  Previous state of the Task instance: queued
[2026-09-19T15:58:05.348+0200] {logging_mixin.py:190} INFO - Current task name:wait_for_csv state:running start_date:2026-09-19 13:58:05.307439+00:00
[2026-09-19T15:58:05.348+0200] {logging_mixin.py:190} INFO - Dag name:mini_riskagent_file_ingestion and current dag run status:running
[2026-09-19T15:58:05.348+0200] {taskinstance.py:732} INFO - ::endgroup::
[2026-09-19T15:58:05.349+0200] {python.py:75} INFO - Poking callable: <function check_for_csv_files at 0x10e31eb60>
[2026-09-19T15:58:05.352+0200] {taskinstance.py:310} INFO - Rescheduling task, marking task as UP_FOR_RESCHEDULE
[2026-09-19T15:58:05.352+0200] {taskinstance.py:341} INFO - ::group::Post task execution logs
[2026-09-19T15:58:05.376+0200] {local_task_job_runner.py:266} INFO - Task exited with return code 0
[2026-09-19T15:58:05.382+0200] {taskinstance.py:3901} INFO - 0 downstream tasks scheduled from follow-on schedule check
[2026-09-19T15:58:05.383+0200] {local_task_job_runner.py:245} INFO - ::endgroup::
[2026-09-19T16:02:28.767+0200] {local_task_job_runner.py:123} INFO - ::group::Pre task execution logs
[2026-09-19T16:02:28.770+0200] {taskinstance.py:2614} INFO - Dependencies all met for dep_context=non-requeueable deps ti=<TaskInstance: mini_riskagent_file_ingestion.wait_for_csv scheduled__2026-09-19T13:57:00+00:00 [queued]>
[2026-09-19T16:02:28.771+0200] {taskinstance.py:2614} INFO - Dependencies all met for dep_context=requeueable deps ti=<TaskInstance: mini_riskagent_file_ingestion.wait_for_csv scheduled__2026-09-19T13:57:00+00:00 [queued]>
[2026-09-19T16:02:28.771+0200] {taskinstance.py:2867} INFO - Starting attempt 1 of 2
[2026-09-19T16:02:28.774+0200] {taskinstance.py:2890} INFO - Executing <Task(PythonSensor): wait_for_csv> on 2026-09-19 13:57:00+00:00
[2026-09-19T16:02:28.778+0200] {logging_mixin.py:190} WARNING - /Users/swarnalidatta/Desktop/AutoQueryChatbot/.airflow-venv/lib/python3.12/site-packages/airflow/task/task_runner/standard_task_runner.py:70 DeprecationWarning: This process (pid=4783) is multi-threaded, use of fork() may lead to deadlocks in the child.
[2026-09-19T16:02:28.778+0200] {standard_task_runner.py:72} INFO - Started process 4786 to run task
[2026-09-19T16:02:28.778+0200] {standard_task_runner.py:104} INFO - Running: ['airflow', 'tasks', 'run', 'mini_riskagent_file_ingestion', 'wait_for_csv', 'scheduled__2026-09-19T13:57:00+00:00', '--job-id', '4699', '--raw', '--subdir', 'DAGS_FOLDER/data_ingest_pipeline.py', '--cfg-path', '/var/folders/5p/201rr1sj03g8gksxm9x48mbh0000gn/T/tmp5l1lqbmh']
[2026-09-19T16:02:28.779+0200] {standard_task_runner.py:105} INFO - Job 4699: Subtask wait_for_csv
[2026-09-19T16:02:28.792+0200] {task_command.py:467} INFO - Running <TaskInstance: mini_riskagent_file_ingestion.wait_for_csv scheduled__2026-09-19T13:57:00+00:00 [running]> on host mac.home
[2026-09-19T16:02:28.807+0200] {taskinstance.py:3134} INFO - Exporting env vars: AIRFLOW_CTX_DAG_OWNER='autoquery' AIRFLOW_CTX_DAG_ID='mini_riskagent_file_ingestion' AIRFLOW_CTX_TASK_ID='wait_for_csv' AIRFLOW_CTX_EXECUTION_DATE='2026-09-19T13:57:00+00:00' AIRFLOW_CTX_TRY_NUMBER='1' AIRFLOW_CTX_DAG_RUN_ID='scheduled__2026-09-19T13:57:00+00:00'
[2026-09-19T16:02:28.807+0200] {logging_mixin.py:190} INFO - Task instance is in running state
[2026-09-19T16:02:28.807+0200] {logging_mixin.py:190} INFO -  Previous state of the Task instance: queued
[2026-09-19T16:02:28.808+0200] {logging_mixin.py:190} INFO - Current task name:wait_for_csv state:running start_date:2026-09-19 14:02:28.770172+00:00
[2026-09-19T16:02:28.808+0200] {logging_mixin.py:190} INFO - Dag name:mini_riskagent_file_ingestion and current dag run status:running
[2026-09-19T16:02:28.808+0200] {taskinstance.py:732} INFO - ::endgroup::
[2026-09-19T16:02:28.809+0200] {python.py:75} INFO - Poking callable: <function check_for_csv_files at 0x111f12b60>
[2026-09-19T16:02:28.812+0200] {taskinstance.py:310} INFO - Rescheduling task, marking task as UP_FOR_RESCHEDULE
[2026-09-19T16:02:28.812+0200] {taskinstance.py:341} INFO - ::group::Post task execution logs
[2026-09-19T16:02:28.838+0200] {local_task_job_runner.py:266} INFO - Task exited with return code 0
[2026-09-19T16:02:28.844+0200] {taskinstance.py:3901} INFO - 0 downstream tasks scheduled from follow-on schedule check
[2026-09-19T16:02:28.844+0200] {local_task_job_runner.py:245} INFO - ::endgroup::
[2026-09-19T16:07:17.969+0200] {local_task_job_runner.py:123} INFO - ::group::Pre task execution logs
[2026-09-19T16:07:17.972+0200] {taskinstance.py:2614} INFO - Dependencies all met for dep_context=non-requeueable deps ti=<TaskInstance: mini_riskagent_file_ingestion.wait_for_csv scheduled__2026-09-19T13:57:00+00:00 [queued]>
[2026-09-19T16:07:17.973+0200] {taskinstance.py:2614} INFO - Dependencies all met for dep_context=requeueable deps ti=<TaskInstance: mini_riskagent_file_ingestion.wait_for_csv scheduled__2026-09-19T13:57:00+00:00 [queued]>
[2026-09-19T16:07:17.973+0200] {taskinstance.py:2867} INFO - Starting attempt 1 of 2
[2026-09-19T16:07:17.976+0200] {taskinstance.py:2890} INFO - Executing <Task(PythonSensor): wait_for_csv> on 2026-09-19 13:57:00+00:00
[2026-09-19T16:07:17.981+0200] {logging_mixin.py:190} WARNING - /Users/swarnalidatta/Desktop/AutoQueryChatbot/.airflow-venv/lib/python3.12/site-packages/airflow/task/task_runner/standard_task_runner.py:70 DeprecationWarning: This process (pid=4807) is multi-threaded, use of fork() may lead to deadlocks in the child.
[2026-09-19T16:07:17.981+0200] {standard_task_runner.py:104} INFO - Running: ['airflow', 'tasks', 'run', 'mini_riskagent_file_ingestion', 'wait_for_csv', 'scheduled__2026-09-19T13:57:00+00:00', '--job-id', '4700', '--raw', '--subdir', 'DAGS_FOLDER/data_ingest_pipeline.py', '--cfg-path', '/var/folders/5p/201rr1sj03g8gksxm9x48mbh0000gn/T/tmpgd5j2fop']
[2026-09-19T16:07:17.982+0200] {standard_task_runner.py:72} INFO - Started process 4810 to run task
[2026-09-19T16:07:17.982+0200] {standard_task_runner.py:105} INFO - Job 4700: Subtask wait_for_csv
[2026-09-19T16:07:17.995+0200] {task_command.py:467} INFO - Running <TaskInstance: mini_riskagent_file_ingestion.wait_for_csv scheduled__2026-09-19T13:57:00+00:00 [running]> on host mac.home
[2026-09-19T16:07:18.010+0200] {taskinstance.py:3134} INFO - Exporting env vars: AIRFLOW_CTX_DAG_OWNER='autoquery' AIRFLOW_CTX_DAG_ID='mini_riskagent_file_ingestion' AIRFLOW_CTX_TASK_ID='wait_for_csv' AIRFLOW_CTX_EXECUTION_DATE='2026-09-19T13:57:00+00:00' AIRFLOW_CTX_TRY_NUMBER='1' AIRFLOW_CTX_DAG_RUN_ID='scheduled__2026-09-19T13:57:00+00:00'
[2026-09-19T16:07:18.011+0200] {logging_mixin.py:190} INFO - Task instance is in running state
[2026-09-19T16:07:18.011+0200] {logging_mixin.py:190} INFO -  Previous state of the Task instance: queued
[2026-09-19T16:07:18.011+0200] {logging_mixin.py:190} INFO - Current task name:wait_for_csv state:running start_date:2026-09-19 14:07:17.972614+00:00
[2026-09-19T16:07:18.011+0200] {logging_mixin.py:190} INFO - Dag name:mini_riskagent_file_ingestion and current dag run status:running
[2026-09-19T16:07:18.011+0200] {taskinstance.py:732} INFO - ::endgroup::
[2026-09-19T16:07:18.013+0200] {python.py:75} INFO - Poking callable: <function check_for_csv_files at 0x10cd2ab60>
[2026-09-19T16:07:18.016+0200] {taskinstance.py:310} INFO - Rescheduling task, marking task as UP_FOR_RESCHEDULE
[2026-09-19T16:07:18.016+0200] {taskinstance.py:341} INFO - ::group::Post task execution logs
[2026-09-19T16:07:18.041+0200] {local_task_job_runner.py:266} INFO - Task exited with return code 0
[2026-09-19T16:07:18.047+0200] {taskinstance.py:3901} INFO - 0 downstream tasks scheduled from follow-on schedule check
[2026-09-19T16:07:18.048+0200] {local_task_job_runner.py:245} INFO - ::endgroup::
[2026-09-19T16:09:58.426+0200] {local_task_job_runner.py:123} INFO - ::group::Pre task execution logs
[2026-09-19T16:09:58.429+0200] {taskinstance.py:2614} INFO - Dependencies all met for dep_context=non-requeueable deps ti=<TaskInstance: mini_riskagent_file_ingestion.wait_for_csv scheduled__2026-09-19T13:57:00+00:00 [queued]>
[2026-09-19T16:09:58.430+0200] {taskinstance.py:2614} INFO - Dependencies all met for dep_context=requeueable deps ti=<TaskInstance: mini_riskagent_file_ingestion.wait_for_csv scheduled__2026-09-19T13:57:00+00:00 [queued]>
[2026-09-19T16:09:58.430+0200] {taskinstance.py:2867} INFO - Starting attempt 1 of 2
[2026-09-19T16:09:58.433+0200] {taskinstance.py:2890} INFO - Executing <Task(PythonSensor): wait_for_csv> on 2026-09-19 13:57:00+00:00
[2026-09-19T16:09:58.437+0200] {logging_mixin.py:190} WARNING - /Users/swarnalidatta/Desktop/AutoQueryChatbot/.airflow-venv/lib/python3.12/site-packages/airflow/task/task_runner/standard_task_runner.py:70 DeprecationWarning: This process (pid=4847) is multi-threaded, use of fork() may lead to deadlocks in the child.
[2026-09-19T16:09:58.438+0200] {standard_task_runner.py:72} INFO - Started process 4849 to run task
[2026-09-19T16:09:58.437+0200] {standard_task_runner.py:104} INFO - Running: ['airflow', 'tasks', 'run', 'mini_riskagent_file_ingestion', 'wait_for_csv', 'scheduled__2026-09-19T13:57:00+00:00', '--job-id', '4701', '--raw', '--subdir', 'DAGS_FOLDER/data_ingest_pipeline.py', '--cfg-path', '/var/folders/5p/201rr1sj03g8gksxm9x48mbh0000gn/T/tmpn_z1n3v6']
[2026-09-19T16:09:58.438+0200] {standard_task_runner.py:105} INFO - Job 4701: Subtask wait_for_csv
[2026-09-19T16:09:58.450+0200] {task_command.py:467} INFO - Running <TaskInstance: mini_riskagent_file_ingestion.wait_for_csv scheduled__2026-09-19T13:57:00+00:00 [running]> on host mac.home
[2026-09-19T16:09:58.467+0200] {taskinstance.py:3134} INFO - Exporting env vars: AIRFLOW_CTX_DAG_OWNER='autoquery' AIRFLOW_CTX_DAG_ID='mini_riskagent_file_ingestion' AIRFLOW_CTX_TASK_ID='wait_for_csv' AIRFLOW_CTX_EXECUTION_DATE='2026-09-19T13:57:00+00:00' AIRFLOW_CTX_TRY_NUMBER='1' AIRFLOW_CTX_DAG_RUN_ID='scheduled__2026-09-19T13:57:00+00:00'
[2026-09-19T16:09:58.467+0200] {logging_mixin.py:190} INFO - Task instance is in running state
[2026-09-19T16:09:58.467+0200] {logging_mixin.py:190} INFO -  Previous state of the Task instance: queued
[2026-09-19T16:09:58.468+0200] {logging_mixin.py:190} INFO - Current task name:wait_for_csv state:running start_date:2026-09-19 14:09:58.429423+00:00
[2026-09-19T16:09:58.468+0200] {logging_mixin.py:190} INFO - Dag name:mini_riskagent_file_ingestion and current dag run status:running
[2026-09-19T16:09:58.468+0200] {taskinstance.py:732} INFO - ::endgroup::
[2026-09-19T16:09:58.469+0200] {python.py:75} INFO - Poking callable: <function check_for_csv_files at 0x10905eb60>
[2026-09-19T16:09:58.472+0200] {taskinstance.py:310} INFO - Rescheduling task, marking task as UP_FOR_RESCHEDULE
[2026-09-19T16:09:58.472+0200] {taskinstance.py:341} INFO - ::group::Post task execution logs
[2026-09-19T16:09:58.497+0200] {local_task_job_runner.py:266} INFO - Task exited with return code 0
[2026-09-19T16:09:58.503+0200] {taskinstance.py:3901} INFO - 0 downstream tasks scheduled from follow-on schedule check
[2026-09-19T16:09:58.504+0200] {local_task_job_runner.py:245} INFO - ::endgroup::
[2026-09-19T16:16:00.431+0200] {local_task_job_runner.py:123} INFO - ::group::Pre task execution logs
[2026-09-19T16:16:00.434+0200] {taskinstance.py:2614} INFO - Dependencies all met for dep_context=non-requeueable deps ti=<TaskInstance: mini_riskagent_file_ingestion.wait_for_csv scheduled__2026-09-19T13:57:00+00:00 [queued]>
[2026-09-19T16:16:00.435+0200] {taskinstance.py:2614} INFO - Dependencies all met for dep_context=requeueable deps ti=<TaskInstance: mini_riskagent_file_ingestion.wait_for_csv scheduled__2026-09-19T13:57:00+00:00 [queued]>
[2026-09-19T16:16:00.435+0200] {taskinstance.py:2867} INFO - Starting attempt 1 of 2
[2026-09-19T16:16:00.438+0200] {taskinstance.py:2890} INFO - Executing <Task(PythonSensor): wait_for_csv> on 2026-09-19 13:57:00+00:00
[2026-09-19T16:16:00.443+0200] {logging_mixin.py:190} WARNING - /Users/swarnalidatta/Desktop/AutoQueryChatbot/.airflow-venv/lib/python3.12/site-packages/airflow/task/task_runner/standard_task_runner.py:70 DeprecationWarning: This process (pid=4863) is multi-threaded, use of fork() may lead to deadlocks in the child.
[2026-09-19T16:16:00.442+0200] {standard_task_runner.py:104} INFO - Running: ['airflow', 'tasks', 'run', 'mini_riskagent_file_ingestion', 'wait_for_csv', 'scheduled__2026-09-19T13:57:00+00:00', '--job-id', '4702', '--raw', '--subdir', 'DAGS_FOLDER/data_ingest_pipeline.py', '--cfg-path', '/var/folders/5p/201rr1sj03g8gksxm9x48mbh0000gn/T/tmpw4zh2l36']
[2026-09-19T16:16:00.443+0200] {standard_task_runner.py:72} INFO - Started process 4869 to run task
[2026-09-19T16:16:00.443+0200] {standard_task_runner.py:105} INFO - Job 4702: Subtask wait_for_csv
[2026-09-19T16:16:00.456+0200] {task_command.py:467} INFO - Running <TaskInstance: mini_riskagent_file_ingestion.wait_for_csv scheduled__2026-09-19T13:57:00+00:00 [running]> on host mac.home
[2026-09-19T16:16:00.471+0200] {taskinstance.py:3134} INFO - Exporting env vars: AIRFLOW_CTX_DAG_OWNER='autoquery' AIRFLOW_CTX_DAG_ID='mini_riskagent_file_ingestion' AIRFLOW_CTX_TASK_ID='wait_for_csv' AIRFLOW_CTX_EXECUTION_DATE='2026-09-19T13:57:00+00:00' AIRFLOW_CTX_TRY_NUMBER='1' AIRFLOW_CTX_DAG_RUN_ID='scheduled__2026-09-19T13:57:00+00:00'
[2026-09-19T16:16:00.471+0200] {logging_mixin.py:190} INFO - Task instance is in running state
[2026-09-19T16:16:00.471+0200] {logging_mixin.py:190} INFO -  Previous state of the Task instance: queued
[2026-09-19T16:16:00.472+0200] {logging_mixin.py:190} INFO - Current task name:wait_for_csv state:running start_date:2026-09-19 14:16:00.434317+00:00
[2026-09-19T16:16:00.472+0200] {logging_mixin.py:190} INFO - Dag name:mini_riskagent_file_ingestion and current dag run status:running
[2026-09-19T16:16:00.472+0200] {taskinstance.py:732} INFO - ::endgroup::
[2026-09-19T16:16:00.473+0200] {python.py:75} INFO - Poking callable: <function check_for_csv_files at 0x10d4b2b60>
[2026-09-19T16:16:00.476+0200] {taskinstance.py:310} INFO - Rescheduling task, marking task as UP_FOR_RESCHEDULE
[2026-09-19T16:16:00.477+0200] {taskinstance.py:341} INFO - ::group::Post task execution logs
[2026-09-19T16:16:00.502+0200] {local_task_job_runner.py:266} INFO - Task exited with return code 0
[2026-09-19T16:16:00.509+0200] {taskinstance.py:3901} INFO - 0 downstream tasks scheduled from follow-on schedule check
[2026-09-19T16:16:00.509+0200] {local_task_job_runner.py:245} INFO - ::endgroup::
[2026-09-19T16:33:32.533+0200] {local_task_job_runner.py:123} INFO - ::group::Pre task execution logs
[2026-09-19T16:33:32.536+0200] {taskinstance.py:2614} INFO - Dependencies all met for dep_context=non-requeueable deps ti=<TaskInstance: mini_riskagent_file_ingestion.wait_for_csv scheduled__2026-09-19T13:57:00+00:00 [queued]>
[2026-09-19T16:33:32.537+0200] {taskinstance.py:2614} INFO - Dependencies all met for dep_context=requeueable deps ti=<TaskInstance: mini_riskagent_file_ingestion.wait_for_csv scheduled__2026-09-19T13:57:00+00:00 [queued]>
[2026-09-19T16:33:32.537+0200] {taskinstance.py:2867} INFO - Starting attempt 1 of 2
[2026-09-19T16:33:32.540+0200] {taskinstance.py:2890} INFO - Executing <Task(PythonSensor): wait_for_csv> on 2026-09-19 13:57:00+00:00
[2026-09-19T16:33:32.544+0200] {logging_mixin.py:190} WARNING - /Users/swarnalidatta/Desktop/AutoQueryChatbot/.airflow-venv/lib/python3.12/site-packages/airflow/task/task_runner/standard_task_runner.py:70 DeprecationWarning: This process (pid=4890) is multi-threaded, use of fork() may lead to deadlocks in the child.
[2026-09-19T16:33:32.545+0200] {standard_task_runner.py:72} INFO - Started process 4892 to run task
[2026-09-19T16:33:32.544+0200] {standard_task_runner.py:104} INFO - Running: ['airflow', 'tasks', 'run', 'mini_riskagent_file_ingestion', 'wait_for_csv', 'scheduled__2026-09-19T13:57:00+00:00', '--job-id', '4703', '--raw', '--subdir', 'DAGS_FOLDER/data_ingest_pipeline.py', '--cfg-path', '/var/folders/5p/201rr1sj03g8gksxm9x48mbh0000gn/T/tmp10lmjups']
[2026-09-19T16:33:32.545+0200] {standard_task_runner.py:105} INFO - Job 4703: Subtask wait_for_csv
[2026-09-19T16:33:32.558+0200] {task_command.py:467} INFO - Running <TaskInstance: mini_riskagent_file_ingestion.wait_for_csv scheduled__2026-09-19T13:57:00+00:00 [running]> on host mac.home
[2026-09-19T16:33:32.574+0200] {taskinstance.py:3134} INFO - Exporting env vars: AIRFLOW_CTX_DAG_OWNER='autoquery' AIRFLOW_CTX_DAG_ID='mini_riskagent_file_ingestion' AIRFLOW_CTX_TASK_ID='wait_for_csv' AIRFLOW_CTX_EXECUTION_DATE='2026-09-19T13:57:00+00:00' AIRFLOW_CTX_TRY_NUMBER='1' AIRFLOW_CTX_DAG_RUN_ID='scheduled__2026-09-19T13:57:00+00:00'
[2026-09-19T16:33:32.574+0200] {logging_mixin.py:190} INFO - Task instance is in running state
[2026-09-19T16:33:32.575+0200] {logging_mixin.py:190} INFO -  Previous state of the Task instance: queued
[2026-09-19T16:33:32.575+0200] {logging_mixin.py:190} INFO - Current task name:wait_for_csv state:running start_date:2026-09-19 14:33:32.536139+00:00
[2026-09-19T16:33:32.575+0200] {logging_mixin.py:190} INFO - Dag name:mini_riskagent_file_ingestion and current dag run status:running
[2026-09-19T16:33:32.575+0200] {taskinstance.py:732} INFO - ::endgroup::
[2026-09-19T16:33:32.576+0200] {python.py:75} INFO - Poking callable: <function check_for_csv_files at 0x108ddab60>
[2026-09-19T16:33:32.580+0200] {taskinstance.py:310} INFO - Rescheduling task, marking task as UP_FOR_RESCHEDULE
[2026-09-19T16:33:32.580+0200] {taskinstance.py:341} INFO - ::group::Post task execution logs
[2026-09-19T16:33:32.604+0200] {local_task_job_runner.py:266} INFO - Task exited with return code 0
[2026-09-19T16:33:32.610+0200] {taskinstance.py:3901} INFO - 0 downstream tasks scheduled from follow-on schedule check
[2026-09-19T16:33:32.610+0200] {local_task_job_runner.py:245} INFO - ::endgroup::
[2026-09-19T16:38:16.395+0200] {local_task_job_runner.py:123} INFO - ::group::Pre task execution logs
[2026-09-19T16:38:16.398+0200] {taskinstance.py:2614} INFO - Dependencies all met for dep_context=non-requeueable deps ti=<TaskInstance: mini_riskagent_file_ingestion.wait_for_csv scheduled__2026-09-19T13:57:00+00:00 [queued]>
[2026-09-19T16:38:16.399+0200] {taskinstance.py:2614} INFO - Dependencies all met for dep_context=requeueable deps ti=<TaskInstance: mini_riskagent_file_ingestion.wait_for_csv scheduled__2026-09-19T13:57:00+00:00 [queued]>
[2026-09-19T16:38:16.399+0200] {taskinstance.py:2867} INFO - Starting attempt 1 of 2
[2026-09-19T16:38:16.403+0200] {taskinstance.py:2890} INFO - Executing <Task(PythonSensor): wait_for_csv> on 2026-09-19 13:57:00+00:00
[2026-09-19T16:38:16.407+0200] {logging_mixin.py:190} WARNING - /Users/swarnalidatta/Desktop/AutoQueryChatbot/.airflow-venv/lib/python3.12/site-packages/airflow/task/task_runner/standard_task_runner.py:70 DeprecationWarning: This process (pid=4905) is multi-threaded, use of fork() may lead to deadlocks in the child.
[2026-09-19T16:38:16.407+0200] {standard_task_runner.py:72} INFO - Started process 4908 to run task
[2026-09-19T16:38:16.407+0200] {standard_task_runner.py:104} INFO - Running: ['airflow', 'tasks', 'run', 'mini_riskagent_file_ingestion', 'wait_for_csv', 'scheduled__2026-09-19T13:57:00+00:00', '--job-id', '4704', '--raw', '--subdir', 'DAGS_FOLDER/data_ingest_pipeline.py', '--cfg-path', '/var/folders/5p/201rr1sj03g8gksxm9x48mbh0000gn/T/tmpfyb34s07']
[2026-09-19T16:38:16.408+0200] {standard_task_runner.py:105} INFO - Job 4704: Subtask wait_for_csv
[2026-09-19T16:38:16.421+0200] {task_command.py:467} INFO - Running <TaskInstance: mini_riskagent_file_ingestion.wait_for_csv scheduled__2026-09-19T13:57:00+00:00 [running]> on host mac.home
[2026-09-19T16:38:16.437+0200] {taskinstance.py:3134} INFO - Exporting env vars: AIRFLOW_CTX_DAG_OWNER='autoquery' AIRFLOW_CTX_DAG_ID='mini_riskagent_file_ingestion' AIRFLOW_CTX_TASK_ID='wait_for_csv' AIRFLOW_CTX_EXECUTION_DATE='2026-09-19T13:57:00+00:00' AIRFLOW_CTX_TRY_NUMBER='1' AIRFLOW_CTX_DAG_RUN_ID='scheduled__2026-09-19T13:57:00+00:00'
[2026-09-19T16:38:16.438+0200] {logging_mixin.py:190} INFO - Task instance is in running state
[2026-09-19T16:38:16.438+0200] {logging_mixin.py:190} INFO -  Previous state of the Task instance: queued
[2026-09-19T16:38:16.438+0200] {logging_mixin.py:190} INFO - Current task name:wait_for_csv state:running start_date:2026-09-19 14:38:16.398568+00:00
[2026-09-19T16:38:16.438+0200] {logging_mixin.py:190} INFO - Dag name:mini_riskagent_file_ingestion and current dag run status:running
[2026-09-19T16:38:16.439+0200] {taskinstance.py:732} INFO - ::endgroup::
[2026-09-19T16:38:16.440+0200] {python.py:75} INFO - Poking callable: <function check_for_csv_files at 0x10b116b60>
[2026-09-19T16:38:16.443+0200] {taskinstance.py:310} INFO - Rescheduling task, marking task as UP_FOR_RESCHEDULE
[2026-09-19T16:38:16.443+0200] {taskinstance.py:341} INFO - ::group::Post task execution logs
[2026-09-19T16:38:16.466+0200] {local_task_job_runner.py:266} INFO - Task exited with return code 0
[2026-09-19T16:38:16.473+0200] {taskinstance.py:3901} INFO - 0 downstream tasks scheduled from follow-on schedule check
[2026-09-19T16:38:16.473+0200] {local_task_job_runner.py:245} INFO - ::endgroup::
[2026-09-19T16:55:50.402+0200] {local_task_job_runner.py:123} INFO - ::group::Pre task execution logs
[2026-09-19T16:55:50.405+0200] {taskinstance.py:2614} INFO - Dependencies all met for dep_context=non-requeueable deps ti=<TaskInstance: mini_riskagent_file_ingestion.wait_for_csv scheduled__2026-09-19T13:57:00+00:00 [queued]>
[2026-09-19T16:55:50.406+0200] {taskinstance.py:2614} INFO - Dependencies all met for dep_context=requeueable deps ti=<TaskInstance: mini_riskagent_file_ingestion.wait_for_csv scheduled__2026-09-19T13:57:00+00:00 [queued]>
[2026-09-19T16:55:50.406+0200] {taskinstance.py:2867} INFO - Starting attempt 1 of 2
[2026-09-19T16:55:50.409+0200] {taskinstance.py:2890} INFO - Executing <Task(PythonSensor): wait_for_csv> on 2026-09-19 13:57:00+00:00
[2026-09-19T16:55:50.414+0200] {logging_mixin.py:190} WARNING - /Users/swarnalidatta/Desktop/AutoQueryChatbot/.airflow-venv/lib/python3.12/site-packages/airflow/task/task_runner/standard_task_runner.py:70 DeprecationWarning: This process (pid=4949) is multi-threaded, use of fork() may lead to deadlocks in the child.
[2026-09-19T16:55:50.414+0200] {standard_task_runner.py:72} INFO - Started process 4951 to run task
[2026-09-19T16:55:50.414+0200] {standard_task_runner.py:104} INFO - Running: ['airflow', 'tasks', 'run', 'mini_riskagent_file_ingestion', 'wait_for_csv', 'scheduled__2026-09-19T13:57:00+00:00', '--job-id', '4705', '--raw', '--subdir', 'DAGS_FOLDER/data_ingest_pipeline.py', '--cfg-path', '/var/folders/5p/201rr1sj03g8gksxm9x48mbh0000gn/T/tmp2q3z5h3r']
[2026-09-19T16:55:50.415+0200] {standard_task_runner.py:105} INFO - Job 4705: Subtask wait_for_csv
[2026-09-19T16:55:50.428+0200] {task_command.py:467} INFO - Running <TaskInstance: mini_riskagent_file_ingestion.wait_for_csv scheduled__2026-09-19T13:57:00+00:00 [running]> on host mac.home
[2026-09-19T16:55:50.443+0200] {taskinstance.py:3134} INFO - Exporting env vars: AIRFLOW_CTX_DAG_OWNER='autoquery' AIRFLOW_CTX_DAG_ID='mini_riskagent_file_ingestion' AIRFLOW_CTX_TASK_ID='wait_for_csv' AIRFLOW_CTX_EXECUTION_DATE='2026-09-19T13:57:00+00:00' AIRFLOW_CTX_TRY_NUMBER='1' AIRFLOW_CTX_DAG_RUN_ID='scheduled__2026-09-19T13:57:00+00:00'
[2026-09-19T16:55:50.443+0200] {logging_mixin.py:190} INFO - Task instance is in running state
[2026-09-19T16:55:50.443+0200] {logging_mixin.py:190} INFO -  Previous state of the Task instance: queued
[2026-09-19T16:55:50.444+0200] {logging_mixin.py:190} INFO - Current task name:wait_for_csv state:running start_date:2026-09-19 14:55:50.405166+00:00
[2026-09-19T16:55:50.444+0200] {logging_mixin.py:190} INFO - Dag name:mini_riskagent_file_ingestion and current dag run status:running
[2026-09-19T16:55:50.444+0200] {taskinstance.py:732} INFO - ::endgroup::
[2026-09-19T16:55:50.445+0200] {python.py:75} INFO - Poking callable: <function check_for_csv_files at 0x10cfdeb60>
[2026-09-19T16:55:50.448+0200] {taskinstance.py:310} INFO - Rescheduling task, marking task as UP_FOR_RESCHEDULE
[2026-09-19T16:55:50.448+0200] {taskinstance.py:341} INFO - ::group::Post task execution logs
[2026-09-19T16:55:50.474+0200] {local_task_job_runner.py:266} INFO - Task exited with return code 0
[2026-09-19T16:55:50.480+0200] {taskinstance.py:3901} INFO - 0 downstream tasks scheduled from follow-on schedule check
[2026-09-19T16:55:50.480+0200] {local_task_job_runner.py:245} INFO - ::endgroup::
[2026-09-19T17:10:58.330+0200] {local_task_job_runner.py:123} INFO - ::group::Pre task execution logs
[2026-09-19T17:10:58.333+0200] {taskinstance.py:2614} INFO - Dependencies all met for dep_context=non-requeueable deps ti=<TaskInstance: mini_riskagent_file_ingestion.wait_for_csv scheduled__2026-09-19T13:57:00+00:00 [queued]>
[2026-09-19T17:10:58.334+0200] {taskinstance.py:2614} INFO - Dependencies all met for dep_context=requeueable deps ti=<TaskInstance: mini_riskagent_file_ingestion.wait_for_csv scheduled__2026-09-19T13:57:00+00:00 [queued]>
[2026-09-19T17:10:58.334+0200] {taskinstance.py:2867} INFO - Starting attempt 1 of 2
[2026-09-19T17:10:58.337+0200] {taskinstance.py:2890} INFO - Executing <Task(PythonSensor): wait_for_csv> on 2026-09-19 13:57:00+00:00
[2026-09-19T17:10:58.341+0200] {logging_mixin.py:190} WARNING - /Users/swarnalidatta/Desktop/AutoQueryChatbot/.airflow-venv/lib/python3.12/site-packages/airflow/task/task_runner/standard_task_runner.py:70 DeprecationWarning: This process (pid=4965) is multi-threaded, use of fork() may lead to deadlocks in the child.
[2026-09-19T17:10:58.342+0200] {standard_task_runner.py:72} INFO - Started process 4967 to run task
[2026-09-19T17:10:58.341+0200] {standard_task_runner.py:104} INFO - Running: ['airflow', 'tasks', 'run', 'mini_riskagent_file_ingestion', 'wait_for_csv', 'scheduled__2026-09-19T13:57:00+00:00', '--job-id', '4706', '--raw', '--subdir', 'DAGS_FOLDER/data_ingest_pipeline.py', '--cfg-path', '/var/folders/5p/201rr1sj03g8gksxm9x48mbh0000gn/T/tmp69fdeyd0']
[2026-09-19T17:10:58.342+0200] {standard_task_runner.py:105} INFO - Job 4706: Subtask wait_for_csv
[2026-09-19T17:10:58.355+0200] {task_command.py:467} INFO - Running <TaskInstance: mini_riskagent_file_ingestion.wait_for_csv scheduled__2026-09-19T13:57:00+00:00 [running]> on host mac.home
[2026-09-19T17:10:58.370+0200] {taskinstance.py:3134} INFO - Exporting env vars: AIRFLOW_CTX_DAG_OWNER='autoquery' AIRFLOW_CTX_DAG_ID='mini_riskagent_file_ingestion' AIRFLOW_CTX_TASK_ID='wait_for_csv' AIRFLOW_CTX_EXECUTION_DATE='2026-09-19T13:57:00+00:00' AIRFLOW_CTX_TRY_NUMBER='1' AIRFLOW_CTX_DAG_RUN_ID='scheduled__2026-09-19T13:57:00+00:00'
[2026-09-19T17:10:58.371+0200] {logging_mixin.py:190} INFO - Task instance is in running state
[2026-09-19T17:10:58.371+0200] {logging_mixin.py:190} INFO -  Previous state of the Task instance: queued
[2026-09-19T17:10:58.371+0200] {logging_mixin.py:190} INFO - Current task name:wait_for_csv state:running start_date:2026-09-19 15:10:58.333433+00:00
[2026-09-19T17:10:58.371+0200] {logging_mixin.py:190} INFO - Dag name:mini_riskagent_file_ingestion and current dag run status:running
[2026-09-19T17:10:58.372+0200] {taskinstance.py:732} INFO - ::endgroup::
[2026-09-19T17:10:58.373+0200] {python.py:75} INFO - Poking callable: <function check_for_csv_files at 0x10c7d6b60>
[2026-09-19T17:10:58.373+0200] {taskinstance.py:3313} ERROR - Task failed with exception
Traceback (most recent call last):
  File "/Users/swarnalidatta/Desktop/AutoQueryChatbot/.airflow-venv/lib/python3.12/site-packages/airflow/models/taskinstance.py", line 768, in _execute_task
    result = _execute_callable(context=context, **execute_callable_kwargs)
             ^^^^^^^^^^^^^^^^^^^^^^^^^^^^^^^^^^^^^^^^^^^^^^^^^^^^^^^^^^^^^
  File "/Users/swarnalidatta/Desktop/AutoQueryChatbot/.airflow-venv/lib/python3.12/site-packages/airflow/models/taskinstance.py", line 734, in _execute_callable
    return ExecutionCallableRunner(
           ^^^^^^^^^^^^^^^^^^^^^^^^
  File "/Users/swarnalidatta/Desktop/AutoQueryChatbot/.airflow-venv/lib/python3.12/site-packages/airflow/utils/operator_helpers.py", line 252, in run
    return self.func(*args, **kwargs)
           ^^^^^^^^^^^^^^^^^^^^^^^^^^
  File "/Users/swarnalidatta/Desktop/AutoQueryChatbot/.airflow-venv/lib/python3.12/site-packages/airflow/models/baseoperator.py", line 424, in wrapper
    return func(self, *args, **kwargs)
           ^^^^^^^^^^^^^^^^^^^^^^^^^^^
  File "/Users/swarnalidatta/Desktop/AutoQueryChatbot/.airflow-venv/lib/python3.12/site-packages/airflow/sensors/base.py", line 326, in execute
    raise AirflowSensorTimeout(message)
airflow.exceptions.AirflowSensorTimeout: Sensor has timed out; run duration of 4373.037813 seconds exceeds the specified timeout of 3600.0.
[2026-09-19T17:10:58.375+0200] {logging_mixin.py:190} INFO - Task instance in failure state
[2026-09-19T17:10:58.375+0200] {logging_mixin.py:190} INFO - Task start:2026-09-19 15:10:58.333433+00:00 end:2026-09-19 15:10:58.375034+00:00 duration:0.041601
[2026-09-19T17:10:58.375+0200] {logging_mixin.py:190} INFO - Task:<Task(PythonSensor): wait_for_csv> dag:<DAG: mini_riskagent_file_ingestion> dagrun:<DagRun mini_riskagent_file_ingestion @ 2026-09-19 13:57:00+00:00: scheduled__2026-09-19T13:57:00+00:00, state:running, queued_at: 2026-09-19 13:58:04.443052+00:00. externally triggered: False>
[2026-09-19T17:10:58.375+0200] {logging_mixin.py:190} INFO - Failure caused by Sensor has timed out; run duration of 4373.037813 seconds exceeds the specified timeout of 3600.0.
[2026-09-19T17:10:58.375+0200] {taskinstance.py:1226} INFO - Immediate failure requested. Marking task as FAILED. dag_id=mini_riskagent_file_ingestion, task_id=wait_for_csv, run_id=scheduled__2026-09-19T13:57:00+00:00, execution_date=20260919T135700, start_date=20260919T151058, end_date=20260919T151058
[2026-09-19T17:10:58.379+0200] {taskinstance.py:341} INFO - ::group::Post task execution logs
[2026-09-19T17:10:58.379+0200] {standard_task_runner.py:124} ERROR - Failed to execute job 4706 for task wait_for_csv (Sensor has timed out; run duration of 4373.037813 seconds exceeds the specified timeout of 3600.0.; 4967)
Traceback (most recent call last):
  File "/Users/swarnalidatta/Desktop/AutoQueryChatbot/.airflow-venv/lib/python3.12/site-packages/airflow/task/task_runner/standard_task_runner.py", line 117, in _start_by_fork
    ret = args.func(args, dag=self.dag)
          ^^^^^^^^^^^^^^^^^^^^^^^^^^^^^
  File "/Users/swarnalidatta/Desktop/AutoQueryChatbot/.airflow-venv/lib/python3.12/site-packages/airflow/cli/cli_config.py", line 49, in command
    return func(*args, **kwargs)
           ^^^^^^^^^^^^^^^^^^^^^
  File "/Users/swarnalidatta/Desktop/AutoQueryChatbot/.airflow-venv/lib/python3.12/site-packages/airflow/utils/cli.py", line 116, in wrapper
    return f(*args, **kwargs)
           ^^^^^^^^^^^^^^^^^^
  File "/Users/swarnalidatta/Desktop/AutoQueryChatbot/.airflow-venv/lib/python3.12/site-packages/airflow/cli/commands/task_command.py", line 483, in task_run
    task_return_code = _run_task_by_selected_method(args, _dag, ti)
                       ^^^^^^^^^^^^^^^^^^^^^^^^^^^^^^^^^^^^^^^^^^^^
  File "/Users/swarnalidatta/Desktop/AutoQueryChatbot/.airflow-venv/lib/python3.12/site-packages/airflow/cli/commands/task_command.py", line 256, in _run_task_by_selected_method
    return _run_raw_task(args, ti)
           ^^^^^^^^^^^^^^^^^^^^^^^
  File "/Users/swarnalidatta/Desktop/AutoQueryChatbot/.airflow-venv/lib/python3.12/site-packages/airflow/cli/commands/task_command.py", line 341, in _run_raw_task
    return ti._run_raw_task(
           ^^^^^^^^^^^^^^^^^
  File "/Users/swarnalidatta/Desktop/AutoQueryChatbot/.airflow-venv/lib/python3.12/site-packages/airflow/utils/session.py", line 97, in wrapper
    return func(*args, session=session, **kwargs)
           ^^^^^^^^^^^^^^^^^^^^^^^^^^^^^^^^^^^^^^
  File "/Users/swarnalidatta/Desktop/AutoQueryChatbot/.airflow-venv/lib/python3.12/site-packages/airflow/models/taskinstance.py", line 3006, in _run_raw_task
    return _run_raw_task(
           ^^^^^^^^^^^^^^
  File "/Users/swarnalidatta/Desktop/AutoQueryChatbot/.airflow-venv/lib/python3.12/site-packages/airflow/models/taskinstance.py", line 274, in _run_raw_task
    TaskInstance._execute_task_with_callbacks(
  File "/Users/swarnalidatta/Desktop/AutoQueryChatbot/.airflow-venv/lib/python3.12/site-packages/airflow/models/taskinstance.py", line 3161, in _execute_task_with_callbacks
    result = self._execute_task(context, task_orig)
             ^^^^^^^^^^^^^^^^^^^^^^^^^^^^^^^^^^^^^^
  File "/Users/swarnalidatta/Desktop/AutoQueryChatbot/.airflow-venv/lib/python3.12/site-packages/airflow/models/taskinstance.py", line 3185, in _execute_task
    return _execute_task(self, context, task_orig)
           ^^^^^^^^^^^^^^^^^^^^^^^^^^^^^^^^^^^^^^^
  File "/Users/swarnalidatta/Desktop/AutoQueryChatbot/.airflow-venv/lib/python3.12/site-packages/airflow/models/taskinstance.py", line 768, in _execute_task
    result = _execute_callable(context=context, **execute_callable_kwargs)
             ^^^^^^^^^^^^^^^^^^^^^^^^^^^^^^^^^^^^^^^^^^^^^^^^^^^^^^^^^^^^^
  File "/Users/swarnalidatta/Desktop/AutoQueryChatbot/.airflow-venv/lib/python3.12/site-packages/airflow/models/taskinstance.py", line 734, in _execute_callable
    return ExecutionCallableRunner(
           ^^^^^^^^^^^^^^^^^^^^^^^^
  File "/Users/swarnalidatta/Desktop/AutoQueryChatbot/.airflow-venv/lib/python3.12/site-packages/airflow/utils/operator_helpers.py", line 252, in run
    return self.func(*args, **kwargs)
           ^^^^^^^^^^^^^^^^^^^^^^^^^^
  File "/Users/swarnalidatta/Desktop/AutoQueryChatbot/.airflow-venv/lib/python3.12/site-packages/airflow/models/baseoperator.py", line 424, in wrapper
    return func(self, *args, **kwargs)
           ^^^^^^^^^^^^^^^^^^^^^^^^^^^
  File "/Users/swarnalidatta/Desktop/AutoQueryChatbot/.airflow-venv/lib/python3.12/site-packages/airflow/sensors/base.py", line 326, in execute
    raise AirflowSensorTimeout(message)
airflow.exceptions.AirflowSensorTimeout: Sensor has timed out; run duration of 4373.037813 seconds exceeds the specified timeout of 3600.0.
[2026-09-19T17:10:58.401+0200] {local_task_job_runner.py:266} INFO - Task exited with return code 1
[2026-09-19T17:10:58.408+0200] {taskinstance.py:3901} INFO - 0 downstream tasks scheduled from follow-on schedule check
[2026-09-19T17:10:58.409+0200] {local_task_job_runner.py:245} INFO - ::endgroup::
