[2026-09-17T20:31:21.634+0200] {local_task_job_runner.py:123} INFO - ::group::Pre task execution logs
[2026-09-17T20:31:21.638+0200] {taskinstance.py:2614} INFO - Dependencies all met for dep_context=non-requeueable deps ti=<TaskInstance: mini_riskagent_file_ingestion.run_dbt_snapshots scheduled__2026-09-17T18:29:00+00:00 [queued]>
[2026-09-17T20:31:21.640+0200] {taskinstance.py:2614} INFO - Dependencies all met for dep_context=requeueable deps ti=<TaskInstance: mini_riskagent_file_ingestion.run_dbt_snapshots scheduled__2026-09-17T18:29:00+00:00 [queued]>
[2026-09-17T20:31:21.640+0200] {taskinstance.py:2867} INFO - Starting attempt 1 of 2
[2026-09-17T20:31:21.643+0200] {taskinstance.py:2890} INFO - Executing <Task(BashOperator): run_dbt_snapshots> on 2026-09-17 18:29:00+00:00
[2026-09-17T20:31:21.647+0200] {standard_task_runner.py:104} INFO - Running: ['airflow', 'tasks', 'run', 'mini_riskagent_file_ingestion', 'run_dbt_snapshots', 'scheduled__2026-09-17T18:29:00+00:00', '--job-id', '4339', '--raw', '--subdir', 'DAGS_FOLDER/data_ingest_pipeline.py', '--cfg-path', '/var/folders/5p/201rr1sj03g8gksxm9x48mbh0000gn/T/tmpvojgvg70']
[2026-09-17T20:31:21.648+0200] {logging_mixin.py:190} WARNING - /Users/swarnalidatta/Desktop/AutoQueryChatbot/.airflow-venv/lib/python3.12/site-packages/airflow/task/task_runner/standard_task_runner.py:70 DeprecationWarning: This process (pid=85990) is multi-threaded, use of fork() may lead to deadlocks in the child.
[2026-09-17T20:31:21.648+0200] {standard_task_runner.py:72} INFO - Started process 85992 to run task
[2026-09-17T20:31:21.648+0200] {standard_task_runner.py:105} INFO - Job 4339: Subtask run_dbt_snapshots
[2026-09-17T20:31:21.663+0200] {task_command.py:467} INFO - Running <TaskInstance: mini_riskagent_file_ingestion.run_dbt_snapshots scheduled__2026-09-17T18:29:00+00:00 [running]> on host mac.home
[2026-09-17T20:31:21.678+0200] {taskinstance.py:3134} INFO - Exporting env vars: AIRFLOW_CTX_DAG_OWNER='autoquery' AIRFLOW_CTX_DAG_ID='mini_riskagent_file_ingestion' AIRFLOW_CTX_TASK_ID='run_dbt_snapshots' AIRFLOW_CTX_EXECUTION_DATE='2026-09-17T18:29:00+00:00' AIRFLOW_CTX_TRY_NUMBER='1' AIRFLOW_CTX_DAG_RUN_ID='scheduled__2026-09-17T18:29:00+00:00'
[2026-09-17T20:31:21.679+0200] {logging_mixin.py:190} INFO - Task instance is in running state
[2026-09-17T20:31:21.679+0200] {logging_mixin.py:190} INFO -  Previous state of the Task instance: queued
[2026-09-17T20:31:21.679+0200] {logging_mixin.py:190} INFO - Current task name:run_dbt_snapshots state:running start_date:2026-09-17 18:31:21.638873+00:00
[2026-09-17T20:31:21.679+0200] {logging_mixin.py:190} INFO - Dag name:mini_riskagent_file_ingestion and current dag run status:running
[2026-09-17T20:31:21.679+0200] {taskinstance.py:732} INFO - ::endgroup::
[2026-09-17T20:31:21.680+0200] {subprocess.py:78} INFO - Tmp dir root location: /var/folders/5p/201rr1sj03g8gksxm9x48mbh0000gn/T
[2026-09-17T20:31:21.680+0200] {subprocess.py:88} INFO - Running command: ['/bin/bash', '-c', '/Users/swarnalidatta/Desktop/AutoQueryChatbot/.airflow-venv/bin/dbt snapshot --project-dir /Users/swarnalidatta/Desktop/AutoQueryChatbot/dbt --profiles-dir /Users/swarnalidatta/.dbt']
[2026-09-17T20:31:21.682+0200] {subprocess.py:99} INFO - Output:
[2026-09-17T20:31:22.382+0200] {subprocess.py:106} INFO - [0m18:31:22  Running with dbt=1.12.3
[2026-09-17T20:31:22.498+0200] {subprocess.py:106} INFO - [0m18:31:22  Registered adapter: duckdb=1.11.0
[2026-09-17T20:31:22.681+0200] {subprocess.py:106} INFO - [0m18:31:22  Found 3 models, 3 snapshots, 3 sources, 500 macros
[2026-09-17T20:31:22.682+0200] {subprocess.py:106} INFO - [0m18:31:22
[2026-09-17T20:31:22.682+0200] {subprocess.py:106} INFO - [0m18:31:22  Concurrency: 1 threads (target='dev')
[2026-09-17T20:31:22.682+0200] {subprocess.py:106} INFO - [0m18:31:22
[2026-09-17T20:31:22.751+0200] {subprocess.py:106} INFO - [0m18:31:22  1 of 3 START snapshot main.account_snapshot .................................... [RUN]
[2026-09-17T20:31:22.833+0200] {subprocess.py:106} INFO - [0m18:31:22  1 of 3 OK snapshotted main.account_snapshot .................................... [[32mOK[0m in 0.08s]
[2026-09-17T20:31:22.834+0200] {subprocess.py:106} INFO - [0m18:31:22  2 of 3 START snapshot main.customer_snapshot ................................... [RUN]
[2026-09-17T20:31:22.855+0200] {subprocess.py:106} INFO - [0m18:31:22  2 of 3 OK snapshotted main.customer_snapshot ................................... [[32mOK[0m in 0.02s]
[2026-09-17T20:31:22.855+0200] {subprocess.py:106} INFO - [0m18:31:22  3 of 3 START snapshot main.transaction_snapshot ................................ [RUN]
[2026-09-17T20:31:22.875+0200] {subprocess.py:106} INFO - [0m18:31:22  3 of 3 OK snapshotted main.transaction_snapshot ................................ [[32mOK[0m in 0.02s]
[2026-09-17T20:31:22.877+0200] {subprocess.py:106} INFO - [0m18:31:22
[2026-09-17T20:31:22.877+0200] {subprocess.py:106} INFO - [0m18:31:22  Finished running 3 snapshots in 0 hours 0 minutes and 0.19 seconds (0.19s).
[2026-09-17T20:31:22.898+0200] {subprocess.py:106} INFO - [0m18:31:22
[2026-09-17T20:31:22.898+0200] {subprocess.py:106} INFO - [0m18:31:22  [32mCompleted successfully[0m
[2026-09-17T20:31:22.898+0200] {subprocess.py:106} INFO - [0m18:31:22
[2026-09-17T20:31:22.898+0200] {subprocess.py:106} INFO - [0m18:31:22  Done. PASS=3 WARN=0 ERROR=0 SKIP=0 NO-OP=0 REUSED=0 TOTAL=3
[2026-09-17T20:31:23.503+0200] {subprocess.py:110} INFO - Command exited with return code 0
[2026-09-17T20:31:23.510+0200] {taskinstance.py:341} INFO - ::group::Post task execution logs
[2026-09-17T20:31:23.510+0200] {taskinstance.py:353} INFO - Marking task as SUCCESS. dag_id=mini_riskagent_file_ingestion, task_id=run_dbt_snapshots, run_id=scheduled__2026-09-17T18:29:00+00:00, execution_date=20260917T182900, start_date=20260917T183121, end_date=20260917T183123
[2026-09-17T20:31:23.514+0200] {logging_mixin.py:190} INFO - Task instance in success state
[2026-09-17T20:31:23.514+0200] {logging_mixin.py:190} INFO -  Previous state of the Task instance: running
[2026-09-17T20:31:23.515+0200] {logging_mixin.py:190} INFO - Dag name:mini_riskagent_file_ingestion queued_at:2026-09-17 18:30:44.832590+00:00
[2026-09-17T20:31:23.515+0200] {logging_mixin.py:190} INFO - Task hostname:mac.home operator:BashOperator
[2026-09-17T20:31:23.549+0200] {local_task_job_runner.py:266} INFO - Task exited with return code 0
[2026-09-17T20:31:23.556+0200] {taskinstance.py:3901} INFO - 1 downstream tasks scheduled from follow-on schedule check
[2026-09-17T20:31:23.556+0200] {local_task_job_runner.py:245} INFO - ::endgroup::
