[2026-09-05T21:50:03.366+0200] {local_task_job_runner.py:123} INFO - ::group::Pre task execution logs
[2026-09-05T21:50:03.369+0200] {taskinstance.py:2614} INFO - Dependencies all met for dep_context=non-requeueable deps ti=<TaskInstance: mini_riskagent_file_ingestion.wait_for_csv scheduled__2026-09-05T19:49:00+00:00 [queued]>
[2026-09-05T21:50:03.370+0200] {taskinstance.py:2614} INFO - Dependencies all met for dep_context=requeueable deps ti=<TaskInstance: mini_riskagent_file_ingestion.wait_for_csv scheduled__2026-09-05T19:49:00+00:00 [queued]>
[2026-09-05T21:50:03.371+0200] {taskinstance.py:2867} INFO - Starting attempt 1 of 2
[2026-09-05T21:50:03.374+0200] {taskinstance.py:2890} INFO - Executing <Task(PythonSensor): wait_for_csv> on 2026-09-05 19:49:00+00:00
[2026-09-05T21:50:03.379+0200] {logging_mixin.py:190} WARNING - /Users/swarnalidatta/Desktop/AutoQueryChatbot/.airflow-venv/lib/python3.12/site-packages/airflow/task/task_runner/standard_task_runner.py:70 DeprecationWarning: This process (pid=49988) is multi-threaded, use of fork() may lead to deadlocks in the child.
[2026-09-05T21:50:03.379+0200] {standard_task_runner.py:72} INFO - Started process 49992 to run task
[2026-09-05T21:50:03.378+0200] {standard_task_runner.py:104} INFO - Running: ['airflow', 'tasks', 'run', 'mini_riskagent_file_ingestion', 'wait_for_csv', 'scheduled__2026-09-05T19:49:00+00:00', '--job-id', '2967', '--raw', '--subdir', 'DAGS_FOLDER/data_ingest_pipeline.py', '--cfg-path', '/var/folders/5p/201rr1sj03g8gksxm9x48mbh0000gn/T/tmp_kccinf_']
[2026-09-05T21:50:03.379+0200] {standard_task_runner.py:105} INFO - Job 2967: Subtask wait_for_csv
[2026-09-05T21:50:03.393+0200] {task_command.py:467} INFO - Running <TaskInstance: mini_riskagent_file_ingestion.wait_for_csv scheduled__2026-09-05T19:49:00+00:00 [running]> on host mac.home
[2026-09-05T21:50:03.409+0200] {taskinstance.py:3134} INFO - Exporting env vars: AIRFLOW_CTX_DAG_OWNER='autoquery' AIRFLOW_CTX_DAG_ID='mini_riskagent_file_ingestion' AIRFLOW_CTX_TASK_ID='wait_for_csv' AIRFLOW_CTX_EXECUTION_DATE='2026-09-05T19:49:00+00:00' AIRFLOW_CTX_TRY_NUMBER='1' AIRFLOW_CTX_DAG_RUN_ID='scheduled__2026-09-05T19:49:00+00:00'
[2026-09-05T21:50:03.410+0200] {logging_mixin.py:190} INFO - Task instance is in running state
[2026-09-05T21:50:03.410+0200] {logging_mixin.py:190} INFO -  Previous state of the Task instance: queued
[2026-09-05T21:50:03.410+0200] {logging_mixin.py:190} INFO - Current task name:wait_for_csv state:running start_date:2026-09-05 19:50:03.369538+00:00
[2026-09-05T21:50:03.411+0200] {logging_mixin.py:190} INFO - Dag name:mini_riskagent_file_ingestion and current dag run status:running
[2026-09-05T21:50:03.411+0200] {taskinstance.py:732} INFO - ::endgroup::
[2026-09-05T21:50:03.412+0200] {python.py:75} INFO - Poking callable: <function check_for_csv_files at 0x10c676b60>
[2026-09-05T21:50:03.415+0200] {taskinstance.py:310} INFO - Rescheduling task, marking task as UP_FOR_RESCHEDULE
[2026-09-05T21:50:03.415+0200] {taskinstance.py:341} INFO - ::group::Post task execution logs
[2026-09-05T21:50:03.438+0200] {local_task_job_runner.py:266} INFO - Task exited with return code 0
[2026-09-05T21:50:03.445+0200] {taskinstance.py:3901} INFO - 0 downstream tasks scheduled from follow-on schedule check
[2026-09-05T21:50:03.445+0200] {local_task_job_runner.py:245} INFO - ::endgroup::
[2026-09-05T21:50:35.428+0200] {local_task_job_runner.py:123} INFO - ::group::Pre task execution logs
[2026-09-05T21:50:35.431+0200] {taskinstance.py:2614} INFO - Dependencies all met for dep_context=non-requeueable deps ti=<TaskInstance: mini_riskagent_file_ingestion.wait_for_csv scheduled__2026-09-05T19:49:00+00:00 [queued]>
[2026-09-05T21:50:35.433+0200] {taskinstance.py:2614} INFO - Dependencies all met for dep_context=requeueable deps ti=<TaskInstance: mini_riskagent_file_ingestion.wait_for_csv scheduled__2026-09-05T19:49:00+00:00 [queued]>
[2026-09-05T21:50:35.433+0200] {taskinstance.py:2867} INFO - Starting attempt 1 of 2
[2026-09-05T21:50:35.436+0200] {taskinstance.py:2890} INFO - Executing <Task(PythonSensor): wait_for_csv> on 2026-09-05 19:49:00+00:00
[2026-09-05T21:50:35.440+0200] {logging_mixin.py:190} WARNING - /Users/swarnalidatta/Desktop/AutoQueryChatbot/.airflow-venv/lib/python3.12/site-packages/airflow/task/task_runner/standard_task_runner.py:70 DeprecationWarning: This process (pid=50111) is multi-threaded, use of fork() may lead to deadlocks in the child.
[2026-09-05T21:50:35.441+0200] {standard_task_runner.py:72} INFO - Started process 50113 to run task
[2026-09-05T21:50:35.440+0200] {standard_task_runner.py:104} INFO - Running: ['airflow', 'tasks', 'run', 'mini_riskagent_file_ingestion', 'wait_for_csv', 'scheduled__2026-09-05T19:49:00+00:00', '--job-id', '2982', '--raw', '--subdir', 'DAGS_FOLDER/data_ingest_pipeline.py', '--cfg-path', '/var/folders/5p/201rr1sj03g8gksxm9x48mbh0000gn/T/tmpa9h850cx']
[2026-09-05T21:50:35.441+0200] {standard_task_runner.py:105} INFO - Job 2982: Subtask wait_for_csv
[2026-09-05T21:50:35.454+0200] {task_command.py:467} INFO - Running <TaskInstance: mini_riskagent_file_ingestion.wait_for_csv scheduled__2026-09-05T19:49:00+00:00 [running]> on host mac.home
[2026-09-05T21:50:35.471+0200] {taskinstance.py:3134} INFO - Exporting env vars: AIRFLOW_CTX_DAG_OWNER='autoquery' AIRFLOW_CTX_DAG_ID='mini_riskagent_file_ingestion' AIRFLOW_CTX_TASK_ID='wait_for_csv' AIRFLOW_CTX_EXECUTION_DATE='2026-09-05T19:49:00+00:00' AIRFLOW_CTX_TRY_NUMBER='1' AIRFLOW_CTX_DAG_RUN_ID='scheduled__2026-09-05T19:49:00+00:00'
[2026-09-05T21:50:35.471+0200] {logging_mixin.py:190} INFO - Task instance is in running state
[2026-09-05T21:50:35.471+0200] {logging_mixin.py:190} INFO -  Previous state of the Task instance: queued
[2026-09-05T21:50:35.472+0200] {logging_mixin.py:190} INFO - Current task name:wait_for_csv state:running start_date:2026-09-05 19:50:35.431815+00:00
[2026-09-05T21:50:35.472+0200] {logging_mixin.py:190} INFO - Dag name:mini_riskagent_file_ingestion and current dag run status:running
[2026-09-05T21:50:35.472+0200] {taskinstance.py:732} INFO - ::endgroup::
[2026-09-05T21:50:35.473+0200] {python.py:75} INFO - Poking callable: <function check_for_csv_files at 0x10d4eab60>
[2026-09-05T21:50:35.477+0200] {taskinstance.py:310} INFO - Rescheduling task, marking task as UP_FOR_RESCHEDULE
[2026-09-05T21:50:35.477+0200] {taskinstance.py:341} INFO - ::group::Post task execution logs
[2026-09-05T21:50:35.500+0200] {local_task_job_runner.py:266} INFO - Task exited with return code 0
[2026-09-05T21:50:35.506+0200] {taskinstance.py:3901} INFO - 0 downstream tasks scheduled from follow-on schedule check
[2026-09-05T21:50:35.507+0200] {local_task_job_runner.py:245} INFO - ::endgroup::
[2026-09-05T21:51:07.849+0200] {local_task_job_runner.py:123} INFO - ::group::Pre task execution logs
[2026-09-05T21:51:07.852+0200] {taskinstance.py:2614} INFO - Dependencies all met for dep_context=non-requeueable deps ti=<TaskInstance: mini_riskagent_file_ingestion.wait_for_csv scheduled__2026-09-05T19:49:00+00:00 [queued]>
[2026-09-05T21:51:07.854+0200] {taskinstance.py:2614} INFO - Dependencies all met for dep_context=requeueable deps ti=<TaskInstance: mini_riskagent_file_ingestion.wait_for_csv scheduled__2026-09-05T19:49:00+00:00 [queued]>
[2026-09-05T21:51:07.854+0200] {taskinstance.py:2867} INFO - Starting attempt 1 of 2
[2026-09-05T21:51:07.857+0200] {taskinstance.py:2890} INFO - Executing <Task(PythonSensor): wait_for_csv> on 2026-09-05 19:49:00+00:00
[2026-09-05T21:51:07.861+0200] {logging_mixin.py:190} WARNING - /Users/swarnalidatta/Desktop/AutoQueryChatbot/.airflow-venv/lib/python3.12/site-packages/airflow/task/task_runner/standard_task_runner.py:70 DeprecationWarning: This process (pid=50235) is multi-threaded, use of fork() may lead to deadlocks in the child.
[2026-09-05T21:51:07.862+0200] {standard_task_runner.py:72} INFO - Started process 50238 to run task
[2026-09-05T21:51:07.861+0200] {standard_task_runner.py:104} INFO - Running: ['airflow', 'tasks', 'run', 'mini_riskagent_file_ingestion', 'wait_for_csv', 'scheduled__2026-09-05T19:49:00+00:00', '--job-id', '2998', '--raw', '--subdir', 'DAGS_FOLDER/data_ingest_pipeline.py', '--cfg-path', '/var/folders/5p/201rr1sj03g8gksxm9x48mbh0000gn/T/tmpeg5ymxkm']
[2026-09-05T21:51:07.862+0200] {standard_task_runner.py:105} INFO - Job 2998: Subtask wait_for_csv
[2026-09-05T21:51:07.876+0200] {task_command.py:467} INFO - Running <TaskInstance: mini_riskagent_file_ingestion.wait_for_csv scheduled__2026-09-05T19:49:00+00:00 [running]> on host mac.home
[2026-09-05T21:51:07.892+0200] {taskinstance.py:3134} INFO - Exporting env vars: AIRFLOW_CTX_DAG_OWNER='autoquery' AIRFLOW_CTX_DAG_ID='mini_riskagent_file_ingestion' AIRFLOW_CTX_TASK_ID='wait_for_csv' AIRFLOW_CTX_EXECUTION_DATE='2026-09-05T19:49:00+00:00' AIRFLOW_CTX_TRY_NUMBER='1' AIRFLOW_CTX_DAG_RUN_ID='scheduled__2026-09-05T19:49:00+00:00'
[2026-09-05T21:51:07.893+0200] {logging_mixin.py:190} INFO - Task instance is in running state
[2026-09-05T21:51:07.893+0200] {logging_mixin.py:190} INFO -  Previous state of the Task instance: queued
[2026-09-05T21:51:07.893+0200] {logging_mixin.py:190} INFO - Current task name:wait_for_csv state:running start_date:2026-09-05 19:51:07.852642+00:00
[2026-09-05T21:51:07.893+0200] {logging_mixin.py:190} INFO - Dag name:mini_riskagent_file_ingestion and current dag run status:running
[2026-09-05T21:51:07.894+0200] {taskinstance.py:732} INFO - ::endgroup::
[2026-09-05T21:51:07.895+0200] {python.py:75} INFO - Poking callable: <function check_for_csv_files at 0x10c846b60>
[2026-09-05T21:51:07.898+0200] {taskinstance.py:310} INFO - Rescheduling task, marking task as UP_FOR_RESCHEDULE
[2026-09-05T21:51:07.898+0200] {taskinstance.py:341} INFO - ::group::Post task execution logs
[2026-09-05T21:51:07.921+0200] {local_task_job_runner.py:266} INFO - Task exited with return code 0
[2026-09-05T21:51:07.928+0200] {taskinstance.py:3901} INFO - 0 downstream tasks scheduled from follow-on schedule check
[2026-09-05T21:51:07.928+0200] {local_task_job_runner.py:245} INFO - ::endgroup::
[2026-09-05T21:51:40.316+0200] {local_task_job_runner.py:123} INFO - ::group::Pre task execution logs
[2026-09-05T21:51:40.319+0200] {taskinstance.py:2614} INFO - Dependencies all met for dep_context=non-requeueable deps ti=<TaskInstance: mini_riskagent_file_ingestion.wait_for_csv scheduled__2026-09-05T19:49:00+00:00 [queued]>
[2026-09-05T21:51:40.320+0200] {taskinstance.py:2614} INFO - Dependencies all met for dep_context=requeueable deps ti=<TaskInstance: mini_riskagent_file_ingestion.wait_for_csv scheduled__2026-09-05T19:49:00+00:00 [queued]>
[2026-09-05T21:51:40.320+0200] {taskinstance.py:2867} INFO - Starting attempt 1 of 2
[2026-09-05T21:51:40.323+0200] {taskinstance.py:2890} INFO - Executing <Task(PythonSensor): wait_for_csv> on 2026-09-05 19:49:00+00:00
[2026-09-05T21:51:40.328+0200] {logging_mixin.py:190} WARNING - /Users/swarnalidatta/Desktop/AutoQueryChatbot/.airflow-venv/lib/python3.12/site-packages/airflow/task/task_runner/standard_task_runner.py:70 DeprecationWarning: This process (pid=50345) is multi-threaded, use of fork() may lead to deadlocks in the child.
[2026-09-05T21:51:40.329+0200] {standard_task_runner.py:72} INFO - Started process 50347 to run task
[2026-09-05T21:51:40.328+0200] {standard_task_runner.py:104} INFO - Running: ['airflow', 'tasks', 'run', 'mini_riskagent_file_ingestion', 'wait_for_csv', 'scheduled__2026-09-05T19:49:00+00:00', '--job-id', '3014', '--raw', '--subdir', 'DAGS_FOLDER/data_ingest_pipeline.py', '--cfg-path', '/var/folders/5p/201rr1sj03g8gksxm9x48mbh0000gn/T/tmpz3yt96sk']
[2026-09-05T21:51:40.329+0200] {standard_task_runner.py:105} INFO - Job 3014: Subtask wait_for_csv
[2026-09-05T21:51:40.342+0200] {task_command.py:467} INFO - Running <TaskInstance: mini_riskagent_file_ingestion.wait_for_csv scheduled__2026-09-05T19:49:00+00:00 [running]> on host mac.home
[2026-09-05T21:51:40.358+0200] {taskinstance.py:3134} INFO - Exporting env vars: AIRFLOW_CTX_DAG_OWNER='autoquery' AIRFLOW_CTX_DAG_ID='mini_riskagent_file_ingestion' AIRFLOW_CTX_TASK_ID='wait_for_csv' AIRFLOW_CTX_EXECUTION_DATE='2026-09-05T19:49:00+00:00' AIRFLOW_CTX_TRY_NUMBER='1' AIRFLOW_CTX_DAG_RUN_ID='scheduled__2026-09-05T19:49:00+00:00'
[2026-09-05T21:51:40.359+0200] {logging_mixin.py:190} INFO - Task instance is in running state
[2026-09-05T21:51:40.359+0200] {logging_mixin.py:190} INFO -  Previous state of the Task instance: queued
[2026-09-05T21:51:40.359+0200] {logging_mixin.py:190} INFO - Current task name:wait_for_csv state:running start_date:2026-09-05 19:51:40.319114+00:00
[2026-09-05T21:51:40.359+0200] {logging_mixin.py:190} INFO - Dag name:mini_riskagent_file_ingestion and current dag run status:running
[2026-09-05T21:51:40.360+0200] {taskinstance.py:732} INFO - ::endgroup::
[2026-09-05T21:51:40.361+0200] {python.py:75} INFO - Poking callable: <function check_for_csv_files at 0x10d096b60>
[2026-09-05T21:51:40.364+0200] {taskinstance.py:310} INFO - Rescheduling task, marking task as UP_FOR_RESCHEDULE
[2026-09-05T21:51:40.365+0200] {taskinstance.py:341} INFO - ::group::Post task execution logs
[2026-09-05T21:51:40.388+0200] {local_task_job_runner.py:266} INFO - Task exited with return code 0
[2026-09-05T21:51:40.394+0200] {taskinstance.py:3901} INFO - 0 downstream tasks scheduled from follow-on schedule check
[2026-09-05T21:51:40.395+0200] {local_task_job_runner.py:245} INFO - ::endgroup::
[2026-09-05T21:52:12.950+0200] {local_task_job_runner.py:123} INFO - ::group::Pre task execution logs
[2026-09-05T21:52:12.953+0200] {taskinstance.py:2614} INFO - Dependencies all met for dep_context=non-requeueable deps ti=<TaskInstance: mini_riskagent_file_ingestion.wait_for_csv scheduled__2026-09-05T19:49:00+00:00 [queued]>
[2026-09-05T21:52:12.954+0200] {taskinstance.py:2614} INFO - Dependencies all met for dep_context=requeueable deps ti=<TaskInstance: mini_riskagent_file_ingestion.wait_for_csv scheduled__2026-09-05T19:49:00+00:00 [queued]>
[2026-09-05T21:52:12.955+0200] {taskinstance.py:2867} INFO - Starting attempt 1 of 2
[2026-09-05T21:52:12.958+0200] {taskinstance.py:2890} INFO - Executing <Task(PythonSensor): wait_for_csv> on 2026-09-05 19:49:00+00:00
[2026-09-05T21:52:12.963+0200] {logging_mixin.py:190} WARNING - /Users/swarnalidatta/Desktop/AutoQueryChatbot/.airflow-venv/lib/python3.12/site-packages/airflow/task/task_runner/standard_task_runner.py:70 DeprecationWarning: This process (pid=50453) is multi-threaded, use of fork() may lead to deadlocks in the child.
[2026-09-05T21:52:12.963+0200] {standard_task_runner.py:72} INFO - Started process 50459 to run task
[2026-09-05T21:52:12.962+0200] {standard_task_runner.py:104} INFO - Running: ['airflow', 'tasks', 'run', 'mini_riskagent_file_ingestion', 'wait_for_csv', 'scheduled__2026-09-05T19:49:00+00:00', '--job-id', '3030', '--raw', '--subdir', 'DAGS_FOLDER/data_ingest_pipeline.py', '--cfg-path', '/var/folders/5p/201rr1sj03g8gksxm9x48mbh0000gn/T/tmpdg9axpuc']
[2026-09-05T21:52:12.963+0200] {standard_task_runner.py:105} INFO - Job 3030: Subtask wait_for_csv
[2026-09-05T21:52:12.977+0200] {task_command.py:467} INFO - Running <TaskInstance: mini_riskagent_file_ingestion.wait_for_csv scheduled__2026-09-05T19:49:00+00:00 [running]> on host mac.home
[2026-09-05T21:52:12.994+0200] {taskinstance.py:3134} INFO - Exporting env vars: AIRFLOW_CTX_DAG_OWNER='autoquery' AIRFLOW_CTX_DAG_ID='mini_riskagent_file_ingestion' AIRFLOW_CTX_TASK_ID='wait_for_csv' AIRFLOW_CTX_EXECUTION_DATE='2026-09-05T19:49:00+00:00' AIRFLOW_CTX_TRY_NUMBER='1' AIRFLOW_CTX_DAG_RUN_ID='scheduled__2026-09-05T19:49:00+00:00'
[2026-09-05T21:52:12.994+0200] {logging_mixin.py:190} INFO - Task instance is in running state
[2026-09-05T21:52:12.994+0200] {logging_mixin.py:190} INFO -  Previous state of the Task instance: queued
[2026-09-05T21:52:12.995+0200] {logging_mixin.py:190} INFO - Current task name:wait_for_csv state:running start_date:2026-09-05 19:52:12.953567+00:00
[2026-09-05T21:52:12.995+0200] {logging_mixin.py:190} INFO - Dag name:mini_riskagent_file_ingestion and current dag run status:running
[2026-09-05T21:52:12.995+0200] {taskinstance.py:732} INFO - ::endgroup::
[2026-09-05T21:52:12.996+0200] {python.py:75} INFO - Poking callable: <function check_for_csv_files at 0x10b496b60>
[2026-09-05T21:52:13.000+0200] {taskinstance.py:310} INFO - Rescheduling task, marking task as UP_FOR_RESCHEDULE
[2026-09-05T21:52:13.000+0200] {taskinstance.py:341} INFO - ::group::Post task execution logs
[2026-09-05T21:52:13.022+0200] {local_task_job_runner.py:266} INFO - Task exited with return code 0
[2026-09-05T21:52:13.029+0200] {taskinstance.py:3901} INFO - 0 downstream tasks scheduled from follow-on schedule check
[2026-09-05T21:52:13.029+0200] {local_task_job_runner.py:245} INFO - ::endgroup::
[2026-09-05T21:52:44.415+0200] {local_task_job_runner.py:123} INFO - ::group::Pre task execution logs
[2026-09-05T21:52:44.418+0200] {taskinstance.py:2614} INFO - Dependencies all met for dep_context=non-requeueable deps ti=<TaskInstance: mini_riskagent_file_ingestion.wait_for_csv scheduled__2026-09-05T19:49:00+00:00 [queued]>
[2026-09-05T21:52:44.419+0200] {taskinstance.py:2614} INFO - Dependencies all met for dep_context=requeueable deps ti=<TaskInstance: mini_riskagent_file_ingestion.wait_for_csv scheduled__2026-09-05T19:49:00+00:00 [queued]>
[2026-09-05T21:52:44.419+0200] {taskinstance.py:2867} INFO - Starting attempt 1 of 2
[2026-09-05T21:52:44.422+0200] {taskinstance.py:2890} INFO - Executing <Task(PythonSensor): wait_for_csv> on 2026-09-05 19:49:00+00:00
[2026-09-05T21:52:44.427+0200] {logging_mixin.py:190} WARNING - /Users/swarnalidatta/Desktop/AutoQueryChatbot/.airflow-venv/lib/python3.12/site-packages/airflow/task/task_runner/standard_task_runner.py:70 DeprecationWarning: This process (pid=50563) is multi-threaded, use of fork() may lead to deadlocks in the child.
[2026-09-05T21:52:44.427+0200] {standard_task_runner.py:72} INFO - Started process 50565 to run task
[2026-09-05T21:52:44.427+0200] {standard_task_runner.py:104} INFO - Running: ['airflow', 'tasks', 'run', 'mini_riskagent_file_ingestion', 'wait_for_csv', 'scheduled__2026-09-05T19:49:00+00:00', '--job-id', '3046', '--raw', '--subdir', 'DAGS_FOLDER/data_ingest_pipeline.py', '--cfg-path', '/var/folders/5p/201rr1sj03g8gksxm9x48mbh0000gn/T/tmpcz6kunzn']
[2026-09-05T21:52:44.428+0200] {standard_task_runner.py:105} INFO - Job 3046: Subtask wait_for_csv
[2026-09-05T21:52:44.441+0200] {task_command.py:467} INFO - Running <TaskInstance: mini_riskagent_file_ingestion.wait_for_csv scheduled__2026-09-05T19:49:00+00:00 [running]> on host mac.home
[2026-09-05T21:52:44.458+0200] {taskinstance.py:3134} INFO - Exporting env vars: AIRFLOW_CTX_DAG_OWNER='autoquery' AIRFLOW_CTX_DAG_ID='mini_riskagent_file_ingestion' AIRFLOW_CTX_TASK_ID='wait_for_csv' AIRFLOW_CTX_EXECUTION_DATE='2026-09-05T19:49:00+00:00' AIRFLOW_CTX_TRY_NUMBER='1' AIRFLOW_CTX_DAG_RUN_ID='scheduled__2026-09-05T19:49:00+00:00'
[2026-09-05T21:52:44.458+0200] {logging_mixin.py:190} INFO - Task instance is in running state
[2026-09-05T21:52:44.458+0200] {logging_mixin.py:190} INFO -  Previous state of the Task instance: queued
[2026-09-05T21:52:44.458+0200] {logging_mixin.py:190} INFO - Current task name:wait_for_csv state:running start_date:2026-09-05 19:52:44.418224+00:00
[2026-09-05T21:52:44.459+0200] {logging_mixin.py:190} INFO - Dag name:mini_riskagent_file_ingestion and current dag run status:running
[2026-09-05T21:52:44.459+0200] {taskinstance.py:732} INFO - ::endgroup::
[2026-09-05T21:52:44.460+0200] {python.py:75} INFO - Poking callable: <function check_for_csv_files at 0x1091aeb60>
[2026-09-05T21:52:44.463+0200] {taskinstance.py:310} INFO - Rescheduling task, marking task as UP_FOR_RESCHEDULE
[2026-09-05T21:52:44.464+0200] {taskinstance.py:341} INFO - ::group::Post task execution logs
[2026-09-05T21:52:44.487+0200] {local_task_job_runner.py:266} INFO - Task exited with return code 0
[2026-09-05T21:52:44.493+0200] {taskinstance.py:3901} INFO - 0 downstream tasks scheduled from follow-on schedule check
[2026-09-05T21:52:44.493+0200] {local_task_job_runner.py:245} INFO - ::endgroup::
[2026-09-05T21:53:17.080+0200] {local_task_job_runner.py:123} INFO - ::group::Pre task execution logs
[2026-09-05T21:53:17.083+0200] {taskinstance.py:2614} INFO - Dependencies all met for dep_context=non-requeueable deps ti=<TaskInstance: mini_riskagent_file_ingestion.wait_for_csv scheduled__2026-09-05T19:49:00+00:00 [queued]>
[2026-09-05T21:53:17.085+0200] {taskinstance.py:2614} INFO - Dependencies all met for dep_context=requeueable deps ti=<TaskInstance: mini_riskagent_file_ingestion.wait_for_csv scheduled__2026-09-05T19:49:00+00:00 [queued]>
[2026-09-05T21:53:17.085+0200] {taskinstance.py:2867} INFO - Starting attempt 1 of 2
[2026-09-05T21:53:17.088+0200] {taskinstance.py:2890} INFO - Executing <Task(PythonSensor): wait_for_csv> on 2026-09-05 19:49:00+00:00
[2026-09-05T21:53:17.093+0200] {logging_mixin.py:190} WARNING - /Users/swarnalidatta/Desktop/AutoQueryChatbot/.airflow-venv/lib/python3.12/site-packages/airflow/task/task_runner/standard_task_runner.py:70 DeprecationWarning: This process (pid=50669) is multi-threaded, use of fork() may lead to deadlocks in the child.
[2026-09-05T21:53:17.092+0200] {standard_task_runner.py:104} INFO - Running: ['airflow', 'tasks', 'run', 'mini_riskagent_file_ingestion', 'wait_for_csv', 'scheduled__2026-09-05T19:49:00+00:00', '--job-id', '3062', '--raw', '--subdir', 'DAGS_FOLDER/data_ingest_pipeline.py', '--cfg-path', '/var/folders/5p/201rr1sj03g8gksxm9x48mbh0000gn/T/tmppgqed838']
[2026-09-05T21:53:17.093+0200] {standard_task_runner.py:72} INFO - Started process 50671 to run task
[2026-09-05T21:53:17.093+0200] {standard_task_runner.py:105} INFO - Job 3062: Subtask wait_for_csv
[2026-09-05T21:53:17.106+0200] {task_command.py:467} INFO - Running <TaskInstance: mini_riskagent_file_ingestion.wait_for_csv scheduled__2026-09-05T19:49:00+00:00 [running]> on host mac.home
[2026-09-05T21:53:17.123+0200] {taskinstance.py:3134} INFO - Exporting env vars: AIRFLOW_CTX_DAG_OWNER='autoquery' AIRFLOW_CTX_DAG_ID='mini_riskagent_file_ingestion' AIRFLOW_CTX_TASK_ID='wait_for_csv' AIRFLOW_CTX_EXECUTION_DATE='2026-09-05T19:49:00+00:00' AIRFLOW_CTX_TRY_NUMBER='1' AIRFLOW_CTX_DAG_RUN_ID='scheduled__2026-09-05T19:49:00+00:00'
[2026-09-05T21:53:17.124+0200] {logging_mixin.py:190} INFO - Task instance is in running state
[2026-09-05T21:53:17.124+0200] {logging_mixin.py:190} INFO -  Previous state of the Task instance: queued
[2026-09-05T21:53:17.124+0200] {logging_mixin.py:190} INFO - Current task name:wait_for_csv state:running start_date:2026-09-05 19:53:17.083776+00:00
[2026-09-05T21:53:17.124+0200] {logging_mixin.py:190} INFO - Dag name:mini_riskagent_file_ingestion and current dag run status:running
[2026-09-05T21:53:17.125+0200] {taskinstance.py:732} INFO - ::endgroup::
[2026-09-05T21:53:17.126+0200] {python.py:75} INFO - Poking callable: <function check_for_csv_files at 0x108c4eb60>
[2026-09-05T21:53:17.129+0200] {taskinstance.py:310} INFO - Rescheduling task, marking task as UP_FOR_RESCHEDULE
[2026-09-05T21:53:17.130+0200] {taskinstance.py:341} INFO - ::group::Post task execution logs
[2026-09-05T21:53:17.152+0200] {local_task_job_runner.py:266} INFO - Task exited with return code 0
[2026-09-05T21:53:17.159+0200] {taskinstance.py:3901} INFO - 0 downstream tasks scheduled from follow-on schedule check
[2026-09-05T21:53:17.159+0200] {local_task_job_runner.py:245} INFO - ::endgroup::
[2026-09-05T21:53:49.239+0200] {local_task_job_runner.py:123} INFO - ::group::Pre task execution logs
[2026-09-05T21:53:49.242+0200] {taskinstance.py:2614} INFO - Dependencies all met for dep_context=non-requeueable deps ti=<TaskInstance: mini_riskagent_file_ingestion.wait_for_csv scheduled__2026-09-05T19:49:00+00:00 [queued]>
[2026-09-05T21:53:49.243+0200] {taskinstance.py:2614} INFO - Dependencies all met for dep_context=requeueable deps ti=<TaskInstance: mini_riskagent_file_ingestion.wait_for_csv scheduled__2026-09-05T19:49:00+00:00 [queued]>
[2026-09-05T21:53:49.243+0200] {taskinstance.py:2867} INFO - Starting attempt 1 of 2
[2026-09-05T21:53:49.247+0200] {taskinstance.py:2890} INFO - Executing <Task(PythonSensor): wait_for_csv> on 2026-09-05 19:49:00+00:00
[2026-09-05T21:53:49.252+0200] {logging_mixin.py:190} WARNING - /Users/swarnalidatta/Desktop/AutoQueryChatbot/.airflow-venv/lib/python3.12/site-packages/airflow/task/task_runner/standard_task_runner.py:70 DeprecationWarning: This process (pid=50774) is multi-threaded, use of fork() may lead to deadlocks in the child.
[2026-09-05T21:53:49.251+0200] {standard_task_runner.py:104} INFO - Running: ['airflow', 'tasks', 'run', 'mini_riskagent_file_ingestion', 'wait_for_csv', 'scheduled__2026-09-05T19:49:00+00:00', '--job-id', '3078', '--raw', '--subdir', 'DAGS_FOLDER/data_ingest_pipeline.py', '--cfg-path', '/var/folders/5p/201rr1sj03g8gksxm9x48mbh0000gn/T/tmpxiy1idpy']
[2026-09-05T21:53:49.252+0200] {standard_task_runner.py:72} INFO - Started process 50776 to run task
[2026-09-05T21:53:49.252+0200] {standard_task_runner.py:105} INFO - Job 3078: Subtask wait_for_csv
[2026-09-05T21:53:49.266+0200] {task_command.py:467} INFO - Running <TaskInstance: mini_riskagent_file_ingestion.wait_for_csv scheduled__2026-09-05T19:49:00+00:00 [running]> on host mac.home
[2026-09-05T21:53:49.284+0200] {taskinstance.py:3134} INFO - Exporting env vars: AIRFLOW_CTX_DAG_OWNER='autoquery' AIRFLOW_CTX_DAG_ID='mini_riskagent_file_ingestion' AIRFLOW_CTX_TASK_ID='wait_for_csv' AIRFLOW_CTX_EXECUTION_DATE='2026-09-05T19:49:00+00:00' AIRFLOW_CTX_TRY_NUMBER='1' AIRFLOW_CTX_DAG_RUN_ID='scheduled__2026-09-05T19:49:00+00:00'
[2026-09-05T21:53:49.284+0200] {logging_mixin.py:190} INFO - Task instance is in running state
[2026-09-05T21:53:49.285+0200] {logging_mixin.py:190} INFO -  Previous state of the Task instance: queued
[2026-09-05T21:53:49.285+0200] {logging_mixin.py:190} INFO - Current task name:wait_for_csv state:running start_date:2026-09-05 19:53:49.242456+00:00
[2026-09-05T21:53:49.285+0200] {logging_mixin.py:190} INFO - Dag name:mini_riskagent_file_ingestion and current dag run status:running
[2026-09-05T21:53:49.285+0200] {taskinstance.py:732} INFO - ::endgroup::
[2026-09-05T21:53:49.286+0200] {python.py:75} INFO - Poking callable: <function check_for_csv_files at 0x10b536b60>
[2026-09-05T21:53:49.290+0200] {taskinstance.py:310} INFO - Rescheduling task, marking task as UP_FOR_RESCHEDULE
[2026-09-05T21:53:49.290+0200] {taskinstance.py:341} INFO - ::group::Post task execution logs
[2026-09-05T21:53:49.312+0200] {local_task_job_runner.py:266} INFO - Task exited with return code 0
[2026-09-05T21:53:49.318+0200] {taskinstance.py:3901} INFO - 0 downstream tasks scheduled from follow-on schedule check
[2026-09-05T21:53:49.318+0200] {local_task_job_runner.py:245} INFO - ::endgroup::
[2026-09-05T21:54:21.661+0200] {local_task_job_runner.py:123} INFO - ::group::Pre task execution logs
[2026-09-05T21:54:21.664+0200] {taskinstance.py:2614} INFO - Dependencies all met for dep_context=non-requeueable deps ti=<TaskInstance: mini_riskagent_file_ingestion.wait_for_csv scheduled__2026-09-05T19:49:00+00:00 [queued]>
[2026-09-05T21:54:21.665+0200] {taskinstance.py:2614} INFO - Dependencies all met for dep_context=requeueable deps ti=<TaskInstance: mini_riskagent_file_ingestion.wait_for_csv scheduled__2026-09-05T19:49:00+00:00 [queued]>
[2026-09-05T21:54:21.665+0200] {taskinstance.py:2867} INFO - Starting attempt 1 of 2
[2026-09-05T21:54:21.668+0200] {taskinstance.py:2890} INFO - Executing <Task(PythonSensor): wait_for_csv> on 2026-09-05 19:49:00+00:00
[2026-09-05T21:54:21.673+0200] {logging_mixin.py:190} WARNING - /Users/swarnalidatta/Desktop/AutoQueryChatbot/.airflow-venv/lib/python3.12/site-packages/airflow/task/task_runner/standard_task_runner.py:70 DeprecationWarning: This process (pid=50882) is multi-threaded, use of fork() may lead to deadlocks in the child.
[2026-09-05T21:54:21.673+0200] {standard_task_runner.py:72} INFO - Started process 50884 to run task
[2026-09-05T21:54:21.672+0200] {standard_task_runner.py:104} INFO - Running: ['airflow', 'tasks', 'run', 'mini_riskagent_file_ingestion', 'wait_for_csv', 'scheduled__2026-09-05T19:49:00+00:00', '--job-id', '3094', '--raw', '--subdir', 'DAGS_FOLDER/data_ingest_pipeline.py', '--cfg-path', '/var/folders/5p/201rr1sj03g8gksxm9x48mbh0000gn/T/tmp9qy0nvjo']
[2026-09-05T21:54:21.673+0200] {standard_task_runner.py:105} INFO - Job 3094: Subtask wait_for_csv
[2026-09-05T21:54:21.687+0200] {task_command.py:467} INFO - Running <TaskInstance: mini_riskagent_file_ingestion.wait_for_csv scheduled__2026-09-05T19:49:00+00:00 [running]> on host mac.home
[2026-09-05T21:54:21.703+0200] {taskinstance.py:3134} INFO - Exporting env vars: AIRFLOW_CTX_DAG_OWNER='autoquery' AIRFLOW_CTX_DAG_ID='mini_riskagent_file_ingestion' AIRFLOW_CTX_TASK_ID='wait_for_csv' AIRFLOW_CTX_EXECUTION_DATE='2026-09-05T19:49:00+00:00' AIRFLOW_CTX_TRY_NUMBER='1' AIRFLOW_CTX_DAG_RUN_ID='scheduled__2026-09-05T19:49:00+00:00'
[2026-09-05T21:54:21.704+0200] {logging_mixin.py:190} INFO - Task instance is in running state
[2026-09-05T21:54:21.704+0200] {logging_mixin.py:190} INFO -  Previous state of the Task instance: queued
[2026-09-05T21:54:21.704+0200] {logging_mixin.py:190} INFO - Current task name:wait_for_csv state:running start_date:2026-09-05 19:54:21.664466+00:00
[2026-09-05T21:54:21.704+0200] {logging_mixin.py:190} INFO - Dag name:mini_riskagent_file_ingestion and current dag run status:running
[2026-09-05T21:54:21.704+0200] {taskinstance.py:732} INFO - ::endgroup::
[2026-09-05T21:54:21.706+0200] {python.py:75} INFO - Poking callable: <function check_for_csv_files at 0x10cbe2b60>
[2026-09-05T21:54:21.709+0200] {taskinstance.py:310} INFO - Rescheduling task, marking task as UP_FOR_RESCHEDULE
[2026-09-05T21:54:21.709+0200] {taskinstance.py:341} INFO - ::group::Post task execution logs
[2026-09-05T21:54:21.732+0200] {local_task_job_runner.py:266} INFO - Task exited with return code 0
[2026-09-05T21:54:21.739+0200] {taskinstance.py:3901} INFO - 0 downstream tasks scheduled from follow-on schedule check
[2026-09-05T21:54:21.739+0200] {local_task_job_runner.py:245} INFO - ::endgroup::
[2026-09-05T21:54:53.894+0200] {local_task_job_runner.py:123} INFO - ::group::Pre task execution logs
[2026-09-05T21:54:53.897+0200] {taskinstance.py:2614} INFO - Dependencies all met for dep_context=non-requeueable deps ti=<TaskInstance: mini_riskagent_file_ingestion.wait_for_csv scheduled__2026-09-05T19:49:00+00:00 [queued]>
[2026-09-05T21:54:53.898+0200] {taskinstance.py:2614} INFO - Dependencies all met for dep_context=requeueable deps ti=<TaskInstance: mini_riskagent_file_ingestion.wait_for_csv scheduled__2026-09-05T19:49:00+00:00 [queued]>
[2026-09-05T21:54:53.898+0200] {taskinstance.py:2867} INFO - Starting attempt 1 of 2
[2026-09-05T21:54:53.901+0200] {taskinstance.py:2890} INFO - Executing <Task(PythonSensor): wait_for_csv> on 2026-09-05 19:49:00+00:00
[2026-09-05T21:54:53.906+0200] {logging_mixin.py:190} WARNING - /Users/swarnalidatta/Desktop/AutoQueryChatbot/.airflow-venv/lib/python3.12/site-packages/airflow/task/task_runner/standard_task_runner.py:70 DeprecationWarning: This process (pid=50988) is multi-threaded, use of fork() may lead to deadlocks in the child.
[2026-09-05T21:54:53.906+0200] {standard_task_runner.py:72} INFO - Started process 50990 to run task
[2026-09-05T21:54:53.906+0200] {standard_task_runner.py:104} INFO - Running: ['airflow', 'tasks', 'run', 'mini_riskagent_file_ingestion', 'wait_for_csv', 'scheduled__2026-09-05T19:49:00+00:00', '--job-id', '3110', '--raw', '--subdir', 'DAGS_FOLDER/data_ingest_pipeline.py', '--cfg-path', '/var/folders/5p/201rr1sj03g8gksxm9x48mbh0000gn/T/tmpc6_k89iu']
[2026-09-05T21:54:53.906+0200] {standard_task_runner.py:105} INFO - Job 3110: Subtask wait_for_csv
[2026-09-05T21:54:53.920+0200] {task_command.py:467} INFO - Running <TaskInstance: mini_riskagent_file_ingestion.wait_for_csv scheduled__2026-09-05T19:49:00+00:00 [running]> on host mac.home
[2026-09-05T21:54:53.936+0200] {taskinstance.py:3134} INFO - Exporting env vars: AIRFLOW_CTX_DAG_OWNER='autoquery' AIRFLOW_CTX_DAG_ID='mini_riskagent_file_ingestion' AIRFLOW_CTX_TASK_ID='wait_for_csv' AIRFLOW_CTX_EXECUTION_DATE='2026-09-05T19:49:00+00:00' AIRFLOW_CTX_TRY_NUMBER='1' AIRFLOW_CTX_DAG_RUN_ID='scheduled__2026-09-05T19:49:00+00:00'
[2026-09-05T21:54:53.937+0200] {logging_mixin.py:190} INFO - Task instance is in running state
[2026-09-05T21:54:53.937+0200] {logging_mixin.py:190} INFO -  Previous state of the Task instance: queued
[2026-09-05T21:54:53.937+0200] {logging_mixin.py:190} INFO - Current task name:wait_for_csv state:running start_date:2026-09-05 19:54:53.897202+00:00
[2026-09-05T21:54:53.937+0200] {logging_mixin.py:190} INFO - Dag name:mini_riskagent_file_ingestion and current dag run status:running
[2026-09-05T21:54:53.937+0200] {taskinstance.py:732} INFO - ::endgroup::
[2026-09-05T21:54:53.939+0200] {python.py:75} INFO - Poking callable: <function check_for_csv_files at 0x10e026b60>
[2026-09-05T21:54:53.942+0200] {taskinstance.py:310} INFO - Rescheduling task, marking task as UP_FOR_RESCHEDULE
[2026-09-05T21:54:53.942+0200] {taskinstance.py:341} INFO - ::group::Post task execution logs
[2026-09-05T21:54:53.965+0200] {local_task_job_runner.py:266} INFO - Task exited with return code 0
[2026-09-05T21:54:53.972+0200] {taskinstance.py:3901} INFO - 0 downstream tasks scheduled from follow-on schedule check
[2026-09-05T21:54:53.972+0200] {local_task_job_runner.py:245} INFO - ::endgroup::
[2026-09-05T21:55:26.221+0200] {local_task_job_runner.py:123} INFO - ::group::Pre task execution logs
[2026-09-05T21:55:26.224+0200] {taskinstance.py:2614} INFO - Dependencies all met for dep_context=non-requeueable deps ti=<TaskInstance: mini_riskagent_file_ingestion.wait_for_csv scheduled__2026-09-05T19:49:00+00:00 [queued]>
[2026-09-05T21:55:26.226+0200] {taskinstance.py:2614} INFO - Dependencies all met for dep_context=requeueable deps ti=<TaskInstance: mini_riskagent_file_ingestion.wait_for_csv scheduled__2026-09-05T19:49:00+00:00 [queued]>
[2026-09-05T21:55:26.226+0200] {taskinstance.py:2867} INFO - Starting attempt 1 of 2
[2026-09-05T21:55:26.229+0200] {taskinstance.py:2890} INFO - Executing <Task(PythonSensor): wait_for_csv> on 2026-09-05 19:49:00+00:00
[2026-09-05T21:55:26.234+0200] {logging_mixin.py:190} WARNING - /Users/swarnalidatta/Desktop/AutoQueryChatbot/.airflow-venv/lib/python3.12/site-packages/airflow/task/task_runner/standard_task_runner.py:70 DeprecationWarning: This process (pid=51094) is multi-threaded, use of fork() may lead to deadlocks in the child.
[2026-09-05T21:55:26.234+0200] {standard_task_runner.py:72} INFO - Started process 51096 to run task
[2026-09-05T21:55:26.234+0200] {standard_task_runner.py:104} INFO - Running: ['airflow', 'tasks', 'run', 'mini_riskagent_file_ingestion', 'wait_for_csv', 'scheduled__2026-09-05T19:49:00+00:00', '--job-id', '3126', '--raw', '--subdir', 'DAGS_FOLDER/data_ingest_pipeline.py', '--cfg-path', '/var/folders/5p/201rr1sj03g8gksxm9x48mbh0000gn/T/tmp1msho0sw']
[2026-09-05T21:55:26.234+0200] {standard_task_runner.py:105} INFO - Job 3126: Subtask wait_for_csv
[2026-09-05T21:55:26.248+0200] {task_command.py:467} INFO - Running <TaskInstance: mini_riskagent_file_ingestion.wait_for_csv scheduled__2026-09-05T19:49:00+00:00 [running]> on host mac.home
[2026-09-05T21:55:26.265+0200] {taskinstance.py:3134} INFO - Exporting env vars: AIRFLOW_CTX_DAG_OWNER='autoquery' AIRFLOW_CTX_DAG_ID='mini_riskagent_file_ingestion' AIRFLOW_CTX_TASK_ID='wait_for_csv' AIRFLOW_CTX_EXECUTION_DATE='2026-09-05T19:49:00+00:00' AIRFLOW_CTX_TRY_NUMBER='1' AIRFLOW_CTX_DAG_RUN_ID='scheduled__2026-09-05T19:49:00+00:00'
[2026-09-05T21:55:26.266+0200] {logging_mixin.py:190} INFO - Task instance is in running state
[2026-09-05T21:55:26.266+0200] {logging_mixin.py:190} INFO -  Previous state of the Task instance: queued
[2026-09-05T21:55:26.266+0200] {logging_mixin.py:190} INFO - Current task name:wait_for_csv state:running start_date:2026-09-05 19:55:26.224753+00:00
[2026-09-05T21:55:26.266+0200] {logging_mixin.py:190} INFO - Dag name:mini_riskagent_file_ingestion and current dag run status:running
[2026-09-05T21:55:26.266+0200] {taskinstance.py:732} INFO - ::endgroup::
[2026-09-05T21:55:26.268+0200] {python.py:75} INFO - Poking callable: <function check_for_csv_files at 0x108666b60>
[2026-09-05T21:55:26.271+0200] {taskinstance.py:310} INFO - Rescheduling task, marking task as UP_FOR_RESCHEDULE
[2026-09-05T21:55:26.271+0200] {taskinstance.py:341} INFO - ::group::Post task execution logs
[2026-09-05T21:55:26.292+0200] {local_task_job_runner.py:266} INFO - Task exited with return code 0
[2026-09-05T21:55:26.299+0200] {taskinstance.py:3901} INFO - 0 downstream tasks scheduled from follow-on schedule check
[2026-09-05T21:55:26.299+0200] {local_task_job_runner.py:245} INFO - ::endgroup::
[2026-09-05T21:55:58.176+0200] {local_task_job_runner.py:123} INFO - ::group::Pre task execution logs
[2026-09-05T21:55:58.178+0200] {taskinstance.py:2614} INFO - Dependencies all met for dep_context=non-requeueable deps ti=<TaskInstance: mini_riskagent_file_ingestion.wait_for_csv scheduled__2026-09-05T19:49:00+00:00 [queued]>
[2026-09-05T21:55:58.180+0200] {taskinstance.py:2614} INFO - Dependencies all met for dep_context=requeueable deps ti=<TaskInstance: mini_riskagent_file_ingestion.wait_for_csv scheduled__2026-09-05T19:49:00+00:00 [queued]>
[2026-09-05T21:55:58.180+0200] {taskinstance.py:2867} INFO - Starting attempt 1 of 2
[2026-09-05T21:55:58.183+0200] {taskinstance.py:2890} INFO - Executing <Task(PythonSensor): wait_for_csv> on 2026-09-05 19:49:00+00:00
[2026-09-05T21:55:58.188+0200] {logging_mixin.py:190} WARNING - /Users/swarnalidatta/Desktop/AutoQueryChatbot/.airflow-venv/lib/python3.12/site-packages/airflow/task/task_runner/standard_task_runner.py:70 DeprecationWarning: This process (pid=51205) is multi-threaded, use of fork() may lead to deadlocks in the child.
[2026-09-05T21:55:58.188+0200] {standard_task_runner.py:72} INFO - Started process 51211 to run task
[2026-09-05T21:55:58.187+0200] {standard_task_runner.py:104} INFO - Running: ['airflow', 'tasks', 'run', 'mini_riskagent_file_ingestion', 'wait_for_csv', 'scheduled__2026-09-05T19:49:00+00:00', '--job-id', '3142', '--raw', '--subdir', 'DAGS_FOLDER/data_ingest_pipeline.py', '--cfg-path', '/var/folders/5p/201rr1sj03g8gksxm9x48mbh0000gn/T/tmp4alo_uf3']
[2026-09-05T21:55:58.188+0200] {standard_task_runner.py:105} INFO - Job 3142: Subtask wait_for_csv
[2026-09-05T21:55:58.202+0200] {task_command.py:467} INFO - Running <TaskInstance: mini_riskagent_file_ingestion.wait_for_csv scheduled__2026-09-05T19:49:00+00:00 [running]> on host mac.home
[2026-09-05T21:55:58.218+0200] {taskinstance.py:3134} INFO - Exporting env vars: AIRFLOW_CTX_DAG_OWNER='autoquery' AIRFLOW_CTX_DAG_ID='mini_riskagent_file_ingestion' AIRFLOW_CTX_TASK_ID='wait_for_csv' AIRFLOW_CTX_EXECUTION_DATE='2026-09-05T19:49:00+00:00' AIRFLOW_CTX_TRY_NUMBER='1' AIRFLOW_CTX_DAG_RUN_ID='scheduled__2026-09-05T19:49:00+00:00'
[2026-09-05T21:55:58.218+0200] {logging_mixin.py:190} INFO - Task instance is in running state
[2026-09-05T21:55:58.219+0200] {logging_mixin.py:190} INFO -  Previous state of the Task instance: queued
[2026-09-05T21:55:58.219+0200] {logging_mixin.py:190} INFO - Current task name:wait_for_csv state:running start_date:2026-09-05 19:55:58.178828+00:00
[2026-09-05T21:55:58.219+0200] {logging_mixin.py:190} INFO - Dag name:mini_riskagent_file_ingestion and current dag run status:running
[2026-09-05T21:55:58.219+0200] {taskinstance.py:732} INFO - ::endgroup::
[2026-09-05T21:55:58.221+0200] {python.py:75} INFO - Poking callable: <function check_for_csv_files at 0x10a632b60>
[2026-09-05T21:55:58.224+0200] {taskinstance.py:310} INFO - Rescheduling task, marking task as UP_FOR_RESCHEDULE
[2026-09-05T21:55:58.224+0200] {taskinstance.py:341} INFO - ::group::Post task execution logs
[2026-09-05T21:55:58.247+0200] {local_task_job_runner.py:266} INFO - Task exited with return code 0
[2026-09-05T21:55:58.253+0200] {taskinstance.py:3901} INFO - 0 downstream tasks scheduled from follow-on schedule check
[2026-09-05T21:55:58.254+0200] {local_task_job_runner.py:245} INFO - ::endgroup::
[2026-09-05T21:56:30.361+0200] {local_task_job_runner.py:123} INFO - ::group::Pre task execution logs
[2026-09-05T21:56:30.364+0200] {taskinstance.py:2614} INFO - Dependencies all met for dep_context=non-requeueable deps ti=<TaskInstance: mini_riskagent_file_ingestion.wait_for_csv scheduled__2026-09-05T19:49:00+00:00 [queued]>
[2026-09-05T21:56:30.365+0200] {taskinstance.py:2614} INFO - Dependencies all met for dep_context=requeueable deps ti=<TaskInstance: mini_riskagent_file_ingestion.wait_for_csv scheduled__2026-09-05T19:49:00+00:00 [queued]>
[2026-09-05T21:56:30.365+0200] {taskinstance.py:2867} INFO - Starting attempt 1 of 2
[2026-09-05T21:56:30.368+0200] {taskinstance.py:2890} INFO - Executing <Task(PythonSensor): wait_for_csv> on 2026-09-05 19:49:00+00:00
[2026-09-05T21:56:30.373+0200] {logging_mixin.py:190} WARNING - /Users/swarnalidatta/Desktop/AutoQueryChatbot/.airflow-venv/lib/python3.12/site-packages/airflow/task/task_runner/standard_task_runner.py:70 DeprecationWarning: This process (pid=51317) is multi-threaded, use of fork() may lead to deadlocks in the child.
[2026-09-05T21:56:30.373+0200] {standard_task_runner.py:72} INFO - Started process 51319 to run task
[2026-09-05T21:56:30.373+0200] {standard_task_runner.py:104} INFO - Running: ['airflow', 'tasks', 'run', 'mini_riskagent_file_ingestion', 'wait_for_csv', 'scheduled__2026-09-05T19:49:00+00:00', '--job-id', '3158', '--raw', '--subdir', 'DAGS_FOLDER/data_ingest_pipeline.py', '--cfg-path', '/var/folders/5p/201rr1sj03g8gksxm9x48mbh0000gn/T/tmpg720vu22']
[2026-09-05T21:56:30.373+0200] {standard_task_runner.py:105} INFO - Job 3158: Subtask wait_for_csv
[2026-09-05T21:56:30.388+0200] {task_command.py:467} INFO - Running <TaskInstance: mini_riskagent_file_ingestion.wait_for_csv scheduled__2026-09-05T19:49:00+00:00 [running]> on host mac.home
[2026-09-05T21:56:30.404+0200] {taskinstance.py:3134} INFO - Exporting env vars: AIRFLOW_CTX_DAG_OWNER='autoquery' AIRFLOW_CTX_DAG_ID='mini_riskagent_file_ingestion' AIRFLOW_CTX_TASK_ID='wait_for_csv' AIRFLOW_CTX_EXECUTION_DATE='2026-09-05T19:49:00+00:00' AIRFLOW_CTX_TRY_NUMBER='1' AIRFLOW_CTX_DAG_RUN_ID='scheduled__2026-09-05T19:49:00+00:00'
[2026-09-05T21:56:30.404+0200] {logging_mixin.py:190} INFO - Task instance is in running state
[2026-09-05T21:56:30.405+0200] {logging_mixin.py:190} INFO -  Previous state of the Task instance: queued
[2026-09-05T21:56:30.405+0200] {logging_mixin.py:190} INFO - Current task name:wait_for_csv state:running start_date:2026-09-05 19:56:30.364138+00:00
[2026-09-05T21:56:30.405+0200] {logging_mixin.py:190} INFO - Dag name:mini_riskagent_file_ingestion and current dag run status:running
[2026-09-05T21:56:30.405+0200] {taskinstance.py:732} INFO - ::endgroup::
[2026-09-05T21:56:30.407+0200] {python.py:75} INFO - Poking callable: <function check_for_csv_files at 0x114112b60>
[2026-09-05T21:56:30.410+0200] {taskinstance.py:310} INFO - Rescheduling task, marking task as UP_FOR_RESCHEDULE
[2026-09-05T21:56:30.410+0200] {taskinstance.py:341} INFO - ::group::Post task execution logs
[2026-09-05T21:56:30.432+0200] {local_task_job_runner.py:266} INFO - Task exited with return code 0
[2026-09-05T21:56:30.439+0200] {taskinstance.py:3901} INFO - 0 downstream tasks scheduled from follow-on schedule check
[2026-09-05T21:56:30.440+0200] {local_task_job_runner.py:245} INFO - ::endgroup::
[2026-09-05T21:57:02.695+0200] {local_task_job_runner.py:123} INFO - ::group::Pre task execution logs
[2026-09-05T21:57:02.698+0200] {taskinstance.py:2614} INFO - Dependencies all met for dep_context=non-requeueable deps ti=<TaskInstance: mini_riskagent_file_ingestion.wait_for_csv scheduled__2026-09-05T19:49:00+00:00 [queued]>
[2026-09-05T21:57:02.700+0200] {taskinstance.py:2614} INFO - Dependencies all met for dep_context=requeueable deps ti=<TaskInstance: mini_riskagent_file_ingestion.wait_for_csv scheduled__2026-09-05T19:49:00+00:00 [queued]>
[2026-09-05T21:57:02.700+0200] {taskinstance.py:2867} INFO - Starting attempt 1 of 2
[2026-09-05T21:57:02.703+0200] {taskinstance.py:2890} INFO - Executing <Task(PythonSensor): wait_for_csv> on 2026-09-05 19:49:00+00:00
[2026-09-05T21:57:02.708+0200] {logging_mixin.py:190} WARNING - /Users/swarnalidatta/Desktop/AutoQueryChatbot/.airflow-venv/lib/python3.12/site-packages/airflow/task/task_runner/standard_task_runner.py:70 DeprecationWarning: This process (pid=51421) is multi-threaded, use of fork() may lead to deadlocks in the child.
[2026-09-05T21:57:02.708+0200] {standard_task_runner.py:72} INFO - Started process 51423 to run task
[2026-09-05T21:57:02.708+0200] {standard_task_runner.py:104} INFO - Running: ['airflow', 'tasks', 'run', 'mini_riskagent_file_ingestion', 'wait_for_csv', 'scheduled__2026-09-05T19:49:00+00:00', '--job-id', '3174', '--raw', '--subdir', 'DAGS_FOLDER/data_ingest_pipeline.py', '--cfg-path', '/var/folders/5p/201rr1sj03g8gksxm9x48mbh0000gn/T/tmp6itr14ng']
[2026-09-05T21:57:02.708+0200] {standard_task_runner.py:105} INFO - Job 3174: Subtask wait_for_csv
[2026-09-05T21:57:02.722+0200] {task_command.py:467} INFO - Running <TaskInstance: mini_riskagent_file_ingestion.wait_for_csv scheduled__2026-09-05T19:49:00+00:00 [running]> on host mac.home
[2026-09-05T21:57:02.739+0200] {taskinstance.py:3134} INFO - Exporting env vars: AIRFLOW_CTX_DAG_OWNER='autoquery' AIRFLOW_CTX_DAG_ID='mini_riskagent_file_ingestion' AIRFLOW_CTX_TASK_ID='wait_for_csv' AIRFLOW_CTX_EXECUTION_DATE='2026-09-05T19:49:00+00:00' AIRFLOW_CTX_TRY_NUMBER='1' AIRFLOW_CTX_DAG_RUN_ID='scheduled__2026-09-05T19:49:00+00:00'
[2026-09-05T21:57:02.740+0200] {logging_mixin.py:190} INFO - Task instance is in running state
[2026-09-05T21:57:02.740+0200] {logging_mixin.py:190} INFO -  Previous state of the Task instance: queued
[2026-09-05T21:57:02.740+0200] {logging_mixin.py:190} INFO - Current task name:wait_for_csv state:running start_date:2026-09-05 19:57:02.698702+00:00
[2026-09-05T21:57:02.740+0200] {logging_mixin.py:190} INFO - Dag name:mini_riskagent_file_ingestion and current dag run status:running
[2026-09-05T21:57:02.741+0200] {taskinstance.py:732} INFO - ::endgroup::
[2026-09-05T21:57:02.742+0200] {python.py:75} INFO - Poking callable: <function check_for_csv_files at 0x10cd8ab60>
[2026-09-05T21:57:02.745+0200] {taskinstance.py:310} INFO - Rescheduling task, marking task as UP_FOR_RESCHEDULE
[2026-09-05T21:57:02.746+0200] {taskinstance.py:341} INFO - ::group::Post task execution logs
[2026-09-05T21:57:02.767+0200] {local_task_job_runner.py:266} INFO - Task exited with return code 0
[2026-09-05T21:57:02.774+0200] {taskinstance.py:3901} INFO - 0 downstream tasks scheduled from follow-on schedule check
[2026-09-05T21:57:02.774+0200] {local_task_job_runner.py:245} INFO - ::endgroup::
[2026-09-05T21:57:34.749+0200] {local_task_job_runner.py:123} INFO - ::group::Pre task execution logs
[2026-09-05T21:57:34.751+0200] {taskinstance.py:2614} INFO - Dependencies all met for dep_context=non-requeueable deps ti=<TaskInstance: mini_riskagent_file_ingestion.wait_for_csv scheduled__2026-09-05T19:49:00+00:00 [queued]>
[2026-09-05T21:57:34.753+0200] {taskinstance.py:2614} INFO - Dependencies all met for dep_context=requeueable deps ti=<TaskInstance: mini_riskagent_file_ingestion.wait_for_csv scheduled__2026-09-05T19:49:00+00:00 [queued]>
[2026-09-05T21:57:34.753+0200] {taskinstance.py:2867} INFO - Starting attempt 1 of 2
[2026-09-05T21:57:34.756+0200] {taskinstance.py:2890} INFO - Executing <Task(PythonSensor): wait_for_csv> on 2026-09-05 19:49:00+00:00
[2026-09-05T21:57:34.761+0200] {logging_mixin.py:190} WARNING - /Users/swarnalidatta/Desktop/AutoQueryChatbot/.airflow-venv/lib/python3.12/site-packages/airflow/task/task_runner/standard_task_runner.py:70 DeprecationWarning: This process (pid=51526) is multi-threaded, use of fork() may lead to deadlocks in the child.
[2026-09-05T21:57:34.762+0200] {standard_task_runner.py:72} INFO - Started process 51528 to run task
[2026-09-05T21:57:34.761+0200] {standard_task_runner.py:104} INFO - Running: ['airflow', 'tasks', 'run', 'mini_riskagent_file_ingestion', 'wait_for_csv', 'scheduled__2026-09-05T19:49:00+00:00', '--job-id', '3190', '--raw', '--subdir', 'DAGS_FOLDER/data_ingest_pipeline.py', '--cfg-path', '/var/folders/5p/201rr1sj03g8gksxm9x48mbh0000gn/T/tmpicwagju5']
[2026-09-05T21:57:34.762+0200] {standard_task_runner.py:105} INFO - Job 3190: Subtask wait_for_csv
[2026-09-05T21:57:34.775+0200] {task_command.py:467} INFO - Running <TaskInstance: mini_riskagent_file_ingestion.wait_for_csv scheduled__2026-09-05T19:49:00+00:00 [running]> on host mac.home
[2026-09-05T21:57:34.792+0200] {taskinstance.py:3134} INFO - Exporting env vars: AIRFLOW_CTX_DAG_OWNER='autoquery' AIRFLOW_CTX_DAG_ID='mini_riskagent_file_ingestion' AIRFLOW_CTX_TASK_ID='wait_for_csv' AIRFLOW_CTX_EXECUTION_DATE='2026-09-05T19:49:00+00:00' AIRFLOW_CTX_TRY_NUMBER='1' AIRFLOW_CTX_DAG_RUN_ID='scheduled__2026-09-05T19:49:00+00:00'
[2026-09-05T21:57:34.792+0200] {logging_mixin.py:190} INFO - Task instance is in running state
[2026-09-05T21:57:34.792+0200] {logging_mixin.py:190} INFO -  Previous state of the Task instance: queued
[2026-09-05T21:57:34.792+0200] {logging_mixin.py:190} INFO - Current task name:wait_for_csv state:running start_date:2026-09-05 19:57:34.752064+00:00
[2026-09-05T21:57:34.793+0200] {logging_mixin.py:190} INFO - Dag name:mini_riskagent_file_ingestion and current dag run status:running
[2026-09-05T21:57:34.793+0200] {taskinstance.py:732} INFO - ::endgroup::
[2026-09-05T21:57:34.794+0200] {python.py:75} INFO - Poking callable: <function check_for_csv_files at 0x10a846b60>
[2026-09-05T21:57:34.798+0200] {taskinstance.py:310} INFO - Rescheduling task, marking task as UP_FOR_RESCHEDULE
[2026-09-05T21:57:34.798+0200] {taskinstance.py:341} INFO - ::group::Post task execution logs
[2026-09-05T21:57:34.821+0200] {local_task_job_runner.py:266} INFO - Task exited with return code 0
[2026-09-05T21:57:34.828+0200] {taskinstance.py:3901} INFO - 0 downstream tasks scheduled from follow-on schedule check
[2026-09-05T21:57:34.828+0200] {local_task_job_runner.py:245} INFO - ::endgroup::
[2026-09-05T21:58:06.929+0200] {local_task_job_runner.py:123} INFO - ::group::Pre task execution logs
[2026-09-05T21:58:06.932+0200] {taskinstance.py:2614} INFO - Dependencies all met for dep_context=non-requeueable deps ti=<TaskInstance: mini_riskagent_file_ingestion.wait_for_csv scheduled__2026-09-05T19:49:00+00:00 [queued]>
[2026-09-05T21:58:06.933+0200] {taskinstance.py:2614} INFO - Dependencies all met for dep_context=requeueable deps ti=<TaskInstance: mini_riskagent_file_ingestion.wait_for_csv scheduled__2026-09-05T19:49:00+00:00 [queued]>
[2026-09-05T21:58:06.933+0200] {taskinstance.py:2867} INFO - Starting attempt 1 of 2
[2026-09-05T21:58:06.936+0200] {taskinstance.py:2890} INFO - Executing <Task(PythonSensor): wait_for_csv> on 2026-09-05 19:49:00+00:00
[2026-09-05T21:58:06.941+0200] {logging_mixin.py:190} WARNING - /Users/swarnalidatta/Desktop/AutoQueryChatbot/.airflow-venv/lib/python3.12/site-packages/airflow/task/task_runner/standard_task_runner.py:70 DeprecationWarning: This process (pid=51641) is multi-threaded, use of fork() may lead to deadlocks in the child.
[2026-09-05T21:58:06.941+0200] {standard_task_runner.py:72} INFO - Started process 51643 to run task
[2026-09-05T21:58:06.941+0200] {standard_task_runner.py:104} INFO - Running: ['airflow', 'tasks', 'run', 'mini_riskagent_file_ingestion', 'wait_for_csv', 'scheduled__2026-09-05T19:49:00+00:00', '--job-id', '3206', '--raw', '--subdir', 'DAGS_FOLDER/data_ingest_pipeline.py', '--cfg-path', '/var/folders/5p/201rr1sj03g8gksxm9x48mbh0000gn/T/tmp5bpx4iz8']
[2026-09-05T21:58:06.941+0200] {standard_task_runner.py:105} INFO - Job 3206: Subtask wait_for_csv
[2026-09-05T21:58:06.955+0200] {task_command.py:467} INFO - Running <TaskInstance: mini_riskagent_file_ingestion.wait_for_csv scheduled__2026-09-05T19:49:00+00:00 [running]> on host mac.home
[2026-09-05T21:58:06.971+0200] {taskinstance.py:3134} INFO - Exporting env vars: AIRFLOW_CTX_DAG_OWNER='autoquery' AIRFLOW_CTX_DAG_ID='mini_riskagent_file_ingestion' AIRFLOW_CTX_TASK_ID='wait_for_csv' AIRFLOW_CTX_EXECUTION_DATE='2026-09-05T19:49:00+00:00' AIRFLOW_CTX_TRY_NUMBER='1' AIRFLOW_CTX_DAG_RUN_ID='scheduled__2026-09-05T19:49:00+00:00'
[2026-09-05T21:58:06.971+0200] {logging_mixin.py:190} INFO - Task instance is in running state
[2026-09-05T21:58:06.971+0200] {logging_mixin.py:190} INFO -  Previous state of the Task instance: queued
[2026-09-05T21:58:06.972+0200] {logging_mixin.py:190} INFO - Current task name:wait_for_csv state:running start_date:2026-09-05 19:58:06.932133+00:00
[2026-09-05T21:58:06.972+0200] {logging_mixin.py:190} INFO - Dag name:mini_riskagent_file_ingestion and current dag run status:running
[2026-09-05T21:58:06.972+0200] {taskinstance.py:732} INFO - ::endgroup::
[2026-09-05T21:58:06.973+0200] {python.py:75} INFO - Poking callable: <function check_for_csv_files at 0x109122b60>
[2026-09-05T21:58:06.977+0200] {taskinstance.py:310} INFO - Rescheduling task, marking task as UP_FOR_RESCHEDULE
[2026-09-05T21:58:06.977+0200] {taskinstance.py:341} INFO - ::group::Post task execution logs
[2026-09-05T21:58:07.000+0200] {local_task_job_runner.py:266} INFO - Task exited with return code 0
[2026-09-05T21:58:07.007+0200] {taskinstance.py:3901} INFO - 0 downstream tasks scheduled from follow-on schedule check
[2026-09-05T21:58:07.007+0200] {local_task_job_runner.py:245} INFO - ::endgroup::
[2026-09-17T19:22:05.678+0200] {local_task_job_runner.py:123} INFO - ::group::Pre task execution logs
[2026-09-17T19:22:05.682+0200] {taskinstance.py:2614} INFO - Dependencies all met for dep_context=non-requeueable deps ti=<TaskInstance: mini_riskagent_file_ingestion.wait_for_csv scheduled__2026-09-05T19:49:00+00:00 [queued]>
[2026-09-17T19:22:05.683+0200] {taskinstance.py:2614} INFO - Dependencies all met for dep_context=requeueable deps ti=<TaskInstance: mini_riskagent_file_ingestion.wait_for_csv scheduled__2026-09-05T19:49:00+00:00 [queued]>
[2026-09-17T19:22:05.683+0200] {taskinstance.py:2867} INFO - Starting attempt 1 of 2
[2026-09-17T19:22:05.687+0200] {taskinstance.py:2890} INFO - Executing <Task(PythonSensor): wait_for_csv> on 2026-09-05 19:49:00+00:00
[2026-09-17T19:22:05.692+0200] {logging_mixin.py:190} WARNING - /Users/swarnalidatta/Desktop/AutoQueryChatbot/.airflow-venv/lib/python3.12/site-packages/airflow/task/task_runner/standard_task_runner.py:70 DeprecationWarning: This process (pid=73904) is multi-threaded, use of fork() may lead to deadlocks in the child.
[2026-09-17T19:22:05.691+0200] {standard_task_runner.py:104} INFO - Running: ['airflow', 'tasks', 'run', 'mini_riskagent_file_ingestion', 'wait_for_csv', 'scheduled__2026-09-05T19:49:00+00:00', '--job-id', '3225', '--raw', '--subdir', 'DAGS_FOLDER/data_ingest_pipeline.py', '--cfg-path', '/var/folders/5p/201rr1sj03g8gksxm9x48mbh0000gn/T/tmph3trr8ye']
[2026-09-17T19:22:05.692+0200] {standard_task_runner.py:72} INFO - Started process 73909 to run task
[2026-09-17T19:22:05.692+0200] {standard_task_runner.py:105} INFO - Job 3225: Subtask wait_for_csv
[2026-09-17T19:22:05.707+0200] {task_command.py:467} INFO - Running <TaskInstance: mini_riskagent_file_ingestion.wait_for_csv scheduled__2026-09-05T19:49:00+00:00 [running]> on host mac.home
[2026-09-17T19:22:05.723+0200] {taskinstance.py:3134} INFO - Exporting env vars: AIRFLOW_CTX_DAG_OWNER='autoquery' AIRFLOW_CTX_DAG_ID='mini_riskagent_file_ingestion' AIRFLOW_CTX_TASK_ID='wait_for_csv' AIRFLOW_CTX_EXECUTION_DATE='2026-09-05T19:49:00+00:00' AIRFLOW_CTX_TRY_NUMBER='1' AIRFLOW_CTX_DAG_RUN_ID='scheduled__2026-09-05T19:49:00+00:00'
[2026-09-17T19:22:05.724+0200] {logging_mixin.py:190} INFO - Task instance is in running state
[2026-09-17T19:22:05.724+0200] {logging_mixin.py:190} INFO -  Previous state of the Task instance: queued
[2026-09-17T19:22:05.724+0200] {logging_mixin.py:190} INFO - Current task name:wait_for_csv state:running start_date:2026-09-17 17:22:05.682347+00:00
[2026-09-17T19:22:05.724+0200] {logging_mixin.py:190} INFO - Dag name:mini_riskagent_file_ingestion and current dag run status:running
[2026-09-17T19:22:05.724+0200] {taskinstance.py:732} INFO - ::endgroup::
[2026-09-17T19:22:05.726+0200] {python.py:75} INFO - Poking callable: <function check_for_csv_files at 0x1092ceb60>
[2026-09-17T19:22:05.726+0200] {taskinstance.py:3313} ERROR - Task failed with exception
Traceback (most recent call last):
  File "/Users/swarnalidatta/Desktop/AutoQueryChatbot/.airflow-venv/lib/python3.12/site-packages/airflow/models/taskinstance.py", line 768, in _execute_task
    result = _execute_callable(context=context, **execute_callable_kwargs)
             ^^^^^^^^^^^^^^^^^^^^^^^^^^^^^^^^^^^^^^^^^^^^^^^^^^^^^^^^^^^^^
  File "/Users/swarnalidatta/Desktop/AutoQueryChatbot/.airflow-venv/lib/python3.12/site-packages/airflow/models/taskinstance.py", line 734, in _execute_callable
    return ExecutionCallableRunner(
           ^^^^^^^^^^^^^^^^^^^^^^^^
  File "/Users/swarnalidatta/Desktop/AutoQueryChatbot/.airflow-venv/lib/python3.12/site-packages/airflow/utils/operator_helpers.py", line 252, in run
    return self.func(*args, **kwargs)
           ^^^^^^^^^^^^^^^^^^^^^^^^^^
  File "/Users/swarnalidatta/Desktop/AutoQueryChatbot/.airflow-venv/lib/python3.12/site-packages/airflow/models/baseoperator.py", line 424, in wrapper
    return func(self, *args, **kwargs)
           ^^^^^^^^^^^^^^^^^^^^^^^^^^^
  File "/Users/swarnalidatta/Desktop/AutoQueryChatbot/.airflow-venv/lib/python3.12/site-packages/airflow/sensors/base.py", line 326, in execute
    raise AirflowSensorTimeout(message)
airflow.exceptions.AirflowSensorTimeout: Sensor has timed out; run duration of 1027922.327114 seconds exceeds the specified timeout of 3600.0.
[2026-09-17T19:22:05.728+0200] {logging_mixin.py:190} INFO - Task instance in failure state
[2026-09-17T19:22:05.728+0200] {logging_mixin.py:190} INFO - Task start:2026-09-17 17:22:05.682347+00:00 end:2026-09-17 17:22:05.727949+00:00 duration:0.045602
[2026-09-17T19:22:05.728+0200] {logging_mixin.py:190} INFO - Task:<Task(PythonSensor): wait_for_csv> dag:<DAG: mini_riskagent_file_ingestion> dagrun:<DagRun mini_riskagent_file_ingestion @ 2026-09-05 19:49:00+00:00: scheduled__2026-09-05T19:49:00+00:00, state:running, queued_at: 2026-09-05 19:50:01.326861+00:00. externally triggered: False>
[2026-09-17T19:22:05.728+0200] {logging_mixin.py:190} INFO - Failure caused by Sensor has timed out; run duration of 1027922.327114 seconds exceeds the specified timeout of 3600.0.
[2026-09-17T19:22:05.728+0200] {taskinstance.py:1226} INFO - Immediate failure requested. Marking task as FAILED. dag_id=mini_riskagent_file_ingestion, task_id=wait_for_csv, run_id=scheduled__2026-09-05T19:49:00+00:00, execution_date=20260905T194900, start_date=20260917T172205, end_date=20260917T172205
[2026-09-17T19:22:05.732+0200] {taskinstance.py:341} INFO - ::group::Post task execution logs
[2026-09-17T19:22:05.733+0200] {standard_task_runner.py:124} ERROR - Failed to execute job 3225 for task wait_for_csv (Sensor has timed out; run duration of 1027922.327114 seconds exceeds the specified timeout of 3600.0.; 73909)
Traceback (most recent call last):
  File "/Users/swarnalidatta/Desktop/AutoQueryChatbot/.airflow-venv/lib/python3.12/site-packages/airflow/task/task_runner/standard_task_runner.py", line 117, in _start_by_fork
    ret = args.func(args, dag=self.dag)
          ^^^^^^^^^^^^^^^^^^^^^^^^^^^^^
  File "/Users/swarnalidatta/Desktop/AutoQueryChatbot/.airflow-venv/lib/python3.12/site-packages/airflow/cli/cli_config.py", line 49, in command
    return func(*args, **kwargs)
           ^^^^^^^^^^^^^^^^^^^^^
  File "/Users/swarnalidatta/Desktop/AutoQueryChatbot/.airflow-venv/lib/python3.12/site-packages/airflow/utils/cli.py", line 116, in wrapper
    return f(*args, **kwargs)
           ^^^^^^^^^^^^^^^^^^
  File "/Users/swarnalidatta/Desktop/AutoQueryChatbot/.airflow-venv/lib/python3.12/site-packages/airflow/cli/commands/task_command.py", line 483, in task_run
    task_return_code = _run_task_by_selected_method(args, _dag, ti)
                       ^^^^^^^^^^^^^^^^^^^^^^^^^^^^^^^^^^^^^^^^^^^^
  File "/Users/swarnalidatta/Desktop/AutoQueryChatbot/.airflow-venv/lib/python3.12/site-packages/airflow/cli/commands/task_command.py", line 256, in _run_task_by_selected_method
    return _run_raw_task(args, ti)
           ^^^^^^^^^^^^^^^^^^^^^^^
  File "/Users/swarnalidatta/Desktop/AutoQueryChatbot/.airflow-venv/lib/python3.12/site-packages/airflow/cli/commands/task_command.py", line 341, in _run_raw_task
    return ti._run_raw_task(
           ^^^^^^^^^^^^^^^^^
  File "/Users/swarnalidatta/Desktop/AutoQueryChatbot/.airflow-venv/lib/python3.12/site-packages/airflow/utils/session.py", line 97, in wrapper
    return func(*args, session=session, **kwargs)
           ^^^^^^^^^^^^^^^^^^^^^^^^^^^^^^^^^^^^^^
  File "/Users/swarnalidatta/Desktop/AutoQueryChatbot/.airflow-venv/lib/python3.12/site-packages/airflow/models/taskinstance.py", line 3006, in _run_raw_task
    return _run_raw_task(
           ^^^^^^^^^^^^^^
  File "/Users/swarnalidatta/Desktop/AutoQueryChatbot/.airflow-venv/lib/python3.12/site-packages/airflow/models/taskinstance.py", line 274, in _run_raw_task
    TaskInstance._execute_task_with_callbacks(
  File "/Users/swarnalidatta/Desktop/AutoQueryChatbot/.airflow-venv/lib/python3.12/site-packages/airflow/models/taskinstance.py", line 3161, in _execute_task_with_callbacks
    result = self._execute_task(context, task_orig)
             ^^^^^^^^^^^^^^^^^^^^^^^^^^^^^^^^^^^^^^
  File "/Users/swarnalidatta/Desktop/AutoQueryChatbot/.airflow-venv/lib/python3.12/site-packages/airflow/models/taskinstance.py", line 3185, in _execute_task
    return _execute_task(self, context, task_orig)
           ^^^^^^^^^^^^^^^^^^^^^^^^^^^^^^^^^^^^^^^
  File "/Users/swarnalidatta/Desktop/AutoQueryChatbot/.airflow-venv/lib/python3.12/site-packages/airflow/models/taskinstance.py", line 768, in _execute_task
    result = _execute_callable(context=context, **execute_callable_kwargs)
             ^^^^^^^^^^^^^^^^^^^^^^^^^^^^^^^^^^^^^^^^^^^^^^^^^^^^^^^^^^^^^
  File "/Users/swarnalidatta/Desktop/AutoQueryChatbot/.airflow-venv/lib/python3.12/site-packages/airflow/models/taskinstance.py", line 734, in _execute_callable
    return ExecutionCallableRunner(
           ^^^^^^^^^^^^^^^^^^^^^^^^
  File "/Users/swarnalidatta/Desktop/AutoQueryChatbot/.airflow-venv/lib/python3.12/site-packages/airflow/utils/operator_helpers.py", line 252, in run
    return self.func(*args, **kwargs)
           ^^^^^^^^^^^^^^^^^^^^^^^^^^
  File "/Users/swarnalidatta/Desktop/AutoQueryChatbot/.airflow-venv/lib/python3.12/site-packages/airflow/models/baseoperator.py", line 424, in wrapper
    return func(self, *args, **kwargs)
           ^^^^^^^^^^^^^^^^^^^^^^^^^^^
  File "/Users/swarnalidatta/Desktop/AutoQueryChatbot/.airflow-venv/lib/python3.12/site-packages/airflow/sensors/base.py", line 326, in execute
    raise AirflowSensorTimeout(message)
airflow.exceptions.AirflowSensorTimeout: Sensor has timed out; run duration of 1027922.327114 seconds exceeds the specified timeout of 3600.0.
[2026-09-17T19:22:05.748+0200] {local_task_job_runner.py:266} INFO - Task exited with return code 1
[2026-09-17T19:22:05.755+0200] {taskinstance.py:3901} INFO - 0 downstream tasks scheduled from follow-on schedule check
[2026-09-17T19:22:05.756+0200] {local_task_job_runner.py:245} INFO - ::endgroup::
