[2026-09-22T07:30:01.007+0200] {local_task_job_runner.py:123} INFO - ::group::Pre task execution logs
[2026-09-22T07:30:01.010+0200] {taskinstance.py:2614} INFO - Dependencies all met for dep_context=non-requeueable deps ti=<TaskInstance: mini_riskagent_file_ingestion.wait_for_csv scheduled__2026-09-22T05:19:00+00:00 [queued]>
[2026-09-22T07:30:01.011+0200] {taskinstance.py:2614} INFO - Dependencies all met for dep_context=requeueable deps ti=<TaskInstance: mini_riskagent_file_ingestion.wait_for_csv scheduled__2026-09-22T05:19:00+00:00 [queued]>
[2026-09-22T07:30:01.011+0200] {taskinstance.py:2867} INFO - Starting attempt 1 of 2
[2026-09-22T07:30:01.015+0200] {taskinstance.py:2890} INFO - Executing <Task(PythonSensor): wait_for_csv> on 2026-09-22 05:19:00+00:00
[2026-09-22T07:30:01.019+0200] {logging_mixin.py:190} WARNING - /Users/swarnalidatta/Desktop/AutoQueryChatbot/.airflow-venv/lib/python3.12/site-packages/airflow/task/task_runner/standard_task_runner.py:70 DeprecationWarning: This process (pid=11451) is multi-threaded, use of fork() may lead to deadlocks in the child.
[2026-09-22T07:30:01.019+0200] {standard_task_runner.py:72} INFO - Started process 11455 to run task
[2026-09-22T07:30:01.019+0200] {standard_task_runner.py:104} INFO - Running: ['airflow', 'tasks', 'run', 'mini_riskagent_file_ingestion', 'wait_for_csv', 'scheduled__2026-09-22T05:19:00+00:00', '--job-id', '4964', '--raw', '--subdir', 'DAGS_FOLDER/data_ingest_pipeline.py', '--cfg-path', '/var/folders/5p/201rr1sj03g8gksxm9x48mbh0000gn/T/tmp9mh7pbor']
[2026-09-22T07:30:01.020+0200] {standard_task_runner.py:105} INFO - Job 4964: Subtask wait_for_csv
[2026-09-22T07:30:01.033+0200] {task_command.py:467} INFO - Running <TaskInstance: mini_riskagent_file_ingestion.wait_for_csv scheduled__2026-09-22T05:19:00+00:00 [running]> on host mac.home
[2026-09-22T07:30:01.051+0200] {taskinstance.py:3134} INFO - Exporting env vars: AIRFLOW_CTX_DAG_OWNER='autoquery' AIRFLOW_CTX_DAG_ID='mini_riskagent_file_ingestion' AIRFLOW_CTX_TASK_ID='wait_for_csv' AIRFLOW_CTX_EXECUTION_DATE='2026-09-22T05:19:00+00:00' AIRFLOW_CTX_TRY_NUMBER='1' AIRFLOW_CTX_DAG_RUN_ID='scheduled__2026-09-22T05:19:00+00:00'
[2026-09-22T07:30:01.052+0200] {logging_mixin.py:190} INFO - Task instance is in running state
[2026-09-22T07:30:01.052+0200] {logging_mixin.py:190} INFO -  Previous state of the Task instance: queued
[2026-09-22T07:30:01.052+0200] {logging_mixin.py:190} INFO - Current task name:wait_for_csv state:running start_date:2026-09-22 05:30:01.010307+00:00
[2026-09-22T07:30:01.052+0200] {logging_mixin.py:190} INFO - Dag name:mini_riskagent_file_ingestion and current dag run status:running
[2026-09-22T07:30:01.053+0200] {taskinstance.py:732} INFO - ::endgroup::
[2026-09-22T07:30:01.054+0200] {python.py:75} INFO - Poking callable: <function check_for_csv_files at 0x108e86b60>
[2026-09-22T07:30:01.057+0200] {taskinstance.py:310} INFO - Rescheduling task, marking task as UP_FOR_RESCHEDULE
[2026-09-22T07:30:01.058+0200] {taskinstance.py:341} INFO - ::group::Post task execution logs
[2026-09-22T07:30:01.079+0200] {local_task_job_runner.py:266} INFO - Task exited with return code 0
[2026-09-22T07:30:01.086+0200] {taskinstance.py:3901} INFO - 0 downstream tasks scheduled from follow-on schedule check
[2026-09-22T07:30:01.086+0200] {local_task_job_runner.py:245} INFO - ::endgroup::
[2026-09-22T07:45:28.345+0200] {local_task_job_runner.py:123} INFO - ::group::Pre task execution logs
[2026-09-22T07:45:28.347+0200] {taskinstance.py:2614} INFO - Dependencies all met for dep_context=non-requeueable deps ti=<TaskInstance: mini_riskagent_file_ingestion.wait_for_csv scheduled__2026-09-22T05:19:00+00:00 [queued]>
[2026-09-22T07:45:28.349+0200] {taskinstance.py:2614} INFO - Dependencies all met for dep_context=requeueable deps ti=<TaskInstance: mini_riskagent_file_ingestion.wait_for_csv scheduled__2026-09-22T05:19:00+00:00 [queued]>
[2026-09-22T07:45:28.349+0200] {taskinstance.py:2867} INFO - Starting attempt 1 of 2
[2026-09-22T07:45:28.352+0200] {taskinstance.py:2890} INFO - Executing <Task(PythonSensor): wait_for_csv> on 2026-09-22 05:19:00+00:00
[2026-09-22T07:45:28.356+0200] {standard_task_runner.py:104} INFO - Running: ['airflow', 'tasks', 'run', 'mini_riskagent_file_ingestion', 'wait_for_csv', 'scheduled__2026-09-22T05:19:00+00:00', '--job-id', '4965', '--raw', '--subdir', 'DAGS_FOLDER/data_ingest_pipeline.py', '--cfg-path', '/var/folders/5p/201rr1sj03g8gksxm9x48mbh0000gn/T/tmppmvwwnsu']
[2026-09-22T07:45:28.356+0200] {logging_mixin.py:190} WARNING - /Users/swarnalidatta/Desktop/AutoQueryChatbot/.airflow-venv/lib/python3.12/site-packages/airflow/task/task_runner/standard_task_runner.py:70 DeprecationWarning: This process (pid=11482) is multi-threaded, use of fork() may lead to deadlocks in the child.
[2026-09-22T07:45:28.357+0200] {standard_task_runner.py:105} INFO - Job 4965: Subtask wait_for_csv
[2026-09-22T07:45:28.357+0200] {standard_task_runner.py:72} INFO - Started process 11484 to run task
[2026-09-22T07:45:28.371+0200] {task_command.py:467} INFO - Running <TaskInstance: mini_riskagent_file_ingestion.wait_for_csv scheduled__2026-09-22T05:19:00+00:00 [running]> on host mac.home
[2026-09-22T07:45:28.387+0200] {taskinstance.py:3134} INFO - Exporting env vars: AIRFLOW_CTX_DAG_OWNER='autoquery' AIRFLOW_CTX_DAG_ID='mini_riskagent_file_ingestion' AIRFLOW_CTX_TASK_ID='wait_for_csv' AIRFLOW_CTX_EXECUTION_DATE='2026-09-22T05:19:00+00:00' AIRFLOW_CTX_TRY_NUMBER='1' AIRFLOW_CTX_DAG_RUN_ID='scheduled__2026-09-22T05:19:00+00:00'
[2026-09-22T07:45:28.388+0200] {logging_mixin.py:190} INFO - Task instance is in running state
[2026-09-22T07:45:28.388+0200] {logging_mixin.py:190} INFO -  Previous state of the Task instance: queued
[2026-09-22T07:45:28.388+0200] {logging_mixin.py:190} INFO - Current task name:wait_for_csv state:running start_date:2026-09-22 05:45:28.347857+00:00
[2026-09-22T07:45:28.388+0200] {logging_mixin.py:190} INFO - Dag name:mini_riskagent_file_ingestion and current dag run status:running
[2026-09-22T07:45:28.389+0200] {taskinstance.py:732} INFO - ::endgroup::
[2026-09-22T07:45:28.390+0200] {python.py:75} INFO - Poking callable: <function check_for_csv_files at 0x10d50eb60>
[2026-09-22T07:45:28.393+0200] {taskinstance.py:310} INFO - Rescheduling task, marking task as UP_FOR_RESCHEDULE
[2026-09-22T07:45:28.394+0200] {taskinstance.py:341} INFO - ::group::Post task execution logs
[2026-09-22T07:45:28.416+0200] {local_task_job_runner.py:266} INFO - Task exited with return code 0
[2026-09-22T07:45:28.423+0200] {taskinstance.py:3901} INFO - 0 downstream tasks scheduled from follow-on schedule check
[2026-09-22T07:45:28.423+0200] {local_task_job_runner.py:245} INFO - ::endgroup::
[2026-09-22T07:46:00.903+0200] {local_task_job_runner.py:123} INFO - ::group::Pre task execution logs
[2026-09-22T07:46:00.906+0200] {taskinstance.py:2614} INFO - Dependencies all met for dep_context=non-requeueable deps ti=<TaskInstance: mini_riskagent_file_ingestion.wait_for_csv scheduled__2026-09-22T05:19:00+00:00 [queued]>
[2026-09-22T07:46:00.907+0200] {taskinstance.py:2614} INFO - Dependencies all met for dep_context=requeueable deps ti=<TaskInstance: mini_riskagent_file_ingestion.wait_for_csv scheduled__2026-09-22T05:19:00+00:00 [queued]>
[2026-09-22T07:46:00.907+0200] {taskinstance.py:2867} INFO - Starting attempt 1 of 2
[2026-09-22T07:46:00.910+0200] {taskinstance.py:2890} INFO - Executing <Task(PythonSensor): wait_for_csv> on 2026-09-22 05:19:00+00:00
[2026-09-22T07:46:00.914+0200] {logging_mixin.py:190} WARNING - /Users/swarnalidatta/Desktop/AutoQueryChatbot/.airflow-venv/lib/python3.12/site-packages/airflow/task/task_runner/standard_task_runner.py:70 DeprecationWarning: This process (pid=11496) is multi-threaded, use of fork() may lead to deadlocks in the child.
[2026-09-22T07:46:00.914+0200] {standard_task_runner.py:104} INFO - Running: ['airflow', 'tasks', 'run', 'mini_riskagent_file_ingestion', 'wait_for_csv', 'scheduled__2026-09-22T05:19:00+00:00', '--job-id', '4966', '--raw', '--subdir', 'DAGS_FOLDER/data_ingest_pipeline.py', '--cfg-path', '/var/folders/5p/201rr1sj03g8gksxm9x48mbh0000gn/T/tmp8ridnjdk']
[2026-09-22T07:46:00.915+0200] {standard_task_runner.py:72} INFO - Started process 11498 to run task
[2026-09-22T07:46:00.915+0200] {standard_task_runner.py:105} INFO - Job 4966: Subtask wait_for_csv
[2026-09-22T07:46:00.928+0200] {task_command.py:467} INFO - Running <TaskInstance: mini_riskagent_file_ingestion.wait_for_csv scheduled__2026-09-22T05:19:00+00:00 [running]> on host mac.home
[2026-09-22T07:46:00.943+0200] {taskinstance.py:3134} INFO - Exporting env vars: AIRFLOW_CTX_DAG_OWNER='autoquery' AIRFLOW_CTX_DAG_ID='mini_riskagent_file_ingestion' AIRFLOW_CTX_TASK_ID='wait_for_csv' AIRFLOW_CTX_EXECUTION_DATE='2026-09-22T05:19:00+00:00' AIRFLOW_CTX_TRY_NUMBER='1' AIRFLOW_CTX_DAG_RUN_ID='scheduled__2026-09-22T05:19:00+00:00'
[2026-09-22T07:46:00.944+0200] {logging_mixin.py:190} INFO - Task instance is in running state
[2026-09-22T07:46:00.944+0200] {logging_mixin.py:190} INFO -  Previous state of the Task instance: queued
[2026-09-22T07:46:00.944+0200] {logging_mixin.py:190} INFO - Current task name:wait_for_csv state:running start_date:2026-09-22 05:46:00.906089+00:00
[2026-09-22T07:46:00.944+0200] {logging_mixin.py:190} INFO - Dag name:mini_riskagent_file_ingestion and current dag run status:running
[2026-09-22T07:46:00.945+0200] {taskinstance.py:732} INFO - ::endgroup::
[2026-09-22T07:46:00.946+0200] {python.py:75} INFO - Poking callable: <function check_for_csv_files at 0x10d4eab60>
[2026-09-22T07:46:00.949+0200] {taskinstance.py:310} INFO - Rescheduling task, marking task as UP_FOR_RESCHEDULE
[2026-09-22T07:46:00.949+0200] {taskinstance.py:341} INFO - ::group::Post task execution logs
[2026-09-22T07:46:00.972+0200] {local_task_job_runner.py:266} INFO - Task exited with return code 0
[2026-09-22T07:46:00.978+0200] {taskinstance.py:3901} INFO - 0 downstream tasks scheduled from follow-on schedule check
[2026-09-22T07:46:00.978+0200] {local_task_job_runner.py:245} INFO - ::endgroup::
[2026-09-22T08:02:01.554+0200] {local_task_job_runner.py:123} INFO - ::group::Pre task execution logs
[2026-09-22T08:02:01.557+0200] {taskinstance.py:2614} INFO - Dependencies all met for dep_context=non-requeueable deps ti=<TaskInstance: mini_riskagent_file_ingestion.wait_for_csv scheduled__2026-09-22T05:19:00+00:00 [queued]>
[2026-09-22T08:02:01.558+0200] {taskinstance.py:2614} INFO - Dependencies all met for dep_context=requeueable deps ti=<TaskInstance: mini_riskagent_file_ingestion.wait_for_csv scheduled__2026-09-22T05:19:00+00:00 [queued]>
[2026-09-22T08:02:01.558+0200] {taskinstance.py:2867} INFO - Starting attempt 1 of 2
[2026-09-22T08:02:01.561+0200] {taskinstance.py:2890} INFO - Executing <Task(PythonSensor): wait_for_csv> on 2026-09-22 05:19:00+00:00
[2026-09-22T08:02:01.565+0200] {logging_mixin.py:190} WARNING - /Users/swarnalidatta/Desktop/AutoQueryChatbot/.airflow-venv/lib/python3.12/site-packages/airflow/task/task_runner/standard_task_runner.py:70 DeprecationWarning: This process (pid=11512) is multi-threaded, use of fork() may lead to deadlocks in the child.
[2026-09-22T08:02:01.565+0200] {standard_task_runner.py:72} INFO - Started process 11518 to run task
[2026-09-22T08:02:01.565+0200] {standard_task_runner.py:104} INFO - Running: ['airflow', 'tasks', 'run', 'mini_riskagent_file_ingestion', 'wait_for_csv', 'scheduled__2026-09-22T05:19:00+00:00', '--job-id', '4967', '--raw', '--subdir', 'DAGS_FOLDER/data_ingest_pipeline.py', '--cfg-path', '/var/folders/5p/201rr1sj03g8gksxm9x48mbh0000gn/T/tmpwljjaskj']
[2026-09-22T08:02:01.566+0200] {standard_task_runner.py:105} INFO - Job 4967: Subtask wait_for_csv
[2026-09-22T08:02:01.579+0200] {task_command.py:467} INFO - Running <TaskInstance: mini_riskagent_file_ingestion.wait_for_csv scheduled__2026-09-22T05:19:00+00:00 [running]> on host mac.home
[2026-09-22T08:02:01.595+0200] {taskinstance.py:3134} INFO - Exporting env vars: AIRFLOW_CTX_DAG_OWNER='autoquery' AIRFLOW_CTX_DAG_ID='mini_riskagent_file_ingestion' AIRFLOW_CTX_TASK_ID='wait_for_csv' AIRFLOW_CTX_EXECUTION_DATE='2026-09-22T05:19:00+00:00' AIRFLOW_CTX_TRY_NUMBER='1' AIRFLOW_CTX_DAG_RUN_ID='scheduled__2026-09-22T05:19:00+00:00'
[2026-09-22T08:02:01.595+0200] {logging_mixin.py:190} INFO - Task instance is in running state
[2026-09-22T08:02:01.595+0200] {logging_mixin.py:190} INFO -  Previous state of the Task instance: queued
[2026-09-22T08:02:01.595+0200] {logging_mixin.py:190} INFO - Current task name:wait_for_csv state:running start_date:2026-09-22 06:02:01.557183+00:00
[2026-09-22T08:02:01.596+0200] {logging_mixin.py:190} INFO - Dag name:mini_riskagent_file_ingestion and current dag run status:running
[2026-09-22T08:02:01.596+0200] {taskinstance.py:732} INFO - ::endgroup::
[2026-09-22T08:02:01.597+0200] {python.py:75} INFO - Poking callable: <function check_for_csv_files at 0x10c732b60>
[2026-09-22T08:02:01.600+0200] {taskinstance.py:310} INFO - Rescheduling task, marking task as UP_FOR_RESCHEDULE
[2026-09-22T08:02:01.600+0200] {taskinstance.py:341} INFO - ::group::Post task execution logs
[2026-09-22T08:02:01.625+0200] {local_task_job_runner.py:266} INFO - Task exited with return code 0
[2026-09-22T08:02:01.631+0200] {taskinstance.py:3901} INFO - 0 downstream tasks scheduled from follow-on schedule check
[2026-09-22T08:02:01.631+0200] {local_task_job_runner.py:245} INFO - ::endgroup::
[2026-09-22T08:18:57.116+0200] {local_task_job_runner.py:123} INFO - ::group::Pre task execution logs
[2026-09-22T08:18:57.118+0200] {taskinstance.py:2614} INFO - Dependencies all met for dep_context=non-requeueable deps ti=<TaskInstance: mini_riskagent_file_ingestion.wait_for_csv scheduled__2026-09-22T05:19:00+00:00 [queued]>
[2026-09-22T08:18:57.120+0200] {taskinstance.py:2614} INFO - Dependencies all met for dep_context=requeueable deps ti=<TaskInstance: mini_riskagent_file_ingestion.wait_for_csv scheduled__2026-09-22T05:19:00+00:00 [queued]>
[2026-09-22T08:18:57.120+0200] {taskinstance.py:2867} INFO - Starting attempt 1 of 2
[2026-09-22T08:18:57.122+0200] {taskinstance.py:2890} INFO - Executing <Task(PythonSensor): wait_for_csv> on 2026-09-22 05:19:00+00:00
[2026-09-22T08:18:57.127+0200] {logging_mixin.py:190} WARNING - /Users/swarnalidatta/Desktop/AutoQueryChatbot/.airflow-venv/lib/python3.12/site-packages/airflow/task/task_runner/standard_task_runner.py:70 DeprecationWarning: This process (pid=11532) is multi-threaded, use of fork() may lead to deadlocks in the child.
[2026-09-22T08:18:57.127+0200] {standard_task_runner.py:72} INFO - Started process 11534 to run task
[2026-09-22T08:18:57.126+0200] {standard_task_runner.py:104} INFO - Running: ['airflow', 'tasks', 'run', 'mini_riskagent_file_ingestion', 'wait_for_csv', 'scheduled__2026-09-22T05:19:00+00:00', '--job-id', '4968', '--raw', '--subdir', 'DAGS_FOLDER/data_ingest_pipeline.py', '--cfg-path', '/var/folders/5p/201rr1sj03g8gksxm9x48mbh0000gn/T/tmpkg04hnx0']
[2026-09-22T08:18:57.127+0200] {standard_task_runner.py:105} INFO - Job 4968: Subtask wait_for_csv
[2026-09-22T08:18:57.140+0200] {task_command.py:467} INFO - Running <TaskInstance: mini_riskagent_file_ingestion.wait_for_csv scheduled__2026-09-22T05:19:00+00:00 [running]> on host mac.home
[2026-09-22T08:18:57.157+0200] {taskinstance.py:3134} INFO - Exporting env vars: AIRFLOW_CTX_DAG_OWNER='autoquery' AIRFLOW_CTX_DAG_ID='mini_riskagent_file_ingestion' AIRFLOW_CTX_TASK_ID='wait_for_csv' AIRFLOW_CTX_EXECUTION_DATE='2026-09-22T05:19:00+00:00' AIRFLOW_CTX_TRY_NUMBER='1' AIRFLOW_CTX_DAG_RUN_ID='scheduled__2026-09-22T05:19:00+00:00'
[2026-09-22T08:18:57.157+0200] {logging_mixin.py:190} INFO - Task instance is in running state
[2026-09-22T08:18:57.157+0200] {logging_mixin.py:190} INFO -  Previous state of the Task instance: queued
[2026-09-22T08:18:57.158+0200] {logging_mixin.py:190} INFO - Current task name:wait_for_csv state:running start_date:2026-09-22 06:18:57.118806+00:00
[2026-09-22T08:18:57.158+0200] {logging_mixin.py:190} INFO - Dag name:mini_riskagent_file_ingestion and current dag run status:running
[2026-09-22T08:18:57.158+0200] {taskinstance.py:732} INFO - ::endgroup::
[2026-09-22T08:18:57.159+0200] {python.py:75} INFO - Poking callable: <function check_for_csv_files at 0x10d826b60>
[2026-09-22T08:18:57.162+0200] {taskinstance.py:310} INFO - Rescheduling task, marking task as UP_FOR_RESCHEDULE
[2026-09-22T08:18:57.162+0200] {taskinstance.py:341} INFO - ::group::Post task execution logs
[2026-09-22T08:18:57.186+0200] {local_task_job_runner.py:266} INFO - Task exited with return code 0
[2026-09-22T08:18:57.192+0200] {taskinstance.py:3901} INFO - 0 downstream tasks scheduled from follow-on schedule check
[2026-09-22T08:18:57.193+0200] {local_task_job_runner.py:245} INFO - ::endgroup::
[2026-09-22T08:28:17.919+0200] {local_task_job_runner.py:123} INFO - ::group::Pre task execution logs
[2026-09-22T08:28:17.922+0200] {taskinstance.py:2614} INFO - Dependencies all met for dep_context=non-requeueable deps ti=<TaskInstance: mini_riskagent_file_ingestion.wait_for_csv scheduled__2026-09-22T05:19:00+00:00 [queued]>
[2026-09-22T08:28:17.923+0200] {taskinstance.py:2614} INFO - Dependencies all met for dep_context=requeueable deps ti=<TaskInstance: mini_riskagent_file_ingestion.wait_for_csv scheduled__2026-09-22T05:19:00+00:00 [queued]>
[2026-09-22T08:28:17.923+0200] {taskinstance.py:2867} INFO - Starting attempt 1 of 2
[2026-09-22T08:28:17.926+0200] {taskinstance.py:2890} INFO - Executing <Task(PythonSensor): wait_for_csv> on 2026-09-22 05:19:00+00:00
[2026-09-22T08:28:17.931+0200] {logging_mixin.py:190} WARNING - /Users/swarnalidatta/Desktop/AutoQueryChatbot/.airflow-venv/lib/python3.12/site-packages/airflow/task/task_runner/standard_task_runner.py:70 DeprecationWarning: This process (pid=11548) is multi-threaded, use of fork() may lead to deadlocks in the child.
[2026-09-22T08:28:17.931+0200] {standard_task_runner.py:72} INFO - Started process 11550 to run task
[2026-09-22T08:28:17.931+0200] {standard_task_runner.py:104} INFO - Running: ['airflow', 'tasks', 'run', 'mini_riskagent_file_ingestion', 'wait_for_csv', 'scheduled__2026-09-22T05:19:00+00:00', '--job-id', '4969', '--raw', '--subdir', 'DAGS_FOLDER/data_ingest_pipeline.py', '--cfg-path', '/var/folders/5p/201rr1sj03g8gksxm9x48mbh0000gn/T/tmpkyo87gre']
[2026-09-22T08:28:17.931+0200] {standard_task_runner.py:105} INFO - Job 4969: Subtask wait_for_csv
[2026-09-22T08:28:17.945+0200] {task_command.py:467} INFO - Running <TaskInstance: mini_riskagent_file_ingestion.wait_for_csv scheduled__2026-09-22T05:19:00+00:00 [running]> on host mac.home
[2026-09-22T08:28:17.960+0200] {taskinstance.py:3134} INFO - Exporting env vars: AIRFLOW_CTX_DAG_OWNER='autoquery' AIRFLOW_CTX_DAG_ID='mini_riskagent_file_ingestion' AIRFLOW_CTX_TASK_ID='wait_for_csv' AIRFLOW_CTX_EXECUTION_DATE='2026-09-22T05:19:00+00:00' AIRFLOW_CTX_TRY_NUMBER='1' AIRFLOW_CTX_DAG_RUN_ID='scheduled__2026-09-22T05:19:00+00:00'
[2026-09-22T08:28:17.961+0200] {logging_mixin.py:190} INFO - Task instance is in running state
[2026-09-22T08:28:17.961+0200] {logging_mixin.py:190} INFO -  Previous state of the Task instance: queued
[2026-09-22T08:28:17.961+0200] {logging_mixin.py:190} INFO - Current task name:wait_for_csv state:running start_date:2026-09-22 06:28:17.922449+00:00
[2026-09-22T08:28:17.961+0200] {logging_mixin.py:190} INFO - Dag name:mini_riskagent_file_ingestion and current dag run status:running
[2026-09-22T08:28:17.962+0200] {taskinstance.py:732} INFO - ::endgroup::
[2026-09-22T08:28:17.963+0200] {python.py:75} INFO - Poking callable: <function check_for_csv_files at 0x10a9b6b60>
[2026-09-22T08:28:17.966+0200] {taskinstance.py:310} INFO - Rescheduling task, marking task as UP_FOR_RESCHEDULE
[2026-09-22T08:28:17.966+0200] {taskinstance.py:341} INFO - ::group::Post task execution logs
[2026-09-22T08:28:17.990+0200] {local_task_job_runner.py:266} INFO - Task exited with return code 0
[2026-09-22T08:28:17.998+0200] {taskinstance.py:3901} INFO - 0 downstream tasks scheduled from follow-on schedule check
[2026-09-22T08:28:17.998+0200] {local_task_job_runner.py:245} INFO - ::endgroup::
[2026-09-22T08:45:26.446+0200] {local_task_job_runner.py:123} INFO - ::group::Pre task execution logs
[2026-09-22T08:45:26.448+0200] {taskinstance.py:2614} INFO - Dependencies all met for dep_context=non-requeueable deps ti=<TaskInstance: mini_riskagent_file_ingestion.wait_for_csv scheduled__2026-09-22T05:19:00+00:00 [queued]>
[2026-09-22T08:45:26.450+0200] {taskinstance.py:2614} INFO - Dependencies all met for dep_context=requeueable deps ti=<TaskInstance: mini_riskagent_file_ingestion.wait_for_csv scheduled__2026-09-22T05:19:00+00:00 [queued]>
[2026-09-22T08:45:26.450+0200] {taskinstance.py:2867} INFO - Starting attempt 1 of 2
[2026-09-22T08:45:26.452+0200] {taskinstance.py:2890} INFO - Executing <Task(PythonSensor): wait_for_csv> on 2026-09-22 05:19:00+00:00
[2026-09-22T08:45:26.457+0200] {logging_mixin.py:190} WARNING - /Users/swarnalidatta/Desktop/AutoQueryChatbot/.airflow-venv/lib/python3.12/site-packages/airflow/task/task_runner/standard_task_runner.py:70 DeprecationWarning: This process (pid=11581) is multi-threaded, use of fork() may lead to deadlocks in the child.
[2026-09-22T08:45:26.457+0200] {standard_task_runner.py:72} INFO - Started process 11583 to run task
[2026-09-22T08:45:26.456+0200] {standard_task_runner.py:104} INFO - Running: ['airflow', 'tasks', 'run', 'mini_riskagent_file_ingestion', 'wait_for_csv', 'scheduled__2026-09-22T05:19:00+00:00', '--job-id', '4970', '--raw', '--subdir', 'DAGS_FOLDER/data_ingest_pipeline.py', '--cfg-path', '/var/folders/5p/201rr1sj03g8gksxm9x48mbh0000gn/T/tmp6yh7adak']
[2026-09-22T08:45:26.457+0200] {standard_task_runner.py:105} INFO - Job 4970: Subtask wait_for_csv
[2026-09-22T08:45:26.474+0200] {task_command.py:467} INFO - Running <TaskInstance: mini_riskagent_file_ingestion.wait_for_csv scheduled__2026-09-22T05:19:00+00:00 [running]> on host mac.home
[2026-09-22T08:45:26.489+0200] {taskinstance.py:3134} INFO - Exporting env vars: AIRFLOW_CTX_DAG_OWNER='autoquery' AIRFLOW_CTX_DAG_ID='mini_riskagent_file_ingestion' AIRFLOW_CTX_TASK_ID='wait_for_csv' AIRFLOW_CTX_EXECUTION_DATE='2026-09-22T05:19:00+00:00' AIRFLOW_CTX_TRY_NUMBER='1' AIRFLOW_CTX_DAG_RUN_ID='scheduled__2026-09-22T05:19:00+00:00'
[2026-09-22T08:45:26.489+0200] {logging_mixin.py:190} INFO - Task instance is in running state
[2026-09-22T08:45:26.490+0200] {logging_mixin.py:190} INFO -  Previous state of the Task instance: queued
[2026-09-22T08:45:26.490+0200] {logging_mixin.py:190} INFO - Current task name:wait_for_csv state:running start_date:2026-09-22 06:45:26.448818+00:00
[2026-09-22T08:45:26.490+0200] {logging_mixin.py:190} INFO - Dag name:mini_riskagent_file_ingestion and current dag run status:running
[2026-09-22T08:45:26.490+0200] {taskinstance.py:732} INFO - ::endgroup::
[2026-09-22T08:45:26.491+0200] {python.py:75} INFO - Poking callable: <function check_for_csv_files at 0x10d826b60>
[2026-09-22T08:45:26.492+0200] {taskinstance.py:3313} ERROR - Task failed with exception
Traceback (most recent call last):
  File "/Users/swarnalidatta/Desktop/AutoQueryChatbot/.airflow-venv/lib/python3.12/site-packages/airflow/models/taskinstance.py", line 768, in _execute_task
    result = _execute_callable(context=context, **execute_callable_kwargs)
             ^^^^^^^^^^^^^^^^^^^^^^^^^^^^^^^^^^^^^^^^^^^^^^^^^^^^^^^^^^^^^
  File "/Users/swarnalidatta/Desktop/AutoQueryChatbot/.airflow-venv/lib/python3.12/site-packages/airflow/models/taskinstance.py", line 734, in _execute_callable
    return ExecutionCallableRunner(
           ^^^^^^^^^^^^^^^^^^^^^^^^
  File "/Users/swarnalidatta/Desktop/AutoQueryChatbot/.airflow-venv/lib/python3.12/site-packages/airflow/utils/operator_helpers.py", line 252, in run
    return self.func(*args, **kwargs)
           ^^^^^^^^^^^^^^^^^^^^^^^^^^
  File "/Users/swarnalidatta/Desktop/AutoQueryChatbot/.airflow-venv/lib/python3.12/site-packages/airflow/models/baseoperator.py", line 424, in wrapper
    return func(self, *args, **kwargs)
           ^^^^^^^^^^^^^^^^^^^^^^^^^^^
  File "/Users/swarnalidatta/Desktop/AutoQueryChatbot/.airflow-venv/lib/python3.12/site-packages/airflow/sensors/base.py", line 326, in execute
    raise AirflowSensorTimeout(message)
airflow.exceptions.AirflowSensorTimeout: Sensor has timed out; run duration of 4525.452914 seconds exceeds the specified timeout of 3600.0.
[2026-09-22T08:45:26.493+0200] {logging_mixin.py:190} INFO - Task instance in failure state
[2026-09-22T08:45:26.493+0200] {logging_mixin.py:190} INFO - Task start:2026-09-22 06:45:26.448818+00:00 end:2026-09-22 06:45:26.493645+00:00 duration:0.044827
[2026-09-22T08:45:26.494+0200] {logging_mixin.py:190} INFO - Task:<Task(PythonSensor): wait_for_csv> dag:<DAG: mini_riskagent_file_ingestion> dagrun:<DagRun mini_riskagent_file_ingestion @ 2026-09-22 05:19:00+00:00: scheduled__2026-09-22T05:19:00+00:00, state:running, queued_at: 2026-09-22 05:20:07.246965+00:00. externally triggered: False>
[2026-09-22T08:45:26.494+0200] {logging_mixin.py:190} INFO - Failure caused by Sensor has timed out; run duration of 4525.452914 seconds exceeds the specified timeout of 3600.0.
[2026-09-22T08:45:26.494+0200] {taskinstance.py:1226} INFO - Immediate failure requested. Marking task as FAILED. dag_id=mini_riskagent_file_ingestion, task_id=wait_for_csv, run_id=scheduled__2026-09-22T05:19:00+00:00, execution_date=20260922T051900, start_date=20260922T064526, end_date=20260922T064526
[2026-09-22T08:45:26.498+0200] {taskinstance.py:341} INFO - ::group::Post task execution logs
[2026-09-22T08:45:26.498+0200] {standard_task_runner.py:124} ERROR - Failed to execute job 4970 for task wait_for_csv (Sensor has timed out; run duration of 4525.452914 seconds exceeds the specified timeout of 3600.0.; 11583)
Traceback (most recent call last):
  File "/Users/swarnalidatta/Desktop/AutoQueryChatbot/.airflow-venv/lib/python3.12/site-packages/airflow/task/task_runner/standard_task_runner.py", line 117, in _start_by_fork
    ret = args.func(args, dag=self.dag)
          ^^^^^^^^^^^^^^^^^^^^^^^^^^^^^
  File "/Users/swarnalidatta/Desktop/AutoQueryChatbot/.airflow-venv/lib/python3.12/site-packages/airflow/cli/cli_config.py", line 49, in command
    return func(*args, **kwargs)
           ^^^^^^^^^^^^^^^^^^^^^
  File "/Users/swarnalidatta/Desktop/AutoQueryChatbot/.airflow-venv/lib/python3.12/site-packages/airflow/utils/cli.py", line 116, in wrapper
    return f(*args, **kwargs)
           ^^^^^^^^^^^^^^^^^^
  File "/Users/swarnalidatta/Desktop/AutoQueryChatbot/.airflow-venv/lib/python3.12/site-packages/airflow/cli/commands/task_command.py", line 483, in task_run
    task_return_code = _run_task_by_selected_method(args, _dag, ti)
                       ^^^^^^^^^^^^^^^^^^^^^^^^^^^^^^^^^^^^^^^^^^^^
  File "/Users/swarnalidatta/Desktop/AutoQueryChatbot/.airflow-venv/lib/python3.12/site-packages/airflow/cli/commands/task_command.py", line 256, in _run_task_by_selected_method
    return _run_raw_task(args, ti)
           ^^^^^^^^^^^^^^^^^^^^^^^
  File "/Users/swarnalidatta/Desktop/AutoQueryChatbot/.airflow-venv/lib/python3.12/site-packages/airflow/cli/commands/task_command.py", line 341, in _run_raw_task
    return ti._run_raw_task(
           ^^^^^^^^^^^^^^^^^
  File "/Users/swarnalidatta/Desktop/AutoQueryChatbot/.airflow-venv/lib/python3.12/site-packages/airflow/utils/session.py", line 97, in wrapper
    return func(*args, session=session, **kwargs)
           ^^^^^^^^^^^^^^^^^^^^^^^^^^^^^^^^^^^^^^
  File "/Users/swarnalidatta/Desktop/AutoQueryChatbot/.airflow-venv/lib/python3.12/site-packages/airflow/models/taskinstance.py", line 3006, in _run_raw_task
    return _run_raw_task(
           ^^^^^^^^^^^^^^
  File "/Users/swarnalidatta/Desktop/AutoQueryChatbot/.airflow-venv/lib/python3.12/site-packages/airflow/models/taskinstance.py", line 274, in _run_raw_task
    TaskInstance._execute_task_with_callbacks(
  File "/Users/swarnalidatta/Desktop/AutoQueryChatbot/.airflow-venv/lib/python3.12/site-packages/airflow/models/taskinstance.py", line 3161, in _execute_task_with_callbacks
    result = self._execute_task(context, task_orig)
             ^^^^^^^^^^^^^^^^^^^^^^^^^^^^^^^^^^^^^^
  File "/Users/swarnalidatta/Desktop/AutoQueryChatbot/.airflow-venv/lib/python3.12/site-packages/airflow/models/taskinstance.py", line 3185, in _execute_task
    return _execute_task(self, context, task_orig)
           ^^^^^^^^^^^^^^^^^^^^^^^^^^^^^^^^^^^^^^^
  File "/Users/swarnalidatta/Desktop/AutoQueryChatbot/.airflow-venv/lib/python3.12/site-packages/airflow/models/taskinstance.py", line 768, in _execute_task
    result = _execute_callable(context=context, **execute_callable_kwargs)
             ^^^^^^^^^^^^^^^^^^^^^^^^^^^^^^^^^^^^^^^^^^^^^^^^^^^^^^^^^^^^^
  File "/Users/swarnalidatta/Desktop/AutoQueryChatbot/.airflow-venv/lib/python3.12/site-packages/airflow/models/taskinstance.py", line 734, in _execute_callable
    return ExecutionCallableRunner(
           ^^^^^^^^^^^^^^^^^^^^^^^^
  File "/Users/swarnalidatta/Desktop/AutoQueryChatbot/.airflow-venv/lib/python3.12/site-packages/airflow/utils/operator_helpers.py", line 252, in run
    return self.func(*args, **kwargs)
           ^^^^^^^^^^^^^^^^^^^^^^^^^^
  File "/Users/swarnalidatta/Desktop/AutoQueryChatbot/.airflow-venv/lib/python3.12/site-packages/airflow/models/baseoperator.py", line 424, in wrapper
    return func(self, *args, **kwargs)
           ^^^^^^^^^^^^^^^^^^^^^^^^^^^
  File "/Users/swarnalidatta/Desktop/AutoQueryChatbot/.airflow-venv/lib/python3.12/site-packages/airflow/sensors/base.py", line 326, in execute
    raise AirflowSensorTimeout(message)
airflow.exceptions.AirflowSensorTimeout: Sensor has timed out; run duration of 4525.452914 seconds exceeds the specified timeout of 3600.0.
[2026-09-22T08:45:26.516+0200] {local_task_job_runner.py:266} INFO - Task exited with return code 1
[2026-09-22T08:45:26.523+0200] {taskinstance.py:3901} INFO - 0 downstream tasks scheduled from follow-on schedule check
[2026-09-22T08:45:26.524+0200] {local_task_job_runner.py:245} INFO - ::endgroup::
