[2026-09-05T20:29:08.976+0200] {local_task_job_runner.py:123} INFO - ::group::Pre task execution logs
[2026-09-05T20:29:08.980+0200] {taskinstance.py:2614} INFO - Dependencies all met for dep_context=non-requeueable deps ti=<TaskInstance: mini_riskagent_file_ingestion.run_dbt_target_models manual__2026-09-05T18:27:03.008044+00:00 [queued]>
[2026-09-05T20:29:08.982+0200] {taskinstance.py:2614} INFO - Dependencies all met for dep_context=requeueable deps ti=<TaskInstance: mini_riskagent_file_ingestion.run_dbt_target_models manual__2026-09-05T18:27:03.008044+00:00 [queued]>
[2026-09-05T20:29:08.982+0200] {taskinstance.py:2867} INFO - Starting attempt 1 of 2
[2026-09-05T20:29:08.985+0200] {taskinstance.py:2890} INFO - Executing <Task(BashOperator): run_dbt_target_models> on 2026-09-05 18:27:03.008044+00:00
[2026-09-05T20:29:08.989+0200] {standard_task_runner.py:104} INFO - Running: ['airflow', 'tasks', 'run', 'mini_riskagent_file_ingestion', 'run_dbt_target_models', 'manual__2026-09-05T18:27:03.008044+00:00', '--job-id', '2771', '--raw', '--subdir', 'DAGS_FOLDER/data_ingest_pipeline.py', '--cfg-path', '/var/folders/5p/201rr1sj03g8gksxm9x48mbh0000gn/T/tmp1ev6pf41']
[2026-09-05T20:29:08.990+0200] {standard_task_runner.py:105} INFO - Job 2771: Subtask run_dbt_target_models
[2026-09-05T20:29:08.990+0200] {logging_mixin.py:190} WARNING - /Users/swarnalidatta/Desktop/AutoQueryChatbot/.airflow-venv/lib/python3.12/site-packages/airflow/task/task_runner/standard_task_runner.py:70 DeprecationWarning: This process (pid=47559) is multi-threaded, use of fork() may lead to deadlocks in the child.
[2026-09-05T20:29:08.990+0200] {standard_task_runner.py:72} INFO - Started process 47561 to run task
[2026-09-05T20:29:09.002+0200] {task_command.py:467} INFO - Running <TaskInstance: mini_riskagent_file_ingestion.run_dbt_target_models manual__2026-09-05T18:27:03.008044+00:00 [running]> on host mac.home
[2026-09-05T20:29:09.018+0200] {taskinstance.py:3134} INFO - Exporting env vars: AIRFLOW_CTX_DAG_OWNER='autoquery' AIRFLOW_CTX_DAG_ID='mini_riskagent_file_ingestion' AIRFLOW_CTX_TASK_ID='run_dbt_target_models' AIRFLOW_CTX_EXECUTION_DATE='2026-09-05T18:27:03.008044+00:00' AIRFLOW_CTX_TRY_NUMBER='1' AIRFLOW_CTX_DAG_RUN_ID='manual__2026-09-05T18:27:03.008044+00:00'
[2026-09-05T20:29:09.019+0200] {logging_mixin.py:190} INFO - Task instance is in running state
[2026-09-05T20:29:09.019+0200] {logging_mixin.py:190} INFO -  Previous state of the Task instance: queued
[2026-09-05T20:29:09.019+0200] {logging_mixin.py:190} INFO - Current task name:run_dbt_target_models state:running start_date:2026-09-05 18:29:08.980369+00:00
[2026-09-05T20:29:09.019+0200] {logging_mixin.py:190} INFO - Dag name:mini_riskagent_file_ingestion and current dag run status:running
[2026-09-05T20:29:09.019+0200] {taskinstance.py:732} INFO - ::endgroup::
[2026-09-05T20:29:09.020+0200] {subprocess.py:78} INFO - Tmp dir root location: /var/folders/5p/201rr1sj03g8gksxm9x48mbh0000gn/T
[2026-09-05T20:29:09.020+0200] {subprocess.py:88} INFO - Running command: ['/bin/bash', '-c', '/Users/swarnalidatta/Desktop/AutoQueryChatbot/.airflow-venv/bin/dbt run --project-dir /Users/swarnalidatta/Desktop/AutoQueryChatbot/dbt --profiles-dir /Users/swarnalidatta/.dbt --select path:models/target']
[2026-09-05T20:29:09.023+0200] {subprocess.py:99} INFO - Output:
[2026-09-05T20:29:09.701+0200] {subprocess.py:106} INFO - [0m18:29:09  Running with dbt=1.12.3
[2026-09-05T20:29:09.818+0200] {subprocess.py:106} INFO - [0m18:29:09  Registered adapter: duckdb=1.11.0
[2026-09-05T20:29:10.028+0200] {subprocess.py:106} INFO - [0m18:29:10  Found 6 models, 3 snapshots, 3 sources, 500 macros
[2026-09-05T20:29:10.029+0200] {subprocess.py:106} INFO - [0m18:29:10
[2026-09-05T20:29:10.030+0200] {subprocess.py:106} INFO - [0m18:29:10  Concurrency: 1 threads (target='dev')
[2026-09-05T20:29:10.030+0200] {subprocess.py:106} INFO - [0m18:29:10
[2026-09-05T20:29:10.072+0200] {subprocess.py:106} INFO - [0m18:29:10  1 of 3 START sql table model main.account_dim .................................. [RUN]
[2026-09-05T20:29:10.116+0200] {subprocess.py:106} INFO - [0m18:29:10  1 of 3 OK created sql table model main.account_dim ............................. [[32mOK[0m in 0.04s]
[2026-09-05T20:29:10.116+0200] {subprocess.py:106} INFO - [0m18:29:10  2 of 3 START sql table model main.customer_dim ................................. [RUN]
[2026-09-05T20:29:10.126+0200] {subprocess.py:106} INFO - [0m18:29:10  2 of 3 OK created sql table model main.customer_dim ............................ [[32mOK[0m in 0.01s]
[2026-09-05T20:29:10.126+0200] {subprocess.py:106} INFO - [0m18:29:10  3 of 3 START sql table model main.transaction_fact ............................. [RUN]
[2026-09-05T20:29:10.136+0200] {subprocess.py:106} INFO - [0m18:29:10  3 of 3 OK created sql table model main.transaction_fact ........................ [[32mOK[0m in 0.01s]
[2026-09-05T20:29:10.138+0200] {subprocess.py:106} INFO - [0m18:29:10
[2026-09-05T20:29:10.138+0200] {subprocess.py:106} INFO - [0m18:29:10  Finished running 3 table models in 0 hours 0 minutes and 0.11 seconds (0.11s).
[2026-09-05T20:29:10.159+0200] {subprocess.py:106} INFO - [0m18:29:10
[2026-09-05T20:29:10.159+0200] {subprocess.py:106} INFO - [0m18:29:10  [32mCompleted successfully[0m
[2026-09-05T20:29:10.159+0200] {subprocess.py:106} INFO - [0m18:29:10
[2026-09-05T20:29:10.160+0200] {subprocess.py:106} INFO - [0m18:29:10  Done. PASS=3 WARN=0 ERROR=0 SKIP=0 NO-OP=0 REUSED=0 TOTAL=3
[2026-09-05T20:29:10.756+0200] {subprocess.py:110} INFO - Command exited with return code 0
[2026-09-05T20:29:10.763+0200] {taskinstance.py:341} INFO - ::group::Post task execution logs
[2026-09-05T20:29:10.763+0200] {taskinstance.py:353} INFO - Marking task as SUCCESS. dag_id=mini_riskagent_file_ingestion, task_id=run_dbt_target_models, run_id=manual__2026-09-05T18:27:03.008044+00:00, execution_date=20260905T182703, start_date=20260905T182908, end_date=20260905T182910
[2026-09-05T20:29:10.767+0200] {logging_mixin.py:190} INFO - Task instance in success state
[2026-09-05T20:29:10.767+0200] {logging_mixin.py:190} INFO -  Previous state of the Task instance: running
[2026-09-05T20:29:10.768+0200] {logging_mixin.py:190} INFO - Dag name:mini_riskagent_file_ingestion queued_at:2026-09-05 18:27:03.013905+00:00
[2026-09-05T20:29:10.768+0200] {logging_mixin.py:190} INFO - Task hostname:mac.home operator:BashOperator
[2026-09-05T20:29:10.810+0200] {local_task_job_runner.py:266} INFO - Task exited with return code 0
[2026-09-05T20:29:10.815+0200] {taskinstance.py:3901} INFO - 0 downstream tasks scheduled from follow-on schedule check
[2026-09-05T20:29:10.815+0200] {local_task_job_runner.py:245} INFO - ::endgroup::
