[2026-09-17T19:23:41.572+0200] {processor.py:186} INFO - Started process (PID=74434) to work on /Users/swarnalidatta/Desktop/AutoQueryChatbot/.airflow-venv/lib/python3.12/site-packages/airflow/example_dags/example_bash_decorator.py
[2026-09-17T19:23:41.572+0200] {processor.py:914} INFO - Processing file /Users/swarnalidatta/Desktop/AutoQueryChatbot/.airflow-venv/lib/python3.12/site-packages/airflow/example_dags/example_bash_decorator.py for tasks to queue
[2026-09-17T19:23:41.572+0200] {logging_mixin.py:190} INFO - [2026-09-17T19:23:41.572+0200] {dagbag.py:588} INFO - Filling up the DagBag from /Users/swarnalidatta/Desktop/AutoQueryChatbot/.airflow-venv/lib/python3.12/site-packages/airflow/example_dags/example_bash_decorator.py
[2026-09-17T19:23:41.587+0200] {processor.py:925} INFO - DAG(s) 'example_bash_decorator' retrieved from /Users/swarnalidatta/Desktop/AutoQueryChatbot/.airflow-venv/lib/python3.12/site-packages/airflow/example_dags/example_bash_decorator.py
[2026-09-17T19:23:41.666+0200] {logging_mixin.py:190} INFO - [2026-09-17T19:23:41.666+0200] {dag.py:3239} INFO - Sync 1 DAGs
[2026-09-17T19:23:41.669+0200] {logging_mixin.py:190} INFO - [2026-09-17T19:23:41.669+0200] {dag.py:4180} INFO - Setting next_dagrun for example_bash_decorator to None, run_after=None
[2026-09-17T19:23:41.674+0200] {processor.py:208} INFO - Processing /Users/swarnalidatta/Desktop/AutoQueryChatbot/.airflow-venv/lib/python3.12/site-packages/airflow/example_dags/example_bash_decorator.py took 0.103 seconds
[2026-09-17T19:25:58.585+0200] {processor.py:186} INFO - Started process (PID=74809) to work on /Users/swarnalidatta/Desktop/AutoQueryChatbot/.airflow-venv/lib/python3.12/site-packages/airflow/example_dags/example_bash_decorator.py
[2026-09-17T19:25:58.585+0200] {processor.py:914} INFO - Processing file /Users/swarnalidatta/Desktop/AutoQueryChatbot/.airflow-venv/lib/python3.12/site-packages/airflow/example_dags/example_bash_decorator.py for tasks to queue
[2026-09-17T19:25:58.586+0200] {logging_mixin.py:190} INFO - [2026-09-17T19:25:58.585+0200] {dagbag.py:588} INFO - Filling up the DagBag from /Users/swarnalidatta/Desktop/AutoQueryChatbot/.airflow-venv/lib/python3.12/site-packages/airflow/example_dags/example_bash_decorator.py
[2026-09-17T19:25:58.599+0200] {processor.py:925} INFO - DAG(s) 'example_bash_decorator' retrieved from /Users/swarnalidatta/Desktop/AutoQueryChatbot/.airflow-venv/lib/python3.12/site-packages/airflow/example_dags/example_bash_decorator.py
[2026-09-17T19:25:58.673+0200] {logging_mixin.py:190} INFO - [2026-09-17T19:25:58.672+0200] {dag.py:3239} INFO - Sync 1 DAGs
[2026-09-17T19:25:58.675+0200] {logging_mixin.py:190} INFO - [2026-09-17T19:25:58.675+0200] {dag.py:4180} INFO - Setting next_dagrun for example_bash_decorator to None, run_after=None
[2026-09-17T19:25:58.680+0200] {processor.py:208} INFO - Processing /Users/swarnalidatta/Desktop/AutoQueryChatbot/.airflow-venv/lib/python3.12/site-packages/airflow/example_dags/example_bash_decorator.py took 0.097 seconds
[2026-09-17T19:28:10.841+0200] {processor.py:186} INFO - Started process (PID=75186) to work on /Users/swarnalidatta/Desktop/AutoQueryChatbot/.airflow-venv/lib/python3.12/site-packages/airflow/example_dags/example_bash_decorator.py
[2026-09-17T19:28:10.842+0200] {processor.py:914} INFO - Processing file /Users/swarnalidatta/Desktop/AutoQueryChatbot/.airflow-venv/lib/python3.12/site-packages/airflow/example_dags/example_bash_decorator.py for tasks to queue
[2026-09-17T19:28:10.842+0200] {logging_mixin.py:190} INFO - [2026-09-17T19:28:10.842+0200] {dagbag.py:588} INFO - Filling up the DagBag from /Users/swarnalidatta/Desktop/AutoQueryChatbot/.airflow-venv/lib/python3.12/site-packages/airflow/example_dags/example_bash_decorator.py
[2026-09-17T19:28:10.856+0200] {processor.py:925} INFO - DAG(s) 'example_bash_decorator' retrieved from /Users/swarnalidatta/Desktop/AutoQueryChatbot/.airflow-venv/lib/python3.12/site-packages/airflow/example_dags/example_bash_decorator.py
[2026-09-17T19:28:10.931+0200] {logging_mixin.py:190} INFO - [2026-09-17T19:28:10.931+0200] {dag.py:3239} INFO - Sync 1 DAGs
[2026-09-17T19:28:10.934+0200] {logging_mixin.py:190} INFO - [2026-09-17T19:28:10.934+0200] {dag.py:4180} INFO - Setting next_dagrun for example_bash_decorator to None, run_after=None
[2026-09-17T19:28:10.939+0200] {processor.py:208} INFO - Processing /Users/swarnalidatta/Desktop/AutoQueryChatbot/.airflow-venv/lib/python3.12/site-packages/airflow/example_dags/example_bash_decorator.py took 0.099 seconds
[2026-09-17T19:30:33.228+0200] {processor.py:186} INFO - Started process (PID=75605) to work on /Users/swarnalidatta/Desktop/AutoQueryChatbot/.airflow-venv/lib/python3.12/site-packages/airflow/example_dags/example_bash_decorator.py
[2026-09-17T19:30:33.228+0200] {processor.py:914} INFO - Processing file /Users/swarnalidatta/Desktop/AutoQueryChatbot/.airflow-venv/lib/python3.12/site-packages/airflow/example_dags/example_bash_decorator.py for tasks to queue
[2026-09-17T19:30:33.228+0200] {logging_mixin.py:190} INFO - [2026-09-17T19:30:33.228+0200] {dagbag.py:588} INFO - Filling up the DagBag from /Users/swarnalidatta/Desktop/AutoQueryChatbot/.airflow-venv/lib/python3.12/site-packages/airflow/example_dags/example_bash_decorator.py
[2026-09-17T19:30:33.242+0200] {processor.py:925} INFO - DAG(s) 'example_bash_decorator' retrieved from /Users/swarnalidatta/Desktop/AutoQueryChatbot/.airflow-venv/lib/python3.12/site-packages/airflow/example_dags/example_bash_decorator.py
[2026-09-17T19:30:33.317+0200] {logging_mixin.py:190} INFO - [2026-09-17T19:30:33.317+0200] {dag.py:3239} INFO - Sync 1 DAGs
[2026-09-17T19:30:33.319+0200] {logging_mixin.py:190} INFO - [2026-09-17T19:30:33.319+0200] {dag.py:4180} INFO - Setting next_dagrun for example_bash_decorator to None, run_after=None
[2026-09-17T19:30:33.325+0200] {processor.py:208} INFO - Processing /Users/swarnalidatta/Desktop/AutoQueryChatbot/.airflow-venv/lib/python3.12/site-packages/airflow/example_dags/example_bash_decorator.py took 0.098 seconds
[2026-09-17T19:32:58.004+0200] {processor.py:186} INFO - Started process (PID=76059) to work on /Users/swarnalidatta/Desktop/AutoQueryChatbot/.airflow-venv/lib/python3.12/site-packages/airflow/example_dags/example_bash_decorator.py
[2026-09-17T19:32:58.005+0200] {processor.py:914} INFO - Processing file /Users/swarnalidatta/Desktop/AutoQueryChatbot/.airflow-venv/lib/python3.12/site-packages/airflow/example_dags/example_bash_decorator.py for tasks to queue
[2026-09-17T19:32:58.005+0200] {logging_mixin.py:190} INFO - [2026-09-17T19:32:58.005+0200] {dagbag.py:588} INFO - Filling up the DagBag from /Users/swarnalidatta/Desktop/AutoQueryChatbot/.airflow-venv/lib/python3.12/site-packages/airflow/example_dags/example_bash_decorator.py
[2026-09-17T19:32:58.019+0200] {processor.py:925} INFO - DAG(s) 'example_bash_decorator' retrieved from /Users/swarnalidatta/Desktop/AutoQueryChatbot/.airflow-venv/lib/python3.12/site-packages/airflow/example_dags/example_bash_decorator.py
[2026-09-17T19:32:58.093+0200] {logging_mixin.py:190} INFO - [2026-09-17T19:32:58.093+0200] {dag.py:3239} INFO - Sync 1 DAGs
[2026-09-17T19:32:58.096+0200] {logging_mixin.py:190} INFO - [2026-09-17T19:32:58.096+0200] {dag.py:4180} INFO - Setting next_dagrun for example_bash_decorator to None, run_after=None
[2026-09-17T19:32:58.101+0200] {processor.py:208} INFO - Processing /Users/swarnalidatta/Desktop/AutoQueryChatbot/.airflow-venv/lib/python3.12/site-packages/airflow/example_dags/example_bash_decorator.py took 0.098 seconds
[2026-09-17T19:35:32.322+0200] {processor.py:186} INFO - Started process (PID=76567) to work on /Users/swarnalidatta/Desktop/AutoQueryChatbot/.airflow-venv/lib/python3.12/site-packages/airflow/example_dags/example_bash_decorator.py
[2026-09-17T19:35:32.322+0200] {processor.py:914} INFO - Processing file /Users/swarnalidatta/Desktop/AutoQueryChatbot/.airflow-venv/lib/python3.12/site-packages/airflow/example_dags/example_bash_decorator.py for tasks to queue
[2026-09-17T19:35:32.323+0200] {logging_mixin.py:190} INFO - [2026-09-17T19:35:32.323+0200] {dagbag.py:588} INFO - Filling up the DagBag from /Users/swarnalidatta/Desktop/AutoQueryChatbot/.airflow-venv/lib/python3.12/site-packages/airflow/example_dags/example_bash_decorator.py
[2026-09-17T19:35:32.337+0200] {processor.py:925} INFO - DAG(s) 'example_bash_decorator' retrieved from /Users/swarnalidatta/Desktop/AutoQueryChatbot/.airflow-venv/lib/python3.12/site-packages/airflow/example_dags/example_bash_decorator.py
[2026-09-17T19:35:32.412+0200] {logging_mixin.py:190} INFO - [2026-09-17T19:35:32.412+0200] {dag.py:3239} INFO - Sync 1 DAGs
[2026-09-17T19:35:32.415+0200] {logging_mixin.py:190} INFO - [2026-09-17T19:35:32.415+0200] {dag.py:4180} INFO - Setting next_dagrun for example_bash_decorator to None, run_after=None
[2026-09-17T19:35:32.420+0200] {processor.py:208} INFO - Processing /Users/swarnalidatta/Desktop/AutoQueryChatbot/.airflow-venv/lib/python3.12/site-packages/airflow/example_dags/example_bash_decorator.py took 0.099 seconds
[2026-09-17T19:38:18.113+0200] {processor.py:186} INFO - Started process (PID=77149) to work on /Users/swarnalidatta/Desktop/AutoQueryChatbot/.airflow-venv/lib/python3.12/site-packages/airflow/example_dags/example_bash_decorator.py
[2026-09-17T19:38:18.113+0200] {processor.py:914} INFO - Processing file /Users/swarnalidatta/Desktop/AutoQueryChatbot/.airflow-venv/lib/python3.12/site-packages/airflow/example_dags/example_bash_decorator.py for tasks to queue
[2026-09-17T19:38:18.113+0200] {logging_mixin.py:190} INFO - [2026-09-17T19:38:18.113+0200] {dagbag.py:588} INFO - Filling up the DagBag from /Users/swarnalidatta/Desktop/AutoQueryChatbot/.airflow-venv/lib/python3.12/site-packages/airflow/example_dags/example_bash_decorator.py
[2026-09-17T19:38:18.128+0200] {processor.py:925} INFO - DAG(s) 'example_bash_decorator' retrieved from /Users/swarnalidatta/Desktop/AutoQueryChatbot/.airflow-venv/lib/python3.12/site-packages/airflow/example_dags/example_bash_decorator.py
[2026-09-17T19:38:18.205+0200] {logging_mixin.py:190} INFO - [2026-09-17T19:38:18.205+0200] {dag.py:3239} INFO - Sync 1 DAGs
[2026-09-17T19:38:18.208+0200] {logging_mixin.py:190} INFO - [2026-09-17T19:38:18.208+0200] {dag.py:4180} INFO - Setting next_dagrun for example_bash_decorator to None, run_after=None
[2026-09-17T19:38:18.213+0200] {processor.py:208} INFO - Processing /Users/swarnalidatta/Desktop/AutoQueryChatbot/.airflow-venv/lib/python3.12/site-packages/airflow/example_dags/example_bash_decorator.py took 0.102 seconds
[2026-09-17T19:40:53.829+0200] {processor.py:186} INFO - Started process (PID=77698) to work on /Users/swarnalidatta/Desktop/AutoQueryChatbot/.airflow-venv/lib/python3.12/site-packages/airflow/example_dags/example_bash_decorator.py
[2026-09-17T19:40:53.829+0200] {processor.py:914} INFO - Processing file /Users/swarnalidatta/Desktop/AutoQueryChatbot/.airflow-venv/lib/python3.12/site-packages/airflow/example_dags/example_bash_decorator.py for tasks to queue
[2026-09-17T19:40:53.830+0200] {logging_mixin.py:190} INFO - [2026-09-17T19:40:53.829+0200] {dagbag.py:588} INFO - Filling up the DagBag from /Users/swarnalidatta/Desktop/AutoQueryChatbot/.airflow-venv/lib/python3.12/site-packages/airflow/example_dags/example_bash_decorator.py
[2026-09-17T19:40:53.844+0200] {processor.py:925} INFO - DAG(s) 'example_bash_decorator' retrieved from /Users/swarnalidatta/Desktop/AutoQueryChatbot/.airflow-venv/lib/python3.12/site-packages/airflow/example_dags/example_bash_decorator.py
[2026-09-17T19:40:53.918+0200] {logging_mixin.py:190} INFO - [2026-09-17T19:40:53.918+0200] {dag.py:3239} INFO - Sync 1 DAGs
[2026-09-17T19:40:53.921+0200] {logging_mixin.py:190} INFO - [2026-09-17T19:40:53.921+0200] {dag.py:4180} INFO - Setting next_dagrun for example_bash_decorator to None, run_after=None
[2026-09-17T19:40:53.926+0200] {processor.py:208} INFO - Processing /Users/swarnalidatta/Desktop/AutoQueryChatbot/.airflow-venv/lib/python3.12/site-packages/airflow/example_dags/example_bash_decorator.py took 0.098 seconds
[2026-09-17T19:44:29.717+0200] {processor.py:186} INFO - Started process (PID=78406) to work on /Users/swarnalidatta/Desktop/AutoQueryChatbot/.airflow-venv/lib/python3.12/site-packages/airflow/example_dags/example_bash_decorator.py
[2026-09-17T19:44:29.718+0200] {processor.py:914} INFO - Processing file /Users/swarnalidatta/Desktop/AutoQueryChatbot/.airflow-venv/lib/python3.12/site-packages/airflow/example_dags/example_bash_decorator.py for tasks to queue
[2026-09-17T19:44:29.719+0200] {logging_mixin.py:190} INFO - [2026-09-17T19:44:29.719+0200] {dagbag.py:588} INFO - Filling up the DagBag from /Users/swarnalidatta/Desktop/AutoQueryChatbot/.airflow-venv/lib/python3.12/site-packages/airflow/example_dags/example_bash_decorator.py
[2026-09-17T19:44:29.734+0200] {processor.py:925} INFO - DAG(s) 'example_bash_decorator' retrieved from /Users/swarnalidatta/Desktop/AutoQueryChatbot/.airflow-venv/lib/python3.12/site-packages/airflow/example_dags/example_bash_decorator.py
[2026-09-17T19:44:29.819+0200] {logging_mixin.py:190} INFO - [2026-09-17T19:44:29.819+0200] {dag.py:3239} INFO - Sync 1 DAGs
[2026-09-17T19:44:29.822+0200] {logging_mixin.py:190} INFO - [2026-09-17T19:44:29.822+0200] {dag.py:4180} INFO - Setting next_dagrun for example_bash_decorator to None, run_after=None
[2026-09-17T19:44:29.827+0200] {processor.py:208} INFO - Processing /Users/swarnalidatta/Desktop/AutoQueryChatbot/.airflow-venv/lib/python3.12/site-packages/airflow/example_dags/example_bash_decorator.py took 0.111 seconds
[2026-09-17T19:46:53.950+0200] {processor.py:186} INFO - Started process (PID=78771) to work on /Users/swarnalidatta/Desktop/AutoQueryChatbot/.airflow-venv/lib/python3.12/site-packages/airflow/example_dags/example_bash_decorator.py
[2026-09-17T19:46:53.950+0200] {processor.py:914} INFO - Processing file /Users/swarnalidatta/Desktop/AutoQueryChatbot/.airflow-venv/lib/python3.12/site-packages/airflow/example_dags/example_bash_decorator.py for tasks to queue
[2026-09-17T19:46:53.950+0200] {logging_mixin.py:190} INFO - [2026-09-17T19:46:53.950+0200] {dagbag.py:588} INFO - Filling up the DagBag from /Users/swarnalidatta/Desktop/AutoQueryChatbot/.airflow-venv/lib/python3.12/site-packages/airflow/example_dags/example_bash_decorator.py
[2026-09-17T19:46:53.964+0200] {processor.py:925} INFO - DAG(s) 'example_bash_decorator' retrieved from /Users/swarnalidatta/Desktop/AutoQueryChatbot/.airflow-venv/lib/python3.12/site-packages/airflow/example_dags/example_bash_decorator.py
[2026-09-17T19:46:54.039+0200] {logging_mixin.py:190} INFO - [2026-09-17T19:46:54.039+0200] {dag.py:3239} INFO - Sync 1 DAGs
[2026-09-17T19:46:54.042+0200] {logging_mixin.py:190} INFO - [2026-09-17T19:46:54.042+0200] {dag.py:4180} INFO - Setting next_dagrun for example_bash_decorator to None, run_after=None
[2026-09-17T19:46:54.047+0200] {processor.py:208} INFO - Processing /Users/swarnalidatta/Desktop/AutoQueryChatbot/.airflow-venv/lib/python3.12/site-packages/airflow/example_dags/example_bash_decorator.py took 0.099 seconds
[2026-09-17T19:49:16.220+0200] {processor.py:186} INFO - Started process (PID=79139) to work on /Users/swarnalidatta/Desktop/AutoQueryChatbot/.airflow-venv/lib/python3.12/site-packages/airflow/example_dags/example_bash_decorator.py
[2026-09-17T19:49:16.220+0200] {processor.py:914} INFO - Processing file /Users/swarnalidatta/Desktop/AutoQueryChatbot/.airflow-venv/lib/python3.12/site-packages/airflow/example_dags/example_bash_decorator.py for tasks to queue
[2026-09-17T19:49:16.220+0200] {logging_mixin.py:190} INFO - [2026-09-17T19:49:16.220+0200] {dagbag.py:588} INFO - Filling up the DagBag from /Users/swarnalidatta/Desktop/AutoQueryChatbot/.airflow-venv/lib/python3.12/site-packages/airflow/example_dags/example_bash_decorator.py
[2026-09-17T19:49:16.235+0200] {processor.py:925} INFO - DAG(s) 'example_bash_decorator' retrieved from /Users/swarnalidatta/Desktop/AutoQueryChatbot/.airflow-venv/lib/python3.12/site-packages/airflow/example_dags/example_bash_decorator.py
[2026-09-17T19:49:16.310+0200] {logging_mixin.py:190} INFO - [2026-09-17T19:49:16.310+0200] {dag.py:3239} INFO - Sync 1 DAGs
[2026-09-17T19:49:16.313+0200] {logging_mixin.py:190} INFO - [2026-09-17T19:49:16.313+0200] {dag.py:4180} INFO - Setting next_dagrun for example_bash_decorator to None, run_after=None
[2026-09-17T19:49:16.318+0200] {processor.py:208} INFO - Processing /Users/swarnalidatta/Desktop/AutoQueryChatbot/.airflow-venv/lib/python3.12/site-packages/airflow/example_dags/example_bash_decorator.py took 0.099 seconds
[2026-09-17T19:51:30.784+0200] {processor.py:186} INFO - Started process (PID=79539) to work on /Users/swarnalidatta/Desktop/AutoQueryChatbot/.airflow-venv/lib/python3.12/site-packages/airflow/example_dags/example_bash_decorator.py
[2026-09-17T19:51:30.784+0200] {processor.py:914} INFO - Processing file /Users/swarnalidatta/Desktop/AutoQueryChatbot/.airflow-venv/lib/python3.12/site-packages/airflow/example_dags/example_bash_decorator.py for tasks to queue
[2026-09-17T19:51:30.784+0200] {logging_mixin.py:190} INFO - [2026-09-17T19:51:30.784+0200] {dagbag.py:588} INFO - Filling up the DagBag from /Users/swarnalidatta/Desktop/AutoQueryChatbot/.airflow-venv/lib/python3.12/site-packages/airflow/example_dags/example_bash_decorator.py
[2026-09-17T19:51:30.799+0200] {processor.py:925} INFO - DAG(s) 'example_bash_decorator' retrieved from /Users/swarnalidatta/Desktop/AutoQueryChatbot/.airflow-venv/lib/python3.12/site-packages/airflow/example_dags/example_bash_decorator.py
[2026-09-17T19:51:30.873+0200] {logging_mixin.py:190} INFO - [2026-09-17T19:51:30.873+0200] {dag.py:3239} INFO - Sync 1 DAGs
[2026-09-17T19:51:30.876+0200] {logging_mixin.py:190} INFO - [2026-09-17T19:51:30.876+0200] {dag.py:4180} INFO - Setting next_dagrun for example_bash_decorator to None, run_after=None
[2026-09-17T19:51:30.881+0200] {processor.py:208} INFO - Processing /Users/swarnalidatta/Desktop/AutoQueryChatbot/.airflow-venv/lib/python3.12/site-packages/airflow/example_dags/example_bash_decorator.py took 0.098 seconds
[2026-09-17T19:53:51.365+0200] {processor.py:186} INFO - Started process (PID=79960) to work on /Users/swarnalidatta/Desktop/AutoQueryChatbot/.airflow-venv/lib/python3.12/site-packages/airflow/example_dags/example_bash_decorator.py
[2026-09-17T19:53:51.365+0200] {processor.py:914} INFO - Processing file /Users/swarnalidatta/Desktop/AutoQueryChatbot/.airflow-venv/lib/python3.12/site-packages/airflow/example_dags/example_bash_decorator.py for tasks to queue
[2026-09-17T19:53:51.366+0200] {logging_mixin.py:190} INFO - [2026-09-17T19:53:51.366+0200] {dagbag.py:588} INFO - Filling up the DagBag from /Users/swarnalidatta/Desktop/AutoQueryChatbot/.airflow-venv/lib/python3.12/site-packages/airflow/example_dags/example_bash_decorator.py
[2026-09-17T19:53:51.380+0200] {processor.py:925} INFO - DAG(s) 'example_bash_decorator' retrieved from /Users/swarnalidatta/Desktop/AutoQueryChatbot/.airflow-venv/lib/python3.12/site-packages/airflow/example_dags/example_bash_decorator.py
[2026-09-17T19:53:51.457+0200] {logging_mixin.py:190} INFO - [2026-09-17T19:53:51.457+0200] {dag.py:3239} INFO - Sync 1 DAGs
[2026-09-17T19:53:51.460+0200] {logging_mixin.py:190} INFO - [2026-09-17T19:53:51.460+0200] {dag.py:4180} INFO - Setting next_dagrun for example_bash_decorator to None, run_after=None
[2026-09-17T19:53:51.465+0200] {processor.py:208} INFO - Processing /Users/swarnalidatta/Desktop/AutoQueryChatbot/.airflow-venv/lib/python3.12/site-packages/airflow/example_dags/example_bash_decorator.py took 0.101 seconds
[2026-09-17T20:07:37.366+0200] {processor.py:186} INFO - Started process (PID=80863) to work on /Users/swarnalidatta/Desktop/AutoQueryChatbot/.airflow-venv/lib/python3.12/site-packages/airflow/example_dags/example_bash_decorator.py
[2026-09-17T20:07:37.367+0200] {processor.py:914} INFO - Processing file /Users/swarnalidatta/Desktop/AutoQueryChatbot/.airflow-venv/lib/python3.12/site-packages/airflow/example_dags/example_bash_decorator.py for tasks to queue
[2026-09-17T20:07:37.367+0200] {logging_mixin.py:190} INFO - [2026-09-17T20:07:37.367+0200] {dagbag.py:588} INFO - Filling up the DagBag from /Users/swarnalidatta/Desktop/AutoQueryChatbot/.airflow-venv/lib/python3.12/site-packages/airflow/example_dags/example_bash_decorator.py
[2026-09-17T20:07:37.381+0200] {processor.py:925} INFO - DAG(s) 'example_bash_decorator' retrieved from /Users/swarnalidatta/Desktop/AutoQueryChatbot/.airflow-venv/lib/python3.12/site-packages/airflow/example_dags/example_bash_decorator.py
[2026-09-17T20:07:37.457+0200] {logging_mixin.py:190} INFO - [2026-09-17T20:07:37.456+0200] {dag.py:3239} INFO - Sync 1 DAGs
[2026-09-17T20:07:37.459+0200] {logging_mixin.py:190} INFO - [2026-09-17T20:07:37.459+0200] {dag.py:4180} INFO - Setting next_dagrun for example_bash_decorator to None, run_after=None
[2026-09-17T20:07:37.465+0200] {processor.py:208} INFO - Processing /Users/swarnalidatta/Desktop/AutoQueryChatbot/.airflow-venv/lib/python3.12/site-packages/airflow/example_dags/example_bash_decorator.py took 0.099 seconds
[2026-09-17T20:10:43.279+0200] {processor.py:186} INFO - Started process (PID=82027) to work on /Users/swarnalidatta/Desktop/AutoQueryChatbot/.airflow-venv/lib/python3.12/site-packages/airflow/example_dags/example_bash_decorator.py
[2026-09-17T20:10:43.280+0200] {processor.py:914} INFO - Processing file /Users/swarnalidatta/Desktop/AutoQueryChatbot/.airflow-venv/lib/python3.12/site-packages/airflow/example_dags/example_bash_decorator.py for tasks to queue
[2026-09-17T20:10:43.280+0200] {logging_mixin.py:190} INFO - [2026-09-17T20:10:43.280+0200] {dagbag.py:588} INFO - Filling up the DagBag from /Users/swarnalidatta/Desktop/AutoQueryChatbot/.airflow-venv/lib/python3.12/site-packages/airflow/example_dags/example_bash_decorator.py
[2026-09-17T20:10:43.295+0200] {processor.py:925} INFO - DAG(s) 'example_bash_decorator' retrieved from /Users/swarnalidatta/Desktop/AutoQueryChatbot/.airflow-venv/lib/python3.12/site-packages/airflow/example_dags/example_bash_decorator.py
[2026-09-17T20:10:43.369+0200] {logging_mixin.py:190} INFO - [2026-09-17T20:10:43.369+0200] {dag.py:3239} INFO - Sync 1 DAGs
[2026-09-17T20:10:43.372+0200] {logging_mixin.py:190} INFO - [2026-09-17T20:10:43.372+0200] {dag.py:4180} INFO - Setting next_dagrun for example_bash_decorator to None, run_after=None
[2026-09-17T20:10:43.377+0200] {processor.py:208} INFO - Processing /Users/swarnalidatta/Desktop/AutoQueryChatbot/.airflow-venv/lib/python3.12/site-packages/airflow/example_dags/example_bash_decorator.py took 0.099 seconds
[2026-09-17T20:13:59.496+0200] {processor.py:186} INFO - Started process (PID=82757) to work on /Users/swarnalidatta/Desktop/AutoQueryChatbot/.airflow-venv/lib/python3.12/site-packages/airflow/example_dags/example_bash_decorator.py
[2026-09-17T20:13:59.497+0200] {processor.py:914} INFO - Processing file /Users/swarnalidatta/Desktop/AutoQueryChatbot/.airflow-venv/lib/python3.12/site-packages/airflow/example_dags/example_bash_decorator.py for tasks to queue
[2026-09-17T20:13:59.497+0200] {logging_mixin.py:190} INFO - [2026-09-17T20:13:59.497+0200] {dagbag.py:588} INFO - Filling up the DagBag from /Users/swarnalidatta/Desktop/AutoQueryChatbot/.airflow-venv/lib/python3.12/site-packages/airflow/example_dags/example_bash_decorator.py
[2026-09-17T20:13:59.512+0200] {processor.py:925} INFO - DAG(s) 'example_bash_decorator' retrieved from /Users/swarnalidatta/Desktop/AutoQueryChatbot/.airflow-venv/lib/python3.12/site-packages/airflow/example_dags/example_bash_decorator.py
[2026-09-17T20:13:59.589+0200] {logging_mixin.py:190} INFO - [2026-09-17T20:13:59.589+0200] {dag.py:3239} INFO - Sync 1 DAGs
[2026-09-17T20:13:59.591+0200] {logging_mixin.py:190} INFO - [2026-09-17T20:13:59.591+0200] {dag.py:4180} INFO - Setting next_dagrun for example_bash_decorator to None, run_after=None
[2026-09-17T20:13:59.597+0200] {processor.py:208} INFO - Processing /Users/swarnalidatta/Desktop/AutoQueryChatbot/.airflow-venv/lib/python3.12/site-packages/airflow/example_dags/example_bash_decorator.py took 0.102 seconds
[2026-09-17T20:17:20.414+0200] {processor.py:186} INFO - Started process (PID=83460) to work on /Users/swarnalidatta/Desktop/AutoQueryChatbot/.airflow-venv/lib/python3.12/site-packages/airflow/example_dags/example_bash_decorator.py
[2026-09-17T20:17:20.414+0200] {processor.py:914} INFO - Processing file /Users/swarnalidatta/Desktop/AutoQueryChatbot/.airflow-venv/lib/python3.12/site-packages/airflow/example_dags/example_bash_decorator.py for tasks to queue
[2026-09-17T20:17:20.415+0200] {logging_mixin.py:190} INFO - [2026-09-17T20:17:20.415+0200] {dagbag.py:588} INFO - Filling up the DagBag from /Users/swarnalidatta/Desktop/AutoQueryChatbot/.airflow-venv/lib/python3.12/site-packages/airflow/example_dags/example_bash_decorator.py
[2026-09-17T20:17:20.429+0200] {processor.py:925} INFO - DAG(s) 'example_bash_decorator' retrieved from /Users/swarnalidatta/Desktop/AutoQueryChatbot/.airflow-venv/lib/python3.12/site-packages/airflow/example_dags/example_bash_decorator.py
[2026-09-17T20:17:20.505+0200] {logging_mixin.py:190} INFO - [2026-09-17T20:17:20.505+0200] {dag.py:3239} INFO - Sync 1 DAGs
[2026-09-17T20:17:20.508+0200] {logging_mixin.py:190} INFO - [2026-09-17T20:17:20.508+0200] {dag.py:4180} INFO - Setting next_dagrun for example_bash_decorator to None, run_after=None
[2026-09-17T20:17:20.516+0200] {processor.py:208} INFO - Processing /Users/swarnalidatta/Desktop/AutoQueryChatbot/.airflow-venv/lib/python3.12/site-packages/airflow/example_dags/example_bash_decorator.py took 0.103 seconds
[2026-09-17T20:20:57.711+0200] {processor.py:186} INFO - Started process (PID=84207) to work on /Users/swarnalidatta/Desktop/AutoQueryChatbot/.airflow-venv/lib/python3.12/site-packages/airflow/example_dags/example_bash_decorator.py
[2026-09-17T20:20:57.712+0200] {processor.py:914} INFO - Processing file /Users/swarnalidatta/Desktop/AutoQueryChatbot/.airflow-venv/lib/python3.12/site-packages/airflow/example_dags/example_bash_decorator.py for tasks to queue
[2026-09-17T20:20:57.712+0200] {logging_mixin.py:190} INFO - [2026-09-17T20:20:57.712+0200] {dagbag.py:588} INFO - Filling up the DagBag from /Users/swarnalidatta/Desktop/AutoQueryChatbot/.airflow-venv/lib/python3.12/site-packages/airflow/example_dags/example_bash_decorator.py
[2026-09-17T20:20:57.726+0200] {processor.py:925} INFO - DAG(s) 'example_bash_decorator' retrieved from /Users/swarnalidatta/Desktop/AutoQueryChatbot/.airflow-venv/lib/python3.12/site-packages/airflow/example_dags/example_bash_decorator.py
[2026-09-17T20:20:57.802+0200] {logging_mixin.py:190} INFO - [2026-09-17T20:20:57.802+0200] {dag.py:3239} INFO - Sync 1 DAGs
[2026-09-17T20:20:57.805+0200] {logging_mixin.py:190} INFO - [2026-09-17T20:20:57.805+0200] {dag.py:4180} INFO - Setting next_dagrun for example_bash_decorator to None, run_after=None
[2026-09-17T20:20:57.810+0200] {processor.py:208} INFO - Processing /Users/swarnalidatta/Desktop/AutoQueryChatbot/.airflow-venv/lib/python3.12/site-packages/airflow/example_dags/example_bash_decorator.py took 0.100 seconds
[2026-09-17T20:23:47.229+0200] {processor.py:186} INFO - Started process (PID=84842) to work on /Users/swarnalidatta/Desktop/AutoQueryChatbot/.airflow-venv/lib/python3.12/site-packages/airflow/example_dags/example_bash_decorator.py
[2026-09-17T20:23:47.230+0200] {processor.py:914} INFO - Processing file /Users/swarnalidatta/Desktop/AutoQueryChatbot/.airflow-venv/lib/python3.12/site-packages/airflow/example_dags/example_bash_decorator.py for tasks to queue
[2026-09-17T20:23:47.230+0200] {logging_mixin.py:190} INFO - [2026-09-17T20:23:47.230+0200] {dagbag.py:588} INFO - Filling up the DagBag from /Users/swarnalidatta/Desktop/AutoQueryChatbot/.airflow-venv/lib/python3.12/site-packages/airflow/example_dags/example_bash_decorator.py
[2026-09-17T20:23:47.244+0200] {processor.py:925} INFO - DAG(s) 'example_bash_decorator' retrieved from /Users/swarnalidatta/Desktop/AutoQueryChatbot/.airflow-venv/lib/python3.12/site-packages/airflow/example_dags/example_bash_decorator.py
[2026-09-17T20:23:47.321+0200] {logging_mixin.py:190} INFO - [2026-09-17T20:23:47.321+0200] {dag.py:3239} INFO - Sync 1 DAGs
[2026-09-17T20:23:47.324+0200] {logging_mixin.py:190} INFO - [2026-09-17T20:23:47.324+0200] {dag.py:4180} INFO - Setting next_dagrun for example_bash_decorator to None, run_after=None
[2026-09-17T20:23:47.329+0200] {processor.py:208} INFO - Processing /Users/swarnalidatta/Desktop/AutoQueryChatbot/.airflow-venv/lib/python3.12/site-packages/airflow/example_dags/example_bash_decorator.py took 0.101 seconds
[2026-09-17T20:26:58.076+0200] {processor.py:186} INFO - Started process (PID=85378) to work on /Users/swarnalidatta/Desktop/AutoQueryChatbot/.airflow-venv/lib/python3.12/site-packages/airflow/example_dags/example_bash_decorator.py
[2026-09-17T20:26:58.076+0200] {processor.py:914} INFO - Processing file /Users/swarnalidatta/Desktop/AutoQueryChatbot/.airflow-venv/lib/python3.12/site-packages/airflow/example_dags/example_bash_decorator.py for tasks to queue
[2026-09-17T20:26:58.077+0200] {logging_mixin.py:190} INFO - [2026-09-17T20:26:58.077+0200] {dagbag.py:588} INFO - Filling up the DagBag from /Users/swarnalidatta/Desktop/AutoQueryChatbot/.airflow-venv/lib/python3.12/site-packages/airflow/example_dags/example_bash_decorator.py
[2026-09-17T20:26:58.091+0200] {processor.py:925} INFO - DAG(s) 'example_bash_decorator' retrieved from /Users/swarnalidatta/Desktop/AutoQueryChatbot/.airflow-venv/lib/python3.12/site-packages/airflow/example_dags/example_bash_decorator.py
[2026-09-17T20:26:58.168+0200] {logging_mixin.py:190} INFO - [2026-09-17T20:26:58.168+0200] {dag.py:3239} INFO - Sync 1 DAGs
[2026-09-17T20:26:58.171+0200] {logging_mixin.py:190} INFO - [2026-09-17T20:26:58.170+0200] {dag.py:4180} INFO - Setting next_dagrun for example_bash_decorator to None, run_after=None
[2026-09-17T20:26:58.176+0200] {processor.py:208} INFO - Processing /Users/swarnalidatta/Desktop/AutoQueryChatbot/.airflow-venv/lib/python3.12/site-packages/airflow/example_dags/example_bash_decorator.py took 0.101 seconds
[2026-09-17T20:29:25.630+0200] {processor.py:186} INFO - Started process (PID=85708) to work on /Users/swarnalidatta/Desktop/AutoQueryChatbot/.airflow-venv/lib/python3.12/site-packages/airflow/example_dags/example_bash_decorator.py
[2026-09-17T20:29:25.631+0200] {processor.py:914} INFO - Processing file /Users/swarnalidatta/Desktop/AutoQueryChatbot/.airflow-venv/lib/python3.12/site-packages/airflow/example_dags/example_bash_decorator.py for tasks to queue
[2026-09-17T20:29:25.631+0200] {logging_mixin.py:190} INFO - [2026-09-17T20:29:25.631+0200] {dagbag.py:588} INFO - Filling up the DagBag from /Users/swarnalidatta/Desktop/AutoQueryChatbot/.airflow-venv/lib/python3.12/site-packages/airflow/example_dags/example_bash_decorator.py
[2026-09-17T20:29:25.645+0200] {processor.py:925} INFO - DAG(s) 'example_bash_decorator' retrieved from /Users/swarnalidatta/Desktop/AutoQueryChatbot/.airflow-venv/lib/python3.12/site-packages/airflow/example_dags/example_bash_decorator.py
[2026-09-17T20:29:25.720+0200] {logging_mixin.py:190} INFO - [2026-09-17T20:29:25.720+0200] {dag.py:3239} INFO - Sync 1 DAGs
[2026-09-17T20:29:25.723+0200] {logging_mixin.py:190} INFO - [2026-09-17T20:29:25.723+0200] {dag.py:4180} INFO - Setting next_dagrun for example_bash_decorator to None, run_after=None
[2026-09-17T20:29:25.728+0200] {processor.py:208} INFO - Processing /Users/swarnalidatta/Desktop/AutoQueryChatbot/.airflow-venv/lib/python3.12/site-packages/airflow/example_dags/example_bash_decorator.py took 0.099 seconds
[2026-09-17T20:32:01.631+0200] {processor.py:186} INFO - Started process (PID=86098) to work on /Users/swarnalidatta/Desktop/AutoQueryChatbot/.airflow-venv/lib/python3.12/site-packages/airflow/example_dags/example_bash_decorator.py
[2026-09-17T20:32:01.632+0200] {processor.py:914} INFO - Processing file /Users/swarnalidatta/Desktop/AutoQueryChatbot/.airflow-venv/lib/python3.12/site-packages/airflow/example_dags/example_bash_decorator.py for tasks to queue
[2026-09-17T20:32:01.632+0200] {logging_mixin.py:190} INFO - [2026-09-17T20:32:01.632+0200] {dagbag.py:588} INFO - Filling up the DagBag from /Users/swarnalidatta/Desktop/AutoQueryChatbot/.airflow-venv/lib/python3.12/site-packages/airflow/example_dags/example_bash_decorator.py
[2026-09-17T20:32:01.647+0200] {processor.py:925} INFO - DAG(s) 'example_bash_decorator' retrieved from /Users/swarnalidatta/Desktop/AutoQueryChatbot/.airflow-venv/lib/python3.12/site-packages/airflow/example_dags/example_bash_decorator.py
[2026-09-17T20:32:01.734+0200] {logging_mixin.py:190} INFO - [2026-09-17T20:32:01.734+0200] {dag.py:3239} INFO - Sync 1 DAGs
[2026-09-17T20:32:01.737+0200] {logging_mixin.py:190} INFO - [2026-09-17T20:32:01.737+0200] {dag.py:4180} INFO - Setting next_dagrun for example_bash_decorator to None, run_after=None
[2026-09-17T20:32:01.743+0200] {processor.py:208} INFO - Processing /Users/swarnalidatta/Desktop/AutoQueryChatbot/.airflow-venv/lib/python3.12/site-packages/airflow/example_dags/example_bash_decorator.py took 0.114 seconds
[2026-09-17T20:34:11.410+0200] {processor.py:186} INFO - Started process (PID=86411) to work on /Users/swarnalidatta/Desktop/AutoQueryChatbot/.airflow-venv/lib/python3.12/site-packages/airflow/example_dags/example_bash_decorator.py
[2026-09-17T20:34:11.411+0200] {processor.py:914} INFO - Processing file /Users/swarnalidatta/Desktop/AutoQueryChatbot/.airflow-venv/lib/python3.12/site-packages/airflow/example_dags/example_bash_decorator.py for tasks to queue
[2026-09-17T20:34:11.411+0200] {logging_mixin.py:190} INFO - [2026-09-17T20:34:11.411+0200] {dagbag.py:588} INFO - Filling up the DagBag from /Users/swarnalidatta/Desktop/AutoQueryChatbot/.airflow-venv/lib/python3.12/site-packages/airflow/example_dags/example_bash_decorator.py
[2026-09-17T20:34:11.425+0200] {processor.py:925} INFO - DAG(s) 'example_bash_decorator' retrieved from /Users/swarnalidatta/Desktop/AutoQueryChatbot/.airflow-venv/lib/python3.12/site-packages/airflow/example_dags/example_bash_decorator.py
[2026-09-17T20:34:11.500+0200] {logging_mixin.py:190} INFO - [2026-09-17T20:34:11.500+0200] {dag.py:3239} INFO - Sync 1 DAGs
[2026-09-17T20:34:11.503+0200] {logging_mixin.py:190} INFO - [2026-09-17T20:34:11.503+0200] {dag.py:4180} INFO - Setting next_dagrun for example_bash_decorator to None, run_after=None
[2026-09-17T20:34:11.508+0200] {processor.py:208} INFO - Processing /Users/swarnalidatta/Desktop/AutoQueryChatbot/.airflow-venv/lib/python3.12/site-packages/airflow/example_dags/example_bash_decorator.py took 0.100 seconds
[2026-09-17T20:36:18.058+0200] {processor.py:186} INFO - Started process (PID=86701) to work on /Users/swarnalidatta/Desktop/AutoQueryChatbot/.airflow-venv/lib/python3.12/site-packages/airflow/example_dags/example_bash_decorator.py
[2026-09-17T20:36:18.058+0200] {processor.py:914} INFO - Processing file /Users/swarnalidatta/Desktop/AutoQueryChatbot/.airflow-venv/lib/python3.12/site-packages/airflow/example_dags/example_bash_decorator.py for tasks to queue
[2026-09-17T20:36:18.059+0200] {logging_mixin.py:190} INFO - [2026-09-17T20:36:18.058+0200] {dagbag.py:588} INFO - Filling up the DagBag from /Users/swarnalidatta/Desktop/AutoQueryChatbot/.airflow-venv/lib/python3.12/site-packages/airflow/example_dags/example_bash_decorator.py
[2026-09-17T20:36:18.073+0200] {processor.py:925} INFO - DAG(s) 'example_bash_decorator' retrieved from /Users/swarnalidatta/Desktop/AutoQueryChatbot/.airflow-venv/lib/python3.12/site-packages/airflow/example_dags/example_bash_decorator.py
[2026-09-17T20:36:18.147+0200] {logging_mixin.py:190} INFO - [2026-09-17T20:36:18.147+0200] {dag.py:3239} INFO - Sync 1 DAGs
[2026-09-17T20:36:18.150+0200] {logging_mixin.py:190} INFO - [2026-09-17T20:36:18.150+0200] {dag.py:4180} INFO - Setting next_dagrun for example_bash_decorator to None, run_after=None
[2026-09-17T20:36:18.155+0200] {processor.py:208} INFO - Processing /Users/swarnalidatta/Desktop/AutoQueryChatbot/.airflow-venv/lib/python3.12/site-packages/airflow/example_dags/example_bash_decorator.py took 0.098 seconds
[2026-09-17T20:49:08.847+0200] {processor.py:186} INFO - Started process (PID=87060) to work on /Users/swarnalidatta/Desktop/AutoQueryChatbot/.airflow-venv/lib/python3.12/site-packages/airflow/example_dags/example_bash_decorator.py
[2026-09-17T20:49:08.847+0200] {processor.py:914} INFO - Processing file /Users/swarnalidatta/Desktop/AutoQueryChatbot/.airflow-venv/lib/python3.12/site-packages/airflow/example_dags/example_bash_decorator.py for tasks to queue
[2026-09-17T20:49:08.848+0200] {logging_mixin.py:190} INFO - [2026-09-17T20:49:08.848+0200] {dagbag.py:588} INFO - Filling up the DagBag from /Users/swarnalidatta/Desktop/AutoQueryChatbot/.airflow-venv/lib/python3.12/site-packages/airflow/example_dags/example_bash_decorator.py
[2026-09-17T20:49:08.861+0200] {processor.py:925} INFO - DAG(s) 'example_bash_decorator' retrieved from /Users/swarnalidatta/Desktop/AutoQueryChatbot/.airflow-venv/lib/python3.12/site-packages/airflow/example_dags/example_bash_decorator.py
[2026-09-17T20:49:08.934+0200] {logging_mixin.py:190} INFO - [2026-09-17T20:49:08.933+0200] {dag.py:3239} INFO - Sync 1 DAGs
[2026-09-17T20:49:08.936+0200] {logging_mixin.py:190} INFO - [2026-09-17T20:49:08.936+0200] {dag.py:4180} INFO - Setting next_dagrun for example_bash_decorator to None, run_after=None
[2026-09-17T20:49:08.941+0200] {processor.py:208} INFO - Processing /Users/swarnalidatta/Desktop/AutoQueryChatbot/.airflow-venv/lib/python3.12/site-packages/airflow/example_dags/example_bash_decorator.py took 0.095 seconds
[2026-09-17T20:51:20.146+0200] {processor.py:186} INFO - Started process (PID=87361) to work on /Users/swarnalidatta/Desktop/AutoQueryChatbot/.airflow-venv/lib/python3.12/site-packages/airflow/example_dags/example_bash_decorator.py
[2026-09-17T20:51:20.147+0200] {processor.py:914} INFO - Processing file /Users/swarnalidatta/Desktop/AutoQueryChatbot/.airflow-venv/lib/python3.12/site-packages/airflow/example_dags/example_bash_decorator.py for tasks to queue
[2026-09-17T20:51:20.147+0200] {logging_mixin.py:190} INFO - [2026-09-17T20:51:20.147+0200] {dagbag.py:588} INFO - Filling up the DagBag from /Users/swarnalidatta/Desktop/AutoQueryChatbot/.airflow-venv/lib/python3.12/site-packages/airflow/example_dags/example_bash_decorator.py
[2026-09-17T20:51:20.160+0200] {processor.py:925} INFO - DAG(s) 'example_bash_decorator' retrieved from /Users/swarnalidatta/Desktop/AutoQueryChatbot/.airflow-venv/lib/python3.12/site-packages/airflow/example_dags/example_bash_decorator.py
[2026-09-17T20:51:20.233+0200] {logging_mixin.py:190} INFO - [2026-09-17T20:51:20.233+0200] {dag.py:3239} INFO - Sync 1 DAGs
[2026-09-17T20:51:20.236+0200] {logging_mixin.py:190} INFO - [2026-09-17T20:51:20.236+0200] {dag.py:4180} INFO - Setting next_dagrun for example_bash_decorator to None, run_after=None
[2026-09-17T20:51:20.241+0200] {processor.py:208} INFO - Processing /Users/swarnalidatta/Desktop/AutoQueryChatbot/.airflow-venv/lib/python3.12/site-packages/airflow/example_dags/example_bash_decorator.py took 0.096 seconds
[2026-09-17T20:53:27.825+0200] {processor.py:186} INFO - Started process (PID=87655) to work on /Users/swarnalidatta/Desktop/AutoQueryChatbot/.airflow-venv/lib/python3.12/site-packages/airflow/example_dags/example_bash_decorator.py
[2026-09-17T20:53:27.825+0200] {processor.py:914} INFO - Processing file /Users/swarnalidatta/Desktop/AutoQueryChatbot/.airflow-venv/lib/python3.12/site-packages/airflow/example_dags/example_bash_decorator.py for tasks to queue
[2026-09-17T20:53:27.825+0200] {logging_mixin.py:190} INFO - [2026-09-17T20:53:27.825+0200] {dagbag.py:588} INFO - Filling up the DagBag from /Users/swarnalidatta/Desktop/AutoQueryChatbot/.airflow-venv/lib/python3.12/site-packages/airflow/example_dags/example_bash_decorator.py
[2026-09-17T20:53:27.839+0200] {processor.py:925} INFO - DAG(s) 'example_bash_decorator' retrieved from /Users/swarnalidatta/Desktop/AutoQueryChatbot/.airflow-venv/lib/python3.12/site-packages/airflow/example_dags/example_bash_decorator.py
[2026-09-17T20:53:27.911+0200] {logging_mixin.py:190} INFO - [2026-09-17T20:53:27.911+0200] {dag.py:3239} INFO - Sync 1 DAGs
[2026-09-17T20:53:27.914+0200] {logging_mixin.py:190} INFO - [2026-09-17T20:53:27.914+0200] {dag.py:4180} INFO - Setting next_dagrun for example_bash_decorator to None, run_after=None
[2026-09-17T20:53:27.919+0200] {processor.py:208} INFO - Processing /Users/swarnalidatta/Desktop/AutoQueryChatbot/.airflow-venv/lib/python3.12/site-packages/airflow/example_dags/example_bash_decorator.py took 0.095 seconds
[2026-09-17T20:55:46.096+0200] {processor.py:186} INFO - Started process (PID=87966) to work on /Users/swarnalidatta/Desktop/AutoQueryChatbot/.airflow-venv/lib/python3.12/site-packages/airflow/example_dags/example_bash_decorator.py
[2026-09-17T20:55:46.096+0200] {processor.py:914} INFO - Processing file /Users/swarnalidatta/Desktop/AutoQueryChatbot/.airflow-venv/lib/python3.12/site-packages/airflow/example_dags/example_bash_decorator.py for tasks to queue
[2026-09-17T20:55:46.097+0200] {logging_mixin.py:190} INFO - [2026-09-17T20:55:46.096+0200] {dagbag.py:588} INFO - Filling up the DagBag from /Users/swarnalidatta/Desktop/AutoQueryChatbot/.airflow-venv/lib/python3.12/site-packages/airflow/example_dags/example_bash_decorator.py
[2026-09-17T20:55:46.111+0200] {processor.py:925} INFO - DAG(s) 'example_bash_decorator' retrieved from /Users/swarnalidatta/Desktop/AutoQueryChatbot/.airflow-venv/lib/python3.12/site-packages/airflow/example_dags/example_bash_decorator.py
[2026-09-17T20:55:46.187+0200] {logging_mixin.py:190} INFO - [2026-09-17T20:55:46.187+0200] {dag.py:3239} INFO - Sync 1 DAGs
[2026-09-17T20:55:46.190+0200] {logging_mixin.py:190} INFO - [2026-09-17T20:55:46.190+0200] {dag.py:4180} INFO - Setting next_dagrun for example_bash_decorator to None, run_after=None
[2026-09-17T20:55:46.195+0200] {processor.py:208} INFO - Processing /Users/swarnalidatta/Desktop/AutoQueryChatbot/.airflow-venv/lib/python3.12/site-packages/airflow/example_dags/example_bash_decorator.py took 0.100 seconds
[2026-09-17T20:57:56.681+0200] {processor.py:186} INFO - Started process (PID=88278) to work on /Users/swarnalidatta/Desktop/AutoQueryChatbot/.airflow-venv/lib/python3.12/site-packages/airflow/example_dags/example_bash_decorator.py
[2026-09-17T20:57:56.681+0200] {processor.py:914} INFO - Processing file /Users/swarnalidatta/Desktop/AutoQueryChatbot/.airflow-venv/lib/python3.12/site-packages/airflow/example_dags/example_bash_decorator.py for tasks to queue
[2026-09-17T20:57:56.681+0200] {logging_mixin.py:190} INFO - [2026-09-17T20:57:56.681+0200] {dagbag.py:588} INFO - Filling up the DagBag from /Users/swarnalidatta/Desktop/AutoQueryChatbot/.airflow-venv/lib/python3.12/site-packages/airflow/example_dags/example_bash_decorator.py
[2026-09-17T20:57:56.695+0200] {processor.py:925} INFO - DAG(s) 'example_bash_decorator' retrieved from /Users/swarnalidatta/Desktop/AutoQueryChatbot/.airflow-venv/lib/python3.12/site-packages/airflow/example_dags/example_bash_decorator.py
[2026-09-17T20:57:56.768+0200] {logging_mixin.py:190} INFO - [2026-09-17T20:57:56.768+0200] {dag.py:3239} INFO - Sync 1 DAGs
[2026-09-17T20:57:56.771+0200] {logging_mixin.py:190} INFO - [2026-09-17T20:57:56.771+0200] {dag.py:4180} INFO - Setting next_dagrun for example_bash_decorator to None, run_after=None
[2026-09-17T20:57:56.776+0200] {processor.py:208} INFO - Processing /Users/swarnalidatta/Desktop/AutoQueryChatbot/.airflow-venv/lib/python3.12/site-packages/airflow/example_dags/example_bash_decorator.py took 0.096 seconds
[2026-09-17T21:00:09.148+0200] {processor.py:186} INFO - Started process (PID=88618) to work on /Users/swarnalidatta/Desktop/AutoQueryChatbot/.airflow-venv/lib/python3.12/site-packages/airflow/example_dags/example_bash_decorator.py
[2026-09-17T21:00:09.148+0200] {processor.py:914} INFO - Processing file /Users/swarnalidatta/Desktop/AutoQueryChatbot/.airflow-venv/lib/python3.12/site-packages/airflow/example_dags/example_bash_decorator.py for tasks to queue
[2026-09-17T21:00:09.149+0200] {logging_mixin.py:190} INFO - [2026-09-17T21:00:09.149+0200] {dagbag.py:588} INFO - Filling up the DagBag from /Users/swarnalidatta/Desktop/AutoQueryChatbot/.airflow-venv/lib/python3.12/site-packages/airflow/example_dags/example_bash_decorator.py
[2026-09-17T21:00:09.163+0200] {processor.py:925} INFO - DAG(s) 'example_bash_decorator' retrieved from /Users/swarnalidatta/Desktop/AutoQueryChatbot/.airflow-venv/lib/python3.12/site-packages/airflow/example_dags/example_bash_decorator.py
[2026-09-17T21:00:09.238+0200] {logging_mixin.py:190} INFO - [2026-09-17T21:00:09.238+0200] {dag.py:3239} INFO - Sync 1 DAGs
[2026-09-17T21:00:09.241+0200] {logging_mixin.py:190} INFO - [2026-09-17T21:00:09.241+0200] {dag.py:4180} INFO - Setting next_dagrun for example_bash_decorator to None, run_after=None
[2026-09-17T21:00:09.246+0200] {processor.py:208} INFO - Processing /Users/swarnalidatta/Desktop/AutoQueryChatbot/.airflow-venv/lib/python3.12/site-packages/airflow/example_dags/example_bash_decorator.py took 0.099 seconds
[2026-09-17T21:02:15.770+0200] {processor.py:186} INFO - Started process (PID=89078) to work on /Users/swarnalidatta/Desktop/AutoQueryChatbot/.airflow-venv/lib/python3.12/site-packages/airflow/example_dags/example_bash_decorator.py
[2026-09-17T21:02:15.770+0200] {processor.py:914} INFO - Processing file /Users/swarnalidatta/Desktop/AutoQueryChatbot/.airflow-venv/lib/python3.12/site-packages/airflow/example_dags/example_bash_decorator.py for tasks to queue
[2026-09-17T21:02:15.771+0200] {logging_mixin.py:190} INFO - [2026-09-17T21:02:15.771+0200] {dagbag.py:588} INFO - Filling up the DagBag from /Users/swarnalidatta/Desktop/AutoQueryChatbot/.airflow-venv/lib/python3.12/site-packages/airflow/example_dags/example_bash_decorator.py
[2026-09-17T21:02:15.785+0200] {processor.py:925} INFO - DAG(s) 'example_bash_decorator' retrieved from /Users/swarnalidatta/Desktop/AutoQueryChatbot/.airflow-venv/lib/python3.12/site-packages/airflow/example_dags/example_bash_decorator.py
[2026-09-17T21:02:15.860+0200] {logging_mixin.py:190} INFO - [2026-09-17T21:02:15.859+0200] {dag.py:3239} INFO - Sync 1 DAGs
[2026-09-17T21:02:15.862+0200] {logging_mixin.py:190} INFO - [2026-09-17T21:02:15.862+0200] {dag.py:4180} INFO - Setting next_dagrun for example_bash_decorator to None, run_after=None
[2026-09-17T21:02:15.867+0200] {processor.py:208} INFO - Processing /Users/swarnalidatta/Desktop/AutoQueryChatbot/.airflow-venv/lib/python3.12/site-packages/airflow/example_dags/example_bash_decorator.py took 0.098 seconds
[2026-09-17T21:04:22.706+0200] {processor.py:186} INFO - Started process (PID=89388) to work on /Users/swarnalidatta/Desktop/AutoQueryChatbot/.airflow-venv/lib/python3.12/site-packages/airflow/example_dags/example_bash_decorator.py
[2026-09-17T21:04:22.706+0200] {processor.py:914} INFO - Processing file /Users/swarnalidatta/Desktop/AutoQueryChatbot/.airflow-venv/lib/python3.12/site-packages/airflow/example_dags/example_bash_decorator.py for tasks to queue
[2026-09-17T21:04:22.707+0200] {logging_mixin.py:190} INFO - [2026-09-17T21:04:22.707+0200] {dagbag.py:588} INFO - Filling up the DagBag from /Users/swarnalidatta/Desktop/AutoQueryChatbot/.airflow-venv/lib/python3.12/site-packages/airflow/example_dags/example_bash_decorator.py
[2026-09-17T21:04:22.721+0200] {processor.py:925} INFO - DAG(s) 'example_bash_decorator' retrieved from /Users/swarnalidatta/Desktop/AutoQueryChatbot/.airflow-venv/lib/python3.12/site-packages/airflow/example_dags/example_bash_decorator.py
[2026-09-17T21:04:22.796+0200] {logging_mixin.py:190} INFO - [2026-09-17T21:04:22.796+0200] {dag.py:3239} INFO - Sync 1 DAGs
[2026-09-17T21:04:22.798+0200] {logging_mixin.py:190} INFO - [2026-09-17T21:04:22.798+0200] {dag.py:4180} INFO - Setting next_dagrun for example_bash_decorator to None, run_after=None
[2026-09-17T21:04:22.804+0200] {processor.py:208} INFO - Processing /Users/swarnalidatta/Desktop/AutoQueryChatbot/.airflow-venv/lib/python3.12/site-packages/airflow/example_dags/example_bash_decorator.py took 0.099 seconds
[2026-09-17T21:06:35.659+0200] {processor.py:186} INFO - Started process (PID=89712) to work on /Users/swarnalidatta/Desktop/AutoQueryChatbot/.airflow-venv/lib/python3.12/site-packages/airflow/example_dags/example_bash_decorator.py
[2026-09-17T21:06:35.659+0200] {processor.py:914} INFO - Processing file /Users/swarnalidatta/Desktop/AutoQueryChatbot/.airflow-venv/lib/python3.12/site-packages/airflow/example_dags/example_bash_decorator.py for tasks to queue
[2026-09-17T21:06:35.659+0200] {logging_mixin.py:190} INFO - [2026-09-17T21:06:35.659+0200] {dagbag.py:588} INFO - Filling up the DagBag from /Users/swarnalidatta/Desktop/AutoQueryChatbot/.airflow-venv/lib/python3.12/site-packages/airflow/example_dags/example_bash_decorator.py
[2026-09-17T21:06:35.675+0200] {processor.py:925} INFO - DAG(s) 'example_bash_decorator' retrieved from /Users/swarnalidatta/Desktop/AutoQueryChatbot/.airflow-venv/lib/python3.12/site-packages/airflow/example_dags/example_bash_decorator.py
[2026-09-17T21:06:35.752+0200] {logging_mixin.py:190} INFO - [2026-09-17T21:06:35.752+0200] {dag.py:3239} INFO - Sync 1 DAGs
[2026-09-17T21:06:35.755+0200] {logging_mixin.py:190} INFO - [2026-09-17T21:06:35.755+0200] {dag.py:4180} INFO - Setting next_dagrun for example_bash_decorator to None, run_after=None
[2026-09-17T21:06:35.760+0200] {processor.py:208} INFO - Processing /Users/swarnalidatta/Desktop/AutoQueryChatbot/.airflow-venv/lib/python3.12/site-packages/airflow/example_dags/example_bash_decorator.py took 0.103 seconds
[2026-09-17T21:08:52.312+0200] {processor.py:186} INFO - Started process (PID=90019) to work on /Users/swarnalidatta/Desktop/AutoQueryChatbot/.airflow-venv/lib/python3.12/site-packages/airflow/example_dags/example_bash_decorator.py
[2026-09-17T21:08:52.312+0200] {processor.py:914} INFO - Processing file /Users/swarnalidatta/Desktop/AutoQueryChatbot/.airflow-venv/lib/python3.12/site-packages/airflow/example_dags/example_bash_decorator.py for tasks to queue
[2026-09-17T21:08:52.312+0200] {logging_mixin.py:190} INFO - [2026-09-17T21:08:52.312+0200] {dagbag.py:588} INFO - Filling up the DagBag from /Users/swarnalidatta/Desktop/AutoQueryChatbot/.airflow-venv/lib/python3.12/site-packages/airflow/example_dags/example_bash_decorator.py
[2026-09-17T21:08:52.326+0200] {processor.py:925} INFO - DAG(s) 'example_bash_decorator' retrieved from /Users/swarnalidatta/Desktop/AutoQueryChatbot/.airflow-venv/lib/python3.12/site-packages/airflow/example_dags/example_bash_decorator.py
[2026-09-17T21:08:52.399+0200] {logging_mixin.py:190} INFO - [2026-09-17T21:08:52.399+0200] {dag.py:3239} INFO - Sync 1 DAGs
[2026-09-17T21:08:52.402+0200] {logging_mixin.py:190} INFO - [2026-09-17T21:08:52.402+0200] {dag.py:4180} INFO - Setting next_dagrun for example_bash_decorator to None, run_after=None
[2026-09-17T21:08:52.407+0200] {processor.py:208} INFO - Processing /Users/swarnalidatta/Desktop/AutoQueryChatbot/.airflow-venv/lib/python3.12/site-packages/airflow/example_dags/example_bash_decorator.py took 0.096 seconds
[2026-09-17T21:11:12.879+0200] {processor.py:186} INFO - Started process (PID=90374) to work on /Users/swarnalidatta/Desktop/AutoQueryChatbot/.airflow-venv/lib/python3.12/site-packages/airflow/example_dags/example_bash_decorator.py
[2026-09-17T21:11:12.879+0200] {processor.py:914} INFO - Processing file /Users/swarnalidatta/Desktop/AutoQueryChatbot/.airflow-venv/lib/python3.12/site-packages/airflow/example_dags/example_bash_decorator.py for tasks to queue
[2026-09-17T21:11:12.880+0200] {logging_mixin.py:190} INFO - [2026-09-17T21:11:12.880+0200] {dagbag.py:588} INFO - Filling up the DagBag from /Users/swarnalidatta/Desktop/AutoQueryChatbot/.airflow-venv/lib/python3.12/site-packages/airflow/example_dags/example_bash_decorator.py
[2026-09-17T21:11:12.895+0200] {processor.py:925} INFO - DAG(s) 'example_bash_decorator' retrieved from /Users/swarnalidatta/Desktop/AutoQueryChatbot/.airflow-venv/lib/python3.12/site-packages/airflow/example_dags/example_bash_decorator.py
[2026-09-17T21:11:12.972+0200] {logging_mixin.py:190} INFO - [2026-09-17T21:11:12.972+0200] {dag.py:3239} INFO - Sync 1 DAGs
[2026-09-17T21:11:12.975+0200] {logging_mixin.py:190} INFO - [2026-09-17T21:11:12.975+0200] {dag.py:4180} INFO - Setting next_dagrun for example_bash_decorator to None, run_after=None
[2026-09-17T21:11:12.980+0200] {processor.py:208} INFO - Processing /Users/swarnalidatta/Desktop/AutoQueryChatbot/.airflow-venv/lib/python3.12/site-packages/airflow/example_dags/example_bash_decorator.py took 0.102 seconds
[2026-09-17T21:13:39.656+0200] {processor.py:186} INFO - Started process (PID=90931) to work on /Users/swarnalidatta/Desktop/AutoQueryChatbot/.airflow-venv/lib/python3.12/site-packages/airflow/example_dags/example_bash_decorator.py
[2026-09-17T21:13:39.657+0200] {processor.py:914} INFO - Processing file /Users/swarnalidatta/Desktop/AutoQueryChatbot/.airflow-venv/lib/python3.12/site-packages/airflow/example_dags/example_bash_decorator.py for tasks to queue
[2026-09-17T21:13:39.657+0200] {logging_mixin.py:190} INFO - [2026-09-17T21:13:39.657+0200] {dagbag.py:588} INFO - Filling up the DagBag from /Users/swarnalidatta/Desktop/AutoQueryChatbot/.airflow-venv/lib/python3.12/site-packages/airflow/example_dags/example_bash_decorator.py
[2026-09-17T21:13:39.672+0200] {processor.py:925} INFO - DAG(s) 'example_bash_decorator' retrieved from /Users/swarnalidatta/Desktop/AutoQueryChatbot/.airflow-venv/lib/python3.12/site-packages/airflow/example_dags/example_bash_decorator.py
[2026-09-17T21:13:39.746+0200] {logging_mixin.py:190} INFO - [2026-09-17T21:13:39.746+0200] {dag.py:3239} INFO - Sync 1 DAGs
[2026-09-17T21:13:39.749+0200] {logging_mixin.py:190} INFO - [2026-09-17T21:13:39.749+0200] {dag.py:4180} INFO - Setting next_dagrun for example_bash_decorator to None, run_after=None
[2026-09-17T21:13:39.754+0200] {processor.py:208} INFO - Processing /Users/swarnalidatta/Desktop/AutoQueryChatbot/.airflow-venv/lib/python3.12/site-packages/airflow/example_dags/example_bash_decorator.py took 0.100 seconds
[2026-09-17T21:16:20.727+0200] {processor.py:186} INFO - Started process (PID=91345) to work on /Users/swarnalidatta/Desktop/AutoQueryChatbot/.airflow-venv/lib/python3.12/site-packages/airflow/example_dags/example_bash_decorator.py
[2026-09-17T21:16:20.727+0200] {processor.py:914} INFO - Processing file /Users/swarnalidatta/Desktop/AutoQueryChatbot/.airflow-venv/lib/python3.12/site-packages/airflow/example_dags/example_bash_decorator.py for tasks to queue
[2026-09-17T21:16:20.727+0200] {logging_mixin.py:190} INFO - [2026-09-17T21:16:20.727+0200] {dagbag.py:588} INFO - Filling up the DagBag from /Users/swarnalidatta/Desktop/AutoQueryChatbot/.airflow-venv/lib/python3.12/site-packages/airflow/example_dags/example_bash_decorator.py
[2026-09-17T21:16:20.742+0200] {processor.py:925} INFO - DAG(s) 'example_bash_decorator' retrieved from /Users/swarnalidatta/Desktop/AutoQueryChatbot/.airflow-venv/lib/python3.12/site-packages/airflow/example_dags/example_bash_decorator.py
[2026-09-17T21:16:20.816+0200] {logging_mixin.py:190} INFO - [2026-09-17T21:16:20.816+0200] {dag.py:3239} INFO - Sync 1 DAGs
[2026-09-17T21:16:20.819+0200] {logging_mixin.py:190} INFO - [2026-09-17T21:16:20.819+0200] {dag.py:4180} INFO - Setting next_dagrun for example_bash_decorator to None, run_after=None
[2026-09-17T21:16:20.824+0200] {processor.py:208} INFO - Processing /Users/swarnalidatta/Desktop/AutoQueryChatbot/.airflow-venv/lib/python3.12/site-packages/airflow/example_dags/example_bash_decorator.py took 0.098 seconds
[2026-09-17T21:18:35.631+0200] {processor.py:186} INFO - Started process (PID=91656) to work on /Users/swarnalidatta/Desktop/AutoQueryChatbot/.airflow-venv/lib/python3.12/site-packages/airflow/example_dags/example_bash_decorator.py
[2026-09-17T21:18:35.631+0200] {processor.py:914} INFO - Processing file /Users/swarnalidatta/Desktop/AutoQueryChatbot/.airflow-venv/lib/python3.12/site-packages/airflow/example_dags/example_bash_decorator.py for tasks to queue
[2026-09-17T21:18:35.632+0200] {logging_mixin.py:190} INFO - [2026-09-17T21:18:35.631+0200] {dagbag.py:588} INFO - Filling up the DagBag from /Users/swarnalidatta/Desktop/AutoQueryChatbot/.airflow-venv/lib/python3.12/site-packages/airflow/example_dags/example_bash_decorator.py
[2026-09-17T21:18:35.645+0200] {processor.py:925} INFO - DAG(s) 'example_bash_decorator' retrieved from /Users/swarnalidatta/Desktop/AutoQueryChatbot/.airflow-venv/lib/python3.12/site-packages/airflow/example_dags/example_bash_decorator.py
[2026-09-17T21:18:35.720+0200] {logging_mixin.py:190} INFO - [2026-09-17T21:18:35.719+0200] {dag.py:3239} INFO - Sync 1 DAGs
[2026-09-17T21:18:35.722+0200] {logging_mixin.py:190} INFO - [2026-09-17T21:18:35.722+0200] {dag.py:4180} INFO - Setting next_dagrun for example_bash_decorator to None, run_after=None
[2026-09-17T21:18:35.727+0200] {processor.py:208} INFO - Processing /Users/swarnalidatta/Desktop/AutoQueryChatbot/.airflow-venv/lib/python3.12/site-packages/airflow/example_dags/example_bash_decorator.py took 0.097 seconds
[2026-09-17T21:20:54.195+0200] {processor.py:186} INFO - Started process (PID=92408) to work on /Users/swarnalidatta/Desktop/AutoQueryChatbot/.airflow-venv/lib/python3.12/site-packages/airflow/example_dags/example_bash_decorator.py
[2026-09-17T21:20:54.195+0200] {processor.py:914} INFO - Processing file /Users/swarnalidatta/Desktop/AutoQueryChatbot/.airflow-venv/lib/python3.12/site-packages/airflow/example_dags/example_bash_decorator.py for tasks to queue
[2026-09-17T21:20:54.196+0200] {logging_mixin.py:190} INFO - [2026-09-17T21:20:54.196+0200] {dagbag.py:588} INFO - Filling up the DagBag from /Users/swarnalidatta/Desktop/AutoQueryChatbot/.airflow-venv/lib/python3.12/site-packages/airflow/example_dags/example_bash_decorator.py
[2026-09-17T21:20:54.210+0200] {processor.py:925} INFO - DAG(s) 'example_bash_decorator' retrieved from /Users/swarnalidatta/Desktop/AutoQueryChatbot/.airflow-venv/lib/python3.12/site-packages/airflow/example_dags/example_bash_decorator.py
[2026-09-17T21:20:54.284+0200] {logging_mixin.py:190} INFO - [2026-09-17T21:20:54.284+0200] {dag.py:3239} INFO - Sync 1 DAGs
[2026-09-17T21:20:54.286+0200] {logging_mixin.py:190} INFO - [2026-09-17T21:20:54.286+0200] {dag.py:4180} INFO - Setting next_dagrun for example_bash_decorator to None, run_after=None
[2026-09-17T21:20:54.291+0200] {processor.py:208} INFO - Processing /Users/swarnalidatta/Desktop/AutoQueryChatbot/.airflow-venv/lib/python3.12/site-packages/airflow/example_dags/example_bash_decorator.py took 0.097 seconds
[2026-09-17T21:23:03.869+0200] {processor.py:186} INFO - Started process (PID=92718) to work on /Users/swarnalidatta/Desktop/AutoQueryChatbot/.airflow-venv/lib/python3.12/site-packages/airflow/example_dags/example_bash_decorator.py
[2026-09-17T21:23:03.869+0200] {processor.py:914} INFO - Processing file /Users/swarnalidatta/Desktop/AutoQueryChatbot/.airflow-venv/lib/python3.12/site-packages/airflow/example_dags/example_bash_decorator.py for tasks to queue
[2026-09-17T21:23:03.870+0200] {logging_mixin.py:190} INFO - [2026-09-17T21:23:03.870+0200] {dagbag.py:588} INFO - Filling up the DagBag from /Users/swarnalidatta/Desktop/AutoQueryChatbot/.airflow-venv/lib/python3.12/site-packages/airflow/example_dags/example_bash_decorator.py
[2026-09-17T21:23:03.884+0200] {processor.py:925} INFO - DAG(s) 'example_bash_decorator' retrieved from /Users/swarnalidatta/Desktop/AutoQueryChatbot/.airflow-venv/lib/python3.12/site-packages/airflow/example_dags/example_bash_decorator.py
[2026-09-17T21:23:03.959+0200] {logging_mixin.py:190} INFO - [2026-09-17T21:23:03.958+0200] {dag.py:3239} INFO - Sync 1 DAGs
[2026-09-17T21:23:03.961+0200] {logging_mixin.py:190} INFO - [2026-09-17T21:23:03.961+0200] {dag.py:4180} INFO - Setting next_dagrun for example_bash_decorator to None, run_after=None
[2026-09-17T21:23:03.966+0200] {processor.py:208} INFO - Processing /Users/swarnalidatta/Desktop/AutoQueryChatbot/.airflow-venv/lib/python3.12/site-packages/airflow/example_dags/example_bash_decorator.py took 0.098 seconds
[2026-09-17T21:25:07.356+0200] {processor.py:186} INFO - Started process (PID=93006) to work on /Users/swarnalidatta/Desktop/AutoQueryChatbot/.airflow-venv/lib/python3.12/site-packages/airflow/example_dags/example_bash_decorator.py
[2026-09-17T21:25:07.357+0200] {processor.py:914} INFO - Processing file /Users/swarnalidatta/Desktop/AutoQueryChatbot/.airflow-venv/lib/python3.12/site-packages/airflow/example_dags/example_bash_decorator.py for tasks to queue
[2026-09-17T21:25:07.357+0200] {logging_mixin.py:190} INFO - [2026-09-17T21:25:07.357+0200] {dagbag.py:588} INFO - Filling up the DagBag from /Users/swarnalidatta/Desktop/AutoQueryChatbot/.airflow-venv/lib/python3.12/site-packages/airflow/example_dags/example_bash_decorator.py
[2026-09-17T21:25:07.371+0200] {processor.py:925} INFO - DAG(s) 'example_bash_decorator' retrieved from /Users/swarnalidatta/Desktop/AutoQueryChatbot/.airflow-venv/lib/python3.12/site-packages/airflow/example_dags/example_bash_decorator.py
[2026-09-17T21:25:07.444+0200] {logging_mixin.py:190} INFO - [2026-09-17T21:25:07.444+0200] {dag.py:3239} INFO - Sync 1 DAGs
[2026-09-17T21:25:07.447+0200] {logging_mixin.py:190} INFO - [2026-09-17T21:25:07.447+0200] {dag.py:4180} INFO - Setting next_dagrun for example_bash_decorator to None, run_after=None
[2026-09-17T21:25:07.452+0200] {processor.py:208} INFO - Processing /Users/swarnalidatta/Desktop/AutoQueryChatbot/.airflow-venv/lib/python3.12/site-packages/airflow/example_dags/example_bash_decorator.py took 0.096 seconds
[2026-09-17T21:27:20.461+0200] {processor.py:186} INFO - Started process (PID=93308) to work on /Users/swarnalidatta/Desktop/AutoQueryChatbot/.airflow-venv/lib/python3.12/site-packages/airflow/example_dags/example_bash_decorator.py
[2026-09-17T21:27:20.462+0200] {processor.py:914} INFO - Processing file /Users/swarnalidatta/Desktop/AutoQueryChatbot/.airflow-venv/lib/python3.12/site-packages/airflow/example_dags/example_bash_decorator.py for tasks to queue
[2026-09-17T21:27:20.462+0200] {logging_mixin.py:190} INFO - [2026-09-17T21:27:20.462+0200] {dagbag.py:588} INFO - Filling up the DagBag from /Users/swarnalidatta/Desktop/AutoQueryChatbot/.airflow-venv/lib/python3.12/site-packages/airflow/example_dags/example_bash_decorator.py
[2026-09-17T21:27:20.476+0200] {processor.py:925} INFO - DAG(s) 'example_bash_decorator' retrieved from /Users/swarnalidatta/Desktop/AutoQueryChatbot/.airflow-venv/lib/python3.12/site-packages/airflow/example_dags/example_bash_decorator.py
[2026-09-17T21:27:20.550+0200] {logging_mixin.py:190} INFO - [2026-09-17T21:27:20.550+0200] {dag.py:3239} INFO - Sync 1 DAGs
[2026-09-17T21:27:20.552+0200] {logging_mixin.py:190} INFO - [2026-09-17T21:27:20.552+0200] {dag.py:4180} INFO - Setting next_dagrun for example_bash_decorator to None, run_after=None
[2026-09-17T21:27:20.558+0200] {processor.py:208} INFO - Processing /Users/swarnalidatta/Desktop/AutoQueryChatbot/.airflow-venv/lib/python3.12/site-packages/airflow/example_dags/example_bash_decorator.py took 0.097 seconds
[2026-09-17T21:29:28.873+0200] {processor.py:186} INFO - Started process (PID=93616) to work on /Users/swarnalidatta/Desktop/AutoQueryChatbot/.airflow-venv/lib/python3.12/site-packages/airflow/example_dags/example_bash_decorator.py
[2026-09-17T21:29:28.873+0200] {processor.py:914} INFO - Processing file /Users/swarnalidatta/Desktop/AutoQueryChatbot/.airflow-venv/lib/python3.12/site-packages/airflow/example_dags/example_bash_decorator.py for tasks to queue
[2026-09-17T21:29:28.874+0200] {logging_mixin.py:190} INFO - [2026-09-17T21:29:28.874+0200] {dagbag.py:588} INFO - Filling up the DagBag from /Users/swarnalidatta/Desktop/AutoQueryChatbot/.airflow-venv/lib/python3.12/site-packages/airflow/example_dags/example_bash_decorator.py
[2026-09-17T21:29:28.888+0200] {processor.py:925} INFO - DAG(s) 'example_bash_decorator' retrieved from /Users/swarnalidatta/Desktop/AutoQueryChatbot/.airflow-venv/lib/python3.12/site-packages/airflow/example_dags/example_bash_decorator.py
[2026-09-17T21:29:28.961+0200] {logging_mixin.py:190} INFO - [2026-09-17T21:29:28.961+0200] {dag.py:3239} INFO - Sync 1 DAGs
[2026-09-17T21:29:28.964+0200] {logging_mixin.py:190} INFO - [2026-09-17T21:29:28.964+0200] {dag.py:4180} INFO - Setting next_dagrun for example_bash_decorator to None, run_after=None
[2026-09-17T21:29:28.969+0200] {processor.py:208} INFO - Processing /Users/swarnalidatta/Desktop/AutoQueryChatbot/.airflow-venv/lib/python3.12/site-packages/airflow/example_dags/example_bash_decorator.py took 0.097 seconds
[2026-09-17T21:31:43.990+0200] {processor.py:186} INFO - Started process (PID=93927) to work on /Users/swarnalidatta/Desktop/AutoQueryChatbot/.airflow-venv/lib/python3.12/site-packages/airflow/example_dags/example_bash_decorator.py
[2026-09-17T21:31:43.991+0200] {processor.py:914} INFO - Processing file /Users/swarnalidatta/Desktop/AutoQueryChatbot/.airflow-venv/lib/python3.12/site-packages/airflow/example_dags/example_bash_decorator.py for tasks to queue
[2026-09-17T21:31:43.991+0200] {logging_mixin.py:190} INFO - [2026-09-17T21:31:43.991+0200] {dagbag.py:588} INFO - Filling up the DagBag from /Users/swarnalidatta/Desktop/AutoQueryChatbot/.airflow-venv/lib/python3.12/site-packages/airflow/example_dags/example_bash_decorator.py
[2026-09-17T21:31:44.006+0200] {processor.py:925} INFO - DAG(s) 'example_bash_decorator' retrieved from /Users/swarnalidatta/Desktop/AutoQueryChatbot/.airflow-venv/lib/python3.12/site-packages/airflow/example_dags/example_bash_decorator.py
[2026-09-17T21:31:44.084+0200] {logging_mixin.py:190} INFO - [2026-09-17T21:31:44.084+0200] {dag.py:3239} INFO - Sync 1 DAGs
[2026-09-17T21:31:44.087+0200] {logging_mixin.py:190} INFO - [2026-09-17T21:31:44.087+0200] {dag.py:4180} INFO - Setting next_dagrun for example_bash_decorator to None, run_after=None
[2026-09-17T21:31:44.092+0200] {processor.py:208} INFO - Processing /Users/swarnalidatta/Desktop/AutoQueryChatbot/.airflow-venv/lib/python3.12/site-packages/airflow/example_dags/example_bash_decorator.py took 0.103 seconds
[2026-09-17T21:33:55.388+0200] {processor.py:186} INFO - Started process (PID=94245) to work on /Users/swarnalidatta/Desktop/AutoQueryChatbot/.airflow-venv/lib/python3.12/site-packages/airflow/example_dags/example_bash_decorator.py
[2026-09-17T21:33:55.388+0200] {processor.py:914} INFO - Processing file /Users/swarnalidatta/Desktop/AutoQueryChatbot/.airflow-venv/lib/python3.12/site-packages/airflow/example_dags/example_bash_decorator.py for tasks to queue
[2026-09-17T21:33:55.389+0200] {logging_mixin.py:190} INFO - [2026-09-17T21:33:55.389+0200] {dagbag.py:588} INFO - Filling up the DagBag from /Users/swarnalidatta/Desktop/AutoQueryChatbot/.airflow-venv/lib/python3.12/site-packages/airflow/example_dags/example_bash_decorator.py
[2026-09-17T21:33:55.403+0200] {processor.py:925} INFO - DAG(s) 'example_bash_decorator' retrieved from /Users/swarnalidatta/Desktop/AutoQueryChatbot/.airflow-venv/lib/python3.12/site-packages/airflow/example_dags/example_bash_decorator.py
[2026-09-17T21:33:55.476+0200] {logging_mixin.py:190} INFO - [2026-09-17T21:33:55.476+0200] {dag.py:3239} INFO - Sync 1 DAGs
[2026-09-17T21:33:55.479+0200] {logging_mixin.py:190} INFO - [2026-09-17T21:33:55.479+0200] {dag.py:4180} INFO - Setting next_dagrun for example_bash_decorator to None, run_after=None
[2026-09-17T21:33:55.484+0200] {processor.py:208} INFO - Processing /Users/swarnalidatta/Desktop/AutoQueryChatbot/.airflow-venv/lib/python3.12/site-packages/airflow/example_dags/example_bash_decorator.py took 0.097 seconds
[2026-09-17T21:36:06.233+0200] {processor.py:186} INFO - Started process (PID=94552) to work on /Users/swarnalidatta/Desktop/AutoQueryChatbot/.airflow-venv/lib/python3.12/site-packages/airflow/example_dags/example_bash_decorator.py
[2026-09-17T21:36:06.233+0200] {processor.py:914} INFO - Processing file /Users/swarnalidatta/Desktop/AutoQueryChatbot/.airflow-venv/lib/python3.12/site-packages/airflow/example_dags/example_bash_decorator.py for tasks to queue
[2026-09-17T21:36:06.233+0200] {logging_mixin.py:190} INFO - [2026-09-17T21:36:06.233+0200] {dagbag.py:588} INFO - Filling up the DagBag from /Users/swarnalidatta/Desktop/AutoQueryChatbot/.airflow-venv/lib/python3.12/site-packages/airflow/example_dags/example_bash_decorator.py
[2026-09-17T21:36:06.247+0200] {processor.py:925} INFO - DAG(s) 'example_bash_decorator' retrieved from /Users/swarnalidatta/Desktop/AutoQueryChatbot/.airflow-venv/lib/python3.12/site-packages/airflow/example_dags/example_bash_decorator.py
[2026-09-17T21:36:06.321+0200] {logging_mixin.py:190} INFO - [2026-09-17T21:36:06.321+0200] {dag.py:3239} INFO - Sync 1 DAGs
[2026-09-17T21:36:06.324+0200] {logging_mixin.py:190} INFO - [2026-09-17T21:36:06.324+0200] {dag.py:4180} INFO - Setting next_dagrun for example_bash_decorator to None, run_after=None
[2026-09-17T21:36:06.329+0200] {processor.py:208} INFO - Processing /Users/swarnalidatta/Desktop/AutoQueryChatbot/.airflow-venv/lib/python3.12/site-packages/airflow/example_dags/example_bash_decorator.py took 0.097 seconds
[2026-09-17T21:38:13.376+0200] {processor.py:186} INFO - Started process (PID=94842) to work on /Users/swarnalidatta/Desktop/AutoQueryChatbot/.airflow-venv/lib/python3.12/site-packages/airflow/example_dags/example_bash_decorator.py
[2026-09-17T21:38:13.377+0200] {processor.py:914} INFO - Processing file /Users/swarnalidatta/Desktop/AutoQueryChatbot/.airflow-venv/lib/python3.12/site-packages/airflow/example_dags/example_bash_decorator.py for tasks to queue
[2026-09-17T21:38:13.377+0200] {logging_mixin.py:190} INFO - [2026-09-17T21:38:13.377+0200] {dagbag.py:588} INFO - Filling up the DagBag from /Users/swarnalidatta/Desktop/AutoQueryChatbot/.airflow-venv/lib/python3.12/site-packages/airflow/example_dags/example_bash_decorator.py
[2026-09-17T21:38:13.391+0200] {processor.py:925} INFO - DAG(s) 'example_bash_decorator' retrieved from /Users/swarnalidatta/Desktop/AutoQueryChatbot/.airflow-venv/lib/python3.12/site-packages/airflow/example_dags/example_bash_decorator.py
[2026-09-17T21:38:13.468+0200] {logging_mixin.py:190} INFO - [2026-09-17T21:38:13.468+0200] {dag.py:3239} INFO - Sync 1 DAGs
[2026-09-17T21:38:13.471+0200] {logging_mixin.py:190} INFO - [2026-09-17T21:38:13.470+0200] {dag.py:4180} INFO - Setting next_dagrun for example_bash_decorator to None, run_after=None
[2026-09-17T21:38:13.475+0200] {processor.py:208} INFO - Processing /Users/swarnalidatta/Desktop/AutoQueryChatbot/.airflow-venv/lib/python3.12/site-packages/airflow/example_dags/example_bash_decorator.py took 0.100 seconds
[2026-09-17T21:49:33.954+0200] {processor.py:186} INFO - Started process (PID=95151) to work on /Users/swarnalidatta/Desktop/AutoQueryChatbot/.airflow-venv/lib/python3.12/site-packages/airflow/example_dags/example_bash_decorator.py
[2026-09-17T21:49:33.955+0200] {processor.py:914} INFO - Processing file /Users/swarnalidatta/Desktop/AutoQueryChatbot/.airflow-venv/lib/python3.12/site-packages/airflow/example_dags/example_bash_decorator.py for tasks to queue
[2026-09-17T21:49:33.955+0200] {logging_mixin.py:190} INFO - [2026-09-17T21:49:33.955+0200] {dagbag.py:588} INFO - Filling up the DagBag from /Users/swarnalidatta/Desktop/AutoQueryChatbot/.airflow-venv/lib/python3.12/site-packages/airflow/example_dags/example_bash_decorator.py
[2026-09-17T21:49:33.969+0200] {processor.py:925} INFO - DAG(s) 'example_bash_decorator' retrieved from /Users/swarnalidatta/Desktop/AutoQueryChatbot/.airflow-venv/lib/python3.12/site-packages/airflow/example_dags/example_bash_decorator.py
[2026-09-17T21:49:34.043+0200] {logging_mixin.py:190} INFO - [2026-09-17T21:49:34.043+0200] {dag.py:3239} INFO - Sync 1 DAGs
[2026-09-17T21:49:34.046+0200] {logging_mixin.py:190} INFO - [2026-09-17T21:49:34.046+0200] {dag.py:4180} INFO - Setting next_dagrun for example_bash_decorator to None, run_after=None
[2026-09-17T21:49:34.051+0200] {processor.py:208} INFO - Processing /Users/swarnalidatta/Desktop/AutoQueryChatbot/.airflow-venv/lib/python3.12/site-packages/airflow/example_dags/example_bash_decorator.py took 0.097 seconds
[2026-09-17T21:51:42.742+0200] {processor.py:186} INFO - Started process (PID=95438) to work on /Users/swarnalidatta/Desktop/AutoQueryChatbot/.airflow-venv/lib/python3.12/site-packages/airflow/example_dags/example_bash_decorator.py
[2026-09-17T21:51:42.743+0200] {processor.py:914} INFO - Processing file /Users/swarnalidatta/Desktop/AutoQueryChatbot/.airflow-venv/lib/python3.12/site-packages/airflow/example_dags/example_bash_decorator.py for tasks to queue
[2026-09-17T21:51:42.743+0200] {logging_mixin.py:190} INFO - [2026-09-17T21:51:42.743+0200] {dagbag.py:588} INFO - Filling up the DagBag from /Users/swarnalidatta/Desktop/AutoQueryChatbot/.airflow-venv/lib/python3.12/site-packages/airflow/example_dags/example_bash_decorator.py
[2026-09-17T21:51:42.757+0200] {processor.py:925} INFO - DAG(s) 'example_bash_decorator' retrieved from /Users/swarnalidatta/Desktop/AutoQueryChatbot/.airflow-venv/lib/python3.12/site-packages/airflow/example_dags/example_bash_decorator.py
[2026-09-17T21:51:42.831+0200] {logging_mixin.py:190} INFO - [2026-09-17T21:51:42.831+0200] {dag.py:3239} INFO - Sync 1 DAGs
[2026-09-17T21:51:42.833+0200] {logging_mixin.py:190} INFO - [2026-09-17T21:51:42.833+0200] {dag.py:4180} INFO - Setting next_dagrun for example_bash_decorator to None, run_after=None
[2026-09-17T21:51:42.838+0200] {processor.py:208} INFO - Processing /Users/swarnalidatta/Desktop/AutoQueryChatbot/.airflow-venv/lib/python3.12/site-packages/airflow/example_dags/example_bash_decorator.py took 0.097 seconds
[2026-09-17T21:53:51.461+0200] {processor.py:186} INFO - Started process (PID=95732) to work on /Users/swarnalidatta/Desktop/AutoQueryChatbot/.airflow-venv/lib/python3.12/site-packages/airflow/example_dags/example_bash_decorator.py
[2026-09-17T21:53:51.462+0200] {processor.py:914} INFO - Processing file /Users/swarnalidatta/Desktop/AutoQueryChatbot/.airflow-venv/lib/python3.12/site-packages/airflow/example_dags/example_bash_decorator.py for tasks to queue
[2026-09-17T21:53:51.462+0200] {logging_mixin.py:190} INFO - [2026-09-17T21:53:51.462+0200] {dagbag.py:588} INFO - Filling up the DagBag from /Users/swarnalidatta/Desktop/AutoQueryChatbot/.airflow-venv/lib/python3.12/site-packages/airflow/example_dags/example_bash_decorator.py
[2026-09-17T21:53:51.475+0200] {processor.py:925} INFO - DAG(s) 'example_bash_decorator' retrieved from /Users/swarnalidatta/Desktop/AutoQueryChatbot/.airflow-venv/lib/python3.12/site-packages/airflow/example_dags/example_bash_decorator.py
[2026-09-17T21:53:51.548+0200] {logging_mixin.py:190} INFO - [2026-09-17T21:53:51.548+0200] {dag.py:3239} INFO - Sync 1 DAGs
[2026-09-17T21:53:51.551+0200] {logging_mixin.py:190} INFO - [2026-09-17T21:53:51.550+0200] {dag.py:4180} INFO - Setting next_dagrun for example_bash_decorator to None, run_after=None
[2026-09-17T21:53:51.555+0200] {processor.py:208} INFO - Processing /Users/swarnalidatta/Desktop/AutoQueryChatbot/.airflow-venv/lib/python3.12/site-packages/airflow/example_dags/example_bash_decorator.py took 0.095 seconds
[2026-09-17T21:55:59.214+0200] {processor.py:186} INFO - Started process (PID=96026) to work on /Users/swarnalidatta/Desktop/AutoQueryChatbot/.airflow-venv/lib/python3.12/site-packages/airflow/example_dags/example_bash_decorator.py
[2026-09-17T21:55:59.214+0200] {processor.py:914} INFO - Processing file /Users/swarnalidatta/Desktop/AutoQueryChatbot/.airflow-venv/lib/python3.12/site-packages/airflow/example_dags/example_bash_decorator.py for tasks to queue
[2026-09-17T21:55:59.214+0200] {logging_mixin.py:190} INFO - [2026-09-17T21:55:59.214+0200] {dagbag.py:588} INFO - Filling up the DagBag from /Users/swarnalidatta/Desktop/AutoQueryChatbot/.airflow-venv/lib/python3.12/site-packages/airflow/example_dags/example_bash_decorator.py
[2026-09-17T21:55:59.228+0200] {processor.py:925} INFO - DAG(s) 'example_bash_decorator' retrieved from /Users/swarnalidatta/Desktop/AutoQueryChatbot/.airflow-venv/lib/python3.12/site-packages/airflow/example_dags/example_bash_decorator.py
[2026-09-17T21:55:59.301+0200] {logging_mixin.py:190} INFO - [2026-09-17T21:55:59.300+0200] {dag.py:3239} INFO - Sync 1 DAGs
[2026-09-17T21:55:59.303+0200] {logging_mixin.py:190} INFO - [2026-09-17T21:55:59.303+0200] {dag.py:4180} INFO - Setting next_dagrun for example_bash_decorator to None, run_after=None
[2026-09-17T21:55:59.308+0200] {processor.py:208} INFO - Processing /Users/swarnalidatta/Desktop/AutoQueryChatbot/.airflow-venv/lib/python3.12/site-packages/airflow/example_dags/example_bash_decorator.py took 0.096 seconds
[2026-09-17T21:58:08.490+0200] {processor.py:186} INFO - Started process (PID=96314) to work on /Users/swarnalidatta/Desktop/AutoQueryChatbot/.airflow-venv/lib/python3.12/site-packages/airflow/example_dags/example_bash_decorator.py
[2026-09-17T21:58:08.490+0200] {processor.py:914} INFO - Processing file /Users/swarnalidatta/Desktop/AutoQueryChatbot/.airflow-venv/lib/python3.12/site-packages/airflow/example_dags/example_bash_decorator.py for tasks to queue
[2026-09-17T21:58:08.490+0200] {logging_mixin.py:190} INFO - [2026-09-17T21:58:08.490+0200] {dagbag.py:588} INFO - Filling up the DagBag from /Users/swarnalidatta/Desktop/AutoQueryChatbot/.airflow-venv/lib/python3.12/site-packages/airflow/example_dags/example_bash_decorator.py
[2026-09-17T21:58:08.504+0200] {processor.py:925} INFO - DAG(s) 'example_bash_decorator' retrieved from /Users/swarnalidatta/Desktop/AutoQueryChatbot/.airflow-venv/lib/python3.12/site-packages/airflow/example_dags/example_bash_decorator.py
[2026-09-17T21:58:08.577+0200] {logging_mixin.py:190} INFO - [2026-09-17T21:58:08.577+0200] {dag.py:3239} INFO - Sync 1 DAGs
[2026-09-17T21:58:08.579+0200] {logging_mixin.py:190} INFO - [2026-09-17T21:58:08.579+0200] {dag.py:4180} INFO - Setting next_dagrun for example_bash_decorator to None, run_after=None
[2026-09-17T21:58:08.584+0200] {processor.py:208} INFO - Processing /Users/swarnalidatta/Desktop/AutoQueryChatbot/.airflow-venv/lib/python3.12/site-packages/airflow/example_dags/example_bash_decorator.py took 0.096 seconds
[2026-09-17T22:00:17.841+0200] {processor.py:186} INFO - Started process (PID=96612) to work on /Users/swarnalidatta/Desktop/AutoQueryChatbot/.airflow-venv/lib/python3.12/site-packages/airflow/example_dags/example_bash_decorator.py
[2026-09-17T22:00:17.842+0200] {processor.py:914} INFO - Processing file /Users/swarnalidatta/Desktop/AutoQueryChatbot/.airflow-venv/lib/python3.12/site-packages/airflow/example_dags/example_bash_decorator.py for tasks to queue
[2026-09-17T22:00:17.842+0200] {logging_mixin.py:190} INFO - [2026-09-17T22:00:17.842+0200] {dagbag.py:588} INFO - Filling up the DagBag from /Users/swarnalidatta/Desktop/AutoQueryChatbot/.airflow-venv/lib/python3.12/site-packages/airflow/example_dags/example_bash_decorator.py
[2026-09-17T22:00:17.856+0200] {processor.py:925} INFO - DAG(s) 'example_bash_decorator' retrieved from /Users/swarnalidatta/Desktop/AutoQueryChatbot/.airflow-venv/lib/python3.12/site-packages/airflow/example_dags/example_bash_decorator.py
[2026-09-17T22:00:17.930+0200] {logging_mixin.py:190} INFO - [2026-09-17T22:00:17.929+0200] {dag.py:3239} INFO - Sync 1 DAGs
[2026-09-17T22:00:17.932+0200] {logging_mixin.py:190} INFO - [2026-09-17T22:00:17.932+0200] {dag.py:4180} INFO - Setting next_dagrun for example_bash_decorator to None, run_after=None
[2026-09-17T22:00:17.937+0200] {processor.py:208} INFO - Processing /Users/swarnalidatta/Desktop/AutoQueryChatbot/.airflow-venv/lib/python3.12/site-packages/airflow/example_dags/example_bash_decorator.py took 0.097 seconds
[2026-09-17T22:37:05.018+0200] {processor.py:186} INFO - Started process (PID=97049) to work on /Users/swarnalidatta/Desktop/AutoQueryChatbot/.airflow-venv/lib/python3.12/site-packages/airflow/example_dags/example_bash_decorator.py
[2026-09-17T22:37:05.019+0200] {processor.py:914} INFO - Processing file /Users/swarnalidatta/Desktop/AutoQueryChatbot/.airflow-venv/lib/python3.12/site-packages/airflow/example_dags/example_bash_decorator.py for tasks to queue
[2026-09-17T22:37:05.019+0200] {logging_mixin.py:190} INFO - [2026-09-17T22:37:05.019+0200] {dagbag.py:588} INFO - Filling up the DagBag from /Users/swarnalidatta/Desktop/AutoQueryChatbot/.airflow-venv/lib/python3.12/site-packages/airflow/example_dags/example_bash_decorator.py
[2026-09-17T22:37:05.033+0200] {processor.py:925} INFO - DAG(s) 'example_bash_decorator' retrieved from /Users/swarnalidatta/Desktop/AutoQueryChatbot/.airflow-venv/lib/python3.12/site-packages/airflow/example_dags/example_bash_decorator.py
[2026-09-17T22:37:05.104+0200] {logging_mixin.py:190} INFO - [2026-09-17T22:37:05.104+0200] {dag.py:3239} INFO - Sync 1 DAGs
[2026-09-17T22:37:05.107+0200] {logging_mixin.py:190} INFO - [2026-09-17T22:37:05.107+0200] {dag.py:4180} INFO - Setting next_dagrun for example_bash_decorator to None, run_after=None
[2026-09-17T22:37:05.112+0200] {processor.py:208} INFO - Processing /Users/swarnalidatta/Desktop/AutoQueryChatbot/.airflow-venv/lib/python3.12/site-packages/airflow/example_dags/example_bash_decorator.py took 0.095 seconds
[2026-09-17T22:39:19.271+0200] {processor.py:186} INFO - Started process (PID=97364) to work on /Users/swarnalidatta/Desktop/AutoQueryChatbot/.airflow-venv/lib/python3.12/site-packages/airflow/example_dags/example_bash_decorator.py
[2026-09-17T22:39:19.272+0200] {processor.py:914} INFO - Processing file /Users/swarnalidatta/Desktop/AutoQueryChatbot/.airflow-venv/lib/python3.12/site-packages/airflow/example_dags/example_bash_decorator.py for tasks to queue
[2026-09-17T22:39:19.272+0200] {logging_mixin.py:190} INFO - [2026-09-17T22:39:19.272+0200] {dagbag.py:588} INFO - Filling up the DagBag from /Users/swarnalidatta/Desktop/AutoQueryChatbot/.airflow-venv/lib/python3.12/site-packages/airflow/example_dags/example_bash_decorator.py
[2026-09-17T22:39:19.286+0200] {processor.py:925} INFO - DAG(s) 'example_bash_decorator' retrieved from /Users/swarnalidatta/Desktop/AutoQueryChatbot/.airflow-venv/lib/python3.12/site-packages/airflow/example_dags/example_bash_decorator.py
[2026-09-17T22:39:19.357+0200] {logging_mixin.py:190} INFO - [2026-09-17T22:39:19.357+0200] {dag.py:3239} INFO - Sync 1 DAGs
[2026-09-17T22:39:19.360+0200] {logging_mixin.py:190} INFO - [2026-09-17T22:39:19.360+0200] {dag.py:4180} INFO - Setting next_dagrun for example_bash_decorator to None, run_after=None
[2026-09-17T22:39:19.364+0200] {processor.py:208} INFO - Processing /Users/swarnalidatta/Desktop/AutoQueryChatbot/.airflow-venv/lib/python3.12/site-packages/airflow/example_dags/example_bash_decorator.py took 0.094 seconds
[2026-09-17T22:41:32.201+0200] {processor.py:186} INFO - Started process (PID=97666) to work on /Users/swarnalidatta/Desktop/AutoQueryChatbot/.airflow-venv/lib/python3.12/site-packages/airflow/example_dags/example_bash_decorator.py
[2026-09-17T22:41:32.201+0200] {processor.py:914} INFO - Processing file /Users/swarnalidatta/Desktop/AutoQueryChatbot/.airflow-venv/lib/python3.12/site-packages/airflow/example_dags/example_bash_decorator.py for tasks to queue
[2026-09-17T22:41:32.202+0200] {logging_mixin.py:190} INFO - [2026-09-17T22:41:32.202+0200] {dagbag.py:588} INFO - Filling up the DagBag from /Users/swarnalidatta/Desktop/AutoQueryChatbot/.airflow-venv/lib/python3.12/site-packages/airflow/example_dags/example_bash_decorator.py
[2026-09-17T22:41:32.215+0200] {processor.py:925} INFO - DAG(s) 'example_bash_decorator' retrieved from /Users/swarnalidatta/Desktop/AutoQueryChatbot/.airflow-venv/lib/python3.12/site-packages/airflow/example_dags/example_bash_decorator.py
[2026-09-17T22:41:32.287+0200] {logging_mixin.py:190} INFO - [2026-09-17T22:41:32.286+0200] {dag.py:3239} INFO - Sync 1 DAGs
[2026-09-17T22:41:32.289+0200] {logging_mixin.py:190} INFO - [2026-09-17T22:41:32.289+0200] {dag.py:4180} INFO - Setting next_dagrun for example_bash_decorator to None, run_after=None
[2026-09-17T22:41:32.294+0200] {processor.py:208} INFO - Processing /Users/swarnalidatta/Desktop/AutoQueryChatbot/.airflow-venv/lib/python3.12/site-packages/airflow/example_dags/example_bash_decorator.py took 0.094 seconds
[2026-09-17T22:59:57.601+0200] {processor.py:186} INFO - Started process (PID=97986) to work on /Users/swarnalidatta/Desktop/AutoQueryChatbot/.airflow-venv/lib/python3.12/site-packages/airflow/example_dags/example_bash_decorator.py
[2026-09-17T22:59:57.601+0200] {processor.py:914} INFO - Processing file /Users/swarnalidatta/Desktop/AutoQueryChatbot/.airflow-venv/lib/python3.12/site-packages/airflow/example_dags/example_bash_decorator.py for tasks to queue
[2026-09-17T22:59:57.602+0200] {logging_mixin.py:190} INFO - [2026-09-17T22:59:57.601+0200] {dagbag.py:588} INFO - Filling up the DagBag from /Users/swarnalidatta/Desktop/AutoQueryChatbot/.airflow-venv/lib/python3.12/site-packages/airflow/example_dags/example_bash_decorator.py
[2026-09-17T22:59:57.615+0200] {processor.py:925} INFO - DAG(s) 'example_bash_decorator' retrieved from /Users/swarnalidatta/Desktop/AutoQueryChatbot/.airflow-venv/lib/python3.12/site-packages/airflow/example_dags/example_bash_decorator.py
[2026-09-17T22:59:57.686+0200] {logging_mixin.py:190} INFO - [2026-09-17T22:59:57.686+0200] {dag.py:3239} INFO - Sync 1 DAGs
[2026-09-17T22:59:57.689+0200] {logging_mixin.py:190} INFO - [2026-09-17T22:59:57.689+0200] {dag.py:4180} INFO - Setting next_dagrun for example_bash_decorator to None, run_after=None
[2026-09-17T22:59:57.694+0200] {processor.py:208} INFO - Processing /Users/swarnalidatta/Desktop/AutoQueryChatbot/.airflow-venv/lib/python3.12/site-packages/airflow/example_dags/example_bash_decorator.py took 0.094 seconds
[2026-09-17T23:48:41.558+0200] {processor.py:186} INFO - Started process (PID=98376) to work on /Users/swarnalidatta/Desktop/AutoQueryChatbot/.airflow-venv/lib/python3.12/site-packages/airflow/example_dags/example_bash_decorator.py
[2026-09-17T23:48:41.559+0200] {processor.py:914} INFO - Processing file /Users/swarnalidatta/Desktop/AutoQueryChatbot/.airflow-venv/lib/python3.12/site-packages/airflow/example_dags/example_bash_decorator.py for tasks to queue
[2026-09-17T23:48:41.559+0200] {logging_mixin.py:190} INFO - [2026-09-17T23:48:41.559+0200] {dagbag.py:588} INFO - Filling up the DagBag from /Users/swarnalidatta/Desktop/AutoQueryChatbot/.airflow-venv/lib/python3.12/site-packages/airflow/example_dags/example_bash_decorator.py
[2026-09-17T23:48:41.572+0200] {processor.py:925} INFO - DAG(s) 'example_bash_decorator' retrieved from /Users/swarnalidatta/Desktop/AutoQueryChatbot/.airflow-venv/lib/python3.12/site-packages/airflow/example_dags/example_bash_decorator.py
[2026-09-17T23:48:41.643+0200] {logging_mixin.py:190} INFO - [2026-09-17T23:48:41.642+0200] {dag.py:3239} INFO - Sync 1 DAGs
[2026-09-17T23:48:41.645+0200] {logging_mixin.py:190} INFO - [2026-09-17T23:48:41.645+0200] {dag.py:4180} INFO - Setting next_dagrun for example_bash_decorator to None, run_after=None
[2026-09-17T23:48:41.650+0200] {processor.py:208} INFO - Processing /Users/swarnalidatta/Desktop/AutoQueryChatbot/.airflow-venv/lib/python3.12/site-packages/airflow/example_dags/example_bash_decorator.py took 0.093 seconds
[2026-09-18T00:11:06.150+0200] {processor.py:186} INFO - Started process (PID=98780) to work on /Users/swarnalidatta/Desktop/AutoQueryChatbot/.airflow-venv/lib/python3.12/site-packages/airflow/example_dags/example_bash_decorator.py
[2026-09-18T00:11:06.151+0200] {processor.py:914} INFO - Processing file /Users/swarnalidatta/Desktop/AutoQueryChatbot/.airflow-venv/lib/python3.12/site-packages/airflow/example_dags/example_bash_decorator.py for tasks to queue
[2026-09-18T00:11:06.151+0200] {logging_mixin.py:190} INFO - [2026-09-18T00:11:06.151+0200] {dagbag.py:588} INFO - Filling up the DagBag from /Users/swarnalidatta/Desktop/AutoQueryChatbot/.airflow-venv/lib/python3.12/site-packages/airflow/example_dags/example_bash_decorator.py
[2026-09-18T00:11:06.165+0200] {processor.py:925} INFO - DAG(s) 'example_bash_decorator' retrieved from /Users/swarnalidatta/Desktop/AutoQueryChatbot/.airflow-venv/lib/python3.12/site-packages/airflow/example_dags/example_bash_decorator.py
[2026-09-18T00:11:06.235+0200] {logging_mixin.py:190} INFO - [2026-09-18T00:11:06.235+0200] {dag.py:3239} INFO - Sync 1 DAGs
[2026-09-18T00:11:06.238+0200] {logging_mixin.py:190} INFO - [2026-09-18T00:11:06.238+0200] {dag.py:4180} INFO - Setting next_dagrun for example_bash_decorator to None, run_after=None
[2026-09-18T00:11:06.243+0200] {processor.py:208} INFO - Processing /Users/swarnalidatta/Desktop/AutoQueryChatbot/.airflow-venv/lib/python3.12/site-packages/airflow/example_dags/example_bash_decorator.py took 0.093 seconds
[2026-09-18T00:26:12.897+0200] {processor.py:186} INFO - Started process (PID=99019) to work on /Users/swarnalidatta/Desktop/AutoQueryChatbot/.airflow-venv/lib/python3.12/site-packages/airflow/example_dags/example_bash_decorator.py
[2026-09-18T00:26:12.898+0200] {processor.py:914} INFO - Processing file /Users/swarnalidatta/Desktop/AutoQueryChatbot/.airflow-venv/lib/python3.12/site-packages/airflow/example_dags/example_bash_decorator.py for tasks to queue
[2026-09-18T00:26:12.898+0200] {logging_mixin.py:190} INFO - [2026-09-18T00:26:12.898+0200] {dagbag.py:588} INFO - Filling up the DagBag from /Users/swarnalidatta/Desktop/AutoQueryChatbot/.airflow-venv/lib/python3.12/site-packages/airflow/example_dags/example_bash_decorator.py
[2026-09-18T00:26:12.912+0200] {processor.py:925} INFO - DAG(s) 'example_bash_decorator' retrieved from /Users/swarnalidatta/Desktop/AutoQueryChatbot/.airflow-venv/lib/python3.12/site-packages/airflow/example_dags/example_bash_decorator.py
[2026-09-18T00:26:12.982+0200] {logging_mixin.py:190} INFO - [2026-09-18T00:26:12.982+0200] {dag.py:3239} INFO - Sync 1 DAGs
[2026-09-18T00:26:12.985+0200] {logging_mixin.py:190} INFO - [2026-09-18T00:26:12.985+0200] {dag.py:4180} INFO - Setting next_dagrun for example_bash_decorator to None, run_after=None
[2026-09-18T00:26:12.990+0200] {processor.py:208} INFO - Processing /Users/swarnalidatta/Desktop/AutoQueryChatbot/.airflow-venv/lib/python3.12/site-packages/airflow/example_dags/example_bash_decorator.py took 0.093 seconds
[2026-09-18T00:36:26.431+0200] {processor.py:186} INFO - Started process (PID=99335) to work on /Users/swarnalidatta/Desktop/AutoQueryChatbot/.airflow-venv/lib/python3.12/site-packages/airflow/example_dags/example_bash_decorator.py
[2026-09-18T00:36:26.432+0200] {processor.py:914} INFO - Processing file /Users/swarnalidatta/Desktop/AutoQueryChatbot/.airflow-venv/lib/python3.12/site-packages/airflow/example_dags/example_bash_decorator.py for tasks to queue
[2026-09-18T00:36:26.432+0200] {logging_mixin.py:190} INFO - [2026-09-18T00:36:26.432+0200] {dagbag.py:588} INFO - Filling up the DagBag from /Users/swarnalidatta/Desktop/AutoQueryChatbot/.airflow-venv/lib/python3.12/site-packages/airflow/example_dags/example_bash_decorator.py
[2026-09-18T00:36:26.445+0200] {processor.py:925} INFO - DAG(s) 'example_bash_decorator' retrieved from /Users/swarnalidatta/Desktop/AutoQueryChatbot/.airflow-venv/lib/python3.12/site-packages/airflow/example_dags/example_bash_decorator.py
[2026-09-18T00:36:26.516+0200] {logging_mixin.py:190} INFO - [2026-09-18T00:36:26.516+0200] {dag.py:3239} INFO - Sync 1 DAGs
[2026-09-18T00:36:26.519+0200] {logging_mixin.py:190} INFO - [2026-09-18T00:36:26.519+0200] {dag.py:4180} INFO - Setting next_dagrun for example_bash_decorator to None, run_after=None
[2026-09-18T00:36:26.524+0200] {processor.py:208} INFO - Processing /Users/swarnalidatta/Desktop/AutoQueryChatbot/.airflow-venv/lib/python3.12/site-packages/airflow/example_dags/example_bash_decorator.py took 0.093 seconds
[2026-09-18T00:46:16.294+0200] {processor.py:186} INFO - Started process (PID=99682) to work on /Users/swarnalidatta/Desktop/AutoQueryChatbot/.airflow-venv/lib/python3.12/site-packages/airflow/example_dags/example_bash_decorator.py
[2026-09-18T00:46:16.294+0200] {processor.py:914} INFO - Processing file /Users/swarnalidatta/Desktop/AutoQueryChatbot/.airflow-venv/lib/python3.12/site-packages/airflow/example_dags/example_bash_decorator.py for tasks to queue
[2026-09-18T00:46:16.294+0200] {logging_mixin.py:190} INFO - [2026-09-18T00:46:16.294+0200] {dagbag.py:588} INFO - Filling up the DagBag from /Users/swarnalidatta/Desktop/AutoQueryChatbot/.airflow-venv/lib/python3.12/site-packages/airflow/example_dags/example_bash_decorator.py
[2026-09-18T00:46:16.308+0200] {processor.py:925} INFO - DAG(s) 'example_bash_decorator' retrieved from /Users/swarnalidatta/Desktop/AutoQueryChatbot/.airflow-venv/lib/python3.12/site-packages/airflow/example_dags/example_bash_decorator.py
[2026-09-18T00:46:16.379+0200] {logging_mixin.py:190} INFO - [2026-09-18T00:46:16.379+0200] {dag.py:3239} INFO - Sync 1 DAGs
[2026-09-18T00:46:16.381+0200] {logging_mixin.py:190} INFO - [2026-09-18T00:46:16.381+0200] {dag.py:4180} INFO - Setting next_dagrun for example_bash_decorator to None, run_after=None
[2026-09-18T00:46:16.386+0200] {processor.py:208} INFO - Processing /Users/swarnalidatta/Desktop/AutoQueryChatbot/.airflow-venv/lib/python3.12/site-packages/airflow/example_dags/example_bash_decorator.py took 0.093 seconds
[2026-09-18T00:52:25.361+0200] {processor.py:186} INFO - Started process (PID=111) to work on /Users/swarnalidatta/Desktop/AutoQueryChatbot/.airflow-venv/lib/python3.12/site-packages/airflow/example_dags/example_bash_decorator.py
[2026-09-18T00:52:25.362+0200] {processor.py:914} INFO - Processing file /Users/swarnalidatta/Desktop/AutoQueryChatbot/.airflow-venv/lib/python3.12/site-packages/airflow/example_dags/example_bash_decorator.py for tasks to queue
[2026-09-18T00:52:25.362+0200] {logging_mixin.py:190} INFO - [2026-09-18T00:52:25.362+0200] {dagbag.py:588} INFO - Filling up the DagBag from /Users/swarnalidatta/Desktop/AutoQueryChatbot/.airflow-venv/lib/python3.12/site-packages/airflow/example_dags/example_bash_decorator.py
[2026-09-18T00:52:25.376+0200] {processor.py:925} INFO - DAG(s) 'example_bash_decorator' retrieved from /Users/swarnalidatta/Desktop/AutoQueryChatbot/.airflow-venv/lib/python3.12/site-packages/airflow/example_dags/example_bash_decorator.py
[2026-09-18T00:52:25.446+0200] {logging_mixin.py:190} INFO - [2026-09-18T00:52:25.446+0200] {dag.py:3239} INFO - Sync 1 DAGs
[2026-09-18T00:52:25.449+0200] {logging_mixin.py:190} INFO - [2026-09-18T00:52:25.448+0200] {dag.py:4180} INFO - Setting next_dagrun for example_bash_decorator to None, run_after=None
[2026-09-18T00:52:25.453+0200] {processor.py:208} INFO - Processing /Users/swarnalidatta/Desktop/AutoQueryChatbot/.airflow-venv/lib/python3.12/site-packages/airflow/example_dags/example_bash_decorator.py took 0.093 seconds
[2026-09-18T00:57:14.585+0200] {processor.py:186} INFO - Started process (PID=447) to work on /Users/swarnalidatta/Desktop/AutoQueryChatbot/.airflow-venv/lib/python3.12/site-packages/airflow/example_dags/example_bash_decorator.py
[2026-09-18T00:57:14.586+0200] {processor.py:914} INFO - Processing file /Users/swarnalidatta/Desktop/AutoQueryChatbot/.airflow-venv/lib/python3.12/site-packages/airflow/example_dags/example_bash_decorator.py for tasks to queue
[2026-09-18T00:57:14.586+0200] {logging_mixin.py:190} INFO - [2026-09-18T00:57:14.586+0200] {dagbag.py:588} INFO - Filling up the DagBag from /Users/swarnalidatta/Desktop/AutoQueryChatbot/.airflow-venv/lib/python3.12/site-packages/airflow/example_dags/example_bash_decorator.py
[2026-09-18T00:57:14.600+0200] {processor.py:925} INFO - DAG(s) 'example_bash_decorator' retrieved from /Users/swarnalidatta/Desktop/AutoQueryChatbot/.airflow-venv/lib/python3.12/site-packages/airflow/example_dags/example_bash_decorator.py
[2026-09-18T00:57:14.672+0200] {logging_mixin.py:190} INFO - [2026-09-18T00:57:14.672+0200] {dag.py:3239} INFO - Sync 1 DAGs
[2026-09-18T00:57:14.675+0200] {logging_mixin.py:190} INFO - [2026-09-18T00:57:14.675+0200] {dag.py:4180} INFO - Setting next_dagrun for example_bash_decorator to None, run_after=None
[2026-09-18T00:57:14.680+0200] {processor.py:208} INFO - Processing /Users/swarnalidatta/Desktop/AutoQueryChatbot/.airflow-venv/lib/python3.12/site-packages/airflow/example_dags/example_bash_decorator.py took 0.095 seconds
[2026-09-18T01:07:14.484+0200] {processor.py:186} INFO - Started process (PID=819) to work on /Users/swarnalidatta/Desktop/AutoQueryChatbot/.airflow-venv/lib/python3.12/site-packages/airflow/example_dags/example_bash_decorator.py
[2026-09-18T01:07:14.485+0200] {processor.py:914} INFO - Processing file /Users/swarnalidatta/Desktop/AutoQueryChatbot/.airflow-venv/lib/python3.12/site-packages/airflow/example_dags/example_bash_decorator.py for tasks to queue
[2026-09-18T01:07:14.485+0200] {logging_mixin.py:190} INFO - [2026-09-18T01:07:14.485+0200] {dagbag.py:588} INFO - Filling up the DagBag from /Users/swarnalidatta/Desktop/AutoQueryChatbot/.airflow-venv/lib/python3.12/site-packages/airflow/example_dags/example_bash_decorator.py
[2026-09-18T01:07:14.499+0200] {processor.py:925} INFO - DAG(s) 'example_bash_decorator' retrieved from /Users/swarnalidatta/Desktop/AutoQueryChatbot/.airflow-venv/lib/python3.12/site-packages/airflow/example_dags/example_bash_decorator.py
[2026-09-18T01:07:14.571+0200] {logging_mixin.py:190} INFO - [2026-09-18T01:07:14.571+0200] {dag.py:3239} INFO - Sync 1 DAGs
[2026-09-18T01:07:14.574+0200] {logging_mixin.py:190} INFO - [2026-09-18T01:07:14.574+0200] {dag.py:4180} INFO - Setting next_dagrun for example_bash_decorator to None, run_after=None
[2026-09-18T01:07:14.579+0200] {processor.py:208} INFO - Processing /Users/swarnalidatta/Desktop/AutoQueryChatbot/.airflow-venv/lib/python3.12/site-packages/airflow/example_dags/example_bash_decorator.py took 0.096 seconds
