[2026-09-05T14:33:57.028+0200] {local_task_job_runner.py:123} INFO - ::group::Pre task execution logs
[2026-09-05T14:33:57.031+0200] {taskinstance.py:2614} INFO - Dependencies all met for dep_context=non-requeueable deps ti=<TaskInstance: mini_riskagent_file_ingestion.wait_for_csv scheduled__2026-09-05T12:32:00+00:00 [queued]>
[2026-09-05T14:33:57.032+0200] {taskinstance.py:2614} INFO - Dependencies all met for dep_context=requeueable deps ti=<TaskInstance: mini_riskagent_file_ingestion.wait_for_csv scheduled__2026-09-05T12:32:00+00:00 [queued]>
[2026-09-05T14:33:57.032+0200] {taskinstance.py:2867} INFO - Starting attempt 1 of 2
[2026-09-05T14:33:57.035+0200] {taskinstance.py:2890} INFO - Executing <Task(PythonSensor): wait_for_csv> on 2026-09-05 12:32:00+00:00
[2026-09-05T14:33:57.039+0200] {standard_task_runner.py:104} INFO - Running: ['airflow', 'tasks', 'run', 'mini_riskagent_file_ingestion', 'wait_for_csv', 'scheduled__2026-09-05T12:32:00+00:00', '--job-id', '5', '--raw', '--subdir', 'DAGS_FOLDER/data_ingest_pipeline.py', '--cfg-path', '/var/folders/5p/201rr1sj03g8gksxm9x48mbh0000gn/T/tmp92nwbnq4']
[2026-09-05T14:33:57.040+0200] {standard_task_runner.py:105} INFO - Job 5: Subtask wait_for_csv
[2026-09-05T14:33:57.040+0200] {logging_mixin.py:190} WARNING - /Users/swarnalidatta/Desktop/AutoQueryChatbot/.airflow-venv/lib/python3.12/site-packages/airflow/task/task_runner/standard_task_runner.py:70 DeprecationWarning: This process (pid=6049) is multi-threaded, use of fork() may lead to deadlocks in the child.
[2026-09-05T14:33:57.041+0200] {standard_task_runner.py:72} INFO - Started process 6051 to run task
[2026-09-05T14:33:57.092+0200] {task_command.py:467} INFO - Running <TaskInstance: mini_riskagent_file_ingestion.wait_for_csv scheduled__2026-09-05T12:32:00+00:00 [running]> on host mac.home
[2026-09-05T14:33:57.106+0200] {taskinstance.py:3134} INFO - Exporting env vars: AIRFLOW_CTX_DAG_OWNER='autoquery' AIRFLOW_CTX_DAG_ID='mini_riskagent_file_ingestion' AIRFLOW_CTX_TASK_ID='wait_for_csv' AIRFLOW_CTX_EXECUTION_DATE='2026-09-05T12:32:00+00:00' AIRFLOW_CTX_TRY_NUMBER='1' AIRFLOW_CTX_DAG_RUN_ID='scheduled__2026-09-05T12:32:00+00:00'
[2026-09-05T14:33:57.107+0200] {logging_mixin.py:190} INFO - Task instance is in running state
[2026-09-05T14:33:57.107+0200] {logging_mixin.py:190} INFO -  Previous state of the Task instance: queued
[2026-09-05T14:33:57.107+0200] {logging_mixin.py:190} INFO - Current task name:wait_for_csv state:running start_date:2026-09-05 12:33:57.031158+00:00
[2026-09-05T14:33:57.107+0200] {logging_mixin.py:190} INFO - Dag name:mini_riskagent_file_ingestion and current dag run status:running
[2026-09-05T14:33:57.107+0200] {taskinstance.py:732} INFO - ::endgroup::
[2026-09-05T14:33:57.109+0200] {python.py:75} INFO - Poking callable: <function check_for_csv_files at 0x10a1dcc20>
[2026-09-05T14:33:57.112+0200] {taskinstance.py:310} INFO - Rescheduling task, marking task as UP_FOR_RESCHEDULE
[2026-09-05T14:33:57.112+0200] {taskinstance.py:341} INFO - ::group::Post task execution logs
[2026-09-05T14:33:57.137+0200] {local_task_job_runner.py:266} INFO - Task exited with return code 0
[2026-09-05T14:33:57.177+0200] {taskinstance.py:3901} INFO - 0 downstream tasks scheduled from follow-on schedule check
[2026-09-05T14:33:57.177+0200] {local_task_job_runner.py:245} INFO - ::endgroup::
[2026-09-05T14:34:28.876+0200] {local_task_job_runner.py:123} INFO - ::group::Pre task execution logs
[2026-09-05T14:34:28.879+0200] {taskinstance.py:2614} INFO - Dependencies all met for dep_context=non-requeueable deps ti=<TaskInstance: mini_riskagent_file_ingestion.wait_for_csv scheduled__2026-09-05T12:32:00+00:00 [queued]>
[2026-09-05T14:34:28.880+0200] {taskinstance.py:2614} INFO - Dependencies all met for dep_context=requeueable deps ti=<TaskInstance: mini_riskagent_file_ingestion.wait_for_csv scheduled__2026-09-05T12:32:00+00:00 [queued]>
[2026-09-05T14:34:28.880+0200] {taskinstance.py:2867} INFO - Starting attempt 1 of 2
[2026-09-05T14:34:28.883+0200] {taskinstance.py:2890} INFO - Executing <Task(PythonSensor): wait_for_csv> on 2026-09-05 12:32:00+00:00
[2026-09-05T14:34:28.888+0200] {standard_task_runner.py:104} INFO - Running: ['airflow', 'tasks', 'run', 'mini_riskagent_file_ingestion', 'wait_for_csv', 'scheduled__2026-09-05T12:32:00+00:00', '--job-id', '7', '--raw', '--subdir', 'DAGS_FOLDER/data_ingest_pipeline.py', '--cfg-path', '/var/folders/5p/201rr1sj03g8gksxm9x48mbh0000gn/T/tmp50t9o51u']
[2026-09-05T14:34:28.889+0200] {standard_task_runner.py:105} INFO - Job 7: Subtask wait_for_csv
[2026-09-05T14:34:28.889+0200] {logging_mixin.py:190} WARNING - /Users/swarnalidatta/Desktop/AutoQueryChatbot/.airflow-venv/lib/python3.12/site-packages/airflow/task/task_runner/standard_task_runner.py:70 DeprecationWarning: This process (pid=6131) is multi-threaded, use of fork() may lead to deadlocks in the child.
[2026-09-05T14:34:28.890+0200] {standard_task_runner.py:72} INFO - Started process 6133 to run task
[2026-09-05T14:34:28.939+0200] {task_command.py:467} INFO - Running <TaskInstance: mini_riskagent_file_ingestion.wait_for_csv scheduled__2026-09-05T12:32:00+00:00 [running]> on host mac.home
[2026-09-05T14:34:28.953+0200] {taskinstance.py:3134} INFO - Exporting env vars: AIRFLOW_CTX_DAG_OWNER='autoquery' AIRFLOW_CTX_DAG_ID='mini_riskagent_file_ingestion' AIRFLOW_CTX_TASK_ID='wait_for_csv' AIRFLOW_CTX_EXECUTION_DATE='2026-09-05T12:32:00+00:00' AIRFLOW_CTX_TRY_NUMBER='1' AIRFLOW_CTX_DAG_RUN_ID='scheduled__2026-09-05T12:32:00+00:00'
[2026-09-05T14:34:28.953+0200] {logging_mixin.py:190} INFO - Task instance is in running state
[2026-09-05T14:34:28.953+0200] {logging_mixin.py:190} INFO -  Previous state of the Task instance: queued
[2026-09-05T14:34:28.953+0200] {logging_mixin.py:190} INFO - Current task name:wait_for_csv state:running start_date:2026-09-05 12:34:28.879328+00:00
[2026-09-05T14:34:28.954+0200] {logging_mixin.py:190} INFO - Dag name:mini_riskagent_file_ingestion and current dag run status:running
[2026-09-05T14:34:28.954+0200] {taskinstance.py:732} INFO - ::endgroup::
[2026-09-05T14:34:28.955+0200] {python.py:75} INFO - Poking callable: <function check_for_csv_files at 0x10aac8c20>
[2026-09-05T14:34:28.958+0200] {taskinstance.py:310} INFO - Rescheduling task, marking task as UP_FOR_RESCHEDULE
[2026-09-05T14:34:28.958+0200] {taskinstance.py:341} INFO - ::group::Post task execution logs
[2026-09-05T14:34:28.986+0200] {local_task_job_runner.py:266} INFO - Task exited with return code 0
[2026-09-05T14:34:29.022+0200] {taskinstance.py:3901} INFO - 0 downstream tasks scheduled from follow-on schedule check
[2026-09-05T14:34:29.023+0200] {local_task_job_runner.py:245} INFO - ::endgroup::
[2026-09-05T14:34:59.832+0200] {local_task_job_runner.py:123} INFO - ::group::Pre task execution logs
[2026-09-05T14:34:59.835+0200] {taskinstance.py:2614} INFO - Dependencies all met for dep_context=non-requeueable deps ti=<TaskInstance: mini_riskagent_file_ingestion.wait_for_csv scheduled__2026-09-05T12:32:00+00:00 [queued]>
[2026-09-05T14:34:59.836+0200] {taskinstance.py:2614} INFO - Dependencies all met for dep_context=requeueable deps ti=<TaskInstance: mini_riskagent_file_ingestion.wait_for_csv scheduled__2026-09-05T12:32:00+00:00 [queued]>
[2026-09-05T14:34:59.836+0200] {taskinstance.py:2867} INFO - Starting attempt 1 of 2
[2026-09-05T14:34:59.839+0200] {taskinstance.py:2890} INFO - Executing <Task(PythonSensor): wait_for_csv> on 2026-09-05 12:32:00+00:00
[2026-09-05T14:34:59.844+0200] {standard_task_runner.py:104} INFO - Running: ['airflow', 'tasks', 'run', 'mini_riskagent_file_ingestion', 'wait_for_csv', 'scheduled__2026-09-05T12:32:00+00:00', '--job-id', '9', '--raw', '--subdir', 'DAGS_FOLDER/data_ingest_pipeline.py', '--cfg-path', '/var/folders/5p/201rr1sj03g8gksxm9x48mbh0000gn/T/tmpxoxb9qwm']
[2026-09-05T14:34:59.844+0200] {standard_task_runner.py:105} INFO - Job 9: Subtask wait_for_csv
[2026-09-05T14:34:59.845+0200] {logging_mixin.py:190} WARNING - /Users/swarnalidatta/Desktop/AutoQueryChatbot/.airflow-venv/lib/python3.12/site-packages/airflow/task/task_runner/standard_task_runner.py:70 DeprecationWarning: This process (pid=6207) is multi-threaded, use of fork() may lead to deadlocks in the child.
[2026-09-05T14:34:59.845+0200] {standard_task_runner.py:72} INFO - Started process 6209 to run task
[2026-09-05T14:34:59.899+0200] {task_command.py:467} INFO - Running <TaskInstance: mini_riskagent_file_ingestion.wait_for_csv scheduled__2026-09-05T12:32:00+00:00 [running]> on host mac.home
[2026-09-05T14:34:59.913+0200] {taskinstance.py:3134} INFO - Exporting env vars: AIRFLOW_CTX_DAG_OWNER='autoquery' AIRFLOW_CTX_DAG_ID='mini_riskagent_file_ingestion' AIRFLOW_CTX_TASK_ID='wait_for_csv' AIRFLOW_CTX_EXECUTION_DATE='2026-09-05T12:32:00+00:00' AIRFLOW_CTX_TRY_NUMBER='1' AIRFLOW_CTX_DAG_RUN_ID='scheduled__2026-09-05T12:32:00+00:00'
[2026-09-05T14:34:59.914+0200] {logging_mixin.py:190} INFO - Task instance is in running state
[2026-09-05T14:34:59.914+0200] {logging_mixin.py:190} INFO -  Previous state of the Task instance: queued
[2026-09-05T14:34:59.914+0200] {logging_mixin.py:190} INFO - Current task name:wait_for_csv state:running start_date:2026-09-05 12:34:59.835406+00:00
[2026-09-05T14:34:59.914+0200] {logging_mixin.py:190} INFO - Dag name:mini_riskagent_file_ingestion and current dag run status:running
[2026-09-05T14:34:59.914+0200] {taskinstance.py:732} INFO - ::endgroup::
[2026-09-05T14:34:59.916+0200] {python.py:75} INFO - Poking callable: <function check_for_csv_files at 0x108490c20>
[2026-09-05T14:34:59.919+0200] {taskinstance.py:310} INFO - Rescheduling task, marking task as UP_FOR_RESCHEDULE
[2026-09-05T14:34:59.919+0200] {taskinstance.py:341} INFO - ::group::Post task execution logs
[2026-09-05T14:34:59.942+0200] {local_task_job_runner.py:266} INFO - Task exited with return code 0
[2026-09-05T14:34:59.978+0200] {taskinstance.py:3901} INFO - 0 downstream tasks scheduled from follow-on schedule check
[2026-09-05T14:34:59.979+0200] {local_task_job_runner.py:245} INFO - ::endgroup::
[2026-09-05T14:35:31.533+0200] {local_task_job_runner.py:123} INFO - ::group::Pre task execution logs
[2026-09-05T14:35:31.536+0200] {taskinstance.py:2614} INFO - Dependencies all met for dep_context=non-requeueable deps ti=<TaskInstance: mini_riskagent_file_ingestion.wait_for_csv scheduled__2026-09-05T12:32:00+00:00 [queued]>
[2026-09-05T14:35:31.538+0200] {taskinstance.py:2614} INFO - Dependencies all met for dep_context=requeueable deps ti=<TaskInstance: mini_riskagent_file_ingestion.wait_for_csv scheduled__2026-09-05T12:32:00+00:00 [queued]>
[2026-09-05T14:35:31.538+0200] {taskinstance.py:2867} INFO - Starting attempt 1 of 2
[2026-09-05T14:35:31.541+0200] {taskinstance.py:2890} INFO - Executing <Task(PythonSensor): wait_for_csv> on 2026-09-05 12:32:00+00:00
[2026-09-05T14:35:31.545+0200] {standard_task_runner.py:104} INFO - Running: ['airflow', 'tasks', 'run', 'mini_riskagent_file_ingestion', 'wait_for_csv', 'scheduled__2026-09-05T12:32:00+00:00', '--job-id', '12', '--raw', '--subdir', 'DAGS_FOLDER/data_ingest_pipeline.py', '--cfg-path', '/var/folders/5p/201rr1sj03g8gksxm9x48mbh0000gn/T/tmpev9jeg0w']
[2026-09-05T14:35:31.545+0200] {standard_task_runner.py:105} INFO - Job 12: Subtask wait_for_csv
[2026-09-05T14:35:31.546+0200] {logging_mixin.py:190} WARNING - /Users/swarnalidatta/Desktop/AutoQueryChatbot/.airflow-venv/lib/python3.12/site-packages/airflow/task/task_runner/standard_task_runner.py:70 DeprecationWarning: This process (pid=6283) is multi-threaded, use of fork() may lead to deadlocks in the child.
[2026-09-05T14:35:31.546+0200] {standard_task_runner.py:72} INFO - Started process 6285 to run task
[2026-09-05T14:35:31.600+0200] {task_command.py:467} INFO - Running <TaskInstance: mini_riskagent_file_ingestion.wait_for_csv scheduled__2026-09-05T12:32:00+00:00 [running]> on host mac.home
[2026-09-05T14:35:31.614+0200] {taskinstance.py:3134} INFO - Exporting env vars: AIRFLOW_CTX_DAG_OWNER='autoquery' AIRFLOW_CTX_DAG_ID='mini_riskagent_file_ingestion' AIRFLOW_CTX_TASK_ID='wait_for_csv' AIRFLOW_CTX_EXECUTION_DATE='2026-09-05T12:32:00+00:00' AIRFLOW_CTX_TRY_NUMBER='1' AIRFLOW_CTX_DAG_RUN_ID='scheduled__2026-09-05T12:32:00+00:00'
[2026-09-05T14:35:31.614+0200] {logging_mixin.py:190} INFO - Task instance is in running state
[2026-09-05T14:35:31.614+0200] {logging_mixin.py:190} INFO -  Previous state of the Task instance: queued
[2026-09-05T14:35:31.614+0200] {logging_mixin.py:190} INFO - Current task name:wait_for_csv state:running start_date:2026-09-05 12:35:31.536824+00:00
[2026-09-05T14:35:31.614+0200] {logging_mixin.py:190} INFO - Dag name:mini_riskagent_file_ingestion and current dag run status:running
[2026-09-05T14:35:31.615+0200] {taskinstance.py:732} INFO - ::endgroup::
[2026-09-05T14:35:31.616+0200] {python.py:75} INFO - Poking callable: <function check_for_csv_files at 0x10c8e4c20>
[2026-09-05T14:35:31.616+0200] {base.py:339} INFO - Success criteria met. Exiting.
[2026-09-05T14:35:31.618+0200] {taskinstance.py:341} INFO - ::group::Post task execution logs
[2026-09-05T14:35:31.618+0200] {taskinstance.py:353} INFO - Marking task as SUCCESS. dag_id=mini_riskagent_file_ingestion, task_id=wait_for_csv, run_id=scheduled__2026-09-05T12:32:00+00:00, execution_date=20260905T123200, start_date=20260905T123531, end_date=20260905T123531
[2026-09-05T14:35:31.621+0200] {logging_mixin.py:190} INFO - Task instance in success state
[2026-09-05T14:35:31.621+0200] {logging_mixin.py:190} INFO -  Previous state of the Task instance: running
[2026-09-05T14:35:31.622+0200] {logging_mixin.py:190} INFO - Dag name:mini_riskagent_file_ingestion queued_at:2026-09-05 12:33:56.199132+00:00
[2026-09-05T14:35:31.622+0200] {logging_mixin.py:190} INFO - Task hostname:mac.home operator:PythonSensor
[2026-09-05T14:35:31.643+0200] {local_task_job_runner.py:266} INFO - Task exited with return code 0
[2026-09-05T14:35:31.679+0200] {taskinstance.py:3901} INFO - 1 downstream tasks scheduled from follow-on schedule check
[2026-09-05T14:35:31.679+0200] {local_task_job_runner.py:245} INFO - ::endgroup::
